[0.052s][info][gc] Using Parallel
[0.614s][info][safepoint] Entering safepoint region: ICBufferFull
[0.615s][info][safepoint] Leaving safepoint region
[0.615s][info][safepoint] Total time for which application threads were stopped: 0.0014386 seconds, Stopping threads took: 0.0005637 seconds
[0.629s][info][safepoint] Application time: 0.0129516 seconds
[0.629s][info][safepoint] Entering safepoint region: Deoptimize
[0.630s][info][safepoint] Leaving safepoint region
[0.630s][info][safepoint] Total time for which application threads were stopped: 0.0009682 seconds, Stopping threads took: 0.0005141 seconds
[0.688s][info][safepoint] Application time: 0.0574955 seconds
[0.689s][info][safepoint] Entering safepoint region: EnableBiasedLocking
[0.689s][info][safepoint] Leaving safepoint region
[0.690s][info][safepoint] Total time for which application threads were stopped: 0.0008278 seconds, Stopping threads took: 0.0003792 seconds
[0.956s][info][safepoint] Application time: 0.2657926 seconds
[0.957s][info][safepoint] Entering safepoint region: ParallelGCFailedAllocation
[1.615s][info][gc       ] GC(0) Pause Young (Allocation Failure) 1280M->1002M(4907M) 656.937ms
[1.615s][info][safepoint] Leaving safepoint region
[1.616s][info][safepoint] Total time for which application threads were stopped: 0.6581705 seconds, Stopping threads took: 0.0004346 seconds
[2.279s][info][safepoint] Application time: 0.6629539 seconds
[2.279s][info][safepoint] Entering safepoint region: ParallelGCFailedAllocation
[3.069s][info][gc       ] GC(1) Pause Young (Allocation Failure) 2283M->1741M(4907M) 789.353ms
[3.069s][info][safepoint] Leaving safepoint region
[3.070s][info][safepoint] Total time for which application threads were stopped: 0.7904617 seconds, Stopping threads took: 0.0003015 seconds
[3.670s][info][safepoint] Application time: 0.5995551 seconds
[3.670s][info][safepoint] Entering safepoint region: ParallelGCFailedAllocation
[3.776s][info][gc       ] GC(2) Pause Young (Allocation Failure) 3022M->1741M(4907M) 105.079ms
[3.776s][info][safepoint] Leaving safepoint region
[3.777s][info][safepoint] Total time for which application threads were stopped: 0.1064183 seconds, Stopping threads took: 0.0004184 seconds
[4.400s][info][safepoint] Application time: 0.6227698 seconds
[4.400s][info][safepoint] Entering safepoint region: ParallelGCFailedAllocation
[4.504s][info][gc       ] GC(3) Pause Young (Allocation Failure) 3022M->1742M(4907M) 103.011ms
[4.504s][info][safepoint] Leaving safepoint region
[4.505s][info][safepoint] Total time for which application threads were stopped: 0.1046812 seconds, Stopping threads took: 0.0002646 seconds
[5.105s][info][safepoint] Application time: 0.5994463 seconds
[5.106s][info][safepoint] Entering safepoint region: ParallelGCFailedAllocation
[5.209s][info][gc       ] GC(4) Pause Young (Allocation Failure) 3022M->1742M(4907M) 102.929ms
[5.209s][info][safepoint] Leaving safepoint region
[5.210s][info][safepoint] Total time for which application threads were stopped: 0.1039884 seconds, Stopping threads took: 0.0002862 seconds
[5.836s][info][safepoint] Application time: 0.6262924 seconds
[5.837s][info][safepoint] Entering safepoint region: ParallelGCFailedAllocation
[5.943s][info][gc       ] GC(5) Pause Young (Allocation Failure) 3022M->1742M(4196M) 105.831ms
[5.944s][info][safepoint] Leaving safepoint region
[5.944s][info][safepoint] Total time for which application threads were stopped: 0.1073834 seconds, Stopping threads took: 0.0003257 seconds
[6.250s][info][safepoint] Application time: 0.3051615 seconds
[6.250s][info][safepoint] Entering safepoint region: ParallelGCFailedAllocation
[6.473s][info][gc       ] GC(6) Pause Young (Allocation Failure) 2311M->1742M(4551M) 223.049ms
[6.474s][info][safepoint] Leaving safepoint region
[6.474s][info][safepoint] Total time for which application threads were stopped: 0.2239451 seconds, Stopping threads took: 0.0002226 seconds
[6.734s][info][safepoint] Application time: 0.2595887 seconds
[6.734s][info][safepoint] Entering safepoint region: ParallelGCFailedAllocation
[6.738s][info][gc       ] GC(7) Pause Young (Allocation Failure) 2312M->1742M(4551M) 3.682ms
[6.739s][info][safepoint] Leaving safepoint region
[6.739s][info][safepoint] Total time for which application threads were stopped: 0.0048426 seconds, Stopping threads took: 0.0003259 seconds
[6.997s][info][safepoint] Application time: 0.2576639 seconds
[6.998s][info][safepoint] Entering safepoint region: ParallelGCFailedAllocation
[7.002s][info][gc       ] GC(8) Pause Young (Allocation Failure) 2312M->1742M(4551M) 3.422ms
[7.002s][info][safepoint] Leaving safepoint region
[7.002s][info][safepoint] Total time for which application threads were stopped: 0.0046324 seconds, Stopping threads took: 0.0004027 seconds
[7.280s][info][safepoint] Application time: 0.2769515 seconds
[7.280s][info][safepoint] Entering safepoint region: ParallelGCFailedAllocation
[7.284s][info][gc       ] GC(9) Pause Young (Allocation Failure) 2312M->1742M(4551M) 3.313ms
[7.284s][info][safepoint] Leaving safepoint region
[7.285s][info][safepoint] Total time for which application threads were stopped: 0.0046343 seconds, Stopping threads took: 0.0003347 seconds
[7.588s][info][safepoint] Application time: 0.3026950 seconds
[7.588s][info][safepoint] Entering safepoint region: ParallelGCFailedAllocation
[7.593s][info][gc       ] GC(10) Pause Young (Allocation Failure) 2312M->1742M(4551M) 3.711ms
[7.593s][info][safepoint] Leaving safepoint region
[7.593s][info][safepoint] Total time for which application threads were stopped: 0.0049743 seconds, Stopping threads took: 0.0005078 seconds
[7.869s][info][safepoint] Application time: 0.2756457 seconds
[7.870s][info][safepoint] Entering safepoint region: ParallelGCFailedAllocation
[7.873s][info][gc       ] GC(11) Pause Young (Allocation Failure) 2312M->1742M(4551M) 3.268ms
[7.873s][info][safepoint] Leaving safepoint region
[7.874s][info][safepoint] Total time for which application threads were stopped: 0.0042693 seconds, Stopping threads took: 0.0002166 seconds
[8.143s][info][safepoint] Application time: 0.2688842 seconds
[8.143s][info][safepoint] Entering safepoint region: ParallelGCFailedAllocation
[8.147s][info][gc       ] GC(12) Pause Young (Allocation Failure) 2312M->1742M(4551M) 3.183ms
[8.147s][info][safepoint] Leaving safepoint region
[8.148s][info][safepoint] Total time for which application threads were stopped: 0.0041204 seconds, Stopping threads took: 0.0002782 seconds
[8.409s][info][safepoint] Application time: 0.2609730 seconds
[8.410s][info][safepoint] Entering safepoint region: ParallelGCFailedAllocation
[8.413s][info][gc       ] GC(13) Pause Young (Allocation Failure) 2312M->1742M(4551M) 3.516ms
[8.414s][info][safepoint] Leaving safepoint region
[8.414s][info][safepoint] Total time for which application threads were stopped: 0.0049197 seconds, Stopping threads took: 0.0003442 seconds
[8.674s][info][safepoint] Application time: 0.2594672 seconds
[8.675s][info][safepoint] Entering safepoint region: ParallelGCFailedAllocation
[8.679s][info][gc       ] GC(14) Pause Young (Allocation Failure) 2312M->1742M(4551M) 3.146ms
[8.679s][info][safepoint] Leaving safepoint region
[8.679s][info][safepoint] Total time for which application threads were stopped: 0.0043825 seconds, Stopping threads took: 0.0004652 seconds
[8.944s][info][safepoint] Application time: 0.2639780 seconds
[8.944s][info][safepoint] Entering safepoint region: ParallelGCFailedAllocation
[8.948s][info][gc       ] GC(15) Pause Young (Allocation Failure) 2312M->1742M(4551M) 3.657ms
[8.949s][info][safepoint] Leaving safepoint region
[8.949s][info][safepoint] Total time for which application threads were stopped: 0.0050785 seconds, Stopping threads took: 0.0004211 seconds
[9.209s][info][safepoint] Application time: 0.2589195 seconds
[9.210s][info][safepoint] Entering safepoint region: ParallelGCFailedAllocation
[9.214s][info][gc       ] GC(16) Pause Young (Allocation Failure) 2312M->1742M(4551M) 3.463ms
[9.214s][info][safepoint] Leaving safepoint region
[9.215s][info][safepoint] Total time for which application threads were stopped: 0.0047091 seconds, Stopping threads took: 0.0003152 seconds
[9.466s][info][safepoint] Application time: 0.2507952 seconds
[9.466s][info][safepoint] Entering safepoint region: ParallelGCFailedAllocation
[9.471s][info][gc       ] GC(17) Pause Young (Allocation Failure) 2312M->1742M(4551M) 4.122ms
[9.472s][info][safepoint] Leaving safepoint region
[9.472s][info][safepoint] Total time for which application threads were stopped: 0.0055952 seconds, Stopping threads took: 0.0005952 seconds
[9.742s][info][safepoint] Application time: 0.2698945 seconds
[9.743s][info][safepoint] Entering safepoint region: ParallelGCFailedAllocation
[9.748s][info][gc       ] GC(18) Pause Young (Allocation Failure) 2312M->1742M(4551M) 4.058ms
[9.748s][info][safepoint] Leaving safepoint region
[9.748s][info][safepoint] Total time for which application threads were stopped: 0.0051060 seconds, Stopping threads took: 0.0004346 seconds
[10.008s][info][safepoint] Application time: 0.2592670 seconds
[10.008s][info][safepoint] Entering safepoint region: ParallelGCFailedAllocation
[10.013s][info][gc       ] GC(19) Pause Young (Allocation Failure) 2312M->1742M(4551M) 3.977ms
[10.013s][info][safepoint] Leaving safepoint region
[10.014s][info][safepoint] Total time for which application threads were stopped: 0.0053058 seconds, Stopping threads took: 0.0003411 seconds
[10.336s][info][safepoint] Application time: 0.3217182 seconds
[10.336s][info][safepoint] Entering safepoint region: ParallelGCFailedAllocation
[10.343s][info][gc       ] GC(20) Pause Young (Allocation Failure) 2312M->1742M(4551M) 6.141ms
[10.343s][info][safepoint] Leaving safepoint region
[10.344s][info][safepoint] Total time for which application threads were stopped: 0.0075645 seconds, Stopping threads took: 0.0004725 seconds
[10.591s][info][safepoint] Application time: 0.2470340 seconds
[10.592s][info][safepoint] Entering safepoint region: ParallelGCFailedAllocation
[10.596s][info][gc       ] GC(21) Pause Young (Allocation Failure) 2312M->1742M(4551M) 3.820ms
[10.597s][info][safepoint] Leaving safepoint region
[10.598s][info][safepoint] Total time for which application threads were stopped: 0.0059773 seconds, Stopping threads took: 0.0003445 seconds
[10.871s][info][safepoint] Application time: 0.2726114 seconds
[10.872s][info][safepoint] Entering safepoint region: ParallelGCFailedAllocation
[10.877s][info][gc       ] GC(22) Pause Young (Allocation Failure) 2312M->1742M(4551M) 4.180ms
[10.878s][info][safepoint] Leaving safepoint region
[10.878s][info][safepoint] Total time for which application threads were stopped: 0.0059953 seconds, Stopping threads took: 0.0005399 seconds
[11.156s][info][safepoint] Application time: 0.2776221 seconds
[11.157s][info][safepoint] Entering safepoint region: ParallelGCFailedAllocation
[11.161s][info][gc       ] GC(23) Pause Young (Allocation Failure) 2312M->1742M(4585M) 3.821ms
[11.161s][info][safepoint] Leaving safepoint region
[11.162s][info][safepoint] Total time for which application threads were stopped: 0.0053591 seconds, Stopping threads took: 0.0003584 seconds
[11.451s][info][safepoint] Application time: 0.2890074 seconds
[11.452s][info][safepoint] Entering safepoint region: ParallelGCFailedAllocation
[11.456s][info][gc       ] GC(24) Pause Young (Allocation Failure) 2345M->1742M(4551M) 3.248ms
[11.456s][info][safepoint] Leaving safepoint region
[11.457s][info][safepoint] Total time for which application threads were stopped: 0.0047702 seconds, Stopping threads took: 0.0005050 seconds
[11.733s][info][safepoint] Application time: 0.2757715 seconds
[11.733s][info][safepoint] Entering safepoint region: ParallelGCFailedAllocation
[11.738s][info][gc       ] GC(25) Pause Young (Allocation Failure) 2345M->1742M(4655M) 3.844ms
[11.738s][info][safepoint] Leaving safepoint region
[11.739s][info][safepoint] Total time for which application threads were stopped: 0.0055527 seconds, Stopping threads took: 0.0004077 seconds
[12.098s][info][safepoint] Application time: 0.3588775 seconds
[12.099s][info][safepoint] Entering safepoint region: ParallelGCFailedAllocation
[12.103s][info][gc       ] GC(26) Pause Young (Allocation Failure) 2485M->1742M(4621M) 3.848ms
[12.104s][info][safepoint] Leaving safepoint region
[12.104s][info][safepoint] Total time for which application threads were stopped: 0.0049574 seconds, Stopping threads took: 0.0003531 seconds
[12.448s][info][safepoint] Application time: 0.3434976 seconds
[12.448s][info][safepoint] Entering safepoint region: ParallelGCFailedAllocation
[12.454s][info][gc       ] GC(27) Pause Young (Allocation Failure) 2485M->1742M(4717M) 5.519ms
[12.455s][info][safepoint] Leaving safepoint region
[12.455s][info][safepoint] Total time for which application threads were stopped: 0.0069098 seconds, Stopping threads took: 0.0003981 seconds
[12.851s][info][safepoint] Application time: 0.3955455 seconds
[12.852s][info][safepoint] Entering safepoint region: ParallelGCFailedAllocation
[12.856s][info][gc       ] GC(28) Pause Young (Allocation Failure) 2613M->1742M(4687M) 3.898ms
[12.857s][info][safepoint] Leaving safepoint region
[12.857s][info][safepoint] Total time for which application threads were stopped: 0.0052877 seconds, Stopping threads took: 0.0004692 seconds
[13.283s][info][safepoint] Application time: 0.4258694 seconds
[13.284s][info][safepoint] Entering safepoint region: ParallelGCFailedAllocation
[13.289s][info][gc       ] GC(29) Pause Young (Allocation Failure) 2613M->1742M(4773M) 5.056ms
[13.290s][info][safepoint] Leaving safepoint region
[13.290s][info][safepoint] Total time for which application threads were stopped: 0.0067490 seconds, Stopping threads took: 0.0004763 seconds
[13.773s][info][safepoint] Application time: 0.4824016 seconds
[13.774s][info][safepoint] Entering safepoint region: ParallelGCFailedAllocation
[13.779s][info][gc       ] GC(30) Pause Young (Allocation Failure) 2728M->1742M(4746M) 4.414ms
[13.779s][info][safepoint] Leaving safepoint region
[13.780s][info][safepoint] Total time for which application threads were stopped: 0.0058102 seconds, Stopping threads took: 0.0003687 seconds
[14.244s][info][safepoint] Application time: 0.4637640 seconds
[14.244s][info][safepoint] Entering safepoint region: ParallelGCFailedAllocation
[14.248s][info][gc       ] GC(31) Pause Young (Allocation Failure) 2728M->1742M(4822M) 3.373ms
[14.249s][info][safepoint] Leaving safepoint region
[14.249s][info][safepoint] Total time for which application threads were stopped: 0.0046477 seconds, Stopping threads took: 0.0004202 seconds
[14.746s][info][safepoint] Application time: 0.4960567 seconds
[14.746s][info][safepoint] Entering safepoint region: ParallelGCFailedAllocation
[14.752s][info][gc       ] GC(32) Pause Young (Allocation Failure) 2829M->1742M(4798M) 5.379ms
[14.753s][info][safepoint] Leaving safepoint region
[14.753s][info][safepoint] Total time for which application threads were stopped: 0.0070637 seconds, Stopping threads took: 0.0003570 seconds
[15.268s][info][safepoint] Application time: 0.5141243 seconds
[15.268s][info][safepoint] Entering safepoint region: ParallelGCFailedAllocation
[15.272s][info][gc       ] GC(33) Pause Young (Allocation Failure) 2829M->1742M(4865M) 3.710ms
[15.273s][info][safepoint] Leaving safepoint region
[15.273s][info][safepoint] Total time for which application threads were stopped: 0.0051582 seconds, Stopping threads took: 0.0003373 seconds
[15.866s][info][safepoint] Application time: 0.5920301 seconds
[15.866s][info][safepoint] Entering safepoint region: ParallelGCFailedAllocation
[15.870s][info][gc       ] GC(34) Pause Young (Allocation Failure) 2918M->1742M(4844M) 3.744ms
[15.871s][info][safepoint] Leaving safepoint region
[15.871s][info][safepoint] Total time for which application threads were stopped: 0.0048730 seconds, Stopping threads took: 0.0002944 seconds
[16.413s][info][safepoint] Application time: 0.5418396 seconds
[16.414s][info][safepoint] Entering safepoint region: ParallelGCFailedAllocation
[16.422s][info][gc       ] GC(35) Pause Young (Allocation Failure) 2918M->1742M(4902M) 7.747ms
[16.423s][info][safepoint] Leaving safepoint region
[16.424s][info][safepoint] Total time for which application threads were stopped: 0.0097984 seconds, Stopping threads took: 0.0004701 seconds
[16.997s][info][safepoint] Application time: 0.5723529 seconds
[16.997s][info][safepoint] Entering safepoint region: ParallelGCFailedAllocation
[17.002s][info][gc       ] GC(36) Pause Young (Allocation Failure) 2996M->1742M(4884M) 4.034ms
[17.002s][info][safepoint] Leaving safepoint region
[17.003s][info][safepoint] Total time for which application threads were stopped: 0.0055969 seconds, Stopping threads took: 0.0004601 seconds
[17.569s][info][safepoint] Application time: 0.5651863 seconds
[17.569s][info][safepoint] Entering safepoint region: ParallelGCFailedAllocation
[17.574s][info][gc       ] GC(37) Pause Young (Allocation Failure) 2996M->1742M(4934M) 4.137ms
[17.574s][info][safepoint] Leaving safepoint region
[17.575s][info][safepoint] Total time for which application threads were stopped: 0.0055844 seconds, Stopping threads took: 0.0004207 seconds
[18.169s][info][safepoint] Application time: 0.5941526 seconds
[18.170s][info][safepoint] Entering safepoint region: ParallelGCFailedAllocation
[18.174s][info][gc       ] GC(38) Pause Young (Allocation Failure) 3062M->1742M(4919M) 3.871ms
[18.175s][info][safepoint] Leaving safepoint region
[18.175s][info][safepoint] Total time for which application threads were stopped: 0.0053391 seconds, Stopping threads took: 0.0003622 seconds
[18.539s][info][safepoint] Application time: 0.3636440 seconds
[18.540s][info][safepoint] Entering safepoint region: ParallelGCFailedAllocation
[19.038s][info][gc       ] GC(39) Pause Young (Allocation Failure) 3062M->2592M(4362M) 497.537ms
[19.038s][info][safepoint] Leaving safepoint region
[19.039s][info][safepoint] Total time for which application threads were stopped: 0.4986452 seconds, Stopping threads took: 0.0003366 seconds
[19.166s][info][safepoint] Application time: 0.1273041 seconds
[19.167s][info][safepoint] Entering safepoint region: ParallelGCFailedAllocation
[19.560s][info][gc       ] GC(40) Pause Young (Allocation Failure) 3369M->3313M(4655M) 392.687ms
[21.260s][info][gc       ] GC(41) Pause Full (Ergonomics) 3313M->1566M(4447M) 1699.642ms
[21.261s][info][safepoint] Leaving safepoint region
[21.261s][info][safepoint] Total time for which application threads were stopped: 2.0946875 seconds, Stopping threads took: 0.0006412 seconds
[21.605s][info][safepoint] Application time: 0.3426858 seconds
[21.605s][info][safepoint] Entering safepoint region: ParallelGCFailedAllocation
[21.935s][info][gc       ] GC(42) Pause Young (Allocation Failure) 2136M->1802M(4551M) 329.511ms
[21.936s][info][safepoint] Leaving safepoint region
[21.936s][info][safepoint] Total time for which application threads were stopped: 0.3306336 seconds, Stopping threads took: 0.0003605 seconds
[22.215s][info][safepoint] Application time: 0.2787660 seconds
[22.216s][info][safepoint] Entering safepoint region: ParallelGCFailedAllocation
[22.587s][info][gc       ] GC(43) Pause Young (Allocation Failure) 2371M->1802M(4551M) 370.443ms
[22.587s][info][safepoint] Leaving safepoint region
[22.587s][info][safepoint] Total time for which application threads were stopped: 0.3717389 seconds, Stopping threads took: 0.0005944 seconds
[22.883s][info][safepoint] Application time: 0.2950783 seconds
[22.883s][info][safepoint] Entering safepoint region: ParallelGCFailedAllocation
[22.894s][info][gc       ] GC(44) Pause Young (Allocation Failure) 2372M->1802M(4551M) 10.581ms
[22.895s][info][safepoint] Leaving safepoint region
[22.896s][info][safepoint] Total time for which application threads were stopped: 0.0126275 seconds, Stopping threads took: 0.0003899 seconds
[23.184s][info][safepoint] Application time: 0.2870502 seconds
[23.184s][info][safepoint] Entering safepoint region: ParallelGCFailedAllocation
[23.196s][info][gc       ] GC(45) Pause Young (Allocation Failure) 2372M->1802M(4551M) 11.580ms
[23.197s][info][safepoint] Leaving safepoint region
[23.198s][info][safepoint] Total time for which application threads were stopped: 0.0135919 seconds, Stopping threads took: 0.0004385 seconds
[23.478s][info][safepoint] Application time: 0.2794582 seconds
[23.479s][info][safepoint] Entering safepoint region: ParallelGCFailedAllocation
[23.489s][info][gc       ] GC(46) Pause Young (Allocation Failure) 2372M->1802M(4551M) 10.032ms
[23.489s][info][safepoint] Leaving safepoint region
[23.490s][info][safepoint] Total time for which application threads were stopped: 0.0111954 seconds, Stopping threads took: 0.0003913 seconds
[23.780s][info][safepoint] Application time: 0.2895875 seconds
[23.780s][info][safepoint] Entering safepoint region: ParallelGCFailedAllocation
[23.791s][info][gc       ] GC(47) Pause Young (Allocation Failure) 2372M->1802M(4551M) 10.400ms
[23.792s][info][safepoint] Leaving safepoint region
[23.792s][info][safepoint] Total time for which application threads were stopped: 0.0119939 seconds, Stopping threads took: 0.0006623 seconds
[24.076s][info][safepoint] Application time: 0.2836723 seconds
[24.077s][info][safepoint] Entering safepoint region: ParallelGCFailedAllocation
[24.089s][info][gc       ] GC(48) Pause Young (Allocation Failure) 2372M->1802M(4551M) 11.008ms
[24.090s][info][safepoint] Leaving safepoint region
[24.090s][info][safepoint] Total time for which application threads were stopped: 0.0131167 seconds, Stopping threads took: 0.0012565 seconds
[24.370s][info][safepoint] Application time: 0.2785041 seconds
[24.370s][info][safepoint] Entering safepoint region: ParallelGCFailedAllocation
[24.381s][info][gc       ] GC(49) Pause Young (Allocation Failure) 2372M->1802M(4607M) 10.113ms
[24.381s][info][safepoint] Leaving safepoint region
[24.382s][info][safepoint] Total time for which application threads were stopped: 0.0114821 seconds, Stopping threads took: 0.0003687 seconds
[24.704s][info][safepoint] Application time: 0.3221037 seconds
[24.705s][info][safepoint] Entering safepoint region: ParallelGCFailedAllocation
[24.715s][info][gc       ] GC(50) Pause Young (Allocation Failure) 2455M->1802M(4579M) 9.754ms
[24.715s][info][safepoint] Leaving safepoint region
[24.716s][info][safepoint] Total time for which application threads were stopped: 0.0109260 seconds, Stopping threads took: 0.0002809 seconds
[25.014s][info][safepoint] Application time: 0.2983014 seconds
[25.015s][info][safepoint] Entering safepoint region: ParallelGCFailedAllocation
[25.026s][info][gc       ] GC(51) Pause Young (Allocation Failure) 2455M->1802M(4662M) 10.717ms
[25.027s][info][safepoint] Leaving safepoint region
[25.028s][info][safepoint] Total time for which application threads were stopped: 0.0128992 seconds, Stopping threads took: 0.0004828 seconds
[25.422s][info][safepoint] Application time: 0.3941555 seconds
[25.423s][info][safepoint] Entering safepoint region: ParallelGCFailedAllocation
[25.434s][info][gc       ] GC(52) Pause Young (Allocation Failure) 2565M->1802M(4634M) 10.711ms
[25.435s][info][safepoint] Leaving safepoint region
[25.435s][info][safepoint] Total time for which application threads were stopped: 0.0124916 seconds, Stopping threads took: 0.0006722 seconds
[25.800s][info][safepoint] Application time: 0.3646009 seconds
[25.801s][info][safepoint] Entering safepoint region: ParallelGCFailedAllocation
[25.813s][info][gc       ] GC(53) Pause Young (Allocation Failure) 2565M->1802M(4714M) 11.025ms
[25.814s][info][safepoint] Leaving safepoint region
[25.814s][info][safepoint] Total time for which application threads were stopped: 0.0128760 seconds, Stopping threads took: 0.0006143 seconds
[26.225s][info][safepoint] Application time: 0.4105571 seconds
[26.226s][info][safepoint] Entering safepoint region: ParallelGCFailedAllocation
[26.237s][info][gc       ] GC(54) Pause Young (Allocation Failure) 2672M->1802M(4688M) 10.456ms
[26.237s][info][safepoint] Leaving safepoint region
[26.238s][info][safepoint] Total time for which application threads were stopped: 0.0119899 seconds, Stopping threads took: 0.0003958 seconds
[26.641s][info][safepoint] Application time: 0.4023771 seconds
[26.641s][info][safepoint] Entering safepoint region: ParallelGCFailedAllocation
[26.651s][info][gc       ] GC(55) Pause Young (Allocation Failure) 2672M->1802M(4763M) 9.523ms
[26.652s][info][safepoint] Leaving safepoint region
[26.653s][info][safepoint] Total time for which application threads were stopped: 0.0119797 seconds, Stopping threads took: 0.0006177 seconds
[27.123s][info][safepoint] Application time: 0.4686335 seconds
[27.123s][info][safepoint] Entering safepoint region: ParallelGCFailedAllocation
[27.133s][info][gc       ] GC(56) Pause Young (Allocation Failure) 2772M->1802M(4739M) 9.534ms
[27.134s][info][safepoint] Leaving safepoint region
[27.134s][info][safepoint] Total time for which application threads were stopped: 0.0111372 seconds, Stopping threads took: 0.0003739 seconds
[27.580s][info][safepoint] Application time: 0.4451836 seconds
[27.581s][info][safepoint] Entering safepoint region: ParallelGCFailedAllocation
[27.592s][info][gc       ] GC(57) Pause Young (Allocation Failure) 2772M->1802M(4809M) 10.861ms
[27.593s][info][safepoint] Leaving safepoint region
[27.593s][info][safepoint] Total time for which application threads were stopped: 0.0124952 seconds, Stopping threads took: 0.0005310 seconds
[28.106s][info][safepoint] Application time: 0.5116865 seconds
[28.106s][info][safepoint] Entering safepoint region: ParallelGCFailedAllocation
[28.118s][info][gc       ] GC(58) Pause Young (Allocation Failure) 2865M->1802M(4787M) 11.367ms
[28.119s][info][safepoint] Leaving safepoint region
[28.120s][info][safepoint] Total time for which application threads were stopped: 0.0134739 seconds, Stopping threads took: 0.0004906 seconds
[28.622s][info][safepoint] Application time: 0.5012626 seconds
[28.622s][info][safepoint] Entering safepoint region: ParallelGCFailedAllocation
[28.634s][info][gc       ] GC(59) Pause Young (Allocation Failure) 2865M->1802M(4849M) 10.675ms
[28.635s][info][safepoint] Leaving safepoint region
[28.635s][info][safepoint] Total time for which application threads were stopped: 0.0127630 seconds, Stopping threads took: 0.0006125 seconds
[29.208s][info][safepoint] Application time: 0.5723503 seconds
[29.209s][info][safepoint] Entering safepoint region: ParallelGCFailedAllocation
[29.219s][info][gc       ] GC(60) Pause Young (Allocation Failure) 2948M->1802M(4829M) 10.228ms
[29.220s][info][safepoint] Leaving safepoint region
[29.220s][info][safepoint] Total time for which application threads were stopped: 0.0113433 seconds, Stopping threads took: 0.0003371 seconds
[29.751s][info][safepoint] Application time: 0.5307698 seconds
[29.752s][info][safepoint] Entering safepoint region: ParallelGCFailedAllocation
[29.762s][info][gc       ] GC(61) Pause Young (Allocation Failure) 2948M->1802M(4886M) 9.616ms
[29.762s][info][safepoint] Leaving safepoint region
[29.763s][info][safepoint] Total time for which application threads were stopped: 0.0111898 seconds, Stopping threads took: 0.0004819 seconds
[30.319s][info][safepoint] Application time: 0.5559325 seconds
[30.320s][info][safepoint] Entering safepoint region: ParallelGCFailedAllocation
[30.330s][info][gc       ] GC(62) Pause Young (Allocation Failure) 3023M->1802M(4868M) 9.420ms
[30.330s][info][safepoint] Leaving safepoint region
[30.331s][info][safepoint] Total time for which application threads were stopped: 0.0111859 seconds, Stopping threads took: 0.0004157 seconds
[30.909s][info][safepoint] Application time: 0.5780101 seconds
[30.910s][info][safepoint] Entering safepoint region: ParallelGCFailedAllocation
[30.922s][info][gc       ] GC(63) Pause Young (Allocation Failure) 3023M->1802M(4918M) 11.199ms
[30.922s][info][safepoint] Leaving safepoint region
[30.922s][info][safepoint] Total time for which application threads were stopped: 0.0125850 seconds, Stopping threads took: 0.0004371 seconds
[31.513s][info][safepoint] Application time: 0.5902579 seconds
[31.514s][info][safepoint] Entering safepoint region: ParallelGCFailedAllocation
[31.523s][info][gc       ] GC(64) Pause Young (Allocation Failure) 3090M->1802M(4903M) 9.469ms
[31.524s][info][safepoint] Leaving safepoint region
[31.524s][info][safepoint] Total time for which application threads were stopped: 0.0107513 seconds, Stopping threads took: 0.0003391 seconds
[32.117s][info][safepoint] Application time: 0.5925624 seconds
[32.118s][info][safepoint] Entering safepoint region: ParallelGCFailedAllocation
[32.129s][info][gc       ] GC(65) Pause Young (Allocation Failure) 3090M->1802M(4947M) 10.240ms
[32.129s][info][safepoint] Leaving safepoint region
[32.130s][info][safepoint] Total time for which application threads were stopped: 0.0120094 seconds, Stopping threads took: 0.0006818 seconds
[32.739s][info][safepoint] Application time: 0.6080860 seconds
[32.739s][info][safepoint] Entering safepoint region: ParallelGCFailedAllocation
[32.751s][info][gc       ] GC(66) Pause Young (Allocation Failure) 3149M->1802M(4933M) 11.026ms
[32.751s][info][safepoint] Leaving safepoint region
[32.752s][info][safepoint] Total time for which application threads were stopped: 0.0126593 seconds, Stopping threads took: 0.0005273 seconds
[33.360s][info][safepoint] Application time: 0.6073524 seconds
[33.360s][info][safepoint] Entering safepoint region: ParallelGCFailedAllocation
[33.371s][info][gc       ] GC(67) Pause Young (Allocation Failure) 3149M->1802M(4972M) 10.163ms
[33.372s][info][safepoint] Leaving safepoint region
[33.373s][info][safepoint] Total time for which application threads were stopped: 0.0124972 seconds, Stopping threads took: 0.0006867 seconds
[34.016s][info][safepoint] Application time: 0.6430794 seconds
[34.017s][info][safepoint] Entering safepoint region: ParallelGCFailedAllocation
[34.028s][info][gc       ] GC(68) Pause Young (Allocation Failure) 3201M->1802M(4960M) 9.979ms
[34.028s][info][safepoint] Leaving safepoint region
[34.029s][info][safepoint] Total time for which application threads were stopped: 0.0122419 seconds, Stopping threads took: 0.0004409 seconds
[34.679s][info][safepoint] Application time: 0.6489224 seconds
[34.680s][info][safepoint] Entering safepoint region: ParallelGCFailedAllocation
[34.693s][info][gc       ] GC(69) Pause Young (Allocation Failure) 3201M->1802M(4993M) 12.487ms
[34.694s][info][safepoint] Leaving safepoint region
[34.694s][info][safepoint] Total time for which application threads were stopped: 0.0147055 seconds, Stopping threads took: 0.0006289 seconds
[35.353s][info][safepoint] Application time: 0.6585167 seconds
[35.354s][info][safepoint] Entering safepoint region: ParallelGCFailedAllocation
[35.366s][info][gc       ] GC(70) Pause Young (Allocation Failure) 3245M->1802M(4983M) 10.833ms
[35.366s][info][safepoint] Leaving safepoint region
[35.367s][info][safepoint] Total time for which application threads were stopped: 0.0123822 seconds, Stopping threads took: 0.0004889 seconds
[36.018s][info][safepoint] Application time: 0.6506487 seconds
[36.018s][info][safepoint] Entering safepoint region: ParallelGCFailedAllocation
[36.029s][info][gc       ] GC(71) Pause Young (Allocation Failure) 3245M->1802M(5012M) 10.121ms
[36.029s][info][safepoint] Leaving safepoint region
[36.030s][info][safepoint] Total time for which application threads were stopped: 0.0112727 seconds, Stopping threads took: 0.0004345 seconds
[36.712s][info][safepoint] Application time: 0.6817241 seconds
[36.712s][info][safepoint] Entering safepoint region: ParallelGCFailedAllocation
[36.723s][info][gc       ] GC(72) Pause Young (Allocation Failure) 3285M->1802M(5003M) 9.831ms
[36.723s][info][safepoint] Leaving safepoint region
[36.724s][info][safepoint] Total time for which application threads were stopped: 0.0117323 seconds, Stopping threads took: 0.0007175 seconds
[37.217s][info][safepoint] Application time: 0.4930093 seconds
[37.218s][info][safepoint] Entering safepoint region: ParallelGCFailedAllocation
[37.431s][info][gc       ] GC(73) Pause Young (Allocation Failure) 3285M->2466M(4554M) 212.774ms
[37.432s][info][safepoint] Leaving safepoint region
[37.432s][info][safepoint] Total time for which application threads were stopped: 0.2139065 seconds, Stopping threads took: 0.0003801 seconds
[37.609s][info][safepoint] Application time: 0.1772649 seconds
[37.610s][info][safepoint] Entering safepoint region: ParallelGCFailedAllocation
[38.030s][info][gc       ] GC(74) Pause Young (Allocation Failure) 3508M->3438M(4787M) 419.342ms
[39.742s][info][gc       ] GC(75) Pause Full (Ergonomics) 3438M->1630M(4315M) 1711.653ms
[39.743s][info][safepoint] Leaving safepoint region
[39.743s][info][safepoint] Total time for which application threads were stopped: 2.1329412 seconds, Stopping threads took: 0.0004066 seconds
[40.093s][info][safepoint] Application time: 0.3500381 seconds
[40.094s][info][safepoint] Entering safepoint region: ParallelGCFailedAllocation
[40.244s][info][gc       ] GC(76) Pause Young (Allocation Failure) 2199M->1808M(4551M) 149.389ms
[40.244s][info][safepoint] Leaving safepoint region
[40.245s][info][safepoint] Total time for which application threads were stopped: 0.1509176 seconds, Stopping threads took: 0.0006223 seconds
[40.529s][info][safepoint] Application time: 0.2844299 seconds
[40.530s][info][safepoint] Entering safepoint region: ParallelGCFailedAllocation
[40.680s][info][gc       ] GC(77) Pause Young (Allocation Failure) 2377M->1808M(4551M) 149.472ms
[40.681s][info][safepoint] Leaving safepoint region
[40.681s][info][safepoint] Total time for which application threads were stopped: 0.1509072 seconds, Stopping threads took: 0.0004778 seconds
[40.933s][info][safepoint] Application time: 0.2519968 seconds
[40.934s][info][safepoint] Entering safepoint region: ParallelGCFailedAllocation
[41.084s][info][gc       ] GC(78) Pause Young (Allocation Failure) 2377M->1808M(4551M) 149.938ms
[41.085s][info][safepoint] Leaving safepoint region
[41.085s][info][safepoint] Total time for which application threads were stopped: 0.1512599 seconds, Stopping threads took: 0.0003297 seconds
[41.339s][info][safepoint] Application time: 0.2534257 seconds
[41.340s][info][safepoint] Entering safepoint region: ParallelGCFailedAllocation
[41.485s][info][gc       ] GC(79) Pause Young (Allocation Failure) 2377M->1808M(4611M) 144.815ms
[41.486s][info][safepoint] Leaving safepoint region
[41.486s][info][safepoint] Total time for which application threads were stopped: 0.1461471 seconds, Stopping threads took: 0.0005423 seconds
[41.774s][info][safepoint] Application time: 0.2873394 seconds
[41.774s][info][safepoint] Entering safepoint region: ParallelGCFailedAllocation
[41.926s][info][gc       ] GC(80) Pause Young (Allocation Failure) 2462M->1808M(4576M) 150.671ms
[41.926s][info][safepoint] Leaving safepoint region
[41.926s][info][safepoint] Total time for which application threads were stopped: 0.1520454 seconds, Stopping threads took: 0.0004473 seconds
[42.228s][info][safepoint] Application time: 0.3013784 seconds
[42.229s][info][safepoint] Entering safepoint region: ParallelGCFailedAllocation
[42.384s][info][gc       ] GC(81) Pause Young (Allocation Failure) 2462M->1808M(4673M) 154.871ms
[42.385s][info][safepoint] Leaving safepoint region
[42.385s][info][safepoint] Total time for which application threads were stopped: 0.1565124 seconds, Stopping threads took: 0.0005769 seconds
[42.757s][info][safepoint] Application time: 0.3717112 seconds
[42.758s][info][safepoint] Entering safepoint region: ParallelGCFailedAllocation
[42.903s][info][gc       ] GC(82) Pause Young (Allocation Failure) 2591M->1808M(4644M) 145.214ms
[42.904s][info][safepoint] Leaving safepoint region
[42.904s][info][safepoint] Total time for which application threads were stopped: 0.1466288 seconds, Stopping threads took: 0.0003427 seconds
[43.252s][info][safepoint] Application time: 0.3469207 seconds
[43.253s][info][safepoint] Entering safepoint region: ParallelGCFailedAllocation
[43.443s][info][gc       ] GC(83) Pause Young (Allocation Failure) 2591M->1808M(4689M) 189.811ms
[43.444s][info][safepoint] Leaving safepoint region
[43.444s][info][safepoint] Total time for which application threads were stopped: 0.1913231 seconds, Stopping threads took: 0.0006123 seconds
[43.830s][info][safepoint] Application time: 0.3854225 seconds
[43.830s][info][safepoint] Entering safepoint region: ParallelGCFailedAllocation
[43.841s][info][gc       ] GC(84) Pause Young (Allocation Failure) 2662M->1808M(4694M) 10.137ms
[43.842s][info][safepoint] Leaving safepoint region
[43.843s][info][safepoint] Total time for which application threads were stopped: 0.0123608 seconds, Stopping threads took: 0.0005480 seconds
[44.259s][info][safepoint] Application time: 0.4150913 seconds
[44.259s][info][safepoint] Entering safepoint region: ParallelGCFailedAllocation
[44.274s][info][gc       ] GC(85) Pause Young (Allocation Failure) 2663M->1808M(4698M) 13.963ms
[44.274s][info][safepoint] Leaving safepoint region
[44.275s][info][safepoint] Total time for which application threads were stopped: 0.0157430 seconds, Stopping threads took: 0.0006287 seconds
[44.680s][info][safepoint] Application time: 0.4045443 seconds
[44.681s][info][safepoint] Entering safepoint region: ParallelGCFailedAllocation
[44.691s][info][gc       ] GC(86) Pause Young (Allocation Failure) 2666M->1808M(4694M) 10.156ms
[44.692s][info][safepoint] Leaving safepoint region
[44.692s][info][safepoint] Total time for which application threads were stopped: 0.0114708 seconds, Stopping threads took: 0.0003550 seconds
[45.116s][info][safepoint] Application time: 0.4227326 seconds
[45.116s][info][safepoint] Entering safepoint region: ParallelGCFailedAllocation
[45.128s][info][gc       ] GC(87) Pause Young (Allocation Failure) 2666M->1808M(4716M) 11.305ms
[45.129s][info][safepoint] Leaving safepoint region
[45.129s][info][safepoint] Total time for which application threads were stopped: 0.0131108 seconds, Stopping threads took: 0.0003583 seconds
[45.570s][info][safepoint] Application time: 0.4400225 seconds
[45.571s][info][safepoint] Entering safepoint region: ParallelGCFailedAllocation
[45.583s][info][gc       ] GC(88) Pause Young (Allocation Failure) 2696M->1808M(4705M) 11.877ms
[45.583s][info][safepoint] Leaving safepoint region
[45.584s][info][safepoint] Total time for which application threads were stopped: 0.0137167 seconds, Stopping threads took: 0.0003591 seconds
[46.016s][info][safepoint] Application time: 0.4311645 seconds
[46.017s][info][safepoint] Entering safepoint region: ParallelGCFailedAllocation
[46.028s][info][gc       ] GC(89) Pause Young (Allocation Failure) 2696M->1808M(4742M) 10.725ms
[46.028s][info][safepoint] Leaving safepoint region
[46.029s][info][safepoint] Total time for which application threads were stopped: 0.0125628 seconds, Stopping threads took: 0.0002837 seconds
[46.467s][info][safepoint] Application time: 0.4377512 seconds
[46.468s][info][safepoint] Entering safepoint region: ParallelGCFailedAllocation
[46.479s][info][gc       ] GC(90) Pause Young (Allocation Failure) 2745M->1808M(4728M) 10.390ms
[46.480s][info][safepoint] Leaving safepoint region
[46.481s][info][safepoint] Total time for which application threads were stopped: 0.0125701 seconds, Stopping threads took: 0.0004958 seconds
[46.917s][info][safepoint] Application time: 0.4355850 seconds
[46.918s][info][safepoint] Entering safepoint region: ParallelGCFailedAllocation
[46.930s][info][gc       ] GC(91) Pause Young (Allocation Failure) 2745M->1808M(4773M) 11.101ms
[46.930s][info][safepoint] Leaving safepoint region
[46.931s][info][safepoint] Total time for which application threads were stopped: 0.0132638 seconds, Stopping threads took: 0.0005695 seconds
[47.416s][info][safepoint] Application time: 0.4840492 seconds
[47.416s][info][safepoint] Entering safepoint region: ParallelGCFailedAllocation
[47.427s][info][gc       ] GC(92) Pause Young (Allocation Failure) 2805M->1808M(4757M) 10.419ms
[47.428s][info][safepoint] Leaving safepoint region
[47.428s][info][safepoint] Total time for which application threads were stopped: 0.0117741 seconds, Stopping threads took: 0.0003536 seconds
[47.914s][info][safepoint] Application time: 0.4850981 seconds
[47.914s][info][safepoint] Entering safepoint region: ParallelGCFailedAllocation
[47.925s][info][gc       ] GC(93) Pause Young (Allocation Failure) 2805M->1808M(4806M) 9.827ms
[47.925s][info][safepoint] Leaving safepoint region
[47.926s][info][safepoint] Total time for which application threads were stopped: 0.0112441 seconds, Stopping threads took: 0.0004544 seconds
[48.429s][info][safepoint] Application time: 0.5031275 seconds
[48.430s][info][safepoint] Entering safepoint region: ParallelGCFailedAllocation
[48.440s][info][gc       ] GC(94) Pause Young (Allocation Failure) 2870M->1808M(4789M) 10.541ms
[48.441s][info][safepoint] Leaving safepoint region
[48.441s][info][safepoint] Total time for which application threads were stopped: 0.0116809 seconds, Stopping threads took: 0.0003304 seconds
[48.926s][info][safepoint] Application time: 0.4841903 seconds
[48.927s][info][safepoint] Entering safepoint region: ParallelGCFailedAllocation
[48.937s][info][gc       ] GC(95) Pause Young (Allocation Failure) 2870M->1808M(4839M) 9.990ms
[48.938s][info][safepoint] Leaving safepoint region
[48.939s][info][safepoint] Total time for which application threads were stopped: 0.0122831 seconds, Stopping threads took: 0.0005511 seconds
[49.502s][info][safepoint] Application time: 0.5625625 seconds
[49.503s][info][safepoint] Entering safepoint region: ParallelGCFailedAllocation
[49.514s][info][gc       ] GC(96) Pause Young (Allocation Failure) 2936M->1808M(4822M) 10.980ms
[49.515s][info][safepoint] Leaving safepoint region
[49.516s][info][safepoint] Total time for which application threads were stopped: 0.0127622 seconds, Stopping threads took: 0.0005123 seconds
[50.054s][info][safepoint] Application time: 0.5380283 seconds
[50.055s][info][safepoint] Entering safepoint region: ParallelGCFailedAllocation
[50.065s][info][gc       ] GC(97) Pause Young (Allocation Failure) 2936M->1808M(4870M) 10.028ms
[50.066s][info][safepoint] Leaving safepoint region
[50.066s][info][safepoint] Total time for which application threads were stopped: 0.0112183 seconds, Stopping threads took: 0.0003594 seconds
[50.597s][info][safepoint] Application time: 0.5308133 seconds
[50.598s][info][safepoint] Entering safepoint region: ParallelGCFailedAllocation
[50.609s][info][gc       ] GC(98) Pause Young (Allocation Failure) 3000M->1808M(4855M) 10.536ms
[50.609s][info][safepoint] Leaving safepoint region
[50.609s][info][safepoint] Total time for which application threads were stopped: 0.0116459 seconds, Stopping threads took: 0.0002884 seconds
[51.184s][info][safepoint] Application time: 0.5735547 seconds
[51.184s][info][safepoint] Entering safepoint region: ParallelGCFailedAllocation
[51.194s][info][gc       ] GC(99) Pause Young (Allocation Failure) 3000M->1808M(4900M) 9.710ms
[51.194s][info][safepoint] Leaving safepoint region
[51.195s][info][safepoint] Total time for which application threads were stopped: 0.0108676 seconds, Stopping threads took: 0.0003740 seconds
[51.781s][info][safepoint] Application time: 0.5854865 seconds
[51.782s][info][safepoint] Entering safepoint region: ParallelGCFailedAllocation
[51.793s][info][gc       ] GC(100) Pause Young (Allocation Failure) 3061M->1808M(4885M) 11.243ms
[51.794s][info][safepoint] Leaving safepoint region
[51.795s][info][safepoint] Total time for which application threads were stopped: 0.0131271 seconds, Stopping threads took: 0.0003137 seconds
[52.379s][info][safepoint] Application time: 0.5833305 seconds
[52.379s][info][safepoint] Entering safepoint region: ParallelGCFailedAllocation
[52.391s][info][gc       ] GC(101) Pause Young (Allocation Failure) 3061M->1808M(4928M) 11.870ms
[52.392s][info][safepoint] Leaving safepoint region
[52.393s][info][safepoint] Total time for which application threads were stopped: 0.0139643 seconds, Stopping threads took: 0.0003331 seconds
[53.025s][info][safepoint] Application time: 0.6309326 seconds
[53.025s][info][safepoint] Entering safepoint region: ParallelGCFailedAllocation
[53.036s][info][gc       ] GC(102) Pause Young (Allocation Failure) 3117M->1808M(4914M) 9.928ms
[53.036s][info][safepoint] Leaving safepoint region
[53.037s][info][safepoint] Total time for which application threads were stopped: 0.0113405 seconds, Stopping threads took: 0.0003303 seconds
[53.627s][info][safepoint] Application time: 0.5897730 seconds
[53.627s][info][safepoint] Entering safepoint region: ParallelGCFailedAllocation
[53.638s][info][gc       ] GC(103) Pause Young (Allocation Failure) 3117M->1808M(4952M) 10.191ms
[53.638s][info][safepoint] Leaving safepoint region
[53.639s][info][safepoint] Total time for which application threads were stopped: 0.0115680 seconds, Stopping threads took: 0.0004430 seconds
[54.270s][info][safepoint] Application time: 0.6312519 seconds
[54.271s][info][safepoint] Entering safepoint region: ParallelGCFailedAllocation
[54.282s][info][gc       ] GC(104) Pause Young (Allocation Failure) 3168M->1808M(4940M) 10.550ms
[54.283s][info][safepoint] Leaving safepoint region
[54.284s][info][safepoint] Total time for which application threads were stopped: 0.0128570 seconds, Stopping threads took: 0.0004315 seconds
[54.926s][info][safepoint] Application time: 0.6417053 seconds
[54.927s][info][safepoint] Entering safepoint region: ParallelGCFailedAllocation
[54.940s][info][gc       ] GC(105) Pause Young (Allocation Failure) 3168M->1808M(4975M) 12.424ms
[54.940s][info][safepoint] Leaving safepoint region
[54.941s][info][safepoint] Total time for which application threads were stopped: 0.0144268 seconds, Stopping threads took: 0.0003934 seconds
[55.581s][info][safepoint] Application time: 0.6389486 seconds
[55.581s][info][safepoint] Entering safepoint region: ParallelGCFailedAllocation
[55.592s][info][gc       ] GC(106) Pause Young (Allocation Failure) 3214M->1808M(4964M) 9.920ms
[55.592s][info][safepoint] Leaving safepoint region
[55.592s][info][safepoint] Total time for which application threads were stopped: 0.0112142 seconds, Stopping threads took: 0.0003563 seconds
[56.088s][info][safepoint] Application time: 0.4956616 seconds
[56.089s][info][safepoint] Entering safepoint region: ParallelGCFailedAllocation
[56.252s][info][gc       ] GC(107) Pause Young (Allocation Failure) 3214M->2331M(4632M) 162.102ms
[56.252s][info][safepoint] Leaving safepoint region
[56.253s][info][safepoint] Total time for which application threads were stopped: 0.1637083 seconds, Stopping threads took: 0.0004374 seconds
[56.413s][info][safepoint] Application time: 0.1593193 seconds
[56.413s][info][safepoint] Entering safepoint region: ParallelGCFailedAllocation
[56.762s][info][gc       ] GC(108) Pause Young (Allocation Failure) 3366M->3365M(4809M) 348.412ms
[58.624s][info][gc       ] GC(109) Pause Full (Ergonomics) 3365M->1517M(4294M) 1860.506ms
[58.624s][info][safepoint] Leaving safepoint region
[58.625s][info][safepoint] Total time for which application threads were stopped: 2.2114924 seconds, Stopping threads took: 0.0008443 seconds
[58.936s][info][safepoint] Application time: 0.3110373 seconds
[58.937s][info][safepoint] Entering safepoint region: ParallelGCFailedAllocation
[59.084s][info][gc       ] GC(110) Pause Young (Allocation Failure) 2086M->1834M(4551M) 146.995ms
[59.085s][info][safepoint] Leaving safepoint region
[59.085s][info][safepoint] Total time for which application threads were stopped: 0.1484415 seconds, Stopping threads took: 0.0004225 seconds
[59.363s][info][safepoint] Application time: 0.2777955 seconds
[59.364s][info][safepoint] Entering safepoint region: ParallelGCFailedAllocation
[59.506s][info][gc       ] GC(111) Pause Young (Allocation Failure) 2403M->1834M(4551M) 141.756ms
[59.507s][info][safepoint] Leaving safepoint region
[59.507s][info][safepoint] Total time for which application threads were stopped: 0.1431865 seconds, Stopping threads took: 0.0003972 seconds
[59.781s][info][safepoint] Application time: 0.2738278 seconds
[59.782s][info][safepoint] Entering safepoint region: ParallelGCFailedAllocation
[59.921s][info][gc       ] GC(112) Pause Young (Allocation Failure) 2403M->1834M(4551M) 139.172ms
[59.922s][info][safepoint] Leaving safepoint region
[59.922s][info][safepoint] Total time for which application threads were stopped: 0.1406366 seconds, Stopping threads took: 0.0003508 seconds
[60.185s][info][safepoint] Application time: 0.2621082 seconds
[60.186s][info][safepoint] Entering safepoint region: ParallelGCFailedAllocation
[60.328s][info][gc       ] GC(113) Pause Young (Allocation Failure) 2403M->1834M(4551M) 141.947ms
[60.329s][info][safepoint] Leaving safepoint region
[60.329s][info][safepoint] Total time for which application threads were stopped: 0.1435030 seconds, Stopping threads took: 0.0002710 seconds
[60.612s][info][safepoint] Application time: 0.2819507 seconds
[60.612s][info][safepoint] Entering safepoint region: ParallelGCFailedAllocation
[60.761s][info][gc       ] GC(114) Pause Young (Allocation Failure) 2403M->1834M(4551M) 148.668ms
[60.762s][info][safepoint] Leaving safepoint region
[60.762s][info][safepoint] Total time for which application threads were stopped: 0.1498687 seconds, Stopping threads took: 0.0004082 seconds
[61.039s][info][safepoint] Application time: 0.2762242 seconds
[61.039s][info][safepoint] Entering safepoint region: ParallelGCFailedAllocation
[61.182s][info][gc       ] GC(115) Pause Young (Allocation Failure) 2403M->1834M(4551M) 142.694ms
[61.183s][info][safepoint] Leaving safepoint region
[61.184s][info][safepoint] Total time for which application threads were stopped: 0.1444317 seconds, Stopping threads took: 0.0005439 seconds
[61.443s][info][safepoint] Application time: 0.2588080 seconds
[61.443s][info][safepoint] Entering safepoint region: ParallelGCFailedAllocation
[61.586s][info][gc       ] GC(116) Pause Young (Allocation Failure) 2403M->1834M(4551M) 142.377ms
[61.587s][info][safepoint] Leaving safepoint region
[61.587s][info][safepoint] Total time for which application threads were stopped: 0.1437804 seconds, Stopping threads took: 0.0002990 seconds
[61.848s][info][safepoint] Application time: 0.2603550 seconds
[61.849s][info][safepoint] Entering safepoint region: ParallelGCFailedAllocation
[62.039s][info][gc       ] GC(117) Pause Young (Allocation Failure) 2403M->1835M(4551M) 189.990ms
[62.039s][info][safepoint] Leaving safepoint region
[62.040s][info][safepoint] Total time for which application threads were stopped: 0.1911738 seconds, Stopping threads took: 0.0003472 seconds
[62.308s][info][safepoint] Application time: 0.2683970 seconds
[62.309s][info][safepoint] Entering safepoint region: ParallelGCFailedAllocation
[62.317s][info][gc       ] GC(118) Pause Young (Allocation Failure) 2404M->1835M(4551M) 7.943ms
[62.318s][info][safepoint] Leaving safepoint region
[62.318s][info][safepoint] Total time for which application threads were stopped: 0.0097680 seconds, Stopping threads took: 0.0003236 seconds
[62.596s][info][safepoint] Application time: 0.2770321 seconds
[62.597s][info][safepoint] Entering safepoint region: ParallelGCFailedAllocation
[62.606s][info][gc       ] GC(119) Pause Young (Allocation Failure) 2404M->1835M(4551M) 8.547ms
[62.606s][info][safepoint] Leaving safepoint region
[62.607s][info][safepoint] Total time for which application threads were stopped: 0.0100235 seconds, Stopping threads took: 0.0004368 seconds
[62.895s][info][safepoint] Application time: 0.2873834 seconds
[62.895s][info][safepoint] Entering safepoint region: ParallelGCFailedAllocation
[62.904s][info][gc       ] GC(120) Pause Young (Allocation Failure) 2404M->1835M(4551M) 7.928ms
[62.904s][info][safepoint] Leaving safepoint region
[62.905s][info][safepoint] Total time for which application threads were stopped: 0.0093640 seconds, Stopping threads took: 0.0003967 seconds
[63.194s][info][safepoint] Application time: 0.2886164 seconds
[63.195s][info][safepoint] Entering safepoint region: ParallelGCFailedAllocation
[63.204s][info][gc       ] GC(121) Pause Young (Allocation Failure) 2404M->1835M(4551M) 8.714ms
[63.204s][info][safepoint] Leaving safepoint region
[63.205s][info][safepoint] Total time for which application threads were stopped: 0.0102777 seconds, Stopping threads took: 0.0005889 seconds
[63.461s][info][safepoint] Application time: 0.2558796 seconds
[63.462s][info][safepoint] Entering safepoint region: ParallelGCFailedAllocation
[63.471s][info][gc       ] GC(122) Pause Young (Allocation Failure) 2404M->1835M(4551M) 8.872ms
[63.472s][info][safepoint] Leaving safepoint region
[63.472s][info][safepoint] Total time for which application threads were stopped: 0.0103251 seconds, Stopping threads took: 0.0005265 seconds
[63.749s][info][safepoint] Application time: 0.2764533 seconds
[63.750s][info][safepoint] Entering safepoint region: ParallelGCFailedAllocation
[63.758s][info][gc       ] GC(123) Pause Young (Allocation Failure) 2404M->1835M(4563M) 7.775ms
[63.759s][info][safepoint] Leaving safepoint region
[63.760s][info][safepoint] Total time for which application threads were stopped: 0.0099996 seconds, Stopping threads took: 0.0004679 seconds
[64.029s][info][safepoint] Application time: 0.2684307 seconds
[64.029s][info][safepoint] Entering safepoint region: ParallelGCFailedAllocation
[64.038s][info][gc       ] GC(124) Pause Young (Allocation Failure) 2416M->1835M(4551M) 7.825ms
[64.039s][info][safepoint] Leaving safepoint region
[64.039s][info][safepoint] Total time for which application threads were stopped: 0.0095896 seconds, Stopping threads took: 0.0005411 seconds
[64.317s][info][safepoint] Application time: 0.2771309 seconds
[64.317s][info][safepoint] Entering safepoint region: ParallelGCFailedAllocation
[64.327s][info][gc       ] GC(125) Pause Young (Allocation Failure) 2416M->1835M(4610M) 9.021ms
[64.328s][info][safepoint] Leaving safepoint region
[64.329s][info][safepoint] Total time for which application threads were stopped: 0.0114839 seconds, Stopping threads took: 0.0007186 seconds
[64.648s][info][safepoint] Application time: 0.3186424 seconds
[64.649s][info][safepoint] Entering safepoint region: ParallelGCFailedAllocation
[64.658s][info][gc       ] GC(126) Pause Young (Allocation Failure) 2498M->1835M(4586M) 8.320ms
[64.658s][info][safepoint] Leaving safepoint region
[64.659s][info][safepoint] Total time for which application threads were stopped: 0.0106435 seconds, Stopping threads took: 0.0005522 seconds
[64.996s][info][safepoint] Application time: 0.3363890 seconds
[64.997s][info][safepoint] Entering safepoint region: ParallelGCFailedAllocation
[65.005s][info][gc       ] GC(127) Pause Young (Allocation Failure) 2498M->1835M(4660M) 7.993ms
[65.006s][info][safepoint] Leaving safepoint region
[65.006s][info][safepoint] Total time for which application threads were stopped: 0.0091886 seconds, Stopping threads took: 0.0003676 seconds
[65.360s][info][safepoint] Application time: 0.3536065 seconds
[65.361s][info][safepoint] Entering safepoint region: ParallelGCFailedAllocation
[65.371s][info][gc       ] GC(128) Pause Young (Allocation Failure) 2597M->1835M(4635M) 9.498ms
[65.372s][info][safepoint] Leaving safepoint region
[65.372s][info][safepoint] Total time for which application threads were stopped: 0.0111535 seconds, Stopping threads took: 0.0008122 seconds
[65.724s][info][safepoint] Application time: 0.3516591 seconds
[65.725s][info][safepoint] Entering safepoint region: ParallelGCFailedAllocation
[65.733s][info][gc       ] GC(129) Pause Young (Allocation Failure) 2597M->1835M(4709M) 8.040ms
[65.734s][info][safepoint] Leaving safepoint region
[65.734s][info][safepoint] Total time for which application threads were stopped: 0.0095938 seconds, Stopping threads took: 0.0004317 seconds
[66.140s][info][safepoint] Application time: 0.4047919 seconds
[66.140s][info][safepoint] Entering safepoint region: ParallelGCFailedAllocation
[66.148s][info][gc       ] GC(130) Pause Young (Allocation Failure) 2696M->1835M(4685M) 7.950ms
[66.149s][info][safepoint] Leaving safepoint region
[66.149s][info][safepoint] Total time for which application threads were stopped: 0.0093758 seconds, Stopping threads took: 0.0002887 seconds
[66.567s][info][safepoint] Application time: 0.4171105 seconds
[66.567s][info][safepoint] Entering safepoint region: ParallelGCFailedAllocation
[66.576s][info][gc       ] GC(131) Pause Young (Allocation Failure) 2696M->1835M(4757M) 7.867ms
[66.577s][info][safepoint] Leaving safepoint region
[66.577s][info][safepoint] Total time for which application threads were stopped: 0.0097890 seconds, Stopping threads took: 0.0003897 seconds
[67.075s][info][safepoint] Application time: 0.4955620 seconds
[67.076s][info][safepoint] Entering safepoint region: ParallelGCFailedAllocation
[67.084s][info][gc       ] GC(132) Pause Young (Allocation Failure) 2792M->1835M(4733M) 7.700ms
[67.084s][info][safepoint] Leaving safepoint region
[67.085s][info][safepoint] Total time for which application threads were stopped: 0.0094446 seconds, Stopping threads took: 0.0005116 seconds
[67.544s][info][safepoint] Application time: 0.4580231 seconds
[67.544s][info][safepoint] Entering safepoint region: ParallelGCFailedAllocation
[67.554s][info][gc       ] GC(133) Pause Young (Allocation Failure) 2792M->1835M(4801M) 8.804ms
[67.554s][info][safepoint] Leaving safepoint region
[67.555s][info][safepoint] Total time for which application threads were stopped: 0.0105766 seconds, Stopping threads took: 0.0006019 seconds
[68.071s][info][safepoint] Application time: 0.5160342 seconds
[68.072s][info][safepoint] Entering safepoint region: ParallelGCFailedAllocation
[68.080s][info][gc       ] GC(134) Pause Young (Allocation Failure) 2881M->1835M(4779M) 7.968ms
[68.081s][info][safepoint] Leaving safepoint region
[68.082s][info][safepoint] Total time for which application threads were stopped: 0.0099733 seconds, Stopping threads took: 0.0004158 seconds
[68.590s][info][safepoint] Application time: 0.5069472 seconds
[68.590s][info][safepoint] Entering safepoint region: ParallelGCFailedAllocation
[68.600s][info][gc       ] GC(135) Pause Young (Allocation Failure) 2881M->1835M(4841M) 8.879ms
[68.600s][info][safepoint] Leaving safepoint region
[68.601s][info][safepoint] Total time for which application threads were stopped: 0.0103013 seconds, Stopping threads took: 0.0004965 seconds
[69.112s][info][safepoint] Application time: 0.5111179 seconds
[69.113s][info][safepoint] Entering safepoint region: ParallelGCFailedAllocation
[69.122s][info][gc       ] GC(136) Pause Young (Allocation Failure) 2964M->1835M(4821M) 8.318ms
[69.122s][info][safepoint] Leaving safepoint region
[69.122s][info][safepoint] Total time for which application threads were stopped: 0.0096679 seconds, Stopping threads took: 0.0004191 seconds
[69.654s][info][safepoint] Application time: 0.5316529 seconds
[69.655s][info][safepoint] Entering safepoint region: ParallelGCFailedAllocation
[69.665s][info][gc       ] GC(137) Pause Young (Allocation Failure) 2964M->1835M(4877M) 9.698ms
[69.666s][info][safepoint] Leaving safepoint region
[69.667s][info][safepoint] Total time for which application threads were stopped: 0.0117611 seconds, Stopping threads took: 0.0003740 seconds
[70.238s][info][safepoint] Application time: 0.5701088 seconds
[70.238s][info][safepoint] Entering safepoint region: ParallelGCFailedAllocation
[70.246s][info][gc       ] GC(138) Pause Young (Allocation Failure) 3039M->1835M(4860M) 7.891ms
[70.247s][info][safepoint] Leaving safepoint region
[70.247s][info][safepoint] Total time for which application threads were stopped: 0.0092997 seconds, Stopping threads took: 0.0003373 seconds
[70.832s][info][safepoint] Application time: 0.5838490 seconds
[70.832s][info][safepoint] Entering safepoint region: ParallelGCFailedAllocation
[70.842s][info][gc       ] GC(139) Pause Young (Allocation Failure) 3039M->1835M(4910M) 9.304ms
[70.843s][info][safepoint] Leaving safepoint region
[70.843s][info][safepoint] Total time for which application threads were stopped: 0.0113776 seconds, Stopping threads took: 0.0004797 seconds
[71.449s][info][safepoint] Application time: 0.6047686 seconds
[71.450s][info][safepoint] Entering safepoint region: ParallelGCFailedAllocation
[71.458s][info][gc       ] GC(140) Pause Young (Allocation Failure) 3106M->1835M(4894M) 7.984ms
[71.459s][info][safepoint] Leaving safepoint region
[71.459s][info][safepoint] Total time for which application threads were stopped: 0.0096679 seconds, Stopping threads took: 0.0005454 seconds
[72.080s][info][safepoint] Application time: 0.6202159 seconds
[72.081s][info][safepoint] Entering safepoint region: ParallelGCFailedAllocation
[72.089s][info][gc       ] GC(141) Pause Young (Allocation Failure) 3106M->1835M(4939M) 7.676ms
[72.089s][info][safepoint] Leaving safepoint region
[72.090s][info][safepoint] Total time for which application threads were stopped: 0.0090996 seconds, Stopping threads took: 0.0003933 seconds
[72.718s][info][safepoint] Application time: 0.6280516 seconds
[72.719s][info][safepoint] Entering safepoint region: ParallelGCFailedAllocation
[72.729s][info][gc       ] GC(142) Pause Young (Allocation Failure) 3166M->1835M(4925M) 8.961ms
[72.729s][info][safepoint] Leaving safepoint region
[72.730s][info][safepoint] Total time for which application threads were stopped: 0.0110093 seconds, Stopping threads took: 0.0006071 seconds
[73.350s][info][safepoint] Application time: 0.6196597 seconds
[73.351s][info][safepoint] Entering safepoint region: ParallelGCFailedAllocation
[73.360s][info][gc       ] GC(143) Pause Young (Allocation Failure) 3166M->1835M(4965M) 8.394ms
[73.360s][info][safepoint] Leaving safepoint region
[73.361s][info][safepoint] Total time for which application threads were stopped: 0.0102802 seconds, Stopping threads took: 0.0002829 seconds
[73.995s][info][safepoint] Application time: 0.6330996 seconds
[73.996s][info][safepoint] Entering safepoint region: ParallelGCFailedAllocation
[74.004s][info][gc       ] GC(144) Pause Young (Allocation Failure) 3219M->1835M(4952M) 8.103ms
[74.005s][info][safepoint] Leaving safepoint region
[74.005s][info][safepoint] Total time for which application threads were stopped: 0.0096789 seconds, Stopping threads took: 0.0005544 seconds
[74.667s][info][safepoint] Application time: 0.6610331 seconds
[74.667s][info][safepoint] Entering safepoint region: ParallelGCFailedAllocation
[74.677s][info][gc       ] GC(145) Pause Young (Allocation Failure) 3219M->1835M(4987M) 9.395ms
[74.678s][info][safepoint] Leaving safepoint region
[74.679s][info][safepoint] Total time for which application threads were stopped: 0.0112948 seconds, Stopping threads took: 0.0003580 seconds
[75.198s][info][safepoint] Application time: 0.5180727 seconds
[75.198s][info][safepoint] Entering safepoint region: ParallelGCFailedAllocation
[75.364s][info][gc       ] GC(146) Pause Young (Allocation Failure) 3265M->2363M(4976M) 165.001ms
[75.364s][info][safepoint] Leaving safepoint region
[75.365s][info][safepoint] Total time for which application threads were stopped: 0.1664768 seconds, Stopping threads took: 0.0003593 seconds
[75.758s][info][safepoint] Application time: 0.3927868 seconds
[75.759s][info][safepoint] Entering safepoint region: ParallelGCFailedAllocation
[76.315s][info][gc       ] GC(147) Pause Young (Allocation Failure) 3793M->3536M(4126M) 556.093ms
[78.110s][info][gc       ] GC(148) Pause Full (Ergonomics) 3536M->1657M(4551M) 1794.770ms
[78.111s][info][safepoint] Leaving safepoint region
[78.111s][info][safepoint] Total time for which application threads were stopped: 2.3529331 seconds, Stopping threads took: 0.0004233 seconds
[78.379s][info][safepoint] Application time: 0.2668204 seconds
[78.380s][info][safepoint] Entering safepoint region: ParallelGCFailedAllocation
[78.383s][info][gc       ] GC(149) Pause Young (Allocation Failure) 2227M->1658M(4551M) 3.126ms
[78.384s][info][safepoint] Leaving safepoint region
[78.384s][info][safepoint] Total time for which application threads were stopped: 0.0045449 seconds, Stopping threads took: 0.0005245 seconds
[78.644s][info][safepoint] Application time: 0.2594388 seconds
[78.644s][info][safepoint] Entering safepoint region: ParallelGCFailedAllocation
[78.649s][info][gc       ] GC(150) Pause Young (Allocation Failure) 2227M->1658M(4551M) 3.809ms
[78.649s][info][safepoint] Leaving safepoint region
[78.649s][info][safepoint] Total time for which application threads were stopped: 0.0047046 seconds, Stopping threads took: 0.0003828 seconds
[78.915s][info][safepoint] Application time: 0.2662388 seconds
[78.916s][info][safepoint] Entering safepoint region: ParallelGCFailedAllocation
[78.919s][info][gc       ] GC(151) Pause Young (Allocation Failure) 2227M->1658M(4551M) 2.810ms
[78.920s][info][safepoint] Leaving safepoint region
[78.920s][info][safepoint] Total time for which application threads were stopped: 0.0044193 seconds, Stopping threads took: 0.0005146 seconds
[79.218s][info][safepoint] Application time: 0.2970881 seconds
[79.218s][info][safepoint] Entering safepoint region: ParallelGCFailedAllocation
[79.222s][info][gc       ] GC(152) Pause Young (Allocation Failure) 2227M->1658M(4551M) 2.555ms
[79.222s][info][safepoint] Leaving safepoint region
[79.222s][info][safepoint] Total time for which application threads were stopped: 0.0039522 seconds, Stopping threads took: 0.0007748 seconds
[79.499s][info][safepoint] Application time: 0.2766047 seconds
[79.500s][info][safepoint] Entering safepoint region: ParallelGCFailedAllocation
[79.503s][info][gc       ] GC(153) Pause Young (Allocation Failure) 2227M->1658M(4551M) 2.784ms
[79.504s][info][safepoint] Leaving safepoint region
[79.504s][info][safepoint] Total time for which application threads were stopped: 0.0041244 seconds, Stopping threads took: 0.0004607 seconds
[79.765s][info][safepoint] Application time: 0.2601850 seconds
[79.765s][info][safepoint] Entering safepoint region: ParallelGCFailedAllocation
[79.770s][info][gc       ] GC(154) Pause Young (Allocation Failure) 2227M->1658M(4551M) 4.562ms
[79.771s][info][safepoint] Leaving safepoint region
[79.771s][info][safepoint] Total time for which application threads were stopped: 0.0059931 seconds, Stopping threads took: 0.0003266 seconds
[80.040s][info][safepoint] Application time: 0.2681772 seconds
[80.040s][info][safepoint] Entering safepoint region: ParallelGCFailedAllocation
[80.044s][info][gc       ] GC(155) Pause Young (Allocation Failure) 2227M->1658M(4574M) 3.122ms
[80.044s][info][safepoint] Leaving safepoint region
[80.045s][info][safepoint] Total time for which application threads were stopped: 0.0043715 seconds, Stopping threads took: 0.0002549 seconds
[80.344s][info][safepoint] Application time: 0.2990679 seconds
[80.345s][info][safepoint] Entering safepoint region: ParallelGCFailedAllocation
[80.350s][info][gc       ] GC(156) Pause Young (Allocation Failure) 2250M->1658M(4551M) 5.189ms
[80.351s][info][safepoint] Leaving safepoint region
[80.351s][info][safepoint] Total time for which application threads were stopped: 0.0065528 seconds, Stopping threads took: 0.0004148 seconds
[80.630s][info][safepoint] Application time: 0.2780734 seconds
[80.631s][info][safepoint] Entering safepoint region: ParallelGCFailedAllocation
[80.634s][info][gc       ] GC(157) Pause Young (Allocation Failure) 2250M->1658M(4634M) 2.775ms
[80.634s][info][safepoint] Leaving safepoint region
[80.635s][info][safepoint] Total time for which application threads were stopped: 0.0042071 seconds, Stopping threads took: 0.0002873 seconds
[80.978s][info][safepoint] Application time: 0.3427692 seconds
[80.978s][info][safepoint] Entering safepoint region: ParallelGCFailedAllocation
[80.981s][info][gc       ] GC(158) Pause Young (Allocation Failure) 2363M->1658M(4604M) 2.378ms
[80.982s][info][safepoint] Leaving safepoint region
[80.982s][info][safepoint] Total time for which application threads were stopped: 0.0035963 seconds, Stopping threads took: 0.0003619 seconds
[81.312s][info][safepoint] Application time: 0.3294420 seconds
[81.313s][info][safepoint] Entering safepoint region: ParallelGCFailedAllocation
[81.316s][info][gc       ] GC(159) Pause Young (Allocation Failure) 2363M->1658M(4691M) 3.196ms
[81.317s][info][safepoint] Leaving safepoint region
[81.317s][info][safepoint] Total time for which application threads were stopped: 0.0043295 seconds, Stopping threads took: 0.0003618 seconds
[81.717s][info][safepoint] Application time: 0.3997691 seconds
[81.718s][info][safepoint] Entering safepoint region: ParallelGCFailedAllocation
[81.722s][info][gc       ] GC(160) Pause Young (Allocation Failure) 2478M->1658M(4663M) 3.283ms
[81.722s][info][safepoint] Leaving safepoint region
[81.723s][info][safepoint] Total time for which application threads were stopped: 0.0048649 seconds, Stopping threads took: 0.0005146 seconds
[82.089s][info][safepoint] Application time: 0.3658384 seconds
[82.090s][info][safepoint] Entering safepoint region: ParallelGCFailedAllocation
[82.093s][info][gc       ] GC(161) Pause Young (Allocation Failure) 2478M->1658M(4744M) 2.472ms
[82.093s][info][safepoint] Leaving safepoint region
[82.094s][info][safepoint] Total time for which application threads were stopped: 0.0039928 seconds, Stopping threads took: 0.0003957 seconds
[82.517s][info][safepoint] Application time: 0.4231854 seconds
[82.518s][info][safepoint] Entering safepoint region: ParallelGCFailedAllocation
[82.521s][info][gc       ] GC(162) Pause Young (Allocation Failure) 2586M->1658M(4718M) 2.771ms
[82.522s][info][safepoint] Leaving safepoint region
[82.522s][info][safepoint] Total time for which application threads were stopped: 0.0043217 seconds, Stopping threads took: 0.0004190 seconds
[82.962s][info][safepoint] Application time: 0.4396318 seconds
[82.963s][info][safepoint] Entering safepoint region: ParallelGCFailedAllocation
[82.972s][info][gc       ] GC(163) Pause Young (Allocation Failure) 2586M->1658M(4792M) 8.759ms
[82.972s][info][safepoint] Leaving safepoint region
[82.973s][info][safepoint] Total time for which application threads were stopped: 0.0100532 seconds, Stopping threads took: 0.0003310 seconds
[83.465s][info][safepoint] Application time: 0.4920806 seconds
[83.466s][info][safepoint] Entering safepoint region: ParallelGCFailedAllocation
[83.469s][info][gc       ] GC(164) Pause Young (Allocation Failure) 2685M->1658M(4768M) 3.055ms
[83.470s][info][safepoint] Leaving safepoint region
[83.470s][info][safepoint] Total time for which application threads were stopped: 0.0042162 seconds, Stopping threads took: 0.0004427 seconds
[83.966s][info][safepoint] Application time: 0.4952944 seconds
[83.966s][info][safepoint] Entering safepoint region: ParallelGCFailedAllocation
[83.971s][info][gc       ] GC(165) Pause Young (Allocation Failure) 2685M->1658M(4835M) 4.286ms
[83.972s][info][safepoint] Leaving safepoint region
[83.972s][info][safepoint] Total time for which application threads were stopped: 0.0060743 seconds, Stopping threads took: 0.0004339 seconds
[84.514s][info][safepoint] Application time: 0.5413761 seconds
[84.515s][info][safepoint] Entering safepoint region: ParallelGCFailedAllocation
[84.517s][info][gc       ] GC(166) Pause Young (Allocation Failure) 2774M->1658M(4814M) 2.307ms
[84.518s][info][safepoint] Leaving safepoint region
[84.518s][info][safepoint] Total time for which application threads were stopped: 0.0035998 seconds, Stopping threads took: 0.0003962 seconds
[85.045s][info][safepoint] Application time: 0.5262339 seconds
[85.045s][info][safepoint] Entering safepoint region: ParallelGCFailedAllocation
[85.049s][info][gc       ] GC(167) Pause Young (Allocation Failure) 2774M->1658M(4874M) 3.372ms
[85.050s][info][safepoint] Leaving safepoint region
[85.050s][info][safepoint] Total time for which application threads were stopped: 0.0049270 seconds, Stopping threads took: 0.0005826 seconds
[85.590s][info][safepoint] Application time: 0.5388152 seconds
[85.590s][info][safepoint] Entering safepoint region: ParallelGCFailedAllocation
[85.596s][info][gc       ] GC(168) Pause Young (Allocation Failure) 2854M->1658M(4855M) 5.015ms
[85.597s][info][safepoint] Leaving safepoint region
[85.597s][info][safepoint] Total time for which application threads were stopped: 0.0072932 seconds, Stopping threads took: 0.0006323 seconds
[86.176s][info][safepoint] Application time: 0.5774593 seconds
[86.176s][info][safepoint] Entering safepoint region: ParallelGCFailedAllocation
[86.179s][info][gc       ] GC(169) Pause Young (Allocation Failure) 2854M->1658M(4908M) 2.793ms
[86.180s][info][safepoint] Leaving safepoint region
[86.180s][info][safepoint] Total time for which application threads were stopped: 0.0040591 seconds, Stopping threads took: 0.0003359 seconds
[86.822s][info][safepoint] Application time: 0.6411826 seconds
[86.822s][info][safepoint] Entering safepoint region: ParallelGCFailedAllocation
[86.827s][info][gc       ] GC(170) Pause Young (Allocation Failure) 2925M->1658M(4892M) 3.893ms
[86.828s][info][safepoint] Leaving safepoint region
[86.829s][info][safepoint] Total time for which application threads were stopped: 0.0060771 seconds, Stopping threads took: 0.0005604 seconds
[87.439s][info][safepoint] Application time: 0.6100874 seconds
[87.440s][info][safepoint] Entering safepoint region: ParallelGCFailedAllocation
[87.444s][info][gc       ] GC(171) Pause Young (Allocation Failure) 2925M->1658M(4939M) 3.247ms
[87.444s][info][safepoint] Leaving safepoint region
[87.445s][info][safepoint] Total time for which application threads were stopped: 0.0048160 seconds, Stopping threads took: 0.0003894 seconds
[88.076s][info][safepoint] Application time: 0.6309833 seconds
[88.077s][info][safepoint] Entering safepoint region: ParallelGCFailedAllocation
[88.081s][info][gc       ] GC(172) Pause Young (Allocation Failure) 2987M->1658M(4924M) 3.213ms
[88.081s][info][safepoint] Leaving safepoint region
[88.082s][info][safepoint] Total time for which application threads were stopped: 0.0047083 seconds, Stopping threads took: 0.0005020 seconds
[88.696s][info][safepoint] Application time: 0.6142763 seconds
[88.697s][info][safepoint] Entering safepoint region: ParallelGCFailedAllocation
[88.700s][info][gc       ] GC(173) Pause Young (Allocation Failure) 2987M->1658M(4965M) 2.279ms
[88.700s][info][safepoint] Leaving safepoint region
[88.700s][info][safepoint] Total time for which application threads were stopped: 0.0035253 seconds, Stopping threads took: 0.0003662 seconds
[89.353s][info][safepoint] Application time: 0.6522627 seconds
[89.353s][info][safepoint] Entering safepoint region: ParallelGCFailedAllocation
[89.358s][info][gc       ] GC(174) Pause Young (Allocation Failure) 3042M->1658M(4952M) 3.925ms
[89.358s][info][safepoint] Leaving safepoint region
[89.358s][info][safepoint] Total time for which application threads were stopped: 0.0051173 seconds, Stopping threads took: 0.0002415 seconds
[90.004s][info][safepoint] Application time: 0.6450766 seconds
[90.005s][info][safepoint] Entering safepoint region: ParallelGCFailedAllocation
[90.008s][info][gc       ] GC(175) Pause Young (Allocation Failure) 3042M->1658M(4988M) 2.471ms
[90.008s][info][safepoint] Leaving safepoint region
[90.008s][info][safepoint] Total time for which application threads were stopped: 0.0038183 seconds, Stopping threads took: 0.0005233 seconds
[90.665s][info][safepoint] Application time: 0.6556587 seconds
[90.665s][info][safepoint] Entering safepoint region: ParallelGCFailedAllocation
[90.671s][info][gc       ] GC(176) Pause Young (Allocation Failure) 3089M->1658M(4977M) 4.522ms
[90.671s][info][safepoint] Leaving safepoint region
[90.672s][info][safepoint] Total time for which application threads were stopped: 0.0063404 seconds, Stopping threads took: 0.0006803 seconds
[91.339s][info][safepoint] Application time: 0.6661140 seconds
[91.339s][info][safepoint] Entering safepoint region: ParallelGCFailedAllocation
[91.342s][info][gc       ] GC(177) Pause Young (Allocation Failure) 3089M->1658M(5007M) 2.681ms
[91.343s][info][safepoint] Leaving safepoint region
[91.343s][info][safepoint] Total time for which application threads were stopped: 0.0040525 seconds, Stopping threads took: 0.0005427 seconds
[92.041s][info][safepoint] Application time: 0.6969747 seconds
[92.041s][info][safepoint] Entering safepoint region: ParallelGCFailedAllocation
[92.045s][info][gc       ] GC(178) Pause Young (Allocation Failure) 3130M->1658M(4998M) 3.307ms
[92.046s][info][safepoint] Leaving safepoint region
[92.046s][info][safepoint] Total time for which application threads were stopped: 0.0051580 seconds, Stopping threads took: 0.0003940 seconds
[92.754s][info][safepoint] Application time: 0.7073420 seconds
[92.755s][info][safepoint] Entering safepoint region: ParallelGCFailedAllocation
[92.758s][info][gc       ] GC(179) Pause Young (Allocation Failure) 3130M->1658M(5024M) 2.618ms
[92.759s][info][safepoint] Leaving safepoint region
[92.759s][info][safepoint] Total time for which application threads were stopped: 0.0044726 seconds, Stopping threads took: 0.0006542 seconds
[93.115s][info][safepoint] Application time: 0.3543452 seconds
[93.115s][info][safepoint] Entering safepoint region: ParallelGCFailedAllocation
[93.493s][info][gc       ] GC(180) Pause Young (Allocation Failure) 3165M->2790M(5016M) 376.849ms
[94.813s][info][gc       ] GC(181) Pause Full (Ergonomics) 2790M->1128M(4218M) 1319.415ms
[94.813s][info][safepoint] Leaving safepoint region
[94.814s][info][safepoint] Total time for which application threads were stopped: 1.6981706 seconds, Stopping threads took: 0.0004613 seconds
[95.071s][info][safepoint] Application time: 0.2567997 seconds
[95.071s][info][safepoint] Entering safepoint region: ParallelGCFailedAllocation
[95.295s][info][gc       ] GC(182) Pause Young (Allocation Failure) 1830M->1798M(4617M) 223.730ms
[95.296s][info][safepoint] Leaving safepoint region
[95.296s][info][safepoint] Total time for which application threads were stopped: 0.2250711 seconds, Stopping threads took: 0.0002459 seconds
[95.638s][info][safepoint] Application time: 0.3406703 seconds
[95.638s][info][safepoint] Entering safepoint region: ParallelGCFailedAllocation
[95.805s][info][gc       ] GC(183) Pause Young (Allocation Failure) 2500M->1798M(4485M) 166.097ms
[95.805s][info][safepoint] Leaving safepoint region
[95.805s][info][safepoint] Total time for which application threads were stopped: 0.1674012 seconds, Stopping threads took: 0.0003497 seconds
[96.090s][info][safepoint] Application time: 0.2837946 seconds
[96.090s][info][safepoint] Entering safepoint region: ParallelGCFailedAllocation
[96.253s][info][gc       ] GC(184) Pause Young (Allocation Failure) 2368M->1798M(4551M) 162.596ms
[96.254s][info][safepoint] Leaving safepoint region
[96.254s][info][safepoint] Total time for which application threads were stopped: 0.1636957 seconds, Stopping threads took: 0.0002913 seconds
[96.535s][info][safepoint] Application time: 0.2806208 seconds
[96.535s][info][safepoint] Entering safepoint region: ParallelGCFailedAllocation
[96.697s][info][gc       ] GC(185) Pause Young (Allocation Failure) 2368M->1798M(4551M) 161.720ms
[96.698s][info][safepoint] Leaving safepoint region
[96.698s][info][safepoint] Total time for which application threads were stopped: 0.1628522 seconds, Stopping threads took: 0.0002828 seconds
[96.958s][info][safepoint] Application time: 0.2598280 seconds
[96.959s][info][safepoint] Entering safepoint region: ParallelGCFailedAllocation
[97.120s][info][gc       ] GC(186) Pause Young (Allocation Failure) 2368M->1798M(4551M) 160.221ms
[97.120s][info][safepoint] Leaving safepoint region
[97.120s][info][safepoint] Total time for which application threads were stopped: 0.1618156 seconds, Stopping threads took: 0.0006024 seconds
[97.381s][info][safepoint] Application time: 0.2602179 seconds
[97.382s][info][safepoint] Entering safepoint region: ParallelGCFailedAllocation
[97.541s][info][gc       ] GC(187) Pause Young (Allocation Failure) 2368M->1798M(4551M) 158.549ms
[97.541s][info][safepoint] Leaving safepoint region
[97.542s][info][safepoint] Total time for which application threads were stopped: 0.1599169 seconds, Stopping threads took: 0.0003685 seconds
[97.813s][info][safepoint] Application time: 0.2708067 seconds
[97.814s][info][safepoint] Entering safepoint region: ParallelGCFailedAllocation
[97.979s][info][gc       ] GC(188) Pause Young (Allocation Failure) 2368M->1798M(4551M) 165.005ms
[97.980s][info][safepoint] Leaving safepoint region
[97.980s][info][safepoint] Total time for which application threads were stopped: 0.1664431 seconds, Stopping threads took: 0.0005510 seconds
[98.246s][info][safepoint] Application time: 0.2658354 seconds
[98.247s][info][safepoint] Entering safepoint region: ParallelGCFailedAllocation
[98.489s][info][gc       ] GC(189) Pause Young (Allocation Failure) 2368M->1800M(4551M) 241.561ms
[98.489s][info][safepoint] Leaving safepoint region
[98.490s][info][safepoint] Total time for which application threads were stopped: 0.2431357 seconds, Stopping threads took: 0.0004004 seconds
[98.755s][info][safepoint] Application time: 0.2643353 seconds
[98.755s][info][safepoint] Entering safepoint region: ParallelGCFailedAllocation
[98.781s][info][gc       ] GC(190) Pause Young (Allocation Failure) 2370M->1800M(4551M) 25.602ms
[98.782s][info][safepoint] Leaving safepoint region
[98.783s][info][safepoint] Total time for which application threads were stopped: 0.0277963 seconds, Stopping threads took: 0.0005672 seconds
[99.062s][info][safepoint] Application time: 0.2785487 seconds
[99.063s][info][safepoint] Entering safepoint region: ParallelGCFailedAllocation
[99.072s][info][gc       ] GC(191) Pause Young (Allocation Failure) 2370M->1800M(4551M) 8.536ms
[99.072s][info][safepoint] Leaving safepoint region
[99.073s][info][safepoint] Total time for which application threads were stopped: 0.0098813 seconds, Stopping threads took: 0.0003657 seconds
[99.344s][info][safepoint] Application time: 0.2704898 seconds
[99.344s][info][safepoint] Entering safepoint region: ParallelGCFailedAllocation
[99.353s][info][gc       ] GC(192) Pause Young (Allocation Failure) 2370M->1800M(4551M) 8.422ms
[99.354s][info][safepoint] Leaving safepoint region
[99.354s][info][safepoint] Total time for which application threads were stopped: 0.0097200 seconds, Stopping threads took: 0.0003797 seconds
[99.630s][info][safepoint] Application time: 0.2757599 seconds
[99.631s][info][safepoint] Entering safepoint region: ParallelGCFailedAllocation
[99.640s][info][gc       ] GC(193) Pause Young (Allocation Failure) 2370M->1800M(4551M) 8.974ms
[99.641s][info][safepoint] Leaving safepoint region
[99.641s][info][safepoint] Total time for which application threads were stopped: 0.0108371 seconds, Stopping threads took: 0.0002905 seconds
[99.948s][info][safepoint] Application time: 0.3059318 seconds
[99.949s][info][safepoint] Entering safepoint region: ParallelGCFailedAllocation
[99.957s][info][gc       ] GC(194) Pause Young (Allocation Failure) 2370M->1800M(4551M) 8.103ms
[99.958s][info][safepoint] Leaving safepoint region
[99.958s][info][safepoint] Total time for which application threads were stopped: 0.0095791 seconds, Stopping threads took: 0.0005228 seconds
[100.238s][info][safepoint] Application time: 0.2793010 seconds
[100.239s][info][safepoint] Entering safepoint region: ParallelGCFailedAllocation
[100.247s][info][gc       ] GC(195) Pause Young (Allocation Failure) 2370M->1800M(4551M) 8.208ms
[100.248s][info][safepoint] Leaving safepoint region
[100.249s][info][safepoint] Total time for which application threads were stopped: 0.0098683 seconds, Stopping threads took: 0.0003978 seconds
[100.516s][info][safepoint] Application time: 0.2667538 seconds
[100.517s][info][safepoint] Entering safepoint region: ParallelGCFailedAllocation
[100.527s][info][gc       ] GC(196) Pause Young (Allocation Failure) 2370M->1800M(4551M) 9.341ms
[100.527s][info][safepoint] Leaving safepoint region
[100.527s][info][safepoint] Total time for which application threads were stopped: 0.0106959 seconds, Stopping threads took: 0.0005288 seconds
[100.796s][info][safepoint] Application time: 0.2681986 seconds
[100.796s][info][safepoint] Entering safepoint region: ParallelGCFailedAllocation
[100.805s][info][gc       ] GC(197) Pause Young (Allocation Failure) 2370M->1800M(4551M) 8.441ms
[100.806s][info][safepoint] Leaving safepoint region
[100.807s][info][safepoint] Total time for which application threads were stopped: 0.0101830 seconds, Stopping threads took: 0.0002544 seconds
[101.092s][info][safepoint] Application time: 0.2841668 seconds
[101.092s][info][safepoint] Entering safepoint region: ParallelGCFailedAllocation
[101.101s][info][gc       ] GC(198) Pause Young (Allocation Failure) 2370M->1800M(4551M) 8.560ms
[101.102s][info][safepoint] Leaving safepoint region
[101.102s][info][safepoint] Total time for which application threads were stopped: 0.0103079 seconds, Stopping threads took: 0.0005050 seconds
[101.390s][info][safepoint] Application time: 0.2872664 seconds
[101.391s][info][safepoint] Entering safepoint region: ParallelGCFailedAllocation
[101.399s][info][gc       ] GC(199) Pause Young (Allocation Failure) 2370M->1800M(4551M) 8.256ms
[101.400s][info][safepoint] Leaving safepoint region
[101.400s][info][safepoint] Total time for which application threads were stopped: 0.0096306 seconds, Stopping threads took: 0.0002219 seconds
[101.659s][info][safepoint] Application time: 0.2581176 seconds
[101.659s][info][safepoint] Entering safepoint region: ParallelGCFailedAllocation
[101.668s][info][gc       ] GC(200) Pause Young (Allocation Failure) 2370M->1800M(4551M) 8.160ms
[101.669s][info][safepoint] Leaving safepoint region
[101.669s][info][safepoint] Total time for which application threads were stopped: 0.0097668 seconds, Stopping threads took: 0.0004023 seconds
[101.962s][info][safepoint] Application time: 0.2923406 seconds
[101.963s][info][safepoint] Entering safepoint region: ParallelGCFailedAllocation
[101.973s][info][gc       ] GC(201) Pause Young (Allocation Failure) 2370M->1800M(4563M) 9.941ms
[101.974s][info][safepoint] Leaving safepoint region
[101.974s][info][safepoint] Total time for which application threads were stopped: 0.0113528 seconds, Stopping threads took: 0.0006013 seconds
[102.256s][info][safepoint] Application time: 0.2811780 seconds
[102.256s][info][safepoint] Entering safepoint region: ParallelGCFailedAllocation
[102.265s][info][gc       ] GC(202) Pause Young (Allocation Failure) 2382M->1800M(4551M) 8.572ms
[102.266s][info][safepoint] Leaving safepoint region
[102.266s][info][safepoint] Total time for which application threads were stopped: 0.0098299 seconds, Stopping threads took: 0.0005519 seconds
[102.537s][info][safepoint] Application time: 0.2710543 seconds
[102.538s][info][safepoint] Entering safepoint region: ParallelGCFailedAllocation
[102.548s][info][gc       ] GC(203) Pause Young (Allocation Failure) 2382M->1800M(4628M) 9.276ms
[102.549s][info][safepoint] Leaving safepoint region
[102.549s][info][safepoint] Total time for which application threads were stopped: 0.0112897 seconds, Stopping threads took: 0.0004271 seconds
[102.889s][info][safepoint] Application time: 0.3393801 seconds
[102.890s][info][safepoint] Entering safepoint region: ParallelGCFailedAllocation
[102.902s][info][gc       ] GC(204) Pause Young (Allocation Failure) 2492M->1800M(4596M) 11.378ms
[102.903s][info][safepoint] Leaving safepoint region
[102.903s][info][safepoint] Total time for which application threads were stopped: 0.0133223 seconds, Stopping threads took: 0.0003695 seconds
[103.229s][info][safepoint] Application time: 0.3252835 seconds
[103.229s][info][safepoint] Entering safepoint region: ParallelGCFailedAllocation
[103.238s][info][gc       ] GC(205) Pause Young (Allocation Failure) 2492M->1800M(4689M) 8.293ms
[103.239s][info][safepoint] Leaving safepoint region
[103.240s][info][safepoint] Total time for which application threads were stopped: 0.0101534 seconds, Stopping threads took: 0.0003465 seconds
[103.652s][info][safepoint] Application time: 0.4122867 seconds
[103.653s][info][safepoint] Entering safepoint region: ParallelGCFailedAllocation
[103.663s][info][gc       ] GC(206) Pause Young (Allocation Failure) 2615M->1800M(4659M) 9.649ms
[103.664s][info][safepoint] Leaving safepoint region
[103.665s][info][safepoint] Total time for which application threads were stopped: 0.0116146 seconds, Stopping threads took: 0.0006863 seconds
[104.070s][info][safepoint] Application time: 0.4047426 seconds
[104.071s][info][safepoint] Entering safepoint region: ParallelGCFailedAllocation
[104.080s][info][gc       ] GC(207) Pause Young (Allocation Failure) 2615M->1800M(4744M) 9.363ms
[104.081s][info][safepoint] Leaving safepoint region
[104.082s][info][safepoint] Total time for which application threads were stopped: 0.0115477 seconds, Stopping threads took: 0.0003895 seconds
[104.533s][info][safepoint] Application time: 0.4498954 seconds
[104.534s][info][safepoint] Entering safepoint region: ParallelGCFailedAllocation
[104.545s][info][gc       ] GC(208) Pause Young (Allocation Failure) 2728M->1800M(4717M) 10.656ms
[104.545s][info][safepoint] Leaving safepoint region
[104.546s][info][safepoint] Total time for which application threads were stopped: 0.0123379 seconds, Stopping threads took: 0.0006863 seconds
[104.992s][info][safepoint] Application time: 0.4459952 seconds
[104.993s][info][safepoint] Entering safepoint region: ParallelGCFailedAllocation
[105.003s][info][gc       ] GC(209) Pause Young (Allocation Failure) 2728M->1800M(4793M) 9.514ms
[105.003s][info][safepoint] Leaving safepoint region
[105.004s][info][safepoint] Total time for which application threads were stopped: 0.0107773 seconds, Stopping threads took: 0.0004010 seconds
[105.481s][info][safepoint] Application time: 0.4764857 seconds
[105.481s][info][safepoint] Entering safepoint region: ParallelGCFailedAllocation
[105.491s][info][gc       ] GC(210) Pause Young (Allocation Failure) 2830M->1800M(4769M) 9.222ms
[105.491s][info][safepoint] Leaving safepoint region
[105.493s][info][safepoint] Total time for which application threads were stopped: 0.0123737 seconds, Stopping threads took: 0.0003424 seconds
[105.986s][info][safepoint] Application time: 0.4914475 seconds
[105.986s][info][safepoint] Entering safepoint region: ParallelGCFailedAllocation
[105.995s][info][gc       ] GC(211) Pause Young (Allocation Failure) 2830M->1800M(4838M) 8.585ms
[105.996s][info][safepoint] Leaving safepoint region
[105.997s][info][safepoint] Total time for which application threads were stopped: 0.0106648 seconds, Stopping threads took: 0.0003570 seconds
[106.569s][info][safepoint] Application time: 0.5708229 seconds
[106.569s][info][safepoint] Entering safepoint region: ParallelGCFailedAllocation
[106.578s][info][gc       ] GC(212) Pause Young (Allocation Failure) 2921M->1800M(4816M) 7.854ms
[106.578s][info][safepoint] Leaving safepoint region
[106.578s][info][safepoint] Total time for which application threads were stopped: 0.0090706 seconds, Stopping threads took: 0.0004056 seconds
[107.142s][info][safepoint] Application time: 0.5635203 seconds
[107.143s][info][safepoint] Entering safepoint region: ParallelGCFailedAllocation
[107.153s][info][gc       ] GC(213) Pause Young (Allocation Failure) 2921M->1800M(4877M) 9.476ms
[107.153s][info][safepoint] Leaving safepoint region
[107.154s][info][safepoint] Total time for which application threads were stopped: 0.0109496 seconds, Stopping threads took: 0.0004618 seconds
[107.733s][info][safepoint] Application time: 0.5792774 seconds
[107.734s][info][safepoint] Entering safepoint region: ParallelGCFailedAllocation
[107.743s][info][gc       ] GC(214) Pause Young (Allocation Failure) 3003M->1800M(4858M) 8.278ms
[107.743s][info][safepoint] Leaving safepoint region
[107.744s][info][safepoint] Total time for which application threads were stopped: 0.0100049 seconds, Stopping threads took: 0.0003718 seconds
[108.303s][info][safepoint] Application time: 0.5581138 seconds
[108.303s][info][safepoint] Entering safepoint region: ParallelGCFailedAllocation
[108.313s][info][gc       ] GC(215) Pause Young (Allocation Failure) 3003M->1800M(4912M) 9.129ms
[108.313s][info][safepoint] Leaving safepoint region
[108.314s][info][safepoint] Total time for which application threads were stopped: 0.0103733 seconds, Stopping threads took: 0.0004719 seconds
[108.909s][info][safepoint] Application time: 0.5947835 seconds
[108.909s][info][safepoint] Entering safepoint region: ParallelGCFailedAllocation
[108.918s][info][gc       ] GC(216) Pause Young (Allocation Failure) 3074M->1800M(4895M) 7.905ms
[108.919s][info][safepoint] Leaving safepoint region
[108.919s][info][safepoint] Total time for which application threads were stopped: 0.0097608 seconds, Stopping threads took: 0.0006559 seconds
[109.504s][info][safepoint] Application time: 0.5845334 seconds
[109.505s][info][safepoint] Entering safepoint region: ParallelGCFailedAllocation
[109.514s][info][gc       ] GC(217) Pause Young (Allocation Failure) 3074M->1800M(4942M) 9.028ms
[109.515s][info][safepoint] Leaving safepoint region
[109.515s][info][safepoint] Total time for which application threads were stopped: 0.0104799 seconds, Stopping threads took: 0.0005350 seconds
[110.124s][info][safepoint] Application time: 0.6089166 seconds
[110.125s][info][safepoint] Entering safepoint region: ParallelGCFailedAllocation
[110.135s][info][gc       ] GC(218) Pause Young (Allocation Failure) 3136M->1800M(4927M) 9.413ms
[110.136s][info][safepoint] Leaving safepoint region
[110.137s][info][safepoint] Total time for which application threads were stopped: 0.0116870 seconds, Stopping threads took: 0.0005703 seconds
[110.773s][info][safepoint] Application time: 0.6358222 seconds
[110.774s][info][safepoint] Entering safepoint region: ParallelGCFailedAllocation
[110.782s][info][gc       ] GC(219) Pause Young (Allocation Failure) 3136M->1800M(4968M) 8.103ms
[110.783s][info][safepoint] Leaving safepoint region
[110.784s][info][safepoint] Total time for which application threads were stopped: 0.0096915 seconds, Stopping threads took: 0.0003517 seconds
[111.419s][info][safepoint] Application time: 0.6350324 seconds
[111.420s][info][safepoint] Entering safepoint region: ParallelGCFailedAllocation
[111.429s][info][gc       ] GC(220) Pause Young (Allocation Failure) 3190M->1800M(4955M) 9.047ms
[111.430s][info][safepoint] Leaving safepoint region
[111.431s][info][safepoint] Total time for which application threads were stopped: 0.0109914 seconds, Stopping threads took: 0.0005208 seconds
[111.863s][info][safepoint] Application time: 0.4317715 seconds
[111.864s][info][safepoint] Entering safepoint region: ParallelGCFailedAllocation
[112.087s][info][gc       ] GC(221) Pause Young (Allocation Failure) 3190M->2529M(4475M) 222.858ms
[112.088s][info][safepoint] Leaving safepoint region
[112.088s][info][safepoint] Total time for which application threads were stopped: 0.2240672 seconds, Stopping threads took: 0.0004676 seconds
[112.229s][info][safepoint] Application time: 0.1406046 seconds
[112.229s][info][safepoint] Entering safepoint region: ParallelGCFailedAllocation
[112.513s][info][gc       ] GC(222) Pause Young (Allocation Failure) 3451M->3396M(4727M) 282.851ms
[114.315s][info][gc       ] GC(223) Pause Full (Ergonomics) 3396M->1591M(4375M) 1802.112ms
[114.316s][info][safepoint] Leaving safepoint region
[114.316s][info][safepoint] Total time for which application threads were stopped: 2.0872071 seconds, Stopping threads took: 0.0004735 seconds
[114.683s][info][safepoint] Application time: 0.3660050 seconds
[114.683s][info][safepoint] Entering safepoint region: ParallelGCFailedAllocation
[114.952s][info][gc       ] GC(224) Pause Young (Allocation Failure) 2160M->1804M(4551M) 267.745ms
[114.952s][info][safepoint] Leaving safepoint region
[114.953s][info][safepoint] Total time for which application threads were stopped: 0.2690906 seconds, Stopping threads took: 0.0003693 seconds
[115.231s][info][safepoint] Application time: 0.2779065 seconds
[115.231s][info][safepoint] Entering safepoint region: ParallelGCFailedAllocation
[115.486s][info][gc       ] GC(225) Pause Young (Allocation Failure) 2374M->1804M(4551M) 254.420ms
[115.487s][info][safepoint] Leaving safepoint region
[115.487s][info][safepoint] Total time for which application threads were stopped: 0.2560112 seconds, Stopping threads took: 0.0005763 seconds
[115.752s][info][safepoint] Application time: 0.2639730 seconds
[115.752s][info][safepoint] Entering safepoint region: ParallelGCFailedAllocation
[115.998s][info][gc       ] GC(226) Pause Young (Allocation Failure) 2374M->1804M(4551M) 245.740ms
[115.999s][info][safepoint] Leaving safepoint region
[115.999s][info][safepoint] Total time for which application threads were stopped: 0.2468987 seconds, Stopping threads took: 0.0003036 seconds
[116.263s][info][safepoint] Application time: 0.2633949 seconds
[116.263s][info][safepoint] Entering safepoint region: ParallelGCFailedAllocation
[116.513s][info][gc       ] GC(227) Pause Young (Allocation Failure) 2374M->1804M(4555M) 249.109ms
[116.513s][info][safepoint] Leaving safepoint region
[116.514s][info][safepoint] Total time for which application threads were stopped: 0.2504187 seconds, Stopping threads took: 0.0004347 seconds
[116.804s][info][safepoint] Application time: 0.2894704 seconds
[116.804s][info][safepoint] Entering safepoint region: ParallelGCFailedAllocation
[117.058s][info][gc       ] GC(228) Pause Young (Allocation Failure) 2377M->1804M(4551M) 253.290ms
[117.059s][info][safepoint] Leaving safepoint region
[117.059s][info][safepoint] Total time for which application threads were stopped: 0.2544093 seconds, Stopping threads took: 0.0004881 seconds
[117.328s][info][safepoint] Application time: 0.2690481 seconds
[117.329s][info][safepoint] Entering safepoint region: ParallelGCFailedAllocation
[117.584s][info][gc       ] GC(229) Pause Young (Allocation Failure) 2377M->1804M(4610M) 254.283ms
[117.584s][info][safepoint] Leaving safepoint region
[117.584s][info][safepoint] Total time for which application threads were stopped: 0.2554407 seconds, Stopping threads took: 0.0005732 seconds
[117.898s][info][safepoint] Application time: 0.3141948 seconds
[117.899s][info][safepoint] Entering safepoint region: ParallelGCFailedAllocation
[118.171s][info][gc       ] GC(230) Pause Young (Allocation Failure) 2464M->1804M(4583M) 271.490ms
[118.172s][info][safepoint] Leaving safepoint region
[118.172s][info][safepoint] Total time for which application threads were stopped: 0.2728530 seconds, Stopping threads took: 0.0004752 seconds
[118.509s][info][safepoint] Application time: 0.3361037 seconds
[118.509s][info][safepoint] Entering safepoint region: ParallelGCFailedAllocation
[118.802s][info][gc       ] GC(231) Pause Young (Allocation Failure) 2464M->1804M(4626M) 291.891ms
[118.802s][info][safepoint] Leaving safepoint region
[118.803s][info][safepoint] Total time for which application threads were stopped: 0.2934872 seconds, Stopping threads took: 0.0005392 seconds
[119.159s][info][safepoint] Application time: 0.3557610 seconds
[119.159s][info][safepoint] Entering safepoint region: ParallelGCFailedAllocation
[119.172s][info][gc       ] GC(232) Pause Young (Allocation Failure) 2531M->1804M(4630M) 11.782ms
[119.172s][info][safepoint] Leaving safepoint region
[119.173s][info][safepoint] Total time for which application threads were stopped: 0.0138627 seconds, Stopping threads took: 0.0003888 seconds
[119.503s][info][safepoint] Application time: 0.3288719 seconds
[119.503s][info][safepoint] Entering safepoint region: ParallelGCFailedAllocation
[119.514s][info][gc       ] GC(233) Pause Young (Allocation Failure) 2531M->1804M(4637M) 10.546ms
[119.515s][info][safepoint] Leaving safepoint region
[119.515s][info][safepoint] Total time for which application threads were stopped: 0.0120483 seconds, Stopping threads took: 0.0003444 seconds
[119.858s][info][safepoint] Application time: 0.3423538 seconds
[119.859s][info][safepoint] Entering safepoint region: ParallelGCFailedAllocation
[119.870s][info][gc       ] GC(234) Pause Young (Allocation Failure) 2540M->1804M(4631M) 11.091ms
[119.871s][info][safepoint] Leaving safepoint region
[119.872s][info][safepoint] Total time for which application threads were stopped: 0.0127341 seconds, Stopping threads took: 0.0004169 seconds
[120.225s][info][safepoint] Application time: 0.3535521 seconds
[120.226s][info][safepoint] Entering safepoint region: ParallelGCFailedAllocation
[120.238s][info][gc       ] GC(235) Pause Young (Allocation Failure) 2540M->1804M(4660M) 11.109ms
[120.238s][info][safepoint] Leaving safepoint region
[120.238s][info][safepoint] Total time for which application threads were stopped: 0.0124285 seconds, Stopping threads took: 0.0004493 seconds
[120.592s][info][safepoint] Application time: 0.3527607 seconds
[120.592s][info][safepoint] Entering safepoint region: ParallelGCFailedAllocation
[120.605s][info][gc       ] GC(236) Pause Young (Allocation Failure) 2578M->1804M(4647M) 11.849ms
[120.605s][info][safepoint] Leaving safepoint region
[120.606s][info][safepoint] Total time for which application threads were stopped: 0.0135316 seconds, Stopping threads took: 0.0006000 seconds
[120.988s][info][safepoint] Application time: 0.3816922 seconds
[120.988s][info][safepoint] Entering safepoint region: ParallelGCFailedAllocation
[121.000s][info][gc       ] GC(237) Pause Young (Allocation Failure) 2578M->1804M(4691M) 11.047ms
[121.001s][info][safepoint] Leaving safepoint region
[121.002s][info][safepoint] Total time for which application threads were stopped: 0.0131166 seconds, Stopping threads took: 0.0003479 seconds
[121.399s][info][safepoint] Application time: 0.3965188 seconds
[121.399s][info][safepoint] Entering safepoint region: ParallelGCFailedAllocation
[121.411s][info][gc       ] GC(238) Pause Young (Allocation Failure) 2637M->1804M(4675M) 11.251ms
[121.412s][info][safepoint] Leaving safepoint region
[121.412s][info][safepoint] Total time for which application threads were stopped: 0.0125095 seconds, Stopping threads took: 0.0003969 seconds
[121.817s][info][safepoint] Application time: 0.4048082 seconds
[121.818s][info][safepoint] Entering safepoint region: ParallelGCFailedAllocation
[121.829s][info][gc       ] GC(239) Pause Young (Allocation Failure) 2637M->1804M(4727M) 11.162ms
[121.830s][info][safepoint] Leaving safepoint region
[121.831s][info][safepoint] Total time for which application threads were stopped: 0.0128823 seconds, Stopping threads took: 0.0003619 seconds
[122.275s][info][safepoint] Application time: 0.4441439 seconds
[122.276s][info][safepoint] Entering safepoint region: ParallelGCFailedAllocation
[122.287s][info][gc       ] GC(240) Pause Young (Allocation Failure) 2707M->1804M(4709M) 10.415ms
[122.288s][info][safepoint] Leaving safepoint region
[122.289s][info][safepoint] Total time for which application threads were stopped: 0.0125792 seconds, Stopping threads took: 0.0007217 seconds
[122.735s][info][safepoint] Application time: 0.4458167 seconds
[122.735s][info][safepoint] Entering safepoint region: ParallelGCFailedAllocation
[122.747s][info][gc       ] GC(241) Pause Young (Allocation Failure) 2707M->1804M(4765M) 10.937ms
[122.747s][info][safepoint] Leaving safepoint region
[122.748s][info][safepoint] Total time for which application threads were stopped: 0.0122779 seconds, Stopping threads took: 0.0003014 seconds
[123.216s][info][safepoint] Application time: 0.4677128 seconds
[123.216s][info][safepoint] Entering safepoint region: ParallelGCFailedAllocation
[123.228s][info][gc       ] GC(242) Pause Young (Allocation Failure) 2782M->1804M(4746M) 10.905ms
[123.228s][info][safepoint] Leaving safepoint region
[123.229s][info][safepoint] Total time for which application threads were stopped: 0.0124570 seconds, Stopping threads took: 0.0003638 seconds
[123.701s][info][safepoint] Application time: 0.4724218 seconds
[123.702s][info][safepoint] Entering safepoint region: ParallelGCFailedAllocation
[123.713s][info][gc       ] GC(243) Pause Young (Allocation Failure) 2782M->1804M(4803M) 11.059ms
[123.714s][info][safepoint] Leaving safepoint region
[123.714s][info][safepoint] Total time for which application threads were stopped: 0.0124953 seconds, Stopping threads took: 0.0003913 seconds
[124.211s][info][safepoint] Application time: 0.4957814 seconds
[124.211s][info][safepoint] Entering safepoint region: ParallelGCFailedAllocation
[124.224s][info][gc       ] GC(244) Pause Young (Allocation Failure) 2858M->1804M(4784M) 12.057ms
[124.224s][info][safepoint] Leaving safepoint region
[124.225s][info][safepoint] Total time for which application threads were stopped: 0.0137069 seconds, Stopping threads took: 0.0005457 seconds
[124.738s][info][safepoint] Application time: 0.5131398 seconds
[124.739s][info][safepoint] Entering safepoint region: ParallelGCFailedAllocation
[124.751s][info][gc       ] GC(245) Pause Young (Allocation Failure) 2858M->1804M(4839M) 12.080ms
[124.752s][info][safepoint] Leaving safepoint region
[124.753s][info][safepoint] Total time for which application threads were stopped: 0.0141562 seconds, Stopping threads took: 0.0003721 seconds
[125.307s][info][safepoint] Application time: 0.5526644 seconds
[125.307s][info][safepoint] Entering safepoint region: ParallelGCFailedAllocation
[125.320s][info][gc       ] GC(246) Pause Young (Allocation Failure) 2931M->1804M(4821M) 11.905ms
[125.320s][info][safepoint] Leaving safepoint region
[125.321s][info][safepoint] Total time for which application threads were stopped: 0.0139877 seconds, Stopping threads took: 0.0004947 seconds
[125.880s][info][safepoint] Application time: 0.5583539 seconds
[125.881s][info][safepoint] Entering safepoint region: ParallelGCFailedAllocation
[125.892s][info][gc       ] GC(247) Pause Young (Allocation Failure) 2931M->1804M(4872M) 10.729ms
[125.893s][info][safepoint] Leaving safepoint region
[125.894s][info][safepoint] Total time for which application threads were stopped: 0.0128169 seconds, Stopping threads took: 0.0003479 seconds
[126.488s][info][safepoint] Application time: 0.5936177 seconds
[126.489s][info][safepoint] Entering safepoint region: ParallelGCFailedAllocation
[126.500s][info][gc       ] GC(248) Pause Young (Allocation Failure) 2999M->1804M(4856M) 11.106ms
[126.501s][info][safepoint] Leaving safepoint region
[126.501s][info][safepoint] Total time for which application threads were stopped: 0.0127940 seconds, Stopping threads took: 0.0003982 seconds
[127.089s][info][safepoint] Application time: 0.5869523 seconds
[127.089s][info][safepoint] Entering safepoint region: ParallelGCFailedAllocation
[127.101s][info][gc       ] GC(249) Pause Young (Allocation Failure) 2999M->1804M(4904M) 11.526ms
[127.102s][info][safepoint] Leaving safepoint region
[127.103s][info][safepoint] Total time for which application threads were stopped: 0.0134696 seconds, Stopping threads took: 0.0003579 seconds
[127.738s][info][safepoint] Application time: 0.6353687 seconds
[127.739s][info][safepoint] Entering safepoint region: ParallelGCFailedAllocation
[127.752s][info][gc       ] GC(250) Pause Young (Allocation Failure) 3063M->1804M(4888M) 12.464ms
[127.753s][info][safepoint] Leaving safepoint region
[127.754s][info][safepoint] Total time for which application threads were stopped: 0.0145475 seconds, Stopping threads took: 0.0004236 seconds
[128.361s][info][safepoint] Application time: 0.6061030 seconds
[128.361s][info][safepoint] Entering safepoint region: ParallelGCFailedAllocation
[128.373s][info][gc       ] GC(251) Pause Young (Allocation Failure) 3063M->1804M(4932M) 11.587ms
[128.374s][info][safepoint] Leaving safepoint region
[128.374s][info][safepoint] Total time for which application threads were stopped: 0.0128258 seconds, Stopping threads took: 0.0004187 seconds
[128.988s][info][safepoint] Application time: 0.6139889 seconds
[128.989s][info][safepoint] Entering safepoint region: ParallelGCFailedAllocation
[129.001s][info][gc       ] GC(252) Pause Young (Allocation Failure) 3121M->1804M(4918M) 11.438ms
[129.001s][info][safepoint] Leaving safepoint region
[129.002s][info][safepoint] Total time for which application threads were stopped: 0.0130571 seconds, Stopping threads took: 0.0004276 seconds
[129.619s][info][safepoint] Application time: 0.6172400 seconds
[129.620s][info][safepoint] Entering safepoint region: ParallelGCFailedAllocation
[129.632s][info][gc       ] GC(253) Pause Young (Allocation Failure) 3121M->1804M(4957M) 11.200ms
[129.632s][info][safepoint] Leaving safepoint region
[129.633s][info][safepoint] Total time for which application threads were stopped: 0.0125938 seconds, Stopping threads took: 0.0003177 seconds
[130.248s][info][safepoint] Application time: 0.6149111 seconds
[130.249s][info][safepoint] Entering safepoint region: ParallelGCFailedAllocation
[130.260s][info][gc       ] GC(254) Pause Young (Allocation Failure) 3173M->1804M(4945M) 10.848ms
[130.261s][info][safepoint] Leaving safepoint region
[130.261s][info][safepoint] Total time for which application threads were stopped: 0.0127082 seconds, Stopping threads took: 0.0006283 seconds
[130.894s][info][safepoint] Application time: 0.6320247 seconds
[130.895s][info][safepoint] Entering safepoint region: ParallelGCFailedAllocation
[130.908s][info][gc       ] GC(255) Pause Young (Allocation Failure) 3173M->1804M(4979M) 13.172ms
[130.909s][info][safepoint] Leaving safepoint region
[130.909s][info][safepoint] Total time for which application threads were stopped: 0.0145036 seconds, Stopping threads took: 0.0005909 seconds
[131.593s][info][safepoint] Application time: 0.6837730 seconds
[131.594s][info][safepoint] Entering safepoint region: ParallelGCFailedAllocation
[131.605s][info][gc       ] GC(256) Pause Young (Allocation Failure) 3219M->1804M(4969M) 10.978ms
[131.606s][info][safepoint] Leaving safepoint region
[131.606s][info][safepoint] Total time for which application threads were stopped: 0.0125838 seconds, Stopping threads took: 0.0003541 seconds
[131.973s][info][safepoint] Application time: 0.3661527 seconds
[131.974s][info][safepoint] Entering safepoint region: ParallelGCFailedAllocation
[132.267s][info][gc       ] GC(257) Pause Young (Allocation Failure) 3219M->2756M(4319M) 292.787ms
[133.320s][info][gc       ] GC(258) Pause Full (Ergonomics) 2756M->949M(4654M) 1052.636ms
[133.321s][info][safepoint] Leaving safepoint region
[133.321s][info][safepoint] Total time for which application threads were stopped: 1.3475469 seconds, Stopping threads took: 0.0005684 seconds
[133.459s][info][safepoint] Application time: 0.1377308 seconds
[133.460s][info][safepoint] Entering safepoint region: ParallelGCFailedAllocation
[133.656s][info][gc       ] GC(259) Pause Young (Allocation Failure) 1724M->1691M(4448M) 195.198ms
[133.656s][info][safepoint] Leaving safepoint region
[133.656s][info][safepoint] Total time for which application threads were stopped: 0.1964421 seconds, Stopping threads took: 0.0005024 seconds
[134.020s][info][safepoint] Application time: 0.3636885 seconds
[134.021s][info][safepoint] Entering safepoint region: ParallelGCFailedAllocation
[134.198s][info][gc       ] GC(260) Pause Young (Allocation Failure) 2261M->1797M(4551M) 177.243ms
[134.199s][info][safepoint] Leaving safepoint region
[134.200s][info][safepoint] Total time for which application threads were stopped: 0.1788689 seconds, Stopping threads took: 0.0002896 seconds
[134.474s][info][safepoint] Application time: 0.2738749 seconds
[134.474s][info][safepoint] Entering safepoint region: ParallelGCFailedAllocation
[134.636s][info][gc       ] GC(261) Pause Young (Allocation Failure) 2367M->1797M(4551M) 160.830ms
[134.636s][info][safepoint] Leaving safepoint region
[134.637s][info][safepoint] Total time for which application threads were stopped: 0.1624952 seconds, Stopping threads took: 0.0003936 seconds
[134.903s][info][safepoint] Application time: 0.2657843 seconds
[134.904s][info][safepoint] Entering safepoint region: ParallelGCFailedAllocation
[135.062s][info][gc       ] GC(262) Pause Young (Allocation Failure) 2367M->1798M(4551M) 157.690ms
[135.063s][info][safepoint] Leaving safepoint region
[135.063s][info][safepoint] Total time for which application threads were stopped: 0.1591306 seconds, Stopping threads took: 0.0005877 seconds
[135.341s][info][safepoint] Application time: 0.2774252 seconds
[135.341s][info][safepoint] Entering safepoint region: ParallelGCFailedAllocation
[135.502s][info][gc       ] GC(263) Pause Young (Allocation Failure) 2367M->1798M(4551M) 159.762ms
[135.502s][info][safepoint] Leaving safepoint region
[135.503s][info][safepoint] Total time for which application threads were stopped: 0.1614643 seconds, Stopping threads took: 0.0005783 seconds
[135.778s][info][safepoint] Application time: 0.2745627 seconds
[135.779s][info][safepoint] Entering safepoint region: ParallelGCFailedAllocation
[135.938s][info][gc       ] GC(264) Pause Young (Allocation Failure) 2367M->1798M(4551M) 158.276ms
[135.938s][info][safepoint] Leaving safepoint region
[135.938s][info][safepoint] Total time for which application threads were stopped: 0.1598403 seconds, Stopping threads took: 0.0005947 seconds
[136.216s][info][safepoint] Application time: 0.2774051 seconds
[136.218s][info][safepoint] Entering safepoint region: ParallelGCFailedAllocation
[136.380s][info][gc       ] GC(265) Pause Young (Allocation Failure) 2367M->1798M(4551M) 161.764ms
[136.381s][info][safepoint] Leaving safepoint region
[136.381s][info][safepoint] Total time for which application threads were stopped: 0.1637696 seconds, Stopping threads took: 0.0004777 seconds
[136.658s][info][safepoint] Application time: 0.2756355 seconds
[136.658s][info][safepoint] Entering safepoint region: ParallelGCFailedAllocation
[136.872s][info][gc       ] GC(266) Pause Young (Allocation Failure) 2367M->1800M(4551M) 212.713ms
[136.872s][info][safepoint] Leaving safepoint region
[136.873s][info][safepoint] Total time for which application threads were stopped: 0.2143055 seconds, Stopping threads took: 0.0005160 seconds
[137.135s][info][safepoint] Application time: 0.2621329 seconds
[137.136s][info][safepoint] Entering safepoint region: ParallelGCFailedAllocation
[137.263s][info][gc       ] GC(267) Pause Young (Allocation Failure) 2369M->1800M(4551M) 126.732ms
[137.264s][info][safepoint] Leaving safepoint region
[137.264s][info][safepoint] Total time for which application threads were stopped: 0.1282322 seconds, Stopping threads took: 0.0003329 seconds
[137.535s][info][safepoint] Application time: 0.2704135 seconds
[137.536s][info][safepoint] Entering safepoint region: ParallelGCFailedAllocation
[137.543s][info][gc       ] GC(268) Pause Young (Allocation Failure) 2370M->1800M(4551M) 6.576ms
[137.544s][info][safepoint] Leaving safepoint region
[137.544s][info][safepoint] Total time for which application threads were stopped: 0.0084110 seconds, Stopping threads took: 0.0006377 seconds
[137.830s][info][safepoint] Application time: 0.2853797 seconds
[137.831s][info][safepoint] Entering safepoint region: ParallelGCFailedAllocation
[137.839s][info][gc       ] GC(269) Pause Young (Allocation Failure) 2370M->1800M(4551M) 7.629ms
[137.839s][info][safepoint] Leaving safepoint region
[137.840s][info][safepoint] Total time for which application threads were stopped: 0.0094423 seconds, Stopping threads took: 0.0004945 seconds
[138.117s][info][safepoint] Application time: 0.2762006 seconds
[138.117s][info][safepoint] Entering safepoint region: ParallelGCFailedAllocation
[138.124s][info][gc       ] GC(270) Pause Young (Allocation Failure) 2370M->1800M(4551M) 6.627ms
[138.125s][info][safepoint] Leaving safepoint region
[138.125s][info][safepoint] Total time for which application threads were stopped: 0.0080000 seconds, Stopping threads took: 0.0003611 seconds
[138.405s][info][safepoint] Application time: 0.2787686 seconds
[138.406s][info][safepoint] Entering safepoint region: ParallelGCFailedAllocation
[138.413s][info][gc       ] GC(271) Pause Young (Allocation Failure) 2370M->1800M(4551M) 6.660ms
[138.413s][info][safepoint] Leaving safepoint region
[138.414s][info][safepoint] Total time for which application threads were stopped: 0.0081014 seconds, Stopping threads took: 0.0003058 seconds
[138.689s][info][safepoint] Application time: 0.2755623 seconds
[138.690s][info][safepoint] Entering safepoint region: ParallelGCFailedAllocation
[138.698s][info][gc       ] GC(272) Pause Young (Allocation Failure) 2370M->1800M(4551M) 7.349ms
[138.699s][info][safepoint] Leaving safepoint region
[138.699s][info][safepoint] Total time for which application threads were stopped: 0.0092563 seconds, Stopping threads took: 0.0003267 seconds
[138.990s][info][safepoint] Application time: 0.2905250 seconds
[138.991s][info][safepoint] Entering safepoint region: ParallelGCFailedAllocation
[139.001s][info][gc       ] GC(273) Pause Young (Allocation Failure) 2370M->1800M(4551M) 8.896ms
[139.001s][info][safepoint] Leaving safepoint region
[139.002s][info][safepoint] Total time for which application threads were stopped: 0.0109625 seconds, Stopping threads took: 0.0006335 seconds
[139.293s][info][safepoint] Application time: 0.2899305 seconds
[139.294s][info][safepoint] Entering safepoint region: ParallelGCFailedAllocation
[139.301s][info][gc       ] GC(274) Pause Young (Allocation Failure) 2370M->1800M(4551M) 7.117ms
[139.302s][info][safepoint] Leaving safepoint region
[139.302s][info][safepoint] Total time for which application threads were stopped: 0.0088773 seconds, Stopping threads took: 0.0005573 seconds
[139.579s][info][safepoint] Application time: 0.2764280 seconds
[139.580s][info][safepoint] Entering safepoint region: ParallelGCFailedAllocation
[139.588s][info][gc       ] GC(275) Pause Young (Allocation Failure) 2370M->1800M(4551M) 7.353ms
[139.589s][info][safepoint] Leaving safepoint region
[139.589s][info][safepoint] Total time for which application threads were stopped: 0.0092235 seconds, Stopping threads took: 0.0003565 seconds
[139.852s][info][safepoint] Application time: 0.2622834 seconds
[139.852s][info][safepoint] Entering safepoint region: ParallelGCFailedAllocation
[139.861s][info][gc       ] GC(276) Pause Young (Allocation Failure) 2370M->1800M(4551M) 8.006ms
[139.862s][info][safepoint] Leaving safepoint region
[139.862s][info][safepoint] Total time for which application threads were stopped: 0.0095331 seconds, Stopping threads took: 0.0004399 seconds
[140.124s][info][safepoint] Application time: 0.2614670 seconds
[140.125s][info][safepoint] Entering safepoint region: ParallelGCFailedAllocation
[140.132s][info][gc       ] GC(277) Pause Young (Allocation Failure) 2370M->1800M(4551M) 7.007ms
[140.133s][info][safepoint] Leaving safepoint region
[140.133s][info][safepoint] Total time for which application threads were stopped: 0.0087833 seconds, Stopping threads took: 0.0004868 seconds
[140.415s][info][safepoint] Application time: 0.2814950 seconds
[140.416s][info][safepoint] Entering safepoint region: ParallelGCFailedAllocation
[140.424s][info][gc       ] GC(278) Pause Young (Allocation Failure) 2370M->1800M(4551M) 7.925ms
[140.425s][info][safepoint] Leaving safepoint region
[140.425s][info][safepoint] Total time for which application threads were stopped: 0.0094286 seconds, Stopping threads took: 0.0003592 seconds
[140.685s][info][safepoint] Application time: 0.2596022 seconds
[140.686s][info][safepoint] Entering safepoint region: ParallelGCFailedAllocation
[140.694s][info][gc       ] GC(279) Pause Young (Allocation Failure) 2370M->1800M(4551M) 7.873ms
[140.695s][info][safepoint] Leaving safepoint region
[140.695s][info][safepoint] Total time for which application threads were stopped: 0.0094101 seconds, Stopping threads took: 0.0002939 seconds
[140.978s][info][safepoint] Application time: 0.2824234 seconds
[140.979s][info][safepoint] Entering safepoint region: ParallelGCFailedAllocation
[140.987s][info][gc       ] GC(280) Pause Young (Allocation Failure) 2370M->1800M(4551M) 7.804ms
[140.987s][info][safepoint] Leaving safepoint region
[140.988s][info][safepoint] Total time for which application threads were stopped: 0.0091235 seconds, Stopping threads took: 0.0002718 seconds
[141.257s][info][safepoint] Application time: 0.2688937 seconds
[141.258s][info][safepoint] Entering safepoint region: ParallelGCFailedAllocation
[141.265s][info][gc       ] GC(281) Pause Young (Allocation Failure) 2370M->1800M(4608M) 7.202ms
[141.266s][info][safepoint] Leaving safepoint region
[141.266s][info][safepoint] Total time for which application threads were stopped: 0.0087249 seconds, Stopping threads took: 0.0002951 seconds
[141.568s][info][safepoint] Application time: 0.3006901 seconds
[141.568s][info][safepoint] Entering safepoint region: ParallelGCFailedAllocation
[141.578s][info][gc       ] GC(282) Pause Young (Allocation Failure) 2450M->1800M(4575M) 8.928ms
[141.578s][info][safepoint] Leaving safepoint region
[141.579s][info][safepoint] Total time for which application threads were stopped: 0.0108169 seconds, Stopping threads took: 0.0004932 seconds
[141.907s][info][safepoint] Application time: 0.3279458 seconds
[141.908s][info][safepoint] Entering safepoint region: ParallelGCFailedAllocation
[141.916s][info][gc       ] GC(283) Pause Young (Allocation Failure) 2450M->1800M(4672M) 7.566ms
[141.917s][info][safepoint] Leaving safepoint region
[141.917s][info][safepoint] Total time for which application threads were stopped: 0.0092166 seconds, Stopping threads took: 0.0004821 seconds
[142.315s][info][safepoint] Application time: 0.3970223 seconds
[142.315s][info][safepoint] Entering safepoint region: ParallelGCFailedAllocation
[142.325s][info][gc       ] GC(284) Pause Young (Allocation Failure) 2580M->1800M(4641M) 9.079ms
[142.326s][info][safepoint] Leaving safepoint region
[142.327s][info][safepoint] Total time for which application threads were stopped: 0.0113547 seconds, Stopping threads took: 0.0005243 seconds
[142.723s][info][safepoint] Application time: 0.3951929 seconds
[142.723s][info][safepoint] Entering safepoint region: ParallelGCFailedAllocation
[142.732s][info][gc       ] GC(285) Pause Young (Allocation Failure) 2580M->1800M(4730M) 8.200ms
[142.733s][info][safepoint] Leaving safepoint region
[142.733s][info][safepoint] Total time for which application threads were stopped: 0.0098076 seconds, Stopping threads took: 0.0006672 seconds
[143.153s][info][safepoint] Application time: 0.4197296 seconds
[143.154s][info][safepoint] Entering safepoint region: ParallelGCFailedAllocation
[143.163s][info][gc       ] GC(286) Pause Young (Allocation Failure) 2699M->1800M(4702M) 7.923ms
[143.163s][info][safepoint] Leaving safepoint region
[143.164s][info][safepoint] Total time for which application threads were stopped: 0.0096557 seconds, Stopping threads took: 0.0005323 seconds
[143.611s][info][safepoint] Application time: 0.4473184 seconds
[143.612s][info][safepoint] Entering safepoint region: ParallelGCFailedAllocation
[143.621s][info][gc       ] GC(287) Pause Young (Allocation Failure) 2699M->1800M(4782M) 8.560ms
[143.622s][info][safepoint] Leaving safepoint region
[143.623s][info][safepoint] Total time for which application threads were stopped: 0.0106429 seconds, Stopping threads took: 0.0004177 seconds
[144.122s][info][safepoint] Application time: 0.4986929 seconds
[144.122s][info][safepoint] Entering safepoint region: ParallelGCFailedAllocation
[144.130s][info][gc       ] GC(288) Pause Young (Allocation Failure) 2805M->1800M(4756M) 6.723ms
[144.130s][info][safepoint] Leaving safepoint region
[144.131s][info][safepoint] Total time for which application threads were stopped: 0.0085053 seconds, Stopping threads took: 0.0003587 seconds
[144.635s][info][safepoint] Application time: 0.5037276 seconds
[144.636s][info][safepoint] Entering safepoint region: ParallelGCFailedAllocation
[144.643s][info][gc       ] GC(289) Pause Young (Allocation Failure) 2805M->1800M(4828M) 7.250ms
[144.644s][info][safepoint] Leaving safepoint region
[144.644s][info][safepoint] Total time for which application threads were stopped: 0.0086047 seconds, Stopping threads took: 0.0003019 seconds
[145.173s][info][safepoint] Application time: 0.5278842 seconds
[145.173s][info][safepoint] Entering safepoint region: ParallelGCFailedAllocation
[145.182s][info][gc       ] GC(290) Pause Young (Allocation Failure) 2901M->1800M(4806M) 8.225ms
[145.182s][info][safepoint] Leaving safepoint region
[145.183s][info][safepoint] Total time for which application threads were stopped: 0.0096758 seconds, Stopping threads took: 0.0003891 seconds
[145.738s][info][safepoint] Application time: 0.5544275 seconds
[145.738s][info][safepoint] Entering safepoint region: ParallelGCFailedAllocation
[145.747s][info][gc       ] GC(291) Pause Young (Allocation Failure) 2901M->1800M(4869M) 7.815ms
[145.747s][info][safepoint] Leaving safepoint region
[145.748s][info][safepoint] Total time for which application threads were stopped: 0.0101822 seconds, Stopping threads took: 0.0004510 seconds
[146.339s][info][safepoint] Application time: 0.5895380 seconds
[146.339s][info][safepoint] Entering safepoint region: ParallelGCFailedAllocation
[146.348s][info][gc       ] GC(292) Pause Young (Allocation Failure) 2985M->1800M(4849M) 8.421ms
[146.349s][info][safepoint] Leaving safepoint region
[146.350s][info][safepoint] Total time for which application threads were stopped: 0.0104886 seconds, Stopping threads took: 0.0003229 seconds
[146.933s][info][safepoint] Application time: 0.5821291 seconds
[146.933s][info][safepoint] Entering safepoint region: ParallelGCFailedAllocation
[146.942s][info][gc       ] GC(293) Pause Young (Allocation Failure) 2985M->1800M(4905M) 7.832ms
[146.942s][info][safepoint] Leaving safepoint region
[146.943s][info][safepoint] Total time for which application threads were stopped: 0.0093765 seconds, Stopping threads took: 0.0005030 seconds
[147.568s][info][safepoint] Application time: 0.6246593 seconds
[147.569s][info][safepoint] Entering safepoint region: ParallelGCFailedAllocation
[147.577s][info][gc       ] GC(294) Pause Young (Allocation Failure) 3060M->1800M(4888M) 7.950ms
[147.578s][info][safepoint] Leaving safepoint region
[147.579s][info][safepoint] Total time for which application threads were stopped: 0.0101731 seconds, Stopping threads took: 0.0004088 seconds
[148.179s][info][safepoint] Application time: 0.5992211 seconds
[148.179s][info][safepoint] Entering safepoint region: ParallelGCFailedAllocation
[148.187s][info][gc       ] GC(295) Pause Young (Allocation Failure) 3060M->1800M(4936M) 7.195ms
[148.187s][info][safepoint] Leaving safepoint region
[148.188s][info][safepoint] Total time for which application threads were stopped: 0.0083467 seconds, Stopping threads took: 0.0003456 seconds
[148.803s][info][safepoint] Application time: 0.6153471 seconds
[148.804s][info][safepoint] Entering safepoint region: ParallelGCFailedAllocation
[148.813s][info][gc       ] GC(296) Pause Young (Allocation Failure) 3125M->1800M(4921M) 7.905ms
[148.813s][info][safepoint] Leaving safepoint region
[148.813s][info][safepoint] Total time for which application threads were stopped: 0.0093356 seconds, Stopping threads took: 0.0006813 seconds
[149.436s][info][safepoint] Application time: 0.6217177 seconds
[149.436s][info][safepoint] Entering safepoint region: ParallelGCFailedAllocation
[149.445s][info][gc       ] GC(297) Pause Young (Allocation Failure) 3125M->1800M(4963M) 7.534ms
[149.445s][info][safepoint] Leaving safepoint region
[149.446s][info][safepoint] Total time for which application threads were stopped: 0.0091869 seconds, Stopping threads took: 0.0006405 seconds
[150.092s][info][safepoint] Application time: 0.6461511 seconds
[150.093s][info][safepoint] Entering safepoint region: ParallelGCFailedAllocation
[150.101s][info][gc       ] GC(298) Pause Young (Allocation Failure) 3181M->1800M(4950M) 7.164ms
[150.101s][info][safepoint] Leaving safepoint region
[150.102s][info][safepoint] Total time for which application threads were stopped: 0.0088850 seconds, Stopping threads took: 0.0005492 seconds
[150.568s][info][safepoint] Application time: 0.4650125 seconds
[150.568s][info][safepoint] Entering safepoint region: ParallelGCFailedAllocation
[150.758s][info][gc       ] GC(299) Pause Young (Allocation Failure) 3181M->2423M(4550M) 189.539ms
[150.758s][info][safepoint] Leaving safepoint region
[150.759s][info][safepoint] Total time for which application threads were stopped: 0.1906931 seconds, Stopping threads took: 0.0003213 seconds
[150.921s][info][safepoint] Application time: 0.1621780 seconds
[150.922s][info][safepoint] Entering safepoint region: ParallelGCFailedAllocation
[151.235s][info][gc       ] GC(300) Pause Young (Allocation Failure) 3375M->3357M(4763M) 312.315ms
[153.032s][info][gc       ] GC(301) Pause Full (Ergonomics) 3357M->1517M(4340M) 1796.511ms
[153.033s][info][safepoint] Leaving safepoint region
[153.033s][info][safepoint] Total time for which application threads were stopped: 2.1109862 seconds, Stopping threads took: 0.0006865 seconds
[153.334s][info][safepoint] Application time: 0.3003345 seconds
[153.334s][info][safepoint] Entering safepoint region: ParallelGCFailedAllocation
[153.472s][info][gc       ] GC(302) Pause Young (Allocation Failure) 2086M->1834M(4551M) 137.365ms
[153.473s][info][safepoint] Leaving safepoint region
[153.473s][info][safepoint] Total time for which application threads were stopped: 0.1385079 seconds, Stopping threads took: 0.0003412 seconds
[153.734s][info][safepoint] Application time: 0.2610070 seconds
[153.735s][info][safepoint] Entering safepoint region: ParallelGCFailedAllocation
[153.873s][info][gc       ] GC(303) Pause Young (Allocation Failure) 2404M->1834M(4551M) 138.135ms
[153.874s][info][safepoint] Leaving safepoint region
[153.874s][info][safepoint] Total time for which application threads were stopped: 0.1396729 seconds, Stopping threads took: 0.0003643 seconds
[154.147s][info][safepoint] Application time: 0.2724538 seconds
[154.148s][info][safepoint] Entering safepoint region: ParallelGCFailedAllocation
[154.289s][info][gc       ] GC(304) Pause Young (Allocation Failure) 2404M->1834M(4551M) 140.991ms
[154.290s][info][safepoint] Leaving safepoint region
[154.290s][info][safepoint] Total time for which application threads were stopped: 0.1422799 seconds, Stopping threads took: 0.0003718 seconds
[154.548s][info][safepoint] Application time: 0.2575675 seconds
[154.549s][info][safepoint] Entering safepoint region: ParallelGCFailedAllocation
[154.692s][info][gc       ] GC(305) Pause Young (Allocation Failure) 2403M->1834M(4551M) 143.040ms
[154.693s][info][safepoint] Leaving safepoint region
[154.693s][info][safepoint] Total time for which application threads were stopped: 0.1442251 seconds, Stopping threads took: 0.0004209 seconds
[154.951s][info][safepoint] Application time: 0.2580015 seconds
[154.952s][info][safepoint] Entering safepoint region: ParallelGCFailedAllocation
[155.089s][info][gc       ] GC(306) Pause Young (Allocation Failure) 2403M->1834M(4551M) 136.890ms
[155.090s][info][safepoint] Leaving safepoint region
[155.090s][info][safepoint] Total time for which application threads were stopped: 0.1382873 seconds, Stopping threads took: 0.0003578 seconds
[155.361s][info][safepoint] Application time: 0.2700883 seconds
[155.361s][info][safepoint] Entering safepoint region: ParallelGCFailedAllocation
[155.501s][info][gc       ] GC(307) Pause Young (Allocation Failure) 2404M->1834M(4551M) 139.030ms
[155.501s][info][safepoint] Leaving safepoint region
[155.502s][info][safepoint] Total time for which application threads were stopped: 0.1405987 seconds, Stopping threads took: 0.0004177 seconds
[155.766s][info][safepoint] Application time: 0.2634915 seconds
[155.767s][info][safepoint] Entering safepoint region: ParallelGCFailedAllocation
[155.902s][info][gc       ] GC(308) Pause Young (Allocation Failure) 2403M->1834M(4551M) 135.172ms
[155.903s][info][safepoint] Leaving safepoint region
[155.903s][info][safepoint] Total time for which application threads were stopped: 0.1368220 seconds, Stopping threads took: 0.0003520 seconds
[156.186s][info][safepoint] Application time: 0.2821132 seconds
[156.187s][info][safepoint] Entering safepoint region: ParallelGCFailedAllocation
[156.375s][info][gc       ] GC(309) Pause Young (Allocation Failure) 2403M->1835M(4551M) 188.142ms
[156.376s][info][safepoint] Leaving safepoint region
[156.376s][info][safepoint] Total time for which application threads were stopped: 0.1894927 seconds, Stopping threads took: 0.0003903 seconds
[156.643s][info][safepoint] Application time: 0.2658844 seconds
[156.643s][info][safepoint] Entering safepoint region: ParallelGCFailedAllocation
[156.652s][info][gc       ] GC(310) Pause Young (Allocation Failure) 2404M->1835M(4551M) 8.616ms
[156.653s][info][safepoint] Leaving safepoint region
[156.653s][info][safepoint] Total time for which application threads were stopped: 0.0100903 seconds, Stopping threads took: 0.0003574 seconds
[156.957s][info][safepoint] Application time: 0.3029730 seconds
[156.957s][info][safepoint] Entering safepoint region: ParallelGCFailedAllocation
[156.967s][info][gc       ] GC(311) Pause Young (Allocation Failure) 2404M->1835M(4551M) 9.132ms
[156.968s][info][safepoint] Leaving safepoint region
[156.969s][info][safepoint] Total time for which application threads were stopped: 0.0114202 seconds, Stopping threads took: 0.0005571 seconds
[157.262s][info][safepoint] Application time: 0.2928380 seconds
[157.263s][info][safepoint] Entering safepoint region: ParallelGCFailedAllocation
[157.273s][info][gc       ] GC(312) Pause Young (Allocation Failure) 2404M->1835M(4551M) 9.688ms
[157.274s][info][safepoint] Leaving safepoint region
[157.275s][info][safepoint] Total time for which application threads were stopped: 0.0117760 seconds, Stopping threads took: 0.0006184 seconds
[157.565s][info][safepoint] Application time: 0.2900357 seconds
[157.566s][info][safepoint] Entering safepoint region: ParallelGCFailedAllocation
[157.576s][info][gc       ] GC(313) Pause Young (Allocation Failure) 2404M->1835M(4551M) 9.362ms
[157.576s][info][safepoint] Leaving safepoint region
[157.577s][info][safepoint] Total time for which application threads were stopped: 0.0107411 seconds, Stopping threads took: 0.0003874 seconds
[157.846s][info][safepoint] Application time: 0.2687698 seconds
[157.847s][info][safepoint] Entering safepoint region: ParallelGCFailedAllocation
[157.857s][info][gc       ] GC(314) Pause Young (Allocation Failure) 2404M->1835M(4551M) 9.750ms
[157.857s][info][safepoint] Leaving safepoint region
[157.858s][info][safepoint] Total time for which application threads were stopped: 0.0112413 seconds, Stopping threads took: 0.0003843 seconds
[158.147s][info][safepoint] Application time: 0.2891910 seconds
[158.148s][info][safepoint] Entering safepoint region: ParallelGCFailedAllocation
[158.158s][info][gc       ] GC(315) Pause Young (Allocation Failure) 2404M->1835M(4561M) 9.480ms
[158.158s][info][safepoint] Leaving safepoint region
[158.159s][info][safepoint] Total time for which application threads were stopped: 0.0111346 seconds, Stopping threads took: 0.0003877 seconds
[158.474s][info][safepoint] Application time: 0.3148306 seconds
[158.475s][info][safepoint] Entering safepoint region: ParallelGCFailedAllocation
[158.484s][info][gc       ] GC(316) Pause Young (Allocation Failure) 2414M->1835M(4551M) 8.855ms
[158.485s][info][safepoint] Leaving safepoint region
[158.485s][info][safepoint] Total time for which application threads were stopped: 0.0105405 seconds, Stopping threads took: 0.0005451 seconds
[158.773s][info][safepoint] Application time: 0.2871995 seconds
[158.773s][info][safepoint] Entering safepoint region: ParallelGCFailedAllocation
[158.782s][info][gc       ] GC(317) Pause Young (Allocation Failure) 2414M->1835M(4610M) 8.264ms
[158.783s][info][safepoint] Leaving safepoint region
[158.783s][info][safepoint] Total time for which application threads were stopped: 0.0099773 seconds, Stopping threads took: 0.0003814 seconds
[159.123s][info][safepoint] Application time: 0.3387983 seconds
[159.123s][info][safepoint] Entering safepoint region: ParallelGCFailedAllocation
[159.132s][info][gc       ] GC(318) Pause Young (Allocation Failure) 2496M->1835M(4585M) 8.703ms
[159.133s][info][safepoint] Leaving safepoint region
[159.133s][info][safepoint] Total time for which application threads were stopped: 0.0101099 seconds, Stopping threads took: 0.0004113 seconds
[159.449s][info][safepoint] Application time: 0.3151957 seconds
[159.450s][info][safepoint] Entering safepoint region: ParallelGCFailedAllocation
[159.458s][info][gc       ] GC(319) Pause Young (Allocation Failure) 2496M->1835M(4660M) 8.075ms
[159.459s][info][safepoint] Leaving safepoint region
[159.460s][info][safepoint] Total time for which application threads were stopped: 0.0100428 seconds, Stopping threads took: 0.0005306 seconds
[159.827s][info][safepoint] Application time: 0.3667803 seconds
[159.828s][info][safepoint] Entering safepoint region: ParallelGCFailedAllocation
[159.836s][info][gc       ] GC(320) Pause Young (Allocation Failure) 2596M->1835M(4635M) 8.275ms
[159.837s][info][safepoint] Leaving safepoint region
[159.837s][info][safepoint] Total time for which application threads were stopped: 0.0091876 seconds, Stopping threads took: 0.0003269 seconds
[160.181s][info][safepoint] Application time: 0.3438599 seconds
[160.182s][info][safepoint] Entering safepoint region: ParallelGCFailedAllocation
[160.191s][info][gc       ] GC(321) Pause Young (Allocation Failure) 2596M->1835M(4709M) 9.312ms
[160.192s][info][safepoint] Leaving safepoint region
[160.192s][info][safepoint] Total time for which application threads were stopped: 0.0102908 seconds, Stopping threads took: 0.0003121 seconds
[160.601s][info][safepoint] Application time: 0.4089717 seconds
[160.602s][info][safepoint] Entering safepoint region: ParallelGCFailedAllocation
[160.610s][info][gc       ] GC(322) Pause Young (Allocation Failure) 2696M->1835M(4685M) 8.191ms
[160.611s][info][safepoint] Leaving safepoint region
[160.611s][info][safepoint] Total time for which application threads were stopped: 0.0093293 seconds, Stopping threads took: 0.0002425 seconds
[161.012s][info][safepoint] Application time: 0.4005082 seconds
[161.012s][info][safepoint] Entering safepoint region: ParallelGCFailedAllocation
[161.022s][info][gc       ] GC(323) Pause Young (Allocation Failure) 2696M->1835M(4756M) 8.916ms
[161.023s][info][safepoint] Leaving safepoint region
[161.023s][info][safepoint] Total time for which application threads were stopped: 0.0108461 seconds, Stopping threads took: 0.0002262 seconds
[161.470s][info][safepoint] Application time: 0.4458455 seconds
[161.471s][info][safepoint] Entering safepoint region: ParallelGCFailedAllocation
[161.480s][info][gc       ] GC(324) Pause Young (Allocation Failure) 2791M->1835M(4733M) 8.731ms
[161.481s][info][safepoint] Leaving safepoint region
[161.481s][info][safepoint] Total time for which application threads were stopped: 0.0104482 seconds, Stopping threads took: 0.0005210 seconds
[161.955s][info][safepoint] Application time: 0.4734714 seconds
[161.956s][info][safepoint] Entering safepoint region: ParallelGCFailedAllocation
[161.965s][info][gc       ] GC(325) Pause Young (Allocation Failure) 2791M->1835M(4800M) 8.911ms
[161.966s][info][safepoint] Leaving safepoint region
[161.966s][info][safepoint] Total time for which application threads were stopped: 0.0098938 seconds, Stopping threads took: 0.0002959 seconds
[162.443s][info][safepoint] Application time: 0.4771625 seconds
[162.444s][info][safepoint] Entering safepoint region: ParallelGCFailedAllocation
[162.453s][info][gc       ] GC(326) Pause Young (Allocation Failure) 2881M->1835M(4779M) 9.278ms
[162.454s][info][safepoint] Leaving safepoint region
[162.454s][info][safepoint] Total time for which application threads were stopped: 0.0104006 seconds, Stopping threads took: 0.0003223 seconds
[162.990s][info][safepoint] Application time: 0.5351340 seconds
[162.990s][info][safepoint] Entering safepoint region: ParallelGCFailedAllocation
[163.000s][info][gc       ] GC(327) Pause Young (Allocation Failure) 2881M->1835M(4841M) 9.385ms
[163.001s][info][safepoint] Leaving safepoint region
[163.001s][info][safepoint] Total time for which application threads were stopped: 0.0113246 seconds, Stopping threads took: 0.0003979 seconds
[163.535s][info][safepoint] Application time: 0.5329776 seconds
[163.535s][info][safepoint] Entering safepoint region: ParallelGCFailedAllocation
[163.545s][info][gc       ] GC(328) Pause Young (Allocation Failure) 2964M->1835M(4821M) 8.849ms
[163.545s][info][safepoint] Leaving safepoint region
[163.545s][info][safepoint] Total time for which application threads were stopped: 0.0101894 seconds, Stopping threads took: 0.0004484 seconds
[164.060s][info][safepoint] Application time: 0.5146015 seconds
[164.061s][info][safepoint] Entering safepoint region: ParallelGCFailedAllocation
[164.071s][info][gc       ] GC(329) Pause Young (Allocation Failure) 2964M->1835M(4878M) 8.960ms
[164.071s][info][safepoint] Leaving safepoint region
[164.072s][info][safepoint] Total time for which application threads were stopped: 0.0105588 seconds, Stopping threads took: 0.0005375 seconds
[164.625s][info][safepoint] Application time: 0.5525039 seconds
[164.625s][info][safepoint] Entering safepoint region: ParallelGCFailedAllocation
[164.635s][info][gc       ] GC(330) Pause Young (Allocation Failure) 3039M->1835M(4860M) 9.180ms
[164.635s][info][safepoint] Leaving safepoint region
[164.635s][info][safepoint] Total time for which application threads were stopped: 0.0103770 seconds, Stopping threads took: 0.0002732 seconds
[165.208s][info][safepoint] Application time: 0.5721058 seconds
[165.208s][info][safepoint] Entering safepoint region: ParallelGCFailedAllocation
[165.220s][info][gc       ] GC(331) Pause Young (Allocation Failure) 3039M->1835M(4910M) 10.818ms
[165.220s][info][safepoint] Leaving safepoint region
[165.221s][info][safepoint] Total time for which application threads were stopped: 0.0127773 seconds, Stopping threads took: 0.0004424 seconds
[165.843s][info][safepoint] Application time: 0.6212480 seconds
[165.843s][info][safepoint] Entering safepoint region: ParallelGCFailedAllocation
[165.853s][info][gc       ] GC(332) Pause Young (Allocation Failure) 3106M->1835M(4894M) 9.262ms
[165.854s][info][safepoint] Leaving safepoint region
[165.854s][info][safepoint] Total time for which application threads were stopped: 0.0105415 seconds, Stopping threads took: 0.0004350 seconds
[166.476s][info][safepoint] Application time: 0.6214097 seconds
[166.477s][info][safepoint] Entering safepoint region: ParallelGCFailedAllocation
[166.486s][info][gc       ] GC(333) Pause Young (Allocation Failure) 3106M->1835M(4939M) 8.633ms
[166.486s][info][safepoint] Leaving safepoint region
[166.487s][info][safepoint] Total time for which application threads were stopped: 0.0099171 seconds, Stopping threads took: 0.0004716 seconds
[167.116s][info][safepoint] Application time: 0.6292622 seconds
[167.117s][info][safepoint] Entering safepoint region: ParallelGCFailedAllocation
[167.125s][info][gc       ] GC(334) Pause Young (Allocation Failure) 3166M->1835M(4925M) 8.213ms
[167.126s][info][safepoint] Leaving safepoint region
[167.126s][info][safepoint] Total time for which application threads were stopped: 0.0097400 seconds, Stopping threads took: 0.0003688 seconds
[167.746s][info][safepoint] Application time: 0.6189062 seconds
[167.746s][info][safepoint] Entering safepoint region: ParallelGCFailedAllocation
[167.757s][info][gc       ] GC(335) Pause Young (Allocation Failure) 3166M->1835M(4965M) 10.428ms
[167.758s][info][safepoint] Leaving safepoint region
[167.758s][info][safepoint] Total time for which application threads were stopped: 0.0120633 seconds, Stopping threads took: 0.0005007 seconds
[168.442s][info][safepoint] Application time: 0.6830765 seconds
[168.442s][info][safepoint] Entering safepoint region: ParallelGCFailedAllocation
[168.453s][info][gc       ] GC(336) Pause Young (Allocation Failure) 3219M->1835M(4953M) 9.645ms
[168.453s][info][safepoint] Leaving safepoint region
[168.454s][info][safepoint] Total time for which application threads were stopped: 0.0110681 seconds, Stopping threads took: 0.0003617 seconds
[169.103s][info][safepoint] Application time: 0.6491399 seconds
[169.104s][info][safepoint] Entering safepoint region: ParallelGCFailedAllocation
[169.113s][info][gc       ] GC(337) Pause Young (Allocation Failure) 3219M->1835M(4987M) 9.041ms
[169.114s][info][safepoint] Leaving safepoint region
[169.114s][info][safepoint] Total time for which application threads were stopped: 0.0105821 seconds, Stopping threads took: 0.0004298 seconds
[169.621s][info][safepoint] Application time: 0.5064151 seconds
[169.622s][info][safepoint] Entering safepoint region: ParallelGCFailedAllocation
[169.780s][info][gc       ] GC(338) Pause Young (Allocation Failure) 3265M->2354M(4976M) 157.880ms
[169.781s][info][safepoint] Leaving safepoint region
[169.781s][info][safepoint] Total time for which application threads were stopped: 0.1597951 seconds, Stopping threads took: 0.0006100 seconds
[170.156s][info][safepoint] Application time: 0.3740443 seconds
[170.156s][info][safepoint] Entering safepoint region: ParallelGCFailedAllocation
[170.614s][info][gc       ] GC(339) Pause Young (Allocation Failure) 3784M->3536M(4126M) 457.004ms
[172.646s][info][gc       ] GC(340) Pause Full (Ergonomics) 3536M->1657M(4551M) 2031.966ms
[172.647s][info][safepoint] Leaving safepoint region
[172.647s][info][safepoint] Total time for which application threads were stopped: 2.4910240 seconds, Stopping threads took: 0.0003913 seconds
[172.938s][info][safepoint] Application time: 0.2904609 seconds
[172.939s][info][safepoint] Entering safepoint region: ParallelGCFailedAllocation
[172.942s][info][gc       ] GC(341) Pause Young (Allocation Failure) 2227M->1658M(4551M) 2.457ms
[172.942s][info][safepoint] Leaving safepoint region
[172.943s][info][safepoint] Total time for which application threads were stopped: 0.0038993 seconds, Stopping threads took: 0.0003606 seconds
[173.230s][info][safepoint] Application time: 0.2868784 seconds
[173.231s][info][safepoint] Entering safepoint region: ParallelGCFailedAllocation
[173.237s][info][gc       ] GC(342) Pause Young (Allocation Failure) 2227M->1658M(4551M) 5.362ms
[173.238s][info][safepoint] Leaving safepoint region
[173.238s][info][safepoint] Total time for which application threads were stopped: 0.0071710 seconds, Stopping threads took: 0.0004092 seconds
[173.502s][info][safepoint] Application time: 0.2633522 seconds
[173.502s][info][safepoint] Entering safepoint region: ParallelGCFailedAllocation
[173.505s][info][gc       ] GC(343) Pause Young (Allocation Failure) 2227M->1658M(4551M) 2.382ms
[173.506s][info][safepoint] Leaving safepoint region
[173.506s][info][safepoint] Total time for which application threads were stopped: 0.0038873 seconds, Stopping threads took: 0.0004648 seconds
[173.781s][info][safepoint] Application time: 0.2742494 seconds
[173.782s][info][safepoint] Entering safepoint region: ParallelGCFailedAllocation
[173.785s][info][gc       ] GC(344) Pause Young (Allocation Failure) 2227M->1658M(4551M) 2.964ms
[173.786s][info][safepoint] Leaving safepoint region
[173.786s][info][safepoint] Total time for which application threads were stopped: 0.0043959 seconds, Stopping threads took: 0.0005215 seconds
[174.064s][info][safepoint] Application time: 0.2771074 seconds
[174.064s][info][safepoint] Entering safepoint region: ParallelGCFailedAllocation
[174.070s][info][gc       ] GC(345) Pause Young (Allocation Failure) 2227M->1658M(4551M) 5.211ms
[174.071s][info][safepoint] Leaving safepoint region
[174.071s][info][safepoint] Total time for which application threads were stopped: 0.0066836 seconds, Stopping threads took: 0.0002661 seconds
[174.350s][info][safepoint] Application time: 0.2784698 seconds
[174.350s][info][safepoint] Entering safepoint region: ParallelGCFailedAllocation
[174.355s][info][gc       ] GC(346) Pause Young (Allocation Failure) 2227M->1658M(4551M) 3.530ms
[174.355s][info][safepoint] Leaving safepoint region
[174.355s][info][safepoint] Total time for which application threads were stopped: 0.0048860 seconds, Stopping threads took: 0.0004935 seconds
[174.613s][info][safepoint] Application time: 0.2568322 seconds
[174.614s][info][safepoint] Entering safepoint region: ParallelGCFailedAllocation
[174.618s][info][gc       ] GC(347) Pause Young (Allocation Failure) 2227M->1658M(4574M) 4.176ms
[174.619s][info][safepoint] Leaving safepoint region
[174.619s][info][safepoint] Total time for which application threads were stopped: 0.0055201 seconds, Stopping threads took: 0.0004854 seconds
[174.902s][info][safepoint] Application time: 0.2825947 seconds
[174.903s][info][safepoint] Entering safepoint region: ParallelGCFailedAllocation
[174.908s][info][gc       ] GC(348) Pause Young (Allocation Failure) 2250M->1658M(4551M) 4.908ms
[174.909s][info][safepoint] Leaving safepoint region
[174.909s][info][safepoint] Total time for which application threads were stopped: 0.0063842 seconds, Stopping threads took: 0.0004445 seconds
[175.185s][info][safepoint] Application time: 0.2751453 seconds
[175.185s][info][safepoint] Entering safepoint region: ParallelGCFailedAllocation
[175.193s][info][gc       ] GC(349) Pause Young (Allocation Failure) 2250M->1658M(4634M) 6.544ms
[175.193s][info][safepoint] Leaving safepoint region
[175.194s][info][safepoint] Total time for which application threads were stopped: 0.0083494 seconds, Stopping threads took: 0.0005181 seconds
[175.522s][info][safepoint] Application time: 0.3277847 seconds
[175.522s][info][safepoint] Entering safepoint region: ParallelGCFailedAllocation
[175.526s][info][gc       ] GC(350) Pause Young (Allocation Failure) 2363M->1658M(4604M) 2.706ms
[175.526s][info][safepoint] Leaving safepoint region
[175.527s][info][safepoint] Total time for which application threads were stopped: 0.0044346 seconds, Stopping threads took: 0.0004416 seconds
[175.897s][info][safepoint] Application time: 0.3698873 seconds
[175.898s][info][safepoint] Entering safepoint region: ParallelGCFailedAllocation
[175.903s][info][gc       ] GC(351) Pause Young (Allocation Failure) 2363M->1658M(4691M) 5.067ms
[175.904s][info][safepoint] Leaving safepoint region
[175.905s][info][safepoint] Total time for which application threads were stopped: 0.0069054 seconds, Stopping threads took: 0.0004098 seconds
[176.300s][info][safepoint] Application time: 0.3947538 seconds
[176.300s][info][safepoint] Entering safepoint region: ParallelGCFailedAllocation
[176.303s][info][gc       ] GC(352) Pause Young (Allocation Failure) 2478M->1658M(4663M) 2.294ms
[176.303s][info][safepoint] Leaving safepoint region
[176.304s][info][safepoint] Total time for which application threads were stopped: 0.0035810 seconds, Stopping threads took: 0.0003949 seconds
[176.687s][info][safepoint] Application time: 0.3827813 seconds
[176.688s][info][safepoint] Entering safepoint region: ParallelGCFailedAllocation
[176.691s][info][gc       ] GC(353) Pause Young (Allocation Failure) 2478M->1658M(4744M) 2.701ms
[176.691s][info][safepoint] Leaving safepoint region
[176.692s][info][safepoint] Total time for which application threads were stopped: 0.0042679 seconds, Stopping threads took: 0.0003642 seconds
[177.148s][info][safepoint] Application time: 0.4559278 seconds
[177.149s][info][safepoint] Entering safepoint region: ParallelGCFailedAllocation
[177.152s][info][gc       ] GC(354) Pause Young (Allocation Failure) 2586M->1658M(4718M) 2.265ms
[177.153s][info][safepoint] Leaving safepoint region
[177.153s][info][safepoint] Total time for which application threads were stopped: 0.0039651 seconds, Stopping threads took: 0.0004639 seconds
[177.587s][info][safepoint] Application time: 0.4331414 seconds
[177.587s][info][safepoint] Entering safepoint region: ParallelGCFailedAllocation
[177.591s][info][gc       ] GC(355) Pause Young (Allocation Failure) 2586M->1658M(4792M) 3.012ms
[177.592s][info][safepoint] Leaving safepoint region
[177.592s][info][safepoint] Total time for which application threads were stopped: 0.0044759 seconds, Stopping threads took: 0.0006142 seconds
[178.091s][info][safepoint] Application time: 0.4986527 seconds
[178.092s][info][safepoint] Entering safepoint region: ParallelGCFailedAllocation
[178.101s][info][gc       ] GC(356) Pause Young (Allocation Failure) 2685M->1658M(4768M) 8.338ms
[178.101s][info][safepoint] Leaving safepoint region
[178.102s][info][safepoint] Total time for which application threads were stopped: 0.0105001 seconds, Stopping threads took: 0.0004896 seconds
[178.603s][info][safepoint] Application time: 0.5004553 seconds
[178.603s][info][safepoint] Entering safepoint region: ParallelGCFailedAllocation
[178.607s][info][gc       ] GC(357) Pause Young (Allocation Failure) 2685M->1658M(4835M) 2.951ms
[178.607s][info][safepoint] Leaving safepoint region
[178.608s][info][safepoint] Total time for which application threads were stopped: 0.0042986 seconds, Stopping threads took: 0.0003479 seconds
[179.111s][info][safepoint] Application time: 0.5031275 seconds
[179.112s][info][safepoint] Entering safepoint region: ParallelGCFailedAllocation
[179.118s][info][gc       ] GC(358) Pause Young (Allocation Failure) 2774M->1658M(4814M) 5.635ms
[179.119s][info][safepoint] Leaving safepoint region
[179.119s][info][safepoint] Total time for which application threads were stopped: 0.0076096 seconds, Stopping threads took: 0.0003824 seconds
[179.654s][info][safepoint] Application time: 0.5339183 seconds
[179.654s][info][safepoint] Entering safepoint region: ParallelGCFailedAllocation
[179.660s][info][gc       ] GC(359) Pause Young (Allocation Failure) 2774M->1658M(4874M) 4.796ms
[179.660s][info][safepoint] Leaving safepoint region
[179.660s][info][safepoint] Total time for which application threads were stopped: 0.0059809 seconds, Stopping threads took: 0.0004192 seconds
[180.238s][info][safepoint] Application time: 0.5768217 seconds
[180.238s][info][safepoint] Entering safepoint region: ParallelGCFailedAllocation
[180.244s][info][gc       ] GC(360) Pause Young (Allocation Failure) 2854M->1658M(4855M) 5.136ms
[180.245s][info][safepoint] Leaving safepoint region
[180.245s][info][safepoint] Total time for which application threads were stopped: 0.0066776 seconds, Stopping threads took: 0.0005470 seconds
[180.839s][info][safepoint] Application time: 0.5934374 seconds
[180.840s][info][safepoint] Entering safepoint region: ParallelGCFailedAllocation
[180.843s][info][gc       ] GC(361) Pause Young (Allocation Failure) 2854M->1658M(4908M) 3.005ms
[180.844s][info][safepoint] Leaving safepoint region
[180.845s][info][safepoint] Total time for which application threads were stopped: 0.0051121 seconds, Stopping threads took: 0.0006905 seconds
[181.456s][info][safepoint] Application time: 0.6110783 seconds
[181.457s][info][safepoint] Entering safepoint region: ParallelGCFailedAllocation
[181.461s][info][gc       ] GC(362) Pause Young (Allocation Failure) 2925M->1658M(4892M) 3.493ms
[181.462s][info][safepoint] Leaving safepoint region
[181.462s][info][safepoint] Total time for which application threads were stopped: 0.0052450 seconds, Stopping threads took: 0.0005690 seconds
[182.081s][info][safepoint] Application time: 0.6180757 seconds
[182.082s][info][safepoint] Entering safepoint region: ParallelGCFailedAllocation
[182.086s][info][gc       ] GC(363) Pause Young (Allocation Failure) 2925M->1658M(4939M) 3.966ms
[182.087s][info][safepoint] Leaving safepoint region
[182.087s][info][safepoint] Total time for which application threads were stopped: 0.0051482 seconds, Stopping threads took: 0.0003947 seconds
[182.692s][info][safepoint] Application time: 0.6047335 seconds
[182.693s][info][safepoint] Entering safepoint region: ParallelGCFailedAllocation
[182.696s][info][gc       ] GC(364) Pause Young (Allocation Failure) 2987M->1658M(4924M) 2.875ms
[182.697s][info][safepoint] Leaving safepoint region
[182.697s][info][safepoint] Total time for which application threads were stopped: 0.0045228 seconds, Stopping threads took: 0.0005339 seconds
[183.367s][info][safepoint] Application time: 0.6693700 seconds
[183.368s][info][safepoint] Entering safepoint region: ParallelGCFailedAllocation
[183.371s][info][gc       ] GC(365) Pause Young (Allocation Failure) 2987M->1658M(4965M) 2.944ms
[183.371s][info][safepoint] Leaving safepoint region
[183.372s][info][safepoint] Total time for which application threads were stopped: 0.0041419 seconds, Stopping threads took: 0.0004033 seconds
[184.047s][info][safepoint] Application time: 0.6746469 seconds
[184.047s][info][safepoint] Entering safepoint region: ParallelGCFailedAllocation
[184.050s][info][gc       ] GC(366) Pause Young (Allocation Failure) 3042M->1658M(4952M) 2.649ms
[184.051s][info][safepoint] Leaving safepoint region
[184.051s][info][safepoint] Total time for which application threads were stopped: 0.0041380 seconds, Stopping threads took: 0.0004484 seconds
[184.705s][info][safepoint] Application time: 0.6531933 seconds
[184.706s][info][safepoint] Entering safepoint region: ParallelGCFailedAllocation
[184.709s][info][gc       ] GC(367) Pause Young (Allocation Failure) 3042M->1658M(4988M) 2.231ms
[184.709s][info][safepoint] Leaving safepoint region
[184.709s][info][safepoint] Total time for which application threads were stopped: 0.0036498 seconds, Stopping threads took: 0.0006289 seconds
[185.383s][info][safepoint] Application time: 0.6728802 seconds
[185.383s][info][safepoint] Entering safepoint region: ParallelGCFailedAllocation
[185.386s][info][gc       ] GC(368) Pause Young (Allocation Failure) 3089M->1658M(4977M) 2.540ms
[185.387s][info][safepoint] Leaving safepoint region
[185.387s][info][safepoint] Total time for which application threads were stopped: 0.0037919 seconds, Stopping threads took: 0.0003050 seconds
[186.052s][info][safepoint] Application time: 0.6648413 seconds
[186.053s][info][safepoint] Entering safepoint region: ParallelGCFailedAllocation
[186.056s][info][gc       ] GC(369) Pause Young (Allocation Failure) 3089M->1658M(5007M) 2.409ms
[186.056s][info][safepoint] Leaving safepoint region
[186.057s][info][safepoint] Total time for which application threads were stopped: 0.0040582 seconds, Stopping threads took: 0.0005349 seconds
[186.747s][info][safepoint] Application time: 0.6897680 seconds
[186.748s][info][safepoint] Entering safepoint region: ParallelGCFailedAllocation
[186.751s][info][gc       ] GC(370) Pause Young (Allocation Failure) 3130M->1658M(4998M) 2.374ms
[186.751s][info][safepoint] Leaving safepoint region
[186.751s][info][safepoint] Total time for which application threads were stopped: 0.0034608 seconds, Stopping threads took: 0.0003677 seconds
[187.457s][info][safepoint] Application time: 0.7051604 seconds
[187.457s][info][safepoint] Entering safepoint region: ParallelGCFailedAllocation
[187.461s][info][gc       ] GC(371) Pause Young (Allocation Failure) 3130M->1658M(5024M) 3.172ms
[187.462s][info][safepoint] Leaving safepoint region
[187.462s][info][safepoint] Total time for which application threads were stopped: 0.0045007 seconds, Stopping threads took: 0.0004559 seconds
[187.804s][info][safepoint] Application time: 0.3416821 seconds
[187.805s][info][safepoint] Entering safepoint region: ParallelGCFailedAllocation
[188.181s][info][gc       ] GC(372) Pause Young (Allocation Failure) 3165M->2792M(5016M) 375.905ms
[189.317s][info][gc       ] GC(373) Pause Full (Ergonomics) 2792M->1131M(4215M) 1135.520ms
[189.318s][info][safepoint] Leaving safepoint region
[189.318s][info][safepoint] Total time for which application threads were stopped: 1.5137045 seconds, Stopping threads took: 0.0005565 seconds
[189.554s][info][safepoint] Application time: 0.2352272 seconds
[189.555s][info][safepoint] Entering safepoint region: ParallelGCFailedAllocation
[189.773s][info][gc       ] GC(374) Pause Young (Allocation Failure) 1830M->1798M(4616M) 217.619ms
[189.774s][info][safepoint] Leaving safepoint region
[189.774s][info][safepoint] Total time for which application threads were stopped: 0.2189509 seconds, Stopping threads took: 0.0005532 seconds
[190.091s][info][safepoint] Application time: 0.3174889 seconds
[190.092s][info][safepoint] Entering safepoint region: ParallelGCFailedAllocation
[190.255s][info][gc       ] GC(375) Pause Young (Allocation Failure) 2497M->1798M(4487M) 162.747ms
[190.256s][info][safepoint] Leaving safepoint region
[190.257s][info][safepoint] Total time for which application threads were stopped: 0.1645566 seconds, Stopping threads took: 0.0004888 seconds
[190.520s][info][safepoint] Application time: 0.2628844 seconds
[190.521s][info][safepoint] Entering safepoint region: ParallelGCFailedAllocation
[190.682s][info][gc       ] GC(376) Pause Young (Allocation Failure) 2368M->1799M(4551M) 161.116ms
[190.683s][info][safepoint] Leaving safepoint region
[190.683s][info][safepoint] Total time for which application threads were stopped: 0.1623009 seconds, Stopping threads took: 0.0003945 seconds
[190.949s][info][safepoint] Application time: 0.2658477 seconds
[190.950s][info][safepoint] Entering safepoint region: ParallelGCFailedAllocation
[191.112s][info][gc       ] GC(377) Pause Young (Allocation Failure) 2368M->1799M(4551M) 161.629ms
[191.113s][info][safepoint] Leaving safepoint region
[191.113s][info][safepoint] Total time for which application threads were stopped: 0.1629789 seconds, Stopping threads took: 0.0005585 seconds
[191.382s][info][safepoint] Application time: 0.2689615 seconds
[191.382s][info][safepoint] Entering safepoint region: ParallelGCFailedAllocation
[191.546s][info][gc       ] GC(378) Pause Young (Allocation Failure) 2368M->1798M(4551M) 163.181ms
[191.547s][info][safepoint] Leaving safepoint region
[191.547s][info][safepoint] Total time for which application threads were stopped: 0.1645032 seconds, Stopping threads took: 0.0003946 seconds
[191.822s][info][safepoint] Application time: 0.2745683 seconds
[191.823s][info][safepoint] Entering safepoint region: ParallelGCFailedAllocation
[191.991s][info][gc       ] GC(379) Pause Young (Allocation Failure) 2368M->1799M(4551M) 167.864ms
[191.991s][info][safepoint] Leaving safepoint region
[191.992s][info][safepoint] Total time for which application threads were stopped: 0.1693438 seconds, Stopping threads took: 0.0004936 seconds
[192.290s][info][safepoint] Application time: 0.2978543 seconds
[192.291s][info][safepoint] Entering safepoint region: ParallelGCFailedAllocation
[192.455s][info][gc       ] GC(380) Pause Young (Allocation Failure) 2368M->1799M(4551M) 163.574ms
[192.455s][info][safepoint] Leaving safepoint region
[192.456s][info][safepoint] Total time for which application threads were stopped: 0.1649328 seconds, Stopping threads took: 0.0002497 seconds
[192.717s][info][safepoint] Application time: 0.2615438 seconds
[192.718s][info][safepoint] Entering safepoint region: ParallelGCFailedAllocation
[192.964s][info][gc       ] GC(381) Pause Young (Allocation Failure) 2368M->1800M(4551M) 245.941ms
[192.965s][info][safepoint] Leaving safepoint region
[192.965s][info][safepoint] Total time for which application threads were stopped: 0.2470919 seconds, Stopping threads took: 0.0004024 seconds
[193.241s][info][safepoint] Application time: 0.2753326 seconds
[193.241s][info][safepoint] Entering safepoint region: ParallelGCFailedAllocation
[193.266s][info][gc       ] GC(382) Pause Young (Allocation Failure) 2370M->1800M(4551M) 23.971ms
[193.266s][info][safepoint] Leaving safepoint region
[193.267s][info][safepoint] Total time for which application threads were stopped: 0.0256186 seconds, Stopping threads took: 0.0004271 seconds
[193.571s][info][safepoint] Application time: 0.3038581 seconds
[193.572s][info][safepoint] Entering safepoint region: ParallelGCFailedAllocation
[193.580s][info][gc       ] GC(383) Pause Young (Allocation Failure) 2370M->1800M(4551M) 8.002ms
[193.580s][info][safepoint] Leaving safepoint region
[193.581s][info][safepoint] Total time for which application threads were stopped: 0.0090864 seconds, Stopping threads took: 0.0002620 seconds
[193.866s][info][safepoint] Application time: 0.2848326 seconds
[193.866s][info][safepoint] Entering safepoint region: ParallelGCFailedAllocation
[193.875s][info][gc       ] GC(384) Pause Young (Allocation Failure) 2370M->1800M(4551M) 7.915ms
[193.875s][info][safepoint] Leaving safepoint region
[193.876s][info][safepoint] Total time for which application threads were stopped: 0.0093432 seconds, Stopping threads took: 0.0003598 seconds
[194.146s][info][safepoint] Application time: 0.2700348 seconds
[194.147s][info][safepoint] Entering safepoint region: ParallelGCFailedAllocation
[194.156s][info][gc       ] GC(385) Pause Young (Allocation Failure) 2370M->1800M(4551M) 8.343ms
[194.157s][info][safepoint] Leaving safepoint region
[194.157s][info][safepoint] Total time for which application threads were stopped: 0.0099983 seconds, Stopping threads took: 0.0003305 seconds
[194.423s][info][safepoint] Application time: 0.2661155 seconds
[194.424s][info][safepoint] Entering safepoint region: ParallelGCFailedAllocation
[194.432s][info][gc       ] GC(386) Pause Young (Allocation Failure) 2370M->1800M(4551M) 8.157ms
[194.433s][info][safepoint] Leaving safepoint region
[194.433s][info][safepoint] Total time for which application threads were stopped: 0.0089888 seconds, Stopping threads took: 0.0003182 seconds
[194.696s][info][safepoint] Application time: 0.2630393 seconds
[194.697s][info][safepoint] Entering safepoint region: ParallelGCFailedAllocation
[194.705s][info][gc       ] GC(387) Pause Young (Allocation Failure) 2370M->1800M(4551M) 7.823ms
[194.706s][info][safepoint] Leaving safepoint region
[194.706s][info][safepoint] Total time for which application threads were stopped: 0.0095397 seconds, Stopping threads took: 0.0003880 seconds
[195.022s][info][safepoint] Application time: 0.3145209 seconds
[195.022s][info][safepoint] Entering safepoint region: ParallelGCFailedAllocation
[195.031s][info][gc       ] GC(388) Pause Young (Allocation Failure) 2370M->1800M(4551M) 8.268ms
[195.032s][info][safepoint] Leaving safepoint region
[195.032s][info][safepoint] Total time for which application threads were stopped: 0.0098407 seconds, Stopping threads took: 0.0005387 seconds
[195.320s][info][safepoint] Application time: 0.2875582 seconds
[195.321s][info][safepoint] Entering safepoint region: ParallelGCFailedAllocation
[195.329s][info][gc       ] GC(389) Pause Young (Allocation Failure) 2370M->1800M(4551M) 7.706ms
[195.330s][info][safepoint] Leaving safepoint region
[195.330s][info][safepoint] Total time for which application threads were stopped: 0.0094383 seconds, Stopping threads took: 0.0005946 seconds
[195.641s][info][safepoint] Application time: 0.3094862 seconds
[195.641s][info][safepoint] Entering safepoint region: ParallelGCFailedAllocation
[195.653s][info][gc       ] GC(390) Pause Young (Allocation Failure) 2370M->1800M(4551M) 10.828ms
[195.653s][info][safepoint] Leaving safepoint region
[195.653s][info][safepoint] Total time for which application threads were stopped: 0.0119302 seconds, Stopping threads took: 0.0004766 seconds
[195.946s][info][safepoint] Application time: 0.2927359 seconds
[195.947s][info][safepoint] Entering safepoint region: ParallelGCFailedAllocation
[195.955s][info][gc       ] GC(391) Pause Young (Allocation Failure) 2370M->1800M(4551M) 7.841ms
[195.956s][info][safepoint] Leaving safepoint region
[195.956s][info][safepoint] Total time for which application threads were stopped: 0.0092707 seconds, Stopping threads took: 0.0005682 seconds
[196.240s][info][safepoint] Application time: 0.2828336 seconds
[196.240s][info][safepoint] Entering safepoint region: ParallelGCFailedAllocation
[196.251s][info][gc       ] GC(392) Pause Young (Allocation Failure) 2370M->1800M(4551M) 10.399ms
[196.252s][info][safepoint] Leaving safepoint region
[196.252s][info][safepoint] Total time for which application threads were stopped: 0.0121231 seconds, Stopping threads took: 0.0003621 seconds
[196.554s][info][safepoint] Application time: 0.3015325 seconds
[196.555s][info][safepoint] Entering safepoint region: ParallelGCFailedAllocation
[196.565s][info][gc       ] GC(393) Pause Young (Allocation Failure) 2370M->1800M(4562M) 9.283ms
[196.565s][info][safepoint] Leaving safepoint region
[196.566s][info][safepoint] Total time for which application threads were stopped: 0.0108955 seconds, Stopping threads took: 0.0004711 seconds
[196.860s][info][safepoint] Application time: 0.2931474 seconds
[196.860s][info][safepoint] Entering safepoint region: ParallelGCFailedAllocation
[196.872s][info][gc       ] GC(394) Pause Young (Allocation Failure) 2381M->1800M(4551M) 11.312ms
[196.873s][info][safepoint] Leaving safepoint region
[196.874s][info][safepoint] Total time for which application threads were stopped: 0.0132952 seconds, Stopping threads took: 0.0005017 seconds
[197.143s][info][safepoint] Application time: 0.2680851 seconds
[197.143s][info][safepoint] Entering safepoint region: ParallelGCFailedAllocation
[197.152s][info][gc       ] GC(395) Pause Young (Allocation Failure) 2381M->1800M(4627M) 8.259ms
[197.152s][info][safepoint] Leaving safepoint region
[197.153s][info][safepoint] Total time for which application threads were stopped: 0.0096915 seconds, Stopping threads took: 0.0004196 seconds
[197.499s][info][safepoint] Application time: 0.3462273 seconds
[197.500s][info][safepoint] Entering safepoint region: ParallelGCFailedAllocation
[197.509s][info][gc       ] GC(396) Pause Young (Allocation Failure) 2490M->1800M(4595M) 8.788ms
[197.510s][info][safepoint] Leaving safepoint region
[197.510s][info][safepoint] Total time for which application threads were stopped: 0.0102536 seconds, Stopping threads took: 0.0003581 seconds
[197.831s][info][safepoint] Application time: 0.3206075 seconds
[197.832s][info][safepoint] Entering safepoint region: ParallelGCFailedAllocation
[197.840s][info][gc       ] GC(397) Pause Young (Allocation Failure) 2490M->1800M(4688M) 8.040ms
[197.841s][info][safepoint] Leaving safepoint region
[197.841s][info][safepoint] Total time for which application threads were stopped: 0.0095412 seconds, Stopping threads took: 0.0005172 seconds
[198.241s][info][safepoint] Application time: 0.3989105 seconds
[198.241s][info][safepoint] Entering safepoint region: ParallelGCFailedAllocation
[198.251s][info][gc       ] GC(398) Pause Young (Allocation Failure) 2613M->1800M(4658M) 9.224ms
[198.252s][info][safepoint] Leaving safepoint region
[198.252s][info][safepoint] Total time for which application threads were stopped: 0.0110166 seconds, Stopping threads took: 0.0004366 seconds
[198.659s][info][safepoint] Application time: 0.4055774 seconds
[198.659s][info][safepoint] Entering safepoint region: ParallelGCFailedAllocation
[198.669s][info][gc       ] GC(399) Pause Young (Allocation Failure) 2613M->1800M(4743M) 8.985ms
[198.670s][info][safepoint] Leaving safepoint region
[198.670s][info][safepoint] Total time for which application threads were stopped: 0.0108474 seconds, Stopping threads took: 0.0005929 seconds
[199.239s][info][safepoint] Application time: 0.5680051 seconds
[199.239s][info][safepoint] Entering safepoint region: ParallelGCFailedAllocation
[199.248s][info][gc       ] GC(400) Pause Young (Allocation Failure) 2726M->1800M(4716M) 8.113ms
[199.249s][info][safepoint] Leaving safepoint region
[199.249s][info][safepoint] Total time for which application threads were stopped: 0.0098843 seconds, Stopping threads took: 0.0003424 seconds
[199.692s][info][safepoint] Application time: 0.4424796 seconds
[199.693s][info][safepoint] Entering safepoint region: ParallelGCFailedAllocation
[199.702s][info][gc       ] GC(401) Pause Young (Allocation Failure) 2726M->1800M(4793M) 8.165ms
[199.702s][info][safepoint] Leaving safepoint region
[199.703s][info][safepoint] Total time for which application threads were stopped: 0.0096221 seconds, Stopping threads took: 0.0005117 seconds
[200.214s][info][safepoint] Application time: 0.5114126 seconds
[200.215s][info][safepoint] Entering safepoint region: ParallelGCFailedAllocation
[200.225s][info][gc       ] GC(402) Pause Young (Allocation Failure) 2828M->1800M(4768M) 8.915ms
[200.225s][info][safepoint] Leaving safepoint region
[200.226s][info][safepoint] Total time for which application threads were stopped: 0.0106461 seconds, Stopping threads took: 0.0006217 seconds
[200.740s][info][safepoint] Application time: 0.5135352 seconds
[200.741s][info][safepoint] Entering safepoint region: ParallelGCFailedAllocation
[200.749s][info][gc       ] GC(403) Pause Young (Allocation Failure) 2828M->1800M(4837M) 8.113ms
[200.750s][info][safepoint] Leaving safepoint region
[200.750s][info][safepoint] Total time for which application threads were stopped: 0.0096739 seconds, Stopping threads took: 0.0004845 seconds
[201.294s][info][safepoint] Application time: 0.5429648 seconds
[201.294s][info][safepoint] Entering safepoint region: ParallelGCFailedAllocation
[201.304s][info][gc       ] GC(404) Pause Young (Allocation Failure) 2920M->1800M(4816M) 9.401ms
[201.305s][info][safepoint] Leaving safepoint region
[201.305s][info][safepoint] Total time for which application threads were stopped: 0.0109481 seconds, Stopping threads took: 0.0004598 seconds
[201.826s][info][safepoint] Application time: 0.5197685 seconds
[201.826s][info][safepoint] Entering safepoint region: ParallelGCFailedAllocation
[201.835s][info][gc       ] GC(405) Pause Young (Allocation Failure) 2920M->1800M(4877M) 8.853ms
[201.836s][info][safepoint] Leaving safepoint region
[201.836s][info][safepoint] Total time for which application threads were stopped: 0.0102732 seconds, Stopping threads took: 0.0004431 seconds
[202.410s][info][safepoint] Application time: 0.5731402 seconds
[202.411s][info][safepoint] Entering safepoint region: ParallelGCFailedAllocation
[202.420s][info][gc       ] GC(406) Pause Young (Allocation Failure) 3001M->1800M(4857M) 8.604ms
[202.420s][info][safepoint] Leaving safepoint region
[202.421s][info][safepoint] Total time for which application threads were stopped: 0.0099788 seconds, Stopping threads took: 0.0005782 seconds
[202.984s][info][safepoint] Application time: 0.5631396 seconds
[202.985s][info][safepoint] Entering safepoint region: ParallelGCFailedAllocation
[202.993s][info][gc       ] GC(407) Pause Young (Allocation Failure) 3001M->1800M(4911M) 7.399ms
[202.994s][info][safepoint] Leaving safepoint region
[202.994s][info][safepoint] Total time for which application threads were stopped: 0.0090144 seconds, Stopping threads took: 0.0005863 seconds
[203.594s][info][safepoint] Application time: 0.5995196 seconds
[203.595s][info][safepoint] Entering safepoint region: ParallelGCFailedAllocation
[203.603s][info][gc       ] GC(408) Pause Young (Allocation Failure) 3073M->1800M(4894M) 7.755ms
[203.604s][info][safepoint] Leaving safepoint region
[203.604s][info][safepoint] Total time for which application threads were stopped: 0.0094650 seconds, Stopping threads took: 0.0003918 seconds
[204.200s][info][safepoint] Application time: 0.5958916 seconds
[204.201s][info][safepoint] Entering safepoint region: ParallelGCFailedAllocation
[204.210s][info][gc       ] GC(409) Pause Young (Allocation Failure) 3073M->1800M(4941M) 8.187ms
[204.210s][info][safepoint] Leaving safepoint region
[204.211s][info][safepoint] Total time for which application threads were stopped: 0.0103907 seconds, Stopping threads took: 0.0003978 seconds
[204.833s][info][safepoint] Application time: 0.6203593 seconds
[204.833s][info][safepoint] Entering safepoint region: ParallelGCFailedAllocation
[204.842s][info][gc       ] GC(410) Pause Young (Allocation Failure) 3135M->1800M(4927M) 8.092ms
[204.842s][info][safepoint] Leaving safepoint region
[204.843s][info][safepoint] Total time for which application threads were stopped: 0.0098338 seconds, Stopping threads took: 0.0003325 seconds
[205.482s][info][safepoint] Application time: 0.6383139 seconds
[205.482s][info][safepoint] Entering safepoint region: ParallelGCFailedAllocation
[205.490s][info][gc       ] GC(411) Pause Young (Allocation Failure) 3135M->1800M(4968M) 7.202ms
[205.491s][info][safepoint] Leaving safepoint region
[205.491s][info][safepoint] Total time for which application threads were stopped: 0.0087708 seconds, Stopping threads took: 0.0004517 seconds
[206.117s][info][safepoint] Application time: 0.6259173 seconds
[206.118s][info][safepoint] Entering safepoint region: ParallelGCFailedAllocation
[206.126s][info][gc       ] GC(412) Pause Young (Allocation Failure) 3190M->1800M(4955M) 7.567ms
[206.127s][info][safepoint] Leaving safepoint region
[206.128s][info][safepoint] Total time for which application threads were stopped: 0.0097654 seconds, Stopping threads took: 0.0004937 seconds
[206.559s][info][safepoint] Application time: 0.4304559 seconds
[206.559s][info][safepoint] Entering safepoint region: ParallelGCFailedAllocation
[206.782s][info][gc       ] GC(413) Pause Young (Allocation Failure) 3190M->2498M(4497M) 222.299ms
[206.783s][info][safepoint] Leaving safepoint region
[206.783s][info][safepoint] Total time for which application threads were stopped: 0.2236905 seconds, Stopping threads took: 0.0004743 seconds
[206.947s][info][safepoint] Application time: 0.1636211 seconds
[206.948s][info][safepoint] Entering safepoint region: ParallelGCFailedAllocation
[207.252s][info][gc       ] GC(414) Pause Young (Allocation Failure) 3442M->3387M(4738M) 304.028ms
[209.165s][info][gc       ] GC(415) Pause Full (Ergonomics) 3387M->1582M(4364M) 1912.303ms
[209.165s][info][safepoint] Leaving safepoint region
[209.166s][info][safepoint] Total time for which application threads were stopped: 2.2182646 seconds, Stopping threads took: 0.0003382 seconds
[209.506s][info][safepoint] Application time: 0.3397015 seconds
[209.506s][info][safepoint] Entering safepoint region: ParallelGCFailedAllocation
[209.779s][info][gc       ] GC(416) Pause Young (Allocation Failure) 2151M->1803M(4551M) 272.086ms
[209.779s][info][safepoint] Leaving safepoint region
[209.780s][info][safepoint] Total time for which application threads were stopped: 0.2732485 seconds, Stopping threads took: 0.0003889 seconds
[210.050s][info][safepoint] Application time: 0.2695643 seconds
[210.050s][info][safepoint] Entering safepoint region: ParallelGCFailedAllocation
[210.344s][info][gc       ] GC(417) Pause Young (Allocation Failure) 2373M->1803M(4551M) 293.457ms
[210.345s][info][safepoint] Leaving safepoint region
[210.345s][info][safepoint] Total time for which application threads were stopped: 0.2946381 seconds, Stopping threads took: 0.0005316 seconds
[210.617s][info][safepoint] Application time: 0.2719163 seconds
[210.618s][info][safepoint] Entering safepoint region: ParallelGCFailedAllocation
[210.902s][info][gc       ] GC(418) Pause Young (Allocation Failure) 2373M->1803M(4551M) 284.161ms
[210.903s][info][safepoint] Leaving safepoint region
[210.903s][info][safepoint] Total time for which application threads were stopped: 0.2853580 seconds, Stopping threads took: 0.0004023 seconds
[211.176s][info][safepoint] Application time: 0.2731907 seconds
[211.177s][info][safepoint] Entering safepoint region: ParallelGCFailedAllocation
[211.457s][info][gc       ] GC(419) Pause Young (Allocation Failure) 2373M->1803M(4551M) 279.577ms
[211.457s][info][safepoint] Leaving safepoint region
[211.458s][info][safepoint] Total time for which application threads were stopped: 0.2806288 seconds, Stopping threads took: 0.0004355 seconds
[211.731s][info][safepoint] Application time: 0.2735356 seconds
[211.732s][info][safepoint] Entering safepoint region: ParallelGCFailedAllocation
[212.005s][info][gc       ] GC(420) Pause Young (Allocation Failure) 2373M->1803M(4551M) 272.936ms
[212.005s][info][safepoint] Leaving safepoint region
[212.006s][info][safepoint] Total time for which application threads were stopped: 0.2739109 seconds, Stopping threads took: 0.0002753 seconds
[212.262s][info][safepoint] Application time: 0.2564585 seconds
[212.263s][info][safepoint] Entering safepoint region: ParallelGCFailedAllocation
[212.558s][info][gc       ] GC(421) Pause Young (Allocation Failure) 2373M->1803M(4598M) 294.827ms
[212.559s][info][safepoint] Leaving safepoint region
[212.559s][info][safepoint] Total time for which application threads were stopped: 0.2960866 seconds, Stopping threads took: 0.0004892 seconds
[212.855s][info][safepoint] Application time: 0.2962014 seconds
[212.856s][info][safepoint] Entering safepoint region: ParallelGCFailedAllocation
[213.148s][info][gc       ] GC(422) Pause Young (Allocation Failure) 2441M->1803M(4573M) 291.133ms
[213.148s][info][safepoint] Leaving safepoint region
[213.148s][info][safepoint] Total time for which application threads were stopped: 0.2923997 seconds, Stopping threads took: 0.0005994 seconds
[213.456s][info][safepoint] Application time: 0.3076758 seconds
[213.457s][info][safepoint] Entering safepoint region: ParallelGCFailedAllocation
[213.767s][info][gc       ] GC(423) Pause Young (Allocation Failure) 2441M->1804M(4613M) 309.755ms
[213.768s][info][safepoint] Leaving safepoint region
[213.768s][info][safepoint] Total time for which application threads were stopped: 0.3111793 seconds, Stopping threads took: 0.0005838 seconds
[214.116s][info][safepoint] Application time: 0.3476485 seconds
[214.117s][info][safepoint] Entering safepoint region: ParallelGCFailedAllocation
[214.127s][info][gc       ] GC(424) Pause Young (Allocation Failure) 2505M->1804M(4617M) 10.492ms
[214.128s][info][safepoint] Leaving safepoint region
[214.128s][info][safepoint] Total time for which application threads were stopped: 0.0116578 seconds, Stopping threads took: 0.0003117 seconds
[214.456s][info][safepoint] Application time: 0.3277368 seconds
[214.457s][info][safepoint] Entering safepoint region: ParallelGCFailedAllocation
[214.468s][info][gc       ] GC(425) Pause Young (Allocation Failure) 2505M->1804M(4626M) 10.645ms
[214.468s][info][safepoint] Leaving safepoint region
[214.469s][info][safepoint] Total time for which application threads were stopped: 0.0123464 seconds, Stopping threads took: 0.0002872 seconds
[214.818s][info][safepoint] Application time: 0.3482046 seconds
[214.819s][info][safepoint] Entering safepoint region: ParallelGCFailedAllocation
[214.831s][info][gc       ] GC(426) Pause Young (Allocation Failure) 2516M->1804M(4619M) 11.632ms
[214.832s][info][safepoint] Leaving safepoint region
[214.832s][info][safepoint] Total time for which application threads were stopped: 0.0138352 seconds, Stopping threads took: 0.0004500 seconds
[215.175s][info][safepoint] Application time: 0.3415072 seconds
[215.175s][info][safepoint] Entering safepoint region: ParallelGCFailedAllocation
[215.187s][info][gc       ] GC(427) Pause Young (Allocation Failure) 2516M->1804M(4649M) 10.705ms
[215.187s][info][safepoint] Leaving safepoint region
[215.188s][info][safepoint] Total time for which application threads were stopped: 0.0128977 seconds, Stopping threads took: 0.0004582 seconds
[215.544s][info][safepoint] Application time: 0.3547499 seconds
[215.544s][info][safepoint] Entering safepoint region: ParallelGCFailedAllocation
[215.555s][info][gc       ] GC(428) Pause Young (Allocation Failure) 2555M->1804M(4636M) 10.363ms
[215.555s][info][safepoint] Leaving safepoint region
[215.556s][info][safepoint] Total time for which application threads were stopped: 0.0115438 seconds, Stopping threads took: 0.0004596 seconds
[215.920s][info][safepoint] Application time: 0.3636713 seconds
[215.921s][info][safepoint] Entering safepoint region: ParallelGCFailedAllocation
[215.930s][info][gc       ] GC(429) Pause Young (Allocation Failure) 2555M->1804M(4681M) 9.293ms
[215.931s][info][safepoint] Leaving safepoint region
[215.932s][info][safepoint] Total time for which application threads were stopped: 0.0110810 seconds, Stopping threads took: 0.0003310 seconds
[216.334s][info][safepoint] Application time: 0.4019196 seconds
[216.335s][info][safepoint] Entering safepoint region: ParallelGCFailedAllocation
[216.346s][info][gc       ] GC(430) Pause Young (Allocation Failure) 2616M->1804M(4664M) 10.809ms
[216.346s][info][safepoint] Leaving safepoint region
[216.347s][info][safepoint] Total time for which application threads were stopped: 0.0120706 seconds, Stopping threads took: 0.0005552 seconds
[216.734s][info][safepoint] Application time: 0.3872257 seconds
[216.735s][info][safepoint] Entering safepoint region: ParallelGCFailedAllocation
[216.747s][info][gc       ] GC(431) Pause Young (Allocation Failure) 2616M->1804M(4718M) 11.268ms
[216.748s][info][safepoint] Leaving safepoint region
[216.748s][info][safepoint] Total time for which application threads were stopped: 0.0135524 seconds, Stopping threads took: 0.0003700 seconds
[217.181s][info][safepoint] Application time: 0.4321254 seconds
[217.182s][info][safepoint] Entering safepoint region: ParallelGCFailedAllocation
[217.193s][info][gc       ] GC(432) Pause Young (Allocation Failure) 2688M->1804M(4699M) 9.925ms
[217.193s][info][safepoint] Leaving safepoint region
[217.193s][info][safepoint] Total time for which application threads were stopped: 0.0112973 seconds, Stopping threads took: 0.0007364 seconds
[217.616s][info][safepoint] Application time: 0.4226970 seconds
[217.617s][info][safepoint] Entering safepoint region: ParallelGCFailedAllocation
[217.628s][info][gc       ] GC(433) Pause Young (Allocation Failure) 2688M->1804M(4757M) 10.110ms
[217.628s][info][safepoint] Leaving safepoint region
[217.629s][info][safepoint] Total time for which application threads were stopped: 0.0116434 seconds, Stopping threads took: 0.0006314 seconds
[218.108s][info][safepoint] Application time: 0.4793220 seconds
[218.110s][info][safepoint] Entering safepoint region: ParallelGCFailedAllocation
[218.120s][info][gc       ] GC(434) Pause Young (Allocation Failure) 2765M->1804M(4737M) 10.371ms
[218.121s][info][safepoint] Leaving safepoint region
[218.122s][info][safepoint] Total time for which application threads were stopped: 0.0121752 seconds, Stopping threads took: 0.0003696 seconds
[218.573s][info][safepoint] Application time: 0.4511305 seconds
[218.574s][info][safepoint] Entering safepoint region: ParallelGCFailedAllocation
[218.587s][info][gc       ] GC(435) Pause Young (Allocation Failure) 2765M->1804M(4795M) 12.442ms
[218.587s][info][safepoint] Leaving safepoint region
[218.588s][info][safepoint] Total time for which application threads were stopped: 0.0140044 seconds, Stopping threads took: 0.0003870 seconds
[219.100s][info][safepoint] Application time: 0.5109981 seconds
[219.100s][info][safepoint] Entering safepoint region: ParallelGCFailedAllocation
[219.111s][info][gc       ] GC(436) Pause Young (Allocation Failure) 2842M->1804M(4776M) 10.362ms
[219.111s][info][safepoint] Leaving safepoint region
[219.112s][info][safepoint] Total time for which application threads were stopped: 0.0115290 seconds, Stopping threads took: 0.0003334 seconds
[219.640s][info][safepoint] Application time: 0.5278499 seconds
[219.641s][info][safepoint] Entering safepoint region: ParallelGCFailedAllocation
[219.652s][info][gc       ] GC(437) Pause Young (Allocation Failure) 2842M->1804M(4832M) 10.890ms
[219.652s][info][safepoint] Leaving safepoint region
[219.653s][info][safepoint] Total time for which application threads were stopped: 0.0123573 seconds, Stopping threads took: 0.0003875 seconds
[220.167s][info][safepoint] Application time: 0.5139032 seconds
[220.168s][info][safepoint] Entering safepoint region: ParallelGCFailedAllocation
[220.179s][info][gc       ] GC(438) Pause Young (Allocation Failure) 2917M->1804M(4814M) 10.749ms
[220.180s][info][safepoint] Leaving safepoint region
[220.180s][info][safepoint] Total time for which application threads were stopped: 0.0121385 seconds, Stopping threads took: 0.0006156 seconds
[220.707s][info][safepoint] Application time: 0.5260040 seconds
[220.707s][info][safepoint] Entering safepoint region: ParallelGCFailedAllocation
[220.719s][info][gc       ] GC(439) Pause Young (Allocation Failure) 2917M->1804M(4867M) 10.988ms
[220.719s][info][safepoint] Leaving safepoint region
[220.719s][info][safepoint] Total time for which application threads were stopped: 0.0120906 seconds, Stopping threads took: 0.0003510 seconds
[221.270s][info][safepoint] Application time: 0.5501583 seconds
[221.271s][info][safepoint] Entering safepoint region: ParallelGCFailedAllocation
[221.281s][info][gc       ] GC(440) Pause Young (Allocation Failure) 2987M->1804M(4850M) 9.891ms
[221.281s][info][safepoint] Leaving safepoint region
[221.282s][info][safepoint] Total time for which application threads were stopped: 0.0110467 seconds, Stopping threads took: 0.0002590 seconds
[221.837s][info][safepoint] Application time: 0.5546882 seconds
[221.837s][info][safepoint] Entering safepoint region: ParallelGCFailedAllocation
[221.848s][info][gc       ] GC(441) Pause Young (Allocation Failure) 2987M->1804M(4899M) 10.141ms
[221.849s][info][safepoint] Leaving safepoint region
[221.849s][info][safepoint] Total time for which application threads were stopped: 0.0120257 seconds, Stopping threads took: 0.0003873 seconds
[222.482s][info][safepoint] Application time: 0.6315103 seconds
[222.482s][info][safepoint] Entering safepoint region: ParallelGCFailedAllocation
[222.493s][info][gc       ] GC(442) Pause Young (Allocation Failure) 3053M->1804M(4883M) 10.086ms
[222.494s][info][safepoint] Leaving safepoint region
[222.494s][info][safepoint] Total time for which application threads were stopped: 0.0116264 seconds, Stopping threads took: 0.0005499 seconds
[223.065s][info][safepoint] Application time: 0.5706617 seconds
[223.066s][info][safepoint] Entering safepoint region: ParallelGCFailedAllocation
[223.079s][info][gc       ] GC(443) Pause Young (Allocation Failure) 3053M->1804M(4928M) 12.454ms
[223.080s][info][safepoint] Leaving safepoint region
[223.080s][info][safepoint] Total time for which application threads were stopped: 0.0144299 seconds, Stopping threads took: 0.0004609 seconds
[223.725s][info][safepoint] Application time: 0.6439525 seconds
[223.726s][info][safepoint] Entering safepoint region: ParallelGCFailedAllocation
[223.738s][info][gc       ] GC(444) Pause Young (Allocation Failure) 3112M->1804M(4914M) 11.767ms
[223.739s][info][safepoint] Leaving safepoint region
[223.739s][info][safepoint] Total time for which application threads were stopped: 0.0135588 seconds, Stopping threads took: 0.0004606 seconds
[224.374s][info][safepoint] Application time: 0.6342985 seconds
[224.375s][info][safepoint] Entering safepoint region: ParallelGCFailedAllocation
[224.387s][info][gc       ] GC(445) Pause Young (Allocation Failure) 3112M->1804M(4953M) 11.869ms
[224.387s][info][safepoint] Leaving safepoint region
[224.388s][info][safepoint] Total time for which application threads were stopped: 0.0132750 seconds, Stopping threads took: 0.0004362 seconds
[225.003s][info][safepoint] Application time: 0.6149603 seconds
[225.004s][info][safepoint] Entering safepoint region: ParallelGCFailedAllocation
[225.014s][info][gc       ] GC(446) Pause Young (Allocation Failure) 3165M->1804M(4941M) 10.222ms
[225.015s][info][safepoint] Leaving safepoint region
[225.015s][info][safepoint] Total time for which application threads were stopped: 0.0113463 seconds, Stopping threads took: 0.0004765 seconds
[225.639s][info][safepoint] Application time: 0.6233611 seconds
[225.639s][info][safepoint] Entering safepoint region: ParallelGCFailedAllocation
[225.652s][info][gc       ] GC(447) Pause Young (Allocation Failure) 3165M->1804M(4976M) 12.681ms
[225.653s][info][safepoint] Leaving safepoint region
[225.653s][info][safepoint] Total time for which application threads were stopped: 0.0138445 seconds, Stopping threads took: 0.0003477 seconds
[226.315s][info][safepoint] Application time: 0.6613139 seconds
[226.316s][info][safepoint] Entering safepoint region: ParallelGCFailedAllocation
[226.327s][info][gc       ] GC(448) Pause Young (Allocation Failure) 3212M->1804M(4965M) 10.621ms
[226.327s][info][safepoint] Leaving safepoint region
[226.328s][info][safepoint] Total time for which application threads were stopped: 0.0122922 seconds, Stopping threads took: 0.0004248 seconds
[226.812s][info][safepoint] Application time: 0.4840059 seconds
[226.813s][info][safepoint] Entering safepoint region: ParallelGCFailedAllocation
[226.959s][info][gc       ] GC(449) Pause Young (Allocation Failure) 3212M->2309M(4647M) 145.515ms
[226.960s][info][safepoint] Leaving safepoint region
[226.960s][info][safepoint] Total time for which application threads were stopped: 0.1471297 seconds, Stopping threads took: 0.0003371 seconds
[227.129s][info][safepoint] Application time: 0.1680345 seconds
[227.129s][info][safepoint] Entering safepoint region: ParallelGCFailedAllocation
[227.465s][info][gc       ] GC(450) Pause Young (Allocation Failure) 3380M->3361M(4817M) 334.888ms
[229.231s][info][gc       ] GC(451) Pause Full (Ergonomics) 3361M->1517M(4286M) 1766.316ms
[229.232s][info][safepoint] Leaving safepoint region
[229.232s][info][safepoint] Total time for which application threads were stopped: 2.1029873 seconds, Stopping threads took: 0.0004894 seconds
[229.577s][info][safepoint] Application time: 0.3448129 seconds
[229.578s][info][safepoint] Entering safepoint region: ParallelGCFailedAllocation
[229.735s][info][gc       ] GC(452) Pause Young (Allocation Failure) 2086M->1834M(4551M) 157.228ms
[229.735s][info][safepoint] Leaving safepoint region
[229.736s][info][safepoint] Total time for which application threads were stopped: 0.1580593 seconds, Stopping threads took: 0.0001488 seconds
[230.026s][info][safepoint] Application time: 0.2902044 seconds
[230.027s][info][safepoint] Entering safepoint region: ParallelGCFailedAllocation
[230.178s][info][gc       ] GC(453) Pause Young (Allocation Failure) 2403M->1834M(4551M) 151.446ms
[230.179s][info][safepoint] Leaving safepoint region
[230.179s][info][safepoint] Total time for which application threads were stopped: 0.1523016 seconds, Stopping threads took: 0.0001951 seconds
[230.465s][info][safepoint] Application time: 0.2859176 seconds
[230.465s][info][safepoint] Entering safepoint region: ParallelGCFailedAllocation
[230.614s][info][gc       ] GC(454) Pause Young (Allocation Failure) 2403M->1834M(4551M) 148.128ms
[230.614s][info][safepoint] Leaving safepoint region
[230.615s][info][safepoint] Total time for which application threads were stopped: 0.1492531 seconds, Stopping threads took: 0.0002384 seconds
[230.882s][info][safepoint] Application time: 0.2674398 seconds
[230.883s][info][safepoint] Entering safepoint region: ParallelGCFailedAllocation
[231.028s][info][gc       ] GC(455) Pause Young (Allocation Failure) 2403M->1834M(4551M) 145.121ms
[231.028s][info][safepoint] Leaving safepoint region
[231.029s][info][safepoint] Total time for which application threads were stopped: 0.1461328 seconds, Stopping threads took: 0.0001741 seconds
[231.299s][info][safepoint] Application time: 0.2703885 seconds
[231.300s][info][safepoint] Entering safepoint region: ParallelGCFailedAllocation
[231.453s][info][gc       ] GC(456) Pause Young (Allocation Failure) 2403M->1834M(4551M) 152.986ms
[231.453s][info][safepoint] Leaving safepoint region
[231.454s][info][safepoint] Total time for which application threads were stopped: 0.1539510 seconds, Stopping threads took: 0.0003485 seconds
[231.735s][info][safepoint] Application time: 0.2808094 seconds
[231.735s][info][safepoint] Entering safepoint region: ParallelGCFailedAllocation
[231.881s][info][gc       ] GC(457) Pause Young (Allocation Failure) 2403M->1834M(4551M) 144.972ms
[231.881s][info][safepoint] Leaving safepoint region
[231.881s][info][safepoint] Total time for which application threads were stopped: 0.1461013 seconds, Stopping threads took: 0.0003892 seconds
[232.136s][info][safepoint] Application time: 0.2547659 seconds
[232.137s][info][safepoint] Entering safepoint region: ParallelGCFailedAllocation
[232.285s][info][gc       ] GC(458) Pause Young (Allocation Failure) 2403M->1834M(4551M) 146.895ms
[232.285s][info][safepoint] Leaving safepoint region
[232.285s][info][safepoint] Total time for which application threads were stopped: 0.1486038 seconds, Stopping threads took: 0.0008981 seconds
[232.540s][info][safepoint] Application time: 0.2538670 seconds
[232.540s][info][safepoint] Entering safepoint region: ParallelGCFailedAllocation
[232.727s][info][gc       ] GC(459) Pause Young (Allocation Failure) 2403M->1835M(4551M) 186.806ms
[232.728s][info][safepoint] Leaving safepoint region
[232.728s][info][safepoint] Total time for which application threads were stopped: 0.1879775 seconds, Stopping threads took: 0.0004457 seconds
[232.994s][info][safepoint] Application time: 0.2659678 seconds
[232.995s][info][safepoint] Entering safepoint region: ParallelGCFailedAllocation
[233.004s][info][gc       ] GC(460) Pause Young (Allocation Failure) 2404M->1835M(4551M) 8.510ms
[233.004s][info][safepoint] Leaving safepoint region
[233.005s][info][safepoint] Total time for which application threads were stopped: 0.0100045 seconds, Stopping threads took: 0.0003711 seconds
[233.295s][info][safepoint] Application time: 0.2901227 seconds
[233.296s][info][safepoint] Entering safepoint region: ParallelGCFailedAllocation
[233.307s][info][gc       ] GC(461) Pause Young (Allocation Failure) 2404M->1835M(4551M) 10.697ms
[233.308s][info][safepoint] Leaving safepoint region
[233.308s][info][safepoint] Total time for which application threads were stopped: 0.0127164 seconds, Stopping threads took: 0.0004837 seconds
[233.593s][info][safepoint] Application time: 0.2837587 seconds
[233.593s][info][safepoint] Entering safepoint region: ParallelGCFailedAllocation
[233.603s][info][gc       ] GC(462) Pause Young (Allocation Failure) 2404M->1835M(4551M) 9.434ms
[233.604s][info][safepoint] Leaving safepoint region
[233.604s][info][safepoint] Total time for which application threads were stopped: 0.0107143 seconds, Stopping threads took: 0.0004822 seconds
[233.892s][info][safepoint] Application time: 0.2877390 seconds
[233.893s][info][safepoint] Entering safepoint region: ParallelGCFailedAllocation
[233.902s][info][gc       ] GC(463) Pause Young (Allocation Failure) 2404M->1835M(4551M) 9.340ms
[233.903s][info][safepoint] Leaving safepoint region
[233.904s][info][safepoint] Total time for which application threads were stopped: 0.0110273 seconds, Stopping threads took: 0.0004741 seconds
[234.185s][info][safepoint] Application time: 0.2804253 seconds
[234.185s][info][safepoint] Entering safepoint region: ParallelGCFailedAllocation
[234.195s][info][gc       ] GC(464) Pause Young (Allocation Failure) 2404M->1835M(4551M) 9.800ms
[234.196s][info][safepoint] Leaving safepoint region
[234.196s][info][safepoint] Total time for which application threads were stopped: 0.0109680 seconds, Stopping threads took: 0.0004486 seconds
[234.465s][info][safepoint] Application time: 0.2688061 seconds
[234.466s][info][safepoint] Entering safepoint region: ParallelGCFailedAllocation
[234.475s][info][gc       ] GC(465) Pause Young (Allocation Failure) 2404M->1835M(4563M) 8.936ms
[234.475s][info][safepoint] Leaving safepoint region
[234.476s][info][safepoint] Total time for which application threads were stopped: 0.0102887 seconds, Stopping threads took: 0.0003282 seconds
[234.787s][info][safepoint] Application time: 0.3104544 seconds
[234.788s][info][safepoint] Entering safepoint region: ParallelGCFailedAllocation
[234.801s][info][gc       ] GC(466) Pause Young (Allocation Failure) 2416M->1835M(4551M) 12.472ms
[234.801s][info][safepoint] Leaving safepoint region
[234.802s][info][safepoint] Total time for which application threads were stopped: 0.0142265 seconds, Stopping threads took: 0.0004749 seconds
[235.119s][info][safepoint] Application time: 0.3170260 seconds
[235.120s][info][safepoint] Entering safepoint region: ParallelGCFailedAllocation
[235.129s][info][gc       ] GC(467) Pause Young (Allocation Failure) 2416M->1835M(4611M) 8.664ms
[235.129s][info][safepoint] Leaving safepoint region
[235.130s][info][safepoint] Total time for which application threads were stopped: 0.0098666 seconds, Stopping threads took: 0.0003225 seconds
[235.460s][info][safepoint] Application time: 0.3301023 seconds
[235.461s][info][safepoint] Entering safepoint region: ParallelGCFailedAllocation
[235.471s][info][gc       ] GC(468) Pause Young (Allocation Failure) 2499M->1835M(4586M) 9.484ms
[235.471s][info][safepoint] Leaving safepoint region
[235.472s][info][safepoint] Total time for which application threads were stopped: 0.0111406 seconds, Stopping threads took: 0.0003161 seconds
[235.839s][info][safepoint] Application time: 0.3660070 seconds
[235.839s][info][safepoint] Entering safepoint region: ParallelGCFailedAllocation
[235.849s][info][gc       ] GC(469) Pause Young (Allocation Failure) 2499M->1835M(4660M) 8.952ms
[235.849s][info][safepoint] Leaving safepoint region
[235.850s][info][safepoint] Total time for which application threads were stopped: 0.0105349 seconds, Stopping threads took: 0.0004058 seconds
[236.224s][info][safepoint] Application time: 0.3734996 seconds
[236.224s][info][safepoint] Entering safepoint region: ParallelGCFailedAllocation
[236.235s][info][gc       ] GC(470) Pause Young (Allocation Failure) 2597M->1835M(4635M) 10.026ms
[236.235s][info][safepoint] Leaving safepoint region
[236.235s][info][safepoint] Total time for which application threads were stopped: 0.0112397 seconds, Stopping threads took: 0.0004299 seconds
[236.603s][info][safepoint] Application time: 0.3666660 seconds
[236.603s][info][safepoint] Entering safepoint region: ParallelGCFailedAllocation
[236.614s][info][gc       ] GC(471) Pause Young (Allocation Failure) 2597M->1835M(4710M) 9.988ms
[236.614s][info][safepoint] Leaving safepoint region
[236.615s][info][safepoint] Total time for which application threads were stopped: 0.0117982 seconds, Stopping threads took: 0.0004983 seconds
[237.051s][info][safepoint] Application time: 0.4350713 seconds
[237.051s][info][safepoint] Entering safepoint region: ParallelGCFailedAllocation
[237.061s][info][gc       ] GC(472) Pause Young (Allocation Failure) 2697M->1835M(4685M) 9.570ms
[237.062s][info][safepoint] Leaving safepoint region
[237.062s][info][safepoint] Total time for which application threads were stopped: 0.0113070 seconds, Stopping threads took: 0.0005555 seconds
[237.497s][info][safepoint] Application time: 0.4342270 seconds
[237.498s][info][safepoint] Entering safepoint region: ParallelGCFailedAllocation
[237.508s][info][gc       ] GC(473) Pause Young (Allocation Failure) 2697M->1835M(4757M) 9.407ms
[237.509s][info][safepoint] Leaving safepoint region
[237.509s][info][safepoint] Total time for which application threads were stopped: 0.0114910 seconds, Stopping threads took: 0.0005323 seconds
[237.984s][info][safepoint] Application time: 0.4744991 seconds
[237.985s][info][safepoint] Entering safepoint region: ParallelGCFailedAllocation
[237.997s][info][gc       ] GC(474) Pause Young (Allocation Failure) 2792M->1835M(4734M) 12.045ms
[237.998s][info][safepoint] Leaving safepoint region
[237.998s][info][safepoint] Total time for which application threads were stopped: 0.0136157 seconds, Stopping threads took: 0.0004317 seconds
[238.477s][info][safepoint] Application time: 0.4776153 seconds
[238.477s][info][safepoint] Entering safepoint region: ParallelGCFailedAllocation
[238.486s][info][gc       ] GC(475) Pause Young (Allocation Failure) 2792M->1835M(4801M) 8.588ms
[238.487s][info][safepoint] Leaving safepoint region
[238.487s][info][safepoint] Total time for which application threads were stopped: 0.0101688 seconds, Stopping threads took: 0.0003934 seconds
[239.009s][info][safepoint] Application time: 0.5215103 seconds
[239.010s][info][safepoint] Entering safepoint region: ParallelGCFailedAllocation
[239.022s][info][gc       ] GC(476) Pause Young (Allocation Failure) 2882M->1835M(4779M) 11.673ms
[239.023s][info][safepoint] Leaving safepoint region
[239.023s][info][safepoint] Total time for which application threads were stopped: 0.0132208 seconds, Stopping threads took: 0.0005451 seconds
[239.534s][info][safepoint] Application time: 0.5103492 seconds
[239.535s][info][safepoint] Entering safepoint region: ParallelGCFailedAllocation
[239.544s][info][gc       ] GC(477) Pause Young (Allocation Failure) 2882M->1835M(4841M) 8.862ms
[239.544s][info][safepoint] Leaving safepoint region
[239.545s][info][safepoint] Total time for which application threads were stopped: 0.0100220 seconds, Stopping threads took: 0.0003578 seconds
[240.062s][info][safepoint] Application time: 0.5166889 seconds
[240.062s][info][safepoint] Entering safepoint region: ParallelGCFailedAllocation
[240.072s][info][gc       ] GC(478) Pause Young (Allocation Failure) 2964M->1835M(4821M) 9.000ms
[240.072s][info][safepoint] Leaving safepoint region
[240.073s][info][safepoint] Total time for which application threads were stopped: 0.0105601 seconds, Stopping threads took: 0.0004540 seconds
[240.624s][info][safepoint] Application time: 0.5514498 seconds
[240.625s][info][safepoint] Entering safepoint region: ParallelGCFailedAllocation
[240.635s][info][gc       ] GC(479) Pause Young (Allocation Failure) 2964M->1835M(4878M) 9.508ms
[240.635s][info][safepoint] Leaving safepoint region
[240.636s][info][safepoint] Total time for which application threads were stopped: 0.0105586 seconds, Stopping threads took: 0.0004721 seconds
[241.183s][info][safepoint] Application time: 0.5469450 seconds
[241.183s][info][safepoint] Entering safepoint region: ParallelGCFailedAllocation
[241.192s][info][gc       ] GC(480) Pause Young (Allocation Failure) 3039M->1835M(4860M) 8.645ms
[241.193s][info][safepoint] Leaving safepoint region
[241.193s][info][safepoint] Total time for which application threads were stopped: 0.0101555 seconds, Stopping threads took: 0.0004139 seconds
[241.777s][info][safepoint] Application time: 0.5831429 seconds
[241.777s][info][safepoint] Entering safepoint region: ParallelGCFailedAllocation
[241.786s][info][gc       ] GC(481) Pause Young (Allocation Failure) 3039M->1835M(4910M) 8.788ms
[241.787s][info][safepoint] Leaving safepoint region
[241.787s][info][safepoint] Total time for which application threads were stopped: 0.0099229 seconds, Stopping threads took: 0.0003006 seconds
[242.390s][info][safepoint] Application time: 0.6022628 seconds
[242.390s][info][safepoint] Entering safepoint region: ParallelGCFailedAllocation
[242.400s][info][gc       ] GC(482) Pause Young (Allocation Failure) 3106M->1835M(4894M) 9.773ms
[242.401s][info][safepoint] Leaving safepoint region
[242.402s][info][safepoint] Total time for which application threads were stopped: 0.0114189 seconds, Stopping threads took: 0.0004285 seconds
[243.012s][info][safepoint] Application time: 0.6103703 seconds
[243.013s][info][safepoint] Entering safepoint region: ParallelGCFailedAllocation
[243.024s][info][gc       ] GC(483) Pause Young (Allocation Failure) 3106M->1835M(4939M) 10.369ms
[243.025s][info][safepoint] Leaving safepoint region
[243.025s][info][safepoint] Total time for which application threads were stopped: 0.0120707 seconds, Stopping threads took: 0.0004080 seconds
[243.674s][info][safepoint] Application time: 0.6488049 seconds
[243.675s][info][safepoint] Entering safepoint region: ParallelGCFailedAllocation
[243.684s][info][gc       ] GC(484) Pause Young (Allocation Failure) 3166M->1835M(4925M) 8.315ms
[243.684s][info][safepoint] Leaving safepoint region
[243.684s][info][safepoint] Total time for which application threads were stopped: 0.0095056 seconds, Stopping threads took: 0.0004348 seconds
[244.313s][info][safepoint] Application time: 0.6279064 seconds
[244.313s][info][safepoint] Entering safepoint region: ParallelGCFailedAllocation
[244.326s][info][gc       ] GC(485) Pause Young (Allocation Failure) 3166M->1835M(4965M) 12.050ms
[244.326s][info][safepoint] Leaving safepoint region
[244.327s][info][safepoint] Total time for which application threads were stopped: 0.0134672 seconds, Stopping threads took: 0.0004050 seconds
[244.999s][info][safepoint] Application time: 0.6712474 seconds
[244.999s][info][safepoint] Entering safepoint region: ParallelGCFailedAllocation
[245.009s][info][gc       ] GC(486) Pause Young (Allocation Failure) 3219M->1835M(4953M) 9.685ms
[245.010s][info][safepoint] Leaving safepoint region
[245.011s][info][safepoint] Total time for which application threads were stopped: 0.0118976 seconds, Stopping threads took: 0.0004952 seconds
[245.646s][info][safepoint] Application time: 0.6340372 seconds
[245.646s][info][safepoint] Entering safepoint region: ParallelGCFailedAllocation
[245.656s][info][gc       ] GC(487) Pause Young (Allocation Failure) 3219M->1835M(4987M) 9.302ms
[245.657s][info][safepoint] Leaving safepoint region
[245.657s][info][safepoint] Total time for which application threads were stopped: 0.0107572 seconds, Stopping threads took: 0.0005331 seconds
[246.154s][info][safepoint] Application time: 0.4959691 seconds
[246.154s][info][safepoint] Entering safepoint region: ParallelGCFailedAllocation
[246.320s][info][gc       ] GC(488) Pause Young (Allocation Failure) 3265M->2371M(4976M) 164.984ms
[246.321s][info][safepoint] Leaving safepoint region
[246.321s][info][safepoint] Total time for which application threads were stopped: 0.1667712 seconds, Stopping threads took: 0.0005667 seconds
[246.704s][info][safepoint] Application time: 0.3823898 seconds
[246.705s][info][safepoint] Entering safepoint region: ParallelGCFailedAllocation
[247.157s][info][gc       ] GC(489) Pause Young (Allocation Failure) 3802M->3537M(4126M) 451.524ms
[249.066s][info][gc       ] GC(490) Pause Full (Ergonomics) 3537M->1657M(4551M) 1908.988ms
[249.067s][info][safepoint] Leaving safepoint region
[249.067s][info][safepoint] Total time for which application threads were stopped: 2.3626224 seconds, Stopping threads took: 0.0004538 seconds
[249.322s][info][safepoint] Application time: 0.2542118 seconds
[249.323s][info][safepoint] Entering safepoint region: ParallelGCFailedAllocation
[249.327s][info][gc       ] GC(491) Pause Young (Allocation Failure) 2227M->1658M(4551M) 4.237ms
[249.328s][info][safepoint] Leaving safepoint region
[249.329s][info][safepoint] Total time for which application threads were stopped: 0.0061882 seconds, Stopping threads took: 0.0003269 seconds
[249.607s][info][safepoint] Application time: 0.2779716 seconds
[249.608s][info][safepoint] Entering safepoint region: ParallelGCFailedAllocation
[249.611s][info][gc       ] GC(492) Pause Young (Allocation Failure) 2227M->1658M(4551M) 2.299ms
[249.611s][info][safepoint] Leaving safepoint region
[249.612s][info][safepoint] Total time for which application threads were stopped: 0.0037939 seconds, Stopping threads took: 0.0003132 seconds
[249.893s][info][safepoint] Application time: 0.2811257 seconds
[249.894s][info][safepoint] Entering safepoint region: ParallelGCFailedAllocation
[249.898s][info][gc       ] GC(493) Pause Young (Allocation Failure) 2227M->1658M(4551M) 3.772ms
[249.899s][info][safepoint] Leaving safepoint region
[249.899s][info][safepoint] Total time for which application threads were stopped: 0.0052495 seconds, Stopping threads took: 0.0004246 seconds
[250.170s][info][safepoint] Application time: 0.2707275 seconds
[250.171s][info][safepoint] Entering safepoint region: ParallelGCFailedAllocation
[250.174s][info][gc       ] GC(494) Pause Young (Allocation Failure) 2227M->1658M(4551M) 2.882ms
[250.175s][info][safepoint] Leaving safepoint region
[250.175s][info][safepoint] Total time for which application threads were stopped: 0.0044394 seconds, Stopping threads took: 0.0003663 seconds
[250.465s][info][safepoint] Application time: 0.2896300 seconds
[250.466s][info][safepoint] Entering safepoint region: ParallelGCFailedAllocation
[250.470s][info][gc       ] GC(495) Pause Young (Allocation Failure) 2227M->1658M(4551M) 3.225ms
[250.470s][info][safepoint] Leaving safepoint region
[250.470s][info][safepoint] Total time for which application threads were stopped: 0.0043992 seconds, Stopping threads took: 0.0004840 seconds
[250.778s][info][safepoint] Application time: 0.3072291 seconds
[250.779s][info][safepoint] Entering safepoint region: ParallelGCFailedAllocation
[250.782s][info][gc       ] GC(496) Pause Young (Allocation Failure) 2227M->1658M(4551M) 3.358ms
[250.783s][info][safepoint] Leaving safepoint region
[250.783s][info][safepoint] Total time for which application threads were stopped: 0.0045586 seconds, Stopping threads took: 0.0003683 seconds
[251.039s][info][safepoint] Application time: 0.2549480 seconds
[251.039s][info][safepoint] Entering safepoint region: ParallelGCFailedAllocation
[251.042s][info][gc       ] GC(497) Pause Young (Allocation Failure) 2227M->1658M(4574M) 2.705ms
[251.043s][info][safepoint] Leaving safepoint region
[251.043s][info][safepoint] Total time for which application threads were stopped: 0.0041712 seconds, Stopping threads took: 0.0003770 seconds
[251.344s][info][safepoint] Application time: 0.2999822 seconds
[251.344s][info][safepoint] Entering safepoint region: ParallelGCFailedAllocation
[251.348s][info][gc       ] GC(498) Pause Young (Allocation Failure) 2250M->1658M(4551M) 3.527ms
[251.349s][info][safepoint] Leaving safepoint region
[251.349s][info][safepoint] Total time for which application threads were stopped: 0.0051240 seconds, Stopping threads took: 0.0006200 seconds
[251.639s][info][safepoint] Application time: 0.2899150 seconds
[251.640s][info][safepoint] Entering safepoint region: ParallelGCFailedAllocation
[251.643s][info][gc       ] GC(499) Pause Young (Allocation Failure) 2250M->1658M(4634M) 2.796ms
[251.644s][info][safepoint] Leaving safepoint region
[251.644s][info][safepoint] Total time for which application threads were stopped: 0.0043346 seconds, Stopping threads took: 0.0002649 seconds
[251.975s][info][safepoint] Application time: 0.3303276 seconds
[251.976s][info][safepoint] Entering safepoint region: ParallelGCFailedAllocation
[251.981s][info][gc       ] GC(500) Pause Young (Allocation Failure) 2363M->1658M(4604M) 4.504ms
[251.982s][info][safepoint] Leaving safepoint region
[251.982s][info][safepoint] Total time for which application threads were stopped: 0.0062484 seconds, Stopping threads took: 0.0006085 seconds
[252.318s][info][safepoint] Application time: 0.3353570 seconds
[252.318s][info][safepoint] Entering safepoint region: ParallelGCFailedAllocation
[252.322s][info][gc       ] GC(501) Pause Young (Allocation Failure) 2363M->1658M(4691M) 3.434ms
[252.323s][info][safepoint] Leaving safepoint region
[252.323s][info][safepoint] Total time for which application threads were stopped: 0.0048341 seconds, Stopping threads took: 0.0003895 seconds
[252.752s][info][safepoint] Application time: 0.4278243 seconds
[252.752s][info][safepoint] Entering safepoint region: ParallelGCFailedAllocation
[252.756s][info][gc       ] GC(502) Pause Young (Allocation Failure) 2479M->1658M(4663M) 3.195ms
[252.757s][info][safepoint] Leaving safepoint region
[252.757s][info][safepoint] Total time for which application threads were stopped: 0.0048642 seconds, Stopping threads took: 0.0006004 seconds
[253.142s][info][safepoint] Application time: 0.3847418 seconds
[253.143s][info][safepoint] Entering safepoint region: ParallelGCFailedAllocation
[253.146s][info][gc       ] GC(503) Pause Young (Allocation Failure) 2479M->1658M(4744M) 2.657ms
[253.146s][info][safepoint] Leaving safepoint region
[253.147s][info][safepoint] Total time for which application threads were stopped: 0.0038925 seconds, Stopping threads took: 0.0002817 seconds
[253.569s][info][safepoint] Application time: 0.4218852 seconds
[253.569s][info][safepoint] Entering safepoint region: ParallelGCFailedAllocation
[253.573s][info][gc       ] GC(504) Pause Young (Allocation Failure) 2586M->1658M(4718M) 3.388ms
[253.574s][info][safepoint] Leaving safepoint region
[253.575s][info][safepoint] Total time for which application threads were stopped: 0.0051970 seconds, Stopping threads took: 0.0004518 seconds
[254.011s][info][safepoint] Application time: 0.4359345 seconds
[254.012s][info][safepoint] Entering safepoint region: ParallelGCFailedAllocation
[254.022s][info][gc       ] GC(505) Pause Young (Allocation Failure) 2586M->1658M(4792M) 9.228ms
[254.022s][info][safepoint] Leaving safepoint region
[254.023s][info][safepoint] Total time for which application threads were stopped: 0.0107030 seconds, Stopping threads took: 0.0005672 seconds
[254.523s][info][safepoint] Application time: 0.4996315 seconds
[254.523s][info][safepoint] Entering safepoint region: ParallelGCFailedAllocation
[254.527s][info][gc       ] GC(506) Pause Young (Allocation Failure) 2686M->1658M(4769M) 3.197ms
[254.528s][info][safepoint] Leaving safepoint region
[254.528s][info][safepoint] Total time for which application threads were stopped: 0.0046845 seconds, Stopping threads took: 0.0006050 seconds
[255.029s][info][safepoint] Application time: 0.4999379 seconds
[255.029s][info][safepoint] Entering safepoint region: ParallelGCFailedAllocation
[255.032s][info][gc       ] GC(507) Pause Young (Allocation Failure) 2686M->1658M(4835M) 2.918ms
[255.033s][info][safepoint] Leaving safepoint region
[255.033s][info][safepoint] Total time for which application threads were stopped: 0.0041687 seconds, Stopping threads took: 0.0002601 seconds
[255.565s][info][safepoint] Application time: 0.5310589 seconds
[255.565s][info][safepoint] Entering safepoint region: ParallelGCFailedAllocation
[255.569s][info][gc       ] GC(508) Pause Young (Allocation Failure) 2774M->1658M(4814M) 2.974ms
[255.569s][info][safepoint] Leaving safepoint region
[255.570s][info][safepoint] Total time for which application threads were stopped: 0.0043297 seconds, Stopping threads took: 0.0004497 seconds
[256.102s][info][safepoint] Application time: 0.5316568 seconds
[256.102s][info][safepoint] Entering safepoint region: ParallelGCFailedAllocation
[256.107s][info][gc       ] GC(509) Pause Young (Allocation Failure) 2774M->1658M(4874M) 3.888ms
[256.108s][info][safepoint] Leaving safepoint region
[256.108s][info][safepoint] Total time for which application threads were stopped: 0.0058429 seconds, Stopping threads took: 0.0006493 seconds
[256.657s][info][safepoint] Application time: 0.5484643 seconds
[256.658s][info][safepoint] Entering safepoint region: ParallelGCFailedAllocation
[256.662s][info][gc       ] GC(510) Pause Young (Allocation Failure) 2854M->1658M(4855M) 3.802ms
[256.663s][info][safepoint] Leaving safepoint region
[256.663s][info][safepoint] Total time for which application threads were stopped: 0.0053910 seconds, Stopping threads took: 0.0005576 seconds
[257.260s][info][safepoint] Application time: 0.5959976 seconds
[257.261s][info][safepoint] Entering safepoint region: ParallelGCFailedAllocation
[257.265s][info][gc       ] GC(511) Pause Young (Allocation Failure) 2854M->1658M(4908M) 3.491ms
[257.265s][info][safepoint] Leaving safepoint region
[257.266s][info][safepoint] Total time for which application threads were stopped: 0.0050921 seconds, Stopping threads took: 0.0004305 seconds
[257.867s][info][safepoint] Application time: 0.6007042 seconds
[257.867s][info][safepoint] Entering safepoint region: ParallelGCFailedAllocation
[257.870s][info][gc       ] GC(512) Pause Young (Allocation Failure) 2925M->1658M(4892M) 2.399ms
[257.871s][info][safepoint] Leaving safepoint region
[257.871s][info][safepoint] Total time for which application threads were stopped: 0.0039598 seconds, Stopping threads took: 0.0004741 seconds
[258.478s][info][safepoint] Application time: 0.6063858 seconds
[258.479s][info][safepoint] Entering safepoint region: ParallelGCFailedAllocation
[258.483s][info][gc       ] GC(513) Pause Young (Allocation Failure) 2925M->1658M(4939M) 4.051ms
[258.484s][info][safepoint] Leaving safepoint region
[258.484s][info][safepoint] Total time for which application threads were stopped: 0.0051071 seconds, Stopping threads took: 0.0004539 seconds
[259.112s][info][safepoint] Application time: 0.6283305 seconds
[259.113s][info][safepoint] Entering safepoint region: ParallelGCFailedAllocation
[259.117s][info][gc       ] GC(514) Pause Young (Allocation Failure) 2988M->1658M(4924M) 4.139ms
[259.118s][info][safepoint] Leaving safepoint region
[259.119s][info][safepoint] Total time for which application threads were stopped: 0.0057405 seconds, Stopping threads took: 0.0003836 seconds
[259.771s][info][safepoint] Application time: 0.6516662 seconds
[259.771s][info][safepoint] Entering safepoint region: ParallelGCFailedAllocation
[259.775s][info][gc       ] GC(515) Pause Young (Allocation Failure) 2988M->1658M(4965M) 3.172ms
[259.775s][info][safepoint] Leaving safepoint region
[259.776s][info][safepoint] Total time for which application threads were stopped: 0.0044901 seconds, Stopping threads took: 0.0003328 seconds
[260.432s][info][safepoint] Application time: 0.6557708 seconds
[260.432s][info][safepoint] Entering safepoint region: ParallelGCFailedAllocation
[260.442s][info][gc       ] GC(516) Pause Young (Allocation Failure) 3042M->1658M(4952M) 9.170ms
[260.444s][info][safepoint] Leaving safepoint region
[260.444s][info][safepoint] Total time for which application threads were stopped: 0.0116873 seconds, Stopping threads took: 0.0005086 seconds
[261.111s][info][safepoint] Application time: 0.6663000 seconds
[261.111s][info][safepoint] Entering safepoint region: ParallelGCFailedAllocation
[261.120s][info][gc       ] GC(517) Pause Young (Allocation Failure) 3042M->1658M(4988M) 8.219ms
[261.121s][info][safepoint] Leaving safepoint region
[261.121s][info][safepoint] Total time for which application threads were stopped: 0.0095401 seconds, Stopping threads took: 0.0004028 seconds
[261.818s][info][safepoint] Application time: 0.6961030 seconds
[261.818s][info][safepoint] Entering safepoint region: ParallelGCFailedAllocation
[261.823s][info][gc       ] GC(518) Pause Young (Allocation Failure) 3089M->1658M(4977M) 4.170ms
[261.823s][info][safepoint] Leaving safepoint region
[261.824s][info][safepoint] Total time for which application threads were stopped: 0.0056107 seconds, Stopping threads took: 0.0004470 seconds
[262.482s][info][safepoint] Application time: 0.6578318 seconds
[262.483s][info][safepoint] Entering safepoint region: ParallelGCFailedAllocation
[262.492s][info][gc       ] GC(519) Pause Young (Allocation Failure) 3089M->1658M(5007M) 8.112ms
[262.492s][info][safepoint] Leaving safepoint region
[262.493s][info][safepoint] Total time for which application threads were stopped: 0.0098663 seconds, Stopping threads took: 0.0004604 seconds
[263.179s][info][safepoint] Application time: 0.6861187 seconds
[263.180s][info][safepoint] Entering safepoint region: ParallelGCFailedAllocation
[263.183s][info][gc       ] GC(520) Pause Young (Allocation Failure) 3130M->1658M(4998M) 2.783ms
[263.183s][info][safepoint] Leaving safepoint region
[263.184s][info][safepoint] Total time for which application threads were stopped: 0.0040948 seconds, Stopping threads took: 0.0002730 seconds
[263.852s][info][safepoint] Application time: 0.6683090 seconds
[263.853s][info][safepoint] Entering safepoint region: ParallelGCFailedAllocation
[263.857s][info][gc       ] GC(521) Pause Young (Allocation Failure) 3130M->1658M(5024M) 3.441ms
[263.857s][info][safepoint] Leaving safepoint region
[263.858s][info][safepoint] Total time for which application threads were stopped: 0.0049475 seconds, Stopping threads took: 0.0003985 seconds
[264.187s][info][safepoint] Application time: 0.3285549 seconds
[264.188s][info][safepoint] Entering safepoint region: ParallelGCFailedAllocation
[264.578s][info][gc       ] GC(522) Pause Young (Allocation Failure) 3165M->2815M(5016M) 389.678ms
[266.017s][info][gc       ] GC(523) Pause Full (Ergonomics) 2815M->1154M(4199M) 1438.479ms
[266.017s][info][safepoint] Leaving safepoint region
[266.018s][info][safepoint] Total time for which application threads were stopped: 1.8301563 seconds, Stopping threads took: 0.0004501 seconds
[266.264s][info][safepoint] Application time: 0.2461241 seconds
[266.265s][info][safepoint] Entering safepoint region: ParallelGCFailedAllocation
[266.483s][info][gc       ] GC(524) Pause Young (Allocation Failure) 1836M->1800M(4608M) 217.953ms
[266.483s][info][safepoint] Leaving safepoint region
[266.484s][info][safepoint] Total time for which application threads were stopped: 0.2189319 seconds, Stopping threads took: 0.0003420 seconds
[266.828s][info][safepoint] Application time: 0.3444789 seconds
[266.829s][info][safepoint] Entering safepoint region: ParallelGCFailedAllocation
[266.997s][info][gc       ] GC(525) Pause Young (Allocation Failure) 2483M->1800M(4495M) 167.738ms
[266.998s][info][safepoint] Leaving safepoint region
[266.998s][info][safepoint] Total time for which application threads were stopped: 0.1688195 seconds, Stopping threads took: 0.0003444 seconds
[267.273s][info][safepoint] Application time: 0.2745277 seconds
[267.273s][info][safepoint] Entering safepoint region: ParallelGCFailedAllocation
[267.434s][info][gc       ] GC(526) Pause Young (Allocation Failure) 2370M->1801M(4551M) 160.194ms
[267.435s][info][safepoint] Leaving safepoint region
[267.435s][info][safepoint] Total time for which application threads were stopped: 0.1619560 seconds, Stopping threads took: 0.0005439 seconds
[267.703s][info][safepoint] Application time: 0.2674098 seconds
[267.704s][info][safepoint] Entering safepoint region: ParallelGCFailedAllocation
[267.868s][info][gc       ] GC(527) Pause Young (Allocation Failure) 2370M->1801M(4551M) 163.461ms
[267.868s][info][safepoint] Leaving safepoint region
[267.869s][info][safepoint] Total time for which application threads were stopped: 0.1649170 seconds, Stopping threads took: 0.0005240 seconds
[268.145s][info][safepoint] Application time: 0.2762915 seconds
[268.146s][info][safepoint] Entering safepoint region: ParallelGCFailedAllocation
[268.310s][info][gc       ] GC(528) Pause Young (Allocation Failure) 2370M->1801M(4551M) 164.439ms
[268.311s][info][safepoint] Leaving safepoint region
[268.312s][info][safepoint] Total time for which application threads were stopped: 0.1661483 seconds, Stopping threads took: 0.0002748 seconds
[268.581s][info][safepoint] Application time: 0.2684570 seconds
[268.581s][info][safepoint] Entering safepoint region: ParallelGCFailedAllocation
[268.746s][info][gc       ] GC(529) Pause Young (Allocation Failure) 2370M->1801M(4551M) 164.385ms
[268.747s][info][safepoint] Leaving safepoint region
[268.748s][info][safepoint] Total time for which application threads were stopped: 0.1663582 seconds, Stopping threads took: 0.0004536 seconds
[269.002s][info][safepoint] Application time: 0.2539419 seconds
[269.003s][info][safepoint] Entering safepoint region: ParallelGCFailedAllocation
[269.167s][info][gc       ] GC(530) Pause Young (Allocation Failure) 2370M->1801M(4551M) 163.422ms
[269.167s][info][safepoint] Leaving safepoint region
[269.168s][info][safepoint] Total time for which application threads were stopped: 0.1651283 seconds, Stopping threads took: 0.0004237 seconds
[269.462s][info][safepoint] Application time: 0.2933367 seconds
[269.462s][info][safepoint] Entering safepoint region: ParallelGCFailedAllocation
[269.716s][info][gc       ] GC(531) Pause Young (Allocation Failure) 2370M->1802M(4551M) 253.258ms
[269.716s][info][safepoint] Leaving safepoint region
[269.717s][info][safepoint] Total time for which application threads were stopped: 0.2544087 seconds, Stopping threads took: 0.0004582 seconds
[269.992s][info][safepoint] Application time: 0.2746963 seconds
[269.992s][info][safepoint] Entering safepoint region: ParallelGCFailedAllocation
[270.010s][info][gc       ] GC(532) Pause Young (Allocation Failure) 2372M->1802M(4551M) 17.662ms
[270.011s][info][safepoint] Leaving safepoint region
[270.012s][info][safepoint] Total time for which application threads were stopped: 0.0197156 seconds, Stopping threads took: 0.0004106 seconds
[270.312s][info][safepoint] Application time: 0.2995950 seconds
[270.313s][info][safepoint] Entering safepoint region: ParallelGCFailedAllocation
[270.321s][info][gc       ] GC(533) Pause Young (Allocation Failure) 2372M->1802M(4551M) 7.552ms
[270.321s][info][safepoint] Leaving safepoint region
[270.322s][info][safepoint] Total time for which application threads were stopped: 0.0093312 seconds, Stopping threads took: 0.0004419 seconds
[270.634s][info][safepoint] Application time: 0.3117624 seconds
[270.635s][info][safepoint] Entering safepoint region: ParallelGCFailedAllocation
[270.644s][info][gc       ] GC(534) Pause Young (Allocation Failure) 2372M->1802M(4551M) 8.704ms
[270.645s][info][safepoint] Leaving safepoint region
[270.645s][info][safepoint] Total time for which application threads were stopped: 0.0101897 seconds, Stopping threads took: 0.0004593 seconds
[270.920s][info][safepoint] Application time: 0.2742248 seconds
[270.920s][info][safepoint] Entering safepoint region: ParallelGCFailedAllocation
[270.932s][info][gc       ] GC(535) Pause Young (Allocation Failure) 2372M->1802M(4551M) 11.302ms
[270.933s][info][safepoint] Leaving safepoint region
[270.934s][info][safepoint] Total time for which application threads were stopped: 0.0137636 seconds, Stopping threads took: 0.0005112 seconds
[271.236s][info][safepoint] Application time: 0.3006820 seconds
[271.236s][info][safepoint] Entering safepoint region: ParallelGCFailedAllocation
[271.244s][info][gc       ] GC(536) Pause Young (Allocation Failure) 2372M->1802M(4551M) 7.414ms
[271.245s][info][safepoint] Leaving safepoint region
[271.245s][info][safepoint] Total time for which application threads were stopped: 0.0091724 seconds, Stopping threads took: 0.0004227 seconds
[271.547s][info][safepoint] Application time: 0.3010742 seconds
[271.547s][info][safepoint] Entering safepoint region: ParallelGCFailedAllocation
[271.555s][info][gc       ] GC(537) Pause Young (Allocation Failure) 2372M->1802M(4551M) 7.628ms
[271.556s][info][safepoint] Leaving safepoint region
[271.556s][info][safepoint] Total time for which application threads were stopped: 0.0087972 seconds, Stopping threads took: 0.0003903 seconds
[271.843s][info][safepoint] Application time: 0.2862115 seconds
[271.844s][info][safepoint] Entering safepoint region: ParallelGCFailedAllocation
[271.852s][info][gc       ] GC(538) Pause Young (Allocation Failure) 2372M->1802M(4551M) 8.135ms
[271.853s][info][safepoint] Leaving safepoint region
[271.853s][info][safepoint] Total time for which application threads were stopped: 0.0096650 seconds, Stopping threads took: 0.0004889 seconds
[272.140s][info][safepoint] Application time: 0.2863176 seconds
[272.141s][info][safepoint] Entering safepoint region: ParallelGCFailedAllocation
[272.149s][info][gc       ] GC(539) Pause Young (Allocation Failure) 2372M->1802M(4551M) 8.003ms
[272.150s][info][safepoint] Leaving safepoint region
[272.151s][info][safepoint] Total time for which application threads were stopped: 0.0098422 seconds, Stopping threads took: 0.0003683 seconds
[272.432s][info][safepoint] Application time: 0.2808182 seconds
[272.433s][info][safepoint] Entering safepoint region: ParallelGCFailedAllocation
[272.440s][info][gc       ] GC(540) Pause Young (Allocation Failure) 2372M->1802M(4551M) 7.536ms
[272.441s][info][safepoint] Leaving safepoint region
[272.442s][info][safepoint] Total time for which application threads were stopped: 0.0090807 seconds, Stopping threads took: 0.0002817 seconds
[272.736s][info][safepoint] Application time: 0.2941703 seconds
[272.737s][info][safepoint] Entering safepoint region: ParallelGCFailedAllocation
[272.746s][info][gc       ] GC(541) Pause Young (Allocation Failure) 2372M->1802M(4551M) 8.368ms
[272.746s][info][safepoint] Leaving safepoint region
[272.747s][info][safepoint] Total time for which application threads were stopped: 0.0099204 seconds, Stopping threads took: 0.0004786 seconds
[273.045s][info][safepoint] Application time: 0.2981845 seconds
[273.046s][info][safepoint] Entering safepoint region: ParallelGCFailedAllocation
[273.054s][info][gc       ] GC(542) Pause Young (Allocation Failure) 2372M->1802M(4551M) 7.543ms
[273.054s][info][safepoint] Leaving safepoint region
[273.055s][info][safepoint] Total time for which application threads were stopped: 0.0086381 seconds, Stopping threads took: 0.0004196 seconds
[273.330s][info][safepoint] Application time: 0.2751094 seconds
[273.331s][info][safepoint] Entering safepoint region: ParallelGCFailedAllocation
[273.338s][info][gc       ] GC(543) Pause Young (Allocation Failure) 2372M->1802M(4556M) 7.370ms
[273.339s][info][safepoint] Leaving safepoint region
[273.340s][info][safepoint] Total time for which application threads were stopped: 0.0091393 seconds, Stopping threads took: 0.0004753 seconds
[273.613s][info][safepoint] Application time: 0.2725469 seconds
[273.613s][info][safepoint] Entering safepoint region: ParallelGCFailedAllocation
[273.622s][info][gc       ] GC(544) Pause Young (Allocation Failure) 2376M->1802M(4551M) 7.716ms
[273.622s][info][safepoint] Leaving safepoint region
[273.622s][info][safepoint] Total time for which application threads were stopped: 0.0091191 seconds, Stopping threads took: 0.0004890 seconds
[273.916s][info][safepoint] Application time: 0.2930982 seconds
[273.917s][info][safepoint] Entering safepoint region: ParallelGCFailedAllocation
[273.925s][info][gc       ] GC(545) Pause Young (Allocation Failure) 2376M->1802M(4622M) 7.663ms
[273.925s][info][safepoint] Leaving safepoint region
[273.926s][info][safepoint] Total time for which application threads were stopped: 0.0092751 seconds, Stopping threads took: 0.0004985 seconds
[274.261s][info][safepoint] Application time: 0.3349052 seconds
[274.262s][info][safepoint] Entering safepoint region: ParallelGCFailedAllocation
[274.269s][info][gc       ] GC(546) Pause Young (Allocation Failure) 2480M->1802M(4589M) 7.176ms
[274.270s][info][safepoint] Leaving safepoint region
[274.270s][info][safepoint] Total time for which application threads were stopped: 0.0083347 seconds, Stopping threads took: 0.0004036 seconds
[274.592s][info][safepoint] Application time: 0.3215132 seconds
[274.592s][info][safepoint] Entering safepoint region: ParallelGCFailedAllocation
[274.605s][info][gc       ] GC(547) Pause Young (Allocation Failure) 2480M->1802M(4683M) 11.702ms
[274.605s][info][safepoint] Leaving safepoint region
[274.606s][info][safepoint] Total time for which application threads were stopped: 0.0131722 seconds, Stopping threads took: 0.0005475 seconds
[274.996s][info][safepoint] Application time: 0.3903818 seconds
[274.997s][info][safepoint] Entering safepoint region: ParallelGCFailedAllocation
[275.005s][info][gc       ] GC(548) Pause Young (Allocation Failure) 2605M->1802M(4653M) 7.858ms
[275.006s][info][safepoint] Leaving safepoint region
[275.006s][info][safepoint] Total time for which application threads were stopped: 0.0095237 seconds, Stopping threads took: 0.0002939 seconds
[275.388s][info][safepoint] Application time: 0.3804958 seconds
[275.388s][info][safepoint] Entering safepoint region: ParallelGCFailedAllocation
[275.398s][info][gc       ] GC(549) Pause Young (Allocation Failure) 2605M->1802M(4739M) 8.814ms
[275.398s][info][safepoint] Leaving safepoint region
[275.399s][info][safepoint] Total time for which application threads were stopped: 0.0108711 seconds, Stopping threads took: 0.0005942 seconds
[275.853s][info][safepoint] Application time: 0.4537359 seconds
[275.854s][info][safepoint] Entering safepoint region: ParallelGCFailedAllocation
[275.863s][info][gc       ] GC(550) Pause Young (Allocation Failure) 2720M->1802M(4712M) 8.324ms
[275.863s][info][safepoint] Leaving safepoint region
[275.864s][info][safepoint] Total time for which application threads were stopped: 0.0096203 seconds, Stopping threads took: 0.0006078 seconds
[276.278s][info][safepoint] Application time: 0.4137231 seconds
[276.278s][info][safepoint] Entering safepoint region: ParallelGCFailedAllocation
[276.288s][info][gc       ] GC(551) Pause Young (Allocation Failure) 2720M->1802M(4789M) 8.617ms
[276.288s][info][safepoint] Leaving safepoint region
[276.288s][info][safepoint] Total time for which application threads were stopped: 0.0101844 seconds, Stopping threads took: 0.0005833 seconds
[276.757s][info][safepoint] Application time: 0.4676020 seconds
[276.757s][info][safepoint] Entering safepoint region: ParallelGCFailedAllocation
[276.765s][info][gc       ] GC(552) Pause Young (Allocation Failure) 2823M->1802M(4765M) 7.619ms
[276.766s][info][safepoint] Leaving safepoint region
[276.766s][info][safepoint] Total time for which application threads were stopped: 0.0091722 seconds, Stopping threads took: 0.0003969 seconds
[277.278s][info][safepoint] Application time: 0.5108963 seconds
[277.278s][info][safepoint] Entering safepoint region: ParallelGCFailedAllocation
[277.286s][info][gc       ] GC(553) Pause Young (Allocation Failure) 2823M->1802M(4834M) 7.285ms
[277.287s][info][safepoint] Leaving safepoint region
[277.287s][info][safepoint] Total time for which application threads were stopped: 0.0089186 seconds, Stopping threads took: 0.0003592 seconds
[277.819s][info][safepoint] Application time: 0.5309668 seconds
[277.820s][info][safepoint] Entering safepoint region: ParallelGCFailedAllocation
[277.829s][info][gc       ] GC(554) Pause Young (Allocation Failure) 2916M->1802M(4812M) 8.495ms
[277.830s][info][safepoint] Leaving safepoint region
[277.830s][info][safepoint] Total time for which application threads were stopped: 0.0106369 seconds, Stopping threads took: 0.0006532 seconds
[278.374s][info][safepoint] Application time: 0.5434096 seconds
[278.375s][info][safepoint] Entering safepoint region: ParallelGCFailedAllocation
[278.383s][info][gc       ] GC(555) Pause Young (Allocation Failure) 2916M->1802M(4874M) 7.547ms
[278.384s][info][safepoint] Leaving safepoint region
[278.384s][info][safepoint] Total time for which application threads were stopped: 0.0089140 seconds, Stopping threads took: 0.0003822 seconds
[278.952s][info][safepoint] Application time: 0.5679832 seconds
[278.953s][info][safepoint] Entering safepoint region: ParallelGCFailedAllocation
[278.961s][info][gc       ] GC(556) Pause Young (Allocation Failure) 2998M->1802M(4855M) 7.361ms
[278.961s][info][safepoint] Leaving safepoint region
[278.962s][info][safepoint] Total time for which application threads were stopped: 0.0090285 seconds, Stopping threads took: 0.0003658 seconds
[279.536s][info][safepoint] Application time: 0.5740423 seconds
[279.537s][info][safepoint] Entering safepoint region: ParallelGCFailedAllocation
[279.545s][info][gc       ] GC(557) Pause Young (Allocation Failure) 2998M->1802M(4909M) 7.272ms
[279.545s][info][safepoint] Leaving safepoint region
[279.545s][info][safepoint] Total time for which application threads were stopped: 0.0086690 seconds, Stopping threads took: 0.0003890 seconds
[280.131s][info][safepoint] Application time: 0.5851946 seconds
[280.132s][info][safepoint] Entering safepoint region: ParallelGCFailedAllocation
[280.140s][info][gc       ] GC(558) Pause Young (Allocation Failure) 3071M->1802M(4892M) 7.916ms
[280.141s][info][safepoint] Leaving safepoint region
[280.141s][info][safepoint] Total time for which application threads were stopped: 0.0098151 seconds, Stopping threads took: 0.0003517 seconds
[280.735s][info][safepoint] Application time: 0.5929342 seconds
[280.736s][info][safepoint] Entering safepoint region: ParallelGCFailedAllocation
[280.744s][info][gc       ] GC(559) Pause Young (Allocation Failure) 3071M->1802M(4940M) 7.515ms
[280.744s][info][safepoint] Leaving safepoint region
[280.745s][info][safepoint] Total time for which application threads were stopped: 0.0092891 seconds, Stopping threads took: 0.0006679 seconds
[281.392s][info][safepoint] Application time: 0.6472705 seconds
[281.393s][info][safepoint] Entering safepoint region: ParallelGCFailedAllocation
[281.402s][info][gc       ] GC(560) Pause Young (Allocation Failure) 3134M->1802M(4925M) 7.962ms
[281.402s][info][safepoint] Leaving safepoint region
[281.403s][info][safepoint] Total time for which application threads were stopped: 0.0095268 seconds, Stopping threads took: 0.0006422 seconds
[282.064s][info][safepoint] Application time: 0.6603708 seconds
[282.064s][info][safepoint] Entering safepoint region: ParallelGCFailedAllocation
[282.073s][info][gc       ] GC(561) Pause Young (Allocation Failure) 3134M->1802M(4966M) 8.269ms
[282.074s][info][safepoint] Leaving safepoint region
[282.074s][info][safepoint] Total time for which application threads were stopped: 0.0097240 seconds, Stopping threads took: 0.0004448 seconds
[282.731s][info][safepoint] Application time: 0.6565992 seconds
[282.732s][info][safepoint] Entering safepoint region: ParallelGCFailedAllocation
[282.740s][info][gc       ] GC(562) Pause Young (Allocation Failure) 3189M->1802M(4953M) 8.188ms
[282.741s][info][safepoint] Leaving safepoint region
[282.741s][info][safepoint] Total time for which application threads were stopped: 0.0094804 seconds, Stopping threads took: 0.0004596 seconds
[283.128s][info][safepoint] Application time: 0.3863117 seconds
[283.128s][info][safepoint] Entering safepoint region: Halt
