[0.054s][info][gc] Using G1
[0.373s][info][safepoint] Safepoint "ICBufferFull", Time since last: 294490936 ns, Reaching safepoint: 152399 ns, At safepoint: 3770 ns, Total: 156169 ns
[0.982s][info][gc       ] GC(0) Pause Young (Normal) (G1 Evacuation Pause) 283M->265M(5120M) 163.995ms
[0.983s][info][safepoint] Safepoint "G1CollectForAllocation", Time since last: 445119429 ns, Reaching safepoint: 214489 ns, At safepoint: 164491719 ns, Total: 164706208 ns
[1.092s][info][gc       ] GC(1) Pause Young (Normal) (G1 Evacuation Pause) 517M->531M(5120M) 59.217ms
[1.092s][info][safepoint] Safepoint "G1CollectForAllocation", Time since last: 49561045 ns, Reaching safepoint: 269987 ns, At safepoint: 59713414 ns, Total: 59983401 ns
[1.228s][info][gc       ] GC(2) Pause Young (Normal) (G1 Evacuation Pause) 779M->793M(5120M) 64.777ms
[1.229s][info][safepoint] Safepoint "G1CollectForAllocation", Time since last: 70823187 ns, Reaching safepoint: 256702 ns, At safepoint: 65624920 ns, Total: 65881622 ns
[1.327s][info][gc       ] GC(3) Pause Young (Normal) (G1 Evacuation Pause) 1017M->1033M(5120M) 48.973ms
[1.328s][info][safepoint] Safepoint "G1CollectForAllocation", Time since last: 48948625 ns, Reaching safepoint: 211151 ns, At safepoint: 49435289 ns, Total: 49646440 ns
[1.439s][info][gc       ] GC(4) Pause Young (Normal) (G1 Evacuation Pause) 1293M->1309M(5120M) 53.532ms
[1.439s][info][safepoint] Safepoint "G1CollectForAllocation", Time since last: 57291640 ns, Reaching safepoint: 169017 ns, At safepoint: 53960864 ns, Total: 54129881 ns
[1.530s][info][gc       ] GC(5) Pause Young (Normal) (G1 Evacuation Pause) 1533M->1545M(5120M) 50.430ms
[1.530s][info][safepoint] Safepoint "G1CollectForAllocation", Time since last: 40031541 ns, Reaching safepoint: 217434 ns, At safepoint: 50795470 ns, Total: 51012904 ns
[1.637s][info][gc       ] GC(6) Pause Young (Normal) (G1 Evacuation Pause) 1825M->1835M(5120M) 49.134ms
[1.637s][info][safepoint] Safepoint "G1CollectForAllocation", Time since last: 57325957 ns, Reaching safepoint: 256756 ns, At safepoint: 49586977 ns, Total: 49843733 ns
[2.117s][info][gc       ] GC(7) Pause Young (Normal) (G1 Evacuation Pause) 2059M->2015M(5120M) 117.787ms
[2.118s][info][safepoint] Safepoint "G1CollectForAllocation", Time since last: 361820949 ns, Reaching safepoint: 178818 ns, At safepoint: 118346975 ns, Total: 118525793 ns
[2.316s][info][gc       ] GC(8) Pause Young (Normal) (G1 Evacuation Pause) 2239M->2030M(5120M) 28.165ms
[2.317s][info][safepoint] Safepoint "G1CollectForAllocation", Time since last: 170241765 ns, Reaching safepoint: 223529 ns, At safepoint: 28614680 ns, Total: 28838209 ns
[2.451s][info][gc       ] GC(9) Pause Young (Normal) (G1 Evacuation Pause) 2282M->2030M(5120M) 2.137ms
[2.451s][info][safepoint] Safepoint "G1CollectForAllocation", Time since last: 131821628 ns, Reaching safepoint: 226302 ns, At safepoint: 2560136 ns, Total: 2786438 ns
[2.574s][info][gc       ] GC(10) Pause Young (Normal) (G1 Evacuation Pause) 2282M->2030M(5120M) 2.038ms
[2.574s][info][safepoint] Safepoint "G1CollectForAllocation", Time since last: 120206122 ns, Reaching safepoint: 211144 ns, At safepoint: 2582740 ns, Total: 2793884 ns
[2.689s][info][gc       ] GC(11) Pause Young (Normal) (G1 Evacuation Pause) 2282M->2029M(5120M) 2.597ms
[2.690s][info][safepoint] Safepoint "G1CollectForAllocation", Time since last: 111879657 ns, Reaching safepoint: 341617 ns, At safepoint: 3413472 ns, Total: 3755089 ns
[2.828s][info][gc       ] GC(12) Pause Young (Normal) (G1 Evacuation Pause) 2281M->2029M(5120M) 3.868ms
[2.828s][info][safepoint] Safepoint "G1CollectForAllocation", Time since last: 133418723 ns, Reaching safepoint: 279319 ns, At safepoint: 4649663 ns, Total: 4928982 ns
[2.949s][info][gc       ] GC(13) Pause Young (Normal) (G1 Evacuation Pause) 2281M->2029M(5120M) 2.316ms
[2.949s][info][safepoint] Safepoint "G1CollectForAllocation", Time since last: 117693770 ns, Reaching safepoint: 195365 ns, At safepoint: 2918586 ns, Total: 3113951 ns
[3.059s][info][gc       ] GC(14) Pause Young (Normal) (G1 Evacuation Pause) 2281M->2029M(5120M) 1.908ms
[3.059s][info][safepoint] Safepoint "G1CollectForAllocation", Time since last: 107371343 ns, Reaching safepoint: 193929 ns, At safepoint: 2408729 ns, Total: 2602658 ns
[3.181s][info][gc       ] GC(15) Pause Young (Normal) (G1 Evacuation Pause) 2281M->2029M(5120M) 2.123ms
[3.181s][info][safepoint] Safepoint "G1CollectForAllocation", Time since last: 119428582 ns, Reaching safepoint: 257985 ns, At safepoint: 2660203 ns, Total: 2918188 ns
[3.315s][info][gc       ] GC(16) Pause Young (Normal) (G1 Evacuation Pause) 2281M->2029M(5120M) 2.828ms
[3.315s][info][safepoint] Safepoint "G1CollectForAllocation", Time since last: 130328489 ns, Reaching safepoint: 257091 ns, At safepoint: 3224937 ns, Total: 3482028 ns
[3.436s][info][gc       ] GC(17) Pause Young (Normal) (G1 Evacuation Pause) 2281M->2029M(5120M) 2.556ms
[3.437s][info][safepoint] Safepoint "G1CollectForAllocation", Time since last: 117753709 ns, Reaching safepoint: 254269 ns, At safepoint: 3495130 ns, Total: 3749399 ns
[3.608s][info][gc       ] GC(18) Pause Young (Normal) (G1 Evacuation Pause) 2389M->2029M(5120M) 2.820ms
[3.609s][info][safepoint] Safepoint "G1CollectForAllocation", Time since last: 168571919 ns, Reaching safepoint: 286558 ns, At safepoint: 3343291 ns, Total: 3629849 ns
[5.001s][info][gc       ] GC(19) Pause Young (Normal) (G1 Evacuation Pause) 4549M->2029M(5120M) 3.145ms
[5.001s][info][safepoint] Safepoint "G1CollectForAllocation", Time since last: 1388234470 ns, Reaching safepoint: 217738 ns, At safepoint: 3617187 ns, Total: 3834925 ns
[5.129s][info][gc       ] GC(20) Pause Young (Normal) (G1 Evacuation Pause) 2281M->2029M(5120M) 2.449ms
[5.129s][info][safepoint] Safepoint "G1CollectForAllocation", Time since last: 125190851 ns, Reaching safepoint: 309738 ns, At safepoint: 2896576 ns, Total: 3206314 ns
[5.247s][info][gc       ] GC(21) Pause Young (Normal) (G1 Evacuation Pause) 2281M->2029M(5120M) 2.145ms
[5.248s][info][safepoint] Safepoint "G1CollectForAllocation", Time since last: 115145642 ns, Reaching safepoint: 299509 ns, At safepoint: 2703837 ns, Total: 3003346 ns
[5.372s][info][gc       ] GC(22) Pause Young (Normal) (G1 Evacuation Pause) 2281M->2030M(5120M) 1.879ms
[5.373s][info][safepoint] Safepoint "G1CollectForAllocation", Time since last: 122542029 ns, Reaching safepoint: 262287 ns, At safepoint: 2255309 ns, Total: 2517596 ns
[5.487s][info][gc       ] GC(23) Pause Young (Normal) (G1 Evacuation Pause) 2282M->2030M(5120M) 1.868ms
[5.488s][info][safepoint] Safepoint "G1CollectForAllocation", Time since last: 112329999 ns, Reaching safepoint: 262651 ns, At safepoint: 2500270 ns, Total: 2762921 ns
[5.610s][info][gc       ] GC(24) Pause Young (Normal) (G1 Evacuation Pause) 2282M->2030M(5120M) 1.793ms
[5.610s][info][safepoint] Safepoint "G1CollectForAllocation", Time since last: 120150132 ns, Reaching safepoint: 200802 ns, At safepoint: 2227024 ns, Total: 2427826 ns
[6.749s][info][gc       ] GC(25) Pause Young (Normal) (G1 Evacuation Pause) 4582M->2030M(5120M) 2.944ms
[6.750s][info][safepoint] Safepoint "G1CollectForAllocation", Time since last: 1135909263 ns, Reaching safepoint: 257774 ns, At safepoint: 3508732 ns, Total: 3766506 ns
[7.868s][info][gc       ] GC(26) Pause Young (Normal) (G1 Evacuation Pause) 4586M->2030M(5120M) 3.258ms
[7.869s][info][safepoint] Safepoint "G1CollectForAllocation", Time since last: 1114616931 ns, Reaching safepoint: 336886 ns, At safepoint: 3670484 ns, Total: 4007370 ns
[8.985s][info][gc       ] GC(27) Pause Young (Normal) (G1 Evacuation Pause) 4586M->2030M(5120M) 3.084ms
[8.985s][info][safepoint] Safepoint "G1CollectForAllocation", Time since last: 1112466597 ns, Reaching safepoint: 365554 ns, At safepoint: 3728956 ns, Total: 4094510 ns
[10.108s][info][gc       ] GC(28) Pause Young (Normal) (G1 Evacuation Pause) 4586M->2030M(5120M) 2.905ms
[10.109s][info][safepoint] Safepoint "G1CollectForAllocation", Time since last: 1119994052 ns, Reaching safepoint: 249008 ns, At safepoint: 3622220 ns, Total: 3871228 ns
[11.244s][info][gc       ] GC(29) Pause Young (Normal) (G1 Evacuation Pause) 4590M->2030M(5120M) 5.505ms
[11.245s][info][safepoint] Safepoint "G1CollectForAllocation", Time since last: 1129054101 ns, Reaching safepoint: 347317 ns, At safepoint: 6203964 ns, Total: 6551281 ns
[12.337s][info][gc       ] GC(30) Pause Young (Normal) (G1 Evacuation Pause) 4590M->2030M(5120M) 3.094ms
[12.337s][info][safepoint] Safepoint "G1CollectForAllocation", Time since last: 1088824449 ns, Reaching safepoint: 229009 ns, At safepoint: 3472337 ns, Total: 3701346 ns
[13.470s][info][gc       ] GC(31) Pause Young (Normal) (G1 Evacuation Pause) 4590M->2030M(5120M) 2.898ms
[13.471s][info][safepoint] Safepoint "G1CollectForAllocation", Time since last: 1129972282 ns, Reaching safepoint: 316962 ns, At safepoint: 3273038 ns, Total: 3590000 ns
[14.571s][info][gc       ] GC(32) Pause Young (Normal) (G1 Evacuation Pause) 4594M->2030M(5120M) 5.144ms
[14.572s][info][safepoint] Safepoint "G1CollectForAllocation", Time since last: 1095330868 ns, Reaching safepoint: 230016 ns, At safepoint: 5911194 ns, Total: 6141210 ns
[15.689s][info][gc       ] GC(33) Pause Young (Normal) (G1 Evacuation Pause) 4594M->2030M(5120M) 3.265ms
[15.690s][info][safepoint] Safepoint "G1CollectForAllocation", Time since last: 1113434314 ns, Reaching safepoint: 405974 ns, At safepoint: 3683127 ns, Total: 4089101 ns
[17.128s][info][gc       ] GC(34) To-space exhausted
[17.128s][info][gc       ] GC(34) Pause Young (Normal) (G1 Evacuation Pause) 4706M->3532M(5120M) 648.308ms
[17.129s][info][safepoint] Safepoint "G1CollectForAllocation", Time since last: 789986216 ns, Reaching safepoint: 203406 ns, At safepoint: 648620790 ns, Total: 648824196 ns
[17.259s][info][gc       ] GC(35) Pause Young (Concurrent Start) (G1 Evacuation Pause) 3664M->3660M(5120M) 102.717ms
[17.260s][info][gc       ] GC(36) Concurrent Mark Cycle
[17.260s][info][safepoint] Safepoint "G1CollectForAllocation", Time since last: 27859513 ns, Reaching safepoint: 208097 ns, At safepoint: 103162210 ns, Total: 103370307 ns
[17.511s][info][gc       ] GC(37) Pause Young (Normal) (G1 Evacuation Pause) 3912M->3926M(5120M) 72.914ms
[17.512s][info][safepoint] Safepoint "G1CollectForAllocation", Time since last: 178030795 ns, Reaching safepoint: 349809 ns, At safepoint: 73524176 ns, Total: 73873985 ns
[17.851s][info][gc       ] GC(38) Pause Young (Normal) (G1 Evacuation Pause) 4150M->4030M(5120M) 72.657ms
[17.852s][info][safepoint] Safepoint "G1CollectForAllocation", Time since last: 266528281 ns, Reaching safepoint: 322221 ns, At safepoint: 73120787 ns, Total: 73443008 ns
[17.909s][info][gc       ] GC(36) Pause Remark 4102M->2102M(5120M) 1.868ms
[17.909s][info][safepoint] Safepoint "G1Concurrent", Time since last: 54948822 ns, Reaching safepoint: 284893 ns, At safepoint: 2324760 ns, Total: 2609653 ns
[18.002s][info][gc       ] GC(39) Pause Young (Normal) (G1 Evacuation Pause) 2254M->2051M(5120M) 21.037ms
[18.003s][info][safepoint] Safepoint "G1CollectForAllocation", Time since last: 71656034 ns, Reaching safepoint: 366004 ns, At safepoint: 21576672 ns, Total: 21942676 ns
[18.121s][info][gc       ] GC(40) Pause Young (Normal) (G1 Evacuation Pause) 2303M->2050M(5120M) 1.589ms
[18.122s][info][safepoint] Safepoint "G1CollectForAllocation", Time since last: 116430375 ns, Reaching safepoint: 434823 ns, At safepoint: 1995746 ns, Total: 2430569 ns
[18.179s][info][gc       ] GC(36) Pause Cleanup 2170M->2170M(5120M) 0.354ms
[18.179s][info][safepoint] Safepoint "G1Concurrent", Time since last: 56335643 ns, Reaching safepoint: 256226 ns, At safepoint: 693331 ns, Total: 949557 ns
[18.189s][info][gc       ] GC(36) Concurrent Mark Cycle 929.550ms
[18.243s][info][gc       ] GC(41) Pause Young (Prepare Mixed) (G1 Evacuation Pause) 2302M->2050M(5120M) 1.724ms
[18.244s][info][safepoint] Safepoint "G1CollectForAllocation", Time since last: 62239371 ns, Reaching safepoint: 168296 ns, At safepoint: 2154121 ns, Total: 2322417 ns
[18.357s][info][gc       ] GC(42) Pause Young (Mixed) (G1 Evacuation Pause) 2302M->2046M(5120M) 2.248ms
[18.357s][info][safepoint] Safepoint "G1CollectForAllocation", Time since last: 110745489 ns, Reaching safepoint: 200729 ns, At safepoint: 2783548 ns, Total: 2984277 ns
[18.496s][info][gc       ] GC(43) Pause Young (Mixed) (G1 Evacuation Pause) 2298M->2042M(5120M) 2.413ms
[18.497s][info][safepoint] Safepoint "G1CollectForAllocation", Time since last: 136343226 ns, Reaching safepoint: 348751 ns, At safepoint: 2998532 ns, Total: 3347283 ns
[18.609s][info][gc       ] GC(44) Pause Young (Mixed) (G1 Evacuation Pause) 2294M->2038M(5120M) 2.391ms
[18.610s][info][safepoint] Safepoint "G1CollectForAllocation", Time since last: 109867644 ns, Reaching safepoint: 224092 ns, At safepoint: 2839119 ns, Total: 3063211 ns
[18.730s][info][gc       ] GC(45) Pause Young (Mixed) (G1 Evacuation Pause) 2290M->2034M(5120M) 2.499ms
[18.731s][info][safepoint] Safepoint "G1CollectForAllocation", Time since last: 117415363 ns, Reaching safepoint: 210152 ns, At safepoint: 3231016 ns, Total: 3441168 ns
[18.854s][info][gc       ] GC(46) Pause Young (Mixed) (G1 Evacuation Pause) 2286M->2030M(5120M) 2.737ms
[18.855s][info][safepoint] Safepoint "G1CollectForAllocation", Time since last: 120438290 ns, Reaching safepoint: 304927 ns, At safepoint: 3437929 ns, Total: 3742856 ns
[18.972s][info][gc       ] GC(47) Pause Young (Normal) (G1 Evacuation Pause) 2298M->2030M(5120M) 2.645ms
[18.973s][info][safepoint] Safepoint "G1CollectForAllocation", Time since last: 114382940 ns, Reaching safepoint: 202645 ns, At safepoint: 3420863 ns, Total: 3623508 ns
[19.128s][info][gc       ] GC(48) Pause Young (Normal) (G1 Evacuation Pause) 2334M->2030M(5120M) 2.345ms
[19.128s][info][safepoint] Safepoint "G1CollectForAllocation", Time since last: 152253282 ns, Reaching safepoint: 211510 ns, At safepoint: 3005522 ns, Total: 3217032 ns
[19.295s][info][gc       ] GC(49) Pause Young (Normal) (G1 Evacuation Pause) 2346M->2030M(5120M) 2.530ms
[19.296s][info][safepoint] Safepoint "G1CollectForAllocation", Time since last: 164322697 ns, Reaching safepoint: 200356 ns, At safepoint: 2991417 ns, Total: 3191773 ns
[19.486s][info][gc       ] GC(50) Pause Young (Normal) (G1 Evacuation Pause) 2418M->2030M(5120M) 2.593ms
[19.487s][info][safepoint] Safepoint "G1CollectForAllocation", Time since last: 187565224 ns, Reaching safepoint: 250153 ns, At safepoint: 3096677 ns, Total: 3346830 ns
[19.708s][info][gc       ] GC(51) Pause Young (Normal) (G1 Evacuation Pause) 2470M->2030M(5120M) 3.136ms
[19.708s][info][safepoint] Safepoint "G1CollectForAllocation", Time since last: 217406107 ns, Reaching safepoint: 323372 ns, At safepoint: 3831466 ns, Total: 4154838 ns
[19.961s][info][gc       ] GC(52) Pause Young (Normal) (G1 Evacuation Pause) 2586M->2030M(5120M) 2.396ms
[19.961s][info][safepoint] Safepoint "G1CollectForAllocation", Time since last: 249866217 ns, Reaching safepoint: 195998 ns, At safepoint: 2978616 ns, Total: 3174614 ns
[20.268s][info][gc       ] GC(53) Pause Young (Normal) (G1 Evacuation Pause) 2698M->2030M(5120M) 2.396ms
[20.269s][info][safepoint] Safepoint "G1CollectForAllocation", Time since last: 304360134 ns, Reaching safepoint: 225586 ns, At safepoint: 2778629 ns, Total: 3004215 ns
[20.679s][info][gc       ] GC(54) Pause Young (Normal) (G1 Evacuation Pause) 2922M->2030M(5120M) 1.868ms
[20.679s][info][safepoint] Safepoint "G1CollectForAllocation", Time since last: 407769104 ns, Reaching safepoint: 246221 ns, At safepoint: 2238102 ns, Total: 2484323 ns
[21.128s][info][gc       ] GC(55) Pause Young (Normal) (G1 Evacuation Pause) 3030M->2030M(5120M) 2.496ms
[21.129s][info][safepoint] Safepoint "G1CollectForAllocation", Time since last: 446610796 ns, Reaching safepoint: 192582 ns, At safepoint: 3128366 ns, Total: 3320948 ns
[21.624s][info][gc       ] GC(56) Pause Young (Normal) (G1 Evacuation Pause) 3146M->2030M(5120M) 2.354ms
[21.625s][info][safepoint] Safepoint "G1CollectForAllocation", Time since last: 492675356 ns, Reaching safepoint: 223228 ns, At safepoint: 2895547 ns, Total: 3118775 ns
[22.064s][info][gc       ] GC(57) Pause Young (Normal) (G1 Evacuation Pause) 3026M->2030M(5120M) 2.497ms
[22.065s][info][safepoint] Safepoint "G1CollectForAllocation", Time since last: 436960764 ns, Reaching safepoint: 214337 ns, At safepoint: 3124006 ns, Total: 3338343 ns
[22.471s][info][gc       ] GC(58) Pause Young (Normal) (G1 Evacuation Pause) 2978M->2030M(5120M) 2.416ms
[22.471s][info][safepoint] Safepoint "G1CollectForAllocation", Time since last: 402842381 ns, Reaching safepoint: 322050 ns, At safepoint: 2961091 ns, Total: 3283141 ns
[23.003s][info][gc       ] GC(59) Pause Young (Normal) (G1 Evacuation Pause) 3130M->2030M(5120M) 2.501ms
[23.004s][info][safepoint] Safepoint "G1CollectForAllocation", Time since last: 529099259 ns, Reaching safepoint: 210734 ns, At safepoint: 3061611 ns, Total: 3272345 ns
[23.708s][info][gc       ] GC(60) Pause Young (Normal) (G1 Evacuation Pause) 3466M->2030M(5120M) 2.935ms
[23.709s][info][safepoint] Safepoint "G1CollectForAllocation", Time since last: 701749990 ns, Reaching safepoint: 234184 ns, At safepoint: 3534687 ns, Total: 3768871 ns
[24.583s][info][gc       ] GC(61) Pause Young (Normal) (G1 Evacuation Pause) 4054M->2030M(5120M) 2.790ms
[24.583s][info][safepoint] Safepoint "G1CollectForAllocation", Time since last: 870757438 ns, Reaching safepoint: 227562 ns, At safepoint: 3365482 ns, Total: 3593044 ns
[25.498s][info][gc       ] GC(62) Pause Young (Normal) (G1 Evacuation Pause) 4186M->2030M(5120M) 3.113ms
[25.498s][info][safepoint] Safepoint "G1CollectForAllocation", Time since last: 911098438 ns, Reaching safepoint: 247640 ns, At safepoint: 3637409 ns, Total: 3885049 ns
[26.489s][info][gc       ] GC(63) Pause Young (Normal) (G1 Evacuation Pause) 4302M->2030M(5120M) 2.797ms
[26.490s][info][safepoint] Safepoint "G1CollectForAllocation", Time since last: 987726734 ns, Reaching safepoint: 217794 ns, At safepoint: 3269287 ns, Total: 3487081 ns
[27.580s][info][gc       ] GC(64) Pause Young (Normal) (G1 Evacuation Pause) 4530M->2030M(5120M) 3.149ms
[27.580s][info][safepoint] Safepoint "G1CollectForAllocation", Time since last: 1086255541 ns, Reaching safepoint: 403510 ns, At safepoint: 3725523 ns, Total: 4129033 ns
[28.683s][info][gc       ] GC(65) Pause Young (Normal) (G1 Evacuation Pause) 4542M->2030M(5120M) 2.878ms
[28.684s][info][safepoint] Safepoint "G1CollectForAllocation", Time since last: 1100268318 ns, Reaching safepoint: 224888 ns, At safepoint: 3417890 ns, Total: 3642778 ns
[29.768s][info][gc       ] GC(66) Pause Young (Normal) (G1 Evacuation Pause) 4550M->2030M(5120M) 3.180ms
[29.769s][info][safepoint] Safepoint "G1CollectForAllocation", Time since last: 1081050400 ns, Reaching safepoint: 256658 ns, At safepoint: 3717558 ns, Total: 3974216 ns
[30.862s][info][gc       ] GC(67) Pause Young (Normal) (G1 Evacuation Pause) 4554M->2030M(5120M) 2.576ms
[30.862s][info][safepoint] Safepoint "G1CollectForAllocation", Time since last: 1089751353 ns, Reaching safepoint: 228450 ns, At safepoint: 3164880 ns, Total: 3393330 ns
[32.030s][info][gc       ] GC(68) To-space exhausted
[32.030s][info][gc       ] GC(68) Pause Young (Normal) (G1 Evacuation Pause) 4638M->2792M(5120M) 200.901ms
[32.031s][info][safepoint] Safepoint "G1CollectForAllocation", Time since last: 967006480 ns, Reaching safepoint: 346563 ns, At safepoint: 201408182 ns, Total: 201754745 ns
[32.173s][info][gc       ] GC(69) Pause Young (Concurrent Start) (G1 Evacuation Pause) 2944M->2947M(5120M) 110.355ms
[32.173s][info][gc       ] GC(70) Concurrent Mark Cycle
[32.173s][info][safepoint] Safepoint "G1CollectForAllocation", Time since last: 31046003 ns, Reaching safepoint: 244954 ns, At safepoint: 110860599 ns, Total: 111105553 ns
[32.312s][info][gc       ] GC(71) Pause Young (Normal) (G1 Evacuation Pause) 3295M->3306M(5120M) 59.846ms
[32.313s][info][safepoint] Safepoint "G1CollectForAllocation", Time since last: 79067805 ns, Reaching safepoint: 289575 ns, At safepoint: 60493127 ns, Total: 60782702 ns
[32.418s][info][gc       ] GC(72) Pause Young (Normal) (G1 Evacuation Pause) 3606M->3618M(5120M) 51.951ms
[32.419s][info][safepoint] Safepoint "G1CollectForAllocation", Time since last: 53035835 ns, Reaching safepoint: 236999 ns, At safepoint: 52419209 ns, Total: 52656208 ns
[32.441s][info][gc       ] GC(70) Pause Remark 3726M->1738M(5120M) 1.783ms
[32.441s][info][safepoint] Safepoint "G1Concurrent", Time since last: 17208050 ns, Reaching safepoint: 3452405 ns, At safepoint: 2116590 ns, Total: 5568995 ns
[32.833s][info][gc       ] GC(73) Pause Young (Normal) (G1 Evacuation Pause) 2002M->2006M(5120M) 119.658ms
[32.834s][info][safepoint] Safepoint "G1CollectForAllocation", Time since last: 271709062 ns, Reaching safepoint: 440656 ns, At safepoint: 120171568 ns, Total: 120612224 ns
[32.869s][info][gc       ] GC(70) Pause Cleanup 2034M->2034M(5120M) 0.292ms
[32.870s][info][safepoint] Safepoint "G1Concurrent", Time since last: 35198742 ns, Reaching safepoint: 302688 ns, At safepoint: 753585 ns, Total: 1056273 ns
[32.909s][info][gc       ] GC(70) Concurrent Mark Cycle 736.171ms
[33.019s][info][gc       ] GC(74) Pause Young (Prepare Mixed) (G1 Evacuation Pause) 2214M->2032M(5120M) 38.393ms
[33.020s][info][safepoint] Safepoint "G1CollectForAllocation", Time since last: 110690512 ns, Reaching safepoint: 274446 ns, At safepoint: 38896401 ns, Total: 39170847 ns
[33.152s][info][gc       ] GC(75) Pause Young (Mixed) (G1 Evacuation Pause) 2272M->2028M(5120M) 9.002ms
[33.153s][info][safepoint] Safepoint "G1CollectForAllocation", Time since last: 123422958 ns, Reaching safepoint: 247206 ns, At safepoint: 9615296 ns, Total: 9862502 ns
[33.271s][info][gc       ] GC(76) Pause Young (Mixed) (G1 Evacuation Pause) 2268M->2026M(5120M) 8.640ms
[33.272s][info][safepoint] Safepoint "G1CollectForAllocation", Time since last: 108910599 ns, Reaching safepoint: 385479 ns, At safepoint: 9198596 ns, Total: 9584075 ns
[33.393s][info][gc       ] GC(77) Pause Young (Mixed) (G1 Evacuation Pause) 2270M->2023M(5120M) 9.113ms
[33.394s][info][safepoint] Safepoint "G1CollectForAllocation", Time since last: 112095456 ns, Reaching safepoint: 350690 ns, At safepoint: 9656459 ns, Total: 10007149 ns
[33.512s][info][gc       ] GC(78) Pause Young (Normal) (G1 Evacuation Pause) 2267M->2024M(5120M) 9.508ms
[33.512s][info][safepoint] Safepoint "G1CollectForAllocation", Time since last: 108408003 ns, Reaching safepoint: 309792 ns, At safepoint: 9931425 ns, Total: 10241217 ns
[33.630s][info][gc       ] GC(79) Pause Young (Normal) (G1 Evacuation Pause) 2264M->2023M(5120M) 9.890ms
[33.631s][info][safepoint] Safepoint "G1CollectForAllocation", Time since last: 107735567 ns, Reaching safepoint: 225186 ns, At safepoint: 10335216 ns, Total: 10560402 ns
[33.752s][info][gc       ] GC(80) Pause Young (Normal) (G1 Evacuation Pause) 2267M->2023M(5120M) 9.426ms
[33.753s][info][safepoint] Safepoint "G1CollectForAllocation", Time since last: 111900055 ns, Reaching safepoint: 222447 ns, At safepoint: 10009843 ns, Total: 10232290 ns
[33.882s][info][gc       ] GC(81) Pause Young (Normal) (G1 Evacuation Pause) 2263M->2023M(5120M) 9.542ms
[33.883s][info][safepoint] Safepoint "G1CollectForAllocation", Time since last: 119764686 ns, Reaching safepoint: 327246 ns, At safepoint: 9980260 ns, Total: 10307506 ns
[34.113s][info][gc       ] GC(82) Pause Young (Normal) (G1 Evacuation Pause) 2459M->2023M(5120M) 9.449ms
[34.114s][info][safepoint] Safepoint "G1CollectForAllocation", Time since last: 220525310 ns, Reaching safepoint: 265941 ns, At safepoint: 10173381 ns, Total: 10439322 ns
[34.493s][info][gc       ] GC(83) Pause Young (Normal) (G1 Evacuation Pause) 2791M->2023M(5120M) 10.554ms
[34.494s][info][safepoint] Safepoint "G1CollectForAllocation", Time since last: 368780026 ns, Reaching safepoint: 249483 ns, At safepoint: 11484887 ns, Total: 11734370 ns
[35.117s][info][gc       ] GC(84) Pause Young (Normal) (G1 Evacuation Pause) 3339M->2023M(5120M) 10.138ms
[35.118s][info][safepoint] Safepoint "G1CollectForAllocation", Time since last: 612250104 ns, Reaching safepoint: 322236 ns, At safepoint: 10997689 ns, Total: 11319925 ns
[36.025s][info][gc       ] GC(85) Pause Young (Normal) (G1 Evacuation Pause) 3987M->2023M(5120M) 10.570ms
[36.026s][info][safepoint] Safepoint "G1CollectForAllocation", Time since last: 896692909 ns, Reaching safepoint: 312643 ns, At safepoint: 11466111 ns, Total: 11778754 ns
[36.977s][info][gc       ] GC(86) Pause Young (Normal) (G1 Evacuation Pause) 4087M->2023M(5120M) 10.254ms
[36.978s][info][safepoint] Safepoint "G1CollectForAllocation", Time since last: 940678105 ns, Reaching safepoint: 215597 ns, At safepoint: 10995544 ns, Total: 11211141 ns
[37.972s][info][gc       ] GC(87) Pause Young (Normal) (G1 Evacuation Pause) 4171M->2023M(5120M) 10.066ms
[37.973s][info][safepoint] Safepoint "G1CollectForAllocation", Time since last: 983480541 ns, Reaching safepoint: 228375 ns, At safepoint: 10946182 ns, Total: 11174557 ns
[39.005s][info][gc       ] GC(88) Pause Young (Normal) (G1 Evacuation Pause) 4235M->2023M(5120M) 9.909ms
[39.005s][info][safepoint] Safepoint "G1CollectForAllocation", Time since last: 1021710656 ns, Reaching safepoint: 317981 ns, At safepoint: 10322273 ns, Total: 10640254 ns
[40.049s][info][gc       ] GC(89) Pause Young (Normal) (G1 Evacuation Pause) 4299M->2023M(5120M) 9.838ms
[40.049s][info][safepoint] Safepoint "G1CollectForAllocation", Time since last: 1033255574 ns, Reaching safepoint: 243662 ns, At safepoint: 10551789 ns, Total: 10795451 ns
[41.076s][info][gc       ] GC(90) Pause Young (Normal) (G1 Evacuation Pause) 4347M->2023M(5120M) 2.676ms
[41.077s][info][safepoint] Safepoint "G1CollectForAllocation", Time since last: 1023956768 ns, Reaching safepoint: 430088 ns, At safepoint: 3168278 ns, Total: 3598366 ns
[41.650s][info][gc       ] GC(91) Pause Young (Normal) (G1 Evacuation Pause) 3339M->2022M(5120M) 2.667ms
[41.651s][info][safepoint] Safepoint "G1CollectForAllocation", Time since last: 570179090 ns, Reaching safepoint: 238851 ns, At safepoint: 3316459 ns, Total: 3555310 ns
[42.336s][info][gc       ] GC(92) Pause Young (Normal) (G1 Evacuation Pause) 3614M->2022M(5120M) 2.753ms
[42.337s][info][safepoint] Safepoint "G1CollectForAllocation", Time since last: 682846013 ns, Reaching safepoint: 239038 ns, At safepoint: 3159036 ns, Total: 3398074 ns
[43.342s][info][gc       ] GC(93) Pause Young (Normal) (G1 Evacuation Pause) 4274M->2022M(5120M) 2.639ms
[43.342s][info][safepoint] Safepoint "G1CollectForAllocation", Time since last: 1002080535 ns, Reaching safepoint: 204358 ns, At safepoint: 3021580 ns, Total: 3225938 ns
[44.415s][info][gc       ] GC(94) Pause Young (Normal) (G1 Evacuation Pause) 4474M->2022M(5120M) 2.893ms
[44.416s][info][safepoint] Safepoint "G1CollectForAllocation", Time since last: 1069710399 ns, Reaching safepoint: 232470 ns, At safepoint: 3603538 ns, Total: 3836008 ns
[45.417s][info][safepoint] Safepoint "Cleanup", Time since last: 1000931499 ns, Reaching safepoint: 377200 ns, At safepoint: 38629 ns, Total: 415829 ns
[45.490s][info][gc       ] GC(95) Pause Young (Normal) (G1 Evacuation Pause) 4494M->2022M(5120M) 3.550ms
[45.490s][info][safepoint] Safepoint "G1CollectForAllocation", Time since last: 69015827 ns, Reaching safepoint: 171697 ns, At safepoint: 4168248 ns, Total: 4339945 ns
[46.564s][info][gc       ] GC(96) Pause Young (Normal) (G1 Evacuation Pause) 4510M->2022M(5120M) 2.755ms
[46.565s][info][safepoint] Safepoint "G1CollectForAllocation", Time since last: 1070741758 ns, Reaching safepoint: 272434 ns, At safepoint: 3455735 ns, Total: 3728169 ns
[47.839s][info][gc       ] GC(97) To-space exhausted
[47.839s][info][gc       ] GC(97) Pause Young (Normal) (G1 Evacuation Pause) 4690M->3780M(5120M) 564.825ms
[47.840s][info][safepoint] Safepoint "G1CollectForAllocation", Time since last: 709243381 ns, Reaching safepoint: 258201 ns, At safepoint: 565249343 ns, Total: 565507544 ns
[48.157s][info][gc       ] GC(98) Pause Young (Concurrent Start) (G1 Evacuation Pause) 3932M->3912M(5120M) 139.450ms
[48.157s][info][gc       ] GC(99) Concurrent Mark Cycle
[48.157s][info][safepoint] Safepoint "G1CollectForAllocation", Time since last: 177319057 ns, Reaching safepoint: 230476 ns, At safepoint: 140178285 ns, Total: 140408761 ns
[48.510s][info][gc       ] GC(100) Pause Young (Normal) (G1 Evacuation Pause) 4216M->3984M(5120M) 79.477ms
[48.511s][info][safepoint] Safepoint "G1CollectForAllocation", Time since last: 273187588 ns, Reaching safepoint: 216988 ns, At safepoint: 80010996 ns, Total: 80227984 ns
[48.710s][info][gc       ] GC(101) Pause Young (Normal) (G1 Evacuation Pause) 4272M->3991M(5120M) 31.412ms
[48.711s][info][safepoint] Safepoint "G1CollectForAllocation", Time since last: 167637820 ns, Reaching safepoint: 241148 ns, At safepoint: 31977422 ns, Total: 32218570 ns
[48.732s][info][gc       ] GC(99) Pause Remark 4001M->1961M(5120M) 2.197ms
[48.732s][info][safepoint] Safepoint "G1Concurrent", Time since last: 18821588 ns, Reaching safepoint: 273404 ns, At safepoint: 2779340 ns, Total: 3052744 ns
[48.891s][info][gc       ] GC(102) Pause Young (Normal) (G1 Evacuation Pause) 2263M->1950M(5120M) 1.606ms
[48.892s][info][safepoint] Safepoint "G1CollectForAllocation", Time since last: 156544649 ns, Reaching safepoint: 414168 ns, At safepoint: 2182288 ns, Total: 2596456 ns
[49.007s][info][gc       ] GC(99) Pause Cleanup 2164M->2164M(5120M) 0.512ms
[49.008s][info][safepoint] Safepoint "G1Concurrent", Time since last: 114822645 ns, Reaching safepoint: 325436 ns, At safepoint: 1137512 ns, Total: 1462948 ns
[49.011s][info][gc       ] GC(99) Concurrent Mark Cycle 853.592ms
[49.055s][info][gc       ] GC(103) Pause Young (Prepare Mixed) (G1 Evacuation Pause) 2242M->1950M(5120M) 2.052ms
[49.056s][info][safepoint] Safepoint "G1CollectForAllocation", Time since last: 45332003 ns, Reaching safepoint: 197542 ns, At safepoint: 2587080 ns, Total: 2784622 ns
[49.188s][info][gc       ] GC(104) Pause Young (Mixed) (G1 Evacuation Pause) 2202M->1946M(5120M) 3.212ms
[49.188s][info][safepoint] Safepoint "G1CollectForAllocation", Time since last: 127896314 ns, Reaching safepoint: 446315 ns, At safepoint: 3870493 ns, Total: 4316808 ns
[49.328s][info][gc       ] GC(105) Pause Young (Mixed) (G1 Evacuation Pause) 2198M->1942M(5120M) 3.295ms
[49.328s][info][safepoint] Safepoint "G1CollectForAllocation", Time since last: 135676668 ns, Reaching safepoint: 386741 ns, At safepoint: 4136122 ns, Total: 4522863 ns
[49.440s][info][gc       ] GC(106) Pause Young (Mixed) (G1 Evacuation Pause) 2194M->1938M(5120M) 2.274ms
[49.440s][info][safepoint] Safepoint "G1CollectForAllocation", Time since last: 108914430 ns, Reaching safepoint: 238234 ns, At safepoint: 2886084 ns, Total: 3124318 ns
[49.562s][info][gc       ] GC(107) Pause Young (Mixed) (G1 Evacuation Pause) 2190M->1934M(5120M) 2.449ms
[49.563s][info][safepoint] Safepoint "G1CollectForAllocation", Time since last: 119115343 ns, Reaching safepoint: 221781 ns, At safepoint: 2973080 ns, Total: 3194861 ns
[49.688s][info][gc       ] GC(108) Pause Young (Normal) (G1 Evacuation Pause) 2222M->1934M(5120M) 2.142ms
[49.688s][info][safepoint] Safepoint "G1CollectForAllocation", Time since last: 122454016 ns, Reaching safepoint: 183670 ns, At safepoint: 2462835 ns, Total: 2646505 ns
[49.849s][info][gc       ] GC(109) Pause Young (Normal) (G1 Evacuation Pause) 2258M->1934M(5120M) 3.942ms
[49.850s][info][safepoint] Safepoint "G1CollectForAllocation", Time since last: 156799761 ns, Reaching safepoint: 480079 ns, At safepoint: 4744163 ns, Total: 5224242 ns
[50.024s][info][gc       ] GC(110) Pause Young (Normal) (G1 Evacuation Pause) 2266M->1934M(5120M) 2.825ms
[50.024s][info][safepoint] Safepoint "G1CollectForAllocation", Time since last: 170587046 ns, Reaching safepoint: 220947 ns, At safepoint: 3436976 ns, Total: 3657923 ns
[50.191s][info][gc       ] GC(111) Pause Young (Normal) (G1 Evacuation Pause) 2318M->1934M(5120M) 2.555ms
[50.192s][info][safepoint] Safepoint "G1CollectForAllocation", Time since last: 164341816 ns, Reaching safepoint: 307917 ns, At safepoint: 3239350 ns, Total: 3547267 ns
[50.380s][info][gc       ] GC(112) Pause Young (Normal) (G1 Evacuation Pause) 2346M->1934M(5120M) 2.159ms
[50.381s][info][safepoint] Safepoint "G1CollectForAllocation", Time since last: 185795013 ns, Reaching safepoint: 176603 ns, At safepoint: 2740679 ns, Total: 2917282 ns
[50.632s][info][gc       ] GC(113) Pause Young (Normal) (G1 Evacuation Pause) 2430M->1934M(5120M) 2.310ms
[50.632s][info][safepoint] Safepoint "G1CollectForAllocation", Time since last: 248651495 ns, Reaching safepoint: 234866 ns, At safepoint: 2855130 ns, Total: 3089996 ns
[50.953s][info][gc       ] GC(114) Pause Young (Normal) (G1 Evacuation Pause) 2562M->1934M(5120M) 2.422ms
[50.954s][info][safepoint] Safepoint "G1CollectForAllocation", Time since last: 317897928 ns, Reaching safepoint: 250071 ns, At safepoint: 3096034 ns, Total: 3346105 ns
[51.295s][info][gc       ] GC(115) Pause Young (Normal) (G1 Evacuation Pause) 2682M->1934M(5120M) 4.016ms
[51.296s][info][safepoint] Safepoint "G1CollectForAllocation", Time since last: 337341471 ns, Reaching safepoint: 341079 ns, At safepoint: 4565774 ns, Total: 4906853 ns
[51.538s][info][gc       ] GC(116) Pause Young (Normal) (G1 Evacuation Pause) 2402M->1934M(5120M) 2.692ms
[51.539s][info][safepoint] Safepoint "G1CollectForAllocation", Time since last: 239375424 ns, Reaching safepoint: 343136 ns, At safepoint: 3376076 ns, Total: 3719212 ns
[51.799s][info][gc       ] GC(117) Pause Young (Normal) (G1 Evacuation Pause) 2494M->1934M(5120M) 2.549ms
[51.799s][info][safepoint] Safepoint "G1CollectForAllocation", Time since last: 257129648 ns, Reaching safepoint: 307899 ns, At safepoint: 3029225 ns, Total: 3337124 ns
[52.122s][info][gc       ] GC(118) Pause Young (Normal) (G1 Evacuation Pause) 2626M->1934M(5120M) 2.860ms
[52.122s][info][safepoint] Safepoint "G1CollectForAllocation", Time since last: 318806992 ns, Reaching safepoint: 292300 ns, At safepoint: 3557817 ns, Total: 3850117 ns
[52.561s][info][gc       ] GC(119) Pause Young (Normal) (G1 Evacuation Pause) 2882M->1934M(5120M) 2.493ms
[52.561s][info][safepoint] Safepoint "G1CollectForAllocation", Time since last: 435639398 ns, Reaching safepoint: 306586 ns, At safepoint: 3129813 ns, Total: 3436399 ns
[53.132s][info][gc       ] GC(120) Pause Young (Normal) (G1 Evacuation Pause) 3250M->1934M(5120M) 2.667ms
[53.133s][info][safepoint] Safepoint "G1CollectForAllocation", Time since last: 568147622 ns, Reaching safepoint: 285498 ns, At safepoint: 3302970 ns, Total: 3588468 ns
[53.872s][info][gc       ] GC(121) Pause Young (Normal) (G1 Evacuation Pause) 3506M->1934M(5120M) 2.816ms
[53.873s][info][safepoint] Safepoint "G1CollectForAllocation", Time since last: 736360307 ns, Reaching safepoint: 286972 ns, At safepoint: 3399370 ns, Total: 3686342 ns
[54.555s][info][gc       ] GC(122) Pause Young (Normal) (G1 Evacuation Pause) 3414M->1934M(5120M) 2.503ms
[54.556s][info][safepoint] Safepoint "G1CollectForAllocation", Time since last: 679333109 ns, Reaching safepoint: 382908 ns, At safepoint: 3013322 ns, Total: 3396230 ns
[55.455s][info][gc       ] GC(123) Pause Young (Normal) (G1 Evacuation Pause) 4002M->1934M(5120M) 3.100ms
[55.456s][info][safepoint] Safepoint "G1CollectForAllocation", Time since last: 895653667 ns, Reaching safepoint: 330712 ns, At safepoint: 3818104 ns, Total: 4148816 ns
[56.456s][info][gc       ] GC(124) Pause Young (Concurrent Start) (G1 Evacuation Pause) 4258M->1934M(5120M) 3.252ms
[56.457s][info][safepoint] Safepoint "G1CollectForAllocation", Time since last: 997218334 ns, Reaching safepoint: 255879 ns, At safepoint: 4173075 ns, Total: 4428954 ns
[56.457s][info][gc       ] GC(125) Concurrent Mark Cycle
[57.043s][info][gc       ] GC(125) Pause Remark 2852M->2852M(5120M) 2.111ms
[57.044s][info][safepoint] Safepoint "G1Concurrent", Time since last: 583463873 ns, Reaching safepoint: 310045 ns, At safepoint: 2767059 ns, Total: 3077104 ns
[57.337s][info][gc       ] GC(125) Pause Cleanup 3450M->3450M(5120M) 0.394ms
[57.338s][info][safepoint] Safepoint "G1Concurrent", Time since last: 292660443 ns, Reaching safepoint: 302808 ns, At safepoint: 970114 ns, Total: 1272922 ns
[57.341s][info][gc       ] GC(125) Concurrent Mark Cycle 883.797ms
[57.835s][info][gc       ] GC(126) Pause Young (Prepare Mixed) (G1 Evacuation Pause) 4526M->1934M(5120M) 2.836ms
[57.836s][info][safepoint] Safepoint "G1CollectForAllocation", Time since last: 494387902 ns, Reaching safepoint: 346918 ns, At safepoint: 3430140 ns, Total: 3777058 ns
[57.957s][info][gc       ] GC(127) Pause Young (Mixed) (G1 Evacuation Pause) 2186M->1914M(5120M) 2.602ms
[57.957s][info][safepoint] Safepoint "G1CollectForAllocation", Time since last: 118083333 ns, Reaching safepoint: 206900 ns, At safepoint: 3051543 ns, Total: 3258443 ns
[59.142s][info][gc       ] GC(128) Pause Young (Normal) (G1 Evacuation Pause) 4538M->1914M(5120M) 2.774ms
[59.143s][info][safepoint] Safepoint "G1CollectForAllocation", Time since last: 1182062434 ns, Reaching safepoint: 255422 ns, At safepoint: 3491800 ns, Total: 3747222 ns
[60.329s][info][gc       ] GC(129) Pause Young (Normal) (G1 Evacuation Pause) 4550M->1914M(5120M) 2.901ms
[60.330s][info][safepoint] Safepoint "G1CollectForAllocation", Time since last: 1183069912 ns, Reaching safepoint: 251940 ns, At safepoint: 3265429 ns, Total: 3517369 ns
[61.454s][info][gc       ] GC(130) Pause Young (Concurrent Start) (G1 Evacuation Pause) 4554M->1914M(5120M) 3.980ms
[61.455s][info][safepoint] Safepoint "G1CollectForAllocation", Time since last: 1120373519 ns, Reaching safepoint: 211219 ns, At safepoint: 4649312 ns, Total: 4860531 ns
[61.455s][info][gc       ] GC(131) Concurrent Mark Cycle
[61.999s][info][gc       ] GC(131) Pause Remark 2956M->2956M(5120M) 1.706ms
[61.999s][info][safepoint] Safepoint "G1Concurrent", Time since last: 541841365 ns, Reaching safepoint: 303761 ns, At safepoint: 2274493 ns, Total: 2578254 ns
[62.274s][info][gc       ] GC(131) Pause Cleanup 3434M->3434M(5120M) 0.322ms
[62.274s][info][safepoint] Safepoint "G1Concurrent", Time since last: 274017090 ns, Reaching safepoint: 264832 ns, At safepoint: 954043 ns, Total: 1218875 ns
[62.278s][info][gc       ] GC(131) Concurrent Mark Cycle 822.650ms
[62.791s][info][gc       ] GC(132) Pause Young (Prepare Mixed) (G1 Evacuation Pause) 4562M->1914M(5120M) 3.170ms
[62.792s][info][safepoint] Safepoint "G1CollectForAllocation", Time since last: 513428762 ns, Reaching safepoint: 305895 ns, At safepoint: 3726022 ns, Total: 4031917 ns
[62.913s][info][gc       ] GC(133) Pause Young (Mixed) (G1 Evacuation Pause) 2166M->1894M(5120M) 2.716ms
[62.914s][info][safepoint] Safepoint "G1CollectForAllocation", Time since last: 118122636 ns, Reaching safepoint: 212588 ns, At safepoint: 3345124 ns, Total: 3557712 ns
[64.468s][info][gc       ] GC(134) To-space exhausted
[64.469s][info][gc       ] GC(134) Pause Young (Normal) (G1 Evacuation Pause) 4734M->3868M(5120M) 655.459ms
[64.469s][info][safepoint] Safepoint "G1CollectForAllocation", Time since last: 899430594 ns, Reaching safepoint: 193503 ns, At safepoint: 655768803 ns, Total: 655962306 ns
[64.769s][info][gc       ] GC(135) Pause Young (Normal) (G1 Evacuation Pause) 4264M->3865M(5120M) 87.006ms
[64.770s][info][safepoint] Safepoint "G1CollectForAllocation", Time since last: 212811021 ns, Reaching safepoint: 343802 ns, At safepoint: 87810012 ns, Total: 88153814 ns
[65.106s][info][gc       ] GC(136) Pause Young (Concurrent Start) (G1 Evacuation Pause) 4589M->3865M(5120M) 3.683ms
[65.106s][info][gc       ] GC(137) Concurrent Mark Cycle
[65.106s][info][safepoint] Safepoint "G1CollectForAllocation", Time since last: 331459313 ns, Reaching safepoint: 393670 ns, At safepoint: 4494859 ns, Total: 4888529 ns
[65.521s][info][gc       ] GC(138) Pause Young (Normal) (G1 Evacuation Pause) 4593M->3863M(5120M) 1.870ms
[65.522s][info][safepoint] Safepoint "G1CollectForAllocation", Time since last: 412633070 ns, Reaching safepoint: 324291 ns, At safepoint: 2509992 ns, Total: 2834283 ns
[65.636s][info][gc       ] GC(137) Pause Remark 4073M->2105M(5120M) 2.320ms
[65.636s][info][safepoint] Safepoint "G1Concurrent", Time since last: 111463992 ns, Reaching safepoint: 342990 ns, At safepoint: 2827055 ns, Total: 3170045 ns
[65.904s][info][gc       ] GC(137) Pause Cleanup 2579M->2579M(5120M) 0.416ms
[65.904s][info][safepoint] Safepoint "G1Concurrent", Time since last: 266639503 ns, Reaching safepoint: 302146 ns, At safepoint: 818836 ns, Total: 1120982 ns
[65.908s][info][gc       ] GC(137) Concurrent Mark Cycle 801.285ms
[65.927s][info][gc       ] GC(139) Pause Young (Prepare Mixed) (G1 Evacuation Pause) 2623M->1895M(5120M) 1.823ms
[65.927s][info][safepoint] Safepoint "G1CollectForAllocation", Time since last: 20602879 ns, Reaching safepoint: 203055 ns, At safepoint: 2095632 ns, Total: 2298687 ns
[66.048s][info][gc       ] GC(140) Pause Young (Mixed) (G1 Evacuation Pause) 2147M->1875M(5120M) 2.280ms
[66.048s][info][safepoint] Safepoint "G1CollectForAllocation", Time since last: 118215597 ns, Reaching safepoint: 185817 ns, At safepoint: 2698702 ns, Total: 2884519 ns
[67.183s][info][gc       ] GC(141) Pause Young (Normal) (G1 Evacuation Pause) 4403M->1875M(5120M) 3.094ms
[67.183s][info][safepoint] Safepoint "G1CollectForAllocation", Time since last: 1131385818 ns, Reaching safepoint: 250762 ns, At safepoint: 3687567 ns, Total: 3938329 ns
[68.282s][info][gc       ] GC(142) Pause Young (Normal) (G1 Evacuation Pause) 4431M->1875M(5120M) 3.022ms
[68.283s][info][safepoint] Safepoint "G1CollectForAllocation", Time since last: 1095585248 ns, Reaching safepoint: 321599 ns, At safepoint: 3674778 ns, Total: 3996377 ns
[69.420s][info][gc       ] GC(143) Pause Young (Concurrent Start) (G1 Evacuation Pause) 4459M->1875M(5120M) 3.088ms
[69.420s][info][safepoint] Safepoint "G1CollectForAllocation", Time since last: 1133245202 ns, Reaching safepoint: 339480 ns, At safepoint: 3527810 ns, Total: 3867290 ns
[69.420s][info][gc       ] GC(144) Concurrent Mark Cycle
[69.909s][info][gc       ] GC(144) Pause Remark 2615M->2615M(5120M) 1.655ms
[69.909s][info][safepoint] Safepoint "G1Concurrent", Time since last: 486395461 ns, Reaching safepoint: 338114 ns, At safepoint: 2209712 ns, Total: 2547826 ns
[70.186s][info][gc       ] GC(144) Pause Cleanup 3029M->3029M(5120M) 0.368ms
[70.187s][info][safepoint] Safepoint "G1Concurrent", Time since last: 276484086 ns, Reaching safepoint: 237616 ns, At safepoint: 893923 ns, Total: 1131539 ns
[70.191s][info][gc       ] GC(144) Concurrent Mark Cycle 770.304ms
[70.836s][info][gc       ] GC(145) Pause Young (Prepare Mixed) (G1 Evacuation Pause) 4487M->1875M(5120M) 3.507ms
[70.837s][info][safepoint] Safepoint "G1CollectForAllocation", Time since last: 645537052 ns, Reaching safepoint: 288978 ns, At safepoint: 4108521 ns, Total: 4397499 ns
[70.954s][info][gc       ] GC(146) Pause Young (Mixed) (G1 Evacuation Pause) 2127M->1860M(5120M) 2.678ms
[70.954s][info][safepoint] Safepoint "G1CollectForAllocation", Time since last: 114001884 ns, Reaching safepoint: 225703 ns, At safepoint: 3241913 ns, Total: 3467616 ns
[72.067s][info][gc       ] GC(147) Pause Young (Normal) (G1 Evacuation Pause) 4504M->1860M(5120M) 2.720ms
[72.068s][info][safepoint] Safepoint "G1CollectForAllocation", Time since last: 1110272735 ns, Reaching safepoint: 239854 ns, At safepoint: 3330243 ns, Total: 3570097 ns
[73.226s][info][gc       ] GC(148) Pause Young (Normal) (G1 Evacuation Pause) 4520M->1860M(5120M) 3.130ms
[73.227s][info][safepoint] Safepoint "G1CollectForAllocation", Time since last: 1154792315 ns, Reaching safepoint: 330503 ns, At safepoint: 3681488 ns, Total: 4011991 ns
[74.407s][info][gc       ] GC(149) Pause Young (Concurrent Start) (G1 Evacuation Pause) 4532M->1860M(5120M) 2.759ms
[74.407s][info][gc       ] GC(150) Concurrent Mark Cycle
[74.407s][info][safepoint] Safepoint "G1CollectForAllocation", Time since last: 1176733063 ns, Reaching safepoint: 269463 ns, At safepoint: 3176684 ns, Total: 3446147 ns
[74.888s][info][gc       ] GC(150) Pause Remark 2880M->2880M(5120M) 1.831ms
[74.889s][info][safepoint] Safepoint "G1Concurrent", Time since last: 478757029 ns, Reaching safepoint: 356386 ns, At safepoint: 2489472 ns, Total: 2845858 ns
[75.135s][info][gc       ] GC(150) Pause Cleanup 3278M->3278M(5120M) 0.281ms
[75.136s][info][safepoint] Safepoint "G1Concurrent", Time since last: 246047412 ns, Reaching safepoint: 277482 ns, At safepoint: 845929 ns, Total: 1123411 ns
[75.139s][info][gc       ] GC(150) Concurrent Mark Cycle 732.030ms
[75.669s][info][gc       ] GC(151) Pause Young (Prepare Mixed) (G1 Evacuation Pause) 4544M->1860M(5120M) 2.824ms
[75.669s][info][safepoint] Safepoint "G1CollectForAllocation", Time since last: 529928372 ns, Reaching safepoint: 223948 ns, At safepoint: 3567394 ns, Total: 3791342 ns
[75.791s][info][gc       ] GC(152) Pause Young (Mixed) (G1 Evacuation Pause) 2112M->1849M(5120M) 3.229ms
[75.792s][info][safepoint] Safepoint "G1CollectForAllocation", Time since last: 117964283 ns, Reaching safepoint: 312225 ns, At safepoint: 3853282 ns, Total: 4165507 ns
[76.977s][info][gc       ] GC(153) Pause Young (Normal) (G1 Evacuation Pause) 4557M->1849M(5120M) 2.765ms
[76.978s][info][safepoint] Safepoint "G1CollectForAllocation", Time since last: 1182634677 ns, Reaching safepoint: 315811 ns, At safepoint: 3342796 ns, Total: 3658607 ns
[78.160s][info][gc       ] GC(154) Pause Young (Normal) (G1 Evacuation Pause) 4565M->1849M(5120M) 2.995ms
[78.160s][info][safepoint] Safepoint "G1CollectForAllocation", Time since last: 1178597221 ns, Reaching safepoint: 247006 ns, At safepoint: 3545246 ns, Total: 3792252 ns
[78.380s][info][gc       ] GC(155) Pause Young (Concurrent Start) (G1 Humongous Allocation) 2317M->1909M(5120M) 10.647ms
[78.381s][info][safepoint] Safepoint "G1TryInitiateConcMark", Time since last: 208781975 ns, Reaching safepoint: 334061 ns, At safepoint: 11507589 ns, Total: 11841650 ns
[78.381s][info][gc       ] GC(156) Concurrent Mark Cycle
[78.395s][info][gc       ] GC(156) Pause Remark 1969M->141M(5120M) 3.316ms
[78.396s][info][safepoint] Safepoint "G1Concurrent", Time since last: 10333060 ns, Reaching safepoint: 574175 ns, At safepoint: 4144492 ns, Total: 4718667 ns
[78.401s][info][gc       ] GC(156) Pause Cleanup 161M->161M(5120M) 0.354ms
[78.401s][info][safepoint] Safepoint "G1Concurrent", Time since last: 4147765 ns, Reaching safepoint: 239897 ns, At safepoint: 1059662 ns, Total: 1299559 ns
[78.406s][info][gc       ] GC(156) Concurrent Mark Cycle 24.864ms
[79.087s][info][gc       ] GC(157) Pause Young (Normal) (G1 Evacuation Pause) 1725M->1753M(5120M) 405.582ms
[79.088s][info][safepoint] Safepoint "G1CollectForAllocation", Time since last: 279937906 ns, Reaching safepoint: 276725 ns, At safepoint: 406234315 ns, Total: 406511040 ns
[79.155s][info][gc       ] GC(158) Pause Young (Concurrent Start) (G1 Evacuation Pause) 1813M->1825M(5120M) 56.743ms
[79.156s][info][safepoint] Safepoint "G1CollectForAllocation", Time since last: 10554816 ns, Reaching safepoint: 181299 ns, At safepoint: 57129308 ns, Total: 57310607 ns
[79.156s][info][gc       ] GC(159) Concurrent Mark Cycle
[79.763s][info][gc       ] GC(160) Pause Young (Normal) (G1 Evacuation Pause) 2049M->1995M(5120M) 102.224ms
[79.764s][info][safepoint] Safepoint "G1CollectForAllocation", Time since last: 504845526 ns, Reaching safepoint: 292387 ns, At safepoint: 102946798 ns, Total: 103239185 ns
[79.905s][info][gc       ] GC(161) Pause Young (Normal) (G1 Evacuation Pause) 2219M->2016M(5120M) 20.185ms
[79.905s][info][safepoint] Safepoint "G1CollectForAllocation", Time since last: 120237840 ns, Reaching safepoint: 288339 ns, At safepoint: 20633840 ns, Total: 20922179 ns
[79.939s][info][gc       ] GC(159) Pause Remark 2064M->1952M(5120M) 1.556ms
[79.939s][info][safepoint] Safepoint "G1Concurrent", Time since last: 31963508 ns, Reaching safepoint: 318890 ns, At safepoint: 2103891 ns, Total: 2422781 ns
[80.026s][info][gc       ] GC(162) Pause Young (Normal) (G1 Evacuation Pause) 2156M->1904M(5120M) 1.421ms
[80.027s][info][safepoint] Safepoint "G1CollectForAllocation", Time since last: 85040141 ns, Reaching safepoint: 292095 ns, At safepoint: 1979457 ns, Total: 2271552 ns
[80.201s][info][gc       ] GC(163) Pause Young (Normal) (G1 Evacuation Pause) 2156M->1904M(5120M) 1.453ms
[80.201s][info][safepoint] Safepoint "G1CollectForAllocation", Time since last: 172670972 ns, Reaching safepoint: 263238 ns, At safepoint: 1872045 ns, Total: 2135283 ns
[80.210s][info][gc       ] GC(159) Pause Cleanup 1916M->1916M(5120M) 0.335ms
[80.211s][info][safepoint] Safepoint "G1Concurrent", Time since last: 8287238 ns, Reaching safepoint: 239803 ns, At safepoint: 644722 ns, Total: 884525 ns
[80.214s][info][gc       ] GC(159) Concurrent Mark Cycle 1057.871ms
[80.332s][info][gc       ] GC(164) Pause Young (Normal) (G1 Evacuation Pause) 2156M->1904M(5120M) 2.383ms
[80.333s][info][safepoint] Safepoint "G1CollectForAllocation", Time since last: 118814065 ns, Reaching safepoint: 293601 ns, At safepoint: 2839134 ns, Total: 3132735 ns
[80.459s][info][gc       ] GC(165) Pause Young (Concurrent Start) (G1 Evacuation Pause) 2156M->1903M(5120M) 2.887ms
[80.459s][info][gc       ] GC(166) Concurrent Mark Cycle
[80.459s][info][safepoint] Safepoint "G1CollectForAllocation", Time since last: 123001221 ns, Reaching safepoint: 310569 ns, At safepoint: 3531949 ns, Total: 3842518 ns
[80.593s][info][gc       ] GC(167) Pause Young (Normal) (G1 Evacuation Pause) 2155M->1903M(5120M) 2.133ms
[80.593s][info][safepoint] Safepoint "G1CollectForAllocation", Time since last: 130597337 ns, Reaching safepoint: 445965 ns, At safepoint: 2800522 ns, Total: 3246487 ns
[80.758s][info][gc       ] GC(168) Pause Young (Normal) (G1 Evacuation Pause) 2155M->1903M(5120M) 1.869ms
[80.759s][info][safepoint] Safepoint "G1CollectForAllocation", Time since last: 163067540 ns, Reaching safepoint: 255122 ns, At safepoint: 2548665 ns, Total: 2803787 ns
[80.960s][info][gc       ] GC(169) Pause Young (Normal) (G1 Evacuation Pause) 2187M->1903M(5120M) 1.711ms
[80.961s][info][safepoint] Safepoint "G1CollectForAllocation", Time since last: 199129519 ns, Reaching safepoint: 356219 ns, At safepoint: 2295808 ns, Total: 2652027 ns
[81.110s][info][gc       ] GC(166) Pause Remark 2143M->2143M(5120M) 2.261ms
[81.111s][info][safepoint] Safepoint "G1Concurrent", Time since last: 146376851 ns, Reaching safepoint: 355474 ns, At safepoint: 2844537 ns, Total: 3200011 ns
[81.182s][info][gc       ] GC(170) Pause Young (Normal) (G1 Evacuation Pause) 2243M->1903M(5120M) 1.482ms
[81.182s][info][safepoint] Safepoint "G1CollectForAllocation", Time since last: 69515168 ns, Reaching safepoint: 402153 ns, At safepoint: 1904296 ns, Total: 2306449 ns
[81.383s][info][gc       ] GC(166) Pause Cleanup 2287M->2287M(5120M) 0.476ms
[81.384s][info][safepoint] Safepoint "G1Concurrent", Time since last: 200391716 ns, Reaching safepoint: 246617 ns, At safepoint: 932402 ns, Total: 1179019 ns
[81.387s][info][gc       ] GC(166) Concurrent Mark Cycle 927.648ms
[81.390s][info][gc       ] GC(171) Pause Young (Prepare Mixed) (G1 Evacuation Pause) 2295M->1903M(5120M) 1.652ms
[81.390s][info][safepoint] Safepoint "G1CollectForAllocation", Time since last: 4440678 ns, Reaching safepoint: 166145 ns, At safepoint: 1969191 ns, Total: 2135336 ns
[81.505s][info][gc       ] GC(172) Pause Young (Mixed) (G1 Evacuation Pause) 2155M->1892M(5120M) 2.055ms
[81.506s][info][safepoint] Safepoint "G1CollectForAllocation", Time since last: 112516334 ns, Reaching safepoint: 195510 ns, At safepoint: 2440876 ns, Total: 2636386 ns
[81.706s][info][gc       ] GC(173) Pause Young (Concurrent Start) (G1 Evacuation Pause) 2304M->1892M(5120M) 2.695ms
[81.707s][info][safepoint] Safepoint "G1CollectForAllocation", Time since last: 197823429 ns, Reaching safepoint: 199713 ns, At safepoint: 3175901 ns, Total: 3375614 ns
[81.707s][info][gc       ] GC(174) Concurrent Mark Cycle
[82.076s][info][gc       ] GC(175) Pause Young (Normal) (G1 Evacuation Pause) 2440M->1892M(5120M) 2.172ms
[82.077s][info][safepoint] Safepoint "G1CollectForAllocation", Time since last: 366777701 ns, Reaching safepoint: 358865 ns, At safepoint: 2724177 ns, Total: 3083042 ns
[82.297s][info][gc       ] GC(174) Pause Remark 2342M->2342M(5120M) 1.771ms
[82.298s][info][safepoint] Safepoint "G1Concurrent", Time since last: 218198020 ns, Reaching safepoint: 448251 ns, At safepoint: 2404587 ns, Total: 2852838 ns
[82.380s][info][gc       ] GC(176) Pause Young (Normal) (G1 Evacuation Pause) 2516M->1892M(5120M) 2.919ms
[82.381s][info][safepoint] Safepoint "G1CollectForAllocation", Time since last: 78811060 ns, Reaching safepoint: 382701 ns, At safepoint: 3616014 ns, Total: 3998715 ns
[82.556s][info][gc       ] GC(174) Pause Cleanup 2146M->2146M(5120M) 0.346ms
[82.557s][info][safepoint] Safepoint "G1Concurrent", Time since last: 174969865 ns, Reaching safepoint: 329546 ns, At safepoint: 1038253 ns, Total: 1367799 ns
[82.561s][info][gc       ] GC(174) Concurrent Mark Cycle 853.646ms
[82.795s][info][gc       ] GC(177) Pause Young (Prepare Mixed) (G1 Evacuation Pause) 2608M->1892M(5120M) 2.767ms
[82.796s][info][safepoint] Safepoint "G1CollectForAllocation", Time since last: 235244072 ns, Reaching safepoint: 228279 ns, At safepoint: 3506252 ns, Total: 3734531 ns
[82.917s][info][gc       ] GC(178) Pause Young (Mixed) (G1 Evacuation Pause) 2144M->1886M(5120M) 3.264ms
[82.917s][info][safepoint] Safepoint "G1CollectForAllocation", Time since last: 117268661 ns, Reaching safepoint: 198596 ns, At safepoint: 3922790 ns, Total: 4121386 ns
[83.244s][info][gc       ] GC(179) Pause Young (Concurrent Start) (G1 Evacuation Pause) 2562M->1886M(5120M) 3.014ms
[83.245s][info][gc       ] GC(180) Concurrent Mark Cycle
[83.245s][info][safepoint] Safepoint "G1CollectForAllocation", Time since last: 323637628 ns, Reaching safepoint: 312814 ns, At safepoint: 3681235 ns, Total: 3994049 ns
[83.727s][info][gc       ] GC(181) Pause Young (Normal) (G1 Evacuation Pause) 2842M->1886M(5120M) 2.427ms
[83.728s][info][safepoint] Safepoint "G1CollectForAllocation", Time since last: 479419626 ns, Reaching safepoint: 409432 ns, At safepoint: 3025457 ns, Total: 3434889 ns
[83.886s][info][gc       ] GC(180) Pause Remark 2174M->2174M(5120M) 1.526ms
[83.887s][info][safepoint] Safepoint "G1Concurrent", Time since last: 156426521 ns, Reaching safepoint: 341944 ns, At safepoint: 2070020 ns, Total: 2411964 ns
[84.142s][info][gc       ] GC(180) Pause Cleanup 2568M->2568M(5120M) 0.397ms
[84.142s][info][safepoint] Safepoint "G1Concurrent", Time since last: 254332777 ns, Reaching safepoint: 278453 ns, At safepoint: 861785 ns, Total: 1140238 ns
[84.146s][info][gc       ] GC(180) Concurrent Mark Cycle 900.885ms
[84.315s][info][gc       ] GC(182) Pause Young (Prepare Mixed) (G1 Evacuation Pause) 2942M->1886M(5120M) 3.090ms
[84.315s][info][safepoint] Safepoint "G1CollectForAllocation", Time since last: 169116468 ns, Reaching safepoint: 294081 ns, At safepoint: 3746284 ns, Total: 4040365 ns
[84.458s][info][gc       ] GC(183) Pause Young (Mixed) (G1 Evacuation Pause) 2138M->1880M(5120M) 2.506ms
[84.459s][info][safepoint] Safepoint "G1CollectForAllocation", Time since last: 140505439 ns, Reaching safepoint: 232623 ns, At safepoint: 2996757 ns, Total: 3229380 ns
[84.966s][info][gc       ] GC(184) Pause Young (Normal) (G1 Evacuation Pause) 2916M->1880M(5120M) 2.705ms
[84.967s][info][safepoint] Safepoint "G1CollectForAllocation", Time since last: 503888770 ns, Reaching safepoint: 312919 ns, At safepoint: 3378883 ns, Total: 3691802 ns
[85.546s][info][gc       ] GC(185) Pause Young (Normal) (G1 Evacuation Pause) 3120M->1880M(5120M) 2.498ms
[85.546s][info][safepoint] Safepoint "G1CollectForAllocation", Time since last: 576198510 ns, Reaching safepoint: 210308 ns, At safepoint: 3375465 ns, Total: 3585773 ns
[86.212s][info][gc       ] GC(186) Pause Young (Concurrent Start) (G1 Evacuation Pause) 3304M->1880M(5120M) 3.177ms
[86.213s][info][safepoint] Safepoint "G1CollectForAllocation", Time since last: 662270658 ns, Reaching safepoint: 224019 ns, At safepoint: 3852451 ns, Total: 4076470 ns
[86.213s][info][gc       ] GC(187) Concurrent Mark Cycle
[86.872s][info][gc       ] GC(187) Pause Remark 3216M->3216M(5120M) 1.573ms
[86.873s][info][safepoint] Safepoint "G1Concurrent", Time since last: 657752839 ns, Reaching safepoint: 176787 ns, At safepoint: 2162496 ns, Total: 2339283 ns
[87.099s][info][gc       ] GC(187) Pause Cleanup 3632M->3632M(5120M) 0.319ms
[87.100s][info][safepoint] Safepoint "G1Concurrent", Time since last: 226083762 ns, Reaching safepoint: 264249 ns, At safepoint: 721128 ns, Total: 985377 ns
[87.103s][info][gc       ] GC(187) Concurrent Mark Cycle 890.080ms
[87.192s][info][gc       ] GC(188) Pause Young (Prepare Mixed) (G1 Evacuation Pause) 3808M->1880M(5120M) 2.764ms
[87.192s][info][safepoint] Safepoint "G1CollectForAllocation", Time since last: 89105681 ns, Reaching safepoint: 201275 ns, At safepoint: 3264035 ns, Total: 3465310 ns
[87.316s][info][gc       ] GC(189) Pause Young (Mixed) (G1 Evacuation Pause) 2132M->1873M(5120M) 3.529ms
[87.316s][info][safepoint] Safepoint "G1CollectForAllocation", Time since last: 119657944 ns, Reaching safepoint: 266330 ns, At safepoint: 4127125 ns, Total: 4393455 ns
[88.125s][info][gc       ] GC(190) Pause Young (Normal) (G1 Evacuation Pause) 3585M->1873M(5120M) 2.718ms
[88.125s][info][safepoint] Safepoint "G1CollectForAllocation", Time since last: 805424899 ns, Reaching safepoint: 226657 ns, At safepoint: 3379573 ns, Total: 3606230 ns
[88.968s][info][gc       ] GC(191) Pause Young (Normal) (G1 Evacuation Pause) 3717M->1873M(5120M) 2.859ms
[88.968s][info][safepoint] Safepoint "G1CollectForAllocation", Time since last: 839185000 ns, Reaching safepoint: 257586 ns, At safepoint: 3510024 ns, Total: 3767610 ns
[89.811s][info][gc       ] GC(192) Pause Young (Concurrent Start) (G1 Evacuation Pause) 3697M->1873M(5120M) 3.127ms
[89.812s][info][safepoint] Safepoint "G1CollectForAllocation", Time since last: 839615720 ns, Reaching safepoint: 234219 ns, At safepoint: 3826341 ns, Total: 4060560 ns
[89.812s][info][gc       ] GC(193) Concurrent Mark Cycle
[90.410s][info][gc       ] GC(193) Pause Remark 2863M->2863M(5120M) 1.744ms
[90.410s][info][safepoint] Safepoint "G1Concurrent", Time since last: 595811036 ns, Reaching safepoint: 271593 ns, At safepoint: 2231464 ns, Total: 2503057 ns
[90.664s][info][gc       ] GC(193) Pause Cleanup 3239M->3239M(5120M) 0.348ms
[90.664s][info][safepoint] Safepoint "G1Concurrent", Time since last: 252732793 ns, Reaching safepoint: 282583 ns, At safepoint: 811966 ns, Total: 1094549 ns
[90.668s][info][gc       ] GC(193) Concurrent Mark Cycle 856.259ms
[91.211s][info][gc       ] GC(194) Pause Young (Prepare Mixed) (G1 Evacuation Pause) 4441M->1873M(5120M) 3.044ms
[91.212s][info][safepoint] Safepoint "G1CollectForAllocation", Time since last: 543713665 ns, Reaching safepoint: 220590 ns, At safepoint: 4025081 ns, Total: 4245671 ns
[91.339s][info][gc       ] GC(195) Pause Young (Mixed) (G1 Evacuation Pause) 2125M->1870M(5120M) 3.427ms
[91.340s][info][safepoint] Safepoint "G1CollectForAllocation", Time since last: 123475922 ns, Reaching safepoint: 211001 ns, At safepoint: 3777247 ns, Total: 3988248 ns
[92.143s][info][gc       ] GC(196) Pause Young (Normal) (G1 Evacuation Pause) 3618M->1870M(5120M) 2.989ms
[92.143s][info][safepoint] Safepoint "G1CollectForAllocation", Time since last: 799594291 ns, Reaching safepoint: 222901 ns, At safepoint: 3484869 ns, Total: 3707770 ns
[93.093s][info][gc       ] GC(197) Pause Young (Normal) (G1 Evacuation Pause) 3974M->1870M(5120M) 3.180ms
[93.094s][info][safepoint] Safepoint "G1CollectForAllocation", Time since last: 946722502 ns, Reaching safepoint: 433764 ns, At safepoint: 3615249 ns, Total: 4049013 ns
[94.350s][info][gc       ] GC(198) Pause Young (Concurrent Start) (G1 Evacuation Pause) 4506M->1870M(5120M) 3.136ms
[94.350s][info][gc       ] GC(199) Concurrent Mark Cycle
[94.350s][info][safepoint] Safepoint "G1CollectForAllocation", Time since last: 1252729321 ns, Reaching safepoint: 334631 ns, At safepoint: 3594801 ns, Total: 3929432 ns
[94.941s][info][gc       ] GC(199) Pause Remark 2846M->2846M(5120M) 1.973ms
[94.941s][info][safepoint] Safepoint "G1Concurrent", Time since last: 588062307 ns, Reaching safepoint: 302141 ns, At safepoint: 2495183 ns, Total: 2797324 ns
[95.208s][info][gc       ] GC(199) Pause Cleanup 3310M->3310M(5120M) 0.384ms
[95.209s][info][safepoint] Safepoint "G1Concurrent", Time since last: 266111167 ns, Reaching safepoint: 260379 ns, At safepoint: 920455 ns, Total: 1180834 ns
[95.212s][info][gc       ] GC(199) Concurrent Mark Cycle 861.177ms
[95.797s][info][gc       ] GC(200) To-space exhausted
[95.798s][info][gc       ] GC(200) Pause Young (Prepare Mixed) (G1 Evacuation Pause) 4598M->2835M(5120M) 267.119ms
[95.798s][info][safepoint] Safepoint "G1CollectForAllocation", Time since last: 321847139 ns, Reaching safepoint: 192455 ns, At safepoint: 267595086 ns, Total: 267787541 ns
[95.880s][info][gc       ] GC(201) Pause Young (Mixed) (G1 Evacuation Pause) 2839M->2845M(5120M) 79.843ms
[95.880s][info][safepoint] Safepoint "G1CollectForAllocation", Time since last: 1625685 ns, Reaching safepoint: 200108 ns, At safepoint: 80435643 ns, Total: 80635751 ns
[95.923s][info][gc       ] GC(202) Pause Young (Concurrent Start) (G1 Humongous Allocation) 2975M->2985M(5120M) 20.974ms
[95.924s][info][gc       ] GC(203) Concurrent Mark Cycle
[95.924s][info][safepoint] Safepoint "G1TryInitiateConcMark", Time since last: 21818541 ns, Reaching safepoint: 185027 ns, At safepoint: 21465329 ns, Total: 21650356 ns
[96.012s][info][gc       ] GC(204) Pause Young (Normal) (G1 Evacuation Pause) 3241M->3249M(5120M) 40.319ms
[96.012s][info][safepoint] Safepoint "G1CollectForAllocation", Time since last: 47192540 ns, Reaching safepoint: 244791 ns, At safepoint: 40855740 ns, Total: 41100531 ns
[96.090s][info][gc       ] GC(205) Pause Young (Normal) (G1 Evacuation Pause) 3473M->3485M(5120M) 39.255ms
[96.091s][info][safepoint] Safepoint "G1CollectForAllocation", Time since last: 38513582 ns, Reaching safepoint: 270148 ns, At safepoint: 39741197 ns, Total: 40011345 ns
[96.318s][info][gc       ] GC(206) Pause Young (Normal) (G1 Evacuation Pause) 3765M->3773M(5120M) 67.446ms
[96.318s][info][safepoint] Safepoint "G1CollectForAllocation", Time since last: 159103707 ns, Reaching safepoint: 423057 ns, At safepoint: 68039643 ns, Total: 68462700 ns
[96.369s][info][gc       ] GC(203) Pause Remark 3795M->1899M(5120M) 1.432ms
[96.369s][info][safepoint] Safepoint "G1Concurrent", Time since last: 48862068 ns, Reaching safepoint: 296039 ns, At safepoint: 2024904 ns, Total: 2320943 ns
[96.642s][info][gc       ] GC(207) Pause Young (Normal) (G1 Evacuation Pause) 2101M->1991M(5120M) 78.583ms
[96.642s][info][safepoint] Safepoint "G1CollectForAllocation", Time since last: 193383528 ns, Reaching safepoint: 248216 ns, At safepoint: 79134305 ns, Total: 79382521 ns
[96.753s][info][gc       ] GC(203) Pause Cleanup 2201M->2201M(5120M) 0.281ms
[96.753s][info][safepoint] Safepoint "G1Concurrent", Time since last: 109672761 ns, Reaching safepoint: 459642 ns, At safepoint: 702280 ns, Total: 1161922 ns
[96.756s][info][gc       ] GC(203) Concurrent Mark Cycle 832.335ms
[96.784s][info][gc       ] GC(208) Pause Young (Prepare Mixed) (G1 Evacuation Pause) 2215M->2011M(5120M) 22.236ms
[96.784s][info][safepoint] Safepoint "G1CollectForAllocation", Time since last: 8027276 ns, Reaching safepoint: 235053 ns, At safepoint: 22768751 ns, Total: 23003804 ns
[96.922s][info][gc       ] GC(209) Pause Young (Mixed) (G1 Evacuation Pause) 2263M->2007M(5120M) 2.569ms
[96.923s][info][safepoint] Safepoint "G1CollectForAllocation", Time since last: 135240789 ns, Reaching safepoint: 322658 ns, At safepoint: 3281825 ns, Total: 3604483 ns
[97.055s][info][gc       ] GC(210) Pause Young (Mixed) (G1 Evacuation Pause) 2259M->2003M(5120M) 2.527ms
[97.055s][info][safepoint] Safepoint "G1CollectForAllocation", Time since last: 129003320 ns, Reaching safepoint: 267086 ns, At safepoint: 3119179 ns, Total: 3386265 ns
[97.166s][info][gc       ] GC(211) Pause Young (Concurrent Start) (G1 Evacuation Pause) 2255M->2003M(5120M) 2.146ms
[97.167s][info][safepoint] Safepoint "G1CollectForAllocation", Time since last: 108287263 ns, Reaching safepoint: 280644 ns, At safepoint: 2736641 ns, Total: 3017285 ns
[97.167s][info][gc       ] GC(212) Concurrent Mark Cycle
[97.318s][info][gc       ] GC(213) Pause Young (Normal) (G1 Evacuation Pause) 2255M->2003M(5120M) 2.099ms
[97.319s][info][safepoint] Safepoint "G1CollectForAllocation", Time since last: 148704831 ns, Reaching safepoint: 325560 ns, At safepoint: 2820712 ns, Total: 3146272 ns
[97.457s][info][gc       ] GC(214) Pause Young (Normal) (G1 Evacuation Pause) 2255M->2003M(5120M) 1.700ms
[97.457s][info][safepoint] Safepoint "G1CollectForAllocation", Time since last: 136462245 ns, Reaching safepoint: 265726 ns, At safepoint: 2245242 ns, Total: 2510968 ns
[97.612s][info][gc       ] GC(215) Pause Young (Normal) (G1 Evacuation Pause) 2283M->2003M(5120M) 1.526ms
[97.612s][info][safepoint] Safepoint "G1CollectForAllocation", Time since last: 152481432 ns, Reaching safepoint: 238505 ns, At safepoint: 1994330 ns, Total: 2232835 ns
[97.740s][info][gc       ] GC(212) Pause Remark 2219M->2159M(5120M) 1.659ms
[97.741s][info][safepoint] Safepoint "G1Concurrent", Time since last: 125966316 ns, Reaching safepoint: 281557 ns, At safepoint: 2187001 ns, Total: 2468558 ns
[97.784s][info][gc       ] GC(216) Pause Young (Normal) (G1 Evacuation Pause) 2251M->1943M(5120M) 1.535ms
[97.785s][info][safepoint] Safepoint "G1CollectForAllocation", Time since last: 41625991 ns, Reaching safepoint: 510810 ns, At safepoint: 1863841 ns, Total: 2374651 ns
[98.031s][info][gc       ] GC(212) Pause Cleanup 2313M->2313M(5120M) 0.391ms
[98.032s][info][safepoint] Safepoint "G1Concurrent", Time since last: 245909480 ns, Reaching safepoint: 267737 ns, At safepoint: 930824 ns, Total: 1198561 ns
[98.035s][info][gc       ] GC(212) Concurrent Mark Cycle 867.844ms
[98.050s][info][gc       ] GC(217) Pause Young (Prepare Mixed) (G1 Evacuation Pause) 2347M->1943M(5120M) 1.789ms
[98.050s][info][safepoint] Safepoint "G1CollectForAllocation", Time since last: 16054966 ns, Reaching safepoint: 168037 ns, At safepoint: 2203332 ns, Total: 2371369 ns
[98.161s][info][gc       ] GC(218) Pause Young (Mixed) (G1 Evacuation Pause) 2195M->1917M(5120M) 3.276ms
[98.161s][info][safepoint] Safepoint "G1CollectForAllocation", Time since last: 107060882 ns, Reaching safepoint: 217961 ns, At safepoint: 3737753 ns, Total: 3955714 ns
[98.380s][info][gc       ] GC(219) Pause Young (Normal) (G1 Evacuation Pause) 2373M->1917M(5120M) 2.584ms
[98.380s][info][safepoint] Safepoint "G1CollectForAllocation", Time since last: 215691144 ns, Reaching safepoint: 227609 ns, At safepoint: 3062227 ns, Total: 3289836 ns
[98.579s][info][gc       ] GC(220) Pause Young (Normal) (G1 Evacuation Pause) 2341M->1917M(5120M) 2.465ms
[98.579s][info][safepoint] Safepoint "G1CollectForAllocation", Time since last: 195630862 ns, Reaching safepoint: 262235 ns, At safepoint: 3096454 ns, Total: 3358689 ns
[98.821s][info][gc       ] GC(221) Pause Young (Concurrent Start) (G1 Evacuation Pause) 2449M->1917M(5120M) 2.662ms
[98.822s][info][gc       ] GC(222) Concurrent Mark Cycle
[98.822s][info][safepoint] Safepoint "G1CollectForAllocation", Time since last: 239052516 ns, Reaching safepoint: 237592 ns, At safepoint: 3320980 ns, Total: 3558572 ns
[99.229s][info][gc       ] GC(223) Pause Young (Normal) (G1 Evacuation Pause) 2793M->1917M(5120M) 2.576ms
[99.230s][info][safepoint] Safepoint "G1CollectForAllocation", Time since last: 404049315 ns, Reaching safepoint: 480636 ns, At safepoint: 3237301 ns, Total: 3717937 ns
[99.312s][info][gc       ] GC(222) Pause Remark 2055M->2055M(5120M) 2.124ms
[99.312s][info][safepoint] Safepoint "G1Concurrent", Time since last: 79520276 ns, Reaching safepoint: 332225 ns, At safepoint: 2746132 ns, Total: 3078357 ns
[99.621s][info][gc       ] GC(222) Pause Cleanup 2575M->2575M(5120M) 0.472ms
[99.621s][info][safepoint] Safepoint "G1Concurrent", Time since last: 307885268 ns, Reaching safepoint: 329296 ns, At safepoint: 931932 ns, Total: 1261228 ns
[99.624s][info][gc       ] GC(222) Concurrent Mark Cycle 802.531ms
[99.676s][info][gc       ] GC(224) Pause Young (Prepare Mixed) (G1 Evacuation Pause) 2693M->1917M(5120M) 1.923ms
[99.677s][info][safepoint] Safepoint "G1CollectForAllocation", Time since last: 52778611 ns, Reaching safepoint: 209139 ns, At safepoint: 2263667 ns, Total: 2472806 ns
[99.805s][info][gc       ] GC(225) Pause Young (Mixed) (G1 Evacuation Pause) 2169M->1899M(5120M) 3.790ms
[99.805s][info][safepoint] Safepoint "G1CollectForAllocation", Time since last: 124057633 ns, Reaching safepoint: 196755 ns, At safepoint: 4558479 ns, Total: 4755234 ns
[100.149s][info][gc       ] GC(226) Pause Young (Normal) (G1 Evacuation Pause) 2659M->1899M(5120M) 2.799ms
[100.149s][info][safepoint] Safepoint "G1CollectForAllocation", Time since last: 340127566 ns, Reaching safepoint: 271086 ns, At safepoint: 3417176 ns, Total: 3688262 ns
[100.412s][info][gc       ] GC(227) Pause Young (Normal) (G1 Evacuation Pause) 2479M->1899M(5120M) 2.760ms
[100.413s][info][safepoint] Safepoint "G1CollectForAllocation", Time since last: 260188395 ns, Reaching safepoint: 250663 ns, At safepoint: 3418467 ns, Total: 3669130 ns
[100.746s][info][gc       ] GC(228) Pause Young (Normal) (G1 Evacuation Pause) 2567M->1899M(5120M) 4.098ms
[100.746s][info][safepoint] Safepoint "G1CollectForAllocation", Time since last: 328446642 ns, Reaching safepoint: 247089 ns, At safepoint: 4662111 ns, Total: 4909200 ns
[101.080s][info][gc       ] GC(229) Pause Young (Normal) (G1 Evacuation Pause) 2631M->1899M(5120M) 2.846ms
[101.081s][info][safepoint] Safepoint "G1CollectForAllocation", Time since last: 330824023 ns, Reaching safepoint: 270254 ns, At safepoint: 3464680 ns, Total: 3734934 ns
[101.478s][info][gc       ] GC(230) Pause Young (Normal) (G1 Evacuation Pause) 2771M->1899M(5120M) 2.740ms
[101.479s][info][safepoint] Safepoint "G1CollectForAllocation", Time since last: 394336097 ns, Reaching safepoint: 277770 ns, At safepoint: 3242363 ns, Total: 3520133 ns
[101.988s][info][gc       ] GC(231) Pause Young (Concurrent Start) (G1 Evacuation Pause) 3095M->1899M(5120M) 2.402ms
[101.989s][info][safepoint] Safepoint "G1CollectForAllocation", Time since last: 506690741 ns, Reaching safepoint: 308328 ns, At safepoint: 3053934 ns, Total: 3362262 ns
[101.989s][info][gc       ] GC(232) Concurrent Mark Cycle
[102.496s][info][gc       ] GC(232) Pause Remark 2667M->2667M(5120M) 2.642ms
[102.497s][info][safepoint] Safepoint "G1Concurrent", Time since last: 504106391 ns, Reaching safepoint: 503980 ns, At safepoint: 3406632 ns, Total: 3910612 ns
[102.755s][info][gc       ] GC(232) Pause Cleanup 3147M->3147M(5120M) 0.381ms
[102.755s][info][safepoint] Safepoint "G1Concurrent", Time since last: 257085943 ns, Reaching safepoint: 322125 ns, At safepoint: 778321 ns, Total: 1100446 ns
[102.759s][info][gc       ] GC(232) Concurrent Mark Cycle 769.993ms
[103.322s][info][gc       ] GC(233) Pause Young (Prepare Mixed) (G1 Evacuation Pause) 4443M->1899M(5120M) 3.973ms
[103.323s][info][safepoint] Safepoint "G1CollectForAllocation", Time since last: 562878466 ns, Reaching safepoint: 235092 ns, At safepoint: 4862246 ns, Total: 5097338 ns
[103.445s][info][gc       ] GC(234) Pause Young (Mixed) (G1 Evacuation Pause) 2151M->1884M(5120M) 5.495ms
[103.446s][info][safepoint] Safepoint "G1CollectForAllocation", Time since last: 116701364 ns, Reaching safepoint: 207626 ns, At safepoint: 6090915 ns, Total: 6298541 ns
[104.249s][info][gc       ] GC(235) Pause Young (Normal) (G1 Evacuation Pause) 3760M->1884M(5120M) 2.570ms
[104.249s][info][safepoint] Safepoint "G1CollectForAllocation", Time since last: 799647445 ns, Reaching safepoint: 311078 ns, At safepoint: 2980731 ns, Total: 3291809 ns
[105.360s][info][gc       ] GC(236) Pause Young (Normal) (G1 Evacuation Pause) 4360M->1884M(5120M) 3.230ms
[105.361s][info][safepoint] Safepoint "G1CollectForAllocation", Time since last: 1107979151 ns, Reaching safepoint: 217804 ns, At safepoint: 3649857 ns, Total: 3867661 ns
[106.503s][info][gc       ] GC(237) Pause Young (Concurrent Start) (G1 Evacuation Pause) 4504M->1884M(5120M) 3.475ms
[106.504s][info][gc       ] GC(238) Concurrent Mark Cycle
[106.504s][info][safepoint] Safepoint "G1CollectForAllocation", Time since last: 1138427404 ns, Reaching safepoint: 240439 ns, At safepoint: 4250033 ns, Total: 4490472 ns
[107.016s][info][gc       ] GC(238) Pause Remark 2890M->2890M(5120M) 2.297ms
[107.017s][info][safepoint] Safepoint "G1Concurrent", Time since last: 510106064 ns, Reaching safepoint: 307182 ns, At safepoint: 2976185 ns, Total: 3283367 ns
[107.308s][info][gc       ] GC(238) Pause Cleanup 3464M->3464M(5120M) 0.499ms
[107.309s][info][safepoint] Safepoint "G1Concurrent", Time since last: 290394871 ns, Reaching safepoint: 385827 ns, At safepoint: 1287085 ns, Total: 1672912 ns
[107.313s][info][gc       ] GC(238) Concurrent Mark Cycle 808.972ms
[107.792s][info][gc       ] GC(239) Pause Young (Prepare Mixed) (G1 Evacuation Pause) 4520M->1884M(5120M) 3.025ms
[107.793s][info][safepoint] Safepoint "G1CollectForAllocation", Time since last: 479670747 ns, Reaching safepoint: 310037 ns, At safepoint: 3612060 ns, Total: 3922097 ns
[107.907s][info][gc       ] GC(240) Pause Young (Mixed) (G1 Evacuation Pause) 2136M->1873M(5120M) 4.172ms
[107.908s][info][safepoint] Safepoint "G1CollectForAllocation", Time since last: 109980852 ns, Reaching safepoint: 310170 ns, At safepoint: 4665057 ns, Total: 4975227 ns
[109.079s][info][gc       ] GC(241) Pause Young (Normal) (G1 Evacuation Pause) 4533M->1873M(5120M) 3.386ms
[109.080s][info][safepoint] Safepoint "G1CollectForAllocation", Time since last: 1168067494 ns, Reaching safepoint: 264083 ns, At safepoint: 4144817 ns, Total: 4408900 ns
[110.260s][info][gc       ] GC(242) Pause Young (Normal) (G1 Evacuation Pause) 4541M->1873M(5120M) 3.873ms
[110.260s][info][safepoint] Safepoint "G1CollectForAllocation", Time since last: 1175356155 ns, Reaching safepoint: 218733 ns, At safepoint: 4372931 ns, Total: 4591664 ns
[111.127s][info][gc       ] GC(243) Pause Young (Concurrent Start) (G1 Humongous Allocation) 3897M->1934M(5120M) 11.273ms
[111.128s][info][gc       ] GC(244) Concurrent Mark Cycle
[111.128s][info][safepoint] Safepoint "G1TryInitiateConcMark", Time since last: 855301303 ns, Reaching safepoint: 315324 ns, At safepoint: 11965901 ns, Total: 12281225 ns
[111.142s][info][gc       ] GC(244) Pause Remark 1990M->140M(5120M) 2.670ms
[111.142s][info][safepoint] Safepoint "G1Concurrent", Time since last: 10729819 ns, Reaching safepoint: 514172 ns, At safepoint: 3387564 ns, Total: 3901736 ns
[111.148s][info][gc       ] GC(244) Pause Cleanup 164M->164M(5120M) 0.299ms
[111.148s][info][safepoint] Safepoint "G1Concurrent", Time since last: 4570986 ns, Reaching safepoint: 417937 ns, At safepoint: 861227 ns, Total: 1279164 ns
[111.152s][info][gc       ] GC(244) Concurrent Mark Cycle 24.776ms
[112.075s][info][gc       ] GC(245) Pause Young (Normal) (G1 Evacuation Pause) 2128M->1826M(5120M) 391.515ms
[112.075s][info][safepoint] Safepoint "G1CollectForAllocation", Time since last: 534772682 ns, Reaching safepoint: 212276 ns, At safepoint: 392119152 ns, Total: 392331428 ns
[112.141s][info][gc       ] GC(246) Pause Young (Concurrent Start) (G1 Evacuation Pause) 1838M->1847M(5120M) 59.819ms
[112.141s][info][gc       ] GC(247) Concurrent Mark Cycle
[112.141s][info][safepoint] Safepoint "G1CollectForAllocation", Time since last: 5476298 ns, Reaching safepoint: 168767 ns, At safepoint: 60367057 ns, Total: 60535824 ns
[112.277s][info][gc       ] GC(248) Pause Young (Normal) (G1 Evacuation Pause) 2131M->1844M(5120M) 1.494ms
[112.278s][info][safepoint] Safepoint "G1CollectForAllocation", Time since last: 134241816 ns, Reaching safepoint: 349206 ns, At safepoint: 2012405 ns, Total: 2361611 ns
[112.474s][info][gc       ] GC(249) Pause Young (Normal) (G1 Evacuation Pause) 2156M->1844M(5120M) 1.948ms
[112.474s][info][safepoint] Safepoint "G1CollectForAllocation", Time since last: 193319129 ns, Reaching safepoint: 415786 ns, At safepoint: 2736026 ns, Total: 3151812 ns
[112.651s][info][gc       ] GC(250) Pause Young (Normal) (G1 Evacuation Pause) 2176M->1844M(5120M) 2.313ms
[112.652s][info][safepoint] Safepoint "G1CollectForAllocation", Time since last: 173728829 ns, Reaching safepoint: 432969 ns, At safepoint: 2946175 ns, Total: 3379144 ns
[112.672s][info][gc       ] GC(247) Pause Remark 1882M->1770M(5120M) 2.096ms
[112.672s][info][safepoint] Safepoint "G1Concurrent", Time since last: 17776767 ns, Reaching safepoint: 263156 ns, At safepoint: 2804575 ns, Total: 3067731 ns
[112.887s][info][gc       ] GC(251) Pause Young (Normal) (G1 Evacuation Pause) 2116M->1732M(5120M) 1.710ms
[112.888s][info][safepoint] Safepoint "G1CollectForAllocation", Time since last: 212957141 ns, Reaching safepoint: 381952 ns, At safepoint: 2300945 ns, Total: 2682897 ns
[112.925s][info][gc       ] GC(247) Pause Cleanup 1812M->1812M(5120M) 0.304ms
[112.926s][info][safepoint] Safepoint "G1Concurrent", Time since last: 36362365 ns, Reaching safepoint: 293735 ns, At safepoint: 941455 ns, Total: 1235190 ns
[112.929s][info][gc       ] GC(247) Concurrent Mark Cycle 787.229ms
[113.100s][info][gc       ] GC(252) Pause Young (Normal) (G1 Evacuation Pause) 2184M->1731M(5120M) 2.136ms
[113.100s][info][safepoint] Safepoint "G1CollectForAllocation", Time since last: 171815947 ns, Reaching safepoint: 202728 ns, At safepoint: 2667692 ns, Total: 2870420 ns
[113.291s][info][gc       ] GC(253) Pause Young (Concurrent Start) (G1 Evacuation Pause) 2119M->1731M(5120M) 2.460ms
[113.292s][info][safepoint] Safepoint "G1CollectForAllocation", Time since last: 187933769 ns, Reaching safepoint: 216834 ns, At safepoint: 3169877 ns, Total: 3386711 ns
[113.292s][info][gc       ] GC(254) Concurrent Mark Cycle
[113.604s][info][gc       ] GC(255) Pause Young (Normal) (G1 Evacuation Pause) 2315M->1731M(5120M) 1.985ms
[113.605s][info][safepoint] Safepoint "G1CollectForAllocation", Time since last: 310388297 ns, Reaching safepoint: 315700 ns, At safepoint: 2607150 ns, Total: 2922850 ns
[113.843s][info][gc       ] GC(254) Pause Remark 2233M->2233M(5120M) 2.868ms
[113.844s][info][safepoint] Safepoint "G1Concurrent", Time since last: 235026007 ns, Reaching safepoint: 317060 ns, At safepoint: 3367977 ns, Total: 3685037 ns
[113.913s][info][gc       ] GC(256) Pause Young (Normal) (G1 Evacuation Pause) 2331M->1731M(5120M) 1.700ms
[113.913s][info][safepoint] Safepoint "G1CollectForAllocation", Time since last: 67018216 ns, Reaching safepoint: 282350 ns, At safepoint: 2118508 ns, Total: 2400858 ns
[114.109s][info][gc       ] GC(254) Pause Cleanup 2045M->2045M(5120M) 0.321ms
[114.110s][info][safepoint] Safepoint "G1Concurrent", Time since last: 195472793 ns, Reaching safepoint: 310630 ns, At safepoint: 746727 ns, Total: 1057357 ns
[114.113s][info][gc       ] GC(254) Concurrent Mark Cycle 820.834ms
[114.267s][info][gc       ] GC(257) Pause Young (Prepare Mixed) (G1 Evacuation Pause) 2379M->1731M(5120M) 2.773ms
[114.267s][info][safepoint] Safepoint "G1CollectForAllocation", Time since last: 154166189 ns, Reaching safepoint: 276509 ns, At safepoint: 3272209 ns, Total: 3548718 ns
[114.397s][info][gc       ] GC(258) Pause Young (Mixed) (G1 Evacuation Pause) 1983M->1727M(5120M) 2.807ms
[114.398s][info][safepoint] Safepoint "G1CollectForAllocation", Time since last: 126845785 ns, Reaching safepoint: 176332 ns, At safepoint: 3530938 ns, Total: 3707270 ns
[114.633s][info][gc       ] GC(259) Pause Young (Concurrent Start) (G1 Evacuation Pause) 2207M->1727M(5120M) 2.244ms
[114.634s][info][safepoint] Safepoint "G1CollectForAllocation", Time since last: 233049856 ns, Reaching safepoint: 197170 ns, At safepoint: 2883764 ns, Total: 3080934 ns
[114.634s][info][gc       ] GC(260) Concurrent Mark Cycle
[115.091s][info][gc       ] GC(261) Pause Young (Normal) (G1 Evacuation Pause) 2547M->1727M(5120M) 2.154ms
[115.091s][info][safepoint] Safepoint "G1CollectForAllocation", Time since last: 454327876 ns, Reaching safepoint: 263993 ns, At safepoint: 2753368 ns, Total: 3017361 ns
[115.237s][info][gc       ] GC(260) Pause Remark 2027M->2027M(5120M) 1.548ms
[115.238s][info][safepoint] Safepoint "G1Concurrent", Time since last: 144057784 ns, Reaching safepoint: 296425 ns, At safepoint: 2120076 ns, Total: 2416501 ns
[115.485s][info][gc       ] GC(260) Pause Cleanup 2397M->2397M(5120M) 0.358ms
[115.486s][info][safepoint] Safepoint "G1Concurrent", Time since last: 246943610 ns, Reaching safepoint: 332519 ns, At safepoint: 767274 ns, Total: 1099793 ns
[115.489s][info][gc       ] GC(260) Concurrent Mark Cycle 854.484ms
[115.616s][info][gc       ] GC(262) Pause Young (Prepare Mixed) (G1 Evacuation Pause) 2691M->1727M(5120M) 2.001ms
[115.617s][info][safepoint] Safepoint "G1CollectForAllocation", Time since last: 128272167 ns, Reaching safepoint: 198546 ns, At safepoint: 2385561 ns, Total: 2584107 ns
[115.729s][info][gc       ] GC(263) Pause Young (Mixed) (G1 Evacuation Pause) 1979M->1723M(5120M) 3.070ms
[115.730s][info][safepoint] Safepoint "G1CollectForAllocation", Time since last: 109029042 ns, Reaching safepoint: 456365 ns, At safepoint: 3712743 ns, Total: 4169108 ns
[116.121s][info][gc       ] GC(264) Pause Young (Concurrent Start) (G1 Evacuation Pause) 2527M->1723M(5120M) 3.313ms
[116.122s][info][safepoint] Safepoint "G1CollectForAllocation", Time since last: 387726350 ns, Reaching safepoint: 398620 ns, At safepoint: 3942970 ns, Total: 4341590 ns
[116.122s][info][gc       ] GC(265) Concurrent Mark Cycle
[116.734s][info][gc       ] GC(265) Pause Remark 2883M->2883M(5120M) 1.844ms
[116.735s][info][safepoint] Safepoint "G1Concurrent", Time since last: 610025693 ns, Reaching safepoint: 327267 ns, At safepoint: 2449868 ns, Total: 2777135 ns
[116.789s][info][gc       ] GC(266) Pause Young (Normal) (G1 Evacuation Pause) 2975M->1723M(5120M) 2.184ms
[116.790s][info][safepoint] Safepoint "G1CollectForAllocation", Time since last: 51982778 ns, Reaching safepoint: 299258 ns, At safepoint: 2778390 ns, Total: 3077648 ns
[116.992s][info][gc       ] GC(265) Pause Cleanup 2143M->2143M(5120M) 0.343ms
[116.992s][info][safepoint] Safepoint "G1Concurrent", Time since last: 201170633 ns, Reaching safepoint: 405286 ns, At safepoint: 966672 ns, Total: 1371958 ns
[116.996s][info][gc       ] GC(265) Concurrent Mark Cycle 873.845ms
[117.404s][info][gc       ] GC(267) Pause Young (Prepare Mixed) (G1 Evacuation Pause) 3067M->1723M(5120M) 2.729ms
[117.405s][info][safepoint] Safepoint "G1CollectForAllocation", Time since last: 408912335 ns, Reaching safepoint: 199412 ns, At safepoint: 3524777 ns, Total: 3724189 ns
[117.526s][info][gc       ] GC(268) Pause Young (Mixed) (G1 Evacuation Pause) 1975M->1720M(5120M) 2.161ms
[117.526s][info][safepoint] Safepoint "G1CollectForAllocation", Time since last: 118135553 ns, Reaching safepoint: 212560 ns, At safepoint: 2715735 ns, Total: 2928295 ns
[118.097s][info][gc       ] GC(269) Pause Young (Concurrent Start) (G1 Evacuation Pause) 2988M->1720M(5120M) 2.949ms
[118.098s][info][gc       ] GC(270) Concurrent Mark Cycle
[118.098s][info][safepoint] Safepoint "G1CollectForAllocation", Time since last: 567829792 ns, Reaching safepoint: 281901 ns, At safepoint: 3706917 ns, Total: 3988818 ns
[118.694s][info][gc       ] GC(270) Pause Remark 2982M->2982M(5120M) 1.945ms
[118.695s][info][safepoint] Safepoint "G1Concurrent", Time since last: 593878405 ns, Reaching safepoint: 358619 ns, At safepoint: 2634937 ns, Total: 2993556 ns
[118.930s][info][gc       ] GC(270) Pause Cleanup 3416M->3416M(5120M) 0.298ms
[118.931s][info][safepoint] Safepoint "G1Concurrent", Time since last: 234921969 ns, Reaching safepoint: 365943 ns, At safepoint: 743095 ns, Total: 1109038 ns
[118.934s][info][gc       ] GC(270) Concurrent Mark Cycle 836.164ms
[118.951s][info][gc       ] GC(271) Pause Young (Prepare Mixed) (G1 Evacuation Pause) 3452M->1720M(5120M) 1.945ms
[118.951s][info][safepoint] Safepoint "G1CollectForAllocation", Time since last: 17834014 ns, Reaching safepoint: 181798 ns, At safepoint: 2490619 ns, Total: 2672417 ns
[119.071s][info][gc       ] GC(272) Pause Young (Mixed) (G1 Evacuation Pause) 1972M->1716M(5120M) 2.426ms
[119.071s][info][safepoint] Safepoint "G1CollectForAllocation", Time since last: 116796647 ns, Reaching safepoint: 233940 ns, At safepoint: 2936854 ns, Total: 3170794 ns
[119.871s][info][gc       ] GC(273) Pause Young (Concurrent Start) (G1 Evacuation Pause) 3388M->1716M(5120M) 3.358ms
[119.872s][info][safepoint] Safepoint "G1CollectForAllocation", Time since last: 796296717 ns, Reaching safepoint: 278054 ns, At safepoint: 4039046 ns, Total: 4317100 ns
[119.872s][info][gc       ] GC(274) Concurrent Mark Cycle
[120.469s][info][gc       ] GC(274) Pause Remark 2814M->2814M(5120M) 1.496ms
[120.469s][info][safepoint] Safepoint "G1Concurrent", Time since last: 595114470 ns, Reaching safepoint: 327631 ns, At safepoint: 2035932 ns, Total: 2363563 ns
[120.682s][info][gc       ] GC(274) Pause Cleanup 3184M->3184M(5120M) 0.383ms
[120.683s][info][safepoint] Safepoint "G1Concurrent", Time since last: 212017171 ns, Reaching safepoint: 241041 ns, At safepoint: 916671 ns, Total: 1157712 ns
[120.685s][info][gc       ] GC(274) Concurrent Mark Cycle 813.477ms
[121.116s][info][gc       ] GC(275) Pause Young (Prepare Mixed) (G1 Evacuation Pause) 4016M->1716M(5120M) 3.269ms
[121.116s][info][safepoint] Safepoint "G1CollectForAllocation", Time since last: 429387234 ns, Reaching safepoint: 340964 ns, At safepoint: 3832256 ns, Total: 4173220 ns
[121.238s][info][gc       ] GC(276) Pause Young (Mixed) (G1 Evacuation Pause) 1968M->1712M(5120M) 3.190ms
[121.238s][info][safepoint] Safepoint "G1CollectForAllocation", Time since last: 118225045 ns, Reaching safepoint: 252232 ns, At safepoint: 3865368 ns, Total: 4117600 ns
[122.327s][info][gc       ] GC(277) Pause Young (Concurrent Start) (G1 Evacuation Pause) 4136M->1712M(5120M) 2.914ms
[122.327s][info][gc       ] GC(278) Concurrent Mark Cycle
[122.327s][info][safepoint] Safepoint "G1CollectForAllocation", Time since last: 1084977458 ns, Reaching safepoint: 257506 ns, At safepoint: 3585922 ns, Total: 3843428 ns
[122.815s][info][gc       ] GC(278) Pause Remark 2714M->2714M(5120M) 1.582ms
[122.816s][info][safepoint] Safepoint "G1Concurrent", Time since last: 485729358 ns, Reaching safepoint: 353781 ns, At safepoint: 2495140 ns, Total: 2848921 ns
[123.064s][info][gc       ] GC(278) Pause Cleanup 3206M->3206M(5120M) 0.387ms
[123.065s][info][safepoint] Safepoint "G1Concurrent", Time since last: 247691653 ns, Reaching safepoint: 320849 ns, At safepoint: 875790 ns, Total: 1196639 ns
[123.068s][info][gc       ] GC(278) Concurrent Mark Cycle 740.501ms
[123.645s][info][gc       ] GC(279) Pause Young (Normal) (G1 Evacuation Pause) 4464M->1712M(5120M) 3.073ms
[123.646s][info][safepoint] Safepoint "G1CollectForAllocation", Time since last: 577174450 ns, Reaching safepoint: 371623 ns, At safepoint: 3819347 ns, Total: 4190970 ns
[124.874s][info][gc       ] GC(280) Pause Young (Concurrent Start) (G1 Evacuation Pause) 4304M->1712M(5120M) 3.022ms
[124.874s][info][safepoint] Safepoint "G1CollectForAllocation", Time since last: 1224150318 ns, Reaching safepoint: 242801 ns, At safepoint: 3682202 ns, Total: 3925003 ns
[124.874s][info][gc       ] GC(281) Concurrent Mark Cycle
[125.414s][info][gc       ] GC(281) Pause Remark 2862M->2862M(5120M) 1.836ms
[125.415s][info][safepoint] Safepoint "G1Concurrent", Time since last: 537904477 ns, Reaching safepoint: 378866 ns, At safepoint: 2523855 ns, Total: 2902721 ns
[125.701s][info][gc       ] GC(281) Pause Cleanup 3320M->3320M(5120M) 0.366ms
[125.702s][info][safepoint] Safepoint "G1Concurrent", Time since last: 285731829 ns, Reaching safepoint: 407045 ns, At safepoint: 1005932 ns, Total: 1412977 ns
[125.705s][info][gc       ] GC(281) Concurrent Mark Cycle 831.196ms
[126.278s][info][gc       ] GC(282) Pause Young (Normal) (G1 Evacuation Pause) 4508M->1712M(5120M) 3.599ms
[126.279s][info][safepoint] Safepoint "G1CollectForAllocation", Time since last: 571861874 ns, Reaching safepoint: 367728 ns, At safepoint: 4321071 ns, Total: 4688799 ns
[127.318s][info][gc       ] GC(283) Pause Young (Concurrent Start) (G1 Humongous Allocation) 4060M->1773M(5120M) 11.244ms
[127.319s][info][safepoint] Safepoint "G1TryInitiateConcMark", Time since last: 1027874027 ns, Reaching safepoint: 218768 ns, At safepoint: 12101244 ns, Total: 12320012 ns
[127.319s][info][gc       ] GC(284) Concurrent Mark Cycle
[127.332s][info][gc       ] GC(284) Pause Remark 1829M->125M(5120M) 2.853ms
[127.333s][info][safepoint] Safepoint "G1Concurrent", Time since last: 10359513 ns, Reaching safepoint: 258337 ns, At safepoint: 3587437 ns, Total: 3845774 ns
[127.339s][info][gc       ] GC(284) Pause Cleanup 149M->149M(5120M) 0.396ms
[127.339s][info][safepoint] Safepoint "G1Concurrent", Time since last: 4407729 ns, Reaching safepoint: 705490 ns, At safepoint: 1173791 ns, Total: 1879281 ns
[127.344s][info][gc       ] GC(284) Concurrent Mark Cycle 24.778ms
[127.948s][info][gc       ] GC(285) Pause Young (Prepare Mixed) (G1 Evacuation Pause) 1545M->1571M(5120M) 327.384ms
[127.948s][info][safepoint] Safepoint "G1CollectForAllocation", Time since last: 280510512 ns, Reaching safepoint: 460946 ns, At safepoint: 327872917 ns, Total: 328333863 ns
[128.029s][info][gc       ] GC(286) Pause Young (Mixed) (G1 Evacuation Pause) 1703M->1715M(5120M) 60.066ms
[128.030s][info][safepoint] Safepoint "G1CollectForAllocation", Time since last: 20726155 ns, Reaching safepoint: 225533 ns, At safepoint: 60596794 ns, Total: 60822327 ns
[128.461s][info][gc       ] GC(287) Pause Young (Concurrent Start) (G1 Evacuation Pause) 1939M->1955M(5120M) 99.707ms
[128.461s][info][gc       ] GC(288) Concurrent Mark Cycle
[128.462s][info][safepoint] Safepoint "G1CollectForAllocation", Time since last: 331181161 ns, Reaching safepoint: 216264 ns, At safepoint: 100370866 ns, Total: 100587130 ns
[128.742s][info][gc       ] GC(289) Pause Young (Normal) (G1 Evacuation Pause) 2179M->2005M(5120M) 66.102ms
[128.742s][info][safepoint] Safepoint "G1CollectForAllocation", Time since last: 213253202 ns, Reaching safepoint: 641320 ns, At safepoint: 66748996 ns, Total: 67390316 ns
[128.896s][info][gc       ] GC(290) Pause Young (Normal) (G1 Evacuation Pause) 2229M->2013M(5120M) 23.112ms
[128.897s][info][safepoint] Safepoint "G1CollectForAllocation", Time since last: 130352773 ns, Reaching safepoint: 355345 ns, At safepoint: 23766997 ns, Total: 24122342 ns
[129.032s][info][gc       ] GC(291) Pause Young (Normal) (G1 Evacuation Pause) 2265M->2013M(5120M) 1.600ms
[129.032s][info][safepoint] Safepoint "G1CollectForAllocation", Time since last: 133158375 ns, Reaching safepoint: 410246 ns, At safepoint: 2202257 ns, Total: 2612503 ns
[129.061s][info][gc       ] GC(288) Pause Remark 2053M->1941M(5120M) 1.334ms
[129.062s][info][safepoint] Safepoint "G1Concurrent", Time since last: 26884118 ns, Reaching safepoint: 359098 ns, At safepoint: 1929585 ns, Total: 2288683 ns
[129.212s][info][gc       ] GC(292) Pause Young (Normal) (G1 Evacuation Pause) 2153M->1901M(5120M) 1.847ms
[129.213s][info][safepoint] Safepoint "G1CollectForAllocation", Time since last: 148321923 ns, Reaching safepoint: 590839 ns, At safepoint: 2498318 ns, Total: 3089157 ns
[129.348s][info][gc       ] GC(293) Pause Young (Normal) (G1 Evacuation Pause) 2153M->1901M(5120M) 1.573ms
[129.349s][info][safepoint] Safepoint "G1CollectForAllocation", Time since last: 133458739 ns, Reaching safepoint: 286060 ns, At safepoint: 2159590 ns, Total: 2445650 ns
[129.378s][info][gc       ] GC(288) Pause Cleanup 1945M->1945M(5120M) 0.409ms
[129.378s][info][safepoint] Safepoint "G1Concurrent", Time since last: 28132458 ns, Reaching safepoint: 249329 ns, At safepoint: 784723 ns, Total: 1034052 ns
[129.381s][info][gc       ] GC(288) Concurrent Mark Cycle 919.693ms
[129.484s][info][gc       ] GC(294) Pause Young (Normal) (G1 Evacuation Pause) 2153M->1901M(5120M) 2.087ms
[129.484s][info][safepoint] Safepoint "G1CollectForAllocation", Time since last: 103304845 ns, Reaching safepoint: 203462 ns, At safepoint: 2645187 ns, Total: 2848649 ns
[129.613s][info][gc       ] GC(295) Pause Young (Concurrent Start) (G1 Evacuation Pause) 2165M->1901M(5120M) 2.465ms
[129.614s][info][safepoint] Safepoint "G1CollectForAllocation", Time since last: 126500434 ns, Reaching safepoint: 177328 ns, At safepoint: 3117595 ns, Total: 3294923 ns
[129.614s][info][gc       ] GC(296) Concurrent Mark Cycle
[129.860s][info][gc       ] GC(297) Pause Young (Normal) (G1 Evacuation Pause) 2249M->1901M(5120M) 1.673ms
[129.861s][info][safepoint] Safepoint "G1CollectForAllocation", Time since last: 244407266 ns, Reaching safepoint: 358388 ns, At safepoint: 2466548 ns, Total: 2824936 ns
[130.077s][info][gc       ] GC(298) Pause Young (Normal) (G1 Evacuation Pause) 2317M->1901M(5120M) 1.928ms
[130.078s][info][safepoint] Safepoint "G1CollectForAllocation", Time since last: 213972488 ns, Reaching safepoint: 293940 ns, At safepoint: 2465809 ns, Total: 2759749 ns
[130.210s][info][gc       ] GC(296) Pause Remark 2089M->2089M(5120M) 1.553ms
[130.210s][info][safepoint] Safepoint "G1Concurrent", Time since last: 130116560 ns, Reaching safepoint: 269737 ns, At safepoint: 1985493 ns, Total: 2255230 ns
[130.321s][info][gc       ] GC(299) Pause Young (Normal) (G1 Evacuation Pause) 2281M->1901M(5120M) 1.798ms
[130.322s][info][safepoint] Safepoint "G1CollectForAllocation", Time since last: 108559608 ns, Reaching safepoint: 292527 ns, At safepoint: 2383797 ns, Total: 2676324 ns
[130.469s][info][gc       ] GC(296) Pause Cleanup 2141M->2141M(5120M) 0.391ms
[130.469s][info][safepoint] Safepoint "G1Concurrent", Time since last: 146469979 ns, Reaching safepoint: 333157 ns, At safepoint: 844399 ns, Total: 1177556 ns
[130.472s][info][gc       ] GC(296) Concurrent Mark Cycle 858.464ms
[130.548s][info][gc       ] GC(300) Pause Young (Prepare Mixed) (G1 Evacuation Pause) 2301M->1901M(5120M) 2.777ms
[130.548s][info][safepoint] Safepoint "G1CollectForAllocation", Time since last: 75502086 ns, Reaching safepoint: 254301 ns, At safepoint: 3193628 ns, Total: 3447929 ns
[130.682s][info][gc       ] GC(301) Pause Young (Mixed) (G1 Evacuation Pause) 2153M->1890M(5120M) 2.883ms
[130.682s][info][safepoint] Safepoint "G1CollectForAllocation", Time since last: 130871496 ns, Reaching safepoint: 238178 ns, At safepoint: 3190632 ns, Total: 3428810 ns
[130.945s][info][gc       ] GC(302) Pause Young (Concurrent Start) (G1 Evacuation Pause) 2462M->1890M(5120M) 2.372ms
[130.945s][info][gc       ] GC(303) Concurrent Mark Cycle
[130.945s][info][safepoint] Safepoint "G1CollectForAllocation", Time since last: 259448346 ns, Reaching safepoint: 254476 ns, At safepoint: 2963552 ns, Total: 3218028 ns
[131.193s][info][gc       ] GC(304) Pause Young (Normal) (G1 Evacuation Pause) 2378M->1890M(5120M) 2.569ms
[131.193s][info][safepoint] Safepoint "G1CollectForAllocation", Time since last: 244420454 ns, Reaching safepoint: 431598 ns, At safepoint: 3281745 ns, Total: 3713343 ns
[131.436s][info][gc       ] GC(305) Pause Young (Normal) (G1 Evacuation Pause) 2358M->1890M(5120M) 2.617ms
[131.437s][info][safepoint] Safepoint "G1CollectForAllocation", Time since last: 240181088 ns, Reaching safepoint: 333023 ns, At safepoint: 3358515 ns, Total: 3691538 ns
[131.584s][info][gc       ] GC(303) Pause Remark 2162M->2162M(5120M) 1.945ms
[131.585s][info][safepoint] Safepoint "G1Concurrent", Time since last: 144962070 ns, Reaching safepoint: 293830 ns, At safepoint: 2599159 ns, Total: 2892989 ns
[131.717s][info][gc       ] GC(306) Pause Young (Normal) (G1 Evacuation Pause) 2390M->1890M(5120M) 1.970ms
[131.718s][info][safepoint] Safepoint "G1CollectForAllocation", Time since last: 129960315 ns, Reaching safepoint: 361087 ns, At safepoint: 2443946 ns, Total: 2805033 ns
[131.868s][info][gc       ] GC(303) Pause Cleanup 2140M->2140M(5120M) 0.371ms
[131.868s][info][safepoint] Safepoint "G1Concurrent", Time since last: 149381342 ns, Reaching safepoint: 356912 ns, At safepoint: 827663 ns, Total: 1184575 ns
[131.871s][info][gc       ] GC(303) Concurrent Mark Cycle 926.034ms
[132.021s][info][gc       ] GC(307) Pause Young (Prepare Mixed) (G1 Evacuation Pause) 2450M->1890M(5120M) 2.426ms
[132.022s][info][safepoint] Safepoint "G1CollectForAllocation", Time since last: 150050270 ns, Reaching safepoint: 212140 ns, At safepoint: 2971510 ns, Total: 3183650 ns
[132.147s][info][gc       ] GC(308) Pause Young (Mixed) (G1 Evacuation Pause) 2142M->1884M(5120M) 3.149ms
[132.147s][info][safepoint] Safepoint "G1CollectForAllocation", Time since last: 122001145 ns, Reaching safepoint: 240407 ns, At safepoint: 3488743 ns, Total: 3729150 ns
[132.415s][info][gc       ] GC(309) Pause Young (Normal) (G1 Evacuation Pause) 2476M->1884M(5120M) 2.462ms
[132.416s][info][safepoint] Safepoint "G1CollectForAllocation", Time since last: 265183527 ns, Reaching safepoint: 235597 ns, At safepoint: 3039040 ns, Total: 3274637 ns
[132.772s][info][gc       ] GC(310) Pause Young (Normal) (G1 Evacuation Pause) 2580M->1884M(5120M) 2.683ms
[132.773s][info][safepoint] Safepoint "G1CollectForAllocation", Time since last: 353474720 ns, Reaching safepoint: 263906 ns, At safepoint: 3388178 ns, Total: 3652084 ns
[133.157s][info][gc       ] GC(311) Pause Young (Concurrent Start) (G1 Evacuation Pause) 2672M->1884M(5120M) 2.940ms
[133.157s][info][safepoint] Safepoint "G1CollectForAllocation", Time since last: 380707493 ns, Reaching safepoint: 246494 ns, At safepoint: 3613556 ns, Total: 3860050 ns
[133.157s][info][gc       ] GC(312) Concurrent Mark Cycle
[133.745s][info][gc       ] GC(312) Pause Remark 2722M->2722M(5120M) 1.655ms
[133.746s][info][safepoint] Safepoint "G1Concurrent", Time since last: 585887019 ns, Reaching safepoint: 347562 ns, At safepoint: 2295988 ns, Total: 2643550 ns
[133.760s][info][gc       ] GC(313) Pause Young (Normal) (G1 Evacuation Pause) 2740M->1884M(5120M) 1.673ms
[133.761s][info][safepoint] Safepoint "G1CollectForAllocation", Time since last: 12276827 ns, Reaching safepoint: 451309 ns, At safepoint: 2151635 ns, Total: 2602944 ns
[133.989s][info][gc       ] GC(312) Pause Cleanup 2218M->2218M(5120M) 0.395ms
[133.990s][info][safepoint] Safepoint "G1Concurrent", Time since last: 227444328 ns, Reaching safepoint: 256685 ns, At safepoint: 948159 ns, Total: 1204844 ns
[133.993s][info][gc       ] GC(312) Concurrent Mark Cycle 835.267ms
[134.293s][info][gc       ] GC(314) Pause Young (Prepare Mixed) (G1 Evacuation Pause) 2920M->1884M(5120M) 2.672ms
[134.293s][info][safepoint] Safepoint "G1CollectForAllocation", Time since last: 299975787 ns, Reaching safepoint: 411692 ns, At safepoint: 3366842 ns, Total: 3778534 ns
[134.412s][info][gc       ] GC(315) Pause Young (Mixed) (G1 Evacuation Pause) 2136M->1879M(5120M) 3.707ms
[134.413s][info][safepoint] Safepoint "G1CollectForAllocation", Time since last: 115247259 ns, Reaching safepoint: 194155 ns, At safepoint: 4293525 ns, Total: 4487680 ns
[134.971s][info][gc       ] GC(316) Pause Young (Normal) (G1 Evacuation Pause) 2999M->1879M(5120M) 2.764ms
[134.971s][info][safepoint] Safepoint "G1CollectForAllocation", Time since last: 554718447 ns, Reaching safepoint: 259097 ns, At safepoint: 3365966 ns, Total: 3625063 ns
[135.391s][info][gc       ] GC(317) Pause Young (Normal) (G1 Evacuation Pause) 2783M->1879M(5120M) 2.736ms
[135.392s][info][safepoint] Safepoint "G1CollectForAllocation", Time since last: 416853770 ns, Reaching safepoint: 228741 ns, At safepoint: 3453243 ns, Total: 3681984 ns
[135.928s][info][gc       ] GC(318) Pause Young (Concurrent Start) (G1 Evacuation Pause) 2991M->1879M(5120M) 2.712ms
[135.929s][info][gc       ] GC(319) Concurrent Mark Cycle
[135.929s][info][safepoint] Safepoint "G1CollectForAllocation", Time since last: 533389202 ns, Reaching safepoint: 315938 ns, At safepoint: 3043904 ns, Total: 3359842 ns
[136.453s][info][gc       ] GC(319) Pause Remark 2973M->2973M(5120M) 1.773ms
[136.454s][info][safepoint] Safepoint "G1Concurrent", Time since last: 522163828 ns, Reaching safepoint: 373956 ns, At safepoint: 2399455 ns, Total: 2773411 ns
[136.706s][info][gc       ] GC(319) Pause Cleanup 3567M->3567M(5120M) 0.349ms
[136.706s][info][safepoint] Safepoint "G1Concurrent", Time since last: 251350930 ns, Reaching safepoint: 436020 ns, At safepoint: 1074588 ns, Total: 1510608 ns
[136.710s][info][gc       ] GC(319) Concurrent Mark Cycle 781.327ms
[136.763s][info][gc       ] GC(320) Pause Young (Prepare Mixed) (G1 Evacuation Pause) 3687M->1879M(5120M) 2.619ms
[136.763s][info][safepoint] Safepoint "G1CollectForAllocation", Time since last: 53838341 ns, Reaching safepoint: 195635 ns, At safepoint: 2992220 ns, Total: 3187855 ns
[136.887s][info][gc       ] GC(321) Pause Young (Mixed) (G1 Evacuation Pause) 2131M->1873M(5120M) 3.181ms
[136.888s][info][safepoint] Safepoint "G1CollectForAllocation", Time since last: 120585773 ns, Reaching safepoint: 179797 ns, At safepoint: 3611871 ns, Total: 3791668 ns
[137.657s][info][gc       ] GC(322) Pause Young (Normal) (G1 Evacuation Pause) 3597M->1873M(5120M) 2.822ms
[137.658s][info][safepoint] Safepoint "G1CollectForAllocation", Time since last: 766480523 ns, Reaching safepoint: 244858 ns, At safepoint: 3424637 ns, Total: 3669495 ns
[138.721s][info][gc       ] GC(323) Pause Young (Normal) (G1 Evacuation Pause) 4153M->1873M(5120M) 2.978ms
[138.721s][info][safepoint] Safepoint "G1CollectForAllocation", Time since last: 1059485231 ns, Reaching safepoint: 227127 ns, At safepoint: 3800588 ns, Total: 4027715 ns
[139.927s][info][gc       ] GC(324) Pause Young (Concurrent Start) (G1 Evacuation Pause) 4469M->1873M(5120M) 2.563ms
[139.928s][info][safepoint] Safepoint "G1CollectForAllocation", Time since last: 1203017773 ns, Reaching safepoint: 303736 ns, At safepoint: 3181204 ns, Total: 3484940 ns
[139.928s][info][gc       ] GC(325) Concurrent Mark Cycle
[140.579s][info][gc       ] GC(325) Pause Remark 3215M->3215M(5120M) 1.491ms
[140.580s][info][safepoint] Safepoint "G1Concurrent", Time since last: 649441350 ns, Reaching safepoint: 214513 ns, At safepoint: 2185637 ns, Total: 2400150 ns
[140.831s][info][gc       ] GC(325) Pause Cleanup 3645M->3645M(5120M) 0.356ms
[140.831s][info][safepoint] Safepoint "G1Concurrent", Time since last: 250249163 ns, Reaching safepoint: 407883 ns, At safepoint: 955360 ns, Total: 1363243 ns
[140.835s][info][gc       ] GC(325) Concurrent Mark Cycle 906.712ms
[141.220s][info][gc       ] GC(326) Pause Young (Prepare Mixed) (G1 Evacuation Pause) 4489M->1873M(5120M) 3.274ms
[141.221s][info][safepoint] Safepoint "G1CollectForAllocation", Time since last: 385108305 ns, Reaching safepoint: 239406 ns, At safepoint: 3986279 ns, Total: 4225685 ns
[141.345s][info][gc       ] GC(327) Pause Young (Mixed) (G1 Evacuation Pause) 2125M->1868M(5120M) 4.420ms
[141.346s][info][safepoint] Safepoint "G1CollectForAllocation", Time since last: 119392899 ns, Reaching safepoint: 234076 ns, At safepoint: 5241734 ns, Total: 5475810 ns
[142.504s][info][gc       ] GC(328) Pause Young (Normal) (G1 Evacuation Pause) 4504M->1868M(5120M) 3.771ms
[142.505s][info][safepoint] Safepoint "G1CollectForAllocation", Time since last: 1154450383 ns, Reaching safepoint: 264939 ns, At safepoint: 4619857 ns, Total: 4884796 ns
[143.651s][info][gc       ] GC(329) Pause Young (Normal) (G1 Evacuation Pause) 4520M->1868M(5120M) 3.023ms
[143.652s][info][safepoint] Safepoint "G1CollectForAllocation", Time since last: 1142574450 ns, Reaching safepoint: 254456 ns, At safepoint: 3706956 ns, Total: 3961412 ns
[143.863s][info][gc       ] GC(330) Pause Young (Concurrent Start) (G1 Humongous Allocation) 2356M->1928M(5120M) 10.493ms
[143.864s][info][safepoint] Safepoint "G1TryInitiateConcMark", Time since last: 200936476 ns, Reaching safepoint: 256742 ns, At safepoint: 11263891 ns, Total: 11520633 ns
[143.864s][info][gc       ] GC(331) Concurrent Mark Cycle
[143.878s][info][gc       ] GC(331) Pause Remark 1976M->156M(5120M) 3.438ms
[143.879s][info][safepoint] Safepoint "G1Concurrent", Time since last: 10367191 ns, Reaching safepoint: 404451 ns, At safepoint: 4238115 ns, Total: 4642566 ns
[143.885s][info][gc       ] GC(331) Pause Cleanup 176M->176M(5120M) 0.466ms
[143.886s][info][safepoint] Safepoint "G1Concurrent", Time since last: 5332663 ns, Reaching safepoint: 378624 ns, At safepoint: 1315202 ns, Total: 1693826 ns
[143.891s][info][gc       ] GC(331) Concurrent Mark Cycle 26.662ms
[144.855s][info][gc       ] GC(332) Pause Young (Prepare Mixed) (G1 Evacuation Pause) 2224M->1850M(5120M) 388.764ms
[144.855s][info][safepoint] Safepoint "G1CollectForAllocation", Time since last: 579939713 ns, Reaching safepoint: 234139 ns, At safepoint: 389270423 ns, Total: 389504562 ns
[144.916s][info][gc       ] GC(333) Pause Young (Mixed) (G1 Evacuation Pause) 1854M->1859M(5120M) 57.929ms
[144.916s][info][safepoint] Safepoint "G1CollectForAllocation", Time since last: 2051760 ns, Reaching safepoint: 197111 ns, At safepoint: 58391579 ns, Total: 58588690 ns
[145.103s][info][gc       ] GC(334) Pause Young (Normal) (G1 Evacuation Pause) 2203M->1858M(5120M) 2.670ms
[145.104s][info][safepoint] Safepoint "G1CollectForAllocation", Time since last: 184002619 ns, Reaching safepoint: 332301 ns, At safepoint: 3291925 ns, Total: 3624226 ns
[145.286s][info][gc       ] GC(335) Pause Young (Normal) (G1 Evacuation Pause) 2202M->1856M(5120M) 2.864ms
[145.286s][info][safepoint] Safepoint "G1CollectForAllocation", Time since last: 179129489 ns, Reaching safepoint: 230255 ns, At safepoint: 3409360 ns, Total: 3639615 ns
[145.456s][info][gc       ] GC(336) Pause Young (Normal) (G1 Evacuation Pause) 2208M->1856M(5120M) 2.164ms
[145.457s][info][safepoint] Safepoint "G1CollectForAllocation", Time since last: 167548189 ns, Reaching safepoint: 186454 ns, At safepoint: 2731628 ns, Total: 2918082 ns
[145.638s][info][gc       ] GC(337) Pause Young (Normal) (G1 Evacuation Pause) 2204M->1855M(5120M) 2.728ms
[145.639s][info][safepoint] Safepoint "G1CollectForAllocation", Time since last: 178286768 ns, Reaching safepoint: 372812 ns, At safepoint: 3399836 ns, Total: 3772648 ns
[145.837s][info][gc       ] GC(338) Pause Young (Normal) (G1 Evacuation Pause) 2247M->1855M(5120M) 2.267ms
[145.837s][info][safepoint] Safepoint "G1CollectForAllocation", Time since last: 195097812 ns, Reaching safepoint: 418765 ns, At safepoint: 2762559 ns, Total: 3181324 ns
[146.070s][info][gc       ] GC(339) Pause Young (Normal) (G1 Evacuation Pause) 2335M->1855M(5120M) 2.782ms
[146.070s][info][safepoint] Safepoint "G1CollectForAllocation", Time since last: 229772985 ns, Reaching safepoint: 240949 ns, At safepoint: 3165751 ns, Total: 3406700 ns
[146.382s][info][gc       ] GC(340) Pause Young (Normal) (G1 Evacuation Pause) 2487M->1855M(5120M) 2.663ms
[146.382s][info][safepoint] Safepoint "G1CollectForAllocation", Time since last: 308207241 ns, Reaching safepoint: 223519 ns, At safepoint: 3103739 ns, Total: 3327258 ns
[146.728s][info][gc       ] GC(341) Pause Young (Normal) (G1 Evacuation Pause) 2607M->1855M(5120M) 2.901ms
[146.728s][info][safepoint] Safepoint "G1CollectForAllocation", Time since last: 342571377 ns, Reaching safepoint: 272304 ns, At safepoint: 3346932 ns, Total: 3619236 ns
[147.152s][info][gc       ] GC(342) Pause Young (Normal) (G1 Evacuation Pause) 2723M->1855M(5120M) 2.377ms
[147.153s][info][safepoint] Safepoint "G1CollectForAllocation", Time since last: 421148675 ns, Reaching safepoint: 201829 ns, At safepoint: 2954839 ns, Total: 3156668 ns
[147.578s][info][gc       ] GC(343) Pause Young (Normal) (G1 Evacuation Pause) 2763M->1855M(5120M) 2.668ms
[147.578s][info][safepoint] Safepoint "G1CollectForAllocation", Time since last: 422076039 ns, Reaching safepoint: 180966 ns, At safepoint: 3358545 ns, Total: 3539511 ns
[148.100s][info][gc       ] GC(344) Pause Young (Normal) (G1 Evacuation Pause) 2959M->1855M(5120M) 2.370ms
[148.100s][info][safepoint] Safepoint "G1CollectForAllocation", Time since last: 519145485 ns, Reaching safepoint: 199955 ns, At safepoint: 2892078 ns, Total: 3092033 ns
[148.735s][info][gc       ] GC(345) Pause Young (Normal) (G1 Evacuation Pause) 3255M->1855M(5120M) 2.440ms
[148.735s][info][safepoint] Safepoint "G1CollectForAllocation", Time since last: 631502073 ns, Reaching safepoint: 198949 ns, At safepoint: 3100768 ns, Total: 3299717 ns
[149.625s][info][gc       ] GC(346) Pause Young (Concurrent Start) (G1 Evacuation Pause) 3751M->1855M(5120M) 2.322ms
[149.626s][info][gc       ] GC(347) Concurrent Mark Cycle
[149.626s][info][safepoint] Safepoint "G1CollectForAllocation", Time since last: 887465180 ns, Reaching safepoint: 282422 ns, At safepoint: 2754423 ns, Total: 3036845 ns
[150.194s][info][gc       ] GC(347) Pause Remark 2671M->2559M(5120M) 1.578ms
[150.195s][info][safepoint] Safepoint "G1Concurrent", Time since last: 566392418 ns, Reaching safepoint: 301779 ns, At safepoint: 2166352 ns, Total: 2468131 ns
[150.417s][info][gc       ] GC(347) Pause Cleanup 3007M->3007M(5120M) 0.312ms
[150.417s][info][safepoint] Safepoint "G1Concurrent", Time since last: 221708434 ns, Reaching safepoint: 265879 ns, At safepoint: 717534 ns, Total: 983413 ns
[150.420s][info][gc       ] GC(347) Concurrent Mark Cycle 794.409ms
[151.038s][info][gc       ] GC(348) Pause Young (Prepare Mixed) (G1 Evacuation Pause) 4343M->1743M(5120M) 3.665ms
[151.038s][info][safepoint] Safepoint "G1CollectForAllocation", Time since last: 616976785 ns, Reaching safepoint: 319748 ns, At safepoint: 3970292 ns, Total: 4290040 ns
[151.161s][info][gc       ] GC(349) Pause Young (Mixed) (G1 Evacuation Pause) 1995M->1739M(5120M) 2.508ms
[151.162s][info][safepoint] Safepoint "G1CollectForAllocation", Time since last: 119743884 ns, Reaching safepoint: 188924 ns, At safepoint: 3226900 ns, Total: 3415824 ns
[151.922s][info][gc       ] GC(350) Pause Young (Normal) (G1 Evacuation Pause) 3455M->1739M(5120M) 3.084ms
[151.923s][info][safepoint] Safepoint "G1CollectForAllocation", Time since last: 757431211 ns, Reaching safepoint: 226546 ns, At safepoint: 3845186 ns, Total: 4071732 ns
[152.933s][info][gc       ] GC(351) Pause Young (Normal) (G1 Evacuation Pause) 3915M->1739M(5120M) 3.629ms
[152.933s][info][safepoint] Safepoint "G1CollectForAllocation", Time since last: 1005624196 ns, Reaching safepoint: 180005 ns, At safepoint: 4250400 ns, Total: 4430405 ns
[154.192s][info][gc       ] GC(352) Pause Young (Concurrent Start) (G1 Evacuation Pause) 4507M->1739M(5120M) 3.143ms
[154.193s][info][safepoint] Safepoint "G1CollectForAllocation", Time since last: 1255679981 ns, Reaching safepoint: 239586 ns, At safepoint: 3912964 ns, Total: 4152550 ns
[154.193s][info][gc       ] GC(353) Concurrent Mark Cycle
[154.706s][info][gc       ] GC(353) Pause Remark 2815M->2815M(5120M) 1.815ms
[154.707s][info][safepoint] Safepoint "G1Concurrent", Time since last: 511257382 ns, Reaching safepoint: 318355 ns, At safepoint: 2530077 ns, Total: 2848432 ns
[154.936s][info][gc       ] GC(353) Pause Cleanup 3195M->3195M(5120M) 0.471ms
[154.936s][info][safepoint] Safepoint "G1Concurrent", Time since last: 227761626 ns, Reaching safepoint: 393719 ns, At safepoint: 1041732 ns, Total: 1435451 ns
[154.940s][info][gc       ] GC(353) Concurrent Mark Cycle 747.165ms
[155.544s][info][gc       ] GC(354) Pause Young (Prepare Mixed) (G1 Evacuation Pause) 4523M->1739M(5120M) 2.836ms
[155.544s][info][safepoint] Safepoint "G1CollectForAllocation", Time since last: 604295756 ns, Reaching safepoint: 301291 ns, At safepoint: 3407855 ns, Total: 3709146 ns
[155.669s][info][gc       ] GC(355) Pause Young (Mixed) (G1 Evacuation Pause) 1991M->1736M(5120M) 2.392ms
[155.669s][info][safepoint] Safepoint "G1CollectForAllocation", Time since last: 121553373 ns, Reaching safepoint: 275375 ns, At safepoint: 2767218 ns, Total: 3042593 ns
[156.925s][info][gc       ] GC(356) Pause Young (Normal) (G1 Evacuation Pause) 4536M->1735M(5120M) 2.828ms
[156.925s][info][safepoint] Safepoint "G1CollectForAllocation", Time since last: 1252660597 ns, Reaching safepoint: 220738 ns, At safepoint: 3518052 ns, Total: 3738790 ns
[158.177s][info][gc       ] GC(357) Pause Young (Normal) (G1 Evacuation Pause) 4543M->1735M(5120M) 2.716ms
[158.178s][info][safepoint] Safepoint "G1CollectForAllocation", Time since last: 1248947598 ns, Reaching safepoint: 301700 ns, At safepoint: 3178181 ns, Total: 3479881 ns
[159.389s][info][gc       ] GC(358) Pause Young (Concurrent Start) (G1 Humongous Allocation) 4487M->1796M(5120M) 11.386ms
[159.389s][info][safepoint] Safepoint "G1TryInitiateConcMark", Time since last: 1199211192 ns, Reaching safepoint: 225581 ns, At safepoint: 12209190 ns, Total: 12434771 ns
[159.389s][info][gc       ] GC(359) Concurrent Mark Cycle
[159.404s][info][gc       ] GC(359) Pause Remark 1856M->172M(5120M) 3.184ms
[159.404s][info][safepoint] Safepoint "G1Concurrent", Time since last: 10515034 ns, Reaching safepoint: 448409 ns, At safepoint: 3922242 ns, Total: 4370651 ns
[159.409s][info][gc       ] GC(359) Pause Cleanup 202M->202M(5120M) 0.289ms
[159.410s][info][safepoint] Safepoint "G1Concurrent", Time since last: 4268806 ns, Reaching safepoint: 345839 ns, At safepoint: 861055 ns, Total: 1206894 ns
[159.414s][info][gc       ] GC(359) Concurrent Mark Cycle 24.666ms
[160.063s][info][gc       ] GC(360) Pause Young (Prepare Mixed) (G1 Evacuation Pause) 1704M->1731M(5120M) 365.890ms
[160.063s][info][safepoint] Safepoint "G1CollectForAllocation", Time since last: 286940728 ns, Reaching safepoint: 302803 ns, At safepoint: 366433284 ns, Total: 366736087 ns
[160.136s][info][gc       ] GC(361) Pause Young (Mixed) (G1 Evacuation Pause) 1799M->1805M(5120M) 60.200ms
[160.136s][info][safepoint] Safepoint "G1CollectForAllocation", Time since last: 12036145 ns, Reaching safepoint: 201531 ns, At safepoint: 60684826 ns, Total: 60886357 ns
[160.652s][info][gc       ] GC(362) Pause Young (Normal) (G1 Evacuation Pause) 2029M->2019M(5120M) 104.543ms
[160.652s][info][safepoint] Safepoint "G1CollectForAllocation", Time since last: 410440654 ns, Reaching safepoint: 272907 ns, At safepoint: 105034884 ns, Total: 105307791 ns
[160.792s][info][gc       ] GC(363) Pause Young (Normal) (G1 Evacuation Pause) 2243M->2040M(5120M) 22.528ms
[160.792s][info][safepoint] Safepoint "G1CollectForAllocation", Time since last: 116678854 ns, Reaching safepoint: 328257 ns, At safepoint: 23287510 ns, Total: 23615767 ns
[160.907s][info][gc       ] GC(364) Pause Young (Normal) (G1 Evacuation Pause) 2292M->2040M(5120M) 1.938ms
[160.907s][info][safepoint] Safepoint "G1CollectForAllocation", Time since last: 112054126 ns, Reaching safepoint: 178303 ns, At safepoint: 2445484 ns, Total: 2623787 ns
[161.031s][info][gc       ] GC(365) Pause Young (Normal) (G1 Evacuation Pause) 2292M->2040M(5120M) 2.423ms
[161.031s][info][safepoint] Safepoint "G1CollectForAllocation", Time since last: 121028564 ns, Reaching safepoint: 336119 ns, At safepoint: 3030602 ns, Total: 3366721 ns
[161.158s][info][gc       ] GC(366) Pause Young (Normal) (G1 Evacuation Pause) 2292M->2039M(5120M) 2.787ms
[161.159s][info][safepoint] Safepoint "G1CollectForAllocation", Time since last: 123587726 ns, Reaching safepoint: 245266 ns, At safepoint: 3386510 ns, Total: 3631776 ns
[161.288s][info][gc       ] GC(367) Pause Young (Normal) (G1 Evacuation Pause) 2291M->2039M(5120M) 2.646ms
[161.289s][info][safepoint] Safepoint "G1CollectForAllocation", Time since last: 126165699 ns, Reaching safepoint: 334678 ns, At safepoint: 3381032 ns, Total: 3715710 ns
[161.420s][info][gc       ] GC(368) Pause Young (Normal) (G1 Evacuation Pause) 2291M->2039M(5120M) 2.537ms
[161.421s][info][safepoint] Safepoint "G1CollectForAllocation", Time since last: 128874056 ns, Reaching safepoint: 236910 ns, At safepoint: 3287794 ns, Total: 3524704 ns
[161.550s][info][gc       ] GC(369) Pause Young (Normal) (G1 Evacuation Pause) 2291M->2039M(5120M) 2.557ms
[161.551s][info][safepoint] Safepoint "G1CollectForAllocation", Time since last: 126360713 ns, Reaching safepoint: 185652 ns, At safepoint: 3211882 ns, Total: 3397534 ns
[161.698s][info][gc       ] GC(370) Pause Young (Normal) (G1 Evacuation Pause) 2291M->2039M(5120M) 2.114ms
[161.699s][info][safepoint] Safepoint "G1CollectForAllocation", Time since last: 144662415 ns, Reaching safepoint: 289560 ns, At safepoint: 2814993 ns, Total: 3104553 ns
[161.837s][info][gc       ] GC(371) Pause Young (Normal) (G1 Evacuation Pause) 2291M->2039M(5120M) 2.567ms
[161.838s][info][safepoint] Safepoint "G1CollectForAllocation", Time since last: 135496388 ns, Reaching safepoint: 180080 ns, At safepoint: 3465332 ns, Total: 3645412 ns
[162.001s][info][gc       ] GC(372) Pause Young (Normal) (G1 Evacuation Pause) 2331M->2039M(5120M) 2.096ms
[162.001s][info][safepoint] Safepoint "G1CollectForAllocation", Time since last: 160482489 ns, Reaching safepoint: 384895 ns, At safepoint: 2690449 ns, Total: 3075344 ns
[162.230s][info][gc       ] GC(373) Pause Young (Normal) (G1 Evacuation Pause) 2491M->2039M(5120M) 2.927ms
[162.230s][info][safepoint] Safepoint "G1CollectForAllocation", Time since last: 225279013 ns, Reaching safepoint: 210905 ns, At safepoint: 3456054 ns, Total: 3666959 ns
[162.443s][info][gc       ] GC(374) Pause Young (Normal) (G1 Evacuation Pause) 2487M->2039M(5120M) 2.573ms
[162.444s][info][safepoint] Safepoint "G1CollectForAllocation", Time since last: 210188844 ns, Reaching safepoint: 295847 ns, At safepoint: 3080658 ns, Total: 3376505 ns
[162.732s][info][gc       ] GC(375) Pause Young (Normal) (G1 Evacuation Pause) 2691M->2039M(5120M) 2.427ms
[162.733s][info][safepoint] Safepoint "G1CollectForAllocation", Time since last: 285795752 ns, Reaching safepoint: 326012 ns, At safepoint: 3072409 ns, Total: 3398421 ns
[163.108s][info][gc       ] GC(376) Pause Young (Normal) (G1 Evacuation Pause) 2827M->2039M(5120M) 2.479ms
[163.108s][info][safepoint] Safepoint "G1CollectForAllocation", Time since last: 371830285 ns, Reaching safepoint: 265372 ns, At safepoint: 3104266 ns, Total: 3369638 ns
[163.647s][info][gc       ] GC(377) Pause Young (Normal) (G1 Evacuation Pause) 3207M->2039M(5120M) 3.112ms
[163.647s][info][safepoint] Safepoint "G1CollectForAllocation", Time since last: 535098515 ns, Reaching safepoint: 202874 ns, At safepoint: 3769554 ns, Total: 3972428 ns
[164.332s][info][gc       ] GC(378) Pause Young (Normal) (G1 Evacuation Pause) 3491M->2039M(5120M) 2.947ms
[164.333s][info][safepoint] Safepoint "G1CollectForAllocation", Time since last: 681481052 ns, Reaching safepoint: 337342 ns, At safepoint: 3634481 ns, Total: 3971823 ns
[165.213s][info][gc       ] GC(379) Pause Young (Concurrent Start) (G1 Evacuation Pause) 3915M->2039M(5120M) 2.820ms
[165.214s][info][gc       ] GC(380) Concurrent Mark Cycle
[165.214s][info][safepoint] Safepoint "G1CollectForAllocation", Time since last: 877549223 ns, Reaching safepoint: 259637 ns, At safepoint: 3498276 ns, Total: 3757913 ns
[165.836s][info][gc       ] GC(380) Pause Remark 3195M->3083M(5120M) 2.042ms
[165.837s][info][safepoint] Safepoint "G1Concurrent", Time since last: 619570144 ns, Reaching safepoint: 228212 ns, At safepoint: 2794661 ns, Total: 3022873 ns
[166.097s][info][gc       ] GC(380) Pause Cleanup 3541M->3541M(5120M) 0.320ms
[166.098s][info][safepoint] Safepoint "G1Concurrent", Time since last: 259700397 ns, Reaching safepoint: 318923 ns, At safepoint: 1001590 ns, Total: 1320513 ns
[166.101s][info][gc       ] GC(380) Concurrent Mark Cycle 886.929ms
[166.513s][info][gc       ] GC(381) Pause Young (Prepare Mixed) (G1 Evacuation Pause) 4391M->1927M(5120M) 2.556ms
[166.513s][info][safepoint] Safepoint "G1CollectForAllocation", Time since last: 412572569 ns, Reaching safepoint: 261979 ns, At safepoint: 3071750 ns, Total: 3333729 ns
[166.642s][info][gc       ] GC(382) Pause Young (Mixed) (G1 Evacuation Pause) 2179M->1915M(5120M) 2.434ms
[166.642s][info][safepoint] Safepoint "G1CollectForAllocation", Time since last: 125813485 ns, Reaching safepoint: 232203 ns, At safepoint: 2954800 ns, Total: 3187003 ns
[167.830s][info][gc       ] GC(383) Pause Young (Normal) (G1 Evacuation Pause) 4511M->1915M(5120M) 2.648ms
[167.830s][info][safepoint] Safepoint "G1CollectForAllocation", Time since last: 1184298893 ns, Reaching safepoint: 342448 ns, At safepoint: 3242191 ns, Total: 3584639 ns
[169.001s][info][gc       ] GC(384) Pause Young (Normal) (G1 Evacuation Pause) 4523M->1915M(5120M) 2.975ms
[169.001s][info][safepoint] Safepoint "G1CollectForAllocation", Time since last: 1167141495 ns, Reaching safepoint: 229577 ns, At safepoint: 3664424 ns, Total: 3894001 ns
[170.216s][info][gc       ] GC(385) Pause Young (Concurrent Start) (G1 Evacuation Pause) 4535M->1915M(5120M) 2.521ms
[170.217s][info][gc       ] GC(386) Concurrent Mark Cycle
[170.217s][info][safepoint] Safepoint "G1CollectForAllocation", Time since last: 1212025776 ns, Reaching safepoint: 246410 ns, At safepoint: 2997934 ns, Total: 3244344 ns
[170.804s][info][gc       ] GC(386) Pause Remark 2843M->2843M(5120M) 1.626ms
[170.804s][info][safepoint] Safepoint "G1Concurrent", Time since last: 585085228 ns, Reaching safepoint: 330708 ns, At safepoint: 2235453 ns, Total: 2566161 ns
[171.069s][info][gc       ] GC(386) Pause Cleanup 3291M->3291M(5120M) 0.362ms
[171.069s][info][safepoint] Safepoint "G1Concurrent", Time since last: 263699369 ns, Reaching safepoint: 289821 ns, At safepoint: 842242 ns, Total: 1132063 ns
[171.073s][info][gc       ] GC(386) Concurrent Mark Cycle 855.903ms
[171.635s][info][gc       ] GC(387) Pause Young (Prepare Mixed) (G1 Evacuation Pause) 4547M->1915M(5120M) 3.111ms
[171.636s][info][safepoint] Safepoint "G1CollectForAllocation", Time since last: 562323257 ns, Reaching safepoint: 254857 ns, At safepoint: 3887978 ns, Total: 4142835 ns
[171.753s][info][gc       ] GC(388) Pause Young (Mixed) (G1 Evacuation Pause) 2167M->1904M(5120M) 2.587ms
[171.753s][info][safepoint] Safepoint "G1CollectForAllocation", Time since last: 114236150 ns, Reaching safepoint: 236088 ns, At safepoint: 3279089 ns, Total: 3515177 ns
[173.001s][info][gc       ] GC(389) Pause Young (Normal) (G1 Evacuation Pause) 4556M->1904M(5120M) 3.808ms
[173.001s][info][safepoint] Safepoint "G1CollectForAllocation", Time since last: 1242890287 ns, Reaching safepoint: 540834 ns, At safepoint: 4488481 ns, Total: 5029315 ns
[174.177s][info][gc       ] GC(390) Pause Young (Normal) (G1 Evacuation Pause) 4560M->1904M(5120M) 3.101ms
[174.178s][info][safepoint] Safepoint "G1CollectForAllocation", Time since last: 1172445281 ns, Reaching safepoint: 261781 ns, At safepoint: 3820785 ns, Total: 4082566 ns
[175.359s][info][gc       ] GC(391) Pause Young (Concurrent Start) (G1 Evacuation Pause) 4568M->1904M(5120M) 2.829ms
[175.360s][info][safepoint] Safepoint "G1CollectForAllocation", Time since last: 1178374378 ns, Reaching safepoint: 227349 ns, At safepoint: 3442353 ns, Total: 3669702 ns
[175.360s][info][gc       ] GC(392) Concurrent Mark Cycle
[176.014s][info][gc       ] GC(392) Pause Remark 3902M->3902M(5120M) 1.770ms
[176.015s][info][safepoint] Safepoint "G1Concurrent", Time since last: 651876145 ns, Reaching safepoint: 472870 ns, At safepoint: 2462184 ns, Total: 2935054 ns
[176.345s][info][gc       ] GC(392) Pause Cleanup 4340M->4340M(5120M) 0.446ms
[176.345s][info][safepoint] Safepoint "G1Concurrent", Time since last: 329190262 ns, Reaching safepoint: 378823 ns, At safepoint: 1107441 ns, Total: 1486264 ns
[176.348s][info][gc       ] GC(392) Concurrent Mark Cycle 988.467ms
[177.131s][info][gc       ] GC(393) To-space exhausted
[177.131s][info][gc       ] GC(393) Pause Young (Prepare Mixed) (G1 Evacuation Pause) 4740M->3879M(5120M) 607.795ms
[177.132s][info][safepoint] Safepoint "G1CollectForAllocation", Time since last: 177709291 ns, Reaching safepoint: 384878 ns, At safepoint: 608156412 ns, Total: 608541290 ns
[177.271s][info][gc       ] GC(394) Pause Young (Mixed) (G1 Evacuation Pause) 3883M->3865M(5120M) 135.421ms
[177.271s][info][safepoint] Safepoint "G1CollectForAllocation", Time since last: 3285158 ns, Reaching safepoint: 207761 ns, At safepoint: 136077330 ns, Total: 136285091 ns
[177.599s][info][gc       ] GC(395) Pause Young (Concurrent Start) (G1 Evacuation Pause) 4593M->3864M(5120M) 2.924ms
[177.600s][info][gc       ] GC(396) Concurrent Mark Cycle
[177.600s][info][safepoint] Safepoint "G1CollectForAllocation", Time since last: 325046262 ns, Reaching safepoint: 267461 ns, At safepoint: 3551720 ns, Total: 3819181 ns
[177.938s][info][gc       ] GC(397) Pause Young (Normal) (G1 Evacuation Pause) 4592M->3864M(5120M) 1.992ms
[177.938s][info][safepoint] Safepoint "G1CollectForAllocation", Time since last: 335478028 ns, Reaching safepoint: 348257 ns, At safepoint: 2626084 ns, Total: 2974341 ns
[178.113s][info][gc       ] GC(396) Pause Remark 4238M->2262M(5120M) 2.196ms
[178.114s][info][safepoint] Safepoint "G1Concurrent", Time since last: 172221096 ns, Reaching safepoint: 380010 ns, At safepoint: 2750912 ns, Total: 3130922 ns
[178.347s][info][gc       ] GC(398) Pause Young (Normal) (G1 Evacuation Pause) 2620M->1887M(5120M) 1.700ms
[178.347s][info][safepoint] Safepoint "G1CollectForAllocation", Time since last: 230826156 ns, Reaching safepoint: 347614 ns, At safepoint: 2188305 ns, Total: 2535919 ns
[178.422s][info][gc       ] GC(396) Pause Cleanup 2015M->2015M(5120M) 0.680ms
[178.423s][info][safepoint] Safepoint "G1Concurrent", Time since last: 74246257 ns, Reaching safepoint: 258775 ns, At safepoint: 1324729 ns, Total: 1583504 ns
[178.426s][info][gc       ] GC(396) Concurrent Mark Cycle 826.197ms
[179.168s][info][gc       ] GC(399) Pause Young (Prepare Mixed) (G1 Evacuation Pause) 3719M->1887M(5120M) 3.798ms
[179.169s][info][safepoint] Safepoint "G1CollectForAllocation", Time since last: 741326079 ns, Reaching safepoint: 300609 ns, At safepoint: 4441627 ns, Total: 4742236 ns
[179.308s][info][gc       ] GC(400) Pause Young (Mixed) (G1 Evacuation Pause) 2139M->1871M(5120M) 2.819ms
[179.309s][info][safepoint] Safepoint "G1CollectForAllocation", Time since last: 136259984 ns, Reaching safepoint: 256385 ns, At safepoint: 3363621 ns, Total: 3620006 ns
[180.028s][info][gc       ] GC(401) Pause Young (Normal) (G1 Evacuation Pause) 3519M->1871M(5120M) 2.610ms
[180.029s][info][safepoint] Safepoint "G1CollectForAllocation", Time since last: 716294364 ns, Reaching safepoint: 308861 ns, At safepoint: 3133067 ns, Total: 3441928 ns
[180.903s][info][gc       ] GC(402) Pause Young (Normal) (G1 Evacuation Pause) 3871M->1871M(5120M) 2.237ms
[180.904s][info][safepoint] Safepoint "G1CollectForAllocation", Time since last: 872217204 ns, Reaching safepoint: 177434 ns, At safepoint: 2779587 ns, Total: 2957021 ns
[181.904s][info][gc       ] GC(403) Pause Young (Concurrent Start) (G1 Evacuation Pause) 4051M->1871M(5120M) 2.550ms
[181.905s][info][safepoint] Safepoint "G1CollectForAllocation", Time since last: 996957899 ns, Reaching safepoint: 276168 ns, At safepoint: 3427995 ns, Total: 3704163 ns
[181.905s][info][gc       ] GC(404) Concurrent Mark Cycle
[182.457s][info][gc       ] GC(404) Pause Remark 2969M->2969M(5120M) 1.799ms
[182.458s][info][safepoint] Safepoint "G1Concurrent", Time since last: 550596831 ns, Reaching safepoint: 269703 ns, At safepoint: 2507412 ns, Total: 2777115 ns
[182.733s][info][gc       ] GC(404) Pause Cleanup 3479M->3479M(5120M) 0.329ms
[182.734s][info][safepoint] Safepoint "G1Concurrent", Time since last: 274732202 ns, Reaching safepoint: 260395 ns, At safepoint: 901310 ns, Total: 1161705 ns
[182.737s][info][gc       ] GC(404) Concurrent Mark Cycle 832.426ms
[183.156s][info][gc       ] GC(405) Pause Young (Prepare Mixed) (G1 Evacuation Pause) 4463M->1871M(5120M) 2.526ms
[183.156s][info][safepoint] Safepoint "G1CollectForAllocation", Time since last: 418677201 ns, Reaching safepoint: 470315 ns, At safepoint: 2995139 ns, Total: 3465454 ns
[183.284s][info][gc       ] GC(406) Pause Young (Mixed) (G1 Evacuation Pause) 2123M->1858M(5120M) 2.731ms
[183.285s][info][safepoint] Safepoint "G1CollectForAllocation", Time since last: 125231559 ns, Reaching safepoint: 223753 ns, At safepoint: 3353848 ns, Total: 3577601 ns
[184.429s][info][gc       ] GC(407) Pause Young (Normal) (G1 Evacuation Pause) 4490M->1858M(5120M) 3.013ms
[184.429s][info][safepoint] Safepoint "G1CollectForAllocation", Time since last: 1140691489 ns, Reaching safepoint: 222622 ns, At safepoint: 3662338 ns, Total: 3884960 ns
[185.559s][info][gc       ] GC(408) Pause Young (Normal) (G1 Evacuation Pause) 4510M->1858M(5120M) 3.224ms
[185.560s][info][safepoint] Safepoint "G1CollectForAllocation", Time since last: 1126176710 ns, Reaching safepoint: 267717 ns, At safepoint: 3867067 ns, Total: 4134784 ns
[186.717s][info][gc       ] GC(409) Pause Young (Concurrent Start) (G1 Evacuation Pause) 4526M->1858M(5120M) 3.007ms
[186.718s][info][gc       ] GC(410) Concurrent Mark Cycle
[186.718s][info][safepoint] Safepoint "G1CollectForAllocation", Time since last: 1154300590 ns, Reaching safepoint: 260235 ns, At safepoint: 3567693 ns, Total: 3827928 ns
[187.221s][info][gc       ] GC(410) Pause Remark 2826M->2826M(5120M) 2.003ms
[187.222s][info][safepoint] Safepoint "G1Concurrent", Time since last: 500872855 ns, Reaching safepoint: 323109 ns, At safepoint: 2709222 ns, Total: 3032331 ns
[187.478s][info][gc       ] GC(410) Pause Cleanup 3278M->3278M(5120M) 0.298ms
[187.478s][info][safepoint] Safepoint "G1Concurrent", Time since last: 255631771 ns, Reaching safepoint: 275451 ns, At safepoint: 869954 ns, Total: 1145405 ns
[187.482s][info][gc       ] GC(410) Concurrent Mark Cycle 763.759ms
[188.026s][info][gc       ] GC(411) Pause Young (Prepare Mixed) (G1 Evacuation Pause) 4538M->1858M(5120M) 3.004ms
[188.027s][info][safepoint] Safepoint "G1CollectForAllocation", Time since last: 544169273 ns, Reaching safepoint: 338041 ns, At safepoint: 3686994 ns, Total: 4025035 ns
[188.147s][info][gc       ] GC(412) Pause Young (Mixed) (G1 Evacuation Pause) 2110M->1849M(5120M) 3.461ms
[188.147s][info][safepoint] Safepoint "G1CollectForAllocation", Time since last: 116488863 ns, Reaching safepoint: 197981 ns, At safepoint: 3946164 ns, Total: 4144145 ns
[189.293s][info][gc       ] GC(413) Pause Young (Normal) (G1 Evacuation Pause) 4549M->1849M(5120M) 3.007ms
[189.293s][info][safepoint] Safepoint "G1CollectForAllocation", Time since last: 1141830276 ns, Reaching safepoint: 419691 ns, At safepoint: 3642640 ns, Total: 4062331 ns
[190.461s][info][gc       ] GC(414) Pause Young (Normal) (G1 Evacuation Pause) 4557M->1849M(5120M) 2.702ms
[190.462s][info][safepoint] Safepoint "G1CollectForAllocation", Time since last: 1165246123 ns, Reaching safepoint: 303125 ns, At safepoint: 3246507 ns, Total: 3549632 ns
[190.894s][info][gc       ] GC(415) Pause Young (Concurrent Start) (G1 Humongous Allocation) 2821M->1909M(5120M) 10.824ms
[190.894s][info][safepoint] Safepoint "G1TryInitiateConcMark", Time since last: 420537308 ns, Reaching safepoint: 225741 ns, At safepoint: 11691614 ns, Total: 11917355 ns
[190.894s][info][gc       ] GC(416) Concurrent Mark Cycle
[190.909s][info][gc       ] GC(416) Pause Remark 1965M->153M(5120M) 3.031ms
[190.909s][info][safepoint] Safepoint "G1Concurrent", Time since last: 10876416 ns, Reaching safepoint: 458774 ns, At safepoint: 3601598 ns, Total: 4060372 ns
[190.915s][info][gc       ] GC(416) Pause Cleanup 173M->173M(5120M) 0.502ms
[190.915s][info][safepoint] Safepoint "G1Concurrent", Time since last: 4507938 ns, Reaching safepoint: 331742 ns, At safepoint: 1104950 ns, Total: 1436692 ns
[190.920s][info][gc       ] GC(416) Concurrent Mark Cycle 25.061ms
[191.887s][info][gc       ] GC(417) Pause Young (Normal) (G1 Evacuation Pause) 2265M->1839M(5120M) 390.606ms
[191.887s][info][safepoint] Safepoint "G1CollectForAllocation", Time since last: 580487572 ns, Reaching safepoint: 222689 ns, At safepoint: 391160897 ns, Total: 391383586 ns
[191.954s][info][gc       ] GC(418) Pause Young (Concurrent Start) (G1 Evacuation Pause) 1843M->1859M(5120M) 64.840ms
[191.955s][info][gc       ] GC(419) Concurrent Mark Cycle
[191.955s][info][safepoint] Safepoint "G1CollectForAllocation", Time since last: 2177764 ns, Reaching safepoint: 160424 ns, At safepoint: 65359610 ns, Total: 65520034 ns
[192.150s][info][gc       ] GC(420) Pause Young (Normal) (G1 Evacuation Pause) 2275M->1858M(5120M) 1.727ms
[192.151s][info][safepoint] Safepoint "G1CollectForAllocation", Time since last: 193411354 ns, Reaching safepoint: 252749 ns, At safepoint: 2378281 ns, Total: 2631030 ns
[192.354s][info][gc       ] GC(421) Pause Young (Normal) (G1 Evacuation Pause) 2310M->1858M(5120M) 1.764ms
[192.354s][info][safepoint] Safepoint "G1CollectForAllocation", Time since last: 200798132 ns, Reaching safepoint: 322915 ns, At safepoint: 2332525 ns, Total: 2655440 ns
[192.417s][info][gc       ] GC(419) Pause Remark 1946M->1834M(5120M) 1.498ms
[192.418s][info][safepoint] Safepoint "G1Concurrent", Time since last: 60926880 ns, Reaching safepoint: 311381 ns, At safepoint: 2095677 ns, Total: 2407058 ns
[192.674s][info][gc       ] GC(419) Pause Cleanup 2212M->2212M(5120M) 0.433ms
[192.674s][info][safepoint] Safepoint "G1Concurrent", Time since last: 255230996 ns, Reaching safepoint: 338159 ns, At safepoint: 914438 ns, Total: 1252597 ns
[192.677s][info][gc       ] GC(419) Concurrent Mark Cycle 722.415ms
[192.703s][info][gc       ] GC(422) Pause Young (Prepare Mixed) (G1 Evacuation Pause) 2266M->1746M(5120M) 2.302ms
[192.703s][info][safepoint] Safepoint "G1CollectForAllocation", Time since last: 26154307 ns, Reaching safepoint: 220514 ns, At safepoint: 2781792 ns, Total: 3002306 ns
[192.820s][info][gc       ] GC(423) Pause Young (Mixed) (G1 Evacuation Pause) 1998M->1742M(5120M) 2.093ms
[192.821s][info][safepoint] Safepoint "G1CollectForAllocation", Time since last: 114270680 ns, Reaching safepoint: 245204 ns, At safepoint: 2821300 ns, Total: 3066504 ns
[193.067s][info][gc       ] GC(424) Pause Young (Concurrent Start) (G1 Evacuation Pause) 2262M->1742M(5120M) 2.589ms
[193.067s][info][safepoint] Safepoint "G1CollectForAllocation", Time since last: 243365871 ns, Reaching safepoint: 218776 ns, At safepoint: 3211360 ns, Total: 3430136 ns
[193.068s][info][gc       ] GC(425) Concurrent Mark Cycle
[193.536s][info][gc       ] GC(426) Pause Young (Normal) (G1 Evacuation Pause) 2414M->1742M(5120M) 2.117ms
[193.537s][info][safepoint] Safepoint "G1CollectForAllocation", Time since last: 465917351 ns, Reaching safepoint: 410654 ns, At safepoint: 2926619 ns, Total: 3337273 ns
[193.641s][info][gc       ] GC(425) Pause Remark 1900M->1900M(5120M) 1.631ms
[193.641s][info][safepoint] Safepoint "G1Concurrent", Time since last: 102251982 ns, Reaching safepoint: 285626 ns, At safepoint: 2197552 ns, Total: 2483178 ns
[193.822s][info][gc       ] GC(427) Pause Young (Normal) (G1 Evacuation Pause) 2310M->1742M(5120M) 1.587ms
[193.823s][info][safepoint] Safepoint "G1CollectForAllocation", Time since last: 178886793 ns, Reaching safepoint: 323651 ns, At safepoint: 2125533 ns, Total: 2449184 ns
[193.893s][info][gc       ] GC(425) Pause Cleanup 1854M->1854M(5120M) 0.319ms
[193.893s][info][safepoint] Safepoint "G1Concurrent", Time since last: 69140784 ns, Reaching safepoint: 244098 ns, At safepoint: 762657 ns, Total: 1006755 ns
[193.896s][info][gc       ] GC(425) Concurrent Mark Cycle 828.113ms
[194.146s][info][gc       ] GC(428) Pause Young (Prepare Mixed) (G1 Evacuation Pause) 2402M->1742M(5120M) 2.624ms
[194.147s][info][safepoint] Safepoint "G1CollectForAllocation", Time since last: 250557719 ns, Reaching safepoint: 254534 ns, At safepoint: 3227676 ns, Total: 3482210 ns
[194.271s][info][gc       ] GC(429) Pause Young (Mixed) (G1 Evacuation Pause) 1994M->1738M(5120M) 3.384ms
[194.272s][info][safepoint] Safepoint "G1CollectForAllocation", Time since last: 120570636 ns, Reaching safepoint: 241900 ns, At safepoint: 3998400 ns, Total: 4240300 ns
[194.666s][info][gc       ] GC(430) Pause Young (Concurrent Start) (G1 Evacuation Pause) 2538M->1738M(5120M) 2.704ms
[194.666s][info][gc       ] GC(431) Concurrent Mark Cycle
[194.666s][info][safepoint] Safepoint "G1CollectForAllocation", Time since last: 390728733 ns, Reaching safepoint: 244875 ns, At safepoint: 3349594 ns, Total: 3594469 ns
[195.074s][info][gc       ] GC(432) Pause Young (Normal) (G1 Evacuation Pause) 2546M->1738M(5120M) 1.974ms
[195.075s][info][safepoint] Safepoint "G1CollectForAllocation", Time since last: 405768858 ns, Reaching safepoint: 358354 ns, At safepoint: 2703278 ns, Total: 3061632 ns
[195.151s][info][gc       ] GC(431) Pause Remark 1888M->1888M(5120M) 1.737ms
[195.152s][info][safepoint] Safepoint "G1Concurrent", Time since last: 74485169 ns, Reaching safepoint: 299996 ns, At safepoint: 2315469 ns, Total: 2615465 ns
[195.401s][info][gc       ] GC(431) Pause Cleanup 2458M->2458M(5120M) 0.277ms
[195.402s][info][safepoint] Safepoint "G1Concurrent", Time since last: 248569471 ns, Reaching safepoint: 265897 ns, At safepoint: 773828 ns, Total: 1039725 ns
[195.405s][info][gc       ] GC(431) Concurrent Mark Cycle 739.069ms
[195.505s][info][gc       ] GC(433) Pause Young (Prepare Mixed) (G1 Evacuation Pause) 2690M->1738M(5120M) 2.019ms
[195.506s][info][safepoint] Safepoint "G1CollectForAllocation", Time since last: 101519828 ns, Reaching safepoint: 170610 ns, At safepoint: 2409742 ns, Total: 2580352 ns
[195.636s][info][gc       ] GC(434) Pause Young (Mixed) (G1 Evacuation Pause) 1990M->1734M(5120M) 2.555ms
[195.636s][info][safepoint] Safepoint "G1CollectForAllocation", Time since last: 126866137 ns, Reaching safepoint: 280442 ns, At safepoint: 3091913 ns, Total: 3372355 ns
[196.131s][info][gc       ] GC(435) Pause Young (Concurrent Start) (G1 Evacuation Pause) 2742M->1734M(5120M) 2.314ms
[196.131s][info][safepoint] Safepoint "G1CollectForAllocation", Time since last: 492275613 ns, Reaching safepoint: 187838 ns, At safepoint: 2871590 ns, Total: 3059428 ns
[196.131s][info][gc       ] GC(436) Concurrent Mark Cycle
[196.623s][info][gc       ] GC(436) Pause Remark 2604M->2604M(5120M) 1.710ms
[196.624s][info][safepoint] Safepoint "G1Concurrent", Time since last: 489802990 ns, Reaching safepoint: 392308 ns, At safepoint: 2287382 ns, Total: 2679690 ns
[196.785s][info][gc       ] GC(437) Pause Young (Normal) (G1 Evacuation Pause) 2942M->1734M(5120M) 1.853ms
[196.785s][info][safepoint] Safepoint "G1CollectForAllocation", Time since last: 158974775 ns, Reaching safepoint: 284622 ns, At safepoint: 2360328 ns, Total: 2644950 ns
[196.879s][info][gc       ] GC(436) Pause Cleanup 1872M->1872M(5120M) 0.289ms
[196.879s][info][safepoint] Safepoint "G1Concurrent", Time since last: 92673983 ns, Reaching safepoint: 264772 ns, At safepoint: 691350 ns, Total: 956122 ns
[196.882s][info][gc       ] GC(436) Concurrent Mark Cycle 750.561ms
[197.418s][info][gc       ] GC(438) Pause Young (Prepare Mixed) (G1 Evacuation Pause) 3018M->1734M(5120M) 3.851ms
[197.419s][info][safepoint] Safepoint "G1CollectForAllocation", Time since last: 534669086 ns, Reaching safepoint: 482431 ns, At safepoint: 4734649 ns, Total: 5217080 ns
[197.587s][info][gc       ] GC(439) Pause Young (Mixed) (G1 Evacuation Pause) 1986M->1730M(5120M) 3.145ms
[197.587s][info][safepoint] Safepoint "G1CollectForAllocation", Time since last: 164152150 ns, Reaching safepoint: 252571 ns, At safepoint: 3777149 ns, Total: 4029720 ns
[198.214s][info][gc       ] GC(440) Pause Young (Concurrent Start) (G1 Evacuation Pause) 3078M->1730M(5120M) 3.114ms
[198.215s][info][safepoint] Safepoint "G1CollectForAllocation", Time since last: 623700569 ns, Reaching safepoint: 280792 ns, At safepoint: 3847262 ns, Total: 4128054 ns
[198.215s][info][gc       ] GC(441) Concurrent Mark Cycle
[198.780s][info][gc       ] GC(441) Pause Remark 2900M->2900M(5120M) 1.495ms
[198.780s][info][safepoint] Safepoint "G1Concurrent", Time since last: 562835075 ns, Reaching safepoint: 377755 ns, At safepoint: 2200482 ns, Total: 2578237 ns
[199.015s][info][gc       ] GC(441) Pause Cleanup 3252M->3252M(5120M) 0.372ms
[199.016s][info][safepoint] Safepoint "G1Concurrent", Time since last: 234019695 ns, Reaching safepoint: 358050 ns, At safepoint: 899665 ns, Total: 1257715 ns
[199.019s][info][gc       ] GC(441) Concurrent Mark Cycle 803.970ms
[199.070s][info][gc       ] GC(442) Pause Young (Prepare Mixed) (G1 Evacuation Pause) 3358M->1730M(5120M) 2.981ms
[199.071s][info][safepoint] Safepoint "G1CollectForAllocation", Time since last: 51517648 ns, Reaching safepoint: 264627 ns, At safepoint: 3536506 ns, Total: 3801133 ns
[199.186s][info][gc       ] GC(443) Pause Young (Mixed) (G1 Evacuation Pause) 1982M->1726M(5120M) 2.690ms
[199.186s][info][safepoint] Safepoint "G1CollectForAllocation", Time since last: 111498789 ns, Reaching safepoint: 340322 ns, At safepoint: 3205554 ns, Total: 3545876 ns
[199.985s][info][gc       ] GC(444) Pause Young (Concurrent Start) (G1 Evacuation Pause) 3514M->1726M(5120M) 2.767ms
[199.985s][info][gc       ] GC(445) Concurrent Mark Cycle
[199.985s][info][safepoint] Safepoint "G1CollectForAllocation", Time since last: 795364309 ns, Reaching safepoint: 274243 ns, At safepoint: 3293755 ns, Total: 3567998 ns
[200.473s][info][gc       ] GC(445) Pause Remark 2682M->2682M(5120M) 2.037ms
[200.473s][info][safepoint] Safepoint "G1Concurrent", Time since last: 485343792 ns, Reaching safepoint: 391047 ns, At safepoint: 2723798 ns, Total: 3114845 ns
[200.727s][info][gc       ] GC(445) Pause Cleanup 3094M->3094M(5120M) 0.422ms
[200.727s][info][safepoint] Safepoint "G1Concurrent", Time since last: 252418179 ns, Reaching safepoint: 391997 ns, At safepoint: 828436 ns, Total: 1220433 ns
[200.730s][info][gc       ] GC(445) Concurrent Mark Cycle 745.242ms
[201.088s][info][gc       ] GC(446) Pause Young (Prepare Mixed) (G1 Evacuation Pause) 3862M->1726M(5120M) 3.505ms
[201.089s][info][safepoint] Safepoint "G1CollectForAllocation", Time since last: 357570604 ns, Reaching safepoint: 261814 ns, At safepoint: 4212995 ns, Total: 4474809 ns
[201.206s][info][gc       ] GC(447) Pause Young (Mixed) (G1 Evacuation Pause) 1978M->1722M(5120M) 3.099ms
[201.207s][info][safepoint] Safepoint "G1CollectForAllocation", Time since last: 113740210 ns, Reaching safepoint: 224572 ns, At safepoint: 3598741 ns, Total: 3823313 ns
[202.416s][info][gc       ] GC(448) Pause Young (Concurrent Start) (G1 Evacuation Pause) 4442M->1722M(5120M) 3.567ms
[202.417s][info][safepoint] Safepoint "G1CollectForAllocation", Time since last: 1205924724 ns, Reaching safepoint: 221391 ns, At safepoint: 4223287 ns, Total: 4444678 ns
[202.417s][info][gc       ] GC(449) Concurrent Mark Cycle
[202.987s][info][gc       ] GC(449) Pause Remark 2784M->2784M(5120M) 1.826ms
[202.988s][info][safepoint] Safepoint "G1Concurrent", Time since last: 568018990 ns, Reaching safepoint: 347829 ns, At safepoint: 2561933 ns, Total: 2909762 ns
[203.270s][info][gc       ] GC(449) Pause Cleanup 3310M->3310M(5120M) 0.443ms
[203.271s][info][safepoint] Safepoint "G1Concurrent", Time since last: 281563089 ns, Reaching safepoint: 358414 ns, At safepoint: 1096818 ns, Total: 1455232 ns
[203.274s][info][gc       ] GC(449) Concurrent Mark Cycle 856.991ms
[203.809s][info][gc       ] GC(450) Pause Young (Prepare Mixed) (G1 Evacuation Pause) 4470M->1722M(5120M) 2.937ms
[203.810s][info][safepoint] Safepoint "G1CollectForAllocation", Time since last: 535139213 ns, Reaching safepoint: 240064 ns, At safepoint: 3763598 ns, Total: 4003662 ns
[203.932s][info][gc       ] GC(451) Pause Young (Mixed) (G1 Evacuation Pause) 1974M->1719M(5120M) 3.376ms
[203.932s][info][safepoint] Safepoint "G1CollectForAllocation", Time since last: 117965139 ns, Reaching safepoint: 212257 ns, At safepoint: 3965254 ns, Total: 4177511 ns
[205.185s][info][gc       ] GC(452) Pause Young (Concurrent Start) (G1 Evacuation Pause) 4491M->1719M(5120M) 3.291ms
[205.186s][info][safepoint] Safepoint "G1CollectForAllocation", Time since last: 1249321825 ns, Reaching safepoint: 403443 ns, At safepoint: 4058629 ns, Total: 4462072 ns
[205.186s][info][gc       ] GC(453) Concurrent Mark Cycle
[205.721s][info][gc       ] GC(453) Pause Remark 2567M->2567M(5120M) 1.784ms
[205.722s][info][safepoint] Safepoint "G1Concurrent", Time since last: 532973958 ns, Reaching safepoint: 289683 ns, At safepoint: 2516614 ns, Total: 2806297 ns
[205.981s][info][gc       ] GC(453) Pause Cleanup 3165M->3165M(5120M) 0.370ms
[205.982s][info][safepoint] Safepoint "G1Concurrent", Time since last: 258682479 ns, Reaching safepoint: 350775 ns, At safepoint: 887369 ns, Total: 1238144 ns
[205.985s][info][gc       ] GC(453) Concurrent Mark Cycle 798.930ms
[206.598s][info][gc       ] GC(454) Pause Young (Normal) (G1 Evacuation Pause) 4507M->1719M(5120M) 2.700ms
[206.599s][info][safepoint] Safepoint "G1CollectForAllocation", Time since last: 613689654 ns, Reaching safepoint: 197318 ns, At safepoint: 3375853 ns, Total: 3573171 ns
[207.088s][info][gc       ] GC(455) Pause Young (Concurrent Start) (G1 Humongous Allocation) 2835M->1779M(5120M) 10.832ms
[207.089s][info][safepoint] Safepoint "G1TryInitiateConcMark", Time since last: 477885531 ns, Reaching safepoint: 256930 ns, At safepoint: 11479224 ns, Total: 11736154 ns
[207.089s][info][gc       ] GC(456) Concurrent Mark Cycle
[207.102s][info][gc       ] GC(456) Pause Remark 1835M->135M(5120M) 2.379ms
[207.102s][info][safepoint] Safepoint "G1Concurrent", Time since last: 10033247 ns, Reaching safepoint: 435035 ns, At safepoint: 3108074 ns, Total: 3543109 ns
[207.108s][info][gc       ] GC(456) Pause Cleanup 169M->169M(5120M) 0.340ms
[207.108s][info][safepoint] Safepoint "G1Concurrent", Time since last: 4810302 ns, Reaching safepoint: 360717 ns, At safepoint: 1039891 ns, Total: 1400608 ns
[207.113s][info][gc       ] GC(456) Concurrent Mark Cycle 24.310ms
[207.159s][info][gc       ] GC(457) Pause Young (Concurrent Start) (G1 Humongous Allocation) 233M->234M(5120M) 36.726ms
[207.159s][info][safepoint] Safepoint "G1TryInitiateConcMark", Time since last: 13177813 ns, Reaching safepoint: 319489 ns, At safepoint: 37455529 ns, Total: 37775018 ns
[207.159s][info][gc       ] GC(458) Concurrent Mark Cycle
[207.240s][info][gc       ] GC(459) Pause Young (Normal) (G1 Evacuation Pause) 298M->300M(5120M) 59.880ms
[207.241s][info][safepoint] Safepoint "G1CollectForAllocation", Time since last: 12396192 ns, Reaching safepoint: 188943 ns, At safepoint: 69011418 ns, Total: 69200361 ns
[207.246s][info][gc       ] GC(458) Pause Remark 316M->308M(5120M) 1.146ms
[207.246s][info][safepoint] Safepoint "G1Concurrent", Time since last: 3289314 ns, Reaching safepoint: 163796 ns, At safepoint: 1374689 ns, Total: 1538485 ns
[207.270s][info][gc       ] GC(458) Pause Cleanup 452M->452M(5120M) 0.337ms
[207.271s][info][safepoint] Safepoint "G1Concurrent", Time since last: 23714967 ns, Reaching safepoint: 442739 ns, At safepoint: 659001 ns, Total: 1101740 ns
[207.274s][info][gc       ] GC(458) Concurrent Mark Cycle 115.036ms
[207.316s][info][gc       ] GC(460) Pause Young (Concurrent Start) (G1 Humongous Allocation) 492M->503M(5120M) 36.354ms
[207.316s][info][gc       ] GC(461) Concurrent Mark Cycle
[207.316s][info][safepoint] Safepoint "G1TryInitiateConcMark", Time since last: 8496787 ns, Reaching safepoint: 216784 ns, At safepoint: 36828868 ns, Total: 37045652 ns
[207.422s][info][gc       ] GC(462) Pause Young (Normal) (G1 Evacuation Pause) 767M->783M(5120M) 47.337ms
[207.422s][info][safepoint] Safepoint "G1CollectForAllocation", Time since last: 57850740 ns, Reaching safepoint: 345219 ns, At safepoint: 47972335 ns, Total: 48317554 ns
[207.462s][info][gc       ] GC(461) Pause Remark 999M->983M(5120M) 1.190ms
[207.462s][info][safepoint] Safepoint "G1Concurrent", Time since last: 37975916 ns, Reaching safepoint: 493763 ns, At safepoint: 1596031 ns, Total: 2089794 ns
[207.506s][info][gc       ] GC(463) Pause Young (Normal) (G1 Evacuation Pause) 991M->1003M(5120M) 41.637ms
[207.507s][info][safepoint] Safepoint "G1CollectForAllocation", Time since last: 1984143 ns, Reaching safepoint: 262775 ns, At safepoint: 42057160 ns, Total: 42319935 ns
[207.597s][info][gc       ] GC(464) Pause Young (Normal) (G1 Evacuation Pause) 1263M->1277M(5120M) 45.112ms
[207.597s][info][safepoint] Safepoint "G1CollectForAllocation", Time since last: 44763283 ns, Reaching safepoint: 337474 ns, At safepoint: 45573019 ns, Total: 45910493 ns
[207.676s][info][gc       ] GC(465) Pause Young (Normal) (G1 Evacuation Pause) 1501M->1513M(5120M) 40.017ms
[207.676s][info][safepoint] Safepoint "G1CollectForAllocation", Time since last: 37832714 ns, Reaching safepoint: 286420 ns, At safepoint: 40499417 ns, Total: 40785837 ns
[207.692s][info][gc       ] GC(461) Pause Cleanup 1605M->1605M(5120M) 0.270ms
[207.692s][info][safepoint] Safepoint "G1Concurrent", Time since last: 15288985 ns, Reaching safepoint: 245479 ns, At safepoint: 543588 ns, Total: 789067 ns
[207.696s][info][gc       ] GC(461) Concurrent Mark Cycle 379.783ms
[207.731s][info][gc       ] GC(466) Pause Young (Concurrent Start) (G1 Humongous Allocation) 1659M->1669M(5120M) 28.094ms
[207.732s][info][safepoint] Safepoint "G1TryInitiateConcMark", Time since last: 10922099 ns, Reaching safepoint: 237338 ns, At safepoint: 28515711 ns, Total: 28753049 ns
[207.732s][info][gc       ] GC(467) Concurrent Mark Cycle
[208.103s][info][gc       ] GC(468) Pause Young (Normal) (G1 Evacuation Pause) 1949M->1965M(5120M) 96.312ms
[208.104s][info][safepoint] Safepoint "G1CollectForAllocation", Time since last: 274580789 ns, Reaching safepoint: 331698 ns, At safepoint: 96919048 ns, Total: 97250746 ns
[208.401s][info][gc       ] GC(469) Pause Young (Normal) (G1 Evacuation Pause) 2189M->2029M(5120M) 54.585ms
[208.401s][info][safepoint] Safepoint "G1CollectForAllocation", Time since last: 242078234 ns, Reaching safepoint: 259800 ns, At safepoint: 55192096 ns, Total: 55451896 ns
[208.443s][info][gc       ] GC(467) Pause Remark 2085M->2033M(5120M) 1.238ms
[208.443s][info][safepoint] Safepoint "G1Concurrent", Time since last: 40155543 ns, Reaching safepoint: 265757 ns, At safepoint: 1702404 ns, Total: 1968161 ns
[208.541s][info][gc       ] GC(470) Pause Young (Normal) (G1 Evacuation Pause) 2201M->1985M(5120M) 21.211ms
[208.542s][info][safepoint] Safepoint "G1CollectForAllocation", Time since last: 76646680 ns, Reaching safepoint: 312326 ns, At safepoint: 21648336 ns, Total: 21960662 ns
[208.695s][info][gc       ] GC(471) Pause Young (Normal) (G1 Evacuation Pause) 2237M->1985M(5120M) 2.464ms
[208.695s][info][safepoint] Safepoint "G1CollectForAllocation", Time since last: 150304877 ns, Reaching safepoint: 279311 ns, At safepoint: 3040129 ns, Total: 3319440 ns
[208.731s][info][gc       ] GC(467) Pause Cleanup 2063M->2063M(5120M) 0.363ms
[208.731s][info][safepoint] Safepoint "G1Concurrent", Time since last: 34549896 ns, Reaching safepoint: 262917 ns, At safepoint: 666378 ns, Total: 929295 ns
[208.734s][info][gc       ] GC(467) Concurrent Mark Cycle 1001.926ms
[208.813s][info][gc       ] GC(472) Pause Young (Prepare Mixed) (G1 Evacuation Pause) 2237M->1985M(5120M) 2.889ms
[208.814s][info][safepoint] Safepoint "G1CollectForAllocation", Time since last: 79067967 ns, Reaching safepoint: 213790 ns, At safepoint: 3510345 ns, Total: 3724135 ns
[208.958s][info][gc       ] GC(473) Pause Young (Mixed) (G1 Evacuation Pause) 2237M->1982M(5120M) 2.680ms
[208.959s][info][safepoint] Safepoint "G1CollectForAllocation", Time since last: 141421747 ns, Reaching safepoint: 238767 ns, At safepoint: 3228739 ns, Total: 3467506 ns
[209.093s][info][gc       ] GC(474) Pause Young (Mixed) (G1 Evacuation Pause) 2234M->1978M(5120M) 2.123ms
[209.094s][info][safepoint] Safepoint "G1CollectForAllocation", Time since last: 132101580 ns, Reaching safepoint: 329698 ns, At safepoint: 2498899 ns, Total: 2828597 ns
[209.240s][info][gc       ] GC(475) Pause Young (Mixed) (G1 Evacuation Pause) 2230M->1974M(5120M) 2.539ms
[209.241s][info][safepoint] Safepoint "G1CollectForAllocation", Time since last: 143690982 ns, Reaching safepoint: 209002 ns, At safepoint: 3076803 ns, Total: 3285805 ns
[209.399s][info][gc       ] GC(476) Pause Young (Concurrent Start) (G1 Evacuation Pause) 2290M->1974M(5120M) 1.950ms
[209.399s][info][gc       ] GC(477) Concurrent Mark Cycle
[209.399s][info][safepoint] Safepoint "G1CollectForAllocation", Time since last: 155889177 ns, Reaching safepoint: 266504 ns, At safepoint: 2389451 ns, Total: 2655955 ns
[209.704s][info][gc       ] GC(478) Pause Young (Normal) (G1 Evacuation Pause) 2402M->1974M(5120M) 1.863ms
[209.704s][info][safepoint] Safepoint "G1CollectForAllocation", Time since last: 302265238 ns, Reaching safepoint: 340643 ns, At safepoint: 2420384 ns, Total: 2761027 ns
[209.955s][info][gc       ] GC(477) Pause Remark 2330M->2294M(5120M) 2.179ms
[209.956s][info][safepoint] Safepoint "G1Concurrent", Time since last: 248931149 ns, Reaching safepoint: 264734 ns, At safepoint: 3072479 ns, Total: 3337213 ns
[210.000s][info][gc       ] GC(479) Pause Young (Normal) (G1 Evacuation Pause) 2386M->1938M(5120M) 2.379ms
[210.001s][info][safepoint] Safepoint "G1CollectForAllocation", Time since last: 40804223 ns, Reaching safepoint: 256436 ns, At safepoint: 3257137 ns, Total: 3513573 ns
[210.174s][info][gc       ] GC(480) Pause Young (Normal) (G1 Evacuation Pause) 2278M->1938M(5120M) 2.495ms
[210.174s][info][safepoint] Safepoint "G1CollectForAllocation", Time since last: 170338507 ns, Reaching safepoint: 323710 ns, At safepoint: 3042958 ns, Total: 3366668 ns
[210.224s][info][gc       ] GC(477) Pause Cleanup 2008M->2008M(5120M) 0.387ms
[210.225s][info][safepoint] Safepoint "G1Concurrent", Time since last: 49356503 ns, Reaching safepoint: 257590 ns, At safepoint: 1381597 ns, Total: 1639187 ns
[210.229s][info][gc       ] GC(477) Concurrent Mark Cycle 830.084ms
[210.371s][info][gc       ] GC(481) Pause Young (Prepare Mixed) (G1 Evacuation Pause) 2314M->1938M(5120M) 3.212ms
[210.372s][info][safepoint] Safepoint "G1CollectForAllocation", Time since last: 142397225 ns, Reaching safepoint: 296606 ns, At safepoint: 3625002 ns, Total: 3921608 ns
[210.490s][info][gc       ] GC(482) Pause Young (Mixed) (G1 Evacuation Pause) 2190M->1913M(5120M) 3.585ms
[210.491s][info][safepoint] Safepoint "G1CollectForAllocation", Time since last: 114723182 ns, Reaching safepoint: 267447 ns, At safepoint: 4344565 ns, Total: 4612012 ns
[210.707s][info][gc       ] GC(483) Pause Young (Concurrent Start) (G1 Evacuation Pause) 2381M->1913M(5120M) 3.834ms
[210.707s][info][gc       ] GC(484) Concurrent Mark Cycle
[210.708s][info][safepoint] Safepoint "G1CollectForAllocation", Time since last: 211796233 ns, Reaching safepoint: 264481 ns, At safepoint: 4402227 ns, Total: 4666708 ns
[210.954s][info][gc       ] GC(485) Pause Young (Normal) (G1 Evacuation Pause) 2385M->1913M(5120M) 2.049ms
[210.954s][info][safepoint] Safepoint "G1CollectForAllocation", Time since last: 243842816 ns, Reaching safepoint: 243951 ns, At safepoint: 2724307 ns, Total: 2968258 ns
[211.270s][info][gc       ] GC(486) Pause Young (Normal) (G1 Evacuation Pause) 2453M->1913M(5120M) 1.699ms
[211.271s][info][safepoint] Safepoint "G1CollectForAllocation", Time since last: 313239493 ns, Reaching safepoint: 762335 ns, At safepoint: 2467577 ns, Total: 3229912 ns
[211.276s][info][gc       ] GC(484) Pause Remark 1917M->1917M(5120M) 1.889ms
[211.277s][info][safepoint] Safepoint "G1Concurrent", Time since last: 3116149 ns, Reaching safepoint: 260320 ns, At safepoint: 2405774 ns, Total: 2666094 ns
[211.601s][info][gc       ] GC(484) Pause Cleanup 2419M->2419M(5120M) 0.383ms
[211.602s][info][safepoint] Safepoint "G1Concurrent", Time since last: 323967370 ns, Reaching safepoint: 382994 ns, At safepoint: 943475 ns, Total: 1326469 ns
[211.606s][info][gc       ] GC(484) Concurrent Mark Cycle 898.375ms
[211.658s][info][gc       ] GC(487) Pause Young (Prepare Mixed) (G1 Evacuation Pause) 2529M->1913M(5120M) 3.462ms
[211.658s][info][safepoint] Safepoint "G1CollectForAllocation", Time since last: 51344091 ns, Reaching safepoint: 825216 ns, At safepoint: 3899873 ns, Total: 4725089 ns
[211.790s][info][gc       ] GC(488) Pause Young (Mixed) (G1 Evacuation Pause) 2165M->1895M(5120M) 4.674ms
[211.790s][info][safepoint] Safepoint "G1CollectForAllocation", Time since last: 126909829 ns, Reaching safepoint: 234789 ns, At safepoint: 5128647 ns, Total: 5363436 ns
[212.116s][info][gc       ] GC(489) Pause Young (Concurrent Start) (G1 Evacuation Pause) 2555M->1895M(5120M) 2.248ms
[212.117s][info][safepoint] Safepoint "G1CollectForAllocation", Time since last: 323582398 ns, Reaching safepoint: 244127 ns, At safepoint: 2724777 ns, Total: 2968904 ns
[212.117s][info][gc       ] GC(490) Concurrent Mark Cycle
[212.553s][info][gc       ] GC(491) Pause Young (Normal) (G1 Evacuation Pause) 2675M->1895M(5120M) 2.896ms
[212.554s][info][safepoint] Safepoint "G1CollectForAllocation", Time since last: 432617938 ns, Reaching safepoint: 405594 ns, At safepoint: 3859381 ns, Total: 4264975 ns
[212.612s][info][gc       ] GC(490) Pause Remark 1983M->1983M(5120M) 1.296ms
[212.612s][info][safepoint] Safepoint "G1Concurrent", Time since last: 56325400 ns, Reaching safepoint: 278990 ns, At safepoint: 1849908 ns, Total: 2128898 ns
[212.881s][info][gc       ] GC(490) Pause Cleanup 2399M->2399M(5120M) 0.406ms
[212.881s][info][safepoint] Safepoint "G1Concurrent", Time since last: 267688386 ns, Reaching safepoint: 342557 ns, At safepoint: 1006973 ns, Total: 1349530 ns
[212.884s][info][gc       ] GC(490) Concurrent Mark Cycle 767.603ms
[213.015s][info][gc       ] GC(492) Pause Young (Prepare Mixed) (G1 Evacuation Pause) 2687M->1895M(5120M) 2.444ms
[213.016s][info][safepoint] Safepoint "G1CollectForAllocation", Time since last: 131547108 ns, Reaching safepoint: 342960 ns, At safepoint: 3108139 ns, Total: 3451099 ns
[213.142s][info][gc       ] GC(493) Pause Young (Mixed) (G1 Evacuation Pause) 2147M->1881M(5120M) 4.575ms
[213.143s][info][safepoint] Safepoint "G1CollectForAllocation", Time since last: 121321068 ns, Reaching safepoint: 222159 ns, At safepoint: 5417839 ns, Total: 5639998 ns
[213.549s][info][gc       ] GC(494) Pause Young (Concurrent Start) (G1 Evacuation Pause) 2757M->1881M(5120M) 2.455ms
[213.549s][info][gc       ] GC(495) Concurrent Mark Cycle
[213.549s][info][safepoint] Safepoint "G1CollectForAllocation", Time since last: 402935635 ns, Reaching safepoint: 247688 ns, At safepoint: 3054381 ns, Total: 3302069 ns
[214.061s][info][gc       ] GC(496) Pause Young (Normal) (G1 Evacuation Pause) 2865M->1881M(5120M) 1.955ms
[214.062s][info][safepoint] Safepoint "G1CollectForAllocation", Time since last: 509213875 ns, Reaching safepoint: 263513 ns, At safepoint: 2705151 ns, Total: 2968664 ns
[214.083s][info][gc       ] GC(495) Pause Remark 1923M->1923M(5120M) 1.661ms
[214.084s][info][safepoint] Safepoint "G1Concurrent", Time since last: 19703777 ns, Reaching safepoint: 300927 ns, At safepoint: 2182503 ns, Total: 2483430 ns
[214.346s][info][gc       ] GC(495) Pause Cleanup 2341M->2341M(5120M) 0.366ms
[214.346s][info][safepoint] Safepoint "G1Concurrent", Time since last: 261206148 ns, Reaching safepoint: 265542 ns, At safepoint: 760618 ns, Total: 1026160 ns
[214.349s][info][gc       ] GC(495) Concurrent Mark Cycle 799.764ms
[214.611s][info][gc       ] GC(497) Pause Young (Prepare Mixed) (G1 Evacuation Pause) 2933M->1881M(5120M) 2.349ms
[214.611s][info][safepoint] Safepoint "G1CollectForAllocation", Time since last: 262050076 ns, Reaching safepoint: 213832 ns, At safepoint: 2760936 ns, Total: 2974768 ns
[214.730s][info][gc       ] GC(498) Pause Young (Mixed) (G1 Evacuation Pause) 2133M->1868M(5120M) 4.060ms
[214.731s][info][safepoint] Safepoint "G1CollectForAllocation", Time since last: 114559194 ns, Reaching safepoint: 197118 ns, At safepoint: 4869381 ns, Total: 5066499 ns
[215.373s][info][gc       ] GC(499) Pause Young (Concurrent Start) (G1 Evacuation Pause) 3260M->1868M(5120M) 3.030ms
[215.373s][info][gc       ] GC(500) Concurrent Mark Cycle
[215.373s][info][safepoint] Safepoint "G1CollectForAllocation", Time since last: 638565786 ns, Reaching safepoint: 377465 ns, At safepoint: 3487645 ns, Total: 3865110 ns
[215.958s][info][gc       ] GC(500) Pause Remark 3022M->3022M(5120M) 1.454ms
[215.959s][info][safepoint] Safepoint "G1Concurrent", Time since last: 583387514 ns, Reaching safepoint: 446804 ns, At safepoint: 1903654 ns, Total: 2350458 ns
[216.064s][info][gc       ] GC(501) Pause Young (Normal) (G1 Evacuation Pause) 3196M->1868M(5120M) 1.732ms
[216.065s][info][safepoint] Safepoint "G1CollectForAllocation", Time since last: 103388228 ns, Reaching safepoint: 315367 ns, At safepoint: 2241325 ns, Total: 2556692 ns
[216.244s][info][gc       ] GC(500) Pause Cleanup 2140M->2140M(5120M) 0.400ms
[216.244s][info][safepoint] Safepoint "G1Concurrent", Time since last: 178562894 ns, Reaching safepoint: 313047 ns, At safepoint: 792578 ns, Total: 1105625 ns
[216.247s][info][gc       ] GC(500) Concurrent Mark Cycle 874.412ms
[216.766s][info][gc       ] GC(502) Pause Young (Prepare Mixed) (G1 Evacuation Pause) 3272M->1868M(5120M) 2.531ms
[216.766s][info][safepoint] Safepoint "G1CollectForAllocation", Time since last: 518667576 ns, Reaching safepoint: 311875 ns, At safepoint: 3128871 ns, Total: 3440746 ns
[216.880s][info][gc       ] GC(503) Pause Young (Mixed) (G1 Evacuation Pause) 2120M->1859M(5120M) 4.338ms
[216.881s][info][safepoint] Safepoint "G1CollectForAllocation", Time since last: 109387509 ns, Reaching safepoint: 215781 ns, At safepoint: 4829839 ns, Total: 5045620 ns
[217.689s][info][gc       ] GC(504) Pause Young (Concurrent Start) (G1 Evacuation Pause) 3723M->1859M(5120M) 3.172ms
[217.690s][info][safepoint] Safepoint "G1CollectForAllocation", Time since last: 804759654 ns, Reaching safepoint: 262350 ns, At safepoint: 3863789 ns, Total: 4126139 ns
[217.690s][info][gc       ] GC(505) Concurrent Mark Cycle
[218.259s][info][gc       ] GC(505) Pause Remark 3119M->3119M(5120M) 1.610ms
[218.260s][info][safepoint] Safepoint "G1Concurrent", Time since last: 567573012 ns, Reaching safepoint: 384251 ns, At safepoint: 2262117 ns, Total: 2646368 ns
[218.488s][info][gc       ] GC(506) Pause Young (Normal) (G1 Evacuation Pause) 3607M->1859M(5120M) 2.111ms
[218.488s][info][safepoint] Safepoint "G1CollectForAllocation", Time since last: 225062241 ns, Reaching safepoint: 316880 ns, At safepoint: 2645521 ns, Total: 2962401 ns
[218.532s][info][gc       ] GC(505) Pause Cleanup 1961M->1961M(5120M) 0.348ms
[218.532s][info][safepoint] Safepoint "G1Concurrent", Time since last: 42883968 ns, Reaching safepoint: 249321 ns, At safepoint: 798958 ns, Total: 1048279 ns
[218.535s][info][gc       ] GC(505) Concurrent Mark Cycle 845.003ms
[219.173s][info][gc       ] GC(507) Pause Young (Prepare Mixed) (G1 Evacuation Pause) 3443M->1859M(5120M) 2.815ms
[219.174s][info][safepoint] Safepoint "G1CollectForAllocation", Time since last: 638205541 ns, Reaching safepoint: 314433 ns, At safepoint: 3498831 ns, Total: 3813264 ns
[219.300s][info][gc       ] GC(508) Pause Young (Mixed) (G1 Evacuation Pause) 2111M->1853M(5120M) 3.506ms
[219.301s][info][safepoint] Safepoint "G1CollectForAllocation", Time since last: 122101826 ns, Reaching safepoint: 234395 ns, At safepoint: 4200080 ns, Total: 4434475 ns
[220.151s][info][gc       ] GC(509) Pause Young (Concurrent Start) (G1 Evacuation Pause) 3769M->1853M(5120M) 3.286ms
[220.151s][info][safepoint] Safepoint "G1CollectForAllocation", Time since last: 846707202 ns, Reaching safepoint: 250930 ns, At safepoint: 3987922 ns, Total: 4238852 ns
[220.151s][info][gc       ] GC(510) Concurrent Mark Cycle
[220.659s][info][gc       ] GC(510) Pause Remark 2831M->2831M(5120M) 1.782ms
[220.660s][info][safepoint] Safepoint "G1Concurrent", Time since last: 505695082 ns, Reaching safepoint: 285685 ns, At safepoint: 2458840 ns, Total: 2744525 ns
[220.889s][info][gc       ] GC(510) Pause Cleanup 3273M->3273M(5120M) 0.319ms
[220.890s][info][safepoint] Safepoint "G1Concurrent", Time since last: 228737734 ns, Reaching safepoint: 284292 ns, At safepoint: 1005651 ns, Total: 1289943 ns
[220.894s][info][gc       ] GC(510) Concurrent Mark Cycle 742.127ms
[221.144s][info][gc       ] GC(511) Pause Young (Prepare Mixed) (G1 Evacuation Pause) 3833M->1853M(5120M) 2.763ms
[221.144s][info][safepoint] Safepoint "G1CollectForAllocation", Time since last: 250684541 ns, Reaching safepoint: 266055 ns, At safepoint: 3255806 ns, Total: 3521861 ns
[221.266s][info][gc       ] GC(512) Pause Young (Mixed) (G1 Evacuation Pause) 2105M->1847M(5120M) 4.492ms
[221.267s][info][safepoint] Safepoint "G1CollectForAllocation", Time since last: 117372987 ns, Reaching safepoint: 244237 ns, At safepoint: 4942313 ns, Total: 5186550 ns
[222.085s][info][gc       ] GC(513) Pause Young (Concurrent Start) (G1 Evacuation Pause) 3663M->1847M(5120M) 2.379ms
[222.086s][info][safepoint] Safepoint "G1CollectForAllocation", Time since last: 816011907 ns, Reaching safepoint: 242419 ns, At safepoint: 3032963 ns, Total: 3275382 ns
[222.086s][info][gc       ] GC(514) Concurrent Mark Cycle
[222.633s][info][gc       ] GC(514) Pause Remark 2623M->2623M(5120M) 1.905ms
[222.634s][info][safepoint] Safepoint "G1Concurrent", Time since last: 545005827 ns, Reaching safepoint: 311297 ns, At safepoint: 2583718 ns, Total: 2895015 ns
[222.905s][info][gc       ] GC(514) Pause Cleanup 3183M->3183M(5120M) 0.367ms
[222.905s][info][safepoint] Safepoint "G1Concurrent", Time since last: 270073717 ns, Reaching safepoint: 434833 ns, At safepoint: 1097201 ns, Total: 1532034 ns
[222.909s][info][gc       ] GC(514) Concurrent Mark Cycle 822.952ms
[223.487s][info][gc       ] GC(515) Pause Young (Prepare Mixed) (G1 Evacuation Pause) 4371M->1847M(5120M) 2.852ms
[223.487s][info][safepoint] Safepoint "G1CollectForAllocation", Time since last: 577923356 ns, Reaching safepoint: 235805 ns, At safepoint: 3261725 ns, Total: 3497530 ns
[223.615s][info][gc       ] GC(516) Pause Young (Mixed) (G1 Evacuation Pause) 2099M->1842M(5120M) 4.529ms
[223.616s][info][safepoint] Safepoint "G1CollectForAllocation", Time since last: 123659762 ns, Reaching safepoint: 263488 ns, At safepoint: 5162265 ns, Total: 5425753 ns
[223.883s][info][gc       ] GC(517) Pause Young (Concurrent Start) (G1 Humongous Allocation) 2448M->1903M(5120M) 13.414ms
[223.883s][info][safepoint] Safepoint "G1TryInitiateConcMark", Time since last: 252604396 ns, Reaching safepoint: 461380 ns, At safepoint: 14273916 ns, Total: 14735296 ns
[223.883s][info][gc       ] GC(518) Concurrent Mark Cycle
[223.903s][info][gc       ] GC(518) Pause Remark 1959M->148M(5120M) 4.357ms
[223.904s][info][safepoint] Safepoint "G1Concurrent", Time since last: 15078391 ns, Reaching safepoint: 581298 ns, At safepoint: 5284334 ns, Total: 5865632 ns
[223.914s][info][gc       ] GC(518) Pause Cleanup 182M->182M(5120M) 0.581ms
[223.915s][info][safepoint] Safepoint "G1Concurrent", Time since last: 8426421 ns, Reaching safepoint: 529790 ns, At safepoint: 1509835 ns, Total: 2039625 ns
[223.919s][info][gc       ] GC(518) Concurrent Mark Cycle 35.871ms
[223.965s][info][gc       ] GC(519) Pause Young (Concurrent Start) (G1 Humongous Allocation) 246M->242M(5120M) 35.334ms
[223.965s][info][safepoint] Safepoint "G1TryInitiateConcMark", Time since last: 14208234 ns, Reaching safepoint: 453241 ns, At safepoint: 36088105 ns, Total: 36541346 ns
[223.966s][info][gc       ] GC(520) Concurrent Mark Cycle
[224.032s][info][gc       ] GC(521) Pause Young (Normal) (G1 Evacuation Pause) 322M->324M(5120M) 50.189ms
[224.033s][info][safepoint] Safepoint "G1CollectForAllocation", Time since last: 15291076 ns, Reaching safepoint: 304797 ns, At safepoint: 51467426 ns, Total: 51772223 ns
[224.037s][info][gc       ] GC(520) Pause Remark 340M->332M(5120M) 1.343ms
[224.038s][info][safepoint] Safepoint "G1Concurrent", Time since last: 3167592 ns, Reaching safepoint: 175516 ns, At safepoint: 1627724 ns, Total: 1803240 ns
[224.069s][info][gc       ] GC(520) Pause Cleanup 516M->516M(5120M) 0.237ms
[224.069s][info][safepoint] Safepoint "G1Concurrent", Time since last: 28483621 ns, Reaching safepoint: 2363945 ns, At safepoint: 666710 ns, Total: 3030655 ns
[224.073s][info][gc       ] GC(520) Concurrent Mark Cycle 107.100ms
[224.125s][info][gc       ] GC(522) Pause Young (Normal) (G1 Evacuation Pause) 568M->581M(5120M) 44.720ms
[224.125s][info][safepoint] Safepoint "G1CollectForAllocation", Time since last: 10924753 ns, Reaching safepoint: 178313 ns, At safepoint: 45340856 ns, Total: 45519169 ns
[224.192s][info][gc       ] GC(523) Pause Young (Concurrent Start) (G1 Humongous Allocation) 749M->757M(5120M) 33.060ms
[224.193s][info][gc       ] GC(524) Concurrent Mark Cycle
[224.193s][info][safepoint] Safepoint "G1TryInitiateConcMark", Time since last: 33193195 ns, Reaching safepoint: 307776 ns, At safepoint: 33633066 ns, Total: 33940842 ns
[224.285s][info][gc       ] GC(525) Pause Young (Normal) (G1 Evacuation Pause) 1005M->1017M(5120M) 41.542ms
[224.285s][info][safepoint] Safepoint "G1CollectForAllocation", Time since last: 50373212 ns, Reaching safepoint: 315333 ns, At safepoint: 42093692 ns, Total: 42409025 ns
[224.375s][info][gc       ] GC(526) Pause Young (Normal) (G1 Evacuation Pause) 1277M->1293M(5120M) 43.562ms
[224.376s][info][safepoint] Safepoint "G1CollectForAllocation", Time since last: 46227115 ns, Reaching safepoint: 250763 ns, At safepoint: 44109790 ns, Total: 44360553 ns
[224.416s][info][gc       ] GC(524) Pause Remark 1513M->1485M(5120M) 1.698ms
[224.416s][info][safepoint] Safepoint "G1Concurrent", Time since last: 37683397 ns, Reaching safepoint: 443884 ns, At safepoint: 2253157 ns, Total: 2697041 ns
[224.458s][info][gc       ] GC(527) Pause Young (Normal) (G1 Evacuation Pause) 1489M->1505M(5120M) 39.699ms
[224.458s][info][safepoint] Safepoint "G1CollectForAllocation", Time since last: 1480313 ns, Reaching safepoint: 332652 ns, At safepoint: 40135104 ns, Total: 40467756 ns
[224.556s][info][gc       ] GC(528) Pause Young (Normal) (G1 Evacuation Pause) 1785M->1799M(5120M) 44.705ms
[224.557s][info][safepoint] Safepoint "G1CollectForAllocation", Time since last: 52620084 ns, Reaching safepoint: 331746 ns, At safepoint: 45309380 ns, Total: 45641126 ns
[224.733s][info][gc       ] GC(524) Pause Cleanup 1951M->1951M(5120M) 0.277ms
[224.734s][info][safepoint] Safepoint "G1Concurrent", Time since last: 175902988 ns, Reaching safepoint: 292334 ns, At safepoint: 880178 ns, Total: 1172512 ns
[224.738s][info][gc       ] GC(524) Concurrent Mark Cycle 545.423ms
[224.929s][info][gc       ] GC(529) Pause Young (Prepare Mixed) (G1 Evacuation Pause) 2023M->2009M(5120M) 108.473ms
[224.929s][info][safepoint] Safepoint "G1CollectForAllocation", Time since last: 86285541 ns, Reaching safepoint: 220947 ns, At safepoint: 109089568 ns, Total: 109310515 ns
[225.059s][info][gc       ] GC(530) Pause Young (Mixed) (G1 Evacuation Pause) 2233M->2024M(5120M) 21.046ms
[225.060s][info][safepoint] Safepoint "G1CollectForAllocation", Time since last: 108570121 ns, Reaching safepoint: 204919 ns, At safepoint: 21805136 ns, Total: 22010055 ns
[225.189s][info][gc       ] GC(531) Pause Young (Concurrent Start) (G1 Evacuation Pause) 2276M->2024M(5120M) 3.383ms
[225.190s][info][gc       ] GC(532) Concurrent Mark Cycle
[225.190s][info][safepoint] Safepoint "G1CollectForAllocation", Time since last: 125244091 ns, Reaching safepoint: 375781 ns, At safepoint: 4090409 ns, Total: 4466190 ns
[225.346s][info][gc       ] GC(533) Pause Young (Normal) (G1 Evacuation Pause) 2276M->2024M(5120M) 1.828ms
[225.346s][info][safepoint] Safepoint "G1CollectForAllocation", Time since last: 153966294 ns, Reaching safepoint: 389615 ns, At safepoint: 2367689 ns, Total: 2757304 ns
[225.515s][info][gc       ] GC(534) Pause Young (Normal) (G1 Evacuation Pause) 2276M->2023M(5120M) 1.581ms
[225.516s][info][safepoint] Safepoint "G1CollectForAllocation", Time since last: 167176259 ns, Reaching safepoint: 271019 ns, At safepoint: 2041896 ns, Total: 2312915 ns
[225.681s][info][gc       ] GC(535) Pause Young (Normal) (G1 Evacuation Pause) 2275M->2023M(5120M) 1.442ms
[225.682s][info][safepoint] Safepoint "G1CollectForAllocation", Time since last: 163693107 ns, Reaching safepoint: 222767 ns, At safepoint: 1945620 ns, Total: 2168387 ns
[225.719s][info][gc       ] GC(532) Pause Remark 2075M->1999M(5120M) 1.627ms
[225.719s][info][safepoint] Safepoint "G1Concurrent", Time since last: 35002802 ns, Reaching safepoint: 257170 ns, At safepoint: 1991870 ns, Total: 2249040 ns
[225.841s][info][gc       ] GC(536) Pause Young (Normal) (G1 Evacuation Pause) 2199M->1947M(5120M) 1.899ms
[225.841s][info][safepoint] Safepoint "G1CollectForAllocation", Time since last: 119701623 ns, Reaching safepoint: 316270 ns, At safepoint: 2528222 ns, Total: 2844492 ns
[226.013s][info][gc       ] GC(537) Pause Young (Normal) (G1 Evacuation Pause) 2215M->1947M(5120M) 1.483ms
[226.014s][info][safepoint] Safepoint "G1CollectForAllocation", Time since last: 169702588 ns, Reaching safepoint: 482930 ns, At safepoint: 1942703 ns, Total: 2425633 ns
[226.016s][info][gc       ] GC(532) Pause Cleanup 1951M->1951M(5120M) 0.378ms
[226.016s][info][safepoint] Safepoint "G1Concurrent", Time since last: 1588729 ns, Reaching safepoint: 225305 ns, At safepoint: 611409 ns, Total: 836714 ns
[226.019s][info][gc       ] GC(532) Concurrent Mark Cycle 829.342ms
[226.144s][info][gc       ] GC(538) Pause Young (Prepare Mixed) (G1 Evacuation Pause) 2219M->1947M(5120M) 7.089ms
[226.145s][info][safepoint] Safepoint "G1CollectForAllocation", Time since last: 120265075 ns, Reaching safepoint: 522131 ns, At safepoint: 7836670 ns, Total: 8358801 ns
[226.284s][info][gc       ] GC(539) Pause Young (Mixed) (G1 Evacuation Pause) 2199M->1944M(5120M) 3.345ms
[226.284s][info][safepoint] Safepoint "G1CollectForAllocation", Time since last: 135432923 ns, Reaching safepoint: 344425 ns, At safepoint: 4036572 ns, Total: 4380997 ns
[226.419s][info][gc       ] GC(540) Pause Young (Mixed) (G1 Evacuation Pause) 2196M->1940M(5120M) 3.271ms
[226.420s][info][safepoint] Safepoint "G1CollectForAllocation", Time since last: 131133557 ns, Reaching safepoint: 444119 ns, At safepoint: 3931062 ns, Total: 4375181 ns
[226.565s][info][gc       ] GC(541) Pause Young (Mixed) (G1 Evacuation Pause) 2192M->1936M(5120M) 3.114ms
[226.566s][info][safepoint] Safepoint "G1CollectForAllocation", Time since last: 142192574 ns, Reaching safepoint: 197526 ns, At safepoint: 3724027 ns, Total: 3921553 ns
[226.691s][info][gc       ] GC(542) Pause Young (Mixed) (G1 Evacuation Pause) 2188M->1921M(5120M) 2.944ms
[226.692s][info][safepoint] Safepoint "G1CollectForAllocation", Time since last: 121741730 ns, Reaching safepoint: 277677 ns, At safepoint: 3510138 ns, Total: 3787815 ns
[226.905s][info][gc       ] GC(543) Pause Young (Concurrent Start) (G1 Evacuation Pause) 2325M->1921M(5120M) 3.297ms
[226.906s][info][gc       ] GC(544) Concurrent Mark Cycle
[226.906s][info][safepoint] Safepoint "G1CollectForAllocation", Time since last: 210240228 ns, Reaching safepoint: 330126 ns, At safepoint: 3826826 ns, Total: 4156952 ns
[227.105s][info][gc       ] GC(545) Pause Young (Normal) (G1 Evacuation Pause) 2321M->1921M(5120M) 2.488ms
[227.106s][info][safepoint] Safepoint "G1CollectForAllocation", Time since last: 196276081 ns, Reaching safepoint: 333267 ns, At safepoint: 3158665 ns, Total: 3491932 ns
[227.376s][info][gc       ] GC(546) Pause Young (Normal) (G1 Evacuation Pause) 2369M->1921M(5120M) 1.935ms
[227.376s][info][safepoint] Safepoint "G1CollectForAllocation", Time since last: 267593320 ns, Reaching safepoint: 414822 ns, At safepoint: 2437623 ns, Total: 2852445 ns
[227.439s][info][gc       ] GC(544) Pause Remark 2059M->2059M(5120M) 1.571ms
[227.439s][info][safepoint] Safepoint "G1Concurrent", Time since last: 60849325 ns, Reaching safepoint: 264523 ns, At safepoint: 2033669 ns, Total: 2298192 ns
[227.596s][info][gc       ] GC(547) Pause Young (Normal) (G1 Evacuation Pause) 2381M->1921M(5120M) 2.264ms
[227.596s][info][safepoint] Safepoint "G1CollectForAllocation", Time since last: 153777617 ns, Reaching safepoint: 230535 ns, At safepoint: 2822138 ns, Total: 3052673 ns
[227.675s][info][gc       ] GC(544) Pause Cleanup 2095M->2095M(5120M) 0.452ms
[227.675s][info][safepoint] Safepoint "G1Concurrent", Time since last: 78091841 ns, Reaching safepoint: 266551 ns, At safepoint: 842454 ns, Total: 1109005 ns
[227.678s][info][gc       ] GC(544) Concurrent Mark Cycle 772.420ms
[227.812s][info][gc       ] GC(548) Pause Young (Prepare Mixed) (G1 Evacuation Pause) 2389M->1921M(5120M) 2.094ms
[227.812s][info][safepoint] Safepoint "G1CollectForAllocation", Time since last: 134077283 ns, Reaching safepoint: 206857 ns, At safepoint: 2479533 ns, Total: 2686390 ns
[227.921s][info][gc       ] GC(549) Pause Young (Mixed) (G1 Evacuation Pause) 2173M->1900M(5120M) 2.617ms
[227.922s][info][safepoint] Safepoint "G1CollectForAllocation", Time since last: 106206756 ns, Reaching safepoint: 183354 ns, At safepoint: 3217347 ns, Total: 3400701 ns
[228.161s][info][gc       ] GC(550) Pause Young (Concurrent Start) (G1 Evacuation Pause) 2416M->1900M(5120M) 2.265ms
[228.162s][info][safepoint] Safepoint "G1CollectForAllocation", Time since last: 237224842 ns, Reaching safepoint: 228703 ns, At safepoint: 2621089 ns, Total: 2849792 ns
[228.162s][info][gc       ] GC(551) Concurrent Mark Cycle
[228.459s][info][gc       ] GC(552) Pause Young (Normal) (G1 Evacuation Pause) 2460M->1900M(5120M) 2.194ms
[228.459s][info][safepoint] Safepoint "G1CollectForAllocation", Time since last: 294362991 ns, Reaching safepoint: 389538 ns, At safepoint: 2804722 ns, Total: 3194260 ns
[228.654s][info][gc       ] GC(551) Pause Remark 2278M->2278M(5120M) 1.836ms
[228.655s][info][safepoint] Safepoint "G1Concurrent", Time since last: 192768212 ns, Reaching safepoint: 471919 ns, At safepoint: 2396324 ns, Total: 2868243 ns
[228.750s][info][gc       ] GC(553) Pause Young (Normal) (G1 Evacuation Pause) 2496M->1900M(5120M) 1.559ms
[228.751s][info][safepoint] Safepoint "G1CollectForAllocation", Time since last: 92909472 ns, Reaching safepoint: 427764 ns, At safepoint: 2205530 ns, Total: 2633294 ns
[228.914s][info][gc       ] GC(551) Pause Cleanup 2218M->2218M(5120M) 0.345ms
[228.914s][info][safepoint] Safepoint "G1Concurrent", Time since last: 162398389 ns, Reaching safepoint: 384998 ns, At safepoint: 863834 ns, Total: 1248832 ns
[228.917s][info][gc       ] GC(551) Concurrent Mark Cycle 755.366ms
[229.083s][info][gc       ] GC(554) Pause Young (Prepare Mixed) (G1 Evacuation Pause) 2576M->1900M(5120M) 2.208ms
[229.083s][info][safepoint] Safepoint "G1CollectForAllocation", Time since last: 166207340 ns, Reaching safepoint: 227703 ns, At safepoint: 2836023 ns, Total: 3063726 ns
[229.219s][info][gc       ] GC(555) Pause Young (Mixed) (G1 Evacuation Pause) 2152M->1882M(5120M) 4.074ms
[229.219s][info][safepoint] Safepoint "G1CollectForAllocation", Time since last: 130949703 ns, Reaching safepoint: 266536 ns, At safepoint: 4721917 ns, Total: 4988453 ns
[229.581s][info][gc       ] GC(556) Pause Young (Concurrent Start) (G1 Evacuation Pause) 2550M->1882M(5120M) 2.390ms
[229.582s][info][safepoint] Safepoint "G1CollectForAllocation", Time since last: 359039582 ns, Reaching safepoint: 259411 ns, At safepoint: 3050259 ns, Total: 3309670 ns
[229.582s][info][gc       ] GC(557) Concurrent Mark Cycle
[230.101s][info][gc       ] GC(558) Pause Young (Normal) (G1 Evacuation Pause) 2710M->1882M(5120M) 2.752ms
[230.102s][info][safepoint] Safepoint "G1CollectForAllocation", Time since last: 516329596 ns, Reaching safepoint: 334369 ns, At safepoint: 3429088 ns, Total: 3763457 ns
[230.143s][info][gc       ] GC(557) Pause Remark 1966M->1966M(5120M) 2.042ms
[230.144s][info][safepoint] Safepoint "G1Concurrent", Time since last: 38829850 ns, Reaching safepoint: 337893 ns, At safepoint: 2701210 ns, Total: 3039103 ns
[230.390s][info][gc       ] GC(557) Pause Cleanup 2542M->2542M(5120M) 0.421ms
[230.391s][info][safepoint] Safepoint "G1Concurrent", Time since last: 245994440 ns, Reaching safepoint: 328985 ns, At safepoint: 783404 ns, Total: 1112389 ns
[230.394s][info][gc       ] GC(557) Concurrent Mark Cycle 812.306ms
[230.536s][info][gc       ] GC(559) Pause Young (Prepare Mixed) (G1 Evacuation Pause) 2846M->1882M(5120M) 3.023ms
[230.537s][info][safepoint] Safepoint "G1CollectForAllocation", Time since last: 141861085 ns, Reaching safepoint: 627507 ns, At safepoint: 3464952 ns, Total: 4092459 ns
[230.657s][info][gc       ] GC(560) Pause Young (Mixed) (G1 Evacuation Pause) 2134M->1869M(5120M) 5.803ms
[230.658s][info][safepoint] Safepoint "G1CollectForAllocation", Time since last: 114121025 ns, Reaching safepoint: 335971 ns, At safepoint: 6436261 ns, Total: 6772232 ns
[231.091s][info][gc       ] GC(561) Pause Young (Concurrent Start) (G1 Evacuation Pause) 2829M->1869M(5120M) 2.538ms
[231.092s][info][safepoint] Safepoint "G1CollectForAllocation", Time since last: 430594758 ns, Reaching safepoint: 318428 ns, At safepoint: 3093126 ns, Total: 3411554 ns
[231.092s][info][gc       ] GC(562) Concurrent Mark Cycle
[231.628s][info][gc       ] GC(562) Pause Remark 2951M->2951M(5120M) 1.722ms
[231.628s][info][safepoint] Safepoint "G1Concurrent", Time since last: 533975188 ns, Reaching safepoint: 398587 ns, At safepoint: 2213706 ns, Total: 2612293 ns
[231.709s][info][gc       ] GC(563) Pause Young (Normal) (G1 Evacuation Pause) 3093M->1869M(5120M) 1.751ms
[231.709s][info][safepoint] Safepoint "G1CollectForAllocation", Time since last: 78380116 ns, Reaching safepoint: 351168 ns, At safepoint: 2361663 ns, Total: 2712831 ns
[231.873s][info][gc       ] GC(562) Pause Cleanup 2209M->2209M(5120M) 0.299ms
[231.873s][info][safepoint] Safepoint "G1Concurrent", Time since last: 163196518 ns, Reaching safepoint: 204917 ns, At safepoint: 661625 ns, Total: 866542 ns
[231.877s][info][gc       ] GC(562) Concurrent Mark Cycle 785.070ms
[232.310s][info][gc       ] GC(564) Pause Young (Prepare Mixed) (G1 Evacuation Pause) 3157M->1869M(5120M) 2.662ms
[232.310s][info][safepoint] Safepoint "G1CollectForAllocation", Time since last: 433151217 ns, Reaching safepoint: 336798 ns, At safepoint: 3199805 ns, Total: 3536603 ns
[232.434s][info][gc       ] GC(565) Pause Young (Mixed) (G1 Evacuation Pause) 2121M->1857M(5120M) 4.270ms
[232.434s][info][safepoint] Safepoint "G1CollectForAllocation", Time since last: 119140449 ns, Reaching safepoint: 288795 ns, At safepoint: 4901645 ns, Total: 5190440 ns
[232.866s][info][gc       ] GC(566) Pause Young (Concurrent Start) (G1 Evacuation Pause) 2817M->1857M(5120M) 2.758ms
[232.867s][info][gc       ] GC(567) Concurrent Mark Cycle
[232.867s][info][safepoint] Safepoint "G1CollectForAllocation", Time since last: 428576364 ns, Reaching safepoint: 360092 ns, At safepoint: 3371209 ns, Total: 3731301 ns
[233.429s][info][gc       ] GC(567) Pause Remark 3063M->3063M(5120M) 2.192ms
[233.429s][info][safepoint] Safepoint "G1Concurrent", Time since last: 559350156 ns, Reaching safepoint: 342832 ns, At safepoint: 2820677 ns, Total: 3163509 ns
[233.628s][info][gc       ] GC(568) Pause Young (Normal) (G1 Evacuation Pause) 3493M->1857M(5120M) 2.685ms
[233.629s][info][safepoint] Safepoint "G1CollectForAllocation", Time since last: 195914599 ns, Reaching safepoint: 391387 ns, At safepoint: 3243976 ns, Total: 3635363 ns
[233.704s][info][gc       ] GC(567) Pause Cleanup 2037M->2037M(5120M) 0.322ms
[233.704s][info][safepoint] Safepoint "G1Concurrent", Time since last: 74409529 ns, Reaching safepoint: 403176 ns, At safepoint: 748685 ns, Total: 1151861 ns
[233.708s][info][gc       ] GC(567) Concurrent Mark Cycle 840.879ms
[234.446s][info][gc       ] GC(569) Pause Young (Prepare Mixed) (G1 Evacuation Pause) 3777M->1857M(5120M) 2.615ms
[234.446s][info][safepoint] Safepoint "G1CollectForAllocation", Time since last: 738606611 ns, Reaching safepoint: 394033 ns, At safepoint: 3111391 ns, Total: 3505424 ns
[234.564s][info][gc       ] GC(570) Pause Young (Mixed) (G1 Evacuation Pause) 2109M->1849M(5120M) 4.848ms
[234.564s][info][safepoint] Safepoint "G1CollectForAllocation", Time since last: 111827291 ns, Reaching safepoint: 433923 ns, At safepoint: 5764714 ns, Total: 6198637 ns
[235.323s][info][gc       ] GC(571) Pause Young (Concurrent Start) (G1 Evacuation Pause) 3585M->1849M(5120M) 2.889ms
[235.323s][info][gc       ] GC(572) Concurrent Mark Cycle
[235.323s][info][safepoint] Safepoint "G1CollectForAllocation", Time since last: 755043183 ns, Reaching safepoint: 225795 ns, At safepoint: 3552695 ns, Total: 3778490 ns
[235.796s][info][gc       ] GC(572) Pause Remark 2815M->2815M(5120M) 1.817ms
[235.797s][info][safepoint] Safepoint "G1Concurrent", Time since last: 470561258 ns, Reaching safepoint: 347190 ns, At safepoint: 2361946 ns, Total: 2709136 ns
[236.060s][info][gc       ] GC(572) Pause Cleanup 3265M->3265M(5120M) 0.301ms
[236.060s][info][safepoint] Safepoint "G1Concurrent", Time since last: 262618739 ns, Reaching safepoint: 271420 ns, At safepoint: 707759 ns, Total: 979179 ns
[236.063s][info][gc       ] GC(572) Concurrent Mark Cycle 740.150ms
[236.550s][info][gc       ] GC(573) Pause Young (Prepare Mixed) (G1 Evacuation Pause) 4333M->1849M(5120M) 2.379ms
[236.551s][info][safepoint] Safepoint "G1CollectForAllocation", Time since last: 487190152 ns, Reaching safepoint: 226229 ns, At safepoint: 3071633 ns, Total: 3297862 ns
[236.668s][info][gc       ] GC(574) Pause Young (Mixed) (G1 Evacuation Pause) 2101M->1842M(5120M) 3.752ms
[236.668s][info][safepoint] Safepoint "G1CollectForAllocation", Time since last: 112900303 ns, Reaching safepoint: 473656 ns, At safepoint: 4259378 ns, Total: 4733034 ns
[237.699s][info][gc       ] GC(575) Pause Young (Normal) (G1 Evacuation Pause) 4290M->1842M(5120M) 3.172ms
[237.700s][info][safepoint] Safepoint "G1CollectForAllocation", Time since last: 1027383788 ns, Reaching safepoint: 213243 ns, At safepoint: 3943804 ns, Total: 4157047 ns
[238.848s][info][gc       ] GC(576) Pause Young (Concurrent Start) (G1 Evacuation Pause) 4466M->1842M(5120M) 2.614ms
[238.848s][info][safepoint] Safepoint "G1CollectForAllocation", Time since last: 1145208976 ns, Reaching safepoint: 235341 ns, At safepoint: 3192091 ns, Total: 3427432 ns
[238.849s][info][gc       ] GC(577) Concurrent Mark Cycle
[239.428s][info][gc       ] GC(577) Pause Remark 2800M->2800M(5120M) 1.808ms
[239.429s][info][safepoint] Safepoint "G1Concurrent", Time since last: 577632411 ns, Reaching safepoint: 403113 ns, At safepoint: 2390205 ns, Total: 2793318 ns
[239.692s][info][gc       ] GC(577) Pause Cleanup 3350M->3350M(5120M) 0.354ms
[239.693s][info][safepoint] Safepoint "G1Concurrent", Time since last: 262767325 ns, Reaching safepoint: 327184 ns, At safepoint: 981150 ns, Total: 1308334 ns
[239.697s][info][gc       ] GC(577) Concurrent Mark Cycle 848.313ms
