[0.019s][info][gc] Using Serial
[0.276s][info][safepoint] Safepoint "ICBufferFull", Time since last: 248417331 ns, Reaching safepoint: 67415 ns, At safepoint: 38656 ns, Total: 106071 ns
[1.392s][info][gc       ] GC(0) Pause Young (Allocation Failure) 1365M->1072M(4949M) 745.409ms
[1.393s][info][safepoint] Safepoint "GenCollectForAllocation", Time since last: 370835801 ns, Reaching safepoint: 75229 ns, At safepoint: 746126912 ns, Total: 746202141 ns
[2.740s][info][gc       ] GC(1) Pause Young (Allocation Failure) 2438M->1756M(4949M) 690.771ms
[2.741s][info][safepoint] Safepoint "GenCollectForAllocation", Time since last: 655706926 ns, Reaching safepoint: 253657 ns, At safepoint: 691607803 ns, Total: 691861460 ns
[3.479s][info][gc       ] GC(2) Pause Young (Allocation Failure) 3121M->1756M(4949M) 131.090ms
[3.479s][info][safepoint] Safepoint "GenCollectForAllocation", Time since last: 607238326 ns, Reaching safepoint: 29992 ns, At safepoint: 131643249 ns, Total: 131673241 ns
[4.062s][info][gc       ] GC(3) Pause Young (Allocation Failure) 3121M->1756M(4949M) 0.709ms
[4.062s][info][safepoint] Safepoint "GenCollectForAllocation", Time since last: 581473294 ns, Reaching safepoint: 9536 ns, At safepoint: 1390513 ns, Total: 1400049 ns
[4.622s][info][gc       ] GC(4) Pause Young (Allocation Failure) 3121M->1756M(4949M) 0.794ms
[4.622s][info][safepoint] Safepoint "GenCollectForAllocation", Time since last: 558755799 ns, Reaching safepoint: 11787 ns, At safepoint: 1283711 ns, Total: 1295498 ns
[5.160s][info][gc       ] GC(5) Pause Young (Allocation Failure) 3121M->1756M(4949M) 0.685ms
[5.161s][info][safepoint] Safepoint "GenCollectForAllocation", Time since last: 537112582 ns, Reaching safepoint: 56104 ns, At safepoint: 1226307 ns, Total: 1282411 ns
[5.739s][info][gc       ] GC(6) Pause Young (Allocation Failure) 3121M->1756M(4949M) 0.817ms
[5.740s][info][safepoint] Safepoint "GenCollectForAllocation", Time since last: 577658325 ns, Reaching safepoint: 39258 ns, At safepoint: 1475492 ns, Total: 1514750 ns
[6.330s][info][gc       ] GC(7) Pause Young (Allocation Failure) 3121M->1756M(4949M) 1.160ms
[6.331s][info][safepoint] Safepoint "GenCollectForAllocation", Time since last: 589291842 ns, Reaching safepoint: 12123 ns, At safepoint: 1800363 ns, Total: 1812486 ns
[6.862s][info][gc       ] GC(8) Pause Young (Allocation Failure) 3121M->1756M(4949M) 0.728ms
[6.862s][info][safepoint] Safepoint "GenCollectForAllocation", Time since last: 529849928 ns, Reaching safepoint: 9532 ns, At safepoint: 1425632 ns, Total: 1435164 ns
[7.403s][info][gc       ] GC(9) Pause Young (Allocation Failure) 3121M->1756M(4949M) 0.630ms
[7.404s][info][safepoint] Safepoint "GenCollectForAllocation", Time since last: 540057599 ns, Reaching safepoint: 9062 ns, At safepoint: 1309995 ns, Total: 1319057 ns
[7.969s][info][gc       ] GC(10) Pause Young (Allocation Failure) 3121M->1756M(4949M) 0.679ms
[7.970s][info][safepoint] Safepoint "GenCollectForAllocation", Time since last: 564645737 ns, Reaching safepoint: 25976 ns, At safepoint: 1383321 ns, Total: 1409297 ns
[8.496s][info][gc       ] GC(11) Pause Young (Allocation Failure) 3121M->1756M(4949M) 0.667ms
[8.496s][info][safepoint] Safepoint "GenCollectForAllocation", Time since last: 525133107 ns, Reaching safepoint: 9261 ns, At safepoint: 1160438 ns, Total: 1169699 ns
[9.022s][info][gc       ] GC(12) Pause Young (Allocation Failure) 3121M->1756M(4949M) 0.740ms
[9.023s][info][safepoint] Safepoint "GenCollectForAllocation", Time since last: 525408977 ns, Reaching safepoint: 9279 ns, At safepoint: 1344093 ns, Total: 1353372 ns
[9.570s][info][gc       ] GC(13) Pause Young (Allocation Failure) 3121M->1756M(4949M) 0.696ms
[9.570s][info][safepoint] Safepoint "GenCollectForAllocation", Time since last: 546253937 ns, Reaching safepoint: 27497 ns, At safepoint: 1140351 ns, Total: 1167848 ns
[10.151s][info][gc       ] GC(14) Pause Young (Allocation Failure) 3121M->1756M(4949M) 0.684ms
[10.151s][info][safepoint] Safepoint "GenCollectForAllocation", Time since last: 579795724 ns, Reaching safepoint: 28241 ns, At safepoint: 1271849 ns, Total: 1300090 ns
[10.684s][info][gc       ] GC(15) Pause Young (Allocation Failure) 3121M->1756M(4949M) 0.645ms
[10.684s][info][safepoint] Safepoint "GenCollectForAllocation", Time since last: 531666073 ns, Reaching safepoint: 8674 ns, At safepoint: 1265979 ns, Total: 1274653 ns
[11.227s][info][gc       ] GC(16) Pause Young (Allocation Failure) 3122M->1756M(4949M) 0.724ms
[11.228s][info][safepoint] Safepoint "GenCollectForAllocation", Time since last: 542292208 ns, Reaching safepoint: 10648 ns, At safepoint: 1376758 ns, Total: 1387406 ns
[11.768s][info][gc       ] GC(17) Pause Young (Allocation Failure) 3122M->1756M(4949M) 0.572ms
[11.769s][info][safepoint] Safepoint "GenCollectForAllocation", Time since last: 539769294 ns, Reaching safepoint: 8123 ns, At safepoint: 1219213 ns, Total: 1227336 ns
[12.348s][info][gc       ] GC(18) Pause Young (Allocation Failure) 3122M->1756M(4949M) 0.583ms
[12.349s][info][safepoint] Safepoint "GenCollectForAllocation", Time since last: 578829738 ns, Reaching safepoint: 8562 ns, At safepoint: 1116746 ns, Total: 1125308 ns
[12.994s][info][gc       ] GC(19) Pause Young (Allocation Failure) 3122M->1756M(4949M) 1.266ms
[12.995s][info][safepoint] Safepoint "GenCollectForAllocation", Time since last: 643820227 ns, Reaching safepoint: 12326 ns, At safepoint: 1988098 ns, Total: 2000424 ns
[13.581s][info][gc       ] GC(20) Pause Young (Allocation Failure) 3122M->1756M(4949M) 0.622ms
[13.582s][info][safepoint] Safepoint "GenCollectForAllocation", Time since last: 585722476 ns, Reaching safepoint: 8385 ns, At safepoint: 1372988 ns, Total: 1381373 ns
[14.125s][info][gc       ] GC(21) Pause Young (Allocation Failure) 3122M->1756M(4949M) 0.592ms
[14.125s][info][safepoint] Safepoint "GenCollectForAllocation", Time since last: 542249756 ns, Reaching safepoint: 8047 ns, At safepoint: 1096865 ns, Total: 1104912 ns
[14.666s][info][gc       ] GC(22) Pause Young (Allocation Failure) 3122M->1756M(4949M) 1.401ms
[14.667s][info][safepoint] Safepoint "GenCollectForAllocation", Time since last: 539543887 ns, Reaching safepoint: 10397 ns, At safepoint: 2028345 ns, Total: 2038742 ns
[15.230s][info][gc       ] GC(23) Pause Young (Allocation Failure) 3122M->1756M(4949M) 0.542ms
[15.230s][info][safepoint] Safepoint "GenCollectForAllocation", Time since last: 562239993 ns, Reaching safepoint: 19052 ns, At safepoint: 1140298 ns, Total: 1159350 ns
[16.338s][info][gc       ] GC(24) Pause Young (Allocation Failure) 3122M->2713M(4949M) 794.323ms
[16.339s][info][safepoint] Safepoint "GenCollectForAllocation", Time since last: 313927232 ns, Reaching safepoint: 32705 ns, At safepoint: 794948279 ns, Total: 794980984 ns
[17.587s][info][gc       ] GC(25) Pause Young (Allocation Failure) 4079M->3495M(4949M) 863.747ms
[17.587s][info][safepoint] Safepoint "GenCollectForAllocation", Time since last: 383999556 ns, Reaching safepoint: 6910 ns, At safepoint: 864263613 ns, Total: 864270523 ns
[18.142s][info][gc       ] GC(26) Pause Young (Allocation Failure) 4860M->4860M(4949M) 0.044ms
[20.041s][info][gc       ] GC(27) Pause Full (Allocation Failure) 4860M->1671M(4949M) 1898.947ms
[20.042s][info][safepoint] Safepoint "GenCollectForAllocation", Time since last: 554360658 ns, Reaching safepoint: 35876 ns, At safepoint: 1900214984 ns, Total: 1900250860 ns
[20.578s][info][gc       ] GC(28) Pause Young (Allocation Failure) 3037M->1671M(4949M) 0.846ms
[20.579s][info][safepoint] Safepoint "GenCollectForAllocation", Time since last: 535153927 ns, Reaching safepoint: 26081 ns, At safepoint: 1490950 ns, Total: 1517031 ns
[21.174s][info][gc       ] GC(29) Pause Young (Allocation Failure) 3037M->1671M(4949M) 0.537ms
[21.174s][info][safepoint] Safepoint "GenCollectForAllocation", Time since last: 594478928 ns, Reaching safepoint: 8423 ns, At safepoint: 1128745 ns, Total: 1137168 ns
[21.709s][info][gc       ] GC(30) Pause Young (Allocation Failure) 3037M->1671M(4949M) 0.804ms
[21.709s][info][safepoint] Safepoint "GenCollectForAllocation", Time since last: 533448936 ns, Reaching safepoint: 17352 ns, At safepoint: 1527145 ns, Total: 1544497 ns
[22.309s][info][gc       ] GC(31) Pause Young (Allocation Failure) 3037M->1671M(4949M) 0.694ms
[22.310s][info][safepoint] Safepoint "GenCollectForAllocation", Time since last: 599458818 ns, Reaching safepoint: 10152 ns, At safepoint: 1224382 ns, Total: 1234534 ns
[22.889s][info][gc       ] GC(32) Pause Young (Allocation Failure) 3037M->1671M(4949M) 0.487ms
[22.889s][info][safepoint] Safepoint "GenCollectForAllocation", Time since last: 578450705 ns, Reaching safepoint: 7680 ns, At safepoint: 1092382 ns, Total: 1100062 ns
[23.549s][info][gc       ] GC(33) Pause Young (Allocation Failure) 3037M->1671M(4949M) 0.484ms
[23.550s][info][safepoint] Safepoint "GenCollectForAllocation", Time since last: 659477860 ns, Reaching safepoint: 7870 ns, At safepoint: 1255778 ns, Total: 1263648 ns
[24.161s][info][gc       ] GC(34) Pause Young (Allocation Failure) 3037M->1671M(4949M) 0.846ms
[24.161s][info][safepoint] Safepoint "GenCollectForAllocation", Time since last: 609673494 ns, Reaching safepoint: 41414 ns, At safepoint: 1502858 ns, Total: 1544272 ns
[24.708s][info][gc       ] GC(35) Pause Young (Allocation Failure) 3037M->1671M(4949M) 0.493ms
[24.709s][info][safepoint] Safepoint "GenCollectForAllocation", Time since last: 546132091 ns, Reaching safepoint: 8283 ns, At safepoint: 1123661 ns, Total: 1131944 ns
[25.253s][info][gc       ] GC(36) Pause Young (Allocation Failure) 3037M->1671M(4949M) 0.510ms
[25.253s][info][safepoint] Safepoint "GenCollectForAllocation", Time since last: 543435266 ns, Reaching safepoint: 13997 ns, At safepoint: 865501 ns, Total: 879498 ns
[25.844s][info][gc       ] GC(37) Pause Young (Allocation Failure) 3037M->1671M(4949M) 0.807ms
[25.844s][info][safepoint] Safepoint "GenCollectForAllocation", Time since last: 589689827 ns, Reaching safepoint: 8980 ns, At safepoint: 1500340 ns, Total: 1509320 ns
[26.387s][info][gc       ] GC(38) Pause Young (Allocation Failure) 3037M->1671M(4949M) 0.921ms
[26.388s][info][safepoint] Safepoint "GenCollectForAllocation", Time since last: 541754843 ns, Reaching safepoint: 7964 ns, At safepoint: 1554582 ns, Total: 1562546 ns
[26.955s][info][gc       ] GC(39) Pause Young (Allocation Failure) 3037M->1671M(4949M) 0.589ms
[26.956s][info][safepoint] Safepoint "GenCollectForAllocation", Time since last: 566897983 ns, Reaching safepoint: 8551 ns, At safepoint: 1200810 ns, Total: 1209361 ns
[27.557s][info][gc       ] GC(40) Pause Young (Allocation Failure) 3037M->1671M(4949M) 0.499ms
[27.558s][info][safepoint] Safepoint "GenCollectForAllocation", Time since last: 600841099 ns, Reaching safepoint: 8317 ns, At safepoint: 1192062 ns, Total: 1200379 ns
[28.177s][info][gc       ] GC(41) Pause Young (Allocation Failure) 3037M->1671M(4949M) 0.573ms
[28.178s][info][safepoint] Safepoint "GenCollectForAllocation", Time since last: 619001567 ns, Reaching safepoint: 9101 ns, At safepoint: 1131909 ns, Total: 1141010 ns
[28.755s][info][gc       ] GC(42) Pause Young (Allocation Failure) 3037M->1671M(4949M) 0.568ms
[28.756s][info][safepoint] Safepoint "GenCollectForAllocation", Time since last: 577064950 ns, Reaching safepoint: 10498 ns, At safepoint: 1055714 ns, Total: 1066212 ns
[29.347s][info][gc       ] GC(43) Pause Young (Allocation Failure) 3037M->1671M(4949M) 0.536ms
[29.347s][info][safepoint] Safepoint "GenCollectForAllocation", Time since last: 590060328 ns, Reaching safepoint: 8827 ns, At safepoint: 1090943 ns, Total: 1099770 ns
[29.924s][info][gc       ] GC(44) Pause Young (Allocation Failure) 3037M->1671M(4949M) 0.875ms
[29.925s][info][safepoint] Safepoint "GenCollectForAllocation", Time since last: 576419604 ns, Reaching safepoint: 29185 ns, At safepoint: 1446235 ns, Total: 1475420 ns
[30.481s][info][gc       ] GC(45) Pause Young (Allocation Failure) 3037M->1671M(4949M) 0.536ms
[30.482s][info][safepoint] Safepoint "GenCollectForAllocation", Time since last: 555725049 ns, Reaching safepoint: 25517 ns, At safepoint: 1181396 ns, Total: 1206913 ns
[31.031s][info][gc       ] GC(46) Pause Young (Allocation Failure) 3037M->1671M(4949M) 0.596ms
[31.031s][info][safepoint] Safepoint "GenCollectForAllocation", Time since last: 547952928 ns, Reaching safepoint: 8568 ns, At safepoint: 1397463 ns, Total: 1406031 ns
[31.571s][info][gc       ] GC(47) Pause Young (Allocation Failure) 3037M->1671M(4949M) 0.503ms
[31.571s][info][safepoint] Safepoint "GenCollectForAllocation", Time since last: 538932644 ns, Reaching safepoint: 7973 ns, At safepoint: 1207544 ns, Total: 1215517 ns
[32.154s][info][gc       ] GC(48) Pause Young (Allocation Failure) 3037M->1671M(4949M) 0.690ms
[32.154s][info][safepoint] Safepoint "GenCollectForAllocation", Time since last: 581500349 ns, Reaching safepoint: 10203 ns, At safepoint: 1378787 ns, Total: 1388990 ns
[33.004s][info][gc       ] GC(49) Pause Young (Allocation Failure) 3037M->2571M(4949M) 520.003ms
[33.005s][info][safepoint] Safepoint "GenCollectForAllocation", Time since last: 330007078 ns, Reaching safepoint: 10284 ns, At safepoint: 520703831 ns, Total: 520714115 ns
[34.099s][info][gc       ] GC(50) Pause Young (Allocation Failure) 3936M->3401M(4949M) 708.899ms
[34.099s][info][safepoint] Safepoint "GenCollectForAllocation", Time since last: 384650698 ns, Reaching safepoint: 8284 ns, At safepoint: 709452539 ns, Total: 709460823 ns
[34.731s][info][gc       ] GC(51) Pause Young (Allocation Failure) 4766M->4766M(4949M) 0.047ms
[36.594s][info][gc       ] GC(52) Pause Full (Allocation Failure) 4766M->1671M(4949M) 1862.653ms
[36.595s][info][safepoint] Safepoint "GenCollectForAllocation", Time since last: 631509431 ns, Reaching safepoint: 15168 ns, At safepoint: 1863928743 ns, Total: 1863943911 ns
[37.120s][info][gc       ] GC(53) Pause Young (Allocation Failure) 3037M->1671M(4949M) 0.781ms
[37.121s][info][safepoint] Safepoint "GenCollectForAllocation", Time since last: 524631374 ns, Reaching safepoint: 10864 ns, At safepoint: 1472396 ns, Total: 1483260 ns
[37.727s][info][gc       ] GC(54) Pause Young (Allocation Failure) 3037M->1671M(4949M) 0.557ms
[37.727s][info][safepoint] Safepoint "GenCollectForAllocation", Time since last: 605462148 ns, Reaching safepoint: 8435 ns, At safepoint: 1134344 ns, Total: 1142779 ns
[38.307s][info][gc       ] GC(55) Pause Young (Allocation Failure) 3037M->1671M(4949M) 0.531ms
[38.307s][info][safepoint] Safepoint "GenCollectForAllocation", Time since last: 578647145 ns, Reaching safepoint: 9249 ns, At safepoint: 936848 ns, Total: 946097 ns
[38.879s][info][gc       ] GC(56) Pause Young (Allocation Failure) 3037M->1671M(4949M) 0.503ms
[38.880s][info][safepoint] Safepoint "GenCollectForAllocation", Time since last: 571671612 ns, Reaching safepoint: 8504 ns, At safepoint: 1111777 ns, Total: 1120281 ns
[39.427s][info][gc       ] GC(57) Pause Young (Allocation Failure) 3037M->1671M(4949M) 0.599ms
[39.428s][info][safepoint] Safepoint "GenCollectForAllocation", Time since last: 546788492 ns, Reaching safepoint: 7805 ns, At safepoint: 1227392 ns, Total: 1235197 ns
[40.030s][info][gc       ] GC(58) Pause Young (Allocation Failure) 3037M->1671M(4949M) 0.513ms
[40.031s][info][safepoint] Safepoint "GenCollectForAllocation", Time since last: 601797240 ns, Reaching safepoint: 7631 ns, At safepoint: 976662 ns, Total: 984293 ns
[40.586s][info][gc       ] GC(59) Pause Young (Allocation Failure) 3037M->1671M(4949M) 0.693ms
[40.587s][info][safepoint] Safepoint "GenCollectForAllocation", Time since last: 555178890 ns, Reaching safepoint: 22428 ns, At safepoint: 1332382 ns, Total: 1354810 ns
[41.153s][info][gc       ] GC(60) Pause Young (Allocation Failure) 3037M->1671M(4949M) 0.557ms
[41.154s][info][safepoint] Safepoint "GenCollectForAllocation", Time since last: 565327573 ns, Reaching safepoint: 8182 ns, At safepoint: 1168619 ns, Total: 1176801 ns
[41.759s][info][gc       ] GC(61) Pause Young (Allocation Failure) 3037M->1671M(4949M) 0.536ms
[41.760s][info][safepoint] Safepoint "GenCollectForAllocation", Time since last: 604702479 ns, Reaching safepoint: 8095 ns, At safepoint: 1221836 ns, Total: 1229931 ns
[42.344s][info][gc       ] GC(62) Pause Young (Allocation Failure) 3037M->1671M(4949M) 0.603ms
[42.345s][info][safepoint] Safepoint "GenCollectForAllocation", Time since last: 584053897 ns, Reaching safepoint: 8396 ns, At safepoint: 1206420 ns, Total: 1214816 ns
[42.876s][info][gc       ] GC(63) Pause Young (Allocation Failure) 3037M->1671M(4949M) 0.520ms
[42.877s][info][safepoint] Safepoint "GenCollectForAllocation", Time since last: 530992402 ns, Reaching safepoint: 8500 ns, At safepoint: 1036171 ns, Total: 1044671 ns
[43.426s][info][gc       ] GC(64) Pause Young (Allocation Failure) 3037M->1671M(4949M) 0.492ms
[43.426s][info][safepoint] Safepoint "GenCollectForAllocation", Time since last: 548438201 ns, Reaching safepoint: 8712 ns, At safepoint: 1059426 ns, Total: 1068138 ns
[43.982s][info][gc       ] GC(65) Pause Young (Allocation Failure) 3037M->1671M(4949M) 0.519ms
[43.982s][info][safepoint] Safepoint "GenCollectForAllocation", Time since last: 554699061 ns, Reaching safepoint: 8344 ns, At safepoint: 1074248 ns, Total: 1082592 ns
[44.613s][info][gc       ] GC(66) Pause Young (Allocation Failure) 3037M->1671M(4949M) 0.500ms
[44.614s][info][safepoint] Safepoint "GenCollectForAllocation", Time since last: 630470189 ns, Reaching safepoint: 8210 ns, At safepoint: 1169465 ns, Total: 1177675 ns
[45.199s][info][gc       ] GC(67) Pause Young (Allocation Failure) 3037M->1671M(4949M) 0.718ms
[45.199s][info][safepoint] Safepoint "GenCollectForAllocation", Time since last: 584090499 ns, Reaching safepoint: 8194 ns, At safepoint: 1186711 ns, Total: 1194905 ns
[45.752s][info][gc       ] GC(68) Pause Young (Allocation Failure) 3037M->1671M(4949M) 0.617ms
[45.753s][info][safepoint] Safepoint "GenCollectForAllocation", Time since last: 552745281 ns, Reaching safepoint: 15381 ns, At safepoint: 1178964 ns, Total: 1194345 ns
[46.306s][info][gc       ] GC(69) Pause Young (Allocation Failure) 3037M->1671M(4949M) 0.965ms
[46.306s][info][safepoint] Safepoint "GenCollectForAllocation", Time since last: 551814724 ns, Reaching safepoint: 12830 ns, At safepoint: 1541256 ns, Total: 1554086 ns
[46.876s][info][gc       ] GC(70) Pause Young (Allocation Failure) 3037M->1671M(4949M) 0.515ms
[46.877s][info][safepoint] Safepoint "GenCollectForAllocation", Time since last: 569593570 ns, Reaching safepoint: 8243 ns, At safepoint: 977688 ns, Total: 985931 ns
[47.444s][info][gc       ] GC(71) Pause Young (Allocation Failure) 3037M->1671M(4949M) 0.492ms
[47.444s][info][safepoint] Safepoint "GenCollectForAllocation", Time since last: 566140571 ns, Reaching safepoint: 8599 ns, At safepoint: 1046907 ns, Total: 1055506 ns
[48.024s][info][gc       ] GC(72) Pause Young (Allocation Failure) 3037M->1671M(4949M) 1.033ms
[48.024s][info][safepoint] Safepoint "GenCollectForAllocation", Time since last: 578686806 ns, Reaching safepoint: 9799 ns, At safepoint: 1523455 ns, Total: 1533254 ns
[48.599s][info][gc       ] GC(73) Pause Young (Allocation Failure) 3037M->1671M(4949M) 0.488ms
[48.599s][info][safepoint] Safepoint "GenCollectForAllocation", Time since last: 574012278 ns, Reaching safepoint: 7965 ns, At safepoint: 1077893 ns, Total: 1085858 ns
[49.423s][info][gc       ] GC(74) Pause Young (Allocation Failure) 3037M->2525M(4949M) 499.160ms
[49.423s][info][safepoint] Safepoint "GenCollectForAllocation", Time since last: 324139910 ns, Reaching safepoint: 8559 ns, At safepoint: 499714139 ns, Total: 499722698 ns
[50.493s][info][gc       ] GC(75) Pause Young (Allocation Failure) 3890M->3394M(4949M) 650.515ms
[50.493s][info][safepoint] Safepoint "GenCollectForAllocation", Time since last: 418730030 ns, Reaching safepoint: 9911 ns, At safepoint: 651294358 ns, Total: 651304269 ns
[51.039s][info][gc       ] GC(76) Pause Young (Allocation Failure) 4759M->4759M(4949M) 0.034ms
[52.918s][info][gc       ] GC(77) Pause Full (Allocation Failure) 4759M->1671M(4949M) 1878.397ms
[52.918s][info][safepoint] Safepoint "GenCollectForAllocation", Time since last: 545238166 ns, Reaching safepoint: 32037 ns, At safepoint: 1879590088 ns, Total: 1879622125 ns
[53.486s][info][gc       ] GC(78) Pause Young (Allocation Failure) 3037M->1671M(4949M) 0.546ms
[53.487s][info][safepoint] Safepoint "GenCollectForAllocation", Time since last: 567660584 ns, Reaching safepoint: 8382 ns, At safepoint: 1171991 ns, Total: 1180373 ns
[54.105s][info][gc       ] GC(79) Pause Young (Allocation Failure) 3037M->1671M(4949M) 0.493ms
[54.105s][info][safepoint] Safepoint "GenCollectForAllocation", Time since last: 617340796 ns, Reaching safepoint: 8595 ns, At safepoint: 1024294 ns, Total: 1032889 ns
[54.683s][info][gc       ] GC(80) Pause Young (Allocation Failure) 3037M->1671M(4949M) 0.882ms
[54.684s][info][safepoint] Safepoint "GenCollectForAllocation", Time since last: 577138986 ns, Reaching safepoint: 11793 ns, At safepoint: 1699300 ns, Total: 1711093 ns
[55.266s][info][gc       ] GC(81) Pause Young (Allocation Failure) 3037M->1671M(4949M) 0.512ms
[55.266s][info][safepoint] Safepoint "GenCollectForAllocation", Time since last: 580762927 ns, Reaching safepoint: 7187 ns, At safepoint: 1104411 ns, Total: 1111598 ns
[55.866s][info][gc       ] GC(82) Pause Young (Allocation Failure) 3037M->1671M(4949M) 0.507ms
[55.867s][info][safepoint] Safepoint "GenCollectForAllocation", Time since last: 599402475 ns, Reaching safepoint: 8587 ns, At safepoint: 1022858 ns, Total: 1031445 ns
[56.439s][info][gc       ] GC(83) Pause Young (Allocation Failure) 3037M->1671M(4949M) 0.487ms
[56.439s][info][safepoint] Safepoint "GenCollectForAllocation", Time since last: 571601754 ns, Reaching safepoint: 8371 ns, At safepoint: 1086472 ns, Total: 1094843 ns
[57.049s][info][gc       ] GC(84) Pause Young (Allocation Failure) 3037M->1671M(4949M) 0.536ms
[57.049s][info][safepoint] Safepoint "GenCollectForAllocation", Time since last: 608794495 ns, Reaching safepoint: 8383 ns, At safepoint: 1048867 ns, Total: 1057250 ns
[57.601s][info][gc       ] GC(85) Pause Young (Allocation Failure) 3037M->1671M(4949M) 0.505ms
[57.602s][info][safepoint] Safepoint "GenCollectForAllocation", Time since last: 551824526 ns, Reaching safepoint: 8352 ns, At safepoint: 1113542 ns, Total: 1121894 ns
[58.175s][info][gc       ] GC(86) Pause Young (Allocation Failure) 3037M->1671M(4949M) 0.534ms
[58.176s][info][safepoint] Safepoint "GenCollectForAllocation", Time since last: 572335683 ns, Reaching safepoint: 9651 ns, At safepoint: 1099281 ns, Total: 1108932 ns
[58.756s][info][gc       ] GC(87) Pause Young (Allocation Failure) 3037M->1671M(4949M) 0.490ms
[58.757s][info][safepoint] Safepoint "GenCollectForAllocation", Time since last: 580482539 ns, Reaching safepoint: 8383 ns, At safepoint: 1193036 ns, Total: 1201419 ns
[59.314s][info][gc       ] GC(88) Pause Young (Allocation Failure) 3037M->1671M(4949M) 0.491ms
[59.315s][info][safepoint] Safepoint "GenCollectForAllocation", Time since last: 556337173 ns, Reaching safepoint: 8480 ns, At safepoint: 1098682 ns, Total: 1107162 ns
[59.857s][info][gc       ] GC(89) Pause Young (Allocation Failure) 3037M->1671M(4949M) 0.696ms
[59.858s][info][safepoint] Safepoint "GenCollectForAllocation", Time since last: 541797544 ns, Reaching safepoint: 10648 ns, At safepoint: 1334618 ns, Total: 1345266 ns
[60.464s][info][gc       ] GC(90) Pause Young (Allocation Failure) 3037M->1671M(4949M) 0.485ms
[60.465s][info][safepoint] Safepoint "GenCollectForAllocation", Time since last: 605615006 ns, Reaching safepoint: 7606 ns, At safepoint: 1248037 ns, Total: 1255643 ns
[61.028s][info][gc       ] GC(91) Pause Young (Allocation Failure) 3037M->1671M(4949M) 0.488ms
[61.029s][info][safepoint] Safepoint "GenCollectForAllocation", Time since last: 562911863 ns, Reaching safepoint: 8475 ns, At safepoint: 1056340 ns, Total: 1064815 ns
[61.591s][info][gc       ] GC(92) Pause Young (Allocation Failure) 3037M->1671M(4949M) 0.510ms
[61.591s][info][safepoint] Safepoint "GenCollectForAllocation", Time since last: 561862551 ns, Reaching safepoint: 8708 ns, At safepoint: 958874 ns, Total: 967582 ns
[62.140s][info][gc       ] GC(93) Pause Young (Allocation Failure) 3037M->1671M(4949M) 0.516ms
[62.141s][info][safepoint] Safepoint "GenCollectForAllocation", Time since last: 548067743 ns, Reaching safepoint: 8125 ns, At safepoint: 1015476 ns, Total: 1023601 ns
[62.765s][info][gc       ] GC(94) Pause Young (Allocation Failure) 3037M->1671M(4949M) 0.603ms
[62.766s][info][safepoint] Safepoint "GenCollectForAllocation", Time since last: 623755068 ns, Reaching safepoint: 8746 ns, At safepoint: 1264349 ns, Total: 1273095 ns
[63.332s][info][gc       ] GC(95) Pause Young (Allocation Failure) 3037M->1671M(4949M) 0.678ms
[63.332s][info][safepoint] Safepoint "GenCollectForAllocation", Time since last: 565327797 ns, Reaching safepoint: 10787 ns, At safepoint: 1194394 ns, Total: 1205181 ns
[63.889s][info][gc       ] GC(96) Pause Young (Allocation Failure) 3037M->1671M(4949M) 0.676ms
[63.890s][info][safepoint] Safepoint "GenCollectForAllocation", Time since last: 556484509 ns, Reaching safepoint: 8786 ns, At safepoint: 1228435 ns, Total: 1237221 ns
[64.477s][info][gc       ] GC(97) Pause Young (Allocation Failure) 3037M->1671M(4949M) 0.779ms
[64.478s][info][safepoint] Safepoint "GenCollectForAllocation", Time since last: 586537421 ns, Reaching safepoint: 8863 ns, At safepoint: 1558498 ns, Total: 1567361 ns
[65.122s][info][gc       ] GC(98) Pause Young (Allocation Failure) 3037M->1671M(4949M) 0.999ms
[65.122s][info][safepoint] Safepoint "GenCollectForAllocation", Time since last: 642825393 ns, Reaching safepoint: 19078 ns, At safepoint: 1532232 ns, Total: 1551310 ns
[66.059s][info][gc       ] GC(99) Pause Young (Allocation Failure) 3037M->2480M(4949M) 541.141ms
[66.060s][info][safepoint] Safepoint "GenCollectForAllocation", Time since last: 395804170 ns, Reaching safepoint: 8372 ns, At safepoint: 541621632 ns, Total: 541630004 ns
[66.521s][info][gc       ] GC(100) Pause Young (Allocation Failure) 3845M->3845M(4949M) 0.063ms
[68.502s][info][gc       ] GC(101) Pause Full (Allocation Failure) 3845M->1658M(4949M) 1980.056ms
[68.502s][info][safepoint] Safepoint "GenCollectForAllocation", Time since last: 461124631 ns, Reaching safepoint: 11568 ns, At safepoint: 1981574231 ns, Total: 1981585799 ns
[69.141s][info][gc       ] GC(102) Pause Young (Allocation Failure) 3023M->1658M(4949M) 1.128ms
[69.141s][info][safepoint] Safepoint "GenCollectForAllocation", Time since last: 637001104 ns, Reaching safepoint: 13248 ns, At safepoint: 1748816 ns, Total: 1762064 ns
[69.717s][info][gc       ] GC(103) Pause Young (Allocation Failure) 3023M->1658M(4949M) 0.993ms
[69.718s][info][safepoint] Safepoint "GenCollectForAllocation", Time since last: 575013790 ns, Reaching safepoint: 24055 ns, At safepoint: 1668358 ns, Total: 1692413 ns
[70.340s][info][gc       ] GC(104) Pause Young (Allocation Failure) 3023M->1658M(4949M) 0.867ms
[70.340s][info][safepoint] Safepoint "GenCollectForAllocation", Time since last: 621078452 ns, Reaching safepoint: 10367 ns, At safepoint: 1334521 ns, Total: 1344888 ns
[70.949s][info][gc       ] GC(105) Pause Young (Allocation Failure) 3023M->1658M(4949M) 0.588ms
[70.950s][info][safepoint] Safepoint "GenCollectForAllocation", Time since last: 608350590 ns, Reaching safepoint: 27455 ns, At safepoint: 1129605 ns, Total: 1157060 ns
[71.509s][info][gc       ] GC(106) Pause Young (Allocation Failure) 3023M->1658M(4949M) 0.972ms
[71.510s][info][safepoint] Safepoint "GenCollectForAllocation", Time since last: 558133115 ns, Reaching safepoint: 11209 ns, At safepoint: 1937301 ns, Total: 1948510 ns
[72.176s][info][gc       ] GC(107) Pause Young (Allocation Failure) 3023M->1658M(4949M) 0.643ms
[72.177s][info][safepoint] Safepoint "GenCollectForAllocation", Time since last: 665514100 ns, Reaching safepoint: 15098 ns, At safepoint: 1211224 ns, Total: 1226322 ns
[72.787s][info][gc       ] GC(108) Pause Young (Allocation Failure) 3023M->1658M(4949M) 0.711ms
[72.788s][info][safepoint] Safepoint "GenCollectForAllocation", Time since last: 609637021 ns, Reaching safepoint: 9972 ns, At safepoint: 1328950 ns, Total: 1338922 ns
[73.369s][info][gc       ] GC(109) Pause Young (Allocation Failure) 3023M->1658M(4949M) 0.670ms
[73.370s][info][safepoint] Safepoint "GenCollectForAllocation", Time since last: 580710519 ns, Reaching safepoint: 9283 ns, At safepoint: 1459152 ns, Total: 1468435 ns
[73.932s][info][gc       ] GC(110) Pause Young (Allocation Failure) 3023M->1658M(4949M) 0.721ms
[73.933s][info][safepoint] Safepoint "GenCollectForAllocation", Time since last: 561616299 ns, Reaching safepoint: 9616 ns, At safepoint: 1361375 ns, Total: 1370991 ns
[74.488s][info][gc       ] GC(111) Pause Young (Allocation Failure) 3023M->1658M(4949M) 0.613ms
[74.488s][info][safepoint] Safepoint "GenCollectForAllocation", Time since last: 554563137 ns, Reaching safepoint: 10624 ns, At safepoint: 1090223 ns, Total: 1100847 ns
[75.131s][info][gc       ] GC(112) Pause Young (Allocation Failure) 3023M->1658M(4949M) 0.510ms
[75.131s][info][safepoint] Safepoint "GenCollectForAllocation", Time since last: 641577805 ns, Reaching safepoint: 9223 ns, At safepoint: 1003031 ns, Total: 1012254 ns
[75.673s][info][gc       ] GC(113) Pause Young (Allocation Failure) 3023M->1658M(4949M) 0.551ms
[75.674s][info][safepoint] Safepoint "GenCollectForAllocation", Time since last: 541601262 ns, Reaching safepoint: 19104 ns, At safepoint: 1253901 ns, Total: 1273005 ns
[76.292s][info][gc       ] GC(114) Pause Young (Allocation Failure) 3023M->1658M(4949M) 0.700ms
[76.292s][info][safepoint] Safepoint "GenCollectForAllocation", Time since last: 616915638 ns, Reaching safepoint: 20844 ns, At safepoint: 1382375 ns, Total: 1403219 ns
[76.835s][info][gc       ] GC(115) Pause Young (Allocation Failure) 3023M->1658M(4949M) 0.705ms
[76.836s][info][safepoint] Safepoint "GenCollectForAllocation", Time since last: 541903679 ns, Reaching safepoint: 8642 ns, At safepoint: 1436753 ns, Total: 1445395 ns
[77.476s][info][gc       ] GC(116) Pause Young (Allocation Failure) 3023M->1658M(4949M) 1.064ms
[77.476s][info][safepoint] Safepoint "GenCollectForAllocation", Time since last: 638904511 ns, Reaching safepoint: 15154 ns, At safepoint: 1939565 ns, Total: 1954719 ns
[78.252s][info][gc       ] GC(117) Pause Young (Allocation Failure) 3023M->1658M(4949M) 0.992ms
[78.252s][info][safepoint] Safepoint "GenCollectForAllocation", Time since last: 774192705 ns, Reaching safepoint: 9826 ns, At safepoint: 1651816 ns, Total: 1661642 ns
[78.856s][info][gc       ] GC(118) Pause Young (Allocation Failure) 3023M->1658M(4949M) 1.002ms
[78.857s][info][safepoint] Safepoint "GenCollectForAllocation", Time since last: 603031992 ns, Reaching safepoint: 17307 ns, At safepoint: 1514676 ns, Total: 1531983 ns
[79.443s][info][gc       ] GC(119) Pause Young (Allocation Failure) 3023M->1658M(4949M) 0.523ms
[79.444s][info][safepoint] Safepoint "GenCollectForAllocation", Time since last: 585566563 ns, Reaching safepoint: 9260 ns, At safepoint: 1184572 ns, Total: 1193832 ns
[79.981s][info][gc       ] GC(120) Pause Young (Allocation Failure) 3023M->1658M(4949M) 0.550ms
[79.982s][info][safepoint] Safepoint "GenCollectForAllocation", Time since last: 537266262 ns, Reaching safepoint: 9793 ns, At safepoint: 1104925 ns, Total: 1114718 ns
[80.640s][info][gc       ] GC(121) Pause Young (Allocation Failure) 3023M->1658M(4949M) 0.592ms
[80.640s][info][safepoint] Safepoint "GenCollectForAllocation", Time since last: 657126008 ns, Reaching safepoint: 9447 ns, At safepoint: 967981 ns, Total: 977428 ns
[81.213s][info][gc       ] GC(122) Pause Young (Allocation Failure) 3023M->1658M(4949M) 0.676ms
[81.214s][info][safepoint] Safepoint "GenCollectForAllocation", Time since last: 572413938 ns, Reaching safepoint: 10719 ns, At safepoint: 1202171 ns, Total: 1212890 ns
[81.772s][info][gc       ] GC(123) Pause Young (Allocation Failure) 3023M->1658M(4949M) 0.681ms
[81.773s][info][safepoint] Safepoint "GenCollectForAllocation", Time since last: 557672927 ns, Reaching safepoint: 8134 ns, At safepoint: 1176381 ns, Total: 1184515 ns
[82.551s][info][gc       ] GC(124) Pause Young (Allocation Failure) 3023M->2413M(4949M) 420.559ms
[82.551s][info][safepoint] Safepoint "GenCollectForAllocation", Time since last: 357351503 ns, Reaching safepoint: 8902 ns, At safepoint: 421407570 ns, Total: 421416472 ns
[83.629s][info][gc       ] GC(125) Pause Young (Allocation Failure) 3779M->3365M(4949M) 704.089ms
[83.630s][info][safepoint] Safepoint "GenCollectForAllocation", Time since last: 373895081 ns, Reaching safepoint: 20007 ns, At safepoint: 704621057 ns, Total: 704641064 ns
[84.206s][info][gc       ] GC(126) Pause Young (Allocation Failure) 4731M->4731M(4949M) 0.043ms
[86.120s][info][gc       ] GC(127) Pause Full (Allocation Failure) 4731M->1658M(4949M) 1913.495ms
[86.121s][info][safepoint] Safepoint "GenCollectForAllocation", Time since last: 575651797 ns, Reaching safepoint: 10511 ns, At safepoint: 1914928765 ns, Total: 1914939276 ns
[86.760s][info][gc       ] GC(128) Pause Young (Allocation Failure) 3023M->1658M(4949M) 0.492ms
[86.761s][info][safepoint] Safepoint "GenCollectForAllocation", Time since last: 639175280 ns, Reaching safepoint: 35069 ns, At safepoint: 1049569 ns, Total: 1084638 ns
[87.313s][info][gc       ] GC(129) Pause Young (Allocation Failure) 3023M->1658M(4949M) 0.863ms
[87.314s][info][safepoint] Safepoint "GenCollectForAllocation", Time since last: 551443098 ns, Reaching safepoint: 12341 ns, At safepoint: 1650751 ns, Total: 1663092 ns
[87.889s][info][gc       ] GC(130) Pause Young (Allocation Failure) 3023M->1658M(4949M) 0.687ms
[87.890s][info][safepoint] Safepoint "GenCollectForAllocation", Time since last: 574873376 ns, Reaching safepoint: 20138 ns, At safepoint: 1175729 ns, Total: 1195867 ns
[88.454s][info][gc       ] GC(131) Pause Young (Allocation Failure) 3023M->1658M(4949M) 0.637ms
[88.455s][info][safepoint] Safepoint "GenCollectForAllocation", Time since last: 563676473 ns, Reaching safepoint: 8079 ns, At safepoint: 1125955 ns, Total: 1134034 ns
[88.991s][info][gc       ] GC(132) Pause Young (Allocation Failure) 3023M->1658M(4949M) 0.707ms
[88.991s][info][safepoint] Safepoint "GenCollectForAllocation", Time since last: 535394212 ns, Reaching safepoint: 10244 ns, At safepoint: 1297201 ns, Total: 1307445 ns
[89.561s][info][gc       ] GC(133) Pause Young (Allocation Failure) 3023M->1658M(4949M) 0.506ms
[89.562s][info][safepoint] Safepoint "GenCollectForAllocation", Time since last: 569186522 ns, Reaching safepoint: 9036 ns, At safepoint: 1061198 ns, Total: 1070234 ns
[90.108s][info][gc       ] GC(134) Pause Young (Allocation Failure) 3023M->1658M(4949M) 0.505ms
[90.108s][info][safepoint] Safepoint "GenCollectForAllocation", Time since last: 545285918 ns, Reaching safepoint: 8652 ns, At safepoint: 1073593 ns, Total: 1082245 ns
[90.676s][info][gc       ] GC(135) Pause Young (Allocation Failure) 3023M->1658M(4949M) 0.545ms
[90.676s][info][safepoint] Safepoint "GenCollectForAllocation", Time since last: 567109429 ns, Reaching safepoint: 30718 ns, At safepoint: 1115173 ns, Total: 1145891 ns
[91.255s][info][gc       ] GC(136) Pause Young (Allocation Failure) 3023M->1658M(4949M) 1.301ms
[91.256s][info][safepoint] Safepoint "GenCollectForAllocation", Time since last: 577185219 ns, Reaching safepoint: 21601 ns, At safepoint: 2169228 ns, Total: 2190829 ns
[91.833s][info][gc       ] GC(137) Pause Young (Allocation Failure) 3023M->1658M(4949M) 0.646ms
[91.834s][info][safepoint] Safepoint "GenCollectForAllocation", Time since last: 576811146 ns, Reaching safepoint: 8822 ns, At safepoint: 1144266 ns, Total: 1153088 ns
[92.405s][info][gc       ] GC(138) Pause Young (Allocation Failure) 3023M->1658M(4949M) 0.492ms
[92.406s][info][safepoint] Safepoint "GenCollectForAllocation", Time since last: 571215927 ns, Reaching safepoint: 9134 ns, At safepoint: 1005102 ns, Total: 1014236 ns
[92.951s][info][gc       ] GC(139) Pause Young (Allocation Failure) 3023M->1658M(4949M) 0.479ms
[92.952s][info][safepoint] Safepoint "GenCollectForAllocation", Time since last: 544274176 ns, Reaching safepoint: 31945 ns, At safepoint: 1354228 ns, Total: 1386173 ns
[93.516s][info][gc       ] GC(140) Pause Young (Allocation Failure) 3023M->1658M(4949M) 0.804ms
[93.516s][info][safepoint] Safepoint "GenCollectForAllocation", Time since last: 563364649 ns, Reaching safepoint: 20540 ns, At safepoint: 1329776 ns, Total: 1350316 ns
[94.107s][info][gc       ] GC(141) Pause Young (Allocation Failure) 3023M->1658M(4949M) 0.823ms
[94.107s][info][safepoint] Safepoint "GenCollectForAllocation", Time since last: 589380867 ns, Reaching safepoint: 8640 ns, At safepoint: 1412089 ns, Total: 1420729 ns
[94.670s][info][gc       ] GC(142) Pause Young (Allocation Failure) 3023M->1658M(4949M) 0.552ms
[94.671s][info][safepoint] Safepoint "GenCollectForAllocation", Time since last: 562792047 ns, Reaching safepoint: 8392 ns, At safepoint: 1065326 ns, Total: 1073718 ns
[95.223s][info][gc       ] GC(143) Pause Young (Allocation Failure) 3023M->1658M(4949M) 0.626ms
[95.223s][info][safepoint] Safepoint "GenCollectForAllocation", Time since last: 551413549 ns, Reaching safepoint: 6684 ns, At safepoint: 904724 ns, Total: 911408 ns
[95.778s][info][gc       ] GC(144) Pause Young (Allocation Failure) 3023M->1658M(4949M) 0.930ms
[95.779s][info][safepoint] Safepoint "GenCollectForAllocation", Time since last: 554022165 ns, Reaching safepoint: 10205 ns, At safepoint: 1417427 ns, Total: 1427632 ns
[96.319s][info][gc       ] GC(145) Pause Young (Allocation Failure) 3023M->1658M(4949M) 0.764ms
[96.320s][info][safepoint] Safepoint "GenCollectForAllocation", Time since last: 539676959 ns, Reaching safepoint: 12252 ns, At safepoint: 1211910 ns, Total: 1224162 ns
[96.900s][info][gc       ] GC(146) Pause Young (Allocation Failure) 3023M->1658M(4949M) 0.531ms
[96.901s][info][safepoint] Safepoint "GenCollectForAllocation", Time since last: 580204357 ns, Reaching safepoint: 8556 ns, At safepoint: 1195137 ns, Total: 1203693 ns
[97.469s][info][gc       ] GC(147) Pause Young (Allocation Failure) 3023M->1658M(4949M) 1.499ms
[97.469s][info][safepoint] Safepoint "GenCollectForAllocation", Time since last: 566392478 ns, Reaching safepoint: 17360 ns, At safepoint: 1944205 ns, Total: 1961565 ns
[98.051s][info][gc       ] GC(148) Pause Young (Allocation Failure) 3023M->1658M(4949M) 0.913ms
[98.052s][info][safepoint] Safepoint "GenCollectForAllocation", Time since last: 581080061 ns, Reaching safepoint: 15096 ns, At safepoint: 1634865 ns, Total: 1649961 ns
[98.866s][info][gc       ] GC(149) Pause Young (Allocation Failure) 3023M->2369M(4949M) 415.945ms
[98.867s][info][safepoint] Safepoint "GenCollectForAllocation", Time since last: 397761160 ns, Reaching safepoint: 9599 ns, At safepoint: 416679244 ns, Total: 416688843 ns
[99.940s][info][gc       ] GC(150) Pause Young (Allocation Failure) 3735M->3359M(4949M) 717.867ms
[99.940s][info][safepoint] Safepoint "GenCollectForAllocation", Time since last: 355241328 ns, Reaching safepoint: 8172 ns, At safepoint: 718609392 ns, Total: 718617564 ns
[100.517s][info][gc       ] GC(151) Pause Young (Allocation Failure) 4724M->4724M(4949M) 0.030ms
[102.405s][info][gc       ] GC(152) Pause Full (Allocation Failure) 4724M->1658M(4949M) 1887.601ms
[102.406s][info][safepoint] Safepoint "GenCollectForAllocation", Time since last: 576398068 ns, Reaching safepoint: 16547 ns, At safepoint: 1888899481 ns, Total: 1888916028 ns
[102.966s][info][gc       ] GC(153) Pause Young (Allocation Failure) 3023M->1658M(4949M) 0.531ms
[102.967s][info][safepoint] Safepoint "GenCollectForAllocation", Time since last: 560159745 ns, Reaching safepoint: 8339 ns, At safepoint: 1125425 ns, Total: 1133764 ns
[103.511s][info][gc       ] GC(154) Pause Young (Allocation Failure) 3023M->1658M(4949M) 0.746ms
[103.512s][info][safepoint] Safepoint "GenCollectForAllocation", Time since last: 543673696 ns, Reaching safepoint: 8459 ns, At safepoint: 1289951 ns, Total: 1298410 ns
[104.053s][info][gc       ] GC(155) Pause Young (Allocation Failure) 3023M->1658M(4949M) 0.567ms
[104.054s][info][safepoint] Safepoint "GenCollectForAllocation", Time since last: 540558107 ns, Reaching safepoint: 8596 ns, At safepoint: 1162904 ns, Total: 1171500 ns
[104.611s][info][gc       ] GC(156) Pause Young (Allocation Failure) 3023M->1658M(4949M) 0.539ms
[104.612s][info][safepoint] Safepoint "GenCollectForAllocation", Time since last: 557097836 ns, Reaching safepoint: 8022 ns, At safepoint: 1035023 ns, Total: 1043045 ns
[105.165s][info][gc       ] GC(157) Pause Young (Allocation Failure) 3023M->1658M(4949M) 0.538ms
[105.165s][info][safepoint] Safepoint "GenCollectForAllocation", Time since last: 552128258 ns, Reaching safepoint: 7916 ns, At safepoint: 1030008 ns, Total: 1037924 ns
[105.697s][info][gc       ] GC(158) Pause Young (Allocation Failure) 3023M->1658M(4949M) 0.511ms
[105.697s][info][safepoint] Safepoint "GenCollectForAllocation", Time since last: 530990517 ns, Reaching safepoint: 8337 ns, At safepoint: 1095308 ns, Total: 1103645 ns
[106.245s][info][gc       ] GC(159) Pause Young (Allocation Failure) 3023M->1658M(4949M) 0.503ms
[106.246s][info][safepoint] Safepoint "GenCollectForAllocation", Time since last: 547812004 ns, Reaching safepoint: 26484 ns, At safepoint: 1094273 ns, Total: 1120757 ns
[106.803s][info][gc       ] GC(160) Pause Young (Allocation Failure) 3023M->1658M(4949M) 0.556ms
[106.804s][info][safepoint] Safepoint "GenCollectForAllocation", Time since last: 556836831 ns, Reaching safepoint: 8444 ns, At safepoint: 1162396 ns, Total: 1170840 ns
[107.376s][info][gc       ] GC(161) Pause Young (Allocation Failure) 3023M->1658M(4949M) 0.553ms
[107.377s][info][safepoint] Safepoint "GenCollectForAllocation", Time since last: 571125345 ns, Reaching safepoint: 9131 ns, At safepoint: 1290800 ns, Total: 1299931 ns
[107.986s][info][gc       ] GC(162) Pause Young (Allocation Failure) 3023M->1658M(4949M) 0.489ms
[107.986s][info][safepoint] Safepoint "GenCollectForAllocation", Time since last: 608608665 ns, Reaching safepoint: 8164 ns, At safepoint: 1051986 ns, Total: 1060150 ns
[108.537s][info][gc       ] GC(163) Pause Young (Allocation Failure) 3023M->1658M(4949M) 0.509ms
[108.537s][info][safepoint] Safepoint "GenCollectForAllocation", Time since last: 550161012 ns, Reaching safepoint: 9064 ns, At safepoint: 1050767 ns, Total: 1059831 ns
[109.089s][info][gc       ] GC(164) Pause Young (Allocation Failure) 3023M->1658M(4949M) 0.512ms
[109.089s][info][safepoint] Safepoint "GenCollectForAllocation", Time since last: 550576009 ns, Reaching safepoint: 10057 ns, At safepoint: 1062497 ns, Total: 1072554 ns
[109.680s][info][gc       ] GC(165) Pause Young (Allocation Failure) 3023M->1658M(4949M) 0.611ms
[109.680s][info][safepoint] Safepoint "GenCollectForAllocation", Time since last: 590049543 ns, Reaching safepoint: 18977 ns, At safepoint: 1147866 ns, Total: 1166843 ns
[110.231s][info][gc       ] GC(166) Pause Young (Allocation Failure) 3023M->1658M(4949M) 0.535ms
[110.232s][info][safepoint] Safepoint "GenCollectForAllocation", Time since last: 550321444 ns, Reaching safepoint: 6665 ns, At safepoint: 1183962 ns, Total: 1190627 ns
[110.784s][info][gc       ] GC(167) Pause Young (Allocation Failure) 3023M->1658M(4949M) 0.864ms
[110.785s][info][safepoint] Safepoint "GenCollectForAllocation", Time since last: 551531766 ns, Reaching safepoint: 17555 ns, At safepoint: 1532103 ns, Total: 1549658 ns
[111.349s][info][gc       ] GC(168) Pause Young (Allocation Failure) 3023M->1658M(4949M) 0.659ms
[111.349s][info][safepoint] Safepoint "GenCollectForAllocation", Time since last: 563450545 ns, Reaching safepoint: 27884 ns, At safepoint: 1098497 ns, Total: 1126381 ns
[111.901s][info][gc       ] GC(169) Pause Young (Allocation Failure) 3023M->1658M(4949M) 0.504ms
[111.902s][info][safepoint] Safepoint "GenCollectForAllocation", Time since last: 550971090 ns, Reaching safepoint: 7843 ns, At safepoint: 1184663 ns, Total: 1192506 ns
[112.502s][info][gc       ] GC(170) Pause Young (Allocation Failure) 3023M->1658M(4949M) 0.542ms
[112.502s][info][safepoint] Safepoint "GenCollectForAllocation", Time since last: 599414354 ns, Reaching safepoint: 7812 ns, At safepoint: 1269002 ns, Total: 1276814 ns
[113.073s][info][gc       ] GC(171) Pause Young (Allocation Failure) 3023M->1658M(4949M) 0.959ms
[113.074s][info][safepoint] Safepoint "GenCollectForAllocation", Time since last: 569902669 ns, Reaching safepoint: 11447 ns, At safepoint: 1644325 ns, Total: 1655772 ns
[113.652s][info][gc       ] GC(172) Pause Young (Allocation Failure) 3023M->1658M(4949M) 0.544ms
[113.652s][info][safepoint] Safepoint "GenCollectForAllocation", Time since last: 577091374 ns, Reaching safepoint: 8971 ns, At safepoint: 1239820 ns, Total: 1248791 ns
[114.230s][info][gc       ] GC(173) Pause Young (Allocation Failure) 3023M->1658M(4949M) 0.664ms
[114.231s][info][safepoint] Safepoint "GenCollectForAllocation", Time since last: 577604026 ns, Reaching safepoint: 8979 ns, At safepoint: 1091726 ns, Total: 1100705 ns
[114.994s][info][gc       ] GC(174) Pause Young (Allocation Failure) 3023M->2330M(4949M) 383.369ms
[114.995s][info][safepoint] Safepoint "GenCollectForAllocation", Time since last: 379489405 ns, Reaching safepoint: 8789 ns, At safepoint: 384171648 ns, Total: 384180437 ns
[116.071s][info][gc       ] GC(175) Pause Young (Allocation Failure) 3696M->3351M(4949M) 733.196ms
[116.072s][info][safepoint] Safepoint "GenCollectForAllocation", Time since last: 343527576 ns, Reaching safepoint: 13793 ns, At safepoint: 733721598 ns, Total: 733735391 ns
[116.620s][info][gc       ] GC(176) Pause Young (Allocation Failure) 4716M->4716M(4949M) 0.030ms
[118.487s][info][gc       ] GC(177) Pause Full (Allocation Failure) 4716M->1658M(4949M) 1866.775ms
[118.488s][info][safepoint] Safepoint "GenCollectForAllocation", Time since last: 548192304 ns, Reaching safepoint: 8175 ns, At safepoint: 1867745757 ns, Total: 1867753932 ns
[119.048s][info][gc       ] GC(178) Pause Young (Allocation Failure) 3023M->1658M(4949M) 0.551ms
[119.049s][info][safepoint] Safepoint "GenCollectForAllocation", Time since last: 559879507 ns, Reaching safepoint: 8302 ns, At safepoint: 1158751 ns, Total: 1167053 ns
[119.603s][info][gc       ] GC(179) Pause Young (Allocation Failure) 3023M->1658M(4949M) 0.538ms
[119.603s][info][safepoint] Safepoint "GenCollectForAllocation", Time since last: 553318972 ns, Reaching safepoint: 9564 ns, At safepoint: 1282511 ns, Total: 1292075 ns
[120.161s][info][gc       ] GC(180) Pause Young (Allocation Failure) 3023M->1658M(4949M) 0.510ms
[120.162s][info][safepoint] Safepoint "GenCollectForAllocation", Time since last: 557443814 ns, Reaching safepoint: 7798 ns, At safepoint: 1210136 ns, Total: 1217934 ns
[120.701s][info][gc       ] GC(181) Pause Young (Allocation Failure) 3023M->1658M(4949M) 0.939ms
[120.702s][info][safepoint] Safepoint "GenCollectForAllocation", Time since last: 537915795 ns, Reaching safepoint: 14727 ns, At safepoint: 1475997 ns, Total: 1490724 ns
[121.349s][info][gc       ] GC(182) Pause Young (Allocation Failure) 3023M->1658M(4949M) 0.506ms
[121.350s][info][safepoint] Safepoint "GenCollectForAllocation", Time since last: 647143263 ns, Reaching safepoint: 7663 ns, At safepoint: 1004170 ns, Total: 1011833 ns
[121.916s][info][gc       ] GC(183) Pause Young (Allocation Failure) 3023M->1658M(4949M) 0.483ms
[121.917s][info][safepoint] Safepoint "GenCollectForAllocation", Time since last: 566024444 ns, Reaching safepoint: 7812 ns, At safepoint: 1150151 ns, Total: 1157963 ns
[122.470s][info][gc       ] GC(184) Pause Young (Allocation Failure) 3023M->1658M(4949M) 0.502ms
[122.471s][info][safepoint] Safepoint "GenCollectForAllocation", Time since last: 552736070 ns, Reaching safepoint: 7995 ns, At safepoint: 1044576 ns, Total: 1052571 ns
[123.050s][info][gc       ] GC(185) Pause Young (Allocation Failure) 3023M->1658M(4949M) 0.519ms
[123.051s][info][safepoint] Safepoint "GenCollectForAllocation", Time since last: 579238416 ns, Reaching safepoint: 8595 ns, At safepoint: 1371180 ns, Total: 1379775 ns
[123.589s][info][gc       ] GC(186) Pause Young (Allocation Failure) 3023M->1658M(4949M) 0.593ms
[123.590s][info][safepoint] Safepoint "GenCollectForAllocation", Time since last: 537127804 ns, Reaching safepoint: 12155 ns, At safepoint: 1305496 ns, Total: 1317651 ns
[124.198s][info][gc       ] GC(187) Pause Young (Allocation Failure) 3023M->1658M(4949M) 0.484ms
[124.199s][info][safepoint] Safepoint "GenCollectForAllocation", Time since last: 607891606 ns, Reaching safepoint: 8124 ns, At safepoint: 1107797 ns, Total: 1115921 ns
[124.755s][info][gc       ] GC(188) Pause Young (Allocation Failure) 3023M->1658M(4949M) 0.493ms
[124.756s][info][safepoint] Safepoint "GenCollectForAllocation", Time since last: 556162257 ns, Reaching safepoint: 8370 ns, At safepoint: 1009131 ns, Total: 1017501 ns
[125.325s][info][gc       ] GC(189) Pause Young (Allocation Failure) 3023M->1658M(4949M) 0.535ms
[125.325s][info][safepoint] Safepoint "GenCollectForAllocation", Time since last: 568253712 ns, Reaching safepoint: 7533 ns, At safepoint: 1163966 ns, Total: 1171499 ns
[125.896s][info][gc       ] GC(190) Pause Young (Allocation Failure) 3023M->1658M(4949M) 0.502ms
[125.896s][info][safepoint] Safepoint "GenCollectForAllocation", Time since last: 569831467 ns, Reaching safepoint: 7683 ns, At safepoint: 1143854 ns, Total: 1151537 ns
[126.439s][info][gc       ] GC(191) Pause Young (Allocation Failure) 3023M->1658M(4949M) 0.515ms
[126.440s][info][safepoint] Safepoint "GenCollectForAllocation", Time since last: 541958896 ns, Reaching safepoint: 8633 ns, At safepoint: 1248385 ns, Total: 1257018 ns
[126.998s][info][gc       ] GC(192) Pause Young (Allocation Failure) 3023M->1658M(4949M) 0.496ms
[126.999s][info][safepoint] Safepoint "GenCollectForAllocation", Time since last: 557964902 ns, Reaching safepoint: 7971 ns, At safepoint: 1051610 ns, Total: 1059581 ns
[127.582s][info][gc       ] GC(193) Pause Young (Allocation Failure) 3023M->1658M(4949M) 0.698ms
[127.582s][info][safepoint] Safepoint "GenCollectForAllocation", Time since last: 582402635 ns, Reaching safepoint: 11806 ns, At safepoint: 1411552 ns, Total: 1423358 ns
[128.129s][info][gc       ] GC(194) Pause Young (Allocation Failure) 3023M->1658M(4949M) 0.503ms
[128.129s][info][safepoint] Safepoint "GenCollectForAllocation", Time since last: 545789435 ns, Reaching safepoint: 10816 ns, At safepoint: 1002319 ns, Total: 1013135 ns
[128.704s][info][gc       ] GC(195) Pause Young (Allocation Failure) 3023M->1658M(4949M) 0.571ms
[128.705s][info][safepoint] Safepoint "GenCollectForAllocation", Time since last: 574468959 ns, Reaching safepoint: 8414 ns, At safepoint: 1092660 ns, Total: 1101074 ns
[129.257s][info][gc       ] GC(196) Pause Young (Allocation Failure) 3023M->1658M(4949M) 0.467ms
[129.258s][info][safepoint] Safepoint "GenCollectForAllocation", Time since last: 551994429 ns, Reaching safepoint: 7687 ns, At safepoint: 1004937 ns, Total: 1012624 ns
[129.818s][info][gc       ] GC(197) Pause Young (Allocation Failure) 3023M->1658M(4949M) 0.618ms
[129.818s][info][safepoint] Safepoint "GenCollectForAllocation", Time since last: 559290898 ns, Reaching safepoint: 8502 ns, At safepoint: 1161945 ns, Total: 1170447 ns
[130.370s][info][gc       ] GC(198) Pause Young (Allocation Failure) 3023M->1658M(4949M) 0.483ms
[130.371s][info][safepoint] Safepoint "GenCollectForAllocation", Time since last: 551688242 ns, Reaching safepoint: 7238 ns, At safepoint: 1017205 ns, Total: 1024443 ns
[131.140s][info][gc       ] GC(199) Pause Young (Allocation Failure) 3023M->2286M(4949M) 385.595ms
[131.141s][info][safepoint] Safepoint "GenCollectForAllocation", Time since last: 383591809 ns, Reaching safepoint: 9769 ns, At safepoint: 386201524 ns, Total: 386211293 ns
[132.321s][info][gc       ] GC(200) Pause Young (Allocation Failure) 3652M->3344M(4949M) 806.322ms
[132.322s][info][safepoint] Safepoint "GenCollectForAllocation", Time since last: 374326725 ns, Reaching safepoint: 9699 ns, At safepoint: 806947389 ns, Total: 806957088 ns
[133.092s][info][gc       ] GC(201) Pause Young (Allocation Failure) 4709M->4709M(4949M) 0.064ms
[135.191s][info][gc       ] GC(202) Pause Full (Allocation Failure) 4709M->1658M(4949M) 2098.607ms
[135.191s][info][safepoint] Safepoint "GenCollectForAllocation", Time since last: 769585585 ns, Reaching safepoint: 10451 ns, At safepoint: 2099770101 ns, Total: 2099780552 ns
[135.772s][info][gc       ] GC(203) Pause Young (Allocation Failure) 3023M->1658M(4949M) 0.735ms
[135.773s][info][safepoint] Safepoint "GenCollectForAllocation", Time since last: 579797665 ns, Reaching safepoint: 10560 ns, At safepoint: 1347746 ns, Total: 1358306 ns
[136.388s][info][gc       ] GC(204) Pause Young (Allocation Failure) 3023M->1658M(4949M) 0.558ms
[136.388s][info][safepoint] Safepoint "GenCollectForAllocation", Time since last: 614493266 ns, Reaching safepoint: 8991 ns, At safepoint: 1149431 ns, Total: 1158422 ns
[136.992s][info][gc       ] GC(205) Pause Young (Allocation Failure) 3023M->1658M(4949M) 0.539ms
[136.992s][info][safepoint] Safepoint "GenCollectForAllocation", Time since last: 602893043 ns, Reaching safepoint: 8761 ns, At safepoint: 1114120 ns, Total: 1122881 ns
[137.566s][info][gc       ] GC(206) Pause Young (Allocation Failure) 3023M->1658M(4949M) 0.687ms
[137.567s][info][safepoint] Safepoint "GenCollectForAllocation", Time since last: 573112492 ns, Reaching safepoint: 9029 ns, At safepoint: 1346774 ns, Total: 1355803 ns
[138.129s][info][gc       ] GC(207) Pause Young (Allocation Failure) 3023M->1658M(4949M) 0.491ms
[138.130s][info][safepoint] Safepoint "GenCollectForAllocation", Time since last: 562251330 ns, Reaching safepoint: 8525 ns, At safepoint: 997702 ns, Total: 1006227 ns
[138.719s][info][gc       ] GC(208) Pause Young (Allocation Failure) 3023M->1658M(4949M) 0.606ms
[138.720s][info][safepoint] Safepoint "GenCollectForAllocation", Time since last: 588567371 ns, Reaching safepoint: 8918 ns, At safepoint: 1159472 ns, Total: 1168390 ns
[139.317s][info][gc       ] GC(209) Pause Young (Allocation Failure) 3023M->1658M(4949M) 0.598ms
[139.318s][info][safepoint] Safepoint "GenCollectForAllocation", Time since last: 596747930 ns, Reaching safepoint: 11470 ns, At safepoint: 1250288 ns, Total: 1261758 ns
[139.916s][info][gc       ] GC(210) Pause Young (Allocation Failure) 3023M->1658M(4949M) 0.690ms
[139.917s][info][safepoint] Safepoint "GenCollectForAllocation", Time since last: 597901932 ns, Reaching safepoint: 14275 ns, At safepoint: 1238727 ns, Total: 1253002 ns
[140.528s][info][gc       ] GC(211) Pause Young (Allocation Failure) 3023M->1658M(4949M) 0.661ms
[140.529s][info][safepoint] Safepoint "GenCollectForAllocation", Time since last: 610546897 ns, Reaching safepoint: 14140 ns, At safepoint: 1175494 ns, Total: 1189634 ns
[141.097s][info][gc       ] GC(212) Pause Young (Allocation Failure) 3023M->1658M(4949M) 0.542ms
[141.097s][info][safepoint] Safepoint "GenCollectForAllocation", Time since last: 567814631 ns, Reaching safepoint: 8797 ns, At safepoint: 1063342 ns, Total: 1072139 ns
[141.668s][info][gc       ] GC(213) Pause Young (Allocation Failure) 3023M->1658M(4949M) 0.547ms
[141.669s][info][safepoint] Safepoint "GenCollectForAllocation", Time since last: 570225315 ns, Reaching safepoint: 8028 ns, At safepoint: 1314137 ns, Total: 1322165 ns
[142.253s][info][gc       ] GC(214) Pause Young (Allocation Failure) 3023M->1658M(4949M) 0.545ms
[142.254s][info][safepoint] Safepoint "GenCollectForAllocation", Time since last: 583956824 ns, Reaching safepoint: 8242 ns, At safepoint: 1148885 ns, Total: 1157127 ns
[142.849s][info][gc       ] GC(215) Pause Young (Allocation Failure) 3023M->1658M(4949M) 0.531ms
[142.849s][info][safepoint] Safepoint "GenCollectForAllocation", Time since last: 594082100 ns, Reaching safepoint: 9467 ns, At safepoint: 978799 ns, Total: 988266 ns
[143.421s][info][gc       ] GC(216) Pause Young (Allocation Failure) 3023M->1658M(4949M) 0.658ms
[143.422s][info][safepoint] Safepoint "GenCollectForAllocation", Time since last: 571643073 ns, Reaching safepoint: 9697 ns, At safepoint: 1057806 ns, Total: 1067503 ns
[143.995s][info][gc       ] GC(217) Pause Young (Allocation Failure) 3023M->1658M(4949M) 0.481ms
[143.996s][info][safepoint] Safepoint "GenCollectForAllocation", Time since last: 572959538 ns, Reaching safepoint: 8446 ns, At safepoint: 1228010 ns, Total: 1236456 ns
[144.591s][info][gc       ] GC(218) Pause Young (Allocation Failure) 3023M->1658M(4949M) 0.585ms
[144.592s][info][safepoint] Safepoint "GenCollectForAllocation", Time since last: 594737570 ns, Reaching safepoint: 8519 ns, At safepoint: 1156195 ns, Total: 1164714 ns
[145.157s][info][gc       ] GC(219) Pause Young (Allocation Failure) 3023M->1658M(4949M) 0.561ms
[145.158s][info][safepoint] Safepoint "GenCollectForAllocation", Time since last: 564668160 ns, Reaching safepoint: 9591 ns, At safepoint: 1039641 ns, Total: 1049232 ns
[145.752s][info][gc       ] GC(220) Pause Young (Allocation Failure) 3023M->1658M(4949M) 0.526ms
[145.753s][info][safepoint] Safepoint "GenCollectForAllocation", Time since last: 594060882 ns, Reaching safepoint: 8201 ns, At safepoint: 1110174 ns, Total: 1118375 ns
[146.311s][info][gc       ] GC(221) Pause Young (Allocation Failure) 3023M->1658M(4949M) 0.486ms
[146.312s][info][safepoint] Safepoint "GenCollectForAllocation", Time since last: 557669137 ns, Reaching safepoint: 26237 ns, At safepoint: 1342716 ns, Total: 1368953 ns
[146.915s][info][gc       ] GC(222) Pause Young (Allocation Failure) 3023M->1658M(4949M) 0.510ms
[146.916s][info][safepoint] Safepoint "GenCollectForAllocation", Time since last: 603040431 ns, Reaching safepoint: 8867 ns, At safepoint: 979121 ns, Total: 987988 ns
[147.463s][info][gc       ] GC(223) Pause Young (Allocation Failure) 3023M->1658M(4949M) 0.481ms
[147.464s][info][safepoint] Safepoint "GenCollectForAllocation", Time since last: 546493550 ns, Reaching safepoint: 8303 ns, At safepoint: 1121772 ns, Total: 1130075 ns
[148.175s][info][gc       ] GC(224) Pause Young (Allocation Failure) 3023M->2242M(4949M) 334.327ms
[148.176s][info][safepoint] Safepoint "GenCollectForAllocation", Time since last: 377545023 ns, Reaching safepoint: 9368 ns, At safepoint: 334826117 ns, Total: 334835485 ns
[149.258s][info][gc       ] GC(225) Pause Young (Allocation Failure) 3608M->3337M(4949M) 781.203ms
[149.259s][info][safepoint] Safepoint "GenCollectForAllocation", Time since last: 300925416 ns, Reaching safepoint: 8035 ns, At safepoint: 781819167 ns, Total: 781827202 ns
[149.822s][info][gc       ] GC(226) Pause Young (Allocation Failure) 4703M->4703M(4949M) 0.030ms
[151.658s][info][gc       ] GC(227) Pause Full (Allocation Failure) 4703M->1658M(4949M) 1835.006ms
[151.658s][info][safepoint] Safepoint "GenCollectForAllocation", Time since last: 563183084 ns, Reaching safepoint: 13179 ns, At safepoint: 1836434691 ns, Total: 1836447870 ns
[152.271s][info][gc       ] GC(228) Pause Young (Allocation Failure) 3023M->1658M(4949M) 0.772ms
[152.271s][info][safepoint] Safepoint "GenCollectForAllocation", Time since last: 611778861 ns, Reaching safepoint: 18379 ns, At safepoint: 1285418 ns, Total: 1303797 ns
[152.829s][info][gc       ] GC(229) Pause Young (Allocation Failure) 3023M->1658M(4949M) 0.504ms
[152.830s][info][safepoint] Safepoint "GenCollectForAllocation", Time since last: 557341241 ns, Reaching safepoint: 8825 ns, At safepoint: 967569 ns, Total: 976394 ns
[153.432s][info][gc       ] GC(230) Pause Young (Allocation Failure) 3023M->1658M(4949M) 0.500ms
[153.432s][info][safepoint] Safepoint "GenCollectForAllocation", Time since last: 601772902 ns, Reaching safepoint: 8283 ns, At safepoint: 898982 ns, Total: 907265 ns
[153.975s][info][gc       ] GC(231) Pause Young (Allocation Failure) 3023M->1658M(4949M) 0.545ms
[153.976s][info][safepoint] Safepoint "GenCollectForAllocation", Time since last: 542465791 ns, Reaching safepoint: 8752 ns, At safepoint: 1108972 ns, Total: 1117724 ns
[154.535s][info][gc       ] GC(232) Pause Young (Allocation Failure) 3023M->1658M(4949M) 0.552ms
[154.535s][info][safepoint] Safepoint "GenCollectForAllocation", Time since last: 558457543 ns, Reaching safepoint: 7922 ns, At safepoint: 962915 ns, Total: 970837 ns
[155.096s][info][gc       ] GC(233) Pause Young (Allocation Failure) 3023M->1658M(4949M) 0.511ms
[155.096s][info][safepoint] Safepoint "GenCollectForAllocation", Time since last: 559888920 ns, Reaching safepoint: 8651 ns, At safepoint: 946879 ns, Total: 955530 ns
[155.659s][info][gc       ] GC(234) Pause Young (Allocation Failure) 3023M->1658M(4949M) 0.583ms
[155.660s][info][safepoint] Safepoint "GenCollectForAllocation", Time since last: 562228059 ns, Reaching safepoint: 13322 ns, At safepoint: 1136867 ns, Total: 1150189 ns
[156.258s][info][gc       ] GC(235) Pause Young (Allocation Failure) 3023M->1658M(4949M) 0.481ms
[156.259s][info][safepoint] Safepoint "GenCollectForAllocation", Time since last: 597956115 ns, Reaching safepoint: 15599 ns, At safepoint: 1101288 ns, Total: 1116887 ns
[156.826s][info][gc       ] GC(236) Pause Young (Allocation Failure) 3023M->1658M(4949M) 0.509ms
[156.827s][info][safepoint] Safepoint "GenCollectForAllocation", Time since last: 566754453 ns, Reaching safepoint: 8514 ns, At safepoint: 1066443 ns, Total: 1074957 ns
[157.395s][info][gc       ] GC(237) Pause Young (Allocation Failure) 3023M->1658M(4949M) 0.486ms
[157.396s][info][safepoint] Safepoint "GenCollectForAllocation", Time since last: 568308648 ns, Reaching safepoint: 8280 ns, At safepoint: 942533 ns, Total: 950813 ns
[157.962s][info][gc       ] GC(238) Pause Young (Allocation Failure) 3023M->1658M(4949M) 0.587ms
[157.963s][info][safepoint] Safepoint "GenCollectForAllocation", Time since last: 566000773 ns, Reaching safepoint: 8932 ns, At safepoint: 1258816 ns, Total: 1267748 ns
[158.541s][info][gc       ] GC(239) Pause Young (Allocation Failure) 3023M->1658M(4949M) 0.500ms
[158.541s][info][safepoint] Safepoint "GenCollectForAllocation", Time since last: 576965740 ns, Reaching safepoint: 8759 ns, At safepoint: 1047536 ns, Total: 1056295 ns
[159.134s][info][gc       ] GC(240) Pause Young (Allocation Failure) 3023M->1658M(4949M) 0.532ms
[159.135s][info][safepoint] Safepoint "GenCollectForAllocation", Time since last: 592805706 ns, Reaching safepoint: 13671 ns, At safepoint: 1057232 ns, Total: 1070903 ns
[159.741s][info][gc       ] GC(241) Pause Young (Allocation Failure) 3023M->1658M(4949M) 0.872ms
[159.742s][info][safepoint] Safepoint "GenCollectForAllocation", Time since last: 605537148 ns, Reaching safepoint: 13108 ns, At safepoint: 1575731 ns, Total: 1588839 ns
[160.318s][info][gc       ] GC(242) Pause Young (Allocation Failure) 3023M->1658M(4949M) 0.510ms
[160.319s][info][safepoint] Safepoint "GenCollectForAllocation", Time since last: 575814049 ns, Reaching safepoint: 13651 ns, At safepoint: 1000838 ns, Total: 1014489 ns
[160.848s][info][gc       ] GC(243) Pause Young (Allocation Failure) 3023M->1658M(4949M) 0.521ms
[160.849s][info][safepoint] Safepoint "GenCollectForAllocation", Time since last: 528834566 ns, Reaching safepoint: 8512 ns, At safepoint: 1218150 ns, Total: 1226662 ns
[161.446s][info][gc       ] GC(244) Pause Young (Allocation Failure) 3023M->1658M(4949M) 0.499ms
[161.446s][info][safepoint] Safepoint "GenCollectForAllocation", Time since last: 596259005 ns, Reaching safepoint: 19176 ns, At safepoint: 998362 ns, Total: 1017538 ns
[161.993s][info][gc       ] GC(245) Pause Young (Allocation Failure) 3023M->1658M(4949M) 0.572ms
[161.994s][info][safepoint] Safepoint "GenCollectForAllocation", Time since last: 546220102 ns, Reaching safepoint: 8649 ns, At safepoint: 1564095 ns, Total: 1572744 ns
[162.557s][info][gc       ] GC(246) Pause Young (Allocation Failure) 3023M->1658M(4949M) 0.590ms
[162.558s][info][safepoint] Safepoint "GenCollectForAllocation", Time since last: 562377091 ns, Reaching safepoint: 8077 ns, At safepoint: 1122573 ns, Total: 1130650 ns
[163.125s][info][gc       ] GC(247) Pause Young (Allocation Failure) 3023M->1658M(4949M) 0.665ms
[163.126s][info][safepoint] Safepoint "GenCollectForAllocation", Time since last: 566703189 ns, Reaching safepoint: 10088 ns, At safepoint: 1385921 ns, Total: 1396009 ns
[163.688s][info][gc       ] GC(248) Pause Young (Allocation Failure) 3023M->1658M(4949M) 1.246ms
[163.689s][info][safepoint] Safepoint "GenCollectForAllocation", Time since last: 561409458 ns, Reaching safepoint: 7794 ns, At safepoint: 1952591 ns, Total: 1960385 ns
[164.427s][info][gc       ] GC(249) Pause Young (Allocation Failure) 3023M->2198M(4949M) 310.804ms
[164.428s][info][safepoint] Safepoint "GenCollectForAllocation", Time since last: 427122371 ns, Reaching safepoint: 8579 ns, At safepoint: 311337023 ns, Total: 311345602 ns
[165.518s][info][gc       ] GC(250) Pause Young (Allocation Failure) 3564M->3331M(4949M) 798.913ms
[165.519s][info][safepoint] Safepoint "GenCollectForAllocation", Time since last: 291788635 ns, Reaching safepoint: 7863 ns, At safepoint: 799613978 ns, Total: 799621841 ns
[166.047s][info][gc       ] GC(251) Pause Young (Allocation Failure) 4696M->4696M(4949M) 0.030ms
[167.893s][info][gc       ] GC(252) Pause Full (Allocation Failure) 4696M->1658M(4949M) 1845.474ms
[167.893s][info][safepoint] Safepoint "GenCollectForAllocation", Time since last: 527946435 ns, Reaching safepoint: 8396 ns, At safepoint: 1846459228 ns, Total: 1846467624 ns
[168.440s][info][gc       ] GC(253) Pause Young (Allocation Failure) 3023M->1658M(4949M) 0.735ms
[168.441s][info][safepoint] Safepoint "GenCollectForAllocation", Time since last: 545598810 ns, Reaching safepoint: 11072 ns, At safepoint: 1629145 ns, Total: 1640217 ns
[169.036s][info][gc       ] GC(254) Pause Young (Allocation Failure) 3023M->1658M(4949M) 0.576ms
[169.037s][info][safepoint] Safepoint "GenCollectForAllocation", Time since last: 595030451 ns, Reaching safepoint: 13705 ns, At safepoint: 959282 ns, Total: 972987 ns
[169.633s][info][gc       ] GC(255) Pause Young (Allocation Failure) 3023M->1658M(4949M) 0.604ms
[169.634s][info][safepoint] Safepoint "GenCollectForAllocation", Time since last: 596226551 ns, Reaching safepoint: 8318 ns, At safepoint: 1220697 ns, Total: 1229015 ns
[170.185s][info][gc       ] GC(256) Pause Young (Allocation Failure) 3023M->1658M(4949M) 0.558ms
[170.186s][info][safepoint] Safepoint "GenCollectForAllocation", Time since last: 550562063 ns, Reaching safepoint: 8312 ns, At safepoint: 1018860 ns, Total: 1027172 ns
[170.767s][info][gc       ] GC(257) Pause Young (Allocation Failure) 3023M->1658M(4949M) 1.833ms
[170.768s][info][safepoint] Safepoint "GenCollectForAllocation", Time since last: 579964553 ns, Reaching safepoint: 13421 ns, At safepoint: 2248947 ns, Total: 2262368 ns
[171.324s][info][gc       ] GC(258) Pause Young (Allocation Failure) 3023M->1658M(4949M) 0.696ms
[171.324s][info][safepoint] Safepoint "GenCollectForAllocation", Time since last: 555096167 ns, Reaching safepoint: 11405 ns, At safepoint: 1136373 ns, Total: 1147778 ns
[171.881s][info][gc       ] GC(259) Pause Young (Allocation Failure) 3023M->1658M(4949M) 0.635ms
[171.881s][info][safepoint] Safepoint "GenCollectForAllocation", Time since last: 556105485 ns, Reaching safepoint: 13979 ns, At safepoint: 1056425 ns, Total: 1070404 ns
[172.428s][info][gc       ] GC(260) Pause Young (Allocation Failure) 3023M->1658M(4949M) 0.534ms
[172.428s][info][safepoint] Safepoint "GenCollectForAllocation", Time since last: 545804820 ns, Reaching safepoint: 8192 ns, At safepoint: 1254076 ns, Total: 1262268 ns
[172.999s][info][gc       ] GC(261) Pause Young (Allocation Failure) 3023M->1658M(4949M) 1.352ms
[173.000s][info][safepoint] Safepoint "GenCollectForAllocation", Time since last: 569431497 ns, Reaching safepoint: 9411 ns, At safepoint: 1999567 ns, Total: 2008978 ns
[173.603s][info][gc       ] GC(262) Pause Young (Allocation Failure) 3023M->1658M(4949M) 0.568ms
[173.604s][info][safepoint] Safepoint "GenCollectForAllocation", Time since last: 602935716 ns, Reaching safepoint: 8279 ns, At safepoint: 1032397 ns, Total: 1040676 ns
[174.163s][info][gc       ] GC(263) Pause Young (Allocation Failure) 3023M->1658M(4949M) 0.498ms
[174.164s][info][safepoint] Safepoint "GenCollectForAllocation", Time since last: 559168948 ns, Reaching safepoint: 8343 ns, At safepoint: 940234 ns, Total: 948577 ns
[174.727s][info][gc       ] GC(264) Pause Young (Allocation Failure) 3023M->1658M(4949M) 2.043ms
[174.728s][info][safepoint] Safepoint "GenCollectForAllocation", Time since last: 561261919 ns, Reaching safepoint: 8103 ns, At safepoint: 3052308 ns, Total: 3060411 ns
[175.387s][info][gc       ] GC(265) Pause Young (Allocation Failure) 3023M->1658M(4949M) 0.546ms
[175.387s][info][safepoint] Safepoint "GenCollectForAllocation", Time since last: 658007517 ns, Reaching safepoint: 7259 ns, At safepoint: 1248853 ns, Total: 1256112 ns
[175.946s][info][gc       ] GC(266) Pause Young (Allocation Failure) 3023M->1658M(4949M) 0.684ms
[175.947s][info][safepoint] Safepoint "GenCollectForAllocation", Time since last: 557852098 ns, Reaching safepoint: 12058 ns, At safepoint: 1269640 ns, Total: 1281698 ns
[176.558s][info][gc       ] GC(267) Pause Young (Allocation Failure) 3023M->1658M(4949M) 0.512ms
[176.558s][info][safepoint] Safepoint "GenCollectForAllocation", Time since last: 610664681 ns, Reaching safepoint: 29302 ns, At safepoint: 965122 ns, Total: 994424 ns
[176.971s][info][gc       ] GC(268) Pause Young (Allocation Failure) 3023M->1658M(4949M) 0.513ms
[176.971s][info][safepoint] Safepoint "GenCollectForAllocation", Time since last: 412072942 ns, Reaching safepoint: 9412 ns, At safepoint: 762671 ns, Total: 772083 ns
[177.428s][info][gc       ] GC(269) Pause Young (Allocation Failure) 3023M->1658M(4949M) 0.506ms
[177.428s][info][safepoint] Safepoint "GenCollectForAllocation", Time since last: 456015165 ns, Reaching safepoint: 9418 ns, At safepoint: 802297 ns, Total: 811715 ns
[177.867s][info][gc       ] GC(270) Pause Young (Allocation Failure) 3023M->1658M(4949M) 0.456ms
[177.867s][info][safepoint] Safepoint "GenCollectForAllocation", Time since last: 438391791 ns, Reaching safepoint: 11573 ns, At safepoint: 785943 ns, Total: 797516 ns
[178.305s][info][gc       ] GC(271) Pause Young (Allocation Failure) 3023M->1658M(4949M) 0.465ms
[178.305s][info][safepoint] Safepoint "GenCollectForAllocation", Time since last: 437079199 ns, Reaching safepoint: 9818 ns, At safepoint: 766392 ns, Total: 776210 ns
[178.721s][info][gc       ] GC(272) Pause Young (Allocation Failure) 3023M->1658M(4949M) 0.508ms
[178.721s][info][safepoint] Safepoint "GenCollectForAllocation", Time since last: 415210474 ns, Reaching safepoint: 10710 ns, At safepoint: 844716 ns, Total: 855426 ns
[179.152s][info][gc       ] GC(273) Pause Young (Allocation Failure) 3023M->1658M(4949M) 0.559ms
[179.153s][info][safepoint] Safepoint "GenCollectForAllocation", Time since last: 430800564 ns, Reaching safepoint: 8666 ns, At safepoint: 1037951 ns, Total: 1046617 ns
[179.716s][info][gc       ] GC(274) Pause Young (Allocation Failure) 3023M->2154M(4949M) 238.399ms
[179.717s][info][safepoint] Safepoint "GenCollectForAllocation", Time since last: 324854890 ns, Reaching safepoint: 8474 ns, At safepoint: 238918676 ns, Total: 238927150 ns
[180.647s][info][gc       ] GC(275) Pause Young (Allocation Failure) 3519M->3324M(4949M) 707.175ms
[180.648s][info][safepoint] Safepoint "GenCollectForAllocation", Time since last: 223455165 ns, Reaching safepoint: 48033 ns, At safepoint: 707676940 ns, Total: 707724973 ns
[181.089s][info][gc       ] GC(276) Pause Young (Allocation Failure) 4689M->4689M(4949M) 0.045ms
[182.523s][info][gc       ] GC(277) Pause Full (Allocation Failure) 4689M->1658M(4949M) 1433.630ms
[182.524s][info][safepoint] Safepoint "GenCollectForAllocation", Time since last: 440964666 ns, Reaching safepoint: 10357 ns, At safepoint: 1434833116 ns, Total: 1434843473 ns
[182.976s][info][gc       ] GC(278) Pause Young (Allocation Failure) 3023M->1658M(4949M) 0.623ms
[182.976s][info][safepoint] Safepoint "GenCollectForAllocation", Time since last: 451409271 ns, Reaching safepoint: 9417 ns, At safepoint: 862416 ns, Total: 871833 ns
[183.412s][info][gc       ] GC(279) Pause Young (Allocation Failure) 3023M->1658M(4949M) 0.546ms
[183.412s][info][safepoint] Safepoint "GenCollectForAllocation", Time since last: 435581490 ns, Reaching safepoint: 9646 ns, At safepoint: 882421 ns, Total: 892067 ns
[183.850s][info][gc       ] GC(280) Pause Young (Allocation Failure) 3023M->1658M(4949M) 0.569ms
[183.851s][info][safepoint] Safepoint "GenCollectForAllocation", Time since last: 437410888 ns, Reaching safepoint: 8516 ns, At safepoint: 829561 ns, Total: 838077 ns
[184.311s][info][gc       ] GC(281) Pause Young (Allocation Failure) 3023M->1658M(4949M) 0.513ms
[184.312s][info][safepoint] Safepoint "GenCollectForAllocation", Time since last: 459987066 ns, Reaching safepoint: 7501 ns, At safepoint: 868372 ns, Total: 875873 ns
[184.733s][info][gc       ] GC(282) Pause Young (Allocation Failure) 3023M->1658M(4949M) 0.566ms
[184.733s][info][safepoint] Safepoint "GenCollectForAllocation", Time since last: 420910210 ns, Reaching safepoint: 13632 ns, At safepoint: 927270 ns, Total: 940902 ns
[185.199s][info][gc       ] GC(283) Pause Young (Allocation Failure) 3023M->1658M(4949M) 0.494ms
[185.199s][info][safepoint] Safepoint "GenCollectForAllocation", Time since last: 465174353 ns, Reaching safepoint: 11137 ns, At safepoint: 758122 ns, Total: 769259 ns
[185.681s][info][gc       ] GC(284) Pause Young (Allocation Failure) 3023M->1658M(4949M) 0.586ms
[185.682s][info][safepoint] Safepoint "GenCollectForAllocation", Time since last: 481415435 ns, Reaching safepoint: 10590 ns, At safepoint: 865468 ns, Total: 876058 ns
[186.156s][info][gc       ] GC(285) Pause Young (Allocation Failure) 3023M->1658M(4949M) 0.638ms
[186.157s][info][safepoint] Safepoint "GenCollectForAllocation", Time since last: 474019330 ns, Reaching safepoint: 10695 ns, At safepoint: 883848 ns, Total: 894543 ns
[186.614s][info][gc       ] GC(286) Pause Young (Allocation Failure) 3023M->1658M(4949M) 0.547ms
[186.614s][info][safepoint] Safepoint "GenCollectForAllocation", Time since last: 456744310 ns, Reaching safepoint: 28137 ns, At safepoint: 782446 ns, Total: 810583 ns
[187.054s][info][gc       ] GC(287) Pause Young (Allocation Failure) 3023M->1658M(4949M) 0.470ms
[187.054s][info][safepoint] Safepoint "GenCollectForAllocation", Time since last: 439695797 ns, Reaching safepoint: 9507 ns, At safepoint: 721290 ns, Total: 730797 ns
[187.525s][info][gc       ] GC(288) Pause Young (Allocation Failure) 3023M->1658M(4949M) 0.552ms
[187.525s][info][safepoint] Safepoint "GenCollectForAllocation", Time since last: 469533310 ns, Reaching safepoint: 10127 ns, At safepoint: 868304 ns, Total: 878431 ns
[187.994s][info][gc       ] GC(289) Pause Young (Allocation Failure) 3023M->1658M(4949M) 0.525ms
[187.994s][info][safepoint] Safepoint "GenCollectForAllocation", Time since last: 468643969 ns, Reaching safepoint: 8379 ns, At safepoint: 880728 ns, Total: 889107 ns
[188.455s][info][gc       ] GC(290) Pause Young (Allocation Failure) 3023M->1658M(4949M) 0.579ms
[188.455s][info][safepoint] Safepoint "GenCollectForAllocation", Time since last: 459684062 ns, Reaching safepoint: 10393 ns, At safepoint: 869240 ns, Total: 879633 ns
[188.929s][info][gc       ] GC(291) Pause Young (Allocation Failure) 3023M->1658M(4949M) 0.549ms
[188.929s][info][safepoint] Safepoint "GenCollectForAllocation", Time since last: 473284383 ns, Reaching safepoint: 10139 ns, At safepoint: 834722 ns, Total: 844861 ns
[189.405s][info][gc       ] GC(292) Pause Young (Allocation Failure) 3023M->1658M(4949M) 0.540ms
[189.405s][info][safepoint] Safepoint "GenCollectForAllocation", Time since last: 475515380 ns, Reaching safepoint: 8428 ns, At safepoint: 844533 ns, Total: 852961 ns
[189.839s][info][gc       ] GC(293) Pause Young (Allocation Failure) 3023M->1658M(4949M) 0.478ms
[189.839s][info][safepoint] Safepoint "GenCollectForAllocation", Time since last: 432895054 ns, Reaching safepoint: 9840 ns, At safepoint: 777546 ns, Total: 787386 ns
[190.269s][info][gc       ] GC(294) Pause Young (Allocation Failure) 3023M->1658M(4949M) 0.488ms
[190.269s][info][safepoint] Safepoint "GenCollectForAllocation", Time since last: 429105507 ns, Reaching safepoint: 14201 ns, At safepoint: 956443 ns, Total: 970644 ns
[190.709s][info][gc       ] GC(295) Pause Young (Allocation Failure) 3023M->1658M(4949M) 0.433ms
[190.709s][info][safepoint] Safepoint "GenCollectForAllocation", Time since last: 439256459 ns, Reaching safepoint: 13838 ns, At safepoint: 803348 ns, Total: 817186 ns
[191.158s][info][gc       ] GC(296) Pause Young (Allocation Failure) 3023M->1658M(4949M) 0.589ms
[191.158s][info][safepoint] Safepoint "GenCollectForAllocation", Time since last: 447656860 ns, Reaching safepoint: 9786 ns, At safepoint: 942690 ns, Total: 952476 ns
[191.594s][info][gc       ] GC(297) Pause Young (Allocation Failure) 3023M->1658M(4949M) 0.438ms
[191.594s][info][safepoint] Safepoint "GenCollectForAllocation", Time since last: 435570245 ns, Reaching safepoint: 23627 ns, At safepoint: 798016 ns, Total: 821643 ns
[192.045s][info][gc       ] GC(298) Pause Young (Allocation Failure) 3023M->1658M(4949M) 0.459ms
[192.046s][info][safepoint] Safepoint "GenCollectForAllocation", Time since last: 450471530 ns, Reaching safepoint: 11166 ns, At safepoint: 955177 ns, Total: 966343 ns
[192.585s][info][gc       ] GC(299) Pause Young (Allocation Failure) 3023M->2106M(4949M) 206.731ms
[192.585s][info][safepoint] Safepoint "GenCollectForAllocation", Time since last: 332151670 ns, Reaching safepoint: 12962 ns, At safepoint: 207088151 ns, Total: 207101113 ns
[193.465s][info][gc       ] GC(300) Pause Young (Allocation Failure) 3472M->3315M(4949M) 683.849ms
[193.465s][info][safepoint] Safepoint "GenCollectForAllocation", Time since last: 196148597 ns, Reaching safepoint: 7506 ns, At safepoint: 684196599 ns, Total: 684204105 ns
[193.882s][info][gc       ] GC(301) Pause Young (Allocation Failure) 4681M->4681M(4949M) 0.033ms
[195.426s][info][gc       ] GC(302) Pause Full (Allocation Failure) 4681M->1658M(4949M) 1543.239ms
[195.426s][info][safepoint] Safepoint "GenCollectForAllocation", Time since last: 416617464 ns, Reaching safepoint: 8233 ns, At safepoint: 1543797238 ns, Total: 1543805471 ns
[195.935s][info][gc       ] GC(303) Pause Young (Allocation Failure) 3023M->1658M(4949M) 0.507ms
[195.935s][info][safepoint] Safepoint "GenCollectForAllocation", Time since last: 508828716 ns, Reaching safepoint: 8691 ns, At safepoint: 799227 ns, Total: 807918 ns
[196.418s][info][gc       ] GC(304) Pause Young (Allocation Failure) 3023M->1658M(4949M) 0.544ms
[196.418s][info][safepoint] Safepoint "GenCollectForAllocation", Time since last: 481587368 ns, Reaching safepoint: 10205 ns, At safepoint: 848463 ns, Total: 858668 ns
[196.881s][info][gc       ] GC(305) Pause Young (Allocation Failure) 3023M->1658M(4949M) 0.441ms
[196.881s][info][safepoint] Safepoint "GenCollectForAllocation", Time since last: 462624280 ns, Reaching safepoint: 8258 ns, At safepoint: 692426 ns, Total: 700684 ns
[197.327s][info][gc       ] GC(306) Pause Young (Allocation Failure) 3023M->1658M(4949M) 0.487ms
[197.327s][info][safepoint] Safepoint "GenCollectForAllocation", Time since last: 444870841 ns, Reaching safepoint: 9055 ns, At safepoint: 837789 ns, Total: 846844 ns
[197.752s][info][gc       ] GC(307) Pause Young (Allocation Failure) 3023M->1658M(4949M) 0.502ms
[197.752s][info][safepoint] Safepoint "GenCollectForAllocation", Time since last: 424492460 ns, Reaching safepoint: 7841 ns, At safepoint: 716576 ns, Total: 724417 ns
[198.196s][info][gc       ] GC(308) Pause Young (Allocation Failure) 3023M->1658M(4949M) 0.547ms
[198.196s][info][safepoint] Safepoint "GenCollectForAllocation", Time since last: 443309051 ns, Reaching safepoint: 8231 ns, At safepoint: 863796 ns, Total: 872027 ns
[198.678s][info][gc       ] GC(309) Pause Young (Allocation Failure) 3023M->1658M(4949M) 0.505ms
[198.678s][info][safepoint] Safepoint "GenCollectForAllocation", Time since last: 481166460 ns, Reaching safepoint: 9608 ns, At safepoint: 785311 ns, Total: 794919 ns
[199.129s][info][gc       ] GC(310) Pause Young (Allocation Failure) 3023M->1658M(4949M) 0.506ms
[199.130s][info][safepoint] Safepoint "GenCollectForAllocation", Time since last: 450353408 ns, Reaching safepoint: 9789 ns, At safepoint: 895160 ns, Total: 904949 ns
[199.573s][info][gc       ] GC(311) Pause Young (Allocation Failure) 3023M->1658M(4949M) 0.613ms
[199.573s][info][safepoint] Safepoint "GenCollectForAllocation", Time since last: 442594819 ns, Reaching safepoint: 9295 ns, At safepoint: 931599 ns, Total: 940894 ns
[200.005s][info][gc       ] GC(312) Pause Young (Allocation Failure) 3023M->1658M(4949M) 0.456ms
[200.005s][info][safepoint] Safepoint "GenCollectForAllocation", Time since last: 431137864 ns, Reaching safepoint: 9736 ns, At safepoint: 702580 ns, Total: 712316 ns
[200.475s][info][gc       ] GC(313) Pause Young (Allocation Failure) 3023M->1658M(4949M) 0.500ms
[200.475s][info][safepoint] Safepoint "GenCollectForAllocation", Time since last: 469298029 ns, Reaching safepoint: 9087 ns, At safepoint: 753183 ns, Total: 762270 ns
[200.951s][info][gc       ] GC(314) Pause Young (Allocation Failure) 3023M->1658M(4949M) 0.490ms
[200.952s][info][safepoint] Safepoint "GenCollectForAllocation", Time since last: 475954584 ns, Reaching safepoint: 14997 ns, At safepoint: 826807 ns, Total: 841804 ns
[201.445s][info][gc       ] GC(315) Pause Young (Allocation Failure) 3023M->1658M(4949M) 0.496ms
[201.445s][info][safepoint] Safepoint "GenCollectForAllocation", Time since last: 492643126 ns, Reaching safepoint: 9575 ns, At safepoint: 812587 ns, Total: 822162 ns
[201.927s][info][gc       ] GC(316) Pause Young (Allocation Failure) 3023M->1658M(4949M) 0.434ms
[201.927s][info][safepoint] Safepoint "GenCollectForAllocation", Time since last: 480910858 ns, Reaching safepoint: 10789 ns, At safepoint: 712879 ns, Total: 723668 ns
[202.359s][info][gc       ] GC(317) Pause Young (Allocation Failure) 3023M->1658M(4949M) 0.435ms
[202.360s][info][safepoint] Safepoint "GenCollectForAllocation", Time since last: 432034073 ns, Reaching safepoint: 8600 ns, At safepoint: 884608 ns, Total: 893208 ns
[202.784s][info][gc       ] GC(318) Pause Young (Allocation Failure) 3023M->1658M(4949M) 0.457ms
[202.784s][info][safepoint] Safepoint "GenCollectForAllocation", Time since last: 423496556 ns, Reaching safepoint: 7419 ns, At safepoint: 882582 ns, Total: 890001 ns
[203.203s][info][gc       ] GC(319) Pause Young (Allocation Failure) 3023M->1658M(4949M) 0.516ms
[203.203s][info][safepoint] Safepoint "GenCollectForAllocation", Time since last: 418130523 ns, Reaching safepoint: 24234 ns, At safepoint: 925370 ns, Total: 949604 ns
[203.627s][info][gc       ] GC(320) Pause Young (Allocation Failure) 3023M->1658M(4949M) 0.440ms
[203.627s][info][safepoint] Safepoint "GenCollectForAllocation", Time since last: 422827617 ns, Reaching safepoint: 7795 ns, At safepoint: 750882 ns, Total: 758677 ns
[204.064s][info][gc       ] GC(321) Pause Young (Allocation Failure) 3023M->1658M(4949M) 0.432ms
[204.065s][info][safepoint] Safepoint "GenCollectForAllocation", Time since last: 437122353 ns, Reaching safepoint: 8196 ns, At safepoint: 661023 ns, Total: 669219 ns
[204.540s][info][gc       ] GC(322) Pause Young (Allocation Failure) 3023M->1658M(4949M) 0.587ms
[204.540s][info][safepoint] Safepoint "GenCollectForAllocation", Time since last: 474618865 ns, Reaching safepoint: 13988 ns, At safepoint: 888574 ns, Total: 902562 ns
[204.994s][info][gc       ] GC(323) Pause Young (Allocation Failure) 3023M->1658M(4949M) 0.413ms
[204.995s][info][safepoint] Safepoint "GenCollectForAllocation", Time since last: 453858239 ns, Reaching safepoint: 8060 ns, At safepoint: 780181 ns, Total: 788241 ns
[205.515s][info][gc       ] GC(324) Pause Young (Allocation Failure) 3023M->2062M(4949M) 186.533ms
[205.515s][info][safepoint] Safepoint "GenCollectForAllocation", Time since last: 333816058 ns, Reaching safepoint: 10166 ns, At safepoint: 186835955 ns, Total: 186846121 ns
[206.472s][info][gc       ] GC(325) Pause Young (Allocation Failure) 3427M->3313M(4949M) 771.428ms
[206.473s][info][safepoint] Safepoint "GenCollectForAllocation", Time since last: 185278406 ns, Reaching safepoint: 8256 ns, At safepoint: 771811264 ns, Total: 771819520 ns
[206.967s][info][gc       ] GC(326) Pause Young (Allocation Failure) 4678M->4678M(4949M) 0.052ms
[208.568s][info][gc       ] GC(327) Pause Full (Allocation Failure) 4678M->1658M(4949M) 1600.852ms
[208.569s][info][safepoint] Safepoint "GenCollectForAllocation", Time since last: 494629222 ns, Reaching safepoint: 17559 ns, At safepoint: 1601488654 ns, Total: 1601506213 ns
[209.016s][info][gc       ] GC(328) Pause Young (Allocation Failure) 3023M->1658M(4949M) 0.452ms
[209.017s][info][safepoint] Safepoint "GenCollectForAllocation", Time since last: 447216983 ns, Reaching safepoint: 8168 ns, At safepoint: 705729 ns, Total: 713897 ns
[209.461s][info][gc       ] GC(329) Pause Young (Allocation Failure) 3023M->1658M(4949M) 0.453ms
[209.461s][info][safepoint] Safepoint "GenCollectForAllocation", Time since last: 443707218 ns, Reaching safepoint: 8135 ns, At safepoint: 778670 ns, Total: 786805 ns
[209.897s][info][gc       ] GC(330) Pause Young (Allocation Failure) 3023M->1658M(4949M) 0.430ms
[209.897s][info][safepoint] Safepoint "GenCollectForAllocation", Time since last: 435252768 ns, Reaching safepoint: 9855 ns, At safepoint: 817160 ns, Total: 827015 ns
[210.333s][info][gc       ] GC(331) Pause Young (Allocation Failure) 3023M->1658M(4949M) 0.475ms
[210.333s][info][safepoint] Safepoint "GenCollectForAllocation", Time since last: 435089117 ns, Reaching safepoint: 8259 ns, At safepoint: 996508 ns, Total: 1004767 ns
[210.766s][info][gc       ] GC(332) Pause Young (Allocation Failure) 3023M->1658M(4949M) 0.425ms
[210.767s][info][safepoint] Safepoint "GenCollectForAllocation", Time since last: 432683547 ns, Reaching safepoint: 12886 ns, At safepoint: 802618 ns, Total: 815504 ns
[211.214s][info][gc       ] GC(333) Pause Young (Allocation Failure) 3023M->1658M(4949M) 0.465ms
[211.215s][info][safepoint] Safepoint "GenCollectForAllocation", Time since last: 447029042 ns, Reaching safepoint: 11279 ns, At safepoint: 767070 ns, Total: 778349 ns
[211.701s][info][gc       ] GC(334) Pause Young (Allocation Failure) 3023M->1658M(4949M) 0.587ms
[211.702s][info][safepoint] Safepoint "GenCollectForAllocation", Time since last: 486163729 ns, Reaching safepoint: 11195 ns, At safepoint: 870408 ns, Total: 881603 ns
[212.182s][info][gc       ] GC(335) Pause Young (Allocation Failure) 3023M->1658M(4949M) 0.496ms
[212.182s][info][safepoint] Safepoint "GenCollectForAllocation", Time since last: 479533294 ns, Reaching safepoint: 8411 ns, At safepoint: 778353 ns, Total: 786764 ns
[212.636s][info][gc       ] GC(336) Pause Young (Allocation Failure) 3023M->1658M(4949M) 0.559ms
[212.637s][info][safepoint] Safepoint "GenCollectForAllocation", Time since last: 453903542 ns, Reaching safepoint: 9393 ns, At safepoint: 839159 ns, Total: 848552 ns
[213.068s][info][gc       ] GC(337) Pause Young (Allocation Failure) 3023M->1658M(4949M) 0.446ms
[213.068s][info][safepoint] Safepoint "GenCollectForAllocation", Time since last: 430435232 ns, Reaching safepoint: 14474 ns, At safepoint: 727602 ns, Total: 742076 ns
[213.486s][info][gc       ] GC(338) Pause Young (Allocation Failure) 3023M->1658M(4949M) 0.477ms
[213.487s][info][safepoint] Safepoint "GenCollectForAllocation", Time since last: 417876767 ns, Reaching safepoint: 12960 ns, At safepoint: 735970 ns, Total: 748930 ns
[213.934s][info][gc       ] GC(339) Pause Young (Allocation Failure) 3023M->1658M(4949M) 0.450ms
[213.934s][info][safepoint] Safepoint "GenCollectForAllocation", Time since last: 446762611 ns, Reaching safepoint: 8295 ns, At safepoint: 653033 ns, Total: 661328 ns
[214.356s][info][gc       ] GC(340) Pause Young (Allocation Failure) 3023M->1658M(4949M) 0.485ms
[214.356s][info][safepoint] Safepoint "GenCollectForAllocation", Time since last: 421050159 ns, Reaching safepoint: 8522 ns, At safepoint: 744411 ns, Total: 752933 ns
[214.773s][info][gc       ] GC(341) Pause Young (Allocation Failure) 3023M->1658M(4949M) 0.451ms
[214.773s][info][safepoint] Safepoint "GenCollectForAllocation", Time since last: 416531522 ns, Reaching safepoint: 8395 ns, At safepoint: 684614 ns, Total: 693009 ns
[215.188s][info][gc       ] GC(342) Pause Young (Allocation Failure) 3023M->1658M(4949M) 0.429ms
[215.189s][info][safepoint] Safepoint "GenCollectForAllocation", Time since last: 414957092 ns, Reaching safepoint: 7474 ns, At safepoint: 685775 ns, Total: 693249 ns
[215.614s][info][gc       ] GC(343) Pause Young (Allocation Failure) 3023M->1658M(4949M) 0.443ms
[215.615s][info][safepoint] Safepoint "GenCollectForAllocation", Time since last: 425281691 ns, Reaching safepoint: 7451 ns, At safepoint: 772096 ns, Total: 779547 ns
[216.040s][info][gc       ] GC(344) Pause Young (Allocation Failure) 3023M->1658M(4949M) 0.426ms
[216.041s][info][safepoint] Safepoint "GenCollectForAllocation", Time since last: 425294712 ns, Reaching safepoint: 7735 ns, At safepoint: 956370 ns, Total: 964105 ns
[216.477s][info][gc       ] GC(345) Pause Young (Allocation Failure) 3023M->1658M(4949M) 0.545ms
[216.477s][info][safepoint] Safepoint "GenCollectForAllocation", Time since last: 434981676 ns, Reaching safepoint: 19789 ns, At safepoint: 863197 ns, Total: 882986 ns
[216.937s][info][gc       ] GC(346) Pause Young (Allocation Failure) 3023M->1658M(4949M) 0.518ms
[216.938s][info][safepoint] Safepoint "GenCollectForAllocation", Time since last: 460051467 ns, Reaching safepoint: 25072 ns, At safepoint: 800601 ns, Total: 825673 ns
[217.356s][info][gc       ] GC(347) Pause Young (Allocation Failure) 3023M->1658M(4949M) 0.513ms
[217.356s][info][safepoint] Safepoint "GenCollectForAllocation", Time since last: 417735957 ns, Reaching safepoint: 13340 ns, At safepoint: 754528 ns, Total: 767868 ns
[217.782s][info][gc       ] GC(348) Pause Young (Allocation Failure) 3023M->1658M(4949M) 0.493ms
[217.783s][info][safepoint] Safepoint "GenCollectForAllocation", Time since last: 425780189 ns, Reaching safepoint: 12588 ns, At safepoint: 706539 ns, Total: 719127 ns
[218.296s][info][gc       ] GC(349) Pause Young (Allocation Failure) 3023M->2018M(4949M) 162.182ms
[218.296s][info][safepoint] Safepoint "GenCollectForAllocation", Time since last: 350815650 ns, Reaching safepoint: 15103 ns, At safepoint: 162485399 ns, Total: 162500502 ns
[219.154s][info][gc       ] GC(350) Pause Young (Allocation Failure) 3383M->3299M(4949M) 692.306ms
[219.154s][info][safepoint] Safepoint "GenCollectForAllocation", Time since last: 165428661 ns, Reaching safepoint: 9496 ns, At safepoint: 692542474 ns, Total: 692551970 ns
[219.587s][info][gc       ] GC(351) Pause Young (Allocation Failure) 4664M->4664M(4949M) 0.028ms
[221.058s][info][gc       ] GC(352) Pause Full (Allocation Failure) 4664M->1658M(4949M) 1470.624ms
[221.058s][info][safepoint] Safepoint "GenCollectForAllocation", Time since last: 432946934 ns, Reaching safepoint: 7617 ns, At safepoint: 1471533730 ns, Total: 1471541347 ns
[221.487s][info][gc       ] GC(353) Pause Young (Allocation Failure) 3023M->1658M(4949M) 0.475ms
[221.488s][info][safepoint] Safepoint "GenCollectForAllocation", Time since last: 428442724 ns, Reaching safepoint: 14858 ns, At safepoint: 1007003 ns, Total: 1021861 ns
[221.916s][info][gc       ] GC(354) Pause Young (Allocation Failure) 3023M->1658M(4949M) 0.435ms
[221.917s][info][safepoint] Safepoint "GenCollectForAllocation", Time since last: 427853770 ns, Reaching safepoint: 8160 ns, At safepoint: 842689 ns, Total: 850849 ns
[222.336s][info][gc       ] GC(355) Pause Young (Allocation Failure) 3023M->1658M(4949M) 0.455ms
[222.336s][info][safepoint] Safepoint "GenCollectForAllocation", Time since last: 418927624 ns, Reaching safepoint: 12723 ns, At safepoint: 836332 ns, Total: 849055 ns
[222.754s][info][gc       ] GC(356) Pause Young (Allocation Failure) 3023M->1658M(4949M) 0.428ms
[222.754s][info][safepoint] Safepoint "GenCollectForAllocation", Time since last: 416758327 ns, Reaching safepoint: 7523 ns, At safepoint: 807268 ns, Total: 814791 ns
[223.169s][info][gc       ] GC(357) Pause Young (Allocation Failure) 3023M->1658M(4949M) 0.496ms
[223.169s][info][safepoint] Safepoint "GenCollectForAllocation", Time since last: 414426005 ns, Reaching safepoint: 7728 ns, At safepoint: 776689 ns, Total: 784417 ns
[223.587s][info][gc       ] GC(358) Pause Young (Allocation Failure) 3023M->1658M(4949M) 0.427ms
[223.587s][info][safepoint] Safepoint "GenCollectForAllocation", Time since last: 417474573 ns, Reaching safepoint: 14857 ns, At safepoint: 643746 ns, Total: 658603 ns
[224.015s][info][gc       ] GC(359) Pause Young (Allocation Failure) 3023M->1658M(4949M) 0.462ms
[224.015s][info][safepoint] Safepoint "GenCollectForAllocation", Time since last: 426771144 ns, Reaching safepoint: 7944 ns, At safepoint: 732285 ns, Total: 740229 ns
[224.426s][info][gc       ] GC(360) Pause Young (Allocation Failure) 3023M->1658M(4949M) 0.420ms
[224.427s][info][safepoint] Safepoint "GenCollectForAllocation", Time since last: 410949796 ns, Reaching safepoint: 7166 ns, At safepoint: 802038 ns, Total: 809204 ns
[224.854s][info][gc       ] GC(361) Pause Young (Allocation Failure) 3023M->1658M(4949M) 0.440ms
[224.854s][info][safepoint] Safepoint "GenCollectForAllocation", Time since last: 426789895 ns, Reaching safepoint: 7564 ns, At safepoint: 748318 ns, Total: 755882 ns
[225.283s][info][gc       ] GC(362) Pause Young (Allocation Failure) 3023M->1658M(4949M) 0.442ms
[225.283s][info][safepoint] Safepoint "GenCollectForAllocation", Time since last: 428462239 ns, Reaching safepoint: 18209 ns, At safepoint: 752795 ns, Total: 771004 ns
[225.752s][info][gc       ] GC(363) Pause Young (Allocation Failure) 3023M->1658M(4949M) 0.652ms
[225.753s][info][safepoint] Safepoint "GenCollectForAllocation", Time since last: 468316390 ns, Reaching safepoint: 8794 ns, At safepoint: 964327 ns, Total: 973121 ns
[226.190s][info][gc       ] GC(364) Pause Young (Allocation Failure) 3023M->1658M(4949M) 0.445ms
[226.190s][info][safepoint] Safepoint "GenCollectForAllocation", Time since last: 436789986 ns, Reaching safepoint: 7500 ns, At safepoint: 758423 ns, Total: 765923 ns
[226.613s][info][gc       ] GC(365) Pause Young (Allocation Failure) 3023M->1658M(4949M) 0.495ms
[226.613s][info][safepoint] Safepoint "GenCollectForAllocation", Time since last: 422291183 ns, Reaching safepoint: 7916 ns, At safepoint: 818367 ns, Total: 826283 ns
[227.061s][info][gc       ] GC(366) Pause Young (Allocation Failure) 3023M->1658M(4949M) 0.460ms
[227.062s][info][safepoint] Safepoint "GenCollectForAllocation", Time since last: 447355030 ns, Reaching safepoint: 8151 ns, At safepoint: 786880 ns, Total: 795031 ns
[227.499s][info][gc       ] GC(367) Pause Young (Allocation Failure) 3023M->1658M(4949M) 0.446ms
[227.500s][info][safepoint] Safepoint "GenCollectForAllocation", Time since last: 437184701 ns, Reaching safepoint: 7962 ns, At safepoint: 992335 ns, Total: 1000297 ns
[227.951s][info][gc       ] GC(368) Pause Young (Allocation Failure) 3023M->1658M(4949M) 0.506ms
[227.951s][info][safepoint] Safepoint "GenCollectForAllocation", Time since last: 450870753 ns, Reaching safepoint: 6633 ns, At safepoint: 843299 ns, Total: 849932 ns
[228.400s][info][gc       ] GC(369) Pause Young (Allocation Failure) 3023M->1658M(4949M) 0.424ms
[228.400s][info][safepoint] Safepoint "GenCollectForAllocation", Time since last: 447696263 ns, Reaching safepoint: 12607 ns, At safepoint: 766593 ns, Total: 779200 ns
[228.826s][info][gc       ] GC(370) Pause Young (Allocation Failure) 3023M->1658M(4949M) 0.420ms
[228.827s][info][safepoint] Safepoint "GenCollectForAllocation", Time since last: 426065847 ns, Reaching safepoint: 7747 ns, At safepoint: 882961 ns, Total: 890708 ns
[229.262s][info][gc       ] GC(371) Pause Young (Allocation Failure) 3023M->1658M(4949M) 0.458ms
[229.262s][info][safepoint] Safepoint "GenCollectForAllocation", Time since last: 434876221 ns, Reaching safepoint: 7070 ns, At safepoint: 720352 ns, Total: 727422 ns
[229.731s][info][gc       ] GC(372) Pause Young (Allocation Failure) 3023M->1658M(4949M) 0.437ms
[229.731s][info][safepoint] Safepoint "GenCollectForAllocation", Time since last: 467800266 ns, Reaching safepoint: 8185 ns, At safepoint: 954125 ns, Total: 962310 ns
[230.204s][info][gc       ] GC(373) Pause Young (Allocation Failure) 3023M->1658M(4949M) 0.429ms
[230.204s][info][safepoint] Safepoint "GenCollectForAllocation", Time since last: 472003892 ns, Reaching safepoint: 7808 ns, At safepoint: 897667 ns, Total: 905475 ns
