[0.193s][info][gc] [GCHH : Zing name     : Zing 64-Bit Tiered VM mixed mode ]
[0.193s][info][gc] [GCHH : Zing release  : 17.0.4.1-zing_22.09.0.0-b2-product-linux-X86_64 ]
[0.193s][info][gc] [GCHH : OS name       : Linux ]
[0.193s][info][gc] [GCHH : OS release    : 5.10.102.1-microsoft-standard-WSL2 #1 SMP Wed Mar 2 00:30:59 UTC 2022 ]
[0.193s][info][gc] [GCHH : hardware      : x86_64 ]
[0.193s][info][gc] [GCHH : ncpus         : 16 16 8 16 8 ]
[0.193s][info][gc] [GCHH : TSC           : scaling_driver NA tsc on constant_tsc on nonstop_tsc on distrust_calculated_tsc_freq no UseRdtscForVMInternal false UseRdtsc false ]
[0.193s][info][gc] [GCHH : machine name  : ZUEN51878 ]
[0.193s][info][gc] [GCHH : CGroups information: ]
[0.193s][info][gc] [GCHH :   Container Type                   : cgroupv1 ]
[0.193s][info][gc] [GCHH :   Active processor count           : 16 ]
[0.193s][info][gc] [GCHH :   Active processor count(internal) : 16 ]
[0.193s][info][gc] [GCHH :   Available memory nodes           : 0 ]
[0.193s][info][gc] [GCHH :   Available CPUs                   : 0-15 ]
[0.193s][info][gc] [GCHH :   CPU quota, us                    : -1 ]
[0.193s][info][gc] [GCHH :   CPU period, us                   : 100000 ]
[0.193s][info][gc] [GCHH :   CPU shares                       : -1 ]
[0.193s][info][gc] [GCHH :   Memory and swap limit, bytes     : -1 ]
[0.193s][info][gc] [GCHH :   Memory limit, bytes              : -1 ]
[0.193s][info][gc] [GCHH :   Memory soft limit, bytes         : -1 ]
[0.193s][info][gc] [GCHH : start time    : Mon Oct 24 22:41:45 CST 2022 ]
[0.193s][info][gc] [GCHH : start time ms : 1666622505610 ]
[0.193s][info][gc] [GCHH : process id    : 1263 ]
[0.193s][info][gc] [GCHH : sequence no.  : 0 ]
[0.193s][info][gc] [GCHH : Memory configuration and use (MB) : ]
[0.193s][info][gc] [GCHH :   System RAM max             : 25429 ]
[0.194s][info][gc] [GCHH :   System RAM free            : 23495 ]
[0.194s][info][gc] [GCHH :   Use ZST                    : false ]
[0.194s][info][gc] [GCHH :   Process Zing maximum              : 5120 ]
[0.194s][info][gc] [GCHH :   Process Zing reserved (-Xmx)      : 5120 ]
[0.194s][info][gc] [GCHH :     Side band (Java heap) : 156 ]
[0.194s][info][gc] [GCHH :   Code cache location     : C Heap Memory ]
[0.194s][info][gc] [GCHH :   Code cache mlocked      : false ]
[0.194s][info][gc] [GCHH :   Code cache min          : 32 ]
[0.194s][info][gc] [GCHH :   Code cache max          : 512 ]
[0.194s][info][gc] [GCHH :   Code cache page size    : THP always (C heap) ]
[0.194s][info][gc] [GCHH :   Side band (C Heap)      : 100 ]
[0.194s][info][gc] [GCHH :   Side band mlocked       : true ]
[0.194s][info][gc] [GCHH :   Side band page size     : Small (Java heap); THP always (C heap) ]
[0.194s][info][gc] [GCHH :   Monitor cache location  : C Heap Memory ]
[0.194s][info][gc] [GCHH :   Monitor cache mlocked   : true ]
[0.194s][info][gc] [GCHH :   Monitor cache min       : 0 ]
[0.194s][info][gc] [GCHH :   Monitor cache max       : 512 ]
[0.194s][info][gc] [GCHH :   Monitor cache page size : THP always (C heap) ]
[0.194s][info][gc] [GCHH :   Enable java heap elasticity : false ]
[0.194s][info][gc] [GCHH :   Force NUMA interleaving     : false ]
[0.194s][info][gc] [GCHH :   Use transparent huge pages for java heap : false ]
[0.194s][info][gc] [GCHH :   Use explicit huge pages for java heap    : false ]
[0.194s][info][gc] [GCHH : Compiler Tier 1 : C1 ]
[0.194s][info][gc] [GCHH : Compiler Tier 2 : Falcon ]
[0.194s][info][gc] [GCHH : Garbage collection type     : C4 ]
[0.194s][info][gc] [GCHH : GenPauseless Phase Encoding : Sparse ]
[0.194s][info][gc] [GCHH : GenPauseless GC physical use soft limits (MB) : ]
[0.194s][info][gc] [GCHH :   New Generation          : 5120 ]
[0.194s][info][gc] [GCHH :   Old/Perm Generations    : 5120 ]
[0.194s][info][gc] [GCHH : GenPauseless GC virtual use limits (MB) : ]
[0.194s][info][gc] [GCHH :   New Generation          : 5118 ]
[0.194s][info][gc] [GCHH :   Old/Perm Generations    : 5118 ]
[0.194s][info][gc] [GCHH : GenPauseless GC thread counts : ]
[0.194s][info][gc] [GCHH :   Max New GC threads     : 8 ]
[0.194s][info][gc] [GCHH :   Max Old GC threads     : 4 ]
[0.194s][info][gc] [GCHH :   Page Zeroing threads   : 1 ]
[0.194s][info][gc] [GCHH : Dynamic GC thread count scheme      : Partial ]
[0.194s][info][gc] [GCHH : Enable CPU usage based heuristics   : true ]
[0.194s][info][gc] [GCHH : UseThreadStateNativeWrapperProtocol : true ]
[0.194s][info][gc] [GCHH : jvm arguments : -javaagent:/mnt/c/Users/ryma/workspace/try/GCPerfTest/jHiccup.jar=-l,UseGenPauselessGC.hlog -Xms5G -Xmx5G -XX:+PrintCommandLineFlags -XX:+UnlockExperimentalVMOptions -XX:+UseGenPauselessGC -Xlog:gc,safepoint:./gc-example-UseGenPauselessGC.log -Dcom.sun.management.jmxremote.port=9010 -Dcom.sun.management.jmxremote.rmi.port=9010 -Dcom.sun.management.jmxremote.local.only=false -Dcom.sun.management.jmxremote.authenticate=false -Dcom.sun.management.jmxremote.ssl=false ]
[0.194s][info][gc] [GCHH : jvm flags     : none ]
[0.194s][info][gc] [GCHH : java command  : /mnt/c/Users/ryma/workspace/try/GCPerfTest/build/libs/JVMBenchmark-1.0-SNAPSHOT.jar ]
[0.194s][info][gc] [GCHS : Affected by MCU Erratum SKX102 : false]
[0.194s][info][gc] [GCHS : MCU Erratum SKX102 mitigation  : not applied]
[0.194s][info][gc] [GCHS : /proc/cpuinfo]
[0.194s][info][gc] [GCHS : processor	: 15]
[0.194s][info][gc] [GCHS : vendor_id	: GenuineIntel]
[0.194s][info][gc] [GCHS : cpu family	: 6]
[0.194s][info][gc] [GCHS : model		: 141]
[0.194s][info][gc] [GCHS : model name	: 11th Gen Intel(R) Core(TM) i9-11950H @ 2.60GHz]
[0.194s][info][gc] [GCHS : stepping	: 1]
[0.194s][info][gc] [GCHS : microcode	: 0xffffffff]
[0.194s][info][gc] [GCHS : cpu MHz		: 2611.200]
[0.194s][info][gc] [GCHS : cache size	: 24576 KB]
[0.194s][info][gc] [GCHS : physical id	: 0]
[0.194s][info][gc] [GCHS : siblings	: 16]
[0.194s][info][gc] [GCHS : core id		: 7]
[0.194s][info][gc] [GCHS : cpu cores	: 8]
[0.194s][info][gc] [GCHS : apicid		: 15]
[0.194s][info][gc] [GCHS : initial apicid	: 15]
[0.194s][info][gc] [GCHS : fpu		: yes]
[0.194s][info][gc] [GCHS : fpu_exception	: yes]
[0.194s][info][gc] [GCHS : cpuid level	: 21]
[0.194s][info][gc] [GCHS : wp		: yes]
[0.194s][info][gc] [GCHS : flags		: fpu vme de pse tsc msr pae mce cx8 apic sep mtrr pge mca cmov pat pse36 clflush mmx fxsr sse sse2 ss ht syscall nx pdpe1gb rdtscp lm constant_tsc rep_good nopl xtopology tsc_reliable nonstop_tsc cpuid pni pclmulqdq ssse3 fma cx16 pcid sse4_1 sse4_2 movbe popcnt aes xsave avx f16c rdrand hypervisor lahf_lm abm 3dnowprefetch invpcid_single ssbd ibrs ibpb stibp ibrs_enhanced fsgsbase bmi1 avx2 smep bmi2 erms invpcid avx512f avx512dq rdseed adx smap avx512ifma clflushopt clwb avx512cd sha_ni avx512bw avx512vl xsaveopt xsavec xgetbv1 xsaves avx512vbmi umip avx512_vbmi2 gfni vaes vpclmulqdq avx512_vnni avx512_bitalg avx512_vpopcntdq rdpid fsrm avx512_vp2intersect flush_l1d arch_capabilities]
[0.194s][info][gc] [GCHS : bugs		: spectre_v1 spectre_v2 spec_store_bypass swapgs]
[0.194s][info][gc] [GCHS : bogomips	: 5222.40]
[0.194s][info][gc] [GCHS : clflush size	: 64]
[0.194s][info][gc] [GCHS : cache_alignment	: 64]
[0.194s][info][gc] [GCHS : address sizes	: 39 bits physical, 48 bits virtual]
[0.194s][info][gc] [GCHS : power management:]
[0.194s][info][gc] [GCHS : /sys/devices/system/cpu/vulnerabilities]
[0.194s][info][gc] [GCHS : spectre_v2        : Mitigation: Enhanced IBRS, IBPB: conditional, RSB filling]
[0.194s][info][gc] [GCHS : itlb_multihit     : Not affected]
[0.194s][info][gc] [GCHS : mds               : Not affected]
[0.194s][info][gc] [GCHS : l1tf              : Not affected]
[0.194s][info][gc] [GCHS : spec_store_bypass : Mitigation: Speculative Store Bypass disabled via prctl and seccomp]
[0.194s][info][gc] [GCHS : tsx_async_abort   : Not affected]
[0.194s][info][gc] [GCHS : spectre_v1        : Mitigation: usercopy/swapgs barriers and __user pointer sanitization]
[0.194s][info][gc] [GCHS : srbds             : Not affected]
[0.194s][info][gc] [GCHS : meltdown          : Not affected]
[0.194s][info][gc] [GCHS : /proc/self/limits]
[0.194s][info][gc] [GCHS : Limit                     Soft Limit           Hard Limit           Units     ]
[0.194s][info][gc] [GCHS : Max cpu time              unlimited            unlimited            seconds   ]
[0.194s][info][gc] [GCHS : Max file size             unlimited            unlimited            bytes     ]
[0.194s][info][gc] [GCHS : Max data size             unlimited            unlimited            bytes     ]
[0.194s][info][gc] [GCHS : Max stack size            8388608              unlimited            bytes     ]
[0.194s][info][gc] [GCHS : Max core file size        0                    unlimited            bytes     ]
[0.194s][info][gc] [GCHS : Max resident set          unlimited            unlimited            bytes     ]
[0.194s][info][gc] [GCHS : Max processes             101697               101697               processes ]
[0.194s][info][gc] [GCHS : Max open files            4096                 4096                 files     ]
[0.194s][info][gc] [GCHS : Max locked memory         65536                65536                bytes     ]
[0.194s][info][gc] [GCHS : Max address space         unlimited            unlimited            bytes     ]
[0.194s][info][gc] [GCHS : Max file locks            unlimited            unlimited            locks     ]
[0.194s][info][gc] [GCHS : Max pending signals       101697               101697               signals   ]
[0.194s][info][gc] [GCHS : Max msgqueue size         819200               819200               bytes     ]
[0.194s][info][gc] [GCHS : Max nice priority         0                    0                    ]
[0.194s][info][gc] [GCHS : Max realtime priority     0                    0                    ]
[0.194s][info][gc] [GCHS : Max realtime timeout      unlimited            unlimited            us        ]
[0.194s][info][gc] [GCHS : /proc/self/status]
[0.194s][info][gc] [GCHS : Cpus_allowed:	ffff]
[0.194s][info][gc] [GCHS : Cpus_allowed_list:	0-15]
[0.194s][info][gc] [GCHS : Mems_allowed:	1]
[0.194s][info][gc] [GCHS : Mems_allowed_list:	0]
[0.194s][info][gc] [GCHS : /proc/meminfo]
[0.194s][info][gc] [GCHS : MemTotal:       26039588 kB]
[0.194s][info][gc] [GCHS : MemFree:        24059252 kB]
[0.194s][info][gc] [GCHS : MemAvailable:   24040880 kB]
[0.194s][info][gc] [GCHS : Buffers:           20824 kB]
[0.194s][info][gc] [GCHS : Cached:          1046164 kB]
[0.194s][info][gc] [GCHS : SwapCached:            0 kB]
[0.194s][info][gc] [GCHS : Active:           194544 kB]
[0.194s][info][gc] [GCHS : Inactive:        1618400 kB]
[0.194s][info][gc] [GCHS : Active(anon):         84 kB]
[0.194s][info][gc] [GCHS : Inactive(anon):  1528412 kB]
[0.194s][info][gc] [GCHS : Active(file):     194460 kB]
[0.194s][info][gc] [GCHS : Inactive(file):    89988 kB]
[0.194s][info][gc] [GCHS : Unevictable:           8 kB]
[0.194s][info][gc] [GCHS : Mlocked:               8 kB]
[0.194s][info][gc] [GCHS : SwapTotal:       7340032 kB]
[0.194s][info][gc] [GCHS : SwapFree:        7340032 kB]
[0.194s][info][gc] [GCHS : Dirty:               120 kB]
[0.194s][info][gc] [GCHS : Writeback:             0 kB]
[0.194s][info][gc] [GCHS : AnonPages:        741784 kB]
[0.194s][info][gc] [GCHS : Mapped:           643292 kB]
[0.194s][info][gc] [GCHS : Shmem:            782540 kB]
[0.194s][info][gc] [GCHS : KReclaimable:      22988 kB]
[0.194s][info][gc] [GCHS : Slab:              58616 kB]
[0.194s][info][gc] [GCHS : SReclaimable:      22988 kB]
[0.194s][info][gc] [GCHS : SUnreclaim:        35628 kB]
[0.194s][info][gc] [GCHS : KernelStack:        4416 kB]
[0.194s][info][gc] [GCHS : PageTables:        12200 kB]
[0.194s][info][gc] [GCHS : NFS_Unstable:          0 kB]
[0.194s][info][gc] [GCHS : Bounce:                0 kB]
[0.194s][info][gc] [GCHS : WritebackTmp:          0 kB]
[0.194s][info][gc] [GCHS : CommitLimit:    20359824 kB]
[0.194s][info][gc] [GCHS : Committed_AS:    1291072 kB]
[0.194s][info][gc] [GCHS : VmallocTotal:   34359738367 kB]
[0.194s][info][gc] [GCHS : VmallocUsed:       25672 kB]
[0.194s][info][gc] [GCHS : VmallocChunk:          0 kB]
[0.194s][info][gc] [GCHS : Percpu:             5376 kB]
[0.194s][info][gc] [GCHS : AnonHugePages:    610304 kB]
[0.194s][info][gc] [GCHS : ShmemHugePages:        0 kB]
[0.194s][info][gc] [GCHS : ShmemPmdMapped:        0 kB]
[0.194s][info][gc] [GCHS : FileHugePages:         0 kB]
[0.194s][info][gc] [GCHS : FilePmdMapped:         0 kB]
[0.194s][info][gc] [GCHS : HugePages_Total:       0]
[0.194s][info][gc] [GCHS : HugePages_Free:        0]
[0.194s][info][gc] [GCHS : HugePages_Rsvd:        0]
[0.194s][info][gc] [GCHS : HugePages_Surp:        0]
[0.194s][info][gc] [GCHS : Hugepagesize:       2048 kB]
[0.194s][info][gc] [GCHS : Hugetlb:               0 kB]
[0.194s][info][gc] [GCHS : DirectMap4k:       17408 kB]
[0.194s][info][gc] [GCHS : DirectMap2M:     3526656 kB]
[0.194s][info][gc] [GCHS : DirectMap1G:    23068672 kB]
[0.194s][info][gc] [GCHS : /proc/sys/vm/admin_reserve_kbytes                                               : 8192]
[0.194s][info][gc] [GCHS : /proc/sys/vm/block_dump                                                         : 0]
[0.194s][info][gc] [GCHS : /proc/sys/vm/dirty_background_bytes                                             : 0]
[0.194s][info][gc] [GCHS : /proc/sys/vm/dirty_background_ratio                                             : 10]
[0.194s][info][gc] [GCHS : /proc/sys/vm/dirty_bytes                                                        : 0]
[0.194s][info][gc] [GCHS : /proc/sys/vm/dirty_expire_centisecs                                             : 3000]
[0.194s][info][gc] [GCHS : /proc/sys/vm/dirty_ratio                                                        : 20]
[0.194s][info][gc] [GCHS : /proc/sys/vm/dirty_writeback_centisecs                                          : 500]
[0.194s][info][gc] [GCHS : /proc/sys/vm/extfrag_threshold                                                  : 500]
[0.194s][info][gc] [GCHS : /proc/sys/vm/hugetlb_shm_group                                                  : 0]
[0.194s][info][gc] [GCHS : /proc/sys/vm/laptop_mode                                                        : 0]
[0.194s][info][gc] [GCHS : /proc/sys/vm/legacy_va_layout                                                   : 0]
[0.194s][info][gc] [GCHS : /proc/sys/vm/lowmem_reserve_ratio                                               : 256	256	32	0	0]
[0.194s][info][gc] [GCHS : /proc/sys/vm/max_map_count                                                      : 65530]
[0.194s][info][gc] [GCHS : /proc/sys/vm/min_free_kbytes                                                    : 67584]
[0.194s][info][gc] [GCHS : /proc/sys/vm/mmap_min_addr                                                      : 65536]
[0.194s][info][gc] [GCHS : /proc/sys/vm/nr_hugepages                                                       : 0]
[0.194s][info][gc] [GCHS : /proc/sys/vm/nr_overcommit_hugepages                                            : 0]
[0.194s][info][gc] [GCHS : /proc/sys/vm/oom_dump_tasks                                                     : 1]
[0.194s][info][gc] [GCHS : /proc/sys/vm/oom_kill_allocating_task                                           : 0]
[0.194s][info][gc] [GCHS : /proc/sys/vm/overcommit_kbytes                                                  : 0]
[0.194s][info][gc] [GCHS : /proc/sys/vm/overcommit_memory                                                  : 0]
[0.194s][info][gc] [GCHS : /proc/sys/vm/overcommit_ratio                                                   : 50]
[0.194s][info][gc] [GCHS : /proc/sys/vm/page-cluster                                                       : 3]
[0.194s][info][gc] [GCHS : /proc/sys/vm/panic_on_oom                                                       : 0]
[0.194s][info][gc] [GCHS : /proc/sys/vm/percpu_pagelist_fraction                                           : 0]
[0.194s][info][gc] [GCHS : /proc/sys/vm/stat_interval                                                      : 1]
[0.194s][info][gc] [GCHS : /proc/sys/vm/swappiness                                                         : 60]
[0.194s][info][gc] [GCHS : /proc/sys/vm/vfs_cache_pressure                                                 : 100]
[0.194s][info][gc] [GCHS : /proc/sys/vm/user_reserve_kbytes                                                : 131072]
[0.194s][info][gc] [GCHS : /proc/sys/vm/compact_unevictable_allowed                                        : 1]
[0.194s][info][gc] [GCHS : /proc/sys/vm/dirtytime_expire_seconds                                           : 43200]
[0.194s][info][gc] [GCHS : /proc/sys/vm/watermark_scale_factor                                             : 10]
[0.194s][info][gc] [GCHS : /sys/kernel/mm/hugepages/hugepages-2048kB/free_hugepages                        : 0]
[0.194s][info][gc] [GCHS : /sys/kernel/mm/hugepages/hugepages-2048kB/resv_hugepages                        : 0]
[0.194s][info][gc] [GCHS : /sys/kernel/mm/hugepages/hugepages-2048kB/surplus_hugepages                     : 0]
[0.194s][info][gc] [GCHS : /sys/kernel/mm/hugepages/hugepages-2048kB/nr_hugepages                          : 0]
[0.194s][info][gc] [GCHS : /sys/kernel/mm/hugepages/hugepages-2048kB/nr_overcommit_hugepages               : 0]
[0.194s][info][gc] [GCHS : /sys/kernel/mm/hugepages/hugepages-1048576kB/free_hugepages                     : 0]
[0.194s][info][gc] [GCHS : /sys/kernel/mm/hugepages/hugepages-1048576kB/resv_hugepages                     : 0]
[0.194s][info][gc] [GCHS : /sys/kernel/mm/hugepages/hugepages-1048576kB/surplus_hugepages                  : 0]
[0.194s][info][gc] [GCHS : /sys/kernel/mm/hugepages/hugepages-1048576kB/nr_hugepages                       : 0]
[0.194s][info][gc] [GCHS : /sys/kernel/mm/hugepages/hugepages-1048576kB/nr_overcommit_hugepages            : 0]
[0.194s][info][gc] [GCHS : /sys/kernel/mm/transparent_hugepage/defrag                                      : always defer defer+madvise [madvise] never]
[0.194s][info][gc] [GCHS : /sys/kernel/mm/transparent_hugepage/khugepaged/defrag                           : 1]
[0.194s][info][gc] [GCHS : /sys/kernel/mm/transparent_hugepage/khugepaged/max_ptes_shared                  : 256]
[0.194s][info][gc] [GCHS : /sys/kernel/mm/transparent_hugepage/khugepaged/scan_sleep_millisecs             : 10000]
[0.194s][info][gc] [GCHS : /sys/kernel/mm/transparent_hugepage/khugepaged/max_ptes_none                    : 511]
[0.194s][info][gc] [GCHS : /sys/kernel/mm/transparent_hugepage/khugepaged/pages_to_scan                    : 4096]
[0.194s][info][gc] [GCHS : /sys/kernel/mm/transparent_hugepage/khugepaged/max_ptes_swap                    : 64]
[0.194s][info][gc] [GCHS : /sys/kernel/mm/transparent_hugepage/khugepaged/alloc_sleep_millisecs            : 60000]
[0.194s][info][gc] [GCHS : /sys/kernel/mm/transparent_hugepage/khugepaged/pages_collapsed                  : 299]
[0.194s][info][gc] [GCHS : /sys/kernel/mm/transparent_hugepage/khugepaged/full_scans                       : 3]
[0.194s][info][gc] [GCHS : /sys/kernel/mm/transparent_hugepage/enabled                                     : [always] madvise never]
[0.194s][info][gc] [GCHS : /sys/kernel/mm/transparent_hugepage/use_zero_page                               : 1]
[0.194s][info][gc] [GCHS : /sys/kernel/mm/transparent_hugepage/shmem_enabled                               : always within_size advise [never] deny force]
[0.194s][info][gc] [GCHS : /sys/kernel/mm/transparent_hugepage/hpage_pmd_size                              : 2097152]
[0.194s][info][gc] [GCHS : /sys/kernel/mm/ksm/stable_node_dups                                             : 0]
[0.194s][info][gc] [GCHS : /sys/kernel/mm/ksm/max_page_sharing                                             : 256]
[0.194s][info][gc] [GCHS : /sys/kernel/mm/ksm/pages_volatile                                               : 0]
[0.194s][info][gc] [GCHS : /sys/kernel/mm/ksm/stable_node_chains_prune_millisecs                           : 2000]
[0.194s][info][gc] [GCHS : /sys/kernel/mm/ksm/pages_unshared                                               : 0]
[0.194s][info][gc] [GCHS : /sys/kernel/mm/ksm/stable_node_chains                                           : 0]
[0.194s][info][gc] [GCHS : /sys/kernel/mm/ksm/pages_shared                                                 : 0]
[0.194s][info][gc] [GCHS : /sys/kernel/mm/ksm/use_zero_pages                                               : 0]
[0.194s][info][gc] [GCHS : /sys/kernel/mm/ksm/pages_to_scan                                                : 100]
[0.194s][info][gc] [GCHS : /sys/kernel/mm/ksm/sleep_millisecs                                              : 20]
[0.194s][info][gc] [GCHS : /sys/kernel/mm/ksm/run                                                          : 0]
[0.194s][info][gc] [GCHS : /sys/kernel/mm/ksm/full_scans                                                   : 0]
[0.194s][info][gc] [GCHS : /sys/kernel/mm/ksm/pages_sharing                                                : 0]
[0.194s][info][gc] [GCHS : /sys/kernel/mm/swap/vma_ra_enabled                                              : true]
[0.194s][info][gc] [GCHS : /sys/devices/system/clocksource/clocksource0/current_clocksource                : tsc]
[0.194s][info][gc] [GCHS : /sys/devices/system/clocksource/clocksource0/available_clocksource              : tsc hyperv_clocksource_tsc_page ]
[0.215s][info][gc] [GCH                          : heap usage MB                                                        : gens MB                        : heap info MB                : pages                              : intercycle               intracycle               : gc            : threads  delay       failed      paced       : gc    pause 1   pause 2   pause 3   pause 4   : end]
[0.215s][info][gc] [GCH type label tot_ct-cyc_ct : max peak cur pcommit ppause upause rss codec_cap codec monitors jsys : new old perm internal gen-peak : live frag found cllctd lmtd : prom reloc noreloc rspike sm md lg : sec alloc-rate perm-rate sec alloc-rate perm-rate : thrds md diag : tot      cnt avg max cnt avg max cnt avg max : start start dur start dur start dur start dur : end]
[0.215s][info][gc] [SYSINFOH sysMemUsed cacheActiveFile cacheInactiveFile cacheActiveAnon cacheInactiveAnon swapCached buffers unevictable mlocked mapped : totalSysZingMemAcrossPartitions sysZingMemTot sysZingReservableUsed sysZingReservableTot sysZingContMemUsed sysZingContMemTot sysZingPPMemUsed sysZingPPMemTot : swapUsed swapMax : load1 load5 load15 : pageIn pageOut : swapPageIn swapPageOut : majorFaults cMajorFaults : processes procsRunning procsBlocked procsTotal : cgMem_limit_bytes cgMem_usage_bytes cgMem_max_usage_bytes cgMem_total_rss_bytes cgMem_total_shmem_bytes cgMem_total_active_file_bytes cgMem_total_inactive_file_bytes : cgCPU_usage_ms cgCPU_user_usage_ms cgCPU_system_usage_ms cgCPU_throttle_nof_periods cgCPU_throttle_nof_throttle cgCPU_throttle_throttled_ms : end(s) ]
[0.215s][info][gc] [HUGEPAGESTATH compact_stall compact_success compact_fail compact_pages_moved thp_fault_alloc thp_fault_fallback thp_file_alloc : anon_huge_pages shmem_pmd_mapped shmem_huge_pages : end(s) ]
[0.215s][info][gc] [OBJCREATH newGen(kB) permGen(kB) oldGen(kB) : end(s)]
[0.215s][info][gc] [VMACH vmaMax vmaStack vmaHeap vmaOther vmaCount : end(s)]
[0.215s][info][gc] [HMSVH gen : maps mapStomps mapReuses mapMisses cacheHits cacheMisses cachePartFlushes cacheFullFlushes : watermark cached cachedMin cachedMax : end(s)]
[0.215s][info][gc] [HMSPH maps : mapped unmapped : end(s)]
[0.215s][info][gc] [GPGC-HH Model MB/sec . .             : KIDRate : EstTime secs : Throttled GC Threads EstTime secs                    : CPU EstTime secs                                                      : Pause EstTime secs : EstTime percent : Sizes MB . .        : KIDCount  : Target MB   : Time(secs) : Heuristic ]
[0.215s][info][gc] [GPGC-HH NewGen OldGen PermGen Direct : KID/sec : NewGC OldGC  : NewGC_Model1 OldGC_Model1 NewGC_Model2 OldGC_Model2  : NewCPU OldCPU NewCPU_Model1 OldCPU_Model1 NewCPU_Model2 OldCPU_Model2 : NewGC_pause1       : NewGC_time      : New Old Perm Direct : KID       : Heap NewGen : Time       : ReasonCode ReasonString ]
[0.215s][info][gc] [COMPSTATSH      : Threads      : CompQueue   : StashQueue  : CompileCounts                                                                                                : StashCounts                                                                                              : TotalTimes ms                         : WaitTimes Histogram                                               : CompileTimes Histogram ]
[0.215s][info][gc] [COMPSTATSH Tier : Total Active : Peak Active : Peak Active : FullMethodCompiles OSRMethodCompiles MethodFailToInstall OSRFailToInstall FullMethodEvicted OSRMethodEvicted : MethodStashCompiles OSRStashCompiles MethodStashFailed OSRStashFailed MethodStashEvicted OSRStashEvicted : CPUTime WallClockTime WaitInQueueTime : 0-9 10-99 100-999 1000-9999 10000-99999 100000-999999 1000000-INF : 0-9 10-99 100-999 1000-9999 10000-99999 100000-999999 1000000-INF ]
[0.215s][info][gc] [DEOPTSTATSH : deoptimization : deoptimization_frame : deopt_on_throw : unloaded : cha : non_static_final_fields : unreached_if : unreached_call : athrow : null_check : div0_check : range_check : range_check_widened : cast_check : unhandled : predicate : loop_limit_check : array_store_check : uninitialized : unloaded_array_class : unexpected_klass_mono : unexpected_klass_bi : unexpected_klass_tri : unexpected_null_cast : intrinsic_check : Reason_fast_intrinsic_check : install_async_ex : new_exception : jvmti : static_in_clinit : stuck_in_loop : tier1_patch_volatile_field : too_many_compiles : deopt_a_lot : uncounted_loop_speculation_failed : loop_nest_speculation_failed : inacc_field_null_rcvr : new_gen_oop_assumption_failed : Reason_devirt_no_profile : unreached_jump : effectively_final_fields : unreached_switch_case ]
[0.215s][info][gc] [DEOPTSTATSH Tier : Entr NonEntr : Entr NonEntr : Entr NonEntr : Entr NonEntr : Entr NonEntr : Entr NonEntr : Entr NonEntr : Entr NonEntr : Entr NonEntr : Entr NonEntr : Entr NonEntr : Entr NonEntr : Entr NonEntr : Entr NonEntr : Entr NonEntr : Entr NonEntr : Entr NonEntr : Entr NonEntr : Entr NonEntr : Entr NonEntr : Entr NonEntr : Entr NonEntr : Entr NonEntr : Entr NonEntr : Entr NonEntr : Entr NonEntr : Entr NonEntr : Entr NonEntr : Entr NonEntr : Entr NonEntr : Entr NonEntr : Entr NonEntr : Entr NonEntr : Entr NonEntr : Entr NonEntr : Entr NonEntr : Entr NonEntr : Entr NonEntr : Entr NonEntr : Entr NonEntr : Entr NonEntr : Entr NonEntr ]
[0.219s][info][gc] [CCFH queuedForFlush queuedForFlushSize flushed flushedSize freedTotal freedTotalSize : bytesAllTypes : c2i2cAdapters c2i2cAdaptersBytes : methodStubs methodStubsBytes : nativeWrappers nativeWrappersBytes : tier1Compiles tier1CompilesBytes : tier2Compiles tier2CompilesBytes : objMonitors objMonitorsBytes : vtables vtablesBytes : mhAdapters mhAdaptersBytes ]
[0.220s][info][gc] [SYSINFO 1933 189 87 0 1492 0 20 0 0 628 : - - - - - - - - : 0 7168 : 0.16 0.50 1.27 : 275502 4214904 : 0 0 : 11 0 : 1520 1 0 237 : - 1851785216 333475840 759627776 801005568 198426624 92184576 : 140688591 4796340 117240 0 0 0 : 0.220087 ]
[0.220s][info][gc] [HUGEPAGESTAT 0 0 0 - 20833 0 0 : 610304 0 0 : 0.220087 ]
[0.588s][info][gc] [COMPSTATS 1 : 5 1 : 5 1 : 0 0 : 100 0 0 0 0 0 : 0 0 0 0 0 0 : 29 30 0 : 100 0 0 0 0 0 0 : 99 0 0 0 0 0 0 ]
[0.588s][info][gc] [COMPSTATS 2 : 5 3 : 5 3 : 0 0 : 10 0 0 0 0 0 : 0 0 0 0 0 0 : 279 282 0 : 10 0 0 0 0 0 0 : 0 6 1 0 0 0 0 ]
[0.588s][info][gc] [DEOPTSTATS 1 : 0 0 : 0 0 : 0 0 : 0 0 : 0 0 : 0 0 : 0 0 : 0 0 : 0 0 : 0 0 : 0 0 : 0 0 : 0 0 : 0 0 : 0 0 : 0 0 : 0 0 : 0 0 : 0 0 : 0 0 : 0 0 : 0 0 : 0 0 : 0 0 : 0 0 : 0 0 : 0 0 : 0 0 : 0 0 : 0 0 : 0 0 : 0 0 : 0 0 : 0 0 : 0 0 : 0 0 : 0 0 : 0 0 : 0 0 : 0 0 : 0 0 : 0 0 ]
[0.588s][info][gc] [DEOPTSTATS 2 : 0 0 : 0 0 : 0 0 : 0 0 : 0 0 : 0 0 : 0 1 : 0 0 : 0 0 : 0 0 : 0 0 : 0 0 : 0 0 : 0 0 : 0 0 : 0 0 : 0 0 : 0 0 : 0 0 : 0 0 : 0 0 : 0 0 : 0 0 : 0 0 : 0 0 : 0 0 : 0 0 : 0 0 : 0 0 : 0 0 : 0 0 : 0 0 : 0 0 : 0 0 : 0 0 : 0 0 : 0 0 : 0 0 : 0 0 : 0 0 : 0 0 : 0 0 ]
[0.881s][info][gc] [COMPSTATS 1 : 5 1 : 31 1 : 0 0 : 300 0 0 0 0 0 : 0 0 0 0 0 0 : 110 113 15 : 300 0 0 0 0 0 0 : 299 0 0 0 0 0 0 ]
[0.881s][info][gc] [COMPSTATS 2 : 5 4 : 9 4 : 0 0 : 27 0 0 0 0 0 : 0 0 0 0 0 0 : 1012 1026 287 : 23 3 1 0 0 0 0 : 1 20 2 0 0 0 0 ]
[0.882s][info][gc] [DEOPTSTATS 1 : 0 0 : 0 0 : 0 0 : 0 0 : 0 0 : 0 0 : 0 0 : 0 0 : 0 0 : 0 0 : 0 0 : 0 0 : 0 0 : 0 0 : 0 0 : 0 0 : 0 0 : 0 0 : 0 0 : 0 0 : 0 0 : 0 0 : 0 0 : 0 0 : 0 0 : 0 0 : 0 0 : 0 0 : 0 0 : 0 0 : 0 0 : 0 0 : 0 0 : 0 0 : 0 0 : 0 0 : 0 0 : 0 0 : 0 0 : 0 0 : 0 0 : 0 0 ]
[0.882s][info][gc] [DEOPTSTATS 2 : 0 0 : 0 0 : 0 0 : 0 0 : 0 0 : 0 0 : 0 2 : 0 0 : 0 0 : 0 0 : 0 0 : 0 0 : 0 0 : 0 0 : 0 0 : 0 0 : 0 0 : 0 0 : 0 0 : 0 0 : 0 1 : 0 0 : 0 0 : 0 0 : 0 0 : 0 0 : 0 0 : 0 0 : 0 0 : 0 0 : 0 0 : 0 0 : 0 0 : 0 0 : 0 0 : 0 0 : 0 0 : 0 0 : 0 0 : 0 1 : 0 0 : 0 0 ]
[0.936s][info][safepoint] Application time: 0.0000000 seconds
[0.937s][info][safepoint] Total time for which application threads were stopped: 0.0000211 seconds, Stopping threads took: 0.0000005 seconds
[0.937s][info][gc       ] [SPSH lock suspend gclocker notify wait resuspend cleanup op_time wakeup total(ms) op_name end(s) ]
[0.937s][info][gc       ] [SPS 0.000 0.001 0.000 0.010 0.000 0.001 0.000 0.003 0.006 0.021 Deoptimize 0.936056 ]
[1.341s][info][gc       ] [GPGC-H  0.0 0.0 0.0 0.0 : 0.0 : 0.000 0.000 : 0.000 0.000 0.000 0.000 : 0.000 0.000 0.000 0.000 0.000 0.000 : 0.000 : 0.000 : 526 0 24 0 : 2266 : 4608 4424 : 1.341130 : 6 Heap_use_crossed_first_gc_percent ]
[1.344s][info][safepoint] Application time: 0.3222028 seconds
[1.344s][info][safepoint] Total time for which application threads were stopped: 0.0002558 seconds, Stopping threads took: 0.0000005 seconds
[1.345s][info][gc       ] [SPS 0.000 0.001 0.005 0.009 0.000 0.001 0.000 0.212 0.032 0.256 NewGC_pause1 1.343941 ]
[1.544s][info][gc       ] [DEOPTSTATS 1 : 0 0 : 0 0 : 0 0 : 0 0 : 0 1 : 0 0 : 0 0 : 0 0 : 0 0 : 0 0 : 0 0 : 0 0 : 0 0 : 0 0 : 0 0 : 0 0 : 0 0 : 0 0 : 0 0 : 0 0 : 0 0 : 0 0 : 0 0 : 0 0 : 0 0 : 0 0 : 0 0 : 0 0 : 0 0 : 0 0 : 1 0 : 0 0 : 0 0 : 0 0 : 0 0 : 0 0 : 0 0 : 0 0 : 0 0 : 0 0 : 0 0 : 0 0 ]
[1.544s][info][gc       ] [DEOPTSTATS 2 : 0 0 : 0 0 : 0 0 : 0 0 : 0 0 : 0 0 : 0 4 : 0 0 : 0 0 : 0 0 : 0 0 : 0 0 : 0 0 : 0 0 : 0 0 : 0 0 : 0 0 : 0 0 : 0 0 : 0 0 : 0 1 : 0 0 : 0 0 : 0 0 : 0 0 : 0 0 : 0 0 : 0 0 : 0 0 : 0 0 : 1 0 : 0 0 : 0 0 : 0 0 : 0 0 : 0 0 : 0 0 : 0 0 : 0 0 : 0 1 : 0 0 : 0 0 ]
[1.551s][info][safepoint] Application time: 0.2069981 seconds
[1.551s][info][safepoint] Total time for which application threads were stopped: 0.0001844 seconds, Stopping threads took: 0.0000005 seconds
[1.552s][info][gc       ] [SPS 0.000 0.001 0.000 0.009 0.000 0.001 0.000 0.137 0.037 0.184 NewGC_pause2 1.551124 ]
[1.554s][info][safepoint] Application time: 0.0025550 seconds
[1.554s][info][safepoint] Total time for which application threads were stopped: 0.0000703 seconds, Stopping threads took: 0.0000005 seconds
[1.554s][info][gc       ] [SPS 0.000 0.000 0.000 0.009 0.001 0.001 0.000 0.044 0.016 0.070 NewGC_pause3 1.553749 ]
[1.557s][info][safepoint] Application time: 0.0026524 seconds
[1.557s][info][safepoint] Total time for which application threads were stopped: 0.0001375 seconds, Stopping threads took: 0.0000005 seconds
[1.557s][info][gc       ] [SPS 0.000 0.522 0.008 0.009 0.000 0.001 0.000 0.101 0.026 0.138 NewGC_pause4 1.556539 ]
[1.559s][info][gc       ] [GC NTO Max 1-1 : 5120 1092 1046 5120 - - 811 56 2 2 - : 836 0 26 184 882 : 819 11 57 57 0 : 0 4 176 0 365 - 53 : 1.293183 408.3 18.6 0.216738 1679.4 9.2 : 3 --c 0000 : 23 0 0.000 0.000 0 0.000 0.000 0 0.000 0.000 : 1.341471 1.343685 0.000217 1.550939 0.000082 1.553678 0.000049 1.556401 0.000063 : 1.558209 ]
[1.559s][info][gc       ] [SYSINFO 6937 190 89 0 6479 0 20 0 0 2241 : - - - - - - - - : 0 7168 : 0.16 0.50 1.27 : 278114 4215008 : 0 0 : 12 0 : 1547 4 0 264 : - 7083921408 333475840 851189760 5939011584 199507968 93806592 : 140688591 4801080 118600 0 0 0 : 1.558615 ]
[1.559s][info][gc       ] [HUGEPAGESTAT 0 0 0 - 20836 0 0 : 610304 0 0 : 1.558615 ]
[1.559s][info][gc       ] [OBJCREAT 870443 24212 - : 1.558690 ]
[1.559s][info][gc       ] [HMSV All : 0 0 8 0 0 0 0 0 : 4094 0 0 0 : 1.558733 ]
[1.559s][info][gc       ] [HMSP 9 : 41100 0 : 1.558733 ]
[1.559s][info][gc       ] [VMAC 65530 166 24 425 615 : 1.559444 ]
[1.560s][info][safepoint] Application time: 0.0019934 seconds
[1.560s][info][safepoint] Total time for which application threads were stopped: 0.0009935 seconds, Stopping threads took: 0.0000005 seconds
[1.560s][info][gc       ] [SPS 0.000 0.001 0.000 0.012 0.001 0.001 0.000 0.950 0.030 0.994 OldGC_pause2 1.559526 ]
[1.563s][info][safepoint] Application time: 0.0036615 seconds
[1.563s][info][safepoint] Total time for which application threads were stopped: 0.0001199 seconds, Stopping threads took: 0.0000065 seconds
[1.564s][info][gc       ] [SPS 0.000 0.000 0.000 0.009 0.007 0.001 0.000 0.085 0.018 0.120 OldGC_pause3 1.563307 ]
[1.573s][info][safepoint] Application time: 0.0099885 seconds
[1.574s][info][safepoint] Total time for which application threads were stopped: 0.0000856 seconds, Stopping threads took: 0.0000005 seconds
[1.574s][info][gc       ] [SPS 0.000 0.002 0.002 0.009 0.001 0.001 0.000 0.054 0.021 0.086 OldGC_pause4 1.573381 ]
[1.579s][info][gc       ] [GC Old Max 2-1 : 5120 1104 1104 5120 - - 811 56 2 2 - : 892 0 28 184 30 : 25 4 0 0 0 : 0 4 1 1 14 - 0 : 1.294573 0.0 18.5 0.235689 0.0 8.5 : 1 --c 0000 : 23   -    -    -    -    -    -    -    -    -  : 1.342861 1.343685 0.000217 1.558532 0.000944 1.563187 0.000097 1.573296 0.000057 : 1.578550 ]
[1.579s][info][gc       ] [SYSINFO 6937 190 89 0 6479 0 20 0 0 2286 : - - - - - - - - : 0 7168 : 0.16 0.50 1.27 : 278114 4215008 : 0 0 : 12 0 : 1547 3 0 264 : - 7084056576 333475840 851324928 5939011584 199507968 93806592 : 140688591 4801110 118640 0 0 0 : 1.578786 ]
[1.579s][info][gc       ] [HUGEPAGESTAT 0 0 0 - 20836 0 0 : 610304 0 0 : 1.578786 ]
[1.579s][info][gc       ] [OBJCREAT 923982 24212 - : 1.578837 ]
[1.579s][info][gc       ] [HMSV All : 0 0 8 0 0 0 0 0 : 4094 0 0 0 : 1.578859 ]
[1.579s][info][gc       ] [HMSP 9 : 41100 0 : 1.578859 ]
[1.579s][info][gc       ] [COMPSTATS 1 : 5 0 : 10 0 : 0 0 : 382 1 0 0 0 0 : 0 0 0 0 0 0 : 138 140 15 : 383 0 0 0 0 0 0 : 383 0 0 0 0 0 0 ]
[1.579s][info][gc       ] [COMPSTATS 2 : 5 0 : 23 0 : 0 0 : 53 2 0 0 0 0 : 0 0 0 0 0 0 : 2513 2538 1277 : 32 22 1 0 0 0 0 : 4 44 7 0 0 0 0 ]
[1.579s][info][gc       ] [DEOPTSTATS 1 : 0 0 : 0 0 : 0 0 : 0 0 : 0 1 : 0 0 : 0 0 : 0 0 : 0 0 : 0 0 : 0 0 : 0 0 : 0 0 : 0 0 : 0 0 : 0 0 : 0 0 : 0 0 : 0 0 : 0 0 : 0 0 : 0 0 : 0 0 : 0 0 : 0 0 : 0 0 : 0 0 : 0 0 : 0 0 : 0 0 : 1 0 : 0 0 : 0 0 : 0 0 : 0 0 : 0 0 : 0 0 : 0 0 : 0 0 : 0 0 : 0 0 : 0 0 ]
[1.579s][info][gc       ] [DEOPTSTATS 2 : 0 0 : 0 0 : 0 0 : 0 0 : 0 0 : 0 0 : 0 4 : 0 0 : 0 0 : 0 0 : 0 0 : 0 0 : 0 0 : 0 0 : 0 0 : 0 0 : 0 0 : 0 0 : 0 0 : 0 0 : 0 1 : 0 0 : 0 0 : 0 0 : 0 0 : 0 0 : 0 0 : 0 0 : 0 0 : 0 0 : 1 0 : 0 0 : 0 0 : 0 0 : 0 0 : 0 0 : 0 0 : 0 0 : 0 0 : 0 1 : 0 0 : 0 0 ]
[1.580s][info][gc       ] [VMAC 65530 166 24 425 615 : 1.579582 ]
[1.580s][info][gc       ] [CCF 0 0 0 0 7 19456: 2475520 : 376 194560 : 2 32768 : 312 306176 :  382 494592 : 49 65536 : 0 0 : 14 1146880 : 1 2048]
[1.640s][info][gc       ] [GPGC-H  383.9 0.0 16.2 0.0 : 1557.4 : 0.000 0.000 : 0.000 0.000 0.217 0.236 : 0.000 0.000 0.000 0.000 0.598 0.017 : 0.000 : 14.354 : 1074 0 28 0 : 2266 : 4608 4424 : 1.639615 : 7 Heap_use_crossed_incremental_gc_percent ]
[1.646s][info][safepoint] Application time: 0.0719718 seconds
[1.646s][info][safepoint] Total time for which application threads were stopped: 0.0002467 seconds, Stopping threads took: 0.0000005 seconds
[1.646s][info][gc       ] [SPS 0.000 0.001 0.005 0.011 0.001 0.001 0.000 0.209 0.025 0.247 NewGC_pause1 1.645600 ]
[1.827s][info][gc       ] [COMPSTATS 1 : 5 5 : 15 6 : 0 0 : 400 1 0 0 0 0 : 0 0 0 0 0 0 : 141 143 15 : 401 0 0 0 0 0 0 : 396 0 0 0 0 0 0 ]
[1.827s][info][gc       ] [COMPSTATS 2 : 5 0 : 23 0 : 0 0 : 53 2 0 0 0 0 : 0 0 0 0 0 0 : 2513 2538 1277 : 32 22 1 0 0 0 0 : 4 44 7 0 0 0 0 ]
[1.827s][info][gc       ] [DEOPTSTATS 1 : 0 0 : 0 0 : 0 0 : 0 0 : 0 1 : 0 0 : 0 0 : 0 0 : 0 0 : 0 0 : 0 0 : 0 0 : 0 0 : 0 0 : 0 0 : 0 0 : 0 0 : 0 0 : 0 0 : 0 0 : 0 0 : 0 0 : 0 0 : 0 0 : 0 0 : 0 0 : 0 0 : 0 0 : 0 0 : 0 0 : 1 0 : 0 0 : 0 0 : 0 0 : 0 0 : 0 0 : 0 0 : 0 0 : 0 0 : 0 0 : 0 0 : 0 0 ]
[1.827s][info][gc       ] [DEOPTSTATS 2 : 0 0 : 0 0 : 0 0 : 0 0 : 0 0 : 0 0 : 0 4 : 0 0 : 0 0 : 0 0 : 0 0 : 0 0 : 0 0 : 0 0 : 0 0 : 0 0 : 0 0 : 0 0 : 0 0 : 0 0 : 0 1 : 0 0 : 0 0 : 0 0 : 0 0 : 0 0 : 0 0 : 0 0 : 0 0 : 0 0 : 1 0 : 0 0 : 0 0 : 0 0 : 0 0 : 0 0 : 0 0 : 0 0 : 0 0 : 0 1 : 0 0 : 0 0 ]
[1.827s][info][gc       ] [COMPSTATS 1 : 5 5 : 15 6 : 0 0 : 400 1 0 0 0 0 : 0 0 0 0 0 0 : 141 143 15 : 401 0 0 0 0 0 0 : 396 0 0 0 0 0 0 ]
[1.827s][info][gc       ] [COMPSTATS 2 : 5 0 : 23 0 : 0 0 : 53 2 0 0 0 0 : 0 0 0 0 0 0 : 2513 2538 1277 : 32 22 1 0 0 0 0 : 4 44 7 0 0 0 0 ]
[1.827s][info][gc       ] [DEOPTSTATS 1 : 0 0 : 0 0 : 0 0 : 0 0 : 0 1 : 0 0 : 0 0 : 0 0 : 0 0 : 0 0 : 0 0 : 0 0 : 0 0 : 0 0 : 0 0 : 0 0 : 0 0 : 0 0 : 0 0 : 0 0 : 0 0 : 0 0 : 0 0 : 0 0 : 0 0 : 0 0 : 0 0 : 0 0 : 0 0 : 0 0 : 1 0 : 0 0 : 0 0 : 0 0 : 0 0 : 0 0 : 0 0 : 0 0 : 0 0 : 0 0 : 0 0 : 0 0 ]
[1.827s][info][gc       ] [DEOPTSTATS 2 : 0 0 : 0 0 : 0 0 : 0 0 : 0 0 : 0 0 : 0 4 : 0 0 : 0 0 : 0 0 : 0 0 : 0 0 : 0 0 : 0 0 : 0 0 : 0 0 : 0 0 : 0 0 : 0 0 : 0 0 : 0 1 : 0 0 : 0 0 : 0 0 : 0 0 : 0 0 : 0 0 : 0 0 : 0 0 : 0 0 : 1 0 : 0 0 : 0 0 : 0 0 : 0 0 : 0 0 : 0 0 : 0 0 : 0 0 : 0 1 : 0 0 : 0 0 ]
[1.827s][info][gc       ] [COMPSTATS 1 : 5 5 : 15 6 : 0 0 : 400 1 0 0 0 0 : 0 0 0 0 0 0 : 141 143 15 : 401 0 0 0 0 0 0 : 396 0 0 0 0 0 0 ]
[1.827s][info][gc       ] [COMPSTATS 2 : 5 0 : 23 0 : 0 0 : 53 2 0 0 0 0 : 0 0 0 0 0 0 : 2513 2538 1277 : 32 22 1 0 0 0 0 : 4 44 7 0 0 0 0 ]
[1.827s][info][gc       ] [DEOPTSTATS 1 : 0 0 : 0 0 : 0 0 : 0 0 : 0 1 : 0 0 : 0 0 : 0 0 : 0 0 : 0 0 : 0 0 : 0 0 : 0 0 : 0 0 : 0 0 : 0 0 : 0 0 : 0 0 : 0 0 : 0 0 : 0 0 : 0 0 : 0 0 : 0 0 : 0 0 : 0 0 : 0 0 : 0 0 : 0 0 : 0 0 : 1 0 : 0 0 : 0 0 : 0 0 : 0 0 : 0 0 : 0 0 : 0 0 : 0 0 : 0 0 : 0 0 : 0 0 ]
[1.827s][info][gc       ] [DEOPTSTATS 2 : 0 0 : 0 0 : 0 0 : 0 0 : 0 0 : 0 0 : 0 4 : 0 0 : 0 0 : 0 0 : 0 0 : 0 0 : 0 0 : 0 0 : 0 0 : 0 0 : 0 0 : 0 0 : 0 0 : 0 0 : 0 1 : 0 0 : 0 0 : 0 0 : 0 0 : 0 0 : 0 0 : 0 0 : 0 0 : 0 0 : 1 0 : 0 0 : 0 0 : 0 0 : 0 0 : 0 0 : 0 0 : 0 0 : 0 0 : 0 1 : 0 0 : 0 0 ]
[1.827s][info][gc       ] [COMPSTATS 1 : 5 5 : 15 6 : 0 0 : 400 1 0 0 0 0 : 0 0 0 0 0 0 : 141 143 15 : 401 0 0 0 0 0 0 : 396 0 0 0 0 0 0 ]
[1.827s][info][gc       ] [COMPSTATS 2 : 5 0 : 23 0 : 0 0 : 53 2 0 0 0 0 : 0 0 0 0 0 0 : 2513 2538 1277 : 32 22 1 0 0 0 0 : 4 44 7 0 0 0 0 ]
[1.827s][info][gc       ] [DEOPTSTATS 1 : 0 0 : 0 0 : 0 0 : 0 0 : 0 1 : 0 0 : 0 0 : 0 0 : 0 0 : 0 0 : 0 0 : 0 0 : 0 0 : 0 0 : 0 0 : 0 0 : 0 0 : 0 0 : 0 0 : 0 0 : 0 0 : 0 0 : 0 0 : 0 0 : 0 0 : 0 0 : 0 0 : 0 0 : 0 0 : 0 0 : 1 0 : 0 0 : 0 0 : 0 0 : 0 0 : 0 0 : 0 0 : 0 0 : 0 0 : 0 0 : 0 0 : 0 0 ]
[1.827s][info][gc       ] [DEOPTSTATS 2 : 0 0 : 0 0 : 0 0 : 0 0 : 0 0 : 0 0 : 0 4 : 0 0 : 0 0 : 0 0 : 0 0 : 0 0 : 0 0 : 0 0 : 0 0 : 0 0 : 0 0 : 0 0 : 0 0 : 0 0 : 0 1 : 0 0 : 0 0 : 0 0 : 0 0 : 0 0 : 0 0 : 0 0 : 0 0 : 0 0 : 1 0 : 0 0 : 0 0 : 0 0 : 0 0 : 0 0 : 0 0 : 0 0 : 0 0 : 0 1 : 0 0 : 0 0 ]
[1.827s][info][gc       ] [COMPSTATS 1 : 5 5 : 15 6 : 0 0 : 400 1 0 0 0 0 : 0 0 0 0 0 0 : 141 143 15 : 401 0 0 0 0 0 0 : 396 0 0 0 0 0 0 ]
[1.827s][info][gc       ] [COMPSTATS 2 : 5 0 : 23 0 : 0 0 : 53 2 0 0 0 0 : 0 0 0 0 0 0 : 2513 2538 1277 : 32 22 1 0 0 0 0 : 4 44 7 0 0 0 0 ]
[1.827s][info][gc       ] [DEOPTSTATS 1 : 0 0 : 0 0 : 0 0 : 0 0 : 0 1 : 0 0 : 0 0 : 0 0 : 0 0 : 0 0 : 0 0 : 0 0 : 0 0 : 0 0 : 0 0 : 0 0 : 0 0 : 0 0 : 0 0 : 0 0 : 0 0 : 0 0 : 0 0 : 0 0 : 0 0 : 0 0 : 0 0 : 0 0 : 0 0 : 0 0 : 1 0 : 0 0 : 0 0 : 0 0 : 0 0 : 0 0 : 0 0 : 0 0 : 0 0 : 0 0 : 0 0 : 0 0 ]
[1.827s][info][gc       ] [DEOPTSTATS 2 : 0 0 : 0 0 : 0 0 : 0 0 : 0 0 : 0 0 : 0 4 : 0 0 : 0 0 : 0 0 : 0 0 : 0 0 : 0 0 : 0 0 : 0 0 : 0 0 : 0 0 : 0 0 : 0 0 : 0 0 : 0 1 : 0 0 : 0 0 : 0 0 : 0 0 : 0 0 : 0 0 : 0 0 : 0 0 : 0 0 : 1 0 : 0 0 : 0 0 : 0 0 : 0 0 : 0 0 : 0 0 : 0 0 : 0 0 : 0 1 : 0 0 : 0 0 ]
[2.122s][info][safepoint] Application time: 0.4765257 seconds
[2.123s][info][safepoint] Total time for which application threads were stopped: 0.0002434 seconds, Stopping threads took: 0.0000005 seconds
[2.123s][info][gc       ] [SPS 0.000 0.001 0.000 0.010 0.000 0.001 0.000 0.191 0.041 0.243 NewGC_pause2 2.122370 ]
[2.125s][info][safepoint] Application time: 0.0026147 seconds
[2.125s][info][safepoint] Total time for which application threads were stopped: 0.0001672 seconds, Stopping threads took: 0.0000005 seconds
[2.126s][info][gc       ] [SPS 0.000 0.000 0.000 0.010 0.000 0.001 0.000 0.131 0.026 0.167 NewGC_pause3 2.125152 ]
[2.129s][info][safepoint] Application time: 0.0038123 seconds
[2.129s][info][safepoint] Total time for which application threads were stopped: 0.0001468 seconds, Stopping threads took: 0.0000005 seconds
[2.129s][info][gc       ] [SPS 0.000 0.611 0.003 0.009 0.001 0.001 0.000 0.111 0.025 0.147 NewGC_pause4 2.129111 ]
[2.131s][info][gc       ] [GC NTO Max 3-2 : 5120 2194 2140 5120 - - 835 56 2 2 - : 1926 0 30 184 1980 : 1912 14 58 58 0 : 0 4 447 0 846 - 117 : 0.081894 2906.2 0.0 0.490309 1851.9 4.1 : 3 --c 0000 : 23 0 0.000 0.000 0 0.000 0.000 0 0.000 0.000 : 1.640103 1.645354 0.000215 2.122126 0.000148 2.124984 0.000101 2.128964 0.000108 : 2.130411 ]
[2.131s][info][gc       ] [SYSINFO 6965 190 89 0 6504 0 20 0 0 3489 : - - - - - - - - : 0 7168 : 0.16 0.50 1.27 : 278114 4215008 : 0 0 : 12 0 : 1547 7 0 264 : - 7109062656 333475840 876331008 5939011584 199507968 93806592 : 140688591 4803230 119470 0 0 0 : 2.130702 ]
[2.131s][info][gc       ] [HUGEPAGESTAT 0 0 0 - 20836 0 0 : 610304 0 0 : 2.130702 ]
[2.131s][info][gc       ] [OBJCREAT 2006467 24278 - : 2.130756 ]
[2.131s][info][gc       ] [HMSV All : 0 0 10 0 0 0 0 0 : 4278 0 0 0 : 2.130773 ]
[2.131s][info][gc       ] [HMSP 9 : 41100 0 : 2.130773 ]
[2.131s][info][gc       ] [GPGC-H  383.9 0.0 16.2 0.0 : 1557.4 : 0.000 0.000 : 0.000 0.000 0.490 0.236 : 0.000 0.000 0.000 0.000 1.007 0.017 : 0.000 : 85.688 : 1926 0 30 0 : 2267 : 4608 4424 : 2.131414 : 7 Heap_use_crossed_incremental_gc_percent ]
[2.132s][info][gc       ] [VMAC 65530 166 24 425 615 : 2.131913 ]
[2.132s][info][safepoint] Application time: 0.0018851 seconds
[2.132s][info][safepoint] Total time for which application threads were stopped: 0.0013010 seconds, Stopping threads took: 0.0000011 seconds
[2.133s][info][gc       ] [SPS 0.000 0.000 0.000 0.393 0.001 0.001 0.001 0.874 0.031 1.301 OldGC_pause2 2.132297 ]
[2.136s][info][safepoint] Application time: 0.0036697 seconds
[2.136s][info][safepoint] Total time for which application threads were stopped: 0.0001021 seconds, Stopping threads took: 0.0000006 seconds
[2.137s][info][gc       ] [SPS 0.000 0.001 0.000 0.011 0.001 0.001 0.000 0.065 0.024 0.102 OldGC_pause3 2.136069 ]
[2.146s][info][safepoint] Application time: 0.0094489 seconds
[2.146s][info][safepoint] Total time for which application threads were stopped: 0.0003050 seconds, Stopping threads took: 0.0000006 seconds
[2.147s][info][gc       ] [SPS 0.000 3.892 0.004 0.010 0.001 0.001 0.000 0.271 0.022 0.305 NewGC_pause1 2.145823 ]
[2.715s][info][gc       ] [DEOPTSTATS 1 : 0 0 : 0 0 : 0 0 : 0 0 : 0 1 : 0 0 : 0 0 : 0 0 : 0 0 : 0 0 : 0 0 : 0 0 : 0 0 : 0 0 : 0 0 : 0 0 : 0 0 : 0 0 : 0 0 : 0 0 : 0 0 : 0 0 : 0 0 : 0 0 : 0 0 : 0 0 : 0 0 : 0 0 : 0 0 : 0 0 : 3 0 : 0 0 : 0 0 : 0 0 : 0 0 : 0 0 : 0 0 : 0 0 : 0 0 : 0 0 : 0 0 : 0 0 ]
[2.715s][info][gc       ] [DEOPTSTATS 2 : 0 0 : 0 0 : 0 0 : 0 0 : 0 0 : 0 0 : 0 5 : 0 0 : 0 0 : 0 0 : 0 0 : 0 0 : 0 0 : 0 0 : 0 0 : 0 0 : 0 0 : 0 0 : 0 0 : 0 0 : 0 1 : 0 0 : 0 0 : 0 0 : 0 0 : 0 0 : 0 0 : 0 0 : 0 0 : 0 0 : 2 0 : 0 0 : 0 0 : 0 0 : 0 1 : 0 0 : 0 0 : 0 0 : 0 0 : 0 1 : 0 0 : 0 0 ]
[2.721s][info][safepoint] Application time: 0.5756284 seconds
[2.722s][info][safepoint] Total time for which application threads were stopped: 0.0000296 seconds, Stopping threads took: 0.0000010 seconds
[2.722s][info][gc       ] [SPS 0.000 0.001 0.000 0.011 0.001 0.001 0.001 0.007 0.008 0.029 Deoptimize 2.721481 ]
[2.899s][info][safepoint] Application time: 0.1779238 seconds
[2.900s][info][safepoint] Total time for which application threads were stopped: 0.0000798 seconds, Stopping threads took: 0.0000006 seconds
[2.900s][info][gc       ] [SPS 0.000 0.001 0.000 0.012 0.001 0.001 0.000 0.047 0.019 0.080 NewGC_pause2 2.899485 ]
[2.901s][info][safepoint] Application time: 0.0016163 seconds
[2.901s][info][safepoint] Total time for which application threads were stopped: 0.0001350 seconds, Stopping threads took: 0.0000006 seconds
[2.902s][info][gc       ] [SPS 0.000 0.000 0.000 0.010 0.001 0.001 0.000 0.083 0.040 0.135 NewGC_pause3 2.901236 ]
[2.908s][info][safepoint] Application time: 0.0061753 seconds
[2.908s][info][safepoint] Total time for which application threads were stopped: 0.0001259 seconds, Stopping threads took: 0.0000006 seconds
[2.908s][info][gc       ] [SPS 0.000 0.004 0.004 0.012 0.001 0.001 0.000 0.069 0.042 0.126 NewGC_pause4 2.907538 ]
[2.945s][info][gc       ] [GC New Max 5-3 : 5120 2360 2258 5120 - - 872 56 2 2 - : 2038 6 30 184 2146 : 1983 11 151 151 0 : 3 61 109 0 964 - 55 : 0.005453 0.0 0.0 0.809017 311.5 0.0 : 3 --c 0000 : 23 0 0.000 0.000 0 0.000 0.000 0 0.000 0.000 : 2.135864 2.145518 0.000275 2.899405 0.000054 2.901101 0.000082 2.907412 0.000074 : 2.944881 ]
[2.945s][info][gc       ] [SYSINFO 7008 190 89 0 6541 0 20 0 0 5051 : - - - - - - - - : 0 7168 : 0.16 0.50 1.27 : 278114 4215008 : 0 0 : 12 0 : 1547 9 0 264 : - 7147855872 333475840 915124224 5939011584 199507968 93806592 : 140688591 4807770 120440 0 0 0 : 2.945249 ]
[2.945s][info][gc       ] [HUGEPAGESTAT 0 0 0 - 20836 0 0 : 610304 0 0 : 2.945249 ]
[2.945s][info][gc       ] [OBJCREAT 2255153 24278 6144 : 2.945344 ]
[2.945s][info][gc       ] [HMSV All : 0 0 10 0 0 0 0 0 : 4278 0 0 0 : 2.945374 ]
[2.945s][info][gc       ] [HMSP 9 : 41100 0 : 2.945374 ]
[2.946s][info][gc       ] [VMAC 65530 166 24 427 617 : 2.945929 ]
[2.946s][info][safepoint] Application time: 0.0384451 seconds
[2.946s][info][safepoint] Total time for which application threads were stopped: 0.0001646 seconds, Stopping threads took: 0.0000006 seconds
[2.947s][info][gc       ] [SPS 0.000 0.521 0.006 0.012 0.001 0.001 0.001 0.079 0.071 0.164 OldGC_pause4 2.946148 ]
[2.948s][info][gc       ] [GC Old Max 4-2 : 5120 2360 2262 5120 - - 872 56 2 2 - : 2040 6 32 184 44 : 31 13 0 0 0 : 0 4 4 3 19 - 0 : 0.063881 0.0 0.0 1.305237 4.6 1.5 : 1 --c 0000 : 23   -    -    -    -    -    -    -    -    -  : 1.642432 1.645354 0.000215 2.130996 0.001257 2.135967 0.000060 2.945983 0.000091 : 2.947668 ]
[2.948s][info][gc       ] [SYSINFO 7008 190 89 0 6541 0 20 0 0 5055 : - - - - - - - - : 0 7168 : 0.16 0.50 1.27 : 278114 4215008 : 0 0 : 12 0 : 1547 8 0 264 : - 7147991040 333475840 915259392 5939011584 199507968 93806592 : 140688591 4807770 120440 0 0 0 : 2.947926 ]
[2.948s][info][gc       ] [HUGEPAGESTAT 0 0 0 - 20836 0 0 : 610304 0 0 : 2.947926 ]
[2.948s][info][gc       ] [OBJCREAT 2257135 24278 6144 : 2.947973 ]
[2.948s][info][gc       ] [HMSV All : 0 0 10 0 0 0 0 0 : 4278 0 0 0 : 2.947990 ]
[2.948s][info][gc       ] [HMSP 9 : 41100 0 : 2.947990 ]
[2.948s][info][gc       ] [COMPSTATS 1 : 5 0 : 23 0 : 0 0 : 507 3 0 0 0 0 : 0 0 0 0 0 0 : 184 187 21 : 510 0 0 0 0 0 0 : 510 0 0 0 0 0 0 ]
[2.948s][info][gc       ] [COMPSTATS 2 : 5 5 : 36 27 : 0 0 : 85 5 0 0 0 0 : 0 0 0 0 0 0 : 3539 3567 2772 : 48 36 6 0 0 0 0 : 7 71 7 0 0 0 0 ]
[2.948s][info][gc       ] [DEOPTSTATS 1 : 1 0 : 0 0 : 0 0 : 0 0 : 0 12 : 0 0 : 0 0 : 0 0 : 0 0 : 0 0 : 0 0 : 0 0 : 0 0 : 0 0 : 0 0 : 0 0 : 0 0 : 0 0 : 0 0 : 0 0 : 0 0 : 0 0 : 0 0 : 0 0 : 0 0 : 0 0 : 0 0 : 0 0 : 0 0 : 0 0 : 3 0 : 0 0 : 0 0 : 0 0 : 0 0 : 0 0 : 0 0 : 0 0 : 0 0 : 0 0 : 0 0 : 0 0 ]
[2.948s][info][gc       ] [DEOPTSTATS 2 : 0 0 : 0 0 : 0 0 : 0 0 : 0 0 : 0 0 : 0 5 : 0 0 : 0 0 : 0 0 : 0 0 : 0 0 : 0 0 : 0 0 : 0 0 : 0 0 : 0 0 : 0 0 : 0 0 : 0 0 : 0 1 : 0 0 : 0 0 : 0 0 : 0 0 : 0 0 : 0 0 : 0 0 : 0 0 : 0 0 : 2 0 : 0 0 : 0 0 : 0 0 : 0 1 : 0 0 : 0 0 : 0 0 : 0 0 : 0 1 : 0 0 : 0 0 ]
[2.949s][info][gc       ] [VMAC 65530 166 24 427 617 : 2.948543 ]
[2.949s][info][gc       ] [CCF 0 0 0 0 7 19456: 2681856 : 376 194560 : 3 49152 : 313 307200 :  509 647168 : 79 101888 : 0 0 : 14 1146880 : 1 2048]
[3.212s][info][gc       ] [COMPSTATS 1 : 5 0 : 23 0 : 0 0 : 507 3 0 0 0 0 : 0 0 0 0 0 0 : 184 187 21 : 510 0 0 0 0 0 0 : 510 0 0 0 0 0 0 ]
[3.212s][info][gc       ] [COMPSTATS 2 : 5 5 : 27 12 : 0 0 : 100 5 0 0 0 0 : 0 0 0 0 0 0 : 4647 4687 7898 : 48 36 21 0 0 0 0 : 10 79 11 0 0 0 0 ]
[3.212s][info][gc       ] [DEOPTSTATS 1 : 1 0 : 0 0 : 0 0 : 0 0 : 0 12 : 0 0 : 0 0 : 0 0 : 0 0 : 0 0 : 0 0 : 0 0 : 0 0 : 0 0 : 0 0 : 0 0 : 0 0 : 0 0 : 0 0 : 0 0 : 0 0 : 0 0 : 0 0 : 0 0 : 0 0 : 0 0 : 0 0 : 0 0 : 0 0 : 0 0 : 3 0 : 0 0 : 0 0 : 0 0 : 0 0 : 0 0 : 0 0 : 0 0 : 0 0 : 0 0 : 0 0 : 0 0 ]
[3.212s][info][gc       ] [DEOPTSTATS 2 : 0 0 : 0 0 : 0 0 : 0 0 : 0 0 : 0 0 : 0 5 : 0 0 : 0 0 : 0 0 : 0 0 : 0 0 : 0 0 : 0 0 : 0 0 : 0 0 : 0 0 : 0 0 : 0 0 : 0 0 : 0 1 : 0 0 : 0 0 : 0 0 : 0 0 : 0 0 : 0 0 : 0 0 : 0 0 : 0 0 : 2 0 : 0 0 : 0 0 : 0 0 : 0 1 : 0 0 : 0 0 : 0 0 : 0 0 : 0 1 : 0 0 : 0 0 ]
[3.267s][info][gc       ] [GPGC-H  383.9 0.0 16.2 0.0 : 1557.4 : 0.000 0.000 : 0.000 0.000 0.807 1.305 : 0.000 0.000 0.000 0.000 1.447 0.024 : 0.000 : 99.821 : 2440 6 32 0 : 2282 : 4608 4424 : 3.267434 : 7 Heap_use_crossed_incremental_gc_percent ]
[3.273s][info][safepoint] Application time: 0.3264256 seconds
[3.273s][info][safepoint] Total time for which application threads were stopped: 0.0002125 seconds, Stopping threads took: 0.0000006 seconds
[3.274s][info][gc       ] [SPS 0.000 0.007 0.005 0.011 0.001 0.001 0.000 0.144 0.055 0.212 NewGC_pause1 3.272786 ]
[3.838s][info][gc       ] [DEOPTSTATS 1 : 1 0 : 0 0 : 0 0 : 0 0 : 0 12 : 0 0 : 0 0 : 0 0 : 0 0 : 0 0 : 0 0 : 0 0 : 0 0 : 0 0 : 0 0 : 0 0 : 0 0 : 0 0 : 0 0 : 0 0 : 0 0 : 0 0 : 0 0 : 0 0 : 0 0 : 0 0 : 0 0 : 0 0 : 0 0 : 0 0 : 3 0 : 0 0 : 0 0 : 0 0 : 0 0 : 0 0 : 0 0 : 0 0 : 0 0 : 0 0 : 0 0 : 0 0 ]
[3.838s][info][gc       ] [DEOPTSTATS 2 : 0 0 : 0 0 : 0 0 : 0 0 : 0 0 : 0 0 : 0 5 : 0 0 : 0 0 : 0 0 : 0 0 : 0 0 : 0 0 : 0 0 : 0 0 : 0 0 : 0 0 : 0 0 : 0 0 : 0 0 : 0 1 : 0 0 : 0 0 : 0 0 : 0 0 : 0 0 : 0 0 : 0 0 : 0 0 : 0 0 : 2 0 : 0 0 : 0 0 : 0 0 : 0 1 : 0 0 : 0 0 : 0 0 : 0 0 : 0 1 : 0 0 : 0 0 ]
[4.096s][info][safepoint] Application time: 0.8226462 seconds
[4.096s][info][safepoint] Total time for which application threads were stopped: 0.0000959 seconds, Stopping threads took: 0.0000005 seconds
[4.097s][info][gc       ] [SPS 0.000 0.001 0.000 0.017 0.001 0.001 0.001 0.055 0.021 0.096 NewGC_pause2 4.095528 ]
[4.098s][info][safepoint] Application time: 0.0020014 seconds
[4.098s][info][safepoint] Total time for which application threads were stopped: 0.0000873 seconds, Stopping threads took: 0.0000005 seconds
[4.098s][info][gc       ] [SPS 0.000 0.001 0.000 0.011 0.001 0.001 0.000 0.053 0.022 0.087 NewGC_pause3 4.097617 ]
[4.102s][info][safepoint] Application time: 0.0033972 seconds
[4.103s][info][safepoint] Total time for which application threads were stopped: 0.0012179 seconds, Stopping threads took: 0.0000005 seconds
[4.103s][info][gc       ] [SPS 0.000 0.001 0.000 0.011 0.001 0.001 0.000 1.171 0.034 1.218 OldGC_pause2 4.102232 ]
[4.107s][info][safepoint] Application time: 0.0042695 seconds
[4.107s][info][safepoint] Total time for which application threads were stopped: 0.0000942 seconds, Stopping threads took: 0.0000007 seconds
[4.107s][info][gc       ] [SPS 0.000 0.001 0.000 0.014 0.001 0.001 0.000 0.058 0.020 0.094 OldGC_pause3 4.106596 ]
[4.133s][info][safepoint] Application time: 0.0261652 seconds
[4.133s][info][safepoint] Total time for which application threads were stopped: 0.0001212 seconds, Stopping threads took: 0.0000005 seconds
[4.134s][info][gc       ] [SPS 0.000 0.003 0.006 0.010 0.000 0.001 0.001 0.074 0.035 0.121 NewGC_pause4 4.132882 ]
[4.370s][info][gc       ] [GC NTO Max 6-4 : 5120 3914 3806 5120 - - 645 56 2 2 - : 3328 260 34 184 3690 : 3011 10 669 669 92 : 127 191 623 0 1609 - 55 : 0.322953 1244.8 0.0 1.101883 1553.7 1.8 : 3 --c 0000 : 23 0 0.000 0.000 0 0.000 0.000 0 0.000 0.000 : 3.267834 3.272574 0.000152 4.095432 0.000066 4.097530 0.000057 4.132761 0.000079 : 4.369717 ]
[4.370s][info][gc       ] [SYSINFO 7175 190 89 0 6648 0 20 0 0 5745 : - - - - - - - - : 0 7168 : 0.79 0.63 1.30 : 278114 4215008 : 0 0 : 12 0 : 1547 8 0 264 : - 7261261824 333475840 1028530176 5939011584 199507968 93806592 : 140688591 4817760 121960 0 0 0 : 4.370031 ]
[4.370s][info][gc       ] [HUGEPAGESTAT 0 0 0 - 20836 0 0 : 610304 0 0 : 4.370031 ]
[4.370s][info][gc       ] [OBJCREAT 4348527 24519 219136 : 4.370088 ]
[4.370s][info][gc       ] [HMSV All : 0 0 10 0 0 0 0 0 : 4278 0 0 0 : 4.370109 ]
[4.370s][info][gc       ] [HMSP 9 : 41100 0 : 4.370109 ]
[4.371s][info][gc       ] [GPGC-H  1208.7 76.1 14.2 0.0 : 1368.4 : 0.000 0.000 : 0.000 0.000 1.049 1.305 : 0.000 0.000 0.000 0.000 1.885 0.024 : 0.000 : 98.388 : 3330 260 34 0 : 2282 : 4608 4424 : 4.370764 : 7 Heap_use_crossed_incremental_gc_percent ]
[4.371s][info][gc       ] [VMAC 65530 166 24 427 617 : 4.370830 ]
[4.371s][info][safepoint] Application time: 0.2381378 seconds
[4.371s][info][safepoint] Total time for which application threads were stopped: 0.0001420 seconds, Stopping threads took: 0.0000006 seconds
[4.371s][info][gc       ] [SPS 0.000 0.474 0.006 0.013 0.001 0.001 0.001 0.090 0.037 0.142 OldGC_pause4 4.371162 ]
[4.374s][info][gc       ] [GC Old Max 7-3 : 5120 3914 3808 5120 - - 642 56 2 2 - : 3334 258 32 184 298 : 280 15 0 0 0 : 0 5 128 2 145 - 0 : 0.322397 0.0 0.0 1.103360 188.5 1.8 : 1 --c 0000 : 23   -    -    -    -    -    -    -    -    -  : 3.270066 3.272574 0.000152 4.101014 0.001184 4.106502 0.000070 4.371021 0.000072 : 4.373425 ]
[4.374s][info][gc       ] [SYSINFO 7175 190 89 0 6648 0 20 0 0 5745 : - - - - - - - - : 0 7168 : 0.79 0.63 1.30 : 278114 4215008 : 0 0 : 12 0 : 1547 8 0 264 : - 7261261824 333475840 1028530176 5939011584 199507968 93806592 : 140688591 4817760 121960 0 0 0 : 4.373663 ]
[4.374s][info][gc       ] [HUGEPAGESTAT 0 0 0 - 20836 0 0 : 610304 0 0 : 4.373663 ]
[4.374s][info][gc       ] [OBJCREAT 4354473 24519 219136 : 4.373713 ]
[4.374s][info][gc       ] [HMSV All : 0 0 10 0 0 0 0 0 : 4278 0 0 0 : 4.373729 ]
[4.374s][info][gc       ] [HMSP 9 : 41100 0 : 4.373729 ]
[4.374s][info][gc       ] [COMPSTATS 1 : 5 0 : 1 0 : 0 0 : 508 3 0 0 0 0 : 0 0 0 0 0 0 : 185 187 21 : 511 0 0 0 0 0 0 : 511 0 0 0 0 0 0 ]
[4.374s][info][gc       ] [COMPSTATS 2 : 5 4 : 12 4 : 0 0 : 109 7 0 0 0 0 : 0 0 0 0 0 0 : 5312 5354 10843 : 52 36 28 0 0 0 0 : 12 87 13 0 0 0 0 ]
[4.374s][info][gc       ] [DEOPTSTATS 1 : 1 0 : 0 0 : 0 0 : 0 0 : 0 12 : 0 0 : 0 0 : 0 0 : 0 0 : 0 0 : 0 0 : 0 0 : 0 0 : 0 0 : 0 0 : 0 0 : 0 0 : 0 0 : 0 0 : 0 0 : 0 0 : 0 0 : 0 0 : 0 0 : 0 0 : 0 0 : 0 0 : 0 0 : 0 0 : 0 0 : 4 0 : 0 0 : 0 0 : 0 0 : 0 0 : 0 0 : 0 0 : 0 0 : 0 0 : 0 0 : 0 0 : 0 0 ]
[4.374s][info][gc       ] [DEOPTSTATS 2 : 0 0 : 0 0 : 0 0 : 0 0 : 0 0 : 0 0 : 0 5 : 0 0 : 0 0 : 0 0 : 0 0 : 0 0 : 0 0 : 0 0 : 0 0 : 0 0 : 0 0 : 0 0 : 0 0 : 0 0 : 0 1 : 0 0 : 0 0 : 0 0 : 0 0 : 0 0 : 0 0 : 0 0 : 0 0 : 0 0 : 2 0 : 0 0 : 0 0 : 0 0 : 0 1 : 0 0 : 0 0 : 0 0 : 0 0 : 0 1 : 0 0 : 0 0 ]
[4.374s][info][gc       ] [CCF 0 0 0 0 16 62464: 2699776 : 376 194560 : 3 49152 : 313 307200 :  502 605696 : 105 161280 : 0 0 : 14 1146880 : 1 2048]
[4.375s][info][gc       ] [VMAC 65530 166 24 427 617 : 4.374703 ]
[4.379s][info][safepoint] Application time: 0.0079984 seconds
[4.380s][info][safepoint] Total time for which application threads were stopped: 0.0002018 seconds, Stopping threads took: 0.0000007 seconds
[4.380s][info][gc       ] [SPS 0.000 0.003 0.002 0.013 0.001 0.001 0.001 0.153 0.033 0.202 NewGC_pause1 4.379363 ]
[5.079s][info][safepoint] Application time: 0.6993347 seconds
[5.079s][info][safepoint] Total time for which application threads were stopped: 0.0001568 seconds, Stopping threads took: 0.0000005 seconds
[5.079s][info][gc       ] [SPS 0.000 0.001 0.000 0.010 0.001 0.001 0.001 0.119 0.026 0.157 NewGC_pause2 5.078854 ]
[5.080s][info][safepoint] Application time: 0.0013771 seconds
[5.081s][info][safepoint] Total time for which application threads were stopped: 0.0000780 seconds, Stopping threads took: 0.0000006 seconds
[5.081s][info][gc       ] [SPS 0.000 0.000 0.000 0.010 0.001 0.001 0.000 0.050 0.016 0.078 NewGC_pause3 5.080310 ]
[5.109s][info][safepoint] Application time: 0.0284893 seconds
[5.110s][info][safepoint] Total time for which application threads were stopped: 0.0001717 seconds, Stopping threads took: 0.0000006 seconds
[5.110s][info][gc       ] [SPS 0.000 0.005 0.007 0.010 0.001 0.001 0.001 0.130 0.029 0.172 NewGC_pause4 5.108971 ]
[5.612s][info][gc       ] [GC New Max 8-5 : 5120 4798 3946 5120 - - 742 56 2 2 - : 2716 1014 32 184 4324 : 2504 7 1812 1812 58 : 378 0 491 0 1358 - 0 : 0.005304 1508.4 0.0 1.236654 1526.7 0.0 : 3 --c 0000 : 23 2718 0.000 0.000 0 0.000 0.000 2718 0.000 0.000 : 4.375020 4.379161 0.000162 5.078698 0.000063 5.080232 0.000057 5.108799 0.000098 : 5.611674 ]
[5.612s][info][gc       ] [SYSINFO 7272 190 89 0 6742 0 20 0 0 5745 : - - - - - - - - : 0 7168 : 0.79 0.63 1.30 : 278114 4215028 : 0 0 : 12 0 : 1547 6 0 263 : - 7358988288 333475840 1126256640 5939011584 199507968 93806592 : 140688591 4827190 122180 0 0 0 : 5.611962 ]
[5.612s][info][gc       ] [HUGEPAGESTAT 0 0 0 - 20836 0 0 : 610304 0 0 : 5.611962 ]
[5.612s][info][gc       ] [OBJCREAT 6227490 24519 993280 : 5.612015 ]
[5.612s][info][gc       ] [HMSV All : 0 0 10 0 0 0 0 0 : 4796 0 0 0 : 5.612036 ]
[5.612s][info][gc       ] [HMSP 9 : 41100 0 : 5.612036 ]
[5.613s][info][gc       ] [VMAC 65530 166 24 428 618 : 5.612700 ]
[5.613s][info][gc       ] [GPGC-H  1389.6 76.1 14.2 0.0 : 1368.4 : 0.000 0.000 : 0.000 0.000 1.044 1.292 : 0.000 0.000 0.000 0.000 2.162 0.031 : 0.000 : 99.895 : 2718 1014 32 0 : 2282 : 4608 4424 : 5.612980 : 12 Old_use_crossed_incremental_gc_percent ]
[5.621s][info][safepoint] Application time: 0.5115434 seconds
[5.621s][info][safepoint] Total time for which application threads were stopped: 0.0004137 seconds, Stopping threads took: 0.0000005 seconds
[5.622s][info][gc       ] [SPS 0.000 0.001 0.005 0.009 0.000 0.001 0.000 0.366 0.038 0.414 NewGC_pause1 5.620928 ]
[6.142s][info][safepoint] Application time: 0.5205908 seconds
[6.142s][info][safepoint] Total time for which application threads were stopped: 0.0001318 seconds, Stopping threads took: 0.0000005 seconds
[6.142s][info][gc       ] [SPS 0.000 0.001 0.000 0.008 0.000 0.001 0.000 0.106 0.016 0.132 NewGC_pause2 6.141651 ]
[6.143s][info][safepoint] Application time: 0.0016718 seconds
[6.144s][info][safepoint] Total time for which application threads were stopped: 0.0001293 seconds, Stopping threads took: 0.0000005 seconds
[6.144s][info][gc       ] [SPS 0.000 0.001 0.000 0.010 0.001 0.001 0.000 0.097 0.021 0.130 NewGC_pause3 6.143452 ]
[6.169s][info][safepoint] Application time: 0.0252688 seconds
[6.169s][info][safepoint] Total time for which application threads were stopped: 0.0001484 seconds, Stopping threads took: 0.0000008 seconds
[6.169s][info][gc       ] [SPS 0.000 0.016 0.008 0.014 0.001 0.001 0.001 0.108 0.023 0.148 NewGC_pause4 6.168870 ]
[6.503s][info][gc       ] [GC NTO Max 9-6 : 5120 4766 3632 5120 - - 874 56 2 2 - : 1780 1632 34 184 3534 : 1576 8 1952 1952 0 : 309 0 402 0 890 - 0 : 0.002453 1630.5 0.0 0.888958 1829.1 2.2 : 3 --c 0000 : 23 1863 0.000 0.000 0 0.000 0.000 1863 0.000 0.000 : 5.614128 5.620514 0.000320 6.141519 0.000112 6.143323 0.000100 6.168722 0.000118 : 6.503085 ]
[6.503s][info][gc       ] [SYSINFO 7402 190 89 0 6871 0 20 0 0 5745 : - - - - - - - - : 0 7168 : 0.79 0.63 1.30 : 278178 4215028 : 0 0 : 12 0 : 1547 7 0 263 : - 7494832128 333475840 1262100480 5939011584 199507968 93806592 : 140688591 4835040 122290 0 0 0 : 6.503430 ]
[6.503s][info][gc       ] [HUGEPAGESTAT 0 0 0 - 20836 0 0 : 610304 0 0 : 6.503430 ]
[6.503s][info][gc       ] [OBJCREAT 7846737 24588 1626112 : 6.503489 ]
[6.504s][info][gc       ] [HMSV All : 0 0 10 0 0 0 0 0 : 4796 0 0 0 : 6.503522 ]
[6.504s][info][gc       ] [HMSP 9 : 41100 0 : 6.503522 ]
[6.504s][info][gc       ] [GPGC-H  1581.6 644.0 12.9 0.0 : 1240.2 : 0.000 0.000 : 0.000 0.000 1.031 1.292 : 0.000 0.000 0.000 0.000 2.552 0.031 : 0.000 : 99.888 : 1784 1632 34 0 : 2289 : 4608 4424 : 6.504147 : 8 May_exceed_heap_occupancy_target ]
[6.504s][info][gc       ] [VMAC 65530 166 24 429 619 : 6.504376 ]
[6.512s][info][safepoint] Application time: 0.3428953 seconds
[6.513s][info][safepoint] Total time for which application threads were stopped: 0.0004532 seconds, Stopping threads took: 0.0000005 seconds
[6.513s][info][gc       ] [SPS 0.000 0.059 0.006 0.008 0.001 0.001 0.000 0.403 0.040 0.453 NewGC_pause1 6.512218 ]
[6.544s][info][safepoint] Application time: 0.0303954 seconds
[6.544s][info][safepoint] Total time for which application threads were stopped: 0.0008865 seconds, Stopping threads took: 0.0000005 seconds
[6.544s][info][gc       ] [SPS 0.000 0.001 0.000 0.009 0.000 0.001 0.001 0.843 0.033 0.886 OldGC_pause2 6.543500 ]
[6.706s][info][safepoint] Application time: 0.1622909 seconds
[6.706s][info][safepoint] Total time for which application threads were stopped: 0.0002472 seconds, Stopping threads took: 0.0000006 seconds
[6.707s][info][gc       ] [SPS 0.000 0.001 0.000 0.011 0.001 0.001 0.001 0.187 0.047 0.247 OldGC_pause3 6.706039 ]
[6.795s][info][safepoint] Application time: 0.0885079 seconds
[6.795s][info][safepoint] Total time for which application threads were stopped: 0.0000960 seconds, Stopping threads took: 0.0000006 seconds
[6.795s][info][gc       ] [SPS 0.000 0.001 0.000 0.009 0.001 0.001 0.001 0.066 0.019 0.096 NewGC_pause2 6.794643 ]
[6.796s][info][safepoint] Application time: 0.0015440 seconds
[6.796s][info][safepoint] Total time for which application threads were stopped: 0.0001189 seconds, Stopping threads took: 0.0000005 seconds
[6.797s][info][gc       ] [SPS 0.000 0.000 0.000 0.008 0.001 0.001 0.000 0.078 0.031 0.119 NewGC_pause3 6.796306 ]
[6.816s][info][safepoint] Application time: 0.0198677 seconds
[6.817s][info][safepoint] Total time for which application threads were stopped: 0.0001130 seconds, Stopping threads took: 0.0000005 seconds
[6.817s][info][gc       ] [SPS 0.000 0.003 0.007 0.009 0.001 0.001 0.000 0.083 0.020 0.113 NewGC_pause4 6.816287 ]
[6.971s][info][gc       ] [GC New Max 11-7 : 5120 4436 3216 5120 - - 882 56 2 2 - : 1204 1794 34 184 2586 : 942 8 1639 1639 0 : 81 3 392 0 602 - 0 : 0.005495 2911.5 0.0 0.462407 2603.8 0.0 : 3 --c 0000 : 23 0 0.000 0.000 0 0.000 0.000 0 0.000 0.000 : 6.508581 6.511765 0.000369 6.794547 0.000073 6.796187 0.000072 6.816174 0.000088 : 6.970988 ]
[6.971s][info][gc       ] [SYSINFO 7411 190 89 0 6880 0 20 0 0 5745 : - - - - - - - - : 0 7168 : 0.79 0.63 1.30 : 278178 4215028 : 0 0 : 12 0 : 1547 6 0 263 : - 7503077376 333475840 1270345728 5939011584 199507968 93806592 : 140688591 4838770 122380 0 0 0 : 6.971360 ]
[6.971s][info][gc       ] [HUGEPAGESTAT 0 0 0 - 20836 0 0 : 610304 0 0 : 6.971360 ]
[6.971s][info][gc       ] [OBJCREAT 9055458 24588 1759232 : 6.971456 ]
[6.972s][info][gc       ] [HMSV All : 0 0 10 0 0 0 0 0 : 4796 0 0 0 : 6.971504 ]
[6.972s][info][gc       ] [HMSP 9 : 41100 0 : 6.971504 ]
[6.973s][info][gc       ] [GPGC-H  1581.6 644.0 12.9 0.0 : 1240.2 : 0.000 0.000 : 0.000 0.000 1.016 1.292 : 0.000 0.000 0.000 0.000 2.551 0.031 : 0.000 : 99.883 : 1210 1794 34 0 : 2289 : 4608 4424 : 6.973036 : 8 May_exceed_heap_occupancy_target ]
[6.972s][info][gc       ] [VMAC 65530 166 24 430 620 : 6.972136 ]
[6.977s][info][safepoint] Application time: 0.1601669 seconds
[6.977s][info][safepoint] Total time for which application threads were stopped: 0.0001561 seconds, Stopping threads took: 0.0000006 seconds
[6.977s][info][gc       ] [SPS 0.000 0.003 0.003 0.009 0.001 0.001 0.001 0.123 0.022 0.156 OldGC_pause4 6.976610 ]
[6.982s][info][safepoint] Application time: 0.0044068 seconds
[6.982s][info][safepoint] Total time for which application threads were stopped: 0.0005271 seconds, Stopping threads took: 0.0000012 seconds
[6.982s][info][gc       ] [SPS 0.000 0.857 0.005 0.018 0.001 0.002 0.001 0.471 0.034 0.527 NewGC_pause1 6.981544 ]
[7.162s][info][safepoint] Application time: 0.1804061 seconds
[7.162s][info][safepoint] Total time for which application threads were stopped: 0.0001051 seconds, Stopping threads took: 0.0000006 seconds
[7.163s][info][gc       ] [SPS 0.000 0.001 0.000 0.010 0.001 0.001 0.001 0.063 0.029 0.105 NewGC_pause2 7.162056 ]
[7.163s][info][safepoint] Application time: 0.0010966 seconds
[7.164s][info][safepoint] Total time for which application threads were stopped: 0.0001027 seconds, Stopping threads took: 0.0000006 seconds
[7.164s][info][gc       ] [SPS 0.000 0.000 0.000 0.010 0.001 0.001 0.000 0.069 0.022 0.103 NewGC_pause3 7.163255 ]
[7.164s][info][gc       ] [GC Old Max 10-4 : 5120 4798 3612 5120 - - 884 56 2 2 - : 1612 1784 32 184 1838 : 1804 20 2 2 0 : 0 8 391 3 853 - 55 : 1.243449 608.0 0.0 1.546680 483.6 1.3 : 1 --c 0000 : 23   -    -    -    -    -    -    -    -    -  : 5.616875 5.620514 0.000320 6.542614 0.000841 6.705792 0.000087 6.976454 0.000122 : 7.163554 ]
[7.164s][info][gc       ] [SYSINFO 7411 190 89 0 6880 0 20 0 0 5745 : - - - - - - - - : 0 7168 : 0.79 0.63 1.30 : 278178 4215028 : 0 0 : 12 0 : 1547 7 0 263 : - 7503618048 333475840 1270886400 5939011584 199507968 93806592 : 140688591 4840290 122440 0 0 0 : 7.163958 ]
[7.164s][info][gc       ] [HUGEPAGESTAT 0 0 0 - 20836 0 0 : 610304 0 0 : 7.163958 ]
[7.164s][info][gc       ] [OBJCREAT 9460379 24588 1759232 : 7.164068 ]
[7.164s][info][gc       ] [HMSV All : 0 0 10 0 0 0 0 0 : 4796 0 0 0 : 7.164087 ]
[7.164s][info][gc       ] [HMSP 9 : 41100 0 : 7.164087 ]
[7.164s][info][gc       ] [COMPSTATS 1 : 5 0 : 1 0 : 0 0 : 508 3 0 0 0 0 : 0 0 0 0 0 0 : 185 187 21 : 511 0 0 0 0 0 0 : 511 0 0 0 0 0 0 ]
[7.164s][info][gc       ] [COMPSTATS 2 : 5 4 : 4 4 : 0 0 : 109 7 0 0 0 0 : 0 0 0 0 0 0 : 5312 5354 10843 : 52 36 28 0 0 0 0 : 12 87 13 0 0 0 0 ]
[7.164s][info][gc       ] [DEOPTSTATS 1 : 1 0 : 0 0 : 0 0 : 0 0 : 0 12 : 0 0 : 0 0 : 0 0 : 0 0 : 0 0 : 0 0 : 0 0 : 0 0 : 0 0 : 0 0 : 0 0 : 0 0 : 0 0 : 0 0 : 0 0 : 0 0 : 0 0 : 0 0 : 0 0 : 0 0 : 0 0 : 0 0 : 0 0 : 0 0 : 0 0 : 4 0 : 0 0 : 0 0 : 0 0 : 0 0 : 0 0 : 0 0 : 0 0 : 0 0 : 0 0 : 0 0 : 0 0 ]
[7.164s][info][gc       ] [DEOPTSTATS 2 : 0 0 : 0 0 : 0 0 : 0 0 : 0 0 : 0 0 : 0 5 : 0 0 : 0 0 : 0 0 : 0 0 : 0 0 : 0 0 : 0 0 : 0 0 : 0 0 : 0 0 : 0 0 : 0 0 : 0 0 : 0 1 : 0 0 : 0 0 : 0 0 : 0 0 : 0 0 : 0 0 : 0 0 : 0 0 : 0 0 : 2 0 : 0 0 : 0 0 : 0 0 : 0 1 : 0 0 : 0 0 : 0 0 : 0 0 : 0 1 : 0 0 : 0 0 ]
[7.165s][info][gc       ] [VMAC 65530 166 24 430 620 : 7.164843 ]
[7.165s][info][gc       ] [CCF 0 0 0 0 16 62464: 2706432 : 380 196608 : 3 49152 : 317 311808 :  502 605696 : 105 161280 : 0 0 : 14 1146880 : 1 2048]
[7.166s][info][safepoint] Application time: 0.0022390 seconds
[7.166s][info][safepoint] Total time for which application threads were stopped: 0.0000942 seconds, Stopping threads took: 0.0000005 seconds
[7.166s][info][gc       ] [SPS 0.000 0.727 0.003 0.008 0.001 0.001 0.000 0.066 0.019 0.094 NewGC_pause4 7.165588 ]
[7.166s][info][gc       ] [GC New Max 12-8 : 5120 3612 2392 5120 - - 884 56 2 2 - : 392 1784 32 184 1612 : 382 8 1222 1222 0 : 0 3 191 0 196 - 0 : 0.005782 2767.3 0.0 0.189210 2092.9 0.0 : 3 --c 0000 : 23 0 0.000 0.000 0 0.000 0.000 0 0.000 0.000 : 6.976769 6.981017 0.000459 7.161950 0.000063 7.163152 0.000073 7.165494 0.000070 : 7.165979 ]
[7.166s][info][gc       ] [SYSINFO 7411 190 89 0 6880 0 20 0 0 5745 : - - - - - - - - : 0 7168 : 0.79 0.63 1.30 : 278178 4215028 : 0 0 : 12 0 : 1547 7 0 263 : - 7503618048 333475840 1270886400 5939011584 199507968 93806592 : 140688591 4840290 122440 0 0 0 : 7.166329 ]
[7.166s][info][gc       ] [HUGEPAGESTAT 0 0 0 - 20836 0 0 : 610304 0 0 : 7.166329 ]
[7.166s][info][gc       ] [OBJCREAT 9462361 24588 1759232 : 7.166406 ]
[7.166s][info][gc       ] [HMSV All : 0 0 10 0 0 0 0 0 : 4796 0 0 0 : 7.166438 ]
[7.166s][info][gc       ] [HMSP 9 : 41100 0 : 7.166438 ]
[7.167s][info][gc       ] [VMAC 65530 166 24 430 620 : 7.166922 ]
[7.468s][info][gc       ] [GPGC-H  1581.6 644.0 12.9 0.0 : 1240.2 : 0.000 0.000 : 0.000 0.000 1.008 1.547 : 0.000 0.000 0.000 0.000 2.547 0.257 : 0.000 : 99.872 : 962 1784 32 0 : 2289 : 4608 4424 : 7.468437 : 12 Old_use_crossed_incremental_gc_percent ]
[7.477s][info][safepoint] Application time: 0.3106297 seconds
[7.478s][info][safepoint] Total time for which application threads were stopped: 0.0012541 seconds, Stopping threads took: 0.0009275 seconds
[7.478s][info][gc       ] [SPS 0.000 0.001 0.006 0.010 0.928 0.002 0.001 0.264 0.050 1.254 NewGC_pause1 7.477472 ]
[7.579s][info][safepoint] Application time: 0.1009997 seconds
[7.579s][info][safepoint] Total time for which application threads were stopped: 0.0001266 seconds, Stopping threads took: 0.0000006 seconds
[7.579s][info][gc       ] [SPS 0.000 0.001 0.000 0.011 0.001 0.001 0.001 0.078 0.036 0.127 NewGC_pause2 7.578599 ]
[7.580s][info][safepoint] Application time: 0.0014678 seconds
[7.581s][info][safepoint] Total time for which application threads were stopped: 0.0000960 seconds, Stopping threads took: 0.0000006 seconds
[7.581s][info][gc       ] [SPS 0.000 0.001 0.000 0.010 0.001 0.001 0.000 0.063 0.021 0.096 NewGC_pause3 7.580162 ]
[7.582s][info][safepoint] Application time: 0.0012461 seconds
[7.582s][info][safepoint] Total time for which application threads were stopped: 0.0004879 seconds, Stopping threads took: 0.0003333 seconds
[7.583s][info][gc       ] [SPS 0.000 0.041 0.002 0.010 0.333 0.001 0.000 0.119 0.024 0.488 NewGC_pause4 7.581897 ]
[7.583s][info][gc       ] [GC NTO Max 13-9 : 5120 3158 2192 5120 - - 885 56 2 2 - : 192 1784 32 184 1158 : 182 10 968 968 0 : 0 4 91 0 96 - 0 : 0.302947 1881.5 0.0 0.113376 1746.4 0.0 : 3 --c 0000 : 23 0 0.000 0.000 0 0.000 0.000 0 0.000 0.000 : 7.468926 7.476218 0.001191 7.578472 0.000080 7.580066 0.000071 7.581409 0.000433 : 7.582302 ]
[7.583s][info][gc       ] [SYSINFO 7411 190 89 0 6881 0 20 0 0 5745 : - - - - - - - - : 0 7168 : 0.79 0.63 1.30 : 278178 4215028 : 0 0 : 12 0 : 1547 7 0 263 : - 7504429056 333475840 1271697408 5939011584 199507968 93806592 : 140688591 4842800 122600 0 0 0 : 7.582623 ]
[7.583s][info][gc       ] [HUGEPAGESTAT 0 0 0 - 20836 0 0 : 610304 0 0 : 7.582623 ]
[7.583s][info][gc       ] [OBJCREAT 10222050 24723 1759232 : 7.582705 ]
[7.583s][info][gc       ] [HMSV All : 0 0 10 0 0 0 0 0 : 4796 0 0 0 : 7.582730 ]
[7.583s][info][gc       ] [HMSP 9 : 41100 0 : 7.582730 ]
[7.583s][info][gc       ] [VMAC 65530 166 24 430 620 : 7.583390 ]
[7.583s][info][gc       ] [GPGC-H  1581.6 644.0 12.9 0.0 : 1240.2 : 0.000 0.000 : 0.000 0.000 0.991 1.547 : 0.000 0.000 0.000 0.000 2.529 0.257 : 0.000 : 98.488 : 194 1784 32 0 : 2289 : 4608 4424 : 7.583470 : 8 May_exceed_heap_occupancy_target ]
[7.591s][info][safepoint] Application time: 0.0085625 seconds
[7.591s][info][safepoint] Total time for which application threads were stopped: 0.0002140 seconds, Stopping threads took: 0.0000008 seconds
[7.591s][info][gc       ] [SPS 0.001 0.014 0.009 0.013 0.001 0.001 0.001 0.160 0.038 0.214 NewGC_pause1 7.590674 ]
[7.686s][info][safepoint] Application time: 0.0952172 seconds
[7.686s][info][safepoint] Total time for which application threads were stopped: 0.0000875 seconds, Stopping threads took: 0.0000006 seconds
[7.687s][info][gc       ] [SPS 0.000 0.001 0.000 0.010 0.001 0.001 0.000 0.055 0.020 0.087 NewGC_pause2 7.685978 ]
[7.687s][info][safepoint] Application time: 0.0012580 seconds
[7.688s][info][safepoint] Total time for which application threads were stopped: 0.0000949 seconds, Stopping threads took: 0.0000007 seconds
[7.688s][info][gc       ] [SPS 0.000 0.001 0.000 0.012 0.001 0.001 0.001 0.055 0.026 0.095 NewGC_pause3 7.687331 ]
[7.688s][info][safepoint] Application time: 0.0009470 seconds
[7.689s][info][safepoint] Total time for which application threads were stopped: 0.0000886 seconds, Stopping threads took: 0.0000006 seconds
[7.689s][info][gc       ] [SPS 0.000 0.045 0.003 0.009 0.001 0.001 0.000 0.057 0.022 0.089 NewGC_pause4 7.688367 ]
[7.689s][info][gc       ] [GC New Max 15-10 : 5120 2360 2168 5120 - - 885 56 2 2 - : 168 1784 32 184 360 : 160 8 193 193 0 : 0 3 80 0 84 - 0 : 0.005658 1060.4 0.0 0.100796 1627.0 0.0 : 3 --c 0000 : 23 0 0.000 0.000 0 0.000 0.000 0 0.000 0.000 : 7.587960 7.590460 0.000170 7.685891 0.000061 7.687237 0.000057 7.688279 0.000058 : 7.688756 ]
[7.689s][info][gc       ] [SYSINFO 7412 190 89 0 6881 0 20 0 0 5745 : - - - - - - - - : 0 7168 : 0.79 0.63 1.30 : 278178 4215028 : 0 0 : 12 0 : 1547 7 0 263 : - 7504834560 333475840 1272102912 5939011584 199507968 93806592 : 140688591 4843720 122610 0 0 0 : 7.689186 ]
[7.689s][info][gc       ] [HUGEPAGESTAT 0 0 0 - 20836 0 0 : 610304 0 0 : 7.689186 ]
[7.689s][info][gc       ] [OBJCREAT 10389701 24723 1759232 : 7.689270 ]
[7.689s][info][gc       ] [HMSV All : 0 0 10 0 0 0 0 0 : 4796 0 0 0 : 7.689292 ]
[7.689s][info][gc       ] [HMSP 9 : 41100 0 : 7.689292 ]
[7.690s][info][gc       ] [VMAC 65530 166 24 430 620 : 7.689814 ]
[8.032s][info][gc       ] [GPGC-H  1581.6 644.0 12.9 0.0 : 1240.2 : 0.000 0.000 : 0.000 0.000 0.987 1.547 : 0.000 0.000 0.000 0.000 2.521 0.257 : 0.000 : 98.487 : 788 1784 32 0 : 2289 : 4608 4424 : 8.031789 : 8 May_exceed_heap_occupancy_target ]
[8.035s][info][safepoint] Application time: 0.3460750 seconds
[8.035s][info][safepoint] Total time for which application threads were stopped: 0.0002636 seconds, Stopping threads took: 0.0000005 seconds
[8.035s][info][gc       ] [SPS 0.000 0.009 0.010 0.010 0.001 0.001 0.001 0.231 0.021 0.264 NewGC_pause1 8.034706 ]
[8.113s][info][safepoint] Application time: 0.0777186 seconds
[8.113s][info][safepoint] Total time for which application threads were stopped: 0.0002801 seconds, Stopping threads took: 0.0000005 seconds
[8.114s][info][gc       ] [SPS 0.000 0.001 0.000 0.009 0.000 0.001 0.000 0.249 0.020 0.280 NewGC_pause2 8.112705 ]
[8.115s][info][safepoint] Application time: 0.0017627 seconds
[8.115s][info][safepoint] Total time for which application threads were stopped: 0.0001746 seconds, Stopping threads took: 0.0000005 seconds
[8.115s][info][gc       ] [SPS 0.000 0.000 0.000 0.008 0.001 0.001 0.000 0.121 0.044 0.175 NewGC_pause3 8.114642 ]
[8.116s][info][safepoint] Application time: 0.0012914 seconds
[8.116s][info][safepoint] Total time for which application threads were stopped: 0.0001946 seconds, Stopping threads took: 0.0000010 seconds
[8.117s][info][gc       ] [SPS 0.000 0.046 0.004 0.015 0.001 0.001 0.001 0.145 0.031 0.195 NewGC_pause4 8.116129 ]
[8.117s][info][gc       ] [GC New Max 16-11 : 5120 3004 2218 5120 - - 887 56 2 2 - : 212 1790 32 184 1004 : 210 2 788 788 0 : 3 0 105 0 106 - 0 : 0.343657 1809.9 0.0 0.084038 2570.3 0.0 : 3 --c 0000 : 23 0 0.000 0.000 0 0.000 0.000 0 0.000 0.000 : 8.032413 8.034443 0.000236 8.112425 0.000257 8.114468 0.000126 8.115934 0.000141 : 8.116451 ]
[8.117s][info][gc       ] [SYSINFO 7414 190 89 0 6883 0 20 0 0 5745 : - - - - - - - - : 0 7168 : 0.79 0.63 1.30 : 278178 4215028 : 0 0 : 12 0 : 1547 7 0 263 : - 7506862080 333475840 1274130432 5939011584 199507968 93806592 : 140688591 4846460 122760 0 0 0 : 8.116714 ]
[8.117s][info][gc       ] [HUGEPAGESTAT 0 0 0 - 20836 0 0 : 610304 0 0 : 8.116714 ]
[8.117s][info][gc       ] [OBJCREAT 11218304 24723 1765376 : 8.116764 ]
[8.117s][info][gc       ] [HMSV All : 0 0 10 0 0 0 0 0 : 4796 0 0 0 : 8.116786 ]
[8.117s][info][gc       ] [HMSP 9 : 41100 0 : 8.116786 ]
[8.117s][info][gc       ] [VMAC 65530 166 24 430 620 : 8.117372 ]
[8.400s][info][gc       ] [GPGC-H  2068.8 644.0 12.9 0.0 : 1240.2 : 0.000 0.000 : 0.000 0.000 0.969 1.547 : 0.000 0.000 0.000 0.000 2.481 0.257 : 0.000 : 96.944 : 846 1790 32 0 : 2289 : 4608 4424 : 8.400227 : 8 May_exceed_heap_occupancy_target ]
[8.404s][info][safepoint] Application time: 0.2871960 seconds
[8.404s][info][safepoint] Total time for which application threads were stopped: 0.0004241 seconds, Stopping threads took: 0.0000005 seconds
[8.404s][info][gc       ] [SPS 0.000 0.120 0.004 0.009 0.001 0.001 0.000 0.387 0.026 0.424 NewGC_pause1 8.403749 ]
[8.487s][info][safepoint] Application time: 0.0835738 seconds
[8.488s][info][safepoint] Total time for which application threads were stopped: 0.0001611 seconds, Stopping threads took: 0.0000005 seconds
[8.488s][info][gc       ] [SPS 0.000 0.001 0.000 0.009 0.001 0.001 0.000 0.124 0.026 0.161 NewGC_pause2 8.487484 ]
[8.490s][info][safepoint] Application time: 0.0019213 seconds
[8.490s][info][safepoint] Total time for which application threads were stopped: 0.0001539 seconds, Stopping threads took: 0.0000005 seconds
[8.490s][info][gc       ] [SPS 0.000 0.000 0.000 0.009 0.001 0.001 0.000 0.114 0.029 0.154 NewGC_pause3 8.489559 ]
[8.491s][info][safepoint] Application time: 0.0011806 seconds
[8.491s][info][safepoint] Total time for which application threads were stopped: 0.0001428 seconds, Stopping threads took: 0.0000005 seconds
[8.491s][info][gc       ] [SPS 0.000 0.092 0.003 0.008 0.001 0.001 0.000 0.107 0.026 0.143 NewGC_pause4 8.490883 ]
[8.491s][info][gc       ] [GC New Max 17-12 : 5120 3008 2158 5120 - - 909 56 2 2 - : 152 1790 32 184 1002 : 148 4 853 853 0 : 0 1 74 0 76 - 0 : 0.284431 2236.0 0.0 0.090221 1729.1 0.0 : 3 --c 0000 : 23 0 0.000 0.000 0 0.000 0.000 0 0.000 0.000 : 8.400883 8.403325 0.000329 8.487323 0.000058 8.489405 0.000067 8.490740 0.000057 : 8.491104 ]
[8.491s][info][gc       ] [SYSINFO 7435 190 89 0 6905 0 20 0 0 5745 : - - - - - - - - : 0 7168 : 0.79 0.63 1.30 : 278178 4215028 : 0 0 : 12 0 : 1547 8 0 263 : - 7529840640 333475840 1297108992 5939011584 199507968 93806592 : 140688591 4849000 122940 0 0 0 : 8.491359 ]
[8.491s][info][gc       ] [HUGEPAGESTAT 0 0 0 - 20836 0 0 : 610304 0 0 : 8.491359 ]
[8.491s][info][gc       ] [OBJCREAT 12002534 24723 1765376 : 8.491422 ]
[8.491s][info][gc       ] [HMSV All : 0 0 10 0 0 0 0 0 : 4796 0 0 0 : 8.491442 ]
[8.491s][info][gc       ] [HMSP 9 : 41100 0 : 8.491442 ]
[8.492s][info][gc       ] [VMAC 65530 166 24 430 620 : 8.492279 ]
[8.754s][info][gc       ] [GPGC-H  2068.8 593.0 11.7 0.0 : 1130.3 : 0.000 0.000 : 0.000 0.000 0.954 1.547 : 0.000 0.000 0.000 0.000 2.444 0.257 : 0.000 : 95.694 : 780 1790 32 0 : 2289 : 4608 4424 : 8.753720 : 8 May_exceed_heap_occupancy_target ]
[8.756s][info][safepoint] Application time: 0.2651148 seconds
[8.757s][info][safepoint] Total time for which application threads were stopped: 0.0003213 seconds, Stopping threads took: 0.0000005 seconds
[8.757s][info][gc       ] [SPS 0.000 0.009 0.003 0.026 0.000 0.001 0.000 0.253 0.039 0.321 NewGC_pause1 8.756319 ]
[8.845s][info][safepoint] Application time: 0.0889059 seconds
[8.846s][info][safepoint] Total time for which application threads were stopped: 0.0001791 seconds, Stopping threads took: 0.0000010 seconds
[8.846s][info][gc       ] [SPS 0.000 0.001 0.000 0.015 0.001 0.002 0.001 0.130 0.031 0.179 NewGC_pause2 8.845404 ]
[8.847s][info][safepoint] Application time: 0.0012715 seconds
[8.847s][info][safepoint] Total time for which application threads were stopped: 0.0001151 seconds, Stopping threads took: 0.0000006 seconds
[8.847s][info][gc       ] [SPS 0.000 0.001 0.000 0.011 0.001 0.001 0.000 0.083 0.019 0.115 NewGC_pause3 8.846791 ]
[8.848s][info][safepoint] Application time: 0.0012041 seconds
[8.848s][info][safepoint] Total time for which application threads were stopped: 0.0000934 seconds, Stopping threads took: 0.0000005 seconds
[8.848s][info][gc       ] [SPS 0.000 0.138 0.003 0.009 0.001 0.001 0.000 0.061 0.022 0.094 NewGC_pause4 8.848089 ]
[8.849s][info][gc       ] [GC New Max 18-13 : 5120 3056 2276 5120 - - 912 56 2 2 - : 270 1790 32 184 1050 : 266 4 782 782 0 : 0 1 133 0 135 - 0 : 0.263202 2386.0 0.0 0.094130 2889.6 0.0 : 3 --c 0000 : 23 0 0.000 0.000 0 0.000 0.000 0 0.000 0.000 : 8.754306 8.755998 0.000240 8.845225 0.000132 8.846676 0.000088 8.847995 0.000064 : 8.848436 ]
[8.849s][info][gc       ] [SYSINFO 7438 190 89 0 6908 0 20 0 0 5745 : - - - - - - - - : 0 7168 : 0.79 0.63 1.30 : 278178 4215028 : 0 0 : 12 0 : 1547 7 0 263 : - 7532544000 333475840 1299812352 5939011584 199507968 93806592 : 140688591 4851380 123080 0 0 0 : 8.848823 ]
[8.849s][info][gc       ] [HUGEPAGESTAT 0 0 0 - 20836 0 0 : 610304 0 0 : 8.848823 ]
[8.849s][info][gc       ] [OBJCREAT 12895186 24723 1765376 : 8.848907 ]
[8.849s][info][gc       ] [HMSV All : 0 0 10 0 0 0 0 0 : 4796 0 0 0 : 8.848943 ]
[8.849s][info][gc       ] [HMSP 9 : 41100 0 : 8.848943 ]
[8.850s][info][gc       ] [VMAC 65530 166 24 430 620 : 8.849543 ]
[9.152s][info][gc       ] [GPGC-H  2068.8 593.0 11.7 0.0 : 1130.3 : 0.000 0.000 : 0.000 0.000 0.940 1.547 : 0.000 0.000 0.000 0.000 2.407 0.257 : 0.000 : 94.558 : 870 1790 32 0 : 2289 : 4608 4424 : 9.151563 : 8 May_exceed_heap_occupancy_target ]
[9.155s][info][safepoint] Application time: 0.3063307 seconds
[9.155s][info][safepoint] Total time for which application threads were stopped: 0.0003131 seconds, Stopping threads took: 0.0000005 seconds
[9.156s][info][gc       ] [SPS 0.000 0.011 0.003 0.008 0.000 0.001 0.000 0.277 0.027 0.313 NewGC_pause1 9.154733 ]
[9.237s][info][safepoint] Application time: 0.0821002 seconds
[9.237s][info][safepoint] Total time for which application threads were stopped: 0.0001572 seconds, Stopping threads took: 0.0000006 seconds
[9.238s][info][gc       ] [SPS 0.000 0.001 0.000 0.010 0.001 0.001 0.000 0.119 0.026 0.157 NewGC_pause2 9.236990 ]
[9.239s][info][safepoint] Application time: 0.0015940 seconds
[9.239s][info][safepoint] Total time for which application threads were stopped: 0.0001872 seconds, Stopping threads took: 0.0000006 seconds
[9.239s][info][gc       ] [SPS 0.000 0.001 0.000 0.009 0.001 0.001 0.000 0.146 0.030 0.187 NewGC_pause3 9.238772 ]
[9.240s][info][safepoint] Application time: 0.0012535 seconds
[9.241s][info][safepoint] Total time for which application threads were stopped: 0.0001846 seconds, Stopping threads took: 0.0000005 seconds
[9.241s][info][gc       ] [SPS 0.000 0.009 0.002 0.008 0.001 0.001 0.000 0.145 0.030 0.185 NewGC_pause4 9.240210 ]
[9.241s][info][gc       ] [GC New Max 19-14 : 5120 3024 2152 5120 - - 935 56 2 2 - : 146 1790 32 184 1018 : 142 4 874 874 0 : 0 1 71 0 73 - 0 : 0.303630 1982.7 0.0 0.088504 1672.2 0.0 : 3 --c 0000 : 23 0 0.000 0.000 0 0.000 0.000 0 0.000 0.000 : 9.152066 9.154420 0.000242 9.236833 0.000105 9.238584 0.000079 9.240025 0.000083 : 9.240570 ]
[9.241s][info][gc       ] [SYSINFO 7461 190 89 0 6931 0 20 0 0 5745 : - - - - - - - - : 0 7168 : 1.21 0.72 1.33 : 278178 4215028 : 0 0 : 12 0 : 1547 8 0 263 : - 7556603904 333475840 1323872256 5939011584 199507968 93806592 : 140688591 4854040 123160 0 0 0 : 9.240899 ]
[9.241s][info][gc       ] [HUGEPAGESTAT 0 0 0 - 20836 0 0 : 610304 0 0 : 9.240899 ]
[9.241s][info][gc       ] [OBJCREAT 13636793 24723 1765376 : 9.240963 ]
[9.241s][info][gc       ] [HMSV All : 0 0 10 0 0 0 0 0 : 4796 0 0 0 : 9.240982 ]
[9.241s][info][gc       ] [HMSP 9 : 41100 0 : 9.240982 ]
[9.242s][info][gc       ] [VMAC 65530 166 24 430 620 : 9.241554 ]
[9.369s][info][safepoint] Application time: 0.1276485 seconds
[9.369s][info][safepoint] Total time for which application threads were stopped: 0.0007729 seconds, Stopping threads took: 0.0000006 seconds
[9.369s][info][gc       ] [SPS 0.000 0.001 0.000 0.009 0.001 0.001 0.000 0.727 0.036 0.772 OldGC_pause2 9.368631 ]
[9.372s][info][safepoint] Application time: 0.0030277 seconds
[9.372s][info][safepoint] Total time for which application threads were stopped: 0.0000768 seconds, Stopping threads took: 0.0000006 seconds
[9.372s][info][gc       ] [SPS 0.000 0.001 0.000 0.013 0.001 0.001 0.000 0.047 0.015 0.077 OldGC_pause3 9.371736 ]
[9.390s][info][safepoint] Application time: 0.0178452 seconds
[9.390s][info][safepoint] Total time for which application threads were stopped: 0.0000855 seconds, Stopping threads took: 0.0000005 seconds
[9.390s][info][gc       ] [SPS 0.000 0.004 0.003 0.010 0.001 0.001 0.000 0.056 0.018 0.085 OldGC_pause4 9.389667 ]
[9.399s][info][gc       ] [GC Old Max 14-5 : 5120 3612 2596 5120 - - 936 56 2 2 - : 600 1782 28 184 1828 : 1801 14 0 0 0 : 0 6 3 2 850 - 55 : 0.308298 0.0 0.0 1.927060 3.1 0.0 : 1 --c 0000 : 23   -    -    -    -    -    -    -    -    -  : 7.471853 7.476218 0.001191 9.367859 0.000729 9.371659 0.000055 9.389582 0.000063 : 9.398912 ]
[9.399s][info][gc       ] [SYSINFO 7462 190 89 0 6931 0 20 0 0 5745 : - - - - - - - - : 0 7168 : 1.21 0.72 1.33 : 278178 4215028 : 0 0 : 12 0 : 1547 6 0 263 : - 7557279744 333475840 1324548096 5939011584 199507968 93806592 : 140688591 4854980 123190 0 0 0 : 9.399277 ]
[9.399s][info][gc       ] [HUGEPAGESTAT 0 0 0 - 20836 0 0 : 610304 0 0 : 9.399277 ]
[9.399s][info][gc       ] [OBJCREAT 14086761 24723 1765376 : 9.399333 ]
[9.399s][info][gc       ] [HMSV All : 0 0 10 0 0 0 0 0 : 4796 0 0 0 : 9.399350 ]
[9.399s][info][gc       ] [HMSP 9 : 41100 0 : 9.399350 ]
[9.399s][info][gc       ] [COMPSTATS 1 : 5 0 : 1 0 : 0 0 : 508 3 0 0 0 0 : 0 0 0 0 0 0 : 185 187 21 : 511 0 0 0 0 0 0 : 511 0 0 0 0 0 0 ]
[9.399s][info][gc       ] [COMPSTATS 2 : 5 4 : 4 4 : 0 0 : 109 7 0 0 0 0 : 0 0 0 0 0 0 : 5312 5354 10843 : 52 36 28 0 0 0 0 : 12 87 13 0 0 0 0 ]
[9.399s][info][gc       ] [DEOPTSTATS 1 : 1 0 : 0 0 : 0 0 : 0 0 : 0 12 : 0 0 : 0 0 : 0 0 : 0 0 : 0 0 : 0 0 : 0 0 : 0 0 : 0 0 : 0 0 : 0 0 : 0 0 : 0 0 : 0 0 : 0 0 : 0 0 : 0 0 : 0 0 : 0 0 : 0 0 : 0 0 : 0 0 : 0 0 : 0 0 : 0 0 : 4 0 : 0 0 : 0 0 : 0 0 : 0 0 : 0 0 : 0 0 : 0 0 : 0 0 : 0 0 : 0 0 : 0 0 ]
[9.399s][info][gc       ] [DEOPTSTATS 2 : 0 0 : 0 0 : 0 0 : 0 0 : 0 0 : 0 0 : 0 5 : 0 0 : 0 0 : 0 0 : 0 0 : 0 0 : 0 0 : 0 0 : 0 0 : 0 0 : 0 0 : 0 0 : 0 0 : 0 0 : 0 1 : 0 0 : 0 0 : 0 0 : 0 0 : 0 0 : 0 0 : 0 0 : 0 0 : 0 0 : 2 0 : 0 0 : 0 0 : 0 0 : 0 1 : 0 0 : 0 0 : 0 0 : 0 0 : 0 1 : 0 0 : 0 0 ]
[9.400s][info][gc       ] [CCF 0 0 0 0 19 72704: 2696192 : 380 196608 : 3 49152 : 317 311808 :  502 605696 : 102 151040 : 0 0 : 14 1146880 : 1 2048]
[9.400s][info][gc       ] [VMAC 65530 166 24 430 620 : 9.400336 ]
[9.463s][info][gc       ] [GPGC-H  2068.8 593.0 11.7 0.0 : 1130.3 : 0.000 0.000 : 0.000 0.000 0.924 1.927 : 0.000 0.000 0.000 0.000 2.368 0.584 : 0.000 : 93.265 : 780 1782 28 0 : 2289 : 4608 4424 : 9.462663 : 9 Next_heuristic_check_may_be_too_late ]
[9.466s][info][safepoint] Application time: 0.0753280 seconds
[9.467s][info][safepoint] Total time for which application threads were stopped: 0.0012879 seconds, Stopping threads took: 0.0000005 seconds
[9.467s][info][gc       ] [SPS 0.000 0.004 0.007 0.009 0.001 0.001 0.000 1.242 0.034 1.288 NewGC_pause1 9.466283 ]
[9.549s][info][safepoint] Application time: 0.0828056 seconds
[9.550s][info][safepoint] Total time for which application threads were stopped: 0.0000946 seconds, Stopping threads took: 0.0000009 seconds
[9.550s][info][gc       ] [SPS 0.000 0.001 0.000 0.016 0.001 0.002 0.001 0.056 0.018 0.094 NewGC_pause2 9.549242 ]
[9.551s][info][safepoint] Application time: 0.0014753 seconds
[9.551s][info][safepoint] Total time for which application threads were stopped: 0.0000874 seconds, Stopping threads took: 0.0000005 seconds
[9.551s][info][gc       ] [SPS 0.000 0.000 0.000 0.009 0.000 0.001 0.000 0.061 0.016 0.087 NewGC_pause3 9.550805 ]
[9.552s][info][safepoint] Application time: 0.0014597 seconds
[9.553s][info][safepoint] Total time for which application threads were stopped: 0.0001280 seconds, Stopping threads took: 0.0000005 seconds
[9.553s][info][gc       ] [SPS 0.000 0.003 0.002 0.008 0.001 0.001 0.000 0.100 0.019 0.128 NewGC_pause4 9.552393 ]
[9.553s][info][gc       ] [GC New Max 20-15 : 5120 2974 2194 5120 - - 936 56 2 2 - : 200 1782 28 184 980 : 196 4 784 784 0 : 0 1 98 0 100 - 0 : 0.222698 2855.9 0.0 0.089531 2256.2 0.0 : 3 --c 0000 : 23 0 0.000 0.000 0 0.000 0.000 0 0.000 0.000 : 9.463268 9.464995 0.000494 9.549148 0.000066 9.550718 0.000066 9.552265 0.000108 : 9.552799 ]
[9.553s][info][gc       ] [SYSINFO 7462 190 89 0 6932 0 20 0 0 5745 : - - - - - - - - : 0 7168 : 1.21 0.72 1.33 : 278178 4215028 : 0 0 : 12 0 : 1547 7 0 263 : - 7557279744 333475840 1324548096 5939011584 199507968 93806592 : 140688591 4855970 123200 0 0 0 : 9.553066 ]
[9.553s][info][gc       ] [HUGEPAGESTAT 0 0 0 - 20836 0 0 : 610304 0 0 : 9.553066 ]
[9.553s][info][gc       ] [OBJCREAT 14464205 24723 1765376 : 9.553117 ]
[9.553s][info][gc       ] [HMSV All : 0 0 10 0 0 0 0 0 : 4796 0 0 0 : 9.553135 ]
[9.553s][info][gc       ] [HMSP 9 : 41100 0 : 9.553135 ]
[9.554s][info][gc       ] [VMAC 65530 166 24 430 620 : 9.553660 ]
[9.776s][info][gc       ] [GPGC-H  2068.8 593.0 11.7 0.0 : 1130.3 : 0.000 0.000 : 0.000 0.000 0.912 1.927 : 0.000 0.000 0.000 0.000 2.337 0.584 : 0.000 : 92.340 : 852 1782 28 0 : 2289 : 4608 4424 : 9.775645 : 9 Next_heuristic_check_may_be_too_late ]
[9.779s][info][safepoint] Application time: 0.2258221 seconds
[9.779s][info][safepoint] Total time for which application threads were stopped: 0.0003596 seconds, Stopping threads took: 0.0000005 seconds
[9.779s][info][gc       ] [SPS 0.000 0.004 0.005 0.010 0.001 0.001 0.000 0.317 0.030 0.360 NewGC_pause1 9.778575 ]
[9.863s][info][safepoint] Application time: 0.0837727 seconds
[9.863s][info][safepoint] Total time for which application threads were stopped: 0.0001942 seconds, Stopping threads took: 0.0000005 seconds
[9.864s][info][gc       ] [SPS 0.000 0.001 0.000 0.008 0.001 0.001 0.000 0.161 0.024 0.194 NewGC_pause2 9.862542 ]
[9.865s][info][safepoint] Application time: 0.0026793 seconds
[9.866s][info][safepoint] Total time for which application threads were stopped: 0.0001732 seconds, Stopping threads took: 0.0000005 seconds
[9.866s][info][gc       ] [SPS 0.000 0.000 0.000 0.008 0.000 0.001 0.000 0.141 0.023 0.173 NewGC_pause3 9.865394 ]
[9.867s][info][safepoint] Application time: 0.0014640 seconds
[9.868s][info][safepoint] Total time for which application threads were stopped: 0.0001728 seconds, Stopping threads took: 0.0000005 seconds
[9.868s][info][gc       ] [SPS 0.000 0.003 0.002 0.008 0.001 0.001 0.000 0.135 0.028 0.173 NewGC_pause4 9.867032 ]
[9.868s][info][gc       ] [GC New Max 21-16 : 5120 3088 2232 5120 - - 940 56 2 2 - : 236 1782 30 184 1092 : 234 4 856 856 0 : 0 1 117 0 118 - 0 : 0.223299 2928.8 0.0 0.091365 2604.9 21.9 : 3 --c 0000 : 23 0 0.000 0.000 0 0.000 0.000 0 0.000 0.000 : 9.776098 9.778215 0.000284 9.862348 0.000112 9.865221 0.000110 9.866859 0.000075 : 9.867463 ]
[9.868s][info][gc       ] [SYSINFO 7467 190 89 0 6935 0 20 0 0 5745 : - - - - - - - - : 0 7168 : 1.21 0.72 1.33 : 278178 4215028 : 0 0 : 12 0 : 1547 6 0 263 : - 7560753152 333475840 1328021504 5939011584 199507968 93806592 : 140688591 4857740 123200 0 0 0 : 9.868167 ]
[9.868s][info][gc       ] [HUGEPAGESTAT 0 0 0 - 20838 0 0 : 610304 0 0 : 9.868167 ]
[9.868s][info][gc       ] [OBJCREAT 15348954 24723 1765376 : 9.868324 ]
[9.868s][info][gc       ] [HMSV All : 0 0 10 0 0 0 0 0 : 4796 0 0 0 : 9.868365 ]
[9.868s][info][gc       ] [HMSP 9 : 41100 0 : 9.868365 ]
[9.869s][info][gc       ] [VMAC 65530 166 24 430 620 : 9.869122 ]
[10.172s][info][gc       ] [GPGC-H  2245.9 593.0 11.7 0.0 : 1130.3 : 0.000 0.000 : 0.000 0.000 0.901 1.927 : 0.000 0.000 0.000 0.000 2.307 0.584 : 0.000 : 91.426 : 842 1782 30 0 : 2289 : 4608 4424 : 10.171937 : 9 Next_heuristic_check_may_be_too_late ]
[10.175s][info][safepoint] Application time: 0.3073231 seconds
[10.175s][info][safepoint] Total time for which application threads were stopped: 0.0001804 seconds, Stopping threads took: 0.0000005 seconds
[10.176s][info][gc       ] [SPS 0.000 0.003 0.003 0.008 0.001 0.001 0.000 0.147 0.024 0.180 NewGC_pause1 10.174535 ]
[10.257s][info][safepoint] Application time: 0.0824132 seconds
[10.258s][info][safepoint] Total time for which application threads were stopped: 0.0000870 seconds, Stopping threads took: 0.0000005 seconds
[10.258s][info][gc       ] [SPS 0.000 0.001 0.000 0.009 0.001 0.001 0.000 0.060 0.017 0.087 NewGC_pause2 10.257035 ]
[10.259s][info][safepoint] Application time: 0.0016616 seconds
[10.259s][info][safepoint] Total time for which application threads were stopped: 0.0001284 seconds, Stopping threads took: 0.0000005 seconds
[10.259s][info][gc       ] [SPS 0.000 0.001 0.000 0.008 0.001 0.001 0.000 0.104 0.015 0.128 NewGC_pause3 10.258825 ]
[10.260s][info][safepoint] Application time: 0.0013575 seconds
[10.260s][info][safepoint] Total time for which application threads were stopped: 0.0001225 seconds, Stopping threads took: 0.0000005 seconds
[10.261s][info][gc       ] [SPS 0.000 0.003 0.002 0.007 0.001 0.001 0.000 0.098 0.016 0.123 NewGC_pause4 10.260306 ]
[10.261s][info][gc       ] [GC New Max 22-17 : 5120 3032 2190 5120 - - 941 56 2 2 - : 194 1782 30 184 1036 : 190 4 844 844 0 : 0 1 95 0 97 - 0 : 0.305024 1993.3 0.0 0.088155 2200.7 0.0 : 3 --c 0000 : 23 0 0.000 0.000 0 0.000 0.000 0 0.000 0.000 : 10.172488 10.174355 0.000145 10.256949 0.000064 10.258697 0.000110 10.260183 0.000103 : 10.260643 ]
[10.261s][info][gc       ] [SYSINFO 7469 190 89 0 6937 0 20 0 0 5745 : - - - - - - - - : 0 7168 : 1.21 0.72 1.33 : 278178 4215028 : 0 0 : 12 0 : 1547 5 0 263 : - 7562510336 333475840 1329778688 5939011584 199507968 93806592 : 140688591 4859280 123210 0 0 0 : 10.260929 ]
[10.261s][info][gc       ] [HUGEPAGESTAT 0 0 0 - 20838 0 0 : 610304 0 0 : 10.260929 ]
[10.261s][info][gc       ] [OBJCREAT 16140698 24723 1765376 : 10.260999 ]
[10.261s][info][gc       ] [HMSV All : 0 0 10 0 0 0 0 0 : 4796 0 0 0 : 10.261017 ]
[10.261s][info][gc       ] [HMSP 9 : 41100 0 : 10.261017 ]
[10.262s][info][gc       ] [VMAC 65530 166 24 430 620 : 10.261568 ]
[10.523s][info][gc       ] [GPGC-H  2245.9 540.3 10.7 0.0 : 1030.0 : 0.000 0.000 : 0.000 0.000 0.886 1.927 : 0.000 0.000 0.000 0.000 2.269 0.584 : 0.000 : 90.184 : 852 1782 30 0 : 2289 : 4608 4424 : 10.523398 : 9 Next_heuristic_check_may_be_too_late ]
[10.526s][info][safepoint] Application time: 0.2652512 seconds
[10.526s][info][safepoint] Total time for which application threads were stopped: 0.0002989 seconds, Stopping threads took: 0.0000005 seconds
[10.527s][info][gc       ] [SPS 0.000 0.003 0.006 0.009 0.001 0.001 0.000 0.252 0.036 0.299 NewGC_pause1 10.525856 ]
[10.603s][info][safepoint] Application time: 0.0772969 seconds
[10.604s][info][safepoint] Total time for which application threads were stopped: 0.0001675 seconds, Stopping threads took: 0.0000006 seconds
[10.604s][info][gc       ] [SPS 0.000 0.001 0.000 0.009 0.001 0.001 0.000 0.133 0.024 0.168 NewGC_pause2 10.603321 ]
[10.606s][info][safepoint] Application time: 0.0020923 seconds
[10.606s][info][safepoint] Total time for which application threads were stopped: 0.0001491 seconds, Stopping threads took: 0.0000005 seconds
[10.606s][info][gc       ] [SPS 0.000 0.000 0.000 0.008 0.000 0.001 0.000 0.116 0.024 0.149 NewGC_pause3 10.605562 ]
[10.607s][info][safepoint] Application time: 0.0012855 seconds
[10.607s][info][safepoint] Total time for which application threads were stopped: 0.0001773 seconds, Stopping threads took: 0.0000005 seconds
[10.608s][info][gc       ] [SPS 0.000 0.008 0.002 0.008 0.000 0.001 0.000 0.131 0.037 0.177 NewGC_pause4 10.607025 ]
[10.608s][info][gc       ] [GC New Max 23-18 : 5120 3066 2212 5120 - - 941 56 2 2 - : 216 1782 30 184 1070 : 212 4 856 856 0 : 0 1 106 0 108 - 0 : 0.263298 2506.7 0.0 0.083368 2614.9 0.0 : 3 --c 0000 : 23 0 0.000 0.000 0 0.000 0.000 0 0.000 0.000 : 10.523941 10.525557 0.000250 10.603153 0.000075 10.605413 0.000054 10.606848 0.000079 : 10.607309 ]
[10.608s][info][gc       ] [SYSINFO 7469 190 89 0 6937 0 20 0 0 5745 : - - - - - - - - : 0 7168 : 1.21 0.72 1.33 : 278178 4215028 : 0 0 : 12 0 : 1547 4 0 263 : - 7562645504 333475840 1329913856 5939011584 199507968 93806592 : 140688591 4860500 123250 0 0 0 : 10.607701 ]
[10.608s][info][gc       ] [HUGEPAGESTAT 0 0 0 - 20838 0 0 : 610304 0 0 : 10.607701 ]
[10.608s][info][gc       ] [OBJCREAT 17011027 24723 1765376 : 10.607794 ]
[10.608s][info][gc       ] [HMSV All : 0 0 10 0 0 0 0 0 : 4796 0 0 0 : 10.607818 ]
[10.608s][info][gc       ] [HMSP 9 : 41100 0 : 10.607818 ]
[10.608s][info][gc       ] [VMAC 65530 166 24 430 620 : 10.608390 ]
[10.706s][info][gc       ] [DEOPTSTATS 1 : 1 0 : 0 0 : 0 0 : 0 0 : 0 12 : 0 0 : 0 0 : 0 0 : 0 0 : 0 0 : 0 0 : 0 0 : 0 0 : 0 0 : 0 0 : 0 0 : 0 0 : 0 0 : 0 0 : 0 0 : 0 0 : 0 0 : 0 0 : 0 0 : 0 0 : 0 0 : 0 0 : 0 0 : 0 0 : 0 0 : 4 0 : 0 0 : 0 0 : 0 0 : 0 0 : 0 0 : 0 0 : 0 0 : 0 0 : 0 0 : 0 0 : 0 0 ]
[10.706s][info][gc       ] [DEOPTSTATS 2 : 0 0 : 0 0 : 0 0 : 0 0 : 0 0 : 0 0 : 0 5 : 0 0 : 0 0 : 0 0 : 0 0 : 0 0 : 0 0 : 0 0 : 0 0 : 0 0 : 0 0 : 0 0 : 0 0 : 0 0 : 0 1 : 0 0 : 0 0 : 0 0 : 0 0 : 0 0 : 0 0 : 0 0 : 0 0 : 0 0 : 2 0 : 0 0 : 0 0 : 0 0 : 0 1 : 0 0 : 0 0 : 0 0 : 0 0 : 0 1 : 0 0 : 0 0 ]
[10.850s][info][gc       ] [GPGC-H  2245.9 540.3 10.7 0.0 : 1030.0 : 0.000 0.000 : 0.000 0.000 0.873 1.927 : 0.000 0.000 0.000 0.000 2.236 0.584 : 0.000 : 89.133 : 822 1782 30 0 : 2289 : 4608 4424 : 10.850300 : 9 Next_heuristic_check_may_be_too_late ]
[10.853s][info][safepoint] Application time: 0.2455556 seconds
[10.853s][info][safepoint] Total time for which application threads were stopped: 0.0001825 seconds, Stopping threads took: 0.0000005 seconds
[10.854s][info][gc       ] [SPS 0.000 0.004 0.004 0.008 0.000 0.001 0.000 0.149 0.024 0.182 NewGC_pause1 10.852763 ]
[10.929s][info][safepoint] Application time: 0.0760247 seconds
[10.930s][info][safepoint] Total time for which application threads were stopped: 0.0002173 seconds, Stopping threads took: 0.0000008 seconds
[10.930s][info][gc       ] [SPS 0.000 0.001 0.000 0.012 0.001 0.001 0.001 0.164 0.038 0.217 NewGC_pause2 10.929006 ]
[10.931s][info][safepoint] Application time: 0.0020520 seconds
[10.931s][info][safepoint] Total time for which application threads were stopped: 0.0001882 seconds, Stopping threads took: 0.0000005 seconds
[10.932s][info][gc       ] [SPS 0.000 0.000 0.000 0.008 0.000 0.001 0.000 0.142 0.037 0.188 NewGC_pause3 10.931246 ]
[10.934s][info][safepoint] Application time: 0.0021211 seconds
[10.934s][info][safepoint] Total time for which application threads were stopped: 0.0001865 seconds, Stopping threads took: 0.0000005 seconds
[10.934s][info][gc       ] [SPS 0.000 0.003 0.002 0.008 0.000 0.001 0.000 0.137 0.041 0.187 NewGC_pause4 10.933554 ]
[10.934s][info][gc       ] [GC New Max 24-19 : 5120 2986 2168 5120 - - 948 56 2 2 - : 172 1782 30 184 990 : 164 6 825 825 0 : 0 2 82 0 86 - 0 : 0.243486 2497.1 0.0 0.083029 2047.5 0.0 : 3 --c 0000 : 23 0 0.000 0.000 0 0.000 0.000 0 0.000 0.000 : 10.850795 10.852581 0.000146 10.928788 0.000110 10.931058 0.000105 10.933367 0.000097 : 10.933824 ]
[10.934s][info][gc       ] [SYSINFO 7476 190 89 0 6944 0 20 0 0 5745 : - - - - - - - - : 0 7168 : 1.21 0.72 1.33 : 278178 4215028 : 0 0 : 12 0 : 1547 4 0 263 : - 7570079744 333475840 1337348096 5939011584 199507968 93806592 : 140688591 4861720 123350 0 0 0 : 10.934135 ]
[10.934s][info][gc       ] [HUGEPAGESTAT 0 0 0 - 20838 0 0 : 610304 0 0 : 10.934135 ]
[10.934s][info][gc       ] [OBJCREAT 17781168 24723 1765376 : 10.934187 ]
[10.934s][info][gc       ] [HMSV All : 0 0 10 0 0 0 0 0 : 4796 0 0 0 : 10.934203 ]
[10.934s][info][gc       ] [HMSP 9 : 41100 0 : 10.934203 ]
[10.935s][info][gc       ] [VMAC 65530 166 24 430 620 : 10.934759 ]
[11.157s][info][gc       ] [GPGC-H  2245.9 540.3 10.7 0.0 : 1030.0 : 0.000 0.000 : 0.000 0.000 0.861 1.927 : 0.000 0.000 0.000 0.000 2.206 0.584 : 0.000 : 88.179 : 806 1782 30 0 : 2289 : 4608 4424 : 11.157132 : 9 Next_heuristic_check_may_be_too_late ]
[11.160s][info][safepoint] Application time: 0.2261395 seconds
[11.161s][info][safepoint] Total time for which application threads were stopped: 0.0004105 seconds, Stopping threads took: 0.0000005 seconds
[11.161s][info][gc       ] [SPS 0.000 0.003 0.006 0.009 0.001 0.001 0.000 0.369 0.030 0.411 NewGC_pause1 11.160104 ]
[11.236s][info][safepoint] Application time: 0.0753056 seconds
[11.236s][info][safepoint] Total time for which application threads were stopped: 0.0001907 seconds, Stopping threads took: 0.0000005 seconds
[11.237s][info][gc       ] [SPS 0.000 0.001 0.000 0.008 0.000 0.001 0.000 0.159 0.022 0.191 NewGC_pause2 11.235600 ]
[11.238s][info][safepoint] Application time: 0.0023776 seconds
[11.238s][info][safepoint] Total time for which application threads were stopped: 0.0001840 seconds, Stopping threads took: 0.0000005 seconds
[11.239s][info][gc       ] [SPS 0.000 0.000 0.000 0.008 0.000 0.001 0.000 0.153 0.022 0.184 NewGC_pause3 11.238162 ]
[11.240s][info][safepoint] Application time: 0.0013676 seconds
[11.240s][info][safepoint] Total time for which application threads were stopped: 0.0001620 seconds, Stopping threads took: 0.0000005 seconds
[11.240s][info][gc       ] [SPS 0.000 0.003 0.002 0.008 0.001 0.001 0.000 0.127 0.024 0.162 NewGC_pause4 11.239692 ]
[11.240s][info][gc       ] [GC New Max 25-20 : 5120 3000 2192 5120 - - 955 56 2 2 - : 196 1782 30 184 1004 : 192 4 809 809 0 : 0 1 96 0 98 - 0 : 0.223898 2840.6 0.0 0.082321 2405.2 0.0 : 3 --c 0000 : 23 0 0.000 0.000 0 0.000 0.000 0 0.000 0.000 : 11.157722 11.159693 0.000315 11.235410 0.000125 11.237978 0.000121 11.239530 0.000088 : 11.240043 ]
[11.240s][info][gc       ] [SYSINFO 7482 190 89 0 6951 0 20 0 0 5745 : - - - - - - - - : 0 7168 : 1.21 0.72 1.33 : 278178 4215044 : 0 0 : 12 0 : 1547 5 0 263 : - 7577108480 333475840 1344376832 5939011584 199507968 93806592 : 140688591 4862890 123430 0 0 0 : 11.240328 ]
[11.240s][info][gc       ] [HUGEPAGESTAT 0 0 0 - 20838 0 0 : 610304 0 0 : 11.240328 ]
[11.240s][info][gc       ] [OBJCREAT 18607045 24723 1765376 : 11.240380 ]
[11.240s][info][gc       ] [HMSV All : 0 0 10 0 0 0 0 0 : 4796 0 0 0 : 11.240394 ]
[11.240s][info][gc       ] [HMSP 9 : 41100 0 : 11.240394 ]
[11.241s][info][gc       ] [VMAC 65530 166 24 430 620 : 11.240997 ]
[11.503s][info][gc       ] [GPGC-H  2245.9 540.3 10.7 0.0 : 1030.0 : 0.000 0.000 : 0.000 0.000 0.850 1.927 : 0.000 0.000 0.000 0.000 2.178 0.584 : 0.000 : 87.318 : 822 1782 30 0 : 2289 : 4608 4424 : 11.503386 : 9 Next_heuristic_check_may_be_too_late ]
[11.506s][info][safepoint] Application time: 0.2658779 seconds
[11.506s][info][safepoint] Total time for which application threads were stopped: 0.0003725 seconds, Stopping threads took: 0.0000005 seconds
[11.507s][info][gc       ] [SPS 0.000 0.003 0.004 0.008 0.001 0.001 0.000 0.335 0.028 0.373 NewGC_pause1 11.505943 ]
[11.584s][info][safepoint] Application time: 0.0782027 seconds
[11.585s][info][safepoint] Total time for which application threads were stopped: 0.0001917 seconds, Stopping threads took: 0.0000005 seconds
[11.586s][info][gc       ] [SPS 0.000 0.001 0.000 0.008 0.000 0.001 0.000 0.158 0.024 0.192 NewGC_pause2 11.584337 ]
[11.587s][info][safepoint] Application time: 0.0024665 seconds
[11.587s][info][safepoint] Total time for which application threads were stopped: 0.0001543 seconds, Stopping threads took: 0.0000005 seconds
[11.588s][info][gc       ] [SPS 0.000 0.000 0.000 0.008 0.000 0.001 0.000 0.122 0.023 0.154 NewGC_pause3 11.586958 ]
[11.588s][info][safepoint] Application time: 0.0011633 seconds
[11.589s][info][safepoint] Total time for which application threads were stopped: 0.0001583 seconds, Stopping threads took: 0.0000005 seconds
[11.589s][info][gc       ] [SPS 0.000 0.022 0.002 0.007 0.000 0.001 0.000 0.102 0.047 0.158 NewGC_pause4 11.588280 ]
[11.589s][info][gc       ] [GC New Max 26-21 : 5120 2954 2136 5120 - - 955 56 2 2 - : 140 1782 30 184 958 : 134 6 821 821 0 : 0 2 67 0 70 - 0 : 0.263855 2372.5 0.0 0.084693 1629.4 0.0 : 3 --c 0000 : 23 0 0.000 0.000 0 0.000 0.000 0 0.000 0.000 : 11.503898 11.505570 0.000300 11.584145 0.000122 11.586803 0.000087 11.588121 0.000061 : 11.588591 ]
[11.589s][info][gc       ] [SYSINFO 7482 190 89 0 6951 0 20 0 0 5745 : - - - - - - - - : 0 7168 : 1.21 0.72 1.33 : 278178 4215044 : 0 0 : 12 0 : 1547 4 0 263 : - 7577108480 333475840 1344376832 5939011584 199507968 93806592 : 140688591 4864140 123520 0 0 0 : 11.589010 ]
[11.589s][info][gc       ] [HUGEPAGESTAT 0 0 0 - 20838 0 0 : 610304 0 0 : 11.589010 ]
[11.589s][info][gc       ] [OBJCREAT 19361933 24723 1765376 : 11.589161 ]
[11.589s][info][gc       ] [HMSV All : 0 0 10 0 0 0 0 0 : 4796 0 0 0 : 11.589183 ]
[11.589s][info][gc       ] [HMSP 9 : 41100 0 : 11.589183 ]
[11.590s][info][gc       ] [VMAC 65530 166 24 430 620 : 11.589811 ]
[11.893s][info][gc       ] [GPGC-H  2245.9 540.3 10.7 0.0 : 1030.0 : 0.000 0.000 : 0.000 0.000 0.838 1.927 : 0.000 0.000 0.000 0.000 2.146 0.584 : 0.000 : 86.311 : 804 1782 30 0 : 2289 : 4608 4424 : 11.892685 : 9 Next_heuristic_check_may_be_too_late ]
[11.895s][info][safepoint] Application time: 0.3066887 seconds
[11.896s][info][safepoint] Total time for which application threads were stopped: 0.0003704 seconds, Stopping threads took: 0.0000005 seconds
[11.896s][info][gc       ] [SPS 0.000 0.005 0.005 0.010 0.001 0.001 0.001 0.332 0.027 0.370 NewGC_pause1 11.895339 ]
[11.975s][info][safepoint] Application time: 0.0796743 seconds
[11.976s][info][safepoint] Total time for which application threads were stopped: 0.0001670 seconds, Stopping threads took: 0.0000005 seconds
[11.976s][info][gc       ] [SPS 0.000 0.001 0.000 0.008 0.000 0.001 0.001 0.131 0.025 0.167 NewGC_pause2 11.975180 ]
[11.978s][info][safepoint] Application time: 0.0022944 seconds
[11.978s][info][safepoint] Total time for which application threads were stopped: 0.0002504 seconds, Stopping threads took: 0.0000006 seconds
[11.978s][info][gc       ] [SPS 0.000 0.000 0.000 0.010 0.001 0.001 0.000 0.190 0.048 0.250 NewGC_pause3 11.977725 ]
[11.979s][info][safepoint] Application time: 0.0008967 seconds
[11.979s][info][safepoint] Total time for which application threads were stopped: 0.0001796 seconds, Stopping threads took: 0.0000005 seconds
[11.979s][info][gc       ] [SPS 0.000 0.003 0.002 0.008 0.001 0.001 0.000 0.144 0.027 0.180 NewGC_pause4 11.978802 ]
[11.980s][info][gc       ] [GC New Max 27-22 : 5120 3044 2240 5120 - - 955 56 2 2 - : 244 1782 30 184 1048 : 238 6 806 806 0 : 0 2 119 0 122 - 0 : 0.304585 2186.6 0.0 0.085887 2840.9 0.0 : 3 --c 0000 : 23 0 0.000 0.000 0 0.000 0.000 0 0.000 0.000 : 11.893176 11.894969 0.000300 11.975013 0.000067 11.977475 0.000149 11.978622 0.000109 : 11.979064 ]
[11.980s][info][gc       ] [SYSINFO 7482 190 89 0 6951 0 20 0 0 5745 : - - - - - - - - : 0 7168 : 1.21 0.72 1.33 : 278178 4215044 : 0 0 : 12 0 : 1547 5 0 263 : - 7577108480 333475840 1344376832 5939011584 199507968 93806592 : 140688591 4865560 123620 0 0 0 : 11.979488 ]
[11.980s][info][gc       ] [HUGEPAGESTAT 0 0 0 - 20838 0 0 : 610304 0 0 : 11.979488 ]
[11.980s][info][gc       ] [OBJCREAT 20264261 24723 1765376 : 11.979569 ]
[11.980s][info][gc       ] [HMSV All : 0 0 10 0 0 0 0 0 : 4796 0 0 0 : 11.979592 ]
[11.980s][info][gc       ] [HMSP 9 : 41100 0 : 11.979592 ]
[11.980s][info][gc       ] [VMAC 65530 166 24 430 620 : 11.980109 ]
[12.222s][info][gc       ] [GPGC-H  2359.8 540.3 10.7 0.0 : 1030.0 : 0.000 0.000 : 0.000 0.000 0.825 1.927 : 0.000 0.000 0.000 0.000 2.111 0.584 : 0.000 : 85.161 : 868 1782 30 0 : 2289 : 4608 4424 : 12.221702 : 9 Next_heuristic_check_may_be_too_late ]
[12.224s][info][safepoint] Application time: 0.2451776 seconds
[12.225s][info][safepoint] Total time for which application threads were stopped: 0.0002168 seconds, Stopping threads took: 0.0000019 seconds
[12.225s][info][gc       ] [SPS 0.000 0.004 0.003 0.010 0.002 0.001 0.001 0.181 0.023 0.217 NewGC_pause1 12.224196 ]
[12.302s][info][safepoint] Application time: 0.0772724 seconds
[12.302s][info][safepoint] Total time for which application threads were stopped: 0.0000913 seconds, Stopping threads took: 0.0000005 seconds
[12.302s][info][gc       ] [SPS 0.000 0.001 0.000 0.008 0.000 0.001 0.007 0.054 0.021 0.091 NewGC_pause2 12.301560 ]
[12.303s][info][safepoint] Application time: 0.0012121 seconds
[12.303s][info][safepoint] Total time for which application threads were stopped: 0.0000832 seconds, Stopping threads took: 0.0000007 seconds
[12.303s][info][gc       ] [SPS 0.000 0.001 0.000 0.018 0.001 0.001 0.000 0.046 0.016 0.083 NewGC_pause3 12.302855 ]
[12.304s][info][safepoint] Application time: 0.0010410 seconds
[12.304s][info][safepoint] Total time for which application threads were stopped: 0.0000871 seconds, Stopping threads took: 0.0000005 seconds
[12.304s][info][gc       ] [SPS 0.000 0.003 0.002 0.008 0.001 0.001 0.000 0.057 0.020 0.087 NewGC_pause4 12.303984 ]
[12.305s][info][gc       ] [GC New Max 28-23 : 5120 3074 2208 5120 - - 955 56 2 2 - : 212 1782 30 184 1078 : 206 6 868 868 0 : 0 2 103 0 106 - 0 : 0.243063 2575.5 0.0 0.082231 2553.8 0.0 : 3 --c 0000 : 23 0 0.000 0.000 0 0.000 0.000 0 0.000 0.000 : 12.222127 12.223980 0.000183 12.301469 0.000063 12.302772 0.000061 12.303897 0.000059 : 12.304358 ]
[12.305s][info][gc       ] [SYSINFO 7482 190 89 0 6951 0 20 0 0 5745 : - - - - - - - - : 0 7168 : 1.21 0.72 1.33 : 278178 4215044 : 0 0 : 12 0 : 1547 4 0 263 : - 7577108480 333475840 1344376832 5939011584 199507968 93806592 : 140688591 4866740 123640 0 0 0 : 12.304650 ]
[12.305s][info][gc       ] [HUGEPAGESTAT 0 0 0 - 20838 0 0 : 610304 0 0 : 12.304650 ]
[12.305s][info][gc       ] [OBJCREAT 21091836 24723 1765376 : 12.304705 ]
[12.305s][info][gc       ] [HMSV All : 0 0 10 0 0 0 0 0 : 4796 0 0 0 : 12.304722 ]
[12.305s][info][gc       ] [HMSP 9 : 41100 0 : 12.304722 ]
[12.305s][info][gc       ] [VMAC 65530 166 24 430 620 : 12.305292 ]
[12.547s][info][gc       ] [GPGC-H  2359.8 492.6 9.8 0.0 : 938.9 : 0.000 0.000 : 0.000 0.000 0.814 1.927 : 0.000 0.000 0.000 0.000 2.083 0.584 : 0.000 : 84.267 : 866 1782 30 0 : 2289 : 4608 4424 : 12.546537 : 9 Next_heuristic_check_may_be_too_late ]
[12.549s][info][safepoint] Application time: 0.2447911 seconds
[12.549s][info][safepoint] Total time for which application threads were stopped: 0.0002683 seconds, Stopping threads took: 0.0000004 seconds
[12.550s][info][gc       ] [SPS 0.000 0.004 0.005 0.008 0.000 0.001 0.000 0.210 0.048 0.269 NewGC_pause1 12.549044 ]
[12.626s][info][safepoint] Application time: 0.0765412 seconds
[12.626s][info][safepoint] Total time for which application threads were stopped: 0.0001806 seconds, Stopping threads took: 0.0000005 seconds
[12.627s][info][gc       ] [SPS 0.000 0.001 0.000 0.007 0.000 0.001 0.000 0.147 0.024 0.181 NewGC_pause2 12.625765 ]
[12.628s][info][safepoint] Application time: 0.0021802 seconds
[12.628s][info][safepoint] Total time for which application threads were stopped: 0.0001450 seconds, Stopping threads took: 0.0000005 seconds
[12.629s][info][gc       ] [SPS 0.000 0.000 0.000 0.008 0.000 0.001 0.000 0.113 0.023 0.145 NewGC_pause3 12.628091 ]
[12.630s][info][safepoint] Application time: 0.0013665 seconds
[12.630s][info][safepoint] Total time for which application threads were stopped: 0.0001706 seconds, Stopping threads took: 0.0000005 seconds
[12.630s][info][gc       ] [SPS 0.000 0.003 0.002 0.008 0.000 0.001 0.000 0.136 0.025 0.171 NewGC_pause4 12.629628 ]
[12.630s][info][gc       ] [GC New Max 29-24 : 5120 3052 2184 5120 - - 955 56 2 2 - : 188 1782 30 184 1056 : 186 4 868 868 0 : 0 1 93 0 94 - 0 : 0.242603 2695.8 0.0 0.082966 2314.2 0.0 : 3 --c 0000 : 23 0 0.000 0.000 0 0.000 0.000 0 0.000 0.000 : 12.546961 12.548775 0.000209 12.625585 0.000096 12.627945 0.000069 12.629457 0.000104 : 12.629927 ]
[12.630s][info][gc       ] [SYSINFO 7482 190 89 0 6951 0 20 0 0 5745 : - - - - - - - - : 0 7168 : 1.21 0.72 1.33 : 278178 4215044 : 0 0 : 12 0 : 1547 4 0 263 : - 7577108480 333475840 1344376832 5939011584 199507968 93806592 : 140688591 4867940 123680 0 0 0 : 12.630210 ]
[12.630s][info][gc       ] [HUGEPAGESTAT 0 0 0 - 20838 0 0 : 610304 0 0 : 12.630210 ]
[12.630s][info][gc       ] [OBJCREAT 21929002 24723 1765376 : 12.630278 ]
[12.630s][info][gc       ] [HMSV All : 0 0 10 0 0 0 0 0 : 4796 0 0 0 : 12.630298 ]
[12.630s][info][gc       ] [HMSP 9 : 41100 0 : 12.630298 ]
[12.631s][info][gc       ] [VMAC 65530 166 24 430 620 : 12.630938 ]
[12.852s][info][gc       ] [GPGC-H  2359.8 492.6 9.8 0.0 : 938.9 : 0.000 0.000 : 0.000 0.000 0.803 1.927 : 0.000 0.000 0.000 0.000 2.054 0.584 : 0.000 : 83.389 : 826 1782 30 0 : 2289 : 4608 4424 : 12.852488 : 9 Next_heuristic_check_may_be_too_late ]
[12.855s][info][safepoint] Application time: 0.2249267 seconds
[12.855s][info][safepoint] Total time for which application threads were stopped: 0.0003219 seconds, Stopping threads took: 0.0000005 seconds
[12.856s][info][gc       ] [SPS 0.000 0.005 0.003 0.009 0.001 0.001 0.001 0.285 0.026 0.322 NewGC_pause1 12.854877 ]
[12.929s][info][safepoint] Application time: 0.0738156 seconds
[12.930s][info][safepoint] Total time for which application threads were stopped: 0.0002424 seconds, Stopping threads took: 0.0000006 seconds
[12.930s][info][gc       ] [SPS 0.000 0.001 0.000 0.009 0.001 0.001 0.000 0.196 0.035 0.242 NewGC_pause2 12.928935 ]
[12.932s][info][safepoint] Application time: 0.0024223 seconds
[12.932s][info][safepoint] Total time for which application threads were stopped: 0.0002041 seconds, Stopping threads took: 0.0000005 seconds
[12.932s][info][gc       ] [SPS 0.000 0.000 0.000 0.008 0.000 0.001 0.000 0.172 0.023 0.204 NewGC_pause3 12.931561 ]
[12.933s][info][safepoint] Application time: 0.0009481 seconds
[12.933s][info][safepoint] Total time for which application threads were stopped: 0.0001632 seconds, Stopping threads took: 0.0000005 seconds
[12.934s][info][gc       ] [SPS 0.000 0.003 0.002 0.024 0.000 0.001 0.000 0.113 0.025 0.163 NewGC_pause4 12.932673 ]
[12.933s][info][gc       ] [GC New Max 30-25 : 5120 3006 2184 5120 - - 955 56 2 2 - : 184 1784 30 184 1010 : 180 2 827 827 0 : 1 1 90 0 92 - 0 : 0.222956 2870.5 0.0 0.080210 2294.0 0.0 : 3 --c 0000 : 23 0 0.000 0.000 0 0.000 0.000 0 0.000 0.000 : 12.852883 12.854555 0.000253 12.928693 0.000147 12.931357 0.000081 12.932510 0.000090 : 12.933093 ]
[12.933s][info][gc       ] [SYSINFO 7482 190 89 0 6951 0 20 0 0 5745 : - - - - - - - - : 0 7168 : 1.21 0.72 1.33 : 278178 4215044 : 0 0 : 12 0 : 1547 4 0 263 : - 7577378816 333475840 1344647168 5939011584 199507968 93806592 : 140688591 4869040 123720 0 0 0 : 12.933391 ]
[12.933s][info][gc       ] [HUGEPAGESTAT 0 0 0 - 20838 0 0 : 610304 0 0 : 12.933391 ]
[12.933s][info][gc       ] [OBJCREAT 22745238 24723 1767424 : 12.933445 ]
[12.933s][info][gc       ] [HMSV All : 0 0 10 0 0 0 0 0 : 4796 0 0 0 : 12.933463 ]
[12.933s][info][gc       ] [HMSP 9 : 41100 0 : 12.933463 ]
[12.934s][info][gc       ] [VMAC 65530 166 24 430 620 : 12.933981 ]
[13.218s][info][gc       ] [GPGC-H  2359.8 492.6 9.8 0.0 : 938.9 : 0.000 0.000 : 0.000 0.000 0.793 1.927 : 0.000 0.000 0.000 0.000 2.028 0.584 : 0.000 : 82.597 : 796 1784 30 0 : 2289 : 4608 4424 : 13.217867 : 9 Next_heuristic_check_may_be_too_late ]
[13.221s][info][safepoint] Application time: 0.2877996 seconds
[13.221s][info][safepoint] Total time for which application threads were stopped: 0.0003738 seconds, Stopping threads took: 0.0000005 seconds
[13.221s][info][gc       ] [SPS 0.000 0.003 0.003 0.008 0.001 0.001 0.000 0.334 0.030 0.374 NewGC_pause1 13.220847 ]
[13.292s][info][safepoint] Application time: 0.0710306 seconds
[13.293s][info][safepoint] Total time for which application threads were stopped: 0.0004733 seconds, Stopping threads took: 0.0000013 seconds
[13.294s][info][gc       ] [SPS 0.000 0.001 0.000 0.020 0.001 0.002 0.001 0.386 0.063 0.473 NewGC_pause2 13.292351 ]
[13.295s][info][safepoint] Application time: 0.0024948 seconds
[13.295s][info][safepoint] Total time for which application threads were stopped: 0.0001635 seconds, Stopping threads took: 0.0000005 seconds
[13.296s][info][gc       ] [SPS 0.000 0.000 0.000 0.008 0.000 0.001 0.000 0.129 0.024 0.164 NewGC_pause3 13.295009 ]
[13.296s][info][safepoint] Application time: 0.0012364 seconds
[13.297s][info][safepoint] Total time for which application threads were stopped: 0.0001600 seconds, Stopping threads took: 0.0000005 seconds
[13.297s][info][gc       ] [SPS 0.000 0.003 0.002 0.008 0.001 0.001 0.000 0.124 0.026 0.160 NewGC_pause4 13.296406 ]
[13.297s][info][gc       ] [GC New Max 31-26 : 5120 2936 2140 5120 - - 955 56 2 2 - : 142 1784 30 184 938 : 138 4 798 798 0 : 0 1 69 0 71 - 0 : 0.285476 2150.8 0.0 0.078172 1816.5 0.0 : 3 --c 0000 : 23 0 0.000 0.000 0 0.000 0.000 0 0.000 0.000 : 13.218570 13.220473 0.000298 13.291878 0.000305 13.294846 0.000088 13.296246 0.000089 : 13.296741 ]
[13.297s][info][gc       ] [SYSINFO 7482 190 89 0 6951 0 20 0 0 5745 : - - - - - - - - : 0 7168 : 1.21 0.72 1.33 : 278178 4215044 : 0 0 : 12 0 : 1547 4 0 263 : - 7577378816 333475840 1344647168 5939011584 199507968 93806592 : 140688591 4870500 123820 0 0 0 : 13.296996 ]
[13.297s][info][gc       ] [HUGEPAGESTAT 0 0 0 - 20838 0 0 : 610304 0 0 : 13.296996 ]
[13.297s][info][gc       ] [OBJCREAT 23491319 24723 1767424 : 13.297046 ]
[13.297s][info][gc       ] [HMSV All : 0 0 10 0 0 0 0 0 : 4796 0 0 0 : 13.297065 ]
[13.297s][info][gc       ] [HMSP 9 : 41100 0 : 13.297065 ]
[13.298s][info][gc       ] [VMAC 65530 166 24 430 620 : 13.297560 ]
[13.520s][info][gc       ] [GPGC-H  2359.8 492.6 9.8 0.0 : 938.9 : 0.000 0.000 : 0.000 0.000 0.781 1.927 : 0.000 0.000 0.000 0.000 1.998 0.584 : 0.000 : 81.579 : 776 1784 30 0 : 2289 : 4608 4424 : 13.520095 : 9 Next_heuristic_check_may_be_too_late ]
[13.523s][info][safepoint] Application time: 0.2258330 seconds
[13.523s][info][safepoint] Total time for which application threads were stopped: 0.0003610 seconds, Stopping threads took: 0.0000005 seconds
[13.523s][info][gc       ] [SPS 0.000 0.003 0.003 0.008 0.001 0.001 0.000 0.323 0.028 0.361 NewGC_pause1 13.522600 ]
[13.601s][info][safepoint] Application time: 0.0782093 seconds
[13.602s][info][safepoint] Total time for which application threads were stopped: 0.0001769 seconds, Stopping threads took: 0.0000005 seconds
[13.602s][info][gc       ] [SPS 0.000 0.001 0.000 0.009 0.000 0.001 0.000 0.142 0.025 0.177 NewGC_pause2 13.600987 ]
[13.603s][info][safepoint] Application time: 0.0022857 seconds
[13.604s][info][safepoint] Total time for which application threads were stopped: 0.0001779 seconds, Stopping threads took: 0.0000005 seconds
[13.604s][info][gc       ] [SPS 0.000 0.000 0.000 0.008 0.001 0.001 0.000 0.144 0.024 0.178 NewGC_pause3 13.603450 ]
[13.605s][info][safepoint] Application time: 0.0013943 seconds
[13.605s][info][safepoint] Total time for which application threads were stopped: 0.0002181 seconds, Stopping threads took: 0.0000014 seconds
[13.606s][info][gc       ] [SPS 0.000 0.005 0.004 0.020 0.001 0.002 0.001 0.171 0.022 0.218 NewGC_pause4 13.605063 ]
[13.606s][info][gc       ] [GC New Max 32-27 : 5120 3012 2236 5120 - - 955 56 2 2 - : 238 1784 30 184 1014 : 234 4 780 780 0 : 0 1 117 0 119 - 0 : 0.223985 2830.5 0.0 0.084669 2858.2 0.0 : 3 --c 0000 : 23 0 0.000 0.000 0 0.000 0.000 0 0.000 0.000 : 13.520726 13.522239 0.000290 13.600810 0.000090 13.603272 0.000087 13.604845 0.000128 : 13.605396 ]
[13.606s][info][gc       ] [SYSINFO 7482 190 89 0 6951 0 20 0 0 5745 : - - - - - - - - : 0 7168 : 1.21 0.72 1.33 : 278178 4215044 : 0 0 : 12 0 : 1547 4 0 263 : - 7577378816 333475840 1344647168 5939011584 199507968 93806592 : 140688591 4871650 123970 0 0 0 : 13.605680 ]
[13.606s][info][gc       ] [HUGEPAGESTAT 0 0 0 - 20838 0 0 : 610304 0 0 : 13.605680 ]
[13.606s][info][gc       ] [OBJCREAT 24357595 24723 1767424 : 13.605736 ]
[13.606s][info][gc       ] [HMSV All : 0 0 10 0 0 0 0 0 : 4796 0 0 0 : 13.605755 ]
[13.606s][info][gc       ] [HMSP 9 : 41100 0 : 13.605755 ]
[13.606s][info][gc       ] [VMAC 65530 166 24 430 620 : 13.606479 ]
[13.829s][info][gc       ] [GPGC-H  2359.8 492.6 9.8 0.0 : 938.9 : 0.000 0.000 : 0.000 0.000 0.771 1.927 : 0.000 0.000 0.000 0.000 1.972 0.584 : 0.000 : 80.812 : 876 1784 30 0 : 2289 : 4608 4424 : 13.829157 : 9 Next_heuristic_check_may_be_too_late ]
[13.832s][info][safepoint] Application time: 0.2265152 seconds
[13.832s][info][safepoint] Total time for which application threads were stopped: 0.0003298 seconds, Stopping threads took: 0.0000005 seconds
[13.833s][info][gc       ] [SPS 0.000 0.003 0.002 0.008 0.001 0.001 0.000 0.292 0.028 0.330 NewGC_pause1 13.831908 ]
[13.907s][info][safepoint] Application time: 0.0748088 seconds
[13.908s][info][safepoint] Total time for which application threads were stopped: 0.0002062 seconds, Stopping threads took: 0.0000005 seconds
[13.908s][info][gc       ] [SPS 0.000 0.001 0.000 0.009 0.000 0.001 0.001 0.171 0.024 0.206 NewGC_pause2 13.906923 ]
[13.910s][info][safepoint] Application time: 0.0024820 seconds
[13.910s][info][safepoint] Total time for which application threads were stopped: 0.0002512 seconds, Stopping threads took: 0.0000010 seconds
[13.910s][info][gc       ] [SPS 0.000 0.001 0.000 0.013 0.001 0.001 0.001 0.212 0.023 0.251 NewGC_pause3 13.909657 ]
[13.911s][info][safepoint] Application time: 0.0013428 seconds
[13.912s][info][safepoint] Total time for which application threads were stopped: 0.0002034 seconds, Stopping threads took: 0.0000024 seconds
[13.912s][info][gc       ] [SPS 0.000 0.003 0.002 0.007 0.002 0.001 0.000 0.170 0.023 0.203 NewGC_pause4 13.911203 ]
[13.912s][info][gc       ] [GC New Max 33-28 : 5120 3050 2172 5120 - - 955 56 2 2 - : 174 1784 30 184 1052 : 170 4 880 880 0 : 0 1 85 0 87 - 0 : 0.224349 2852.7 0.0 0.081766 2152.5 0.0 : 3 --c 0000 : 23 0 0.000 0.000 0 0.000 0.000 0 0.000 0.000 : 13.829745 13.831578 0.000258 13.906717 0.000134 13.909406 0.000182 13.911000 0.000119 : 13.911510 ]
[13.912s][info][gc       ] [SYSINFO 7482 190 89 0 6951 0 20 0 0 5745 : - - - - - - - - : 0 7168 : 1.21 0.72 1.33 : 278178 4215044 : 0 0 : 12 0 : 1547 5 0 263 : - 7577378816 333475840 1344647168 5939011584 199507968 93806592 : 140688591 4872790 124010 0 0 0 : 13.911818 ]
[13.912s][info][gc       ] [HUGEPAGESTAT 0 0 0 - 20838 0 0 : 610304 0 0 : 13.911818 ]
[13.912s][info][gc       ] [OBJCREAT 25164668 24723 1767424 : 13.911882 ]
[13.912s][info][gc       ] [HMSV All : 0 0 10 0 0 0 0 0 : 4796 0 0 0 : 13.911895 ]
[13.912s][info][gc       ] [HMSP 9 : 41100 0 : 13.911895 ]
[13.913s][info][gc       ] [VMAC 65530 166 24 430 620 : 13.912558 ]
[14.135s][info][gc       ] [GPGC-H  2359.8 492.6 9.8 0.0 : 938.9 : 0.000 0.000 : 0.000 0.000 0.761 1.927 : 0.000 0.000 0.000 0.000 1.947 0.584 : 0.000 : 80.053 : 814 1784 30 0 : 2289 : 4608 4424 : 14.134825 : 9 Next_heuristic_check_may_be_too_late ]
[14.138s][info][safepoint] Application time: 0.2265167 seconds
[14.139s][info][safepoint] Total time for which application threads were stopped: 0.0004884 seconds, Stopping threads took: 0.0000005 seconds
[14.139s][info][gc       ] [SPS 0.000 0.003 0.004 0.010 0.000 0.001 0.000 0.448 0.029 0.488 NewGC_pause1 14.138209 ]
[14.211s][info][safepoint] Application time: 0.0722536 seconds
[14.211s][info][safepoint] Total time for which application threads were stopped: 0.0002624 seconds, Stopping threads took: 0.0000005 seconds
[14.212s][info][gc       ] [SPS 0.000 0.001 0.000 0.008 0.000 0.001 0.000 0.217 0.036 0.262 NewGC_pause2 14.210725 ]
[14.213s][info][safepoint] Application time: 0.0025698 seconds
[14.214s][info][safepoint] Total time for which application threads were stopped: 0.0001906 seconds, Stopping threads took: 0.0000005 seconds
[14.214s][info][gc       ] [SPS 0.000 0.000 0.000 0.008 0.001 0.001 0.000 0.157 0.024 0.191 NewGC_pause3 14.213485 ]
[14.215s][info][safepoint] Application time: 0.0014400 seconds
[14.215s][info][safepoint] Total time for which application threads were stopped: 0.0001673 seconds, Stopping threads took: 0.0000005 seconds
[14.216s][info][gc       ] [GC New Max 34-29 : 5120 2990 2172 5120 - - 955 56 2 2 - : 174 1784 30 184 992 : 170 4 820 820 0 : 0 1 85 0 87 - 0 : 0.223930 2867.0 0.0 0.079969 2225.9 0.0 : 3 --c 0000 : 23 0 0.000 0.000 0 0.000 0.000 0 0.000 0.000 : 14.135440 14.137720 0.000344 14.210462 0.000147 14.213295 0.000120 14.214925 0.000099 : 14.215409 ]
[14.216s][info][gc       ] [SYSINFO 7482 190 89 0 6951 0 20 0 0 5745 : - - - - - - - - : 0 7168 : 1.35 0.75 1.34 : 278178 4215044 : 0 0 : 12 0 : 1547 4 0 263 : - 7577378816 333475840 1344647168 5939011584 199507968 93806592 : 140688591 4873890 124060 0 0 0 : 14.215717 ]
[14.216s][info][gc       ] [HUGEPAGESTAT 0 0 0 - 20838 0 0 : 610304 0 0 : 14.215717 ]
[14.216s][info][gc       ] [OBJCREAT 25976258 24723 1767424 : 14.215787 ]
[14.216s][info][gc       ] [HMSV All : 0 0 10 0 0 0 0 0 : 4796 0 0 0 : 14.215805 ]
[14.216s][info][gc       ] [HMSP 9 : 41100 0 : 14.215805 ]
[14.216s][info][gc       ] [SPS 0.000 0.003 0.002 0.008 0.000 0.001 0.000 0.134 0.024 0.168 NewGC_pause4 14.215093 ]
[14.216s][info][gc       ] [VMAC 65530 166 24 430 620 : 14.216336 ]
[14.314s][info][gc       ] [DEOPTSTATS 1 : 1 0 : 0 0 : 0 0 : 0 0 : 0 12 : 0 0 : 0 0 : 0 0 : 0 0 : 0 0 : 0 0 : 0 0 : 0 0 : 0 0 : 0 0 : 0 0 : 0 0 : 0 0 : 0 0 : 0 0 : 0 0 : 0 0 : 0 0 : 0 0 : 0 0 : 0 0 : 0 0 : 0 0 : 0 0 : 0 0 : 4 0 : 0 0 : 0 0 : 0 0 : 0 0 : 0 0 : 0 0 : 0 0 : 0 0 : 0 0 : 0 0 : 0 0 ]
[14.314s][info][gc       ] [DEOPTSTATS 2 : 0 0 : 0 0 : 0 0 : 0 0 : 0 0 : 0 0 : 0 5 : 0 0 : 0 0 : 0 0 : 0 0 : 0 0 : 0 0 : 0 0 : 0 0 : 0 0 : 0 0 : 0 0 : 0 0 : 0 0 : 0 1 : 0 0 : 0 0 : 0 0 : 0 0 : 0 0 : 0 0 : 0 0 : 0 0 : 0 0 : 2 0 : 0 0 : 0 0 : 0 0 : 0 1 : 0 0 : 0 0 : 0 0 : 0 0 : 0 2 : 0 0 : 0 0 ]
[14.439s][info][gc       ] [GPGC-H  2484.0 492.6 9.8 0.0 : 938.9 : 0.000 0.000 : 0.000 0.000 0.752 1.927 : 0.000 0.000 0.000 0.000 1.923 0.584 : 0.000 : 79.303 : 804 1784 30 0 : 2289 : 4608 4424 : 14.438701 : 9 Next_heuristic_check_may_be_too_late ]
[14.441s][info][safepoint] Application time: 0.2259575 seconds
[14.442s][info][safepoint] Total time for which application threads were stopped: 0.0002984 seconds, Stopping threads took: 0.0000005 seconds
[14.442s][info][gc       ] [SPS 0.000 0.004 0.003 0.008 0.001 0.001 0.000 0.254 0.034 0.298 NewGC_pause1 14.441349 ]
[14.519s][info][safepoint] Application time: 0.0771960 seconds
[14.519s][info][safepoint] Total time for which application threads were stopped: 0.0001599 seconds, Stopping threads took: 0.0000008 seconds
[14.520s][info][gc       ] [SPS 0.000 0.001 0.000 0.012 0.001 0.001 0.001 0.127 0.019 0.160 NewGC_pause2 14.518705 ]
[14.520s][info][safepoint] Application time: 0.0016361 seconds
[14.521s][info][safepoint] Total time for which application threads were stopped: 0.0001328 seconds, Stopping threads took: 0.0000005 seconds
[14.521s][info][gc       ] [SPS 0.000 0.000 0.000 0.008 0.001 0.001 0.000 0.108 0.015 0.133 NewGC_pause3 14.520474 ]
[14.522s][info][safepoint] Application time: 0.0010294 seconds
[14.522s][info][safepoint] Total time for which application threads were stopped: 0.0001027 seconds, Stopping threads took: 0.0000005 seconds
[14.522s][info][gc       ] [SPS 0.000 0.003 0.002 0.008 0.001 0.001 0.000 0.066 0.027 0.103 NewGC_pause4 14.521606 ]
[14.522s][info][gc       ] [GC New Max 35-30 : 5120 2962 2156 5120 - - 955 56 2 2 - : 158 1784 30 184 964 : 154 4 809 809 0 : 0 1 77 0 79 - 0 : 0.223898 2822.7 0.0 0.082566 1937.9 0.0 : 3 --c 0000 : 23 0 0.000 0.000 0 0.000 0.000 0 0.000 0.000 : 14.439307 14.441051 0.000257 14.518545 0.000133 14.520341 0.000113 14.521503 0.000069 : 14.521873 ]
[14.522s][info][gc       ] [SYSINFO 7482 190 89 0 6951 0 20 0 0 5745 : - - - - - - - - : 0 7168 : 1.35 0.75 1.34 : 278178 4215044 : 0 0 : 12 0 : 1547 6 0 263 : - 7577378816 333475840 1344647168 5939011584 199507968 93806592 : 140688591 4875060 124160 0 0 0 : 14.522127 ]
[14.522s][info][gc       ] [HUGEPAGESTAT 0 0 0 - 20838 0 0 : 610304 0 0 : 14.522127 ]
[14.522s][info][gc       ] [OBJCREAT 26760595 24723 1767424 : 14.522181 ]
[14.522s][info][gc       ] [HMSV All : 0 0 10 0 0 0 0 0 : 4796 0 0 0 : 14.522198 ]
[14.522s][info][gc       ] [HMSP 9 : 41100 0 : 14.522198 ]
[14.523s][info][gc       ] [VMAC 65530 166 24 430 620 : 14.522692 ]
[14.745s][info][gc       ] [GPGC-H  2484.0 448.8 8.9 0.0 : 855.4 : 0.000 0.000 : 0.000 0.000 0.742 1.927 : 0.000 0.000 0.000 0.000 1.898 0.584 : 0.000 : 78.567 : 800 1784 30 0 : 2289 : 4608 4424 : 14.745356 : 9 Next_heuristic_check_may_be_too_late ]
[14.748s][info][safepoint] Application time: 0.2261497 seconds
[14.748s][info][safepoint] Total time for which application threads were stopped: 0.0003460 seconds, Stopping threads took: 0.0000005 seconds
[14.749s][info][gc       ] [SPS 0.000 0.003 0.004 0.008 0.001 0.001 0.000 0.306 0.030 0.346 NewGC_pause1 14.748102 ]
[14.826s][info][safepoint] Application time: 0.0773359 seconds
[14.826s][info][safepoint] Total time for which application threads were stopped: 0.0002034 seconds, Stopping threads took: 0.0000005 seconds
[14.827s][info][gc       ] [SPS 0.000 0.001 0.000 0.008 0.001 0.001 0.000 0.169 0.025 0.203 NewGC_pause2 14.825642 ]
[14.828s][info][safepoint] Application time: 0.0018491 seconds
[14.828s][info][safepoint] Total time for which application threads were stopped: 0.0001566 seconds, Stopping threads took: 0.0000005 seconds
[14.828s][info][gc       ] [SPS 0.000 0.000 0.000 0.008 0.001 0.001 0.000 0.124 0.023 0.157 NewGC_pause3 14.827647 ]
[14.829s][info][safepoint] Application time: 0.0009815 seconds
[14.829s][info][safepoint] Total time for which application threads were stopped: 0.0001584 seconds, Stopping threads took: 0.0000005 seconds
[14.829s][info][gc       ] [SPS 0.000 0.003 0.002 0.008 0.001 0.001 0.000 0.122 0.027 0.158 NewGC_pause4 14.828787 ]
[14.829s][info][gc       ] [GC New Max 36-31 : 5120 2968 2166 5120 - - 955 56 2 2 - : 168 1784 30 184 970 : 164 4 805 805 0 : 0 1 82 0 84 - 0 : 0.224167 2872.9 0.0 0.083015 2047.8 0.0 : 3 --c 0000 : 23 0 0.000 0.000 0 0.000 0.000 0 0.000 0.000 : 14.746040 14.747756 0.000259 14.825438 0.000139 14.827491 0.000084 14.828629 0.000086 : 14.829055 ]
[14.829s][info][gc       ] [SYSINFO 7482 190 89 0 6951 0 20 0 0 5745 : - - - - - - - - : 0 7168 : 1.35 0.75 1.34 : 278178 4215044 : 0 0 : 12 0 : 1547 6 0 263 : - 7577378816 333475840 1344647168 5939011584 199507968 93806592 : 140688591 4876170 124170 0 0 0 : 14.829431 ]
[14.829s][info][gc       ] [HUGEPAGESTAT 0 0 0 - 20838 0 0 : 610304 0 0 : 14.829431 ]
[14.829s][info][gc       ] [OBJCREAT 27567345 24723 1767424 : 14.829483 ]
[14.829s][info][gc       ] [HMSV All : 0 0 10 0 0 0 0 0 : 4796 0 0 0 : 14.829499 ]
[14.829s][info][gc       ] [HMSP 9 : 41100 0 : 14.829499 ]
[14.830s][info][gc       ] [VMAC 65530 166 24 430 620 : 14.830059 ]
[15.052s][info][gc       ] [GPGC-H  2484.0 448.8 8.9 0.0 : 855.4 : 0.000 0.000 : 0.000 0.000 0.733 1.927 : 0.000 0.000 0.000 0.000 1.874 0.584 : 0.000 : 77.840 : 808 1784 30 0 : 2289 : 4608 4424 : 15.052490 : 9 Next_heuristic_check_may_be_too_late ]
[15.055s][info][safepoint] Application time: 0.2257595 seconds
[15.055s][info][safepoint] Total time for which application threads were stopped: 0.0003341 seconds, Stopping threads took: 0.0000006 seconds
[15.056s][info][gc       ] [SPS 0.000 0.003 0.004 0.008 0.001 0.001 0.000 0.295 0.029 0.334 NewGC_pause1 15.054881 ]
[15.128s][info][safepoint] Application time: 0.0733302 seconds
[15.129s][info][safepoint] Total time for which application threads were stopped: 0.0002368 seconds, Stopping threads took: 0.0000007 seconds
[15.130s][info][gc       ] [SPS 0.000 0.001 0.000 0.012 0.001 0.001 0.001 0.200 0.022 0.237 NewGC_pause2 15.128448 ]
[15.131s][info][safepoint] Application time: 0.0022032 seconds
[15.131s][info][safepoint] Total time for which application threads were stopped: 0.0001581 seconds, Stopping threads took: 0.0000005 seconds
[15.131s][info][gc       ] [SPS 0.000 0.000 0.000 0.008 0.001 0.001 0.000 0.125 0.024 0.158 NewGC_pause3 15.130810 ]
[15.132s][info][safepoint] Application time: 0.0010358 seconds
[15.132s][info][safepoint] Total time for which application threads were stopped: 0.0002462 seconds, Stopping threads took: 0.0000005 seconds
[15.133s][info][gc       ] [SPS 0.000 0.003 0.002 0.008 0.001 0.001 0.000 0.156 0.081 0.247 NewGC_pause4 15.132092 ]
[15.133s][info][gc       ] [GC New Max 37-32 : 5120 2968 2160 5120 - - 955 56 2 2 - : 162 1784 30 184 970 : 160 4 811 811 0 : 0 1 80 0 81 - 0 : 0.223927 2858.1 0.0 0.079295 2068.2 0.0 : 3 --c 0000 : 23 0 0.000 0.000 0 0.000 0.000 0 0.000 0.000 : 15.052982 15.054547 0.000278 15.128212 0.000138 15.130652 0.000086 15.131846 0.000088 : 15.132276 ]
[15.133s][info][gc       ] [SYSINFO 7482 190 89 0 6951 0 20 0 0 5745 : - - - - - - - - : 0 7168 : 1.35 0.75 1.34 : 278178 4215044 : 0 0 : 12 0 : 1547 4 0 263 : - 7577378816 333475840 1344647168 5939011584 199507968 93806592 : 140688591 4877300 124170 0 0 0 : 15.132749 ]
[15.133s][info][gc       ] [HUGEPAGESTAT 0 0 0 - 20838 0 0 : 610304 0 0 : 15.132749 ]
[15.133s][info][gc       ] [OBJCREAT 28365562 24723 1767424 : 15.132861 ]
[15.133s][info][gc       ] [HMSV All : 0 0 10 0 0 0 0 0 : 4796 0 0 0 : 15.132896 ]
[15.133s][info][gc       ] [HMSP 9 : 41100 0 : 15.132896 ]
[15.133s][info][gc       ] [VMAC 65530 166 24 430 620 : 15.133497 ]
[15.416s][info][gc       ] [GPGC-H  2484.0 448.8 8.9 0.0 : 855.4 : 0.000 0.000 : 0.000 0.000 0.724 1.927 : 0.000 0.000 0.000 0.000 1.851 0.584 : 0.000 : 77.121 : 774 1784 30 0 : 2289 : 4608 4424 : 15.416154 : 9 Next_heuristic_check_may_be_too_late ]
[15.419s][info][safepoint] Application time: 0.2863341 seconds
[15.419s][info][safepoint] Total time for which application threads were stopped: 0.0003431 seconds, Stopping threads took: 0.0000005 seconds
[15.420s][info][gc       ] [SPS 0.000 0.005 0.003 0.008 0.001 0.001 0.000 0.310 0.023 0.343 NewGC_pause1 15.418770 ]
[15.497s][info][safepoint] Application time: 0.0780464 seconds
[15.498s][info][safepoint] Total time for which application threads were stopped: 0.0002686 seconds, Stopping threads took: 0.0000008 seconds
[15.498s][info][gc       ] [SPS 0.000 0.001 0.000 0.012 0.001 0.001 0.001 0.231 0.023 0.269 NewGC_pause2 15.497085 ]
[15.500s][info][safepoint] Application time: 0.0026400 seconds
[15.500s][info][safepoint] Total time for which application threads were stopped: 0.0001836 seconds, Stopping threads took: 0.0000005 seconds
[15.500s][info][gc       ] [SPS 0.000 0.000 0.000 0.007 0.000 0.001 0.000 0.152 0.023 0.184 NewGC_pause3 15.499909 ]
[15.502s][info][safepoint] Application time: 0.0014430 seconds
[15.502s][info][safepoint] Total time for which application threads were stopped: 0.0001994 seconds, Stopping threads took: 0.0000005 seconds
[15.502s][info][gc       ] [SPS 0.000 0.003 0.002 0.008 0.000 0.001 0.000 0.166 0.024 0.200 NewGC_pause4 15.501551 ]
[15.503s][info][gc       ] [VMAC 65530 166 24 430 620 : 15.502771 ]
[15.502s][info][gc       ] [GC New Max 38-33 : 5120 3006 2232 5120 - - 955 56 2 2 - : 234 1784 30 184 1008 : 232 4 777 777 0 : 0 1 116 0 117 - 0 : 0.284577 2157.6 0.0 0.085004 2752.8 0.0 : 3 --c 0000 : 23 0 0.000 0.000 0 0.000 0.000 0 0.000 0.000 : 15.416853 15.418427 0.000307 15.496816 0.000200 15.499725 0.000134 15.501351 0.000127 : 15.501857 ]
[15.502s][info][gc       ] [SYSINFO 7482 190 89 0 6951 0 20 0 0 5745 : - - - - - - - - : 0 7168 : 1.35 0.75 1.34 : 278178 4215044 : 0 0 : 12 0 : 1547 4 0 263 : - 7577378816 333475840 1344647168 5939011584 199507968 93806592 : 140688591 4878590 124210 0 0 0 : 15.502158 ]
[15.502s][info][gc       ] [HUGEPAGESTAT 0 0 0 - 20838 0 0 : 610304 0 0 : 15.502158 ]
[15.502s][info][gc       ] [OBJCREAT 29205131 24723 1767424 : 15.502207 ]
[15.502s][info][gc       ] [HMSV All : 0 0 10 0 0 0 0 0 : 4796 0 0 0 : 15.502225 ]
[15.502s][info][gc       ] [HMSP 9 : 41100 0 : 15.502225 ]
[15.709s][info][gc       ] [DEOPTSTATS 1 : 1 0 : 0 0 : 0 0 : 0 0 : 0 12 : 0 0 : 0 0 : 0 0 : 0 0 : 0 0 : 0 0 : 0 0 : 0 0 : 0 0 : 0 0 : 0 0 : 0 0 : 0 0 : 0 0 : 0 0 : 0 0 : 0 0 : 0 0 : 0 0 : 0 0 : 0 0 : 0 0 : 0 0 : 0 0 : 0 0 : 4 0 : 0 0 : 0 0 : 0 0 : 0 0 : 0 0 : 0 0 : 0 0 : 0 0 : 0 0 : 0 0 : 0 0 ]
[15.709s][info][gc       ] [DEOPTSTATS 2 : 0 0 : 0 0 : 0 0 : 0 0 : 0 0 : 0 0 : 0 6 : 0 0 : 0 0 : 0 0 : 0 0 : 0 0 : 0 0 : 0 0 : 0 0 : 0 0 : 0 0 : 0 0 : 0 0 : 0 0 : 0 1 : 0 0 : 0 0 : 0 0 : 0 0 : 0 0 : 0 0 : 0 0 : 0 0 : 0 0 : 2 0 : 0 0 : 0 0 : 0 0 : 0 1 : 0 0 : 0 0 : 0 0 : 0 0 : 0 3 : 0 0 : 0 0 ]
[15.726s][info][gc       ] [GPGC-H  2484.0 448.8 8.9 0.0 : 855.4 : 0.000 0.000 : 0.000 0.000 0.713 1.927 : 0.000 0.000 0.000 0.000 1.822 0.584 : 0.000 : 76.205 : 844 1784 30 0 : 2289 : 4608 4424 : 15.726453 : 9 Next_heuristic_check_may_be_too_late ]
[15.729s][info][safepoint] Application time: 0.2273119 seconds
[15.730s][info][safepoint] Total time for which application threads were stopped: 0.0004024 seconds, Stopping threads took: 0.0000005 seconds
[15.730s][info][gc       ] [SPS 0.000 0.003 0.003 0.008 0.001 0.001 0.000 0.298 0.094 0.403 NewGC_pause1 15.729266 ]
[15.807s][info][safepoint] Application time: 0.0778073 seconds
[15.808s][info][safepoint] Total time for which application threads were stopped: 0.0002378 seconds, Stopping threads took: 0.0000007 seconds
[15.809s][info][gc       ] [SPSH lock suspend gclocker notify wait resuspend cleanup op_time wakeup total(ms) op_name end(s) ]
[15.809s][info][gc       ] [SPS 0.000 0.001 0.000 0.011 0.001 0.001 0.001 0.191 0.034 0.238 NewGC_pause2 15.807311 ]
[15.810s][info][safepoint] Application time: 0.0026638 seconds
[15.811s][info][safepoint] Total time for which application threads were stopped: 0.0002016 seconds, Stopping threads took: 0.0000007 seconds
[15.811s][info][gc       ] [SPS 0.000 0.001 0.000 0.020 0.001 0.001 0.000 0.146 0.034 0.202 NewGC_pause3 15.810177 ]
[15.812s][info][safepoint] Application time: 0.0017470 seconds
[15.813s][info][safepoint] Total time for which application threads were stopped: 0.0003394 seconds, Stopping threads took: 0.0000004 seconds
[15.813s][info][gc       ] [SPS 0.000 0.003 0.002 0.007 0.000 0.001 0.000 0.263 0.067 0.340 NewGC_pause4 15.812264 ]
[15.813s][info][gc       ] [GC New Max 39-34 : 5120 2996 2152 5120 - - 955 56 2 2 - : 154 1784 30 184 998 : 150 4 846 846 0 : 0 1 75 0 77 - 0 : 0.225147 2709.3 0.0 0.085608 1822.3 0.0 : 3 --c 0000 : 23 0 0.000 0.000 0 0.000 0.000 0 0.000 0.000 : 15.727004 15.728863 0.000206 15.807073 0.000147 15.809975 0.000131 15.811924 0.000178 : 15.812612 ]
[15.813s][info][gc       ] [SYSINFO 7484 190 89 0 6951 0 20 0 0 5745 : - - - - - - - - : 0 7168 : 1.35 0.75 1.34 : 278178 4215044 : 0 0 : 12 0 : 1547 4 0 263 : - 7577657344 333475840 1344925696 5939011584 199507968 93806592 : 140688591 4879780 124300 0 0 0 : 15.812918 ]
[15.813s][info][gc       ] [HUGEPAGESTAT 0 0 0 - 20839 0 0 : 610304 0 0 : 15.812918 ]
[15.813s][info][gc       ] [OBJCREAT 29962703 24723 1767424 : 15.813009 ]
[15.813s][info][gc       ] [HMSV All : 0 0 10 0 0 0 0 0 : 4796 0 0 0 : 15.813024 ]
[15.813s][info][gc       ] [HMSP 9 : 41100 0 : 15.813024 ]
[15.814s][info][gc       ] [VMAC 65530 166 24 430 620 : 15.813562 ]
[16.037s][info][gc       ] [GPGC-H  2484.0 448.8 8.9 0.0 : 855.4 : 0.000 0.000 : 0.000 0.000 0.704 1.927 : 0.000 0.000 0.000 0.000 1.799 0.584 : 0.000 : 75.511 : 792 1784 30 0 : 2289 : 4608 4424 : 16.036917 : 9 Next_heuristic_check_may_be_too_late ]
[16.039s][info][safepoint] Application time: 0.2266826 seconds
[16.040s][info][safepoint] Total time for which application threads were stopped: 0.0003056 seconds, Stopping threads took: 0.0000005 seconds
[16.040s][info][gc       ] [SPS 0.000 0.003 0.005 0.009 0.001 0.001 0.000 0.276 0.019 0.305 NewGC_pause1 16.039252 ]
[16.113s][info][safepoint] Application time: 0.0739325 seconds
[16.114s][info][safepoint] Total time for which application threads were stopped: 0.0001192 seconds, Stopping threads took: 0.0000007 seconds
[16.114s][info][gc       ] [SPS 0.000 0.001 0.000 0.018 0.001 0.001 0.000 0.083 0.016 0.119 NewGC_pause2 16.113303 ]
[16.115s][info][safepoint] Application time: 0.0016768 seconds
[16.115s][info][safepoint] Total time for which application threads were stopped: 0.0001557 seconds, Stopping threads took: 0.0000005 seconds
[16.116s][info][gc       ] [SPS 0.000 0.000 0.000 0.008 0.000 0.001 0.000 0.105 0.041 0.156 NewGC_pause3 16.115136 ]
[16.116s][info][safepoint] Application time: 0.0010549 seconds
[16.117s][info][safepoint] Total time for which application threads were stopped: 0.0001532 seconds, Stopping threads took: 0.0000005 seconds
[16.117s][info][gc       ] [SPS 0.000 0.003 0.002 0.008 0.000 0.001 0.000 0.115 0.029 0.153 NewGC_pause4 16.116344 ]
[16.117s][info][gc       ] [GC New Max 40-35 : 5120 2952 2158 5120 - - 955 56 2 2 - : 160 1784 30 184 954 : 156 4 796 796 0 : 0 1 78 0 80 - 0 : 0.224836 2846.5 0.0 0.079225 2044.8 0.0 : 3 --c 0000 : 23 0 0.000 0.000 0 0.000 0.000 0 0.000 0.000 : 16.037448 16.038946 0.000280 16.113184 0.000099 16.114980 0.000054 16.116191 0.000119 : 16.116673 ]
[16.117s][info][gc       ] [SYSINFO 7484 190 89 0 6951 0 20 0 0 5745 : - - - - - - - - : 0 7168 : 1.35 0.75 1.34 : 278178 4215044 : 0 0 : 12 0 : 1547 3 0 263 : - 7577657344 333475840 1344925696 5939011584 199507968 93806592 : 140688591 4880560 124390 0 0 0 : 16.116971 ]
[16.117s][info][gc       ] [HUGEPAGESTAT 0 0 0 - 20839 0 0 : 610304 0 0 : 16.116971 ]
[16.117s][info][gc       ] [OBJCREAT 30756240 24723 1767424 : 16.117036 ]
[16.117s][info][gc       ] [HMSV All : 0 0 10 0 0 0 0 0 : 4796 0 0 0 : 16.117058 ]
[16.117s][info][gc       ] [HMSP 9 : 41100 0 : 16.117058 ]
[16.118s][info][gc       ] [VMAC 65530 166 24 430 620 : 16.117616 ]
[16.339s][info][gc       ] [GPGC-H  2482.8 448.8 8.9 0.0 : 855.4 : 0.000 0.000 : 0.000 0.000 0.695 1.927 : 0.000 0.000 0.000 0.000 1.777 0.584 : 0.000 : 74.821 : 798 1784 30 0 : 2289 : 4608 4424 : 16.338924 : 9 Next_heuristic_check_may_be_too_late ]
[16.342s][info][safepoint] Application time: 0.2251732 seconds
[16.342s][info][safepoint] Total time for which application threads were stopped: 0.0001955 seconds, Stopping threads took: 0.0000005 seconds
[16.343s][info][gc       ] [SPS 0.000 0.008 0.007 0.017 0.001 0.001 0.001 0.155 0.021 0.196 NewGC_pause1 16.341713 ]
[16.413s][info][safepoint] Application time: 0.0708311 seconds
[16.413s][info][safepoint] Total time for which application threads were stopped: 0.0002072 seconds, Stopping threads took: 0.0000005 seconds
[16.414s][info][gc       ] [SPS 0.000 0.001 0.000 0.008 0.001 0.001 0.001 0.174 0.023 0.207 NewGC_pause2 16.412752 ]
[16.415s][info][safepoint] Application time: 0.0020111 seconds
[16.415s][info][safepoint] Total time for which application threads were stopped: 0.0001916 seconds, Stopping threads took: 0.0000005 seconds
[16.416s][info][gc       ] [SPS 0.000 0.000 0.000 0.007 0.000 0.001 0.000 0.159 0.024 0.192 NewGC_pause3 16.414955 ]
[16.416s][info][safepoint] Application time: 0.0009790 seconds
[16.417s][info][safepoint] Total time for which application threads were stopped: 0.0001599 seconds, Stopping threads took: 0.0000005 seconds
[16.417s][info][gc       ] [SPS 0.000 0.003 0.002 0.008 0.001 0.001 0.000 0.126 0.025 0.160 NewGC_pause4 16.416094 ]
[16.417s][info][gc       ] [VMAC 65530 166 24 430 620 : 16.417340 ]
[16.417s][info][gc       ] [GC New Max 41-36 : 5120 2980 2180 5120 - - 955 56 2 2 - : 182 1784 30 184 982 : 178 4 802 802 0 : 0 1 89 0 91 - 0 : 0.222743 2873.3 0.0 0.076939 2391.5 0.0 : 3 --c 0000 : 23 0 0.000 0.000 0 0.000 0.000 0 0.000 0.000 : 16.339416 16.341518 0.000163 16.412545 0.000133 16.414763 0.000092 16.415934 0.000087 : 16.416356 ]
[16.417s][info][gc       ] [SYSINFO 7484 190 89 0 6951 0 20 0 0 5745 : - - - - - - - - : 0 7168 : 1.35 0.75 1.34 : 278178 4215044 : 0 0 : 12 0 : 1547 4 0 263 : - 7577657344 333475840 1344925696 5939011584 199507968 93806592 : 140688591 4881360 124470 0 0 0 : 16.416633 ]
[16.417s][info][gc       ] [HUGEPAGESTAT 0 0 0 - 20839 0 0 : 610304 0 0 : 16.416633 ]
[16.417s][info][gc       ] [OBJCREAT 31569283 24723 1767424 : 16.416683 ]
[16.417s][info][gc       ] [HMSV All : 0 0 10 0 0 0 0 0 : 4796 0 0 0 : 16.416702 ]
[16.417s][info][gc       ] [HMSP 9 : 41100 0 : 16.416702 ]
[16.661s][info][gc       ] [GPGC-H  2482.8 408.9 8.1 0.0 : 779.3 : 0.000 0.000 : 0.000 0.000 0.687 1.927 : 0.000 0.000 0.000 0.000 1.755 0.584 : 0.000 : 74.145 : 832 1784 30 0 : 2289 : 4608 4424 : 16.660622 : 9 Next_heuristic_check_may_be_too_late ]
[16.663s][info][safepoint] Application time: 0.2469145 seconds
[16.664s][info][safepoint] Total time for which application threads were stopped: 0.0002471 seconds, Stopping threads took: 0.0000005 seconds
[16.664s][info][gc       ] [SPS 0.000 0.004 0.005 0.007 0.000 0.001 0.000 0.212 0.026 0.247 NewGC_pause1 16.663256 ]
[16.725s][info][safepoint] Application time: 0.0620234 seconds
[16.726s][info][safepoint] Total time for which application threads were stopped: 0.0001459 seconds, Stopping threads took: 0.0000005 seconds
[16.726s][info][gc       ] [SPS 0.000 0.001 0.000 0.007 0.000 0.001 0.000 0.117 0.020 0.146 NewGC_pause2 16.725425 ]
[16.728s][info][safepoint] Application time: 0.0021653 seconds
[16.728s][info][safepoint] Total time for which application threads were stopped: 0.0001891 seconds, Stopping threads took: 0.0000005 seconds
[16.728s][info][gc       ] [SPS 0.000 0.000 0.000 0.007 0.000 0.001 0.000 0.155 0.026 0.189 NewGC_pause3 16.727780 ]
[16.729s][info][safepoint] Application time: 0.0011845 seconds
[16.730s][info][safepoint] Total time for which application threads were stopped: 0.0001277 seconds, Stopping threads took: 0.0000005 seconds
[16.730s][info][gc       ] [SPS 0.000 0.002 0.002 0.007 0.000 0.001 0.000 0.074 0.045 0.128 NewGC_pause4 16.729092 ]
[16.730s][info][gc       ] [GC New Max 42-37 : 5120 2994 2162 5120 - - 959 56 2 2 - : 164 1784 30 184 996 : 160 4 835 835 0 : 0 1 80 0 82 - 0 : 0.244821 2655.0 0.0 0.068445 2425.3 0.0 : 3 --c 0000 : 23 0 0.000 0.000 0 0.000 0.000 0 0.000 0.000 : 16.661177 16.663009 0.000138 16.725279 0.000123 16.727590 0.000102 16.728964 0.000081 : 16.729622 ]
[16.730s][info][gc       ] [SYSINFO 7488 190 89 0 6954 0 20 0 0 5745 : - - - - - - - - : 0 7168 : 1.35 0.75 1.34 : 278178 4215044 : 0 0 : 12 0 : 1547 3 0 263 : - 7580889088 333475840 1348157440 5939011584 199507968 93806592 : 140688591 4881900 124540 0 0 0 : 16.729881 ]
[16.730s][info][gc       ] [HUGEPAGESTAT 0 0 0 - 20840 0 0 : 610304 0 0 : 16.729881 ]
[16.730s][info][gc       ] [OBJCREAT 32379380 24723 1767424 : 16.729931 ]
[16.730s][info][gc       ] [HMSV All : 0 0 10 0 0 0 0 0 : 4796 0 0 0 : 16.729950 ]
[16.730s][info][gc       ] [HMSP 9 : 41100 0 : 16.729950 ]
[16.731s][info][gc       ] [VMAC 65530 166 24 430 620 : 16.730663 ]
[16.993s][info][gc       ] [GPGC-H  2482.8 408.9 8.1 0.0 : 779.3 : 0.000 0.000 : 0.000 0.000 0.678 1.927 : 0.000 0.000 0.000 0.000 1.732 0.584 : 0.000 : 73.393 : 818 1784 30 0 : 2289 : 4608 4424 : 16.992619 : 9 Next_heuristic_check_may_be_too_late ]
[16.995s][info][safepoint] Application time: 0.2659598 seconds
[16.996s][info][safepoint] Total time for which application threads were stopped: 0.0003560 seconds, Stopping threads took: 0.0000005 seconds
[16.996s][info][gc       ] [SPS 0.000 0.003 0.006 0.008 0.001 0.001 0.001 0.324 0.022 0.356 NewGC_pause1 16.995408 ]
[17.075s][info][safepoint] Application time: 0.0791359 seconds
[17.075s][info][safepoint] Total time for which application threads were stopped: 0.0001495 seconds, Stopping threads took: 0.0000005 seconds
[17.076s][info][gc       ] [SPS 0.000 0.001 0.000 0.007 0.000 0.001 0.000 0.115 0.026 0.150 NewGC_pause2 17.074694 ]
[17.077s][info][safepoint] Application time: 0.0020726 seconds
[17.078s][info][safepoint] Total time for which application threads were stopped: 0.0001775 seconds, Stopping threads took: 0.0000005 seconds
[17.078s][info][gc       ] [SPS 0.000 0.001 0.000 0.007 0.001 0.001 0.000 0.142 0.027 0.178 NewGC_pause3 17.076944 ]
[17.078s][info][safepoint] Application time: 0.0011613 seconds
[17.078s][info][safepoint] Total time for which application threads were stopped: 0.0001868 seconds, Stopping threads took: 0.0000005 seconds
[17.079s][info][gc       ] [SPS 0.000 0.002 0.002 0.008 0.000 0.001 0.000 0.136 0.041 0.187 NewGC_pause4 17.078292 ]
[17.079s][info][gc       ] [GC New Max 43-38 : 5120 2964 2144 5120 - - 959 56 2 2 - : 146 1784 30 184 966 : 142 4 822 822 0 : 0 1 71 0 73 - 0 : 0.263559 2481.4 0.0 0.085561 1753.1 0.0 : 3 --c 0000 : 23 0 0.000 0.000 0 0.000 0.000 0 0.000 0.000 : 16.993181 16.995052 0.000324 17.074544 0.000072 17.076766 0.000109 17.078105 0.000066 : 17.078742 ]
[17.079s][info][gc       ] [SYSINFO 7488 190 89 0 6954 0 20 0 0 5745 : - - - - - - - - : 0 7168 : 1.35 0.75 1.34 : 278178 4215044 : 0 0 : 12 0 : 1547 2 0 263 : - 7580889088 333475840 1348157440 5939011584 199507968 93806592 : 140688591 4882460 124620 0 0 0 : 17.079000 ]
[17.079s][info][gc       ] [HUGEPAGESTAT 0 0 0 - 20840 0 0 : 610304 0 0 : 17.079000 ]
[17.079s][info][gc       ] [OBJCREAT 33172777 24723 1767424 : 17.079109 ]
[17.079s][info][gc       ] [HMSV All : 0 0 10 0 0 0 0 0 : 4796 0 0 0 : 17.079124 ]
[17.079s][info][gc       ] [HMSP 9 : 41100 0 : 17.079124 ]
[17.080s][info][gc       ] [VMAC 65530 166 24 430 620 : 17.079826 ]
[17.322s][info][gc       ] [GPGC-H  2482.8 408.9 8.1 0.0 : 779.3 : 0.000 0.000 : 0.000 0.000 0.669 1.927 : 0.000 0.000 0.000 0.000 1.708 0.584 : 0.000 : 72.611 : 776 1784 30 0 : 2289 : 4608 4424 : 17.321511 : 9 Next_heuristic_check_may_be_too_late ]
[17.324s][info][safepoint] Application time: 0.2452487 seconds
[17.324s][info][safepoint] Total time for which application threads were stopped: 0.0002032 seconds, Stopping threads took: 0.0000005 seconds
[17.325s][info][gc       ] [SPS 0.000 0.004 0.004 0.008 0.001 0.001 0.000 0.174 0.021 0.204 NewGC_pause1 17.323745 ]
[17.387s][info][safepoint] Application time: 0.0633142 seconds
[17.388s][info][safepoint] Total time for which application threads were stopped: 0.0002067 seconds, Stopping threads took: 0.0000004 seconds
[17.388s][info][gc       ] [SPS 0.000 0.001 0.000 0.007 0.000 0.001 0.000 0.155 0.043 0.207 NewGC_pause2 17.387266 ]
[17.390s][info][safepoint] Application time: 0.0022490 seconds
[17.390s][info][safepoint] Total time for which application threads were stopped: 0.0001786 seconds, Stopping threads took: 0.0000008 seconds
[17.390s][info][gc       ] [SPS 0.000 0.001 0.000 0.011 0.001 0.001 0.001 0.115 0.051 0.179 NewGC_pause3 17.389693 ]
[17.391s][info][safepoint] Application time: 0.0012129 seconds
[17.392s][info][safepoint] Total time for which application threads were stopped: 0.0002083 seconds, Stopping threads took: 0.0000005 seconds
[17.392s][info][gc       ] [SPS 0.000 0.003 0.002 0.008 0.001 0.001 0.000 0.146 0.053 0.208 NewGC_pause4 17.391115 ]
[17.392s][info][gc       ] [GC New Max 44-39 : 5120 2964 2186 5120 - - 959 56 2 2 - : 188 1784 30 184 966 : 184 4 780 780 0 : 0 1 92 0 94 - 0 : 0.243088 2599.9 0.0 0.069647 2728.0 0.0 : 3 --c 0000 : 23 0 0.000 0.000 0 0.000 0.000 0 0.000 0.000 : 17.321830 17.323541 0.000174 17.387059 0.000126 17.389515 0.000115 17.390906 0.000098 : 17.391477 ]
[17.392s][info][gc       ] [SYSINFO 7488 190 89 0 6954 0 20 0 0 5745 : - - - - - - - - : 0 7168 : 1.35 0.75 1.34 : 278178 4215044 : 0 0 : 12 0 : 1547 2 0 263 : - 7580889088 333475840 1348157440 5939011584 199507968 93806592 : 140688591 4882960 124700 0 0 0 : 17.391752 ]
[17.392s][info][gc       ] [HUGEPAGESTAT 0 0 0 - 20840 0 0 : 612352 0 0 : 17.391752 ]
[17.392s][info][gc       ] [OBJCREAT 33985581 24723 1767424 : 17.391816 ]
[17.392s][info][gc       ] [HMSV All : 0 0 10 0 0 0 0 0 : 4796 0 0 0 : 17.391835 ]
[17.392s][info][gc       ] [HMSP 9 : 41100 0 : 17.391835 ]
[17.392s][info][gc       ] [VMAC 65530 166 24 430 620 : 17.392362 ]
[17.654s][info][gc       ] [GPGC-H  2482.8 408.9 8.1 0.0 : 779.3 : 0.000 0.000 : 0.000 0.000 0.660 1.927 : 0.000 0.000 0.000 0.000 1.686 0.584 : 0.000 : 71.889 : 816 1784 30 0 : 2289 : 4608 4424 : 17.654276 : 9 Next_heuristic_check_may_be_too_late ]
[17.657s][info][safepoint] Application time: 0.2654186 seconds
[17.657s][info][safepoint] Total time for which application threads were stopped: 0.0003603 seconds, Stopping threads took: 0.0000004 seconds
[17.658s][info][gc       ] [SPS 0.000 0.004 0.003 0.007 0.000 0.001 0.000 0.311 0.040 0.360 NewGC_pause1 17.656894 ]
[17.736s][info][safepoint] Application time: 0.0788352 seconds
[17.736s][info][safepoint] Total time for which application threads were stopped: 0.0001223 seconds, Stopping threads took: 0.0000005 seconds
[17.737s][info][gc       ] [SPS 0.000 0.001 0.000 0.007 0.000 0.001 0.000 0.098 0.015 0.122 NewGC_pause2 17.735851 ]
[17.738s][info][safepoint] Application time: 0.0015635 seconds
[17.738s][info][safepoint] Total time for which application threads were stopped: 0.0001139 seconds, Stopping threads took: 0.0000005 seconds
[17.738s][info][gc       ] [SPS 0.000 0.000 0.000 0.008 0.000 0.001 0.001 0.063 0.041 0.114 NewGC_pause3 17.737529 ]
[17.739s][info][safepoint] Application time: 0.0012502 seconds
[17.739s][info][safepoint] Total time for which application threads were stopped: 0.0001278 seconds, Stopping threads took: 0.0000005 seconds
[17.740s][info][gc       ] [SPS 0.000 0.002 0.002 0.007 0.000 0.001 0.000 0.100 0.019 0.128 NewGC_pause4 17.738907 ]
[17.740s][info][gc       ] [GC New Max 45-40 : 5120 3036 2216 5120 - - 959 56 2 2 - : 218 1784 30 184 1038 : 214 4 822 822 0 : 0 1 107 0 109 - 0 : 0.263389 2391.9 0.0 0.084449 2628.8 0.0 : 3 --c 0000 : 23 0 0.000 0.000 0 0.000 0.000 0 0.000 0.000 : 17.654866 17.656533 0.000270 17.735729 0.000102 17.737415 0.000058 17.738779 0.000102 : 17.739316 ]
[17.740s][info][gc       ] [SYSINFO 7488 190 89 0 6954 0 20 0 0 5745 : - - - - - - - - : 0 7168 : 1.35 0.75 1.34 : 278178 4215044 : 0 0 : 12 0 : 1547 3 0 263 : - 7580889088 333475840 1348157440 5939011584 199507968 93806592 : 140688591 4883540 124700 0 0 0 : 17.739613 ]
[17.740s][info][gc       ] [HUGEPAGESTAT 0 0 0 - 20840 0 0 : 612352 0 0 : 17.739613 ]
[17.740s][info][gc       ] [OBJCREAT 34826127 24723 1767424 : 17.739665 ]
[17.740s][info][gc       ] [HMSV All : 0 0 10 0 0 0 0 0 : 4796 0 0 0 : 17.739683 ]
[17.740s][info][gc       ] [HMSP 9 : 41100 0 : 17.739683 ]
[17.740s][info][gc       ] [VMAC 65530 166 24 430 620 : 17.740256 ]
[17.753s][info][gc       ] [DEOPTSTATS 1 : 1 0 : 0 0 : 0 0 : 0 0 : 0 12 : 0 0 : 0 0 : 0 0 : 0 0 : 0 0 : 0 0 : 0 0 : 0 0 : 0 0 : 0 0 : 0 0 : 0 0 : 0 0 : 0 0 : 0 0 : 0 0 : 0 0 : 0 0 : 0 0 : 0 0 : 0 0 : 0 0 : 0 0 : 0 0 : 0 0 : 4 0 : 0 0 : 0 0 : 0 0 : 0 0 : 0 0 : 0 0 : 0 0 : 0 0 : 0 0 : 0 0 : 0 0 ]
[17.753s][info][gc       ] [DEOPTSTATS 2 : 0 0 : 0 0 : 0 0 : 0 0 : 0 0 : 0 0 : 0 8 : 0 0 : 0 0 : 0 0 : 0 0 : 0 0 : 0 0 : 0 0 : 0 0 : 0 0 : 0 0 : 0 0 : 0 0 : 0 0 : 0 1 : 0 0 : 0 0 : 0 0 : 0 0 : 0 0 : 0 0 : 0 0 : 0 0 : 0 0 : 3 0 : 0 0 : 0 0 : 0 0 : 0 1 : 0 0 : 0 0 : 0 0 : 0 0 : 0 4 : 0 0 : 0 0 ]
[17.962s][info][gc       ] [GPGC-H  2482.8 408.9 8.1 0.0 : 779.3 : 0.000 0.000 : 0.000 0.000 0.651 1.927 : 0.000 0.000 0.000 0.000 1.662 0.584 : 0.000 : 71.130 : 864 1784 30 0 : 2289 : 4608 4424 : 17.961555 : 9 Next_heuristic_check_may_be_too_late ]
[17.964s][info][safepoint] Application time: 0.2252515 seconds
[17.965s][info][safepoint] Total time for which application threads were stopped: 0.0002732 seconds, Stopping threads took: 0.0000006 seconds
[17.965s][info][gc       ] [SPS 0.000 0.004 0.060 0.009 0.001 0.001 0.001 0.233 0.029 0.273 NewGC_pause1 17.964432 ]
[18.223s][info][safepoint] Application time: 0.2582561 seconds
[18.223s][info][safepoint] Total time for which application threads were stopped: 0.0001962 seconds, Stopping threads took: 0.0000005 seconds
[18.224s][info][gc       ] [SPS 0.000 0.001 0.000 0.008 0.000 0.001 0.000 0.143 0.044 0.196 NewGC_pause2 18.222884 ]
[18.225s][info][safepoint] Application time: 0.0021705 seconds
[18.226s][info][safepoint] Total time for which application threads were stopped: 0.0001208 seconds, Stopping threads took: 0.0000005 seconds
[18.226s][info][gc       ] [SPS 0.000 0.001 0.000 0.008 0.001 0.001 0.000 0.094 0.017 0.121 NewGC_pause3 18.225176 ]
[18.227s][info][safepoint] Application time: 0.0011549 seconds
[18.227s][info][safepoint] Total time for which application threads were stopped: 0.0001906 seconds, Stopping threads took: 0.0000006 seconds
[18.227s][info][gc       ] [SPS 0.000 0.003 0.002 0.008 0.001 0.001 0.000 0.150 0.031 0.191 NewGC_pause4 18.226522 ]
[18.227s][info][gc       ] [GC New Max 46-41 : 5120 3832 3566 5120 - - 959 56 2 2 - : 1568 1784 30 184 1834 : 1560 8 269 269 0 : 0 0 482 0 705 - 79 : 0.222780 2908.7 0.0 0.264676 3664.9 0.0 : 3 --c 0000 : 23 0 0.000 0.000 0 0.000 0.000 0 0.000 0.000 : 17.962096 17.964159 0.000213 18.222688 0.000137 18.225055 0.000096 18.226331 0.000113 : 18.226772 ]
[18.227s][info][gc       ] [SYSINFO 7488 190 89 0 6955 0 20 0 0 5745 : - - - - - - - - : 0 7168 : 1.35 0.75 1.34 : 278178 4215044 : 0 0 : 12 0 : 1547 3 0 263 : - 7581970432 333475840 1349238784 5939011584 199507968 93806592 : 140688591 4885620 124700 0 0 0 : 18.227225 ]
[18.227s][info][gc       ] [HUGEPAGESTAT 0 0 0 - 20840 0 0 : 612352 0 0 : 18.227225 ]
[18.227s][info][gc       ] [OBJCREAT 36427106 24723 1767424 : 18.227323 ]
[18.227s][info][gc       ] [HMSV All : 0 0 19 0 0 0 0 0 : 4796 0 0 0 : 18.227346 ]
[18.227s][info][gc       ] [HMSP 9 : 41100 0 : 18.227346 ]
[18.228s][info][gc       ] [VMAC 65530 166 24 430 620 : 18.228099 ]
[18.490s][info][gc       ] [GPGC-H  2617.4 408.9 8.1 0.0 : 779.3 : 0.000 0.000 : 0.000 0.000 0.642 1.927 : 0.000 0.000 0.000 0.000 1.631 0.584 : 0.000 : 70.755 : 1928 1784 30 0 : 2289 : 4608 4424 : 18.490140 : 9 Next_heuristic_check_may_be_too_late ]
[18.834s][info][safepoint] Application time: 0.6074796 seconds
[18.835s][info][safepoint] Total time for which application threads were stopped: 0.0004559 seconds, Stopping threads took: 0.0000007 seconds
[18.835s][info][gc       ] [SPS 0.000 0.005 0.006 0.010 0.001 0.001 0.000 0.405 0.038 0.456 NewGC_pause1 18.834457 ]
[19.429s][info][safepoint] Application time: 0.5941824 seconds
[19.429s][info][safepoint] Total time for which application threads were stopped: 0.0000879 seconds, Stopping threads took: 0.0000006 seconds
[19.429s][info][gc       ] [SPS 0.000 0.001 0.000 0.008 0.001 0.001 0.001 0.062 0.016 0.088 NewGC_pause2 19.428728 ]
[19.430s][info][safepoint] Application time: 0.0013478 seconds
[19.431s][info][safepoint] Total time for which application threads were stopped: 0.0000699 seconds, Stopping threads took: 0.0000005 seconds
[19.431s][info][gc       ] [SPS 0.000 0.001 0.000 0.009 0.001 0.001 0.000 0.044 0.015 0.070 NewGC_pause3 19.430145 ]
[19.451s][info][safepoint] Application time: 0.0211715 seconds
[19.452s][info][safepoint] Total time for which application threads were stopped: 0.0001492 seconds, Stopping threads took: 0.0000005 seconds
[19.452s][info][gc       ] [SPS 0.000 0.006 0.019 0.008 0.000 0.001 0.000 0.110 0.030 0.149 NewGC_pause4 19.451466 ]
[19.620s][info][gc       ] [GC New Max 47-42 : 5120 4876 4724 5120 - - 962 56 2 2 - : 2726 1784 30 184 2878 : 2550 7 322 322 93 : 0 307 394 0 1308 - 55 : 0.263805 1372.2 0.0 1.128743 905.4 0.0 : 3 --c 0000 : 23 7396 0.000 0.001 0 0.000 0.000 7396 0.000 0.001 : 18.490577 18.834002 0.000391 19.428640 0.000065 19.430076 0.000050 19.451317 0.000115 : 19.619320 ]
[19.620s][info][gc       ] [SYSINFO 7490 191 89 0 6957 0 20 0 0 5745 : - - - - - - - - : 0 7168 : 1.56 0.81 1.35 : 278178 4215044 : 0 0 : 12 0 : 1547 2 0 263 : - 7583997952 333475840 1351266304 5939011584 199507968 93806592 : 140688591 4889120 124710 0 0 0 : 19.619599 ]
[19.620s][info][gc       ] [HUGEPAGESTAT 0 0 0 - 20840 0 0 : 612352 0 0 : 19.619599 ]
[19.620s][info][gc       ] [OBJCREAT 37806708 24723 1767424 : 19.619657 ]
[19.620s][info][gc       ] [HMSV All : 0 0 20 0 0 0 0 0 : 4874 0 0 0 : 19.619680 ]
[19.620s][info][gc       ] [HMSP 9 : 41100 0 : 19.619680 ]
[19.620s][info][gc       ] [VMAC 65530 166 24 430 620 : 19.620264 ]
[19.621s][info][gc       ] [GPGC-H  2526.8 355.0 7.0 0.0 : 676.5 : 0.000 0.000 : 0.000 0.000 1.128 1.927 : 0.000 0.000 0.000 0.000 1.631 0.584 : 0.000 : 81.056 : 2730 1784 30 0 : 2289 : 4608 4424 : 19.620530 : 3 Heap_use_exceeded_committed ]
[19.627s][info][safepoint] Application time: 0.1753799 seconds
[19.628s][info][safepoint] Total time for which application threads were stopped: 0.0002150 seconds, Stopping threads took: 0.0000005 seconds
[19.628s][info][gc       ] [SPS 0.000 0.001 0.004 0.008 0.001 0.001 0.000 0.179 0.026 0.215 NewGC_pause1 19.627062 ]
[20.328s][info][safepoint] Application time: 0.7010206 seconds
[20.329s][info][safepoint] Total time for which application threads were stopped: 0.0001452 seconds, Stopping threads took: 0.0000005 seconds
[20.329s][info][gc       ] [SPS 0.000 0.001 0.000 0.008 0.000 0.001 0.000 0.117 0.019 0.145 NewGC_pause2 20.328227 ]
[20.330s][info][safepoint] Application time: 0.0015718 seconds
[20.330s][info][safepoint] Total time for which application threads were stopped: 0.0001159 seconds, Stopping threads took: 0.0000004 seconds
[20.331s][info][gc       ] [SPS 0.000 0.001 0.000 0.007 0.000 0.001 0.000 0.092 0.015 0.116 NewGC_pause3 20.329915 ]
[20.335s][info][safepoint] Application time: 0.0035817 seconds
[20.335s][info][safepoint] Total time for which application threads were stopped: 0.0013746 seconds, Stopping threads took: 0.0000005 seconds
[20.335s][info][gc       ] [SPS 0.000 0.001 0.000 0.008 0.000 0.001 0.000 1.332 0.033 1.375 OldGC_pause2 20.334872 ]
[20.336s][info][gc       ] [DEOPTSTATS 1 : 1 0 : 0 0 : 0 0 : 0 0 : 0 12 : 0 0 : 0 0 : 0 0 : 0 0 : 0 0 : 0 0 : 0 0 : 0 0 : 0 0 : 0 0 : 0 0 : 0 0 : 0 0 : 0 0 : 0 0 : 0 0 : 0 0 : 0 0 : 0 0 : 0 0 : 0 0 : 0 0 : 0 0 : 0 0 : 0 0 : 5 0 : 0 0 : 0 0 : 0 0 : 0 0 : 0 0 : 0 0 : 0 0 : 0 0 : 0 0 : 0 0 : 0 0 ]
[20.336s][info][gc       ] [DEOPTSTATS 2 : 0 0 : 0 0 : 0 0 : 0 0 : 0 0 : 0 0 : 0 11 : 0 0 : 0 0 : 0 0 : 0 0 : 0 0 : 0 0 : 0 0 : 0 0 : 0 0 : 0 0 : 0 0 : 0 0 : 0 0 : 0 1 : 0 0 : 0 0 : 0 0 : 0 0 : 0 0 : 0 0 : 0 0 : 0 0 : 0 0 : 4 0 : 0 0 : 0 0 : 0 0 : 0 1 : 0 0 : 0 0 : 0 0 : 0 0 : 0 4 : 0 0 : 0 0 ]
[20.339s][info][safepoint] Application time: 0.0044558 seconds
[20.340s][info][safepoint] Total time for which application threads were stopped: 0.0000884 seconds, Stopping threads took: 0.0000005 seconds
[20.340s][info][gc       ] [SPS 0.000 0.000 0.000 0.008 0.001 0.001 0.000 0.058 0.021 0.089 OldGC_pause3 20.339416 ]
[20.345s][info][safepoint] Application time: 0.0054867 seconds
[20.359s][info][safepoint] Total time for which application threads were stopped: 0.0002230 seconds, Stopping threads took: 0.0000006 seconds
[20.360s][info][gc       ] [SPS 0.000 4.374 0.004 0.010 0.001 0.001 0.000 0.144 0.067 0.223 NewGC_pause4 20.345126 ]
[20.372s][info][gc       ] [GC NTO Max 48-43 : 5120 4934 4114 5120 - - 963 56 2 2 - : 2114 1784 32 184 2936 : 1960 9 969 969 0 : 0 52 98 0 1002 - 55 : 0.001901 3156.2 0.0 0.750748 357.0 2.7 : 3 --c 0000 : 23 5219 0.000 0.001 0 0.000 0.000 5219 0.000 0.001 : 19.621221 19.626846 0.000176 20.328082 0.000108 20.329799 0.000096 20.344903 0.000151 : 20.371969 ]
[20.372s][info][gc       ] [SYSINFO 7490 191 89 0 6957 0 20 0 0 5745 : - - - - - - - - : 0 7168 : 1.56 0.81 1.35 : 278178 4215044 : 0 0 : 12 0 : 1547 5 0 263 : - 7584133120 333475840 1351401472 5939011584 199507968 93806592 : 140688591 4891740 124750 0 0 0 : 20.372237 ]
[20.372s][info][gc       ] [HUGEPAGESTAT 0 0 0 - 20840 0 0 : 612352 0 0 : 20.372237 ]
[20.372s][info][gc       ] [OBJCREAT 38083004 24838 1767424 : 20.372343 ]
[20.372s][info][gc       ] [HMSV All : 0 0 20 0 0 0 0 0 : 4932 0 0 0 : 20.372371 ]
[20.372s][info][gc       ] [HMSP 9 : 41100 0 : 20.372371 ]
[20.373s][info][gc       ] [GPGC-H  2474.0 355.0 7.0 0.0 : 676.5 : 0.000 0.000 : 0.000 0.000 1.116 1.927 : 0.000 0.000 0.000 0.000 1.631 0.584 : 0.000 : 99.747 : 2116 1784 32 0 : 2289 : 4608 4424 : 20.373121 : 8 May_exceed_heap_occupancy_target ]
[20.373s][info][gc       ] [VMAC 65530 166 24 430 620 : 20.373240 ]
[20.381s][info][safepoint] Application time: 0.0352893 seconds
[20.381s][info][safepoint] Total time for which application threads were stopped: 0.0003007 seconds, Stopping threads took: 0.0000005 seconds
[20.381s][info][gc       ] [SPS 0.000 0.183 0.006 0.008 0.001 0.001 0.000 0.260 0.031 0.301 NewGC_pause1 20.380716 ]
[21.194s][info][safepoint] Application time: 0.8129987 seconds
[21.194s][info][safepoint] Total time for which application threads were stopped: 0.0002799 seconds, Stopping threads took: 0.0000016 seconds
[21.195s][info][gc       ] [SPS 0.000 0.001 0.000 0.051 0.002 0.001 0.001 0.201 0.024 0.280 NewGC_pause2 21.193995 ]
[21.196s][info][safepoint] Application time: 0.0017194 seconds
[21.196s][info][safepoint] Total time for which application threads were stopped: 0.0000690 seconds, Stopping threads took: 0.0000005 seconds
[21.196s][info][gc       ] [SPS 0.000 0.001 0.000 0.006 0.000 0.001 0.000 0.055 0.006 0.069 NewGC_pause3 21.195783 ]
[21.220s][info][safepoint] Application time: 0.0236260 seconds
[21.239s][info][safepoint] Total time for which application threads were stopped: 0.0002027 seconds, Stopping threads took: 0.0000004 seconds
[21.240s][info][gc       ] [SPS 0.000 0.004 0.005 0.008 0.000 0.001 0.000 0.163 0.030 0.203 NewGC_pause4 21.219612 ]
[21.728s][info][gc       ] [GC New Max 50-44 : 5120 4854 4834 5120 - - 963 56 2 2 - : 2074 2544 32 184 2854 : 2488 2 359 359 52 : 380 0 362 0 1037 - 0 : 0.005607 2140.4 0.0 1.350450 746.4 0.0 : 3 --c 0000 : 23 8933 0.000 0.001 0 0.000 0.000 8933 0.000 0.001 : 20.377576 20.380415 0.000267 21.193715 0.000151 21.195714 0.000050 21.219410 0.000109 : 21.728025 ]
[21.728s][info][gc       ] [SYSINFO 7490 191 89 0 6957 0 20 0 0 5745 : - - - - - - - - : 0 7168 : 1.56 0.81 1.35 : 278178 4215136 : 0 0 : 12 0 : 1547 2 0 263 : - 7584133120 333475840 1351401472 5939011584 199507968 93806592 : 140688591 4896440 124880 0 0 0 : 21.728306 ]
[21.728s][info][gc       ] [HUGEPAGESTAT 0 0 0 - 20840 0 0 : 612352 0 0 : 21.728306 ]
[21.728s][info][gc       ] [OBJCREAT 39104117 24838 2519040 : 21.728364 ]
[21.728s][info][gc       ] [HMSV All : 0 0 20 0 0 0 0 0 : 4932 0 0 0 : 21.728385 ]
[21.728s][info][gc       ] [HMSP 9 : 41100 0 : 21.728385 ]
[21.729s][info][gc       ] [VMAC 65530 166 24 430 620 : 21.729010 ]
[21.729s][info][gc       ] [GPGC-H  2378.6 354.3 6.4 0.0 : 676.5 : 0.000 0.000 : 0.000 0.000 1.111 1.927 : 0.000 0.000 0.000 0.000 1.766 0.584 : 0.000 : 99.881 : 2078 2544 32 0 : 2266 : 4608 4424 : 21.729182 : 3 Heap_use_exceeded_committed ]
[21.732s][info][safepoint] Application time: 0.5124764 seconds
[21.733s][info][safepoint] Total time for which application threads were stopped: 0.0001915 seconds, Stopping threads took: 0.0000007 seconds
[21.735s][info][gc       ] [SPS 0.000 0.003 0.003 0.009 0.001 0.001 0.000 0.143 0.038 0.192 OldGC_pause4 21.732280 ]
[21.736s][info][gc       ] [GC Old Max 49-6 : 5120 4934 3070 5120 - - 963 56 2 2 - : 2090 766 30 184 2578 : 788 15 1771 1771 0 : 0 4 381 0 343 - 55 : 10.224248 0.2 0.2 2.112331 347.5 0.9 : 1 --c 0000 : 23   -    -    -    -    -    -    -    -    -  : 19.623160 19.626846 0.000176 20.333497 0.001313 20.339327 0.000052 21.732089 0.000101 : 21.735491 ]
[21.736s][info][gc       ] [SYSINFO 7490 191 89 0 6957 0 20 0 0 5745 : - - - - - - - - : 0 7168 : 1.56 0.81 1.35 : 278178 4215136 : 0 0 : 12 0 : 1547 2 0 263 : - 7584133120 333475840 1351401472 5939011584 199507968 93806592 : 140688591 4896460 124880 0 0 0 : 21.735827 ]
[21.736s][info][gc       ] [HUGEPAGESTAT 0 0 0 - 20840 0 0 : 612352 0 0 : 21.735827 ]
[21.736s][info][gc       ] [OBJCREAT 39117995 24838 2519040 : 21.735900 ]
[21.736s][info][gc       ] [HMSV All : 0 0 20 0 0 0 0 0 : 4932 0 0 0 : 21.735921 ]
[21.736s][info][gc       ] [HMSP 9 : 41100 0 : 21.735921 ]
[21.736s][info][gc       ] [COMPSTATS 1 : 5 0 : 3 0 : 0 0 : 513 4 0 0 0 0 : 0 0 0 0 0 0 : 188 191 21 : 517 0 0 0 0 0 0 : 517 0 0 0 0 0 0 ]
[21.736s][info][gc       ] [COMPSTATS 2 : 5 0 : 10 0 : 0 0 : 127 9 0 0 0 0 : 0 0 0 0 0 0 : 44919 44977 10928 : 70 38 28 0 0 0 0 : 16 99 17 2 2 0 0 ]
[21.736s][info][gc       ] [DEOPTSTATS 1 : 1 0 : 0 0 : 0 0 : 0 0 : 0 12 : 0 0 : 0 0 : 0 0 : 0 0 : 0 0 : 0 0 : 0 0 : 0 0 : 0 0 : 0 0 : 0 0 : 0 0 : 0 0 : 0 0 : 0 0 : 0 0 : 0 0 : 0 0 : 0 0 : 0 0 : 0 0 : 0 0 : 0 0 : 0 0 : 0 0 : 5 0 : 0 0 : 0 0 : 0 0 : 0 0 : 0 0 : 0 0 : 0 0 : 0 0 : 0 0 : 0 0 : 0 0 ]
[21.736s][info][gc       ] [DEOPTSTATS 2 : 0 0 : 0 0 : 0 0 : 0 0 : 0 0 : 0 0 : 0 11 : 0 0 : 0 0 : 0 0 : 0 0 : 0 0 : 0 0 : 0 0 : 0 0 : 0 0 : 0 0 : 0 0 : 0 0 : 0 0 : 0 1 : 0 0 : 0 0 : 0 0 : 0 0 : 0 0 : 0 0 : 0 0 : 0 0 : 0 0 : 4 0 : 0 0 : 0 0 : 0 0 : 0 1 : 0 0 : 0 0 : 0 0 : 0 0 : 0 4 : 0 0 : 0 0 ]
[21.737s][info][gc       ] [CCF 0 0 0 0 27 91136: 2975232 : 380 196608 : 3 49152 : 317 311808 :  508 617984 : 118 417792 : 0 0 : 14 1146880 : 1 2048]
[21.737s][info][gc       ] [VMAC 65530 166 24 430 620 : 21.736929 ]
[21.738s][info][safepoint] Application time: 0.0053801 seconds
[21.738s][info][safepoint] Total time for which application threads were stopped: 0.0003887 seconds, Stopping threads took: 0.0000005 seconds
[21.739s][info][gc       ] [SPS 0.000 1.649 0.003 0.009 0.001 0.001 0.000 0.334 0.045 0.389 NewGC_pause1 21.738049 ]
[22.338s][info][safepoint] Application time: 0.6001080 seconds
[22.339s][info][safepoint] Total time for which application threads were stopped: 0.0002695 seconds, Stopping threads took: 0.0000005 seconds
[22.339s][info][gc       ] [SPS 0.000 0.001 0.000 0.006 0.000 0.001 0.000 0.215 0.047 0.270 NewGC_pause2 22.338427 ]
[22.340s][info][safepoint] Application time: 0.0017455 seconds
[22.341s][info][safepoint] Total time for which application threads were stopped: 0.0002000 seconds, Stopping threads took: 0.0000004 seconds
[22.341s][info][gc       ] [SPS 0.000 0.000 0.000 0.008 0.000 0.001 0.000 0.152 0.039 0.200 NewGC_pause3 22.340373 ]
[22.361s][info][safepoint] Application time: 0.0204202 seconds
[22.361s][info][safepoint] Total time for which application threads were stopped: 0.0001338 seconds, Stopping threads took: 0.0000005 seconds
[22.361s][info][gc       ] [SPS 0.000 0.003 0.003 0.008 0.001 0.001 0.000 0.106 0.019 0.134 NewGC_pause4 22.360927 ]
[22.700s][info][gc       ] [GC New Max 51-45 : 5120 4840 4670 5120 - - 963 56 2 2 - : 3048 1408 30 184 3754 : 2676 5 1075 1075 17 : 321 0 830 0 1524 - 0 : 0.005132 2338.4 0.0 0.966666 2751.7 0.0 : 3 --c 0000 : 23 824 0.000 0.000 0 0.000 0.000 824 0.000 0.000 : 21.733157 21.737661 0.000298 22.338158 0.000108 22.340173 0.000108 22.360793 0.000110 : 22.699823 ]
[22.700s][info][gc       ] [SYSINFO 7490 191 89 0 6957 0 20 0 0 5745 : - - - - - - - - : 0 7168 : 1.56 0.81 1.35 : 278178 4215136 : 0 0 : 12 0 : 1547 2 0 263 : - 7584133120 333475840 1351401472 5939011584 199507968 93806592 : 140688591 4900260 124950 0 0 0 : 22.700119 ]
[22.700s][info][gc       ] [HUGEPAGESTAT 0 0 0 - 20840 0 0 : 612352 0 0 : 22.700119 ]
[22.700s][info][gc       ] [OBJCREAT 41751677 24838 3176448 : 22.700176 ]
[22.700s][info][gc       ] [HMSV All : 0 0 20 0 0 0 0 0 : 4932 0 0 0 : 22.700197 ]
[22.700s][info][gc       ] [HMSP 9 : 41100 0 : 22.700197 ]
[22.701s][info][gc       ] [GPGC-H  2559.5 354.3 6.4 0.0 : 676.5 : 0.000 0.000 : 0.000 0.000 1.097 2.112 : 0.000 0.000 0.000 0.000 2.284 0.584 : 0.000 : 99.883 : 3052 1408 30 0 : 2266 : 4608 4424 : 22.701254 : 3 Heap_use_exceeded_committed ]
[22.701s][info][gc       ] [VMAC 65530 166 24 430 620 : 22.700812 ]
[22.709s][info][safepoint] Application time: 0.3471425 seconds
[22.710s][info][safepoint] Total time for which application threads were stopped: 0.0004440 seconds, Stopping threads took: 0.0000005 seconds
[22.711s][info][gc       ] [SPS 0.000 0.001 0.005 0.008 0.000 0.001 0.000 0.409 0.030 0.448 NewGC_pause1 22.708518 ]
[23.138s][info][safepoint] Application time: 0.4296004 seconds
[23.139s][info][safepoint] Total time for which application threads were stopped: 0.0000768 seconds, Stopping threads took: 0.0000004 seconds
[23.139s][info][gc       ] [SPS 0.000 0.001 0.000 0.008 0.000 0.001 0.000 0.050 0.017 0.076 NewGC_pause2 23.138195 ]
[23.139s][info][safepoint] Application time: 0.0012080 seconds
[23.140s][info][safepoint] Total time for which application threads were stopped: 0.0000633 seconds, Stopping threads took: 0.0000006 seconds
[23.140s][info][gc       ] [SPS 0.000 0.001 0.000 0.009 0.001 0.001 0.000 0.045 0.007 0.063 NewGC_pause3 23.139466 ]
[23.159s][info][safepoint] Application time: 0.0197693 seconds
[23.160s][info][safepoint] Total time for which application threads were stopped: 0.0000888 seconds, Stopping threads took: 0.0000005 seconds
[23.160s][info][gc       ] [SPS 0.000 0.044 0.014 0.008 0.001 0.001 0.000 0.056 0.023 0.089 NewGC_pause4 23.159325 ]
[23.403s][info][gc       ] [GC NTO Max 52-46 : 5120 4848 2804 5120 - - 1001 56 2 2 - : 850 1740 30 184 3226 : 538 5 2685 2685 2 : 166 0 81 0 425 - 0 : 0.002040 2941.8 0.0 0.701203 1152.3 0.0 : 3 --c 0000 : 23 5300 0.000 0.001 0 0.000 0.000 5300 0.000 0.001 : 22.701862 22.708070 0.000364 23.138119 0.000052 23.139403 0.000049 23.159236 0.000057 : 23.403065 ]
[23.403s][info][gc       ] [SYSINFO 7528 191 89 0 6995 0 20 0 0 5745 : - - - - - - - - : 0 7168 : 1.56 0.81 1.35 : 278178 4215136 : 0 0 : 12 0 : 1547 3 0 263 : - 7624142848 333475840 1391411200 5939011584 199507968 93806592 : 140688591 4903430 125030 0 0 0 : 23.403390 ]
[23.403s][info][gc       ] [HUGEPAGESTAT 0 0 0 - 20840 0 0 : 612352 0 0 : 23.403390 ]
[23.403s][info][gc       ] [OBJCREAT 42562185 24908 3491840 : 23.403454 ]
[23.403s][info][gc       ] [HMSV All : 0 0 20 0 0 0 0 0 : 4932 0 0 0 : 23.403475 ]
[23.403s][info][gc       ] [HMSP 9 : 41100 0 : 23.403475 ]
[23.404s][info][gc       ] [VMAC 65530 166 24 430 620 : 23.403978 ]
[23.404s][info][gc       ] [GPGC-H  2530.2 354.3 6.4 0.0 : 676.5 : 0.000 0.000 : 0.000 0.000 1.081 2.112 : 0.000 0.000 0.000 0.000 2.284 0.584 : 0.000 : 99.878 : 854 1740 30 0 : 2266 : 4608 4424 : 23.404472 : 8 May_exceed_heap_occupancy_target ]
[23.411s][info][safepoint] Application time: 0.2509966 seconds
[23.411s][info][safepoint] Total time for which application threads were stopped: 0.0003272 seconds, Stopping threads took: 0.0000005 seconds
[23.412s][info][gc       ] [SPS 0.000 0.075 0.006 0.008 0.000 0.001 0.000 0.284 0.034 0.327 NewGC_pause1 23.410649 ]
[23.592s][info][safepoint] Application time: 0.1813198 seconds
[23.593s][info][safepoint] Total time for which application threads were stopped: 0.0001213 seconds, Stopping threads took: 0.0000005 seconds
[23.593s][info][gc       ] [SPS 0.000 0.001 0.000 0.007 0.000 0.001 0.000 0.093 0.019 0.121 NewGC_pause2 23.592090 ]
[23.594s][info][safepoint] Application time: 0.0014675 seconds
[23.594s][info][safepoint] Total time for which application threads were stopped: 0.0001114 seconds, Stopping threads took: 0.0000005 seconds
[23.594s][info][gc       ] [SPS 0.000 0.001 0.000 0.008 0.001 0.001 0.000 0.086 0.016 0.111 NewGC_pause3 23.593669 ]
[23.601s][info][safepoint] Application time: 0.0066540 seconds
[23.601s][info][safepoint] Total time for which application threads were stopped: 0.0001694 seconds, Stopping threads took: 0.0000005 seconds
[23.601s][info][gc       ] [SPS 0.000 0.081 0.007 0.008 0.000 0.001 0.000 0.140 0.020 0.169 NewGC_pause4 23.600492 ]
[23.660s][info][gc       ] [GC New Max 54-47 : 5120 3234 2616 5120 - - 1001 56 2 2 - : 612 1790 30 184 1280 : 455 4 823 823 0 : 25 1 204 0 306 - 0 : 0.005538 3250.1 0.0 0.250974 2446.5 0.0 : 3 --c 0000 : 23 0 0.000 0.000 0 0.000 0.000 0 0.000 0.000 : 23.408604 23.410321 0.000259 23.591969 0.000096 23.593557 0.000091 23.600323 0.000145 : 23.659578 ]
[23.660s][info][gc       ] [SYSINFO 7528 191 89 0 6995 0 20 0 0 5745 : - - - - - - - - : 0 7168 : 1.56 0.81 1.35 : 278178 4215136 : 0 0 : 12 0 : 1547 3 0 263 : - 7624142848 333475840 1391411200 5939011584 199507968 93806592 : 140688591 4904680 125040 0 0 0 : 23.659843 ]
[23.660s][info][gc       ] [HUGEPAGESTAT 0 0 0 - 20840 0 0 : 612352 0 0 : 23.659843 ]
[23.660s][info][gc       ] [OBJCREAT 43189240 24908 3543040 : 23.659900 ]
[23.660s][info][gc       ] [HMSV All : 0 0 20 0 0 0 0 0 : 4932 0 0 0 : 23.659924 ]
[23.660s][info][gc       ] [HMSP 9 : 41100 0 : 23.659924 ]
[23.661s][info][gc       ] [VMAC 65530 166 24 430 620 : 23.660642 ]
[23.780s][info][safepoint] Application time: 0.1782440 seconds
[23.780s][info][safepoint] Total time for which application threads were stopped: 0.0009612 seconds, Stopping threads took: 0.0000005 seconds
[23.780s][info][gc       ] [SPS 0.000 0.002 0.000 0.007 0.000 0.001 0.000 0.917 0.035 0.961 OldGC_pause2 23.779698 ]
[23.783s][info][safepoint] Application time: 0.0034075 seconds
[23.784s][info][safepoint] Total time for which application threads were stopped: 0.0001832 seconds, Stopping threads took: 0.0000005 seconds
[23.784s][info][gc       ] [SPS 0.000 0.000 0.000 0.007 0.000 0.001 0.000 0.131 0.043 0.183 OldGC_pause3 23.783289 ]
[23.806s][info][safepoint] Application time: 0.0221069 seconds
[23.806s][info][safepoint] Total time for which application threads were stopped: 0.0002360 seconds, Stopping threads took: 0.0000008 seconds
[23.806s][info][gc       ] [SPS 0.000 0.003 0.003 0.012 0.001 0.001 0.001 0.166 0.055 0.236 OldGC_pause4 23.805632 ]
[23.815s][info][gc       ] [GC Old Max 53-7 : 5120 4848 3068 5120 - - 1001 56 2 2 - : 1070 1784 30 184 1826 : 1801 17 0 0 0 : 0 8 191 3 852 - 55 : 0.968435 662.9 0.0 1.110137 322.5 0.0 : 1 --c 0000 : 23   -    -    -    -    -    -    -    -    -  : 22.703927 22.708070 0.000364 23.778737 0.000893 23.783105 0.000065 23.805396 0.000129 : 23.814064 ]
[23.815s][info][gc       ] [SYSINFO 7528 191 89 0 6995 0 20 0 0 5745 : - - - - - - - - : 0 7168 : 1.56 0.81 1.35 : 278178 4215136 : 0 0 : 12 0 : 1547 2 0 263 : - 7624142848 333475840 1391411200 5939011584 199507968 93806592 : 140688591 4904960 125050 0 0 0 : 23.814463 ]
[23.815s][info][gc       ] [HUGEPAGESTAT 0 0 0 - 20840 0 0 : 612352 0 0 : 23.814463 ]
[23.815s][info][gc       ] [OBJCREAT 43643172 24908 3543040 : 23.814556 ]
[23.815s][info][gc       ] [HMSV All : 0 0 20 0 0 0 0 0 : 4932 0 0 0 : 23.814585 ]
[23.815s][info][gc       ] [HMSP 9 : 41100 0 : 23.814585 ]
[23.815s][info][gc       ] [COMPSTATS 1 : 5 0 : 3 0 : 0 0 : 513 4 0 0 0 0 : 0 0 0 0 0 0 : 188 191 21 : 517 0 0 0 0 0 0 : 517 0 0 0 0 0 0 ]
[23.815s][info][gc       ] [COMPSTATS 2 : 5 0 : 10 0 : 0 0 : 127 9 0 0 0 0 : 0 0 0 0 0 0 : 44919 44977 10928 : 70 38 28 0 0 0 0 : 16 99 17 2 2 0 0 ]
[23.815s][info][gc       ] [DEOPTSTATS 1 : 1 0 : 0 0 : 0 0 : 0 0 : 0 12 : 0 0 : 0 0 : 0 0 : 0 0 : 0 0 : 0 0 : 0 0 : 0 0 : 0 0 : 0 0 : 0 0 : 0 0 : 0 0 : 0 0 : 0 0 : 0 0 : 0 0 : 0 0 : 0 0 : 0 0 : 0 0 : 0 0 : 0 0 : 0 0 : 0 0 : 5 0 : 0 0 : 0 0 : 0 0 : 0 0 : 0 0 : 0 0 : 0 0 : 0 0 : 0 0 : 0 0 : 0 0 ]
[23.815s][info][gc       ] [DEOPTSTATS 2 : 0 0 : 0 0 : 0 0 : 0 0 : 0 0 : 0 0 : 0 11 : 0 0 : 0 0 : 0 0 : 0 0 : 0 0 : 0 0 : 0 0 : 0 0 : 0 0 : 0 0 : 0 0 : 0 0 : 0 0 : 0 1 : 0 0 : 0 0 : 0 0 : 0 0 : 0 0 : 0 0 : 0 0 : 0 0 : 0 0 : 4 0 : 0 0 : 0 0 : 0 0 : 0 1 : 0 0 : 0 0 : 0 0 : 0 0 : 0 4 : 0 0 : 0 0 ]
[23.816s][info][gc       ] [VMAC 65530 166 24 430 620 : 23.815916 ]
[23.816s][info][gc       ] [CCF 0 0 0 0 33 181760: 2884608 : 380 196608 : 3 49152 : 317 311808 :  505 611840 : 115 333312 : 0 0 : 14 1146880 : 1 2048]
[23.842s][info][gc       ] [GPGC-H  2530.2 497.0 5.8 0.0 : 616.4 : 0.000 0.000 : 0.000 0.000 1.068 2.021 : 0.000 0.000 0.000 0.000 2.283 0.798 : 0.000 : 99.867 : 1142 1784 30 0 : 2266 : 4608 4424 : 23.842090 : 9 Next_heuristic_check_may_be_too_late ]
[23.845s][info][safepoint] Application time: 0.0385721 seconds
[23.845s][info][safepoint] Total time for which application threads were stopped: 0.0003416 seconds, Stopping threads took: 0.0000005 seconds
[23.845s][info][gc       ] [SPS 0.000 0.002 0.002 0.008 0.001 0.001 0.000 0.292 0.040 0.342 NewGC_pause1 23.844546 ]
[23.959s][info][safepoint] Application time: 0.1140803 seconds
[23.959s][info][safepoint] Total time for which application threads were stopped: 0.0001136 seconds, Stopping threads took: 0.0000006 seconds
[23.960s][info][gc       ] [SPS 0.000 0.015 0.000 0.009 0.001 0.001 0.000 0.078 0.024 0.114 NewGC_pause2 23.958740 ]
[23.961s][info][safepoint] Application time: 0.0022047 seconds
[23.961s][info][safepoint] Total time for which application threads were stopped: 0.0001340 seconds, Stopping threads took: 0.0000005 seconds
[23.962s][info][gc       ] [SPS 0.000 0.000 0.000 0.007 0.000 0.001 0.000 0.108 0.018 0.134 NewGC_pause3 23.961079 ]
[23.962s][info][safepoint] Application time: 0.0012040 seconds
[23.963s][info][safepoint] Total time for which application threads were stopped: 0.0001117 seconds, Stopping threads took: 0.0000005 seconds
[23.963s][info][gc       ] [SPS 0.000 0.003 0.002 0.007 0.001 0.001 0.000 0.085 0.018 0.112 NewGC_pause4 23.962394 ]
[23.963s][info][gc       ] [GC New Max 55-48 : 5120 3480 2338 5120 - - 1001 56 2 2 - : 340 1784 30 184 1482 : 336 4 1145 1145 0 : 0 1 168 0 170 - 0 : 0.182845 2909.6 0.0 0.120278 2826.8 0.0 : 3 --c 0000 : 23 0 0.000 0.000 0 0.000 0.000 0 0.000 0.000 : 23.842423 23.844204 0.000258 23.958626 0.000059 23.960944 0.000110 23.962283 0.000088 : 23.962701 ]
[23.963s][info][gc       ] [SYSINFO 7528 191 89 0 6995 0 20 0 0 5745 : - - - - - - - - : 0 7168 : 1.56 0.81 1.35 : 278178 4215136 : 0 0 : 12 0 : 1547 2 0 263 : - 7624142848 333475840 1391411200 5939011584 199507968 93806592 : 140688591 4905430 125050 0 0 0 : 23.962963 ]
[23.963s][info][gc       ] [HUGEPAGESTAT 0 0 0 - 20840 0 0 : 612352 0 0 : 23.962963 ]
[23.963s][info][gc       ] [OBJCREAT 44052936 24908 3543040 : 23.963011 ]
[23.963s][info][gc       ] [HMSV All : 0 0 20 0 0 0 0 0 : 4932 0 0 0 : 23.963028 ]
[23.963s][info][gc       ] [HMSP 9 : 41100 0 : 23.963028 ]
[23.964s][info][gc       ] [VMAC 65530 166 24 430 620 : 23.963581 ]
[24.185s][info][gc       ] [GPGC-H  2530.2 497.0 5.8 0.0 : 616.4 : 0.000 0.000 : 0.000 0.000 1.055 2.021 : 0.000 0.000 0.000 0.000 2.276 0.798 : 0.000 : 99.030 : 930 1784 30 0 : 2266 : 4608 4424 : 24.184882 : 9 Next_heuristic_check_may_be_too_late ]
[24.188s][info][safepoint] Application time: 0.2253043 seconds
[24.189s][info][safepoint] Total time for which application threads were stopped: 0.0003426 seconds, Stopping threads took: 0.0000009 seconds
[24.190s][info][gc       ] [SPS 0.000 0.004 0.003 0.012 0.001 0.001 0.001 0.256 0.072 0.343 NewGC_pause1 24.188042 ]
[24.257s][info][safepoint] Application time: 0.0691397 seconds
[24.258s][info][safepoint] Total time for which application threads were stopped: 0.0001691 seconds, Stopping threads took: 0.0000005 seconds
[24.258s][info][gc       ] [SPS 0.000 0.001 0.000 0.007 0.000 0.001 0.000 0.134 0.026 0.169 NewGC_pause2 24.257351 ]
[24.260s][info][safepoint] Application time: 0.0021043 seconds
[24.260s][info][safepoint] Total time for which application threads were stopped: 0.0001834 seconds, Stopping threads took: 0.0000005 seconds
[24.260s][info][gc       ] [SPS 0.000 0.000 0.000 0.008 0.001 0.001 0.000 0.145 0.029 0.184 NewGC_pause3 24.259638 ]
[24.261s][info][safepoint] Application time: 0.0009727 seconds
[24.261s][info][safepoint] Total time for which application threads were stopped: 0.0001851 seconds, Stopping threads took: 0.0000005 seconds
[24.261s][info][gc       ] [SPS 0.000 0.003 0.002 0.007 0.001 0.001 0.000 0.141 0.036 0.185 NewGC_pause4 24.260796 ]
[24.261s][info][gc       ] [GC New Max 56-49 : 5120 3112 2182 5120 - - 1001 56 2 2 - : 184 1784 30 184 1114 : 182 4 933 933 0 : 0 1 91 0 92 - 0 : 0.222879 2656.1 0.0 0.075380 2441.0 0.0 : 3 --c 0000 : 23 0 0.000 0.000 0 0.000 0.000 0 0.000 0.000 : 24.185580 24.187699 0.000171 24.257181 0.000073 24.259455 0.000075 24.260611 0.000070 : 24.260960 ]
[24.261s][info][gc       ] [SYSINFO 7528 191 89 0 6995 0 20 0 0 5745 : - - - - - - - - : 0 7168 : 1.52 0.81 1.35 : 278178 4215136 : 0 0 : 12 0 : 1547 2 0 263 : - 7624142848 333475840 1391411200 5939011584 199507968 93806592 : 140688591 4905930 125060 0 0 0 : 24.261193 ]
[24.261s][info][gc       ] [HUGEPAGESTAT 0 0 0 - 20840 0 0 : 612352 0 0 : 24.261193 ]
[24.261s][info][gc       ] [OBJCREAT 44822043 24908 3543040 : 24.261243 ]
[24.261s][info][gc       ] [HMSV All : 0 0 20 0 0 0 0 0 : 4932 0 0 0 : 24.261263 ]
[24.261s][info][gc       ] [HMSP 9 : 41100 0 : 24.261263 ]
[24.262s][info][gc       ] [VMAC 65530 166 24 430 620 : 24.261866 ]
[24.504s][info][gc       ] [GPGC-H  2530.2 497.0 5.8 0.0 : 616.4 : 0.000 0.000 : 0.000 0.000 1.041 2.021 : 0.000 0.000 0.000 0.000 2.261 0.798 : 0.000 : 98.021 : 828 1784 30 0 : 2266 : 4608 4424 : 24.504390 : 9 Next_heuristic_check_may_be_too_late ]
[24.507s][info][safepoint] Application time: 0.2460594 seconds
[24.508s][info][safepoint] Total time for which application threads were stopped: 0.0001747 seconds, Stopping threads took: 0.0000005 seconds
[24.508s][info][gc       ] [SPS 0.000 0.004 0.004 0.009 0.001 0.001 0.000 0.137 0.027 0.175 NewGC_pause1 24.507031 ]
[24.587s][info][safepoint] Application time: 0.0795136 seconds
[24.587s][info][safepoint] Total time for which application threads were stopped: 0.0001435 seconds, Stopping threads took: 0.0000005 seconds
[24.588s][info][gc       ] [SPS 0.000 0.001 0.000 0.007 0.000 0.001 0.000 0.110 0.024 0.144 NewGC_pause2 24.586688 ]
[24.589s][info][safepoint] Application time: 0.0023890 seconds
[24.589s][info][safepoint] Total time for which application threads were stopped: 0.0002043 seconds, Stopping threads took: 0.0000005 seconds
[24.590s][info][gc       ] [SPS 0.000 0.000 0.000 0.008 0.000 0.001 0.000 0.159 0.036 0.204 NewGC_pause3 24.589281 ]
[24.590s][info][safepoint] Application time: 0.0010544 seconds
[24.591s][info][safepoint] Total time for which application threads were stopped: 0.0001575 seconds, Stopping threads took: 0.0000005 seconds
[24.591s][info][gc       ] [SPS 0.000 0.003 0.002 0.007 0.001 0.001 0.000 0.113 0.036 0.158 NewGC_pause4 24.590493 ]
[24.591s][info][gc       ] [GC New Max 57-50 : 5120 3042 2210 5120 - - 1001 56 2 2 - : 210 1784 30 184 1044 : 208 4 834 834 0 : 0 1 104 0 106 - 0 : 0.244047 2647.0 0.0 0.085679 2497.7 0.0 : 3 --c 0000 : 23 0 0.000 0.000 0 0.000 0.000 0 0.000 0.000 : 24.505007 24.506856 0.000119 24.586545 0.000055 24.589077 0.000051 24.590336 0.000055 : 24.590686 ]
[24.591s][info][gc       ] [SYSINFO 7528 191 89 0 6995 0 20 0 0 5745 : - - - - - - - - : 0 7168 : 1.52 0.81 1.35 : 278178 4215136 : 0 0 : 12 0 : 1547 3 0 263 : - 7624142848 333475840 1391411200 5939011584 199507968 93806592 : 140688591 4906480 125060 0 0 0 : 24.591152 ]
[24.591s][info][gc       ] [HUGEPAGESTAT 0 0 0 - 20840 0 0 : 612352 0 0 : 24.591152 ]
[24.591s][info][gc       ] [OBJCREAT 45672705 24908 3543040 : 24.591248 ]
[24.591s][info][gc       ] [HMSV All : 0 0 20 0 0 0 0 0 : 4932 0 0 0 : 24.591270 ]
[24.591s][info][gc       ] [HMSP 9 : 41100 0 : 24.591270 ]
[24.592s][info][gc       ] [VMAC 65530 166 24 430 620 : 24.591875 ]
[24.835s][info][gc       ] [GPGC-H  2530.2 497.0 5.8 0.0 : 616.4 : 0.000 0.000 : 0.000 0.000 1.027 2.021 : 0.000 0.000 0.000 0.000 2.237 0.798 : 0.000 : 96.931 : 830 1784 30 0 : 2266 : 4608 4424 : 24.834592 : 9 Next_heuristic_check_may_be_too_late ]
[24.837s][info][safepoint] Application time: 0.2464214 seconds
[24.838s][info][safepoint] Total time for which application threads were stopped: 0.0004033 seconds, Stopping threads took: 0.0000015 seconds
[24.838s][info][gc       ] [SPS 0.000 0.003 0.004 0.007 0.001 0.001 0.000 0.364 0.029 0.403 NewGC_pause1 24.837319 ]
[24.905s][info][safepoint] Application time: 0.0679945 seconds
[24.906s][info][safepoint] Total time for which application threads were stopped: 0.0001470 seconds, Stopping threads took: 0.0000005 seconds
[24.906s][info][gc       ] [SPS 0.000 0.001 0.000 0.007 0.000 0.001 0.000 0.115 0.024 0.147 NewGC_pause2 24.905461 ]
[24.908s][info][safepoint] Application time: 0.0020513 seconds
[24.908s][info][safepoint] Total time for which application threads were stopped: 0.0001413 seconds, Stopping threads took: 0.0000005 seconds
[24.908s][info][gc       ] [SPS 0.000 0.000 0.000 0.007 0.000 0.001 0.000 0.107 0.026 0.141 NewGC_pause3 24.907653 ]
[24.909s][info][safepoint] Application time: 0.0010998 seconds
[24.909s][info][safepoint] Total time for which application threads were stopped: 0.0001822 seconds, Stopping threads took: 0.0000005 seconds
[24.910s][info][gc       ] [SPS 0.000 0.002 0.002 0.007 0.001 0.001 0.000 0.144 0.030 0.182 NewGC_pause4 24.908935 ]
[24.910s][info][gc       ] [GC New Max 58-51 : 5120 2992 2160 5120 - - 1001 56 2 2 - : 162 1784 30 184 992 : 156 6 835 835 0 : 0 1 78 0 81 - 0 : 0.244540 2543.6 0.0 0.074104 2213.1 0.0 : 3 --c 0000 : 23 0 0.000 0.000 0 0.000 0.000 0 0.000 0.000 : 24.835226 24.836915 0.000305 24.905313 0.000068 24.907511 0.000076 24.908753 0.000100 : 24.909330 ]
[24.910s][info][gc       ] [SYSINFO 7528 191 89 0 6995 0 20 0 0 5745 : - - - - - - - - : 0 7168 : 1.52 0.81 1.35 : 278178 4215136 : 0 0 : 12 0 : 1547 2 0 263 : - 7624142848 333475840 1391411200 5939011584 199507968 93806592 : 140688591 4907020 125080 0 0 0 : 24.909668 ]
[24.910s][info][gc       ] [HUGEPAGESTAT 0 0 0 - 20840 0 0 : 612352 0 0 : 24.909668 ]
[24.910s][info][gc       ] [OBJCREAT 46447762 24908 3543040 : 24.909720 ]
[24.910s][info][gc       ] [HMSV All : 0 0 20 0 0 0 0 0 : 4932 0 0 0 : 24.909738 ]
[24.910s][info][gc       ] [HMSP 9 : 41100 0 : 24.909738 ]
[24.910s][info][gc       ] [VMAC 65530 166 24 430 620 : 24.910257 ]
[25.152s][info][gc       ] [GPGC-H  2527.1 497.0 5.8 0.0 : 616.4 : 0.000 0.000 : 0.000 0.000 1.013 2.021 : 0.000 0.000 0.000 0.000 2.209 0.798 : 0.000 : 95.854 : 818 1784 30 0 : 2266 : 4608 4424 : 25.152254 : 9 Next_heuristic_check_may_be_too_late ]
[25.155s][info][safepoint] Application time: 0.2454697 seconds
[25.155s][info][safepoint] Total time for which application threads were stopped: 0.0002607 seconds, Stopping threads took: 0.0000005 seconds
[25.156s][info][gc       ] [SPS 0.000 0.003 0.003 0.007 0.000 0.001 0.000 0.226 0.026 0.261 NewGC_pause1 25.154666 ]
[25.220s][info][safepoint] Application time: 0.0656127 seconds
[25.221s][info][safepoint] Total time for which application threads were stopped: 0.0002089 seconds, Stopping threads took: 0.0000005 seconds
[25.221s][info][gc       ] [SPS 0.000 0.001 0.000 0.007 0.000 0.001 0.000 0.175 0.025 0.209 NewGC_pause2 25.220488 ]
[25.223s][info][safepoint] Application time: 0.0020330 seconds
[25.223s][info][safepoint] Total time for which application threads were stopped: 0.0001549 seconds, Stopping threads took: 0.0000005 seconds
[25.223s][info][gc       ] [SPS 0.000 0.000 0.000 0.007 0.001 0.001 0.000 0.119 0.027 0.155 NewGC_pause3 25.222675 ]
[25.224s][info][safepoint] Application time: 0.0010084 seconds
[25.224s][info][safepoint] Total time for which application threads were stopped: 0.0001646 seconds, Stopping threads took: 0.0000005 seconds
[25.224s][info][gc       ] [SPS 0.000 0.003 0.002 0.008 0.001 0.001 0.000 0.126 0.029 0.165 NewGC_pause4 25.223849 ]
[25.224s][info][gc       ] [GC New Max 59-52 : 5120 3012 2194 5120 - - 1001 56 2 2 - : 196 1784 30 184 1014 : 192 4 821 821 0 : 0 1 96 0 98 - 0 : 0.243463 2694.5 0.0 0.071278 2777.9 0.0 : 3 --c 0000 : 23 0 0.000 0.000 0 0.000 0.000 0 0.000 0.000 : 25.152793 25.154405 0.000141 25.220279 0.000110 25.222520 0.000082 25.223684 0.000086 : 25.224070 ]
[25.224s][info][gc       ] [SYSINFO 7529 191 89 0 6995 0 20 0 0 5745 : - - - - - - - - : 0 7168 : 1.52 0.81 1.35 : 278178 4215136 : 0 0 : 12 0 : 1547 2 0 263 : - 7624142848 333475840 1391411200 5939011584 199507968 93806592 : 140688591 4907520 125090 0 0 0 : 25.224340 ]
[25.224s][info][gc       ] [HUGEPAGESTAT 0 0 0 - 20840 0 0 : 612352 0 0 : 25.224340 ]
[25.224s][info][gc       ] [OBJCREAT 47293941 24908 3543040 : 25.224396 ]
[25.224s][info][gc       ] [HMSV All : 0 0 20 0 0 0 0 0 : 4932 0 0 0 : 25.224411 ]
[25.224s][info][gc       ] [HMSP 9 : 41100 0 : 25.224411 ]
[25.225s][info][gc       ] [VMAC 65530 166 24 430 620 : 25.225279 ]
[25.467s][info][gc       ] [GPGC-H  2527.1 497.0 5.8 0.0 : 616.4 : 0.000 0.000 : 0.000 0.000 0.999 2.021 : 0.000 0.000 0.000 0.000 2.180 0.798 : 0.000 : 94.797 : 820 1784 30 0 : 2266 : 4608 4424 : 25.467229 : 9 Next_heuristic_check_may_be_too_late ]
[25.470s][info][safepoint] Application time: 0.2455965 seconds
[25.470s][info][safepoint] Total time for which application threads were stopped: 0.0004415 seconds, Stopping threads took: 0.0000007 seconds
[25.471s][info][gc       ] [SPS 0.000 0.003 0.002 0.016 0.001 0.001 0.000 0.391 0.033 0.442 NewGC_pause1 25.469887 ]
[25.558s][info][safepoint] Application time: 0.0875788 seconds
[25.558s][info][safepoint] Total time for which application threads were stopped: 0.0001508 seconds, Stopping threads took: 0.0000005 seconds
[25.558s][info][gc       ] [SPS 0.000 0.001 0.000 0.008 0.000 0.001 0.000 0.116 0.026 0.151 NewGC_pause2 25.557617 ]
[25.560s][info][safepoint] Application time: 0.0017285 seconds
[25.560s][info][safepoint] Total time for which application threads were stopped: 0.0001880 seconds, Stopping threads took: 0.0000009 seconds
[25.560s][info][gc       ] [SPS 0.000 0.001 0.000 0.013 0.001 0.001 0.001 0.147 0.025 0.188 NewGC_pause3 25.559533 ]
[25.561s][info][safepoint] Application time: 0.0014935 seconds
[25.562s][info][safepoint] Total time for which application threads were stopped: 0.0001541 seconds, Stopping threads took: 0.0000009 seconds
[25.562s][info][gc       ] [SPS 0.000 0.004 0.003 0.013 0.001 0.001 0.001 0.118 0.020 0.154 NewGC_pause4 25.561181 ]
[25.562s][info][gc       ] [GC New Max 60-53 : 5120 2966 2146 5120 - - 1001 56 2 2 - : 148 1784 30 184 968 : 144 4 825 825 0 : 0 1 72 0 74 - 0 : 0.243721 2568.5 0.0 0.093833 1598.6 0.0 : 3 --c 0000 : 23 0 0.000 0.000 0 0.000 0.000 0 0.000 0.000 : 25.467791 25.469445 0.000339 25.557466 0.000057 25.559345 0.000145 25.561027 0.000126 : 25.561624 ]
[25.562s][info][gc       ] [SYSINFO 7529 191 89 0 6995 0 20 0 0 5745 : - - - - - - - - : 0 7168 : 1.52 0.81 1.35 : 278178 4215136 : 0 0 : 12 0 : 1547 2 0 263 : - 7624142848 333475840 1391411200 5939011584 199507968 93806592 : 140688591 4908090 125160 0 0 0 : 25.562019 ]
[25.562s][info][gc       ] [HUGEPAGESTAT 0 0 0 - 20840 0 0 : 612352 0 0 : 25.562019 ]
[25.562s][info][gc       ] [OBJCREAT 48062157 24908 3543040 : 25.562117 ]
[25.562s][info][gc       ] [HMSV All : 0 0 20 0 0 0 0 0 : 4932 0 0 0 : 25.562135 ]
[25.562s][info][gc       ] [HMSP 9 : 41100 0 : 25.562135 ]
[25.563s][info][gc       ] [VMAC 65530 166 24 430 620 : 25.563174 ]
[25.825s][info][gc       ] [GPGC-H  2527.1 453.0 5.3 0.0 : 561.9 : 0.000 0.000 : 0.000 0.000 0.985 2.021 : 0.000 0.000 0.000 0.000 2.149 0.798 : 0.000 : 93.760 : 816 1784 32 0 : 2266 : 4608 4424 : 25.824705 : 9 Next_heuristic_check_may_be_too_late ]
[25.827s][info][safepoint] Application time: 0.2658724 seconds
[25.828s][info][safepoint] Total time for which application threads were stopped: 0.0004177 seconds, Stopping threads took: 0.0000005 seconds
[25.828s][info][gc       ] [SPS 0.000 0.004 0.005 0.008 0.000 0.001 0.001 0.372 0.036 0.418 NewGC_pause1 25.827472 ]
[25.899s][info][safepoint] Application time: 0.0713706 seconds
[25.900s][info][safepoint] Total time for which application threads were stopped: 0.0001392 seconds, Stopping threads took: 0.0000004 seconds
[25.900s][info][gc       ] [SPS 0.000 0.001 0.000 0.007 0.000 0.001 0.000 0.113 0.017 0.139 NewGC_pause2 25.898981 ]
[25.901s][info][safepoint] Application time: 0.0019393 seconds
[25.901s][info][safepoint] Total time for which application threads were stopped: 0.0001710 seconds, Stopping threads took: 0.0000005 seconds
[25.902s][info][gc       ] [SPS 0.000 0.001 0.000 0.008 0.001 0.001 0.000 0.135 0.027 0.171 NewGC_pause3 25.901092 ]
[25.902s][info][safepoint] Application time: 0.0010713 seconds
[25.903s][info][safepoint] Total time for which application threads were stopped: 0.0001491 seconds, Stopping threads took: 0.0000005 seconds
[25.903s][info][gc       ] [SPS 0.000 0.002 0.002 0.007 0.001 0.001 0.000 0.110 0.030 0.149 NewGC_pause4 25.902312 ]
[25.903s][info][gc       ] [GC New Max 61-54 : 5120 3026 2212 5120 - - 1001 56 2 2 - : 210 1784 32 184 1026 : 208 2 819 819 0 : 0 1 104 0 105 - 0 : 0.263635 2533.8 7.6 0.077265 2743.8 0.0 : 3 --c 0000 : 23 0 0.000 0.000 0 0.000 0.000 0 0.000 0.000 : 25.825259 25.827054 0.000357 25.898842 0.000115 25.900921 0.000101 25.902163 0.000068 : 25.902524 ]
[25.903s][info][gc       ] [SYSINFO 7529 191 89 0 6995 0 20 0 0 5745 : - - - - - - - - : 0 7168 : 1.52 0.81 1.35 : 278178 4215136 : 0 0 : 12 0 : 1547 2 0 263 : - 7624142848 333475840 1391411200 5939011584 199507968 93806592 : 140688591 4908620 125270 0 0 0 : 25.902821 ]
[25.903s][info][gc       ] [HUGEPAGESTAT 0 0 0 - 20840 0 0 : 612352 0 0 : 25.902821 ]
[25.903s][info][gc       ] [OBJCREAT 48936116 24908 3543040 : 25.902873 ]
[25.903s][info][gc       ] [HMSV All : 0 0 20 0 0 0 0 0 : 4932 0 0 0 : 25.902893 ]
[25.903s][info][gc       ] [HMSP 9 : 41100 0 : 25.902893 ]
[25.904s][info][gc       ] [VMAC 65530 166 24 430 620 : 25.903801 ]
[26.146s][info][gc       ] [GPGC-H  2527.1 453.0 5.3 0.0 : 561.9 : 0.000 0.000 : 0.000 0.000 0.971 2.021 : 0.000 0.000 0.000 0.000 2.118 0.798 : 0.000 : 92.649 : 822 1784 32 0 : 2266 : 4608 4424 : 26.146079 : 9 Next_heuristic_check_may_be_too_late ]
[26.150s][info][safepoint] Application time: 0.2475405 seconds
[26.151s][info][safepoint] Total time for which application threads were stopped: 0.0003771 seconds, Stopping threads took: 0.0000005 seconds
[26.151s][info][gc       ] [SPS 0.000 0.003 0.002 0.007 0.000 0.001 0.000 0.330 0.039 0.377 NewGC_pause1 26.150230 ]
[26.215s][info][safepoint] Application time: 0.0647660 seconds
[26.216s][info][safepoint] Total time for which application threads were stopped: 0.0001782 seconds, Stopping threads took: 0.0000005 seconds
[26.216s][info][gc       ] [SPS 0.000 0.001 0.000 0.008 0.001 0.001 0.000 0.131 0.037 0.178 NewGC_pause2 26.215175 ]
[26.217s][info][safepoint] Application time: 0.0019685 seconds
[26.218s][info][safepoint] Total time for which application threads were stopped: 0.0001774 seconds, Stopping threads took: 0.0000005 seconds
[26.218s][info][gc       ] [SPS 0.000 0.000 0.000 0.007 0.001 0.001 0.000 0.128 0.041 0.178 NewGC_pause3 26.217321 ]
[26.219s][info][safepoint] Application time: 0.0012096 seconds
[26.219s][info][safepoint] Total time for which application threads were stopped: 0.0001766 seconds, Stopping threads took: 0.0000005 seconds
[26.219s][info][gc       ] [SPS 0.000 0.003 0.002 0.007 0.001 0.001 0.000 0.127 0.041 0.177 NewGC_pause4 26.218707 ]
[26.220s][info][gc       ] [GC New Max 62-55 : 5120 3004 2176 5120 - - 1001 56 2 2 - : 176 1784 32 184 1004 : 172 4 831 831 0 : 0 1 86 0 88 - 0 : 0.244136 2515.0 0.0 0.072479 2511.1 0.0 : 3 --c 0000 : 23 0 0.000 0.000 0 0.000 0.000 0 0.000 0.000 : 26.146660 26.149853 0.000287 26.214996 0.000086 26.217143 0.000052 26.218530 0.000077 : 26.219139 ]
[26.220s][info][gc       ] [SYSINFO 7529 191 89 0 6995 0 20 0 0 5745 : - - - - - - - - : 0 7168 : 1.52 0.81 1.35 : 278178 4215136 : 0 0 : 12 0 : 1547 4 0 263 : - 7624142848 333475840 1391411200 5939011584 199507968 93806592 : 140688591 4909150 125330 0 0 0 : 26.219473 ]
[26.220s][info][gc       ] [HUGEPAGESTAT 0 0 0 - 20840 0 0 : 612352 0 0 : 26.219473 ]
[26.220s][info][gc       ] [OBJCREAT 49724493 24908 3543040 : 26.219526 ]
[26.220s][info][gc       ] [HMSV All : 0 0 20 0 0 0 0 0 : 4932 0 0 0 : 26.219546 ]
[26.220s][info][gc       ] [HMSP 9 : 41100 0 : 26.219546 ]
[26.220s][info][gc       ] [VMAC 65530 166 24 430 620 : 26.220091 ]
[26.442s][info][gc       ] [GPGC-H  2527.1 453.0 5.3 0.0 : 561.9 : 0.000 0.000 : 0.000 0.000 0.958 2.021 : 0.000 0.000 0.000 0.000 2.090 0.798 : 0.000 : 91.636 : 796 1784 32 0 : 2266 : 4608 4424 : 26.441623 : 9 Next_heuristic_check_may_be_too_late ]
[26.444s][info][safepoint] Application time: 0.2247181 seconds
[26.444s][info][safepoint] Total time for which application threads were stopped: 0.0001521 seconds, Stopping threads took: 0.0000005 seconds
[26.445s][info][gc       ] [SPS 0.000 0.003 0.003 0.008 0.001 0.001 0.000 0.121 0.022 0.152 NewGC_pause1 26.443578 ]
[26.516s][info][safepoint] Application time: 0.0727517 seconds
[26.517s][info][safepoint] Total time for which application threads were stopped: 0.0001157 seconds, Stopping threads took: 0.0000006 seconds
[26.517s][info][gc       ] [SPS 0.000 0.001 0.000 0.010 0.001 0.001 0.000 0.086 0.018 0.116 NewGC_pause2 26.516445 ]
[26.518s][info][safepoint] Application time: 0.0014645 seconds
[26.519s][info][safepoint] Total time for which application threads were stopped: 0.0000951 seconds, Stopping threads took: 0.0000005 seconds
[26.519s][info][gc       ] [SPS 0.000 0.000 0.000 0.007 0.000 0.001 0.000 0.070 0.017 0.095 NewGC_pause3 26.518008 ]
[26.519s][info][safepoint] Application time: 0.0012681 seconds
[26.520s][info][safepoint] Total time for which application threads were stopped: 0.0001605 seconds, Stopping threads took: 0.0000005 seconds
[26.520s][info][gc       ] [SPS 0.000 0.003 0.002 0.007 0.001 0.001 0.000 0.115 0.037 0.161 NewGC_pause4 26.519437 ]
[26.520s][info][gc       ] [GC New Max 63-56 : 5120 2984 2188 5120 - - 1001 56 2 2 - : 188 1784 32 184 984 : 184 4 799 799 0 : 0 1 92 0 94 - 0 : 0.222881 2790.7 0.0 0.077648 2421.2 0.0 : 3 --c 0000 : 23 0 0.000 0.000 0 0.000 0.000 0 0.000 0.000 : 26.442020 26.443425 0.000121 26.516329 0.000089 26.517913 0.000073 26.519276 0.000059 : 26.519668 ]
[26.520s][info][gc       ] [SYSINFO 7529 191 89 0 6995 0 20 0 0 5745 : - - - - - - - - : 0 7168 : 1.52 0.81 1.35 : 278178 4215148 : 0 0 : 12 0 : 1547 2 0 263 : - 7624142848 333475840 1391411200 5939011584 199507968 93806592 : 140688591 4909660 125360 0 0 0 : 26.519956 ]
[26.520s][info][gc       ] [HUGEPAGESTAT 0 0 0 - 20840 0 0 : 612352 0 0 : 26.519956 ]
[26.520s][info][gc       ] [OBJCREAT 50526818 24908 3543040 : 26.520019 ]
[26.520s][info][gc       ] [HMSV All : 0 0 20 0 0 0 0 0 : 4932 0 0 0 : 26.520036 ]
[26.520s][info][gc       ] [HMSP 9 : 41100 0 : 26.520036 ]
[26.521s][info][gc       ] [VMAC 65530 166 24 430 620 : 26.520585 ]
[26.783s][info][gc       ] [GPGC-H  2527.1 453.0 5.3 0.0 : 561.9 : 0.000 0.000 : 0.000 0.000 0.946 2.021 : 0.000 0.000 0.000 0.000 2.064 0.798 : 0.000 : 90.729 : 850 1784 32 0 : 2266 : 4608 4424 : 26.783020 : 9 Next_heuristic_check_may_be_too_late ]
[26.786s][info][safepoint] Application time: 0.2659731 seconds
[26.786s][info][safepoint] Total time for which application threads were stopped: 0.0004103 seconds, Stopping threads took: 0.0000005 seconds
[26.787s][info][gc       ] [SPS 0.000 0.003 0.006 0.008 0.001 0.001 0.000 0.372 0.028 0.410 NewGC_pause1 26.785821 ]
[26.857s][info][safepoint] Application time: 0.0704449 seconds
[26.857s][info][safepoint] Total time for which application threads were stopped: 0.0002158 seconds, Stopping threads took: 0.0000007 seconds
[26.857s][info][gc       ] [SPS 0.000 0.001 0.000 0.011 0.001 0.001 0.001 0.159 0.043 0.216 NewGC_pause2 26.856482 ]
[26.858s][info][safepoint] Application time: 0.0015242 seconds
[26.858s][info][safepoint] Total time for which application threads were stopped: 0.0001600 seconds, Stopping threads took: 0.0000005 seconds
[26.859s][info][gc       ] [SPS 0.000 0.000 0.000 0.008 0.000 0.001 0.000 0.120 0.031 0.160 NewGC_pause3 26.858166 ]
[26.860s][info][safepoint] Application time: 0.0012801 seconds
[26.860s][info][safepoint] Total time for which application threads were stopped: 0.0001512 seconds, Stopping threads took: 0.0000005 seconds
[26.860s][info][gc       ] [GC New Max 64-57 : 5120 3056 2204 5120 - - 1001 56 2 2 - : 204 1784 32 184 1056 : 200 4 854 854 0 : 0 1 100 0 102 - 0 : 0.264005 2507.5 0.0 0.076071 2734.3 0.0 : 3 --c 0000 : 23 0 0.000 0.000 0 0.000 0.000 0 0.000 0.000 : 26.783673 26.785410 0.000323 26.856266 0.000116 26.858006 0.000058 26.859446 0.000066 : 26.859744 ]
[26.860s][info][gc       ] [SYSINFO 7529 191 89 0 6995 0 20 0 0 5745 : - - - - - - - - : 0 7168 : 1.52 0.81 1.35 : 278178 4215148 : 0 0 : 12 0 : 1547 2 0 263 : - 7624142848 333475840 1391411200 5939011584 199507968 93806592 : 140688591 4910220 125390 0 0 0 : 26.860005 ]
[26.860s][info][gc       ] [HUGEPAGESTAT 0 0 0 - 20840 0 0 : 612352 0 0 : 26.860005 ]
[26.860s][info][gc       ] [OBJCREAT 51385576 24908 3543040 : 26.860055 ]
[26.860s][info][gc       ] [HMSV All : 0 0 20 0 0 0 0 0 : 4932 0 0 0 : 26.860074 ]
[26.860s][info][gc       ] [HMSP 9 : 41100 0 : 26.860074 ]
[26.860s][info][gc       ] [SPS 0.000 0.002 0.002 0.007 0.000 0.001 0.000 0.113 0.029 0.151 NewGC_pause4 26.859598 ]
[26.861s][info][gc       ] [VMAC 65530 166 24 430 620 : 26.860655 ]
[27.103s][info][gc       ] [GPGC-H  2527.1 453.0 5.3 0.0 : 561.9 : 0.000 0.000 : 0.000 0.000 0.932 2.021 : 0.000 0.000 0.000 0.000 2.035 0.798 : 0.000 : 89.663 : 840 1784 32 0 : 2266 : 4608 4424 : 27.102642 : 9 Next_heuristic_check_may_be_too_late ]
[27.105s][info][safepoint] Application time: 0.2452108 seconds
[27.106s][info][safepoint] Total time for which application threads were stopped: 0.0002853 seconds, Stopping threads took: 0.0000005 seconds
[27.106s][info][gc       ] [SPS 0.000 0.003 0.004 0.008 0.001 0.001 0.000 0.238 0.038 0.285 NewGC_pause1 27.105094 ]
[27.190s][info][safepoint] Application time: 0.0844205 seconds
[27.190s][info][safepoint] Total time for which application threads were stopped: 0.0002363 seconds, Stopping threads took: 0.0000006 seconds
[27.191s][info][gc       ] [SPS 0.000 0.001 0.000 0.009 0.001 0.001 0.000 0.182 0.049 0.242 NewGC_pause2 27.189758 ]
[27.193s][info][safepoint] Application time: 0.0027229 seconds
[27.193s][info][safepoint] Total time for which application threads were stopped: 0.0001876 seconds, Stopping threads took: 0.0000005 seconds
[27.193s][info][gc       ] [SPS 0.000 0.000 0.000 0.007 0.000 0.001 0.000 0.156 0.023 0.188 NewGC_pause3 27.192664 ]
[27.194s][info][safepoint] Application time: 0.0014320 seconds
[27.195s][info][safepoint] Total time for which application threads were stopped: 0.0001832 seconds, Stopping threads took: 0.0000028 seconds
[27.195s][info][gc       ] [SPS 0.000 0.003 0.002 0.007 0.003 0.001 0.000 0.120 0.053 0.183 NewGC_pause4 27.194280 ]
[27.195s][info][gc       ] [GC New Max 65-58 : 5120 3084 2242 5120 - - 1001 56 2 2 - : 242 1784 32 184 1084 : 238 4 844 844 0 : 0 1 119 0 121 - 0 : 0.243455 2620.6 0.0 0.091427 2668.8 0.0 : 3 --c 0000 : 23 0 0.000 0.000 0 0.000 0.000 0 0.000 0.000 : 27.103200 27.104809 0.000237 27.189515 0.000145 27.192476 0.000125 27.194096 0.000077 : 27.194627 ]
[27.195s][info][gc       ] [SYSINFO 7529 191 89 0 6995 0 20 0 0 5745 : - - - - - - - - : 0 7168 : 1.52 0.81 1.35 : 278178 4215148 : 0 0 : 12 0 : 1547 2 0 263 : - 7624142848 333475840 1391411200 5939011584 199507968 93806592 : 140688591 4910800 125480 0 0 0 : 27.194894 ]
[27.195s][info][gc       ] [HUGEPAGESTAT 0 0 0 - 20840 0 0 : 612352 0 0 : 27.194894 ]
[27.195s][info][gc       ] [OBJCREAT 52258243 24908 3543040 : 27.194959 ]
[27.195s][info][gc       ] [HMSV All : 0 0 20 0 0 0 0 0 : 4932 0 0 0 : 27.194976 ]
[27.195s][info][gc       ] [HMSP 9 : 41100 0 : 27.194976 ]
[27.196s][info][gc       ] [VMAC 65530 166 24 430 620 : 27.195627 ]
[27.439s][info][gc       ] [GPGC-H  2521.9 453.0 5.3 0.0 : 561.9 : 0.000 0.000 : 0.000 0.000 0.920 2.021 : 0.000 0.000 0.000 0.000 2.006 0.798 : 0.000 : 88.705 : 834 1784 32 0 : 2266 : 4608 4424 : 27.438631 : 9 Next_heuristic_check_may_be_too_late ]
[27.442s][info][safepoint] Application time: 0.2469599 seconds
[27.442s][info][safepoint] Total time for which application threads were stopped: 0.0003791 seconds, Stopping threads took: 0.0000009 seconds
[27.443s][info][gc       ] [SPS 0.000 0.005 0.004 0.012 0.001 0.001 0.001 0.335 0.030 0.379 NewGC_pause1 27.441619 ]
[27.528s][info][safepoint] Application time: 0.0864681 seconds
[27.529s][info][safepoint] Total time for which application threads were stopped: 0.0001979 seconds, Stopping threads took: 0.0000005 seconds
[27.530s][info][gc       ] [SPS 0.000 0.001 0.000 0.007 0.000 0.001 0.000 0.166 0.023 0.198 NewGC_pause2 27.528285 ]
[27.531s][info][safepoint] Application time: 0.0025673 seconds
[27.532s][info][safepoint] Total time for which application threads were stopped: 0.0002005 seconds, Stopping threads took: 0.0000250 seconds
[27.532s][info][gc       ] [SPS 0.000 0.000 0.000 0.007 0.025 0.001 0.000 0.142 0.025 0.201 NewGC_pause3 27.531053 ]
[27.532s][info][safepoint] Application time: 0.0012371 seconds
[27.533s][info][safepoint] Total time for which application threads were stopped: 0.0001812 seconds, Stopping threads took: 0.0000005 seconds
[27.533s][info][gc       ] [SPS 0.000 0.003 0.002 0.007 0.001 0.001 0.000 0.148 0.024 0.181 NewGC_pause4 27.532471 ]
[27.533s][info][gc       ] [GC New Max 66-59 : 5120 3058 2224 5120 - - 1001 56 2 2 - : 224 1784 32 184 1058 : 220 4 836 836 0 : 0 1 110 0 112 - 0 : 0.244688 2419.4 0.0 0.093506 2417.0 0.0 : 3 --c 0000 : 23 0 0.000 0.000 0 0.000 0.000 0 0.000 0.000 : 27.439315 27.441240 0.000339 27.528087 0.000113 27.530852 0.000135 27.532290 0.000104 : 27.532821 ]
[27.533s][info][gc       ] [SYSINFO 7529 191 89 0 6995 0 20 0 0 5745 : - - - - - - - - : 0 7168 : 1.52 0.81 1.35 : 278178 4215148 : 0 0 : 12 0 : 1547 4 0 263 : - 7624142848 333475840 1391411200 5939011584 199507968 93806592 : 140688591 4911360 125510 0 0 0 : 27.533108 ]
[27.533s][info][gc       ] [HUGEPAGESTAT 0 0 0 - 20840 0 0 : 612352 0 0 : 27.533108 ]
[27.533s][info][gc       ] [OBJCREAT 53067889 24908 3543040 : 27.533173 ]
[27.533s][info][gc       ] [HMSV All : 0 0 20 0 0 0 0 0 : 4932 0 0 0 : 27.533189 ]
[27.533s][info][gc       ] [HMSP 9 : 41100 0 : 27.533189 ]
[27.534s][info][gc       ] [VMAC 65530 166 24 430 620 : 27.533805 ]
[27.797s][info][gc       ] [GPGC-H  2521.9 412.8 4.8 0.0 : 512.0 : 0.000 0.000 : 0.000 0.000 0.907 2.021 : 0.000 0.000 0.000 0.000 1.978 0.798 : 0.000 : 87.758 : 866 1784 32 0 : 2266 : 4608 4424 : 27.797072 : 9 Next_heuristic_check_may_be_too_late ]
[27.800s][info][safepoint] Application time: 0.2673114 seconds
[27.801s][info][safepoint] Total time for which application threads were stopped: 0.0001869 seconds, Stopping threads took: 0.0000006 seconds
[27.801s][info][gc       ] [SPS 0.000 0.004 0.005 0.009 0.001 0.002 0.000 0.155 0.019 0.187 NewGC_pause1 27.799970 ]
[27.870s][info][safepoint] Application time: 0.0701626 seconds
[27.871s][info][safepoint] Total time for which application threads were stopped: 0.0001979 seconds, Stopping threads took: 0.0000006 seconds
[27.871s][info][gc       ] [SPS 0.000 0.001 0.000 0.019 0.001 0.001 0.000 0.144 0.033 0.198 NewGC_pause2 27.870331 ]
[27.872s][info][safepoint] Application time: 0.0018986 seconds
[27.873s][info][safepoint] Total time for which application threads were stopped: 0.0001689 seconds, Stopping threads took: 0.0000006 seconds
[27.873s][info][gc       ] [SPS 0.000 0.000 0.000 0.008 0.001 0.001 0.000 0.129 0.030 0.169 NewGC_pause3 27.872398 ]
[27.874s][info][safepoint] Application time: 0.0010773 seconds
[27.874s][info][safepoint] Total time for which application threads were stopped: 0.0001823 seconds, Stopping threads took: 0.0000005 seconds
[27.874s][info][gc       ] [SPS 0.000 0.003 0.002 0.007 0.001 0.001 0.000 0.143 0.031 0.182 NewGC_pause4 27.873658 ]
[27.874s][info][gc       ] [GC New Max 67-60 : 5120 3080 2212 5120 - - 1001 56 2 2 - : 212 1784 32 184 1080 : 208 4 870 870 0 : 0 1 104 0 106 - 0 : 0.264857 2431.5 0.0 0.076242 2806.9 0.0 : 3 --c 0000 : 23 0 0.000 0.000 0 0.000 0.000 0 0.000 0.000 : 27.797678 27.799783 0.000164 27.870133 0.000091 27.872229 0.000096 27.873476 0.000077 : 27.873919 ]
[27.874s][info][gc       ] [SYSINFO 7529 191 89 0 6995 0 20 0 0 5745 : - - - - - - - - : 0 7168 : 1.52 0.81 1.35 : 278178 4215148 : 0 0 : 12 0 : 1547 2 0 263 : - 7624142848 333475840 1391411200 5939011584 199507968 93806592 : 140688591 4911900 125580 0 0 0 : 27.874195 ]
[27.874s][info][gc       ] [HUGEPAGESTAT 0 0 0 - 20840 0 0 : 612352 0 0 : 27.874195 ]
[27.874s][info][gc       ] [OBJCREAT 53916902 24908 3543040 : 27.874245 ]
[27.874s][info][gc       ] [HMSV All : 0 0 20 0 0 0 0 0 : 4932 0 0 0 : 27.874263 ]
[27.874s][info][gc       ] [HMSP 9 : 41100 0 : 27.874263 ]
[27.875s][info][gc       ] [VMAC 65530 166 24 430 620 : 27.874788 ]
[28.117s][info][gc       ] [GPGC-H  2521.9 412.8 4.8 0.0 : 512.0 : 0.000 0.000 : 0.000 0.000 0.894 2.021 : 0.000 0.000 0.000 0.000 1.950 0.798 : 0.000 : 86.735 : 862 1784 32 0 : 2266 : 4608 4424 : 28.117429 : 9 Next_heuristic_check_may_be_too_late ]
[28.120s][info][safepoint] Application time: 0.2459117 seconds
[28.120s][info][safepoint] Total time for which application threads were stopped: 0.0003472 seconds, Stopping threads took: 0.0000005 seconds
[28.121s][info][gc       ] [SPS 0.000 0.003 0.003 0.007 0.001 0.001 0.000 0.312 0.027 0.348 NewGC_pause1 28.119917 ]
[28.189s][info][safepoint] Application time: 0.0690109 seconds
[28.190s][info][safepoint] Total time for which application threads were stopped: 0.0002573 seconds, Stopping threads took: 0.0000005 seconds
[28.190s][info][gc       ] [SPS 0.000 0.001 0.000 0.007 0.000 0.001 0.000 0.225 0.024 0.258 NewGC_pause2 28.189186 ]
[28.191s][info][safepoint] Application time: 0.0021283 seconds
[28.192s][info][safepoint] Total time for which application threads were stopped: 0.0001430 seconds, Stopping threads took: 0.0000005 seconds
[28.192s][info][gc       ] [SPS 0.000 0.000 0.000 0.007 0.000 0.001 0.000 0.107 0.027 0.143 NewGC_pause3 28.191457 ]
[28.193s][info][safepoint] Application time: 0.0013034 seconds
[28.193s][info][safepoint] Total time for which application threads were stopped: 0.0001574 seconds, Stopping threads took: 0.0000005 seconds
[28.194s][info][gc       ] [SPS 0.000 0.002 0.002 0.007 0.000 0.001 0.000 0.119 0.030 0.158 NewGC_pause4 28.192918 ]
[28.194s][info][gc       ] [GC New Max 68-61 : 5120 3042 2178 5120 - - 1001 56 2 2 - : 178 1784 32 184 1042 : 174 4 866 866 0 : 0 1 87 0 89 - 0 : 0.244074 2671.3 0.0 0.075166 2394.7 0.0 : 3 --c 0000 : 23 0 0.000 0.000 0 0.000 0.000 0 0.000 0.000 : 28.117993 28.119570 0.000269 28.188928 0.000140 28.191314 0.000068 28.192760 0.000075 : 28.193159 ]
[28.194s][info][gc       ] [SYSINFO 7529 191 89 0 6995 0 20 0 0 5745 : - - - - - - - - : 0 7168 : 1.52 0.81 1.35 : 278178 4215148 : 0 0 : 12 0 : 1547 3 0 263 : - 7624142848 333475840 1391411200 5939011584 199507968 93806592 : 140688591 4912430 125660 0 0 0 : 28.193542 ]
[28.194s][info][gc       ] [HUGEPAGESTAT 0 0 0 - 20840 0 0 : 612352 0 0 : 28.193542 ]
[28.194s][info][gc       ] [OBJCREAT 54740506 24908 3543040 : 28.193634 ]
[28.194s][info][gc       ] [HMSV All : 0 0 20 0 0 0 0 0 : 4932 0 0 0 : 28.193659 ]
[28.194s][info][gc       ] [HMSP 9 : 41100 0 : 28.193659 ]
[28.195s][info][gc       ] [VMAC 65530 166 24 430 620 : 28.194627 ]
[28.417s][info][gc       ] [GPGC-H  2521.9 412.8 4.8 0.0 : 512.0 : 0.000 0.000 : 0.000 0.000 0.882 2.021 : 0.000 0.000 0.000 0.000 1.924 0.798 : 0.000 : 85.810 : 792 1784 32 0 : 2266 : 4608 4424 : 28.416894 : 9 Next_heuristic_check_may_be_too_late ]
[28.420s][info][safepoint] Application time: 0.2263234 seconds
[28.420s][info][safepoint] Total time for which application threads were stopped: 0.0003730 seconds, Stopping threads took: 0.0000004 seconds
[28.421s][info][gc       ] [SPS 0.000 0.004 0.003 0.009 0.000 0.001 0.000 0.328 0.034 0.373 NewGC_pause1 28.419615 ]
[28.428s][info][gc       ] [DEOPTSTATS 1 : 1 0 : 0 0 : 0 0 : 0 0 : 0 12 : 0 0 : 0 0 : 0 0 : 0 0 : 0 0 : 0 0 : 0 0 : 0 0 : 0 0 : 0 0 : 0 0 : 0 0 : 0 0 : 0 0 : 0 0 : 0 0 : 0 0 : 0 0 : 0 0 : 0 0 : 0 0 : 0 0 : 0 0 : 0 0 : 0 0 : 5 0 : 0 0 : 0 0 : 0 0 : 0 0 : 0 0 : 0 0 : 0 0 : 0 0 : 0 0 : 0 0 : 0 0 ]
[28.428s][info][gc       ] [DEOPTSTATS 2 : 0 0 : 0 0 : 0 0 : 0 0 : 0 0 : 0 0 : 0 12 : 0 0 : 0 0 : 0 0 : 0 0 : 0 0 : 0 0 : 0 0 : 0 0 : 0 0 : 0 0 : 0 0 : 0 0 : 0 0 : 0 1 : 0 0 : 0 0 : 0 0 : 0 0 : 0 0 : 0 0 : 0 0 : 0 0 : 0 0 : 4 0 : 0 0 : 0 0 : 0 0 : 0 1 : 0 0 : 0 0 : 0 0 : 0 0 : 0 4 : 0 0 : 0 0 ]
[28.490s][info][safepoint] Application time: 0.0700850 seconds
[28.490s][info][safepoint] Total time for which application threads were stopped: 0.0001201 seconds, Stopping threads took: 0.0000005 seconds
[28.491s][info][gc       ] [SPS 0.000 0.001 0.000 0.007 0.000 0.001 0.001 0.095 0.016 0.120 NewGC_pause2 28.489820 ]
[28.492s][info][safepoint] Application time: 0.0018276 seconds
[28.492s][info][safepoint] Total time for which application threads were stopped: 0.0001174 seconds, Stopping threads took: 0.0000005 seconds
[28.493s][info][gc       ] [SPS 0.000 0.000 0.000 0.008 0.001 0.001 0.000 0.094 0.015 0.117 NewGC_pause3 28.491765 ]
[28.493s][info][safepoint] Application time: 0.0010230 seconds
[28.493s][info][safepoint] Total time for which application threads were stopped: 0.0000953 seconds, Stopping threads took: 0.0000005 seconds
[28.493s][info][gc       ] [SPS 0.000 0.003 0.002 0.007 0.001 0.001 0.000 0.068 0.018 0.095 NewGC_pause4 28.492883 ]
[28.494s][info][gc       ] [GC New Max 69-62 : 5120 2962 2168 5120 - - 1001 56 2 2 - : 168 1784 32 184 962 : 168 2 796 796 0 : 0 0 84 0 84 - 0 : 0.224317 2746.1 0.0 0.075860 2241.0 0.0 : 3 --c 0000 : 23 0 0.000 0.000 0 0.000 0.000 0 0.000 0.000 : 28.417476 28.419242 0.000268 28.489700 0.000100 28.491647 0.000099 28.492788 0.000070 : 28.493336 ]
[28.494s][info][gc       ] [SYSINFO 7529 191 89 0 6995 0 20 0 0 5745 : - - - - - - - - : 0 7168 : 1.52 0.81 1.35 : 278178 4215148 : 0 0 : 12 0 : 1547 3 0 263 : - 7624142848 333475840 1391411200 5939011584 199507968 93806592 : 140688591 4913000 125670 0 0 0 : 28.493752 ]
[28.494s][info][gc       ] [HUGEPAGESTAT 0 0 0 - 20840 0 0 : 612352 0 0 : 28.493752 ]
[28.494s][info][gc       ] [OBJCREAT 55520915 24908 3543040 : 28.493816 ]
[28.494s][info][gc       ] [HMSV All : 0 0 20 0 0 0 0 0 : 4932 0 0 0 : 28.493832 ]
[28.494s][info][gc       ] [HMSP 9 : 41100 0 : 28.493832 ]
[28.494s][info][gc       ] [VMAC 65530 166 24 430 620 : 28.494372 ]
[28.736s][info][gc       ] [GPGC-H  2521.9 412.8 4.8 0.0 : 512.0 : 0.000 0.000 : 0.000 0.000 0.871 2.021 : 0.000 0.000 0.000 0.000 1.901 0.798 : 0.000 : 84.976 : 792 1784 32 0 : 2266 : 4608 4424 : 28.735716 : 9 Next_heuristic_check_may_be_too_late ]
[28.738s][info][safepoint] Application time: 0.2451655 seconds
[28.739s][info][safepoint] Total time for which application threads were stopped: 0.0002553 seconds, Stopping threads took: 0.0000005 seconds
[28.740s][info][gc       ] [SPS 0.001 0.005 0.003 0.008 0.000 0.001 0.001 0.217 0.028 0.255 NewGC_pause1 28.738305 ]
[28.801s][info][safepoint] Application time: 0.0629927 seconds
[28.802s][info][safepoint] Total time for which application threads were stopped: 0.0000733 seconds, Stopping threads took: 0.0000005 seconds
[28.802s][info][gc       ] [SPS 0.000 0.001 0.000 0.007 0.000 0.001 0.000 0.048 0.016 0.073 NewGC_pause2 28.801371 ]
[28.803s][info][safepoint] Application time: 0.0018026 seconds
[28.804s][info][safepoint] Total time for which application threads were stopped: 0.0001318 seconds, Stopping threads took: 0.0000005 seconds
[28.804s][info][gc       ] [SPS 0.000 0.000 0.000 0.007 0.000 0.001 0.000 0.105 0.018 0.132 NewGC_pause3 28.803305 ]
[28.805s][info][safepoint] Application time: 0.0011975 seconds
[28.805s][info][safepoint] Total time for which application threads were stopped: 0.0001765 seconds, Stopping threads took: 0.0000006 seconds
[28.806s][info][gc       ] [SPS 0.000 0.002 0.002 0.008 0.001 0.001 0.000 0.135 0.032 0.177 NewGC_pause4 28.804679 ]
[28.805s][info][gc       ] [GC New Max 70-63 : 5120 2976 2184 5120 - - 1001 56 2 2 - : 184 1784 32 184 976 : 182 4 795 795 0 : 0 1 91 0 92 - 0 : 0.242956 2576.6 0.0 0.068722 2677.4 0.0 : 3 --c 0000 : 23 0 0.000 0.000 0 0.000 0.000 0 0.000 0.000 : 28.736292 28.738049 0.000136 28.801297 0.000052 28.803173 0.000107 28.804503 0.000139 : 28.805014 ]
[28.805s][info][gc       ] [SYSINFO 7529 191 89 0 6996 0 20 0 0 5745 : - - - - - - - - : 0 7168 : 1.52 0.81 1.35 : 278178 4215148 : 0 0 : 12 0 : 1547 4 0 263 : - 7624142848 333475840 1391411200 5939011584 199507968 93806592 : 140688591 4913510 125740 0 0 0 : 28.805303 ]
[28.805s][info][gc       ] [HUGEPAGESTAT 0 0 0 - 20840 0 0 : 612352 0 0 : 28.805303 ]
[28.805s][info][gc       ] [OBJCREAT 56323635 24908 3543040 : 28.805354 ]
[28.805s][info][gc       ] [HMSV All : 0 0 20 0 0 0 0 0 : 4932 0 0 0 : 28.805371 ]
[28.805s][info][gc       ] [HMSP 9 : 41100 0 : 28.805371 ]
[28.806s][info][gc       ] [VMAC 65530 166 24 430 620 : 28.805933 ]
[29.048s][info][gc       ] [GPGC-H  2521.9 412.8 4.8 0.0 : 512.0 : 0.000 0.000 : 0.000 0.000 0.859 2.021 : 0.000 0.000 0.000 0.000 1.876 0.798 : 0.000 : 84.076 : 822 1784 32 0 : 2266 : 4608 4424 : 29.048159 : 9 Next_heuristic_check_may_be_too_late ]
[29.052s][info][safepoint] Application time: 0.2469831 seconds
[29.052s][info][safepoint] Total time for which application threads were stopped: 0.0002365 seconds, Stopping threads took: 0.0000005 seconds
[29.053s][info][gc       ] [SPS 0.000 0.004 0.002 0.008 0.001 0.001 0.000 0.207 0.021 0.237 NewGC_pause1 29.051899 ]
[29.115s][info][safepoint] Application time: 0.0633372 seconds
[29.116s][info][safepoint] Total time for which application threads were stopped: 0.0001957 seconds, Stopping threads took: 0.0000005 seconds
[29.117s][info][gc       ] [SPS 0.000 0.001 0.000 0.007 0.000 0.001 0.000 0.163 0.023 0.196 NewGC_pause2 29.115432 ]
[29.118s][info][safepoint] Application time: 0.0021816 seconds
[29.118s][info][safepoint] Total time for which application threads were stopped: 0.0002289 seconds, Stopping threads took: 0.0000005 seconds
[29.118s][info][gc       ] [SPS 0.000 0.001 0.000 0.008 0.000 0.001 0.000 0.186 0.033 0.229 NewGC_pause3 29.117843 ]
[29.119s][info][safepoint] Application time: 0.0012365 seconds
[29.120s][info][safepoint] Total time for which application threads were stopped: 0.0002424 seconds, Stopping threads took: 0.0000005 seconds
[29.120s][info][gc       ] [SPS 0.000 0.003 0.036 0.007 0.000 0.001 0.000 0.208 0.026 0.243 NewGC_pause4 29.119322 ]
[29.120s][info][gc       ] [GC New Max 71-64 : 5120 3010 2184 5120 - - 1001 56 2 2 - : 184 1784 32 184 1010 : 180 4 829 829 0 : 0 1 90 0 92 - 0 : 0.243748 2625.7 0.0 0.070959 2649.4 0.0 : 3 --c 0000 : 23 0 0.000 0.000 0 0.000 0.000 0 0.000 0.000 : 29.048762 29.051663 0.000207 29.115237 0.000116 29.117614 0.000156 29.119080 0.000184 : 29.119721 ]
[29.120s][info][gc       ] [SYSINFO 7529 191 89 0 6996 0 20 0 0 5745 : - - - - - - - - : 0 7168 : 1.52 0.81 1.35 : 278178 4215148 : 0 0 : 12 0 : 1547 2 0 263 : - 7624142848 333475840 1391411200 5939011584 199507968 93806592 : 140688591 4914030 125800 0 0 0 : 29.119968 ]
[29.120s][info][gc       ] [HUGEPAGESTAT 0 0 0 - 20840 0 0 : 612352 0 0 : 29.119968 ]
[29.120s][info][gc       ] [OBJCREAT 57143676 24908 3543040 : 29.120022 ]
[29.120s][info][gc       ] [HMSV All : 0 0 20 0 0 0 0 0 : 4932 0 0 0 : 29.120040 ]
[29.120s][info][gc       ] [HMSP 9 : 41100 0 : 29.120040 ]
[29.121s][info][gc       ] [VMAC 65530 166 24 430 620 : 29.120589 ]
[29.383s][info][gc       ] [GPGC-H  2517.3 412.8 4.8 0.0 : 512.0 : 0.000 0.000 : 0.000 0.000 0.848 2.021 : 0.000 0.000 0.000 0.000 1.851 0.798 : 0.000 : 83.188 : 840 1784 32 0 : 2266 : 4608 4424 : 29.383266 : 9 Next_heuristic_check_may_be_too_late ]
[29.386s][info][safepoint] Application time: 0.2665927 seconds
[29.387s][info][safepoint] Total time for which application threads were stopped: 0.0003816 seconds, Stopping threads took: 0.0000005 seconds
[29.387s][info][gc       ] [SPS 0.000 0.003 0.004 0.008 0.000 0.001 0.000 0.332 0.040 0.381 NewGC_pause1 29.386297 ]
[29.452s][info][safepoint] Application time: 0.0653806 seconds
[29.452s][info][safepoint] Total time for which application threads were stopped: 0.0001593 seconds, Stopping threads took: 0.0000005 seconds
[29.452s][info][gc       ] [SPS 0.000 0.001 0.000 0.007 0.000 0.001 0.000 0.127 0.023 0.159 NewGC_pause2 29.451837 ]
[29.454s][info][safepoint] Application time: 0.0017238 seconds
[29.454s][info][safepoint] Total time for which application threads were stopped: 0.0000907 seconds, Stopping threads took: 0.0000005 seconds
[29.454s][info][gc       ] [SPS 0.000 0.000 0.000 0.007 0.001 0.001 0.000 0.062 0.020 0.091 NewGC_pause3 29.453651 ]
[29.455s][info][safepoint] Application time: 0.0014011 seconds
[29.456s][info][safepoint] Total time for which application threads were stopped: 0.0001439 seconds, Stopping threads took: 0.0000007 seconds
[29.456s][info][gc       ] [SPS 0.000 0.003 0.002 0.009 0.001 0.001 0.001 0.104 0.029 0.144 NewGC_pause4 29.455197 ]
[29.456s][info][gc       ] [GC New Max 72-65 : 5120 3036 2194 5120 - - 1001 56 2 2 - : 194 1784 32 184 1036 : 190 4 847 847 0 : 0 1 95 0 97 - 0 : 0.264152 2491.0 0.0 0.071732 2760.3 0.0 : 3 --c 0000 : 23 0 0.000 0.000 0 0.000 0.000 0 0.000 0.000 : 29.383873 29.385916 0.000296 29.451677 0.000076 29.453560 0.000064 29.455053 0.000071 : 29.455605 ]
[29.456s][info][gc       ] [SYSINFO 7529 191 89 0 6996 0 20 0 0 5745 : - - - - - - - - : 0 7168 : 1.72 0.86 1.37 : 278178 4215148 : 0 0 : 12 0 : 1547 3 0 263 : - 7624142848 333475840 1391411200 5939011584 199507968 93806592 : 140688591 4914550 125830 0 0 0 : 29.456055 ]
[29.456s][info][gc       ] [HUGEPAGESTAT 0 0 0 - 20840 0 0 : 612352 0 0 : 29.456055 ]
[29.456s][info][gc       ] [OBJCREAT 57989222 24908 3543040 : 29.456138 ]
[29.456s][info][gc       ] [HMSV All : 0 0 20 0 0 0 0 0 : 4932 0 0 0 : 29.456157 ]
[29.456s][info][gc       ] [HMSP 9 : 41100 0 : 29.456157 ]
[29.457s][info][gc       ] [VMAC 65530 166 24 430 620 : 29.456843 ]
[29.698s][info][gc       ] [GPGC-H  2517.3 412.8 4.8 0.0 : 512.0 : 0.000 0.000 : 0.000 0.000 0.836 2.021 : 0.000 0.000 0.000 0.000 1.826 0.798 : 0.000 : 82.236 : 830 1784 32 0 : 2266 : 4608 4424 : 29.698076 : 9 Next_heuristic_check_may_be_too_late ]
[29.701s][info][safepoint] Application time: 0.2456789 seconds
[29.702s][info][safepoint] Total time for which application threads were stopped: 0.0003947 seconds, Stopping threads took: 0.0000008 seconds
[29.702s][info][gc       ] [SPS 0.000 0.004 0.004 0.012 0.001 0.001 0.001 0.354 0.027 0.395 NewGC_pause1 29.701271 ]
[29.780s][info][safepoint] Application time: 0.0786083 seconds
[29.781s][info][safepoint] Total time for which application threads were stopped: 0.0001904 seconds, Stopping threads took: 0.0000005 seconds
[29.781s][info][gc       ] [SPS 0.000 0.001 0.000 0.007 0.000 0.001 0.000 0.159 0.023 0.190 NewGC_pause2 29.780069 ]
[29.782s][info][safepoint] Application time: 0.0019795 seconds
[29.782s][info][safepoint] Total time for which application threads were stopped: 0.0001595 seconds, Stopping threads took: 0.0000005 seconds
[29.783s][info][gc       ] [SPS 0.000 0.000 0.000 0.007 0.001 0.001 0.000 0.112 0.038 0.160 NewGC_pause3 29.782208 ]
[29.784s][info][safepoint] Application time: 0.0013223 seconds
[29.784s][info][safepoint] Total time for which application threads were stopped: 0.0001860 seconds, Stopping threads took: 0.0000004 seconds
[29.784s][info][gc       ] [SPS 0.000 0.003 0.002 0.007 0.000 0.001 0.000 0.137 0.040 0.186 NewGC_pause4 29.783717 ]
[29.784s][info][gc       ] [GC New Max 73-66 : 5120 3064 2232 5120 - - 1001 56 2 2 - : 232 1784 32 184 1064 : 230 4 834 834 0 : 0 1 115 0 116 - 0 : 0.243078 2624.7 0.0 0.085275 2744.1 0.0 : 3 --c 0000 : 23 0 0.000 0.000 0 0.000 0.000 0 0.000 0.000 : 29.698682 29.700876 0.000319 29.779879 0.000107 29.782049 0.000113 29.783531 0.000105 : 29.783957 ]
[29.784s][info][gc       ] [SYSINFO 7529 191 89 0 6996 0 20 0 0 5745 : - - - - - - - - : 0 7168 : 1.72 0.86 1.37 : 278178 4215148 : 0 0 : 12 0 : 1547 3 0 263 : - 7624142848 333475840 1391411200 5939011584 199507968 93806592 : 140688591 4915100 125870 0 0 0 : 29.784257 ]
[29.784s][info][gc       ] [HUGEPAGESTAT 0 0 0 - 20840 0 0 : 612352 0 0 : 29.784257 ]
[29.784s][info][gc       ] [OBJCREAT 58853587 24908 3543040 : 29.784327 ]
[29.784s][info][gc       ] [HMSV All : 0 0 20 0 0 0 0 0 : 4932 0 0 0 : 29.784342 ]
[29.784s][info][gc       ] [HMSP 9 : 41100 0 : 29.784342 ]
[29.785s][info][gc       ] [VMAC 65530 166 24 430 620 : 29.784876 ]
[30.006s][info][gc       ] [GPGC-H  2517.3 375.9 4.4 0.0 : 466.2 : 0.000 0.000 : 0.000 0.000 0.825 2.021 : 0.000 0.000 0.000 0.000 1.801 0.798 : 0.000 : 81.389 : 828 1784 32 0 : 2266 : 4608 4424 : 30.006431 : 9 Next_heuristic_check_may_be_too_late ]
[30.009s][info][safepoint] Application time: 0.2250415 seconds
[30.009s][info][safepoint] Total time for which application threads were stopped: 0.0002340 seconds, Stopping threads took: 0.0000006 seconds
[30.010s][info][gc       ] [SPS 0.000 0.004 0.005 0.009 0.001 0.001 0.001 0.192 0.031 0.234 NewGC_pause1 30.008993 ]
[30.092s][info][safepoint] Application time: 0.0824313 seconds
[30.092s][info][safepoint] Total time for which application threads were stopped: 0.0001586 seconds, Stopping threads took: 0.0000005 seconds
[30.093s][info][gc       ] [SPS 0.000 0.001 0.000 0.007 0.000 0.001 0.000 0.128 0.022 0.159 NewGC_pause2 30.091583 ]
[30.094s][info][safepoint] Application time: 0.0023858 seconds
[30.094s][info][safepoint] Total time for which application threads were stopped: 0.0001974 seconds, Stopping threads took: 0.0000005 seconds
[30.095s][info][gc       ] [SPS 0.000 0.000 0.000 0.007 0.000 0.001 0.000 0.145 0.044 0.198 NewGC_pause3 30.094166 ]
[30.095s][info][safepoint] Application time: 0.0010893 seconds
[30.096s][info][safepoint] Total time for which application threads were stopped: 0.0001746 seconds, Stopping threads took: 0.0000005 seconds
[30.096s][info][gc       ] [SPS 0.000 0.003 0.002 0.008 0.001 0.001 0.000 0.122 0.043 0.175 NewGC_pause4 30.095430 ]
[30.096s][info][gc       ] [GC New Max 74-67 : 5120 3012 2186 5120 - - 1001 56 2 2 - : 186 1784 32 184 1012 : 182 4 830 830 0 : 0 1 91 0 93 - 0 : 0.223014 2672.5 0.0 0.088931 2114.0 0.0 : 3 --c 0000 : 23 0 0.000 0.000 0 0.000 0.000 0 0.000 0.000 : 30.006971 30.008759 0.000184 30.091424 0.000086 30.093968 0.000101 30.095255 0.000061 : 30.095901 ]
[30.096s][info][gc       ] [SYSINFO 7529 191 89 0 6996 0 20 0 0 5745 : - - - - - - - - : 0 7168 : 1.72 0.86 1.37 : 278178 4215148 : 0 0 : 12 0 : 1547 3 0 263 : - 7624142848 333475840 1391411200 5939011584 199507968 93806592 : 140688591 4915600 125930 0 0 0 : 30.096177 ]
[30.096s][info][gc       ] [HUGEPAGESTAT 0 0 0 - 20840 0 0 : 612352 0 0 : 30.096177 ]
[30.096s][info][gc       ] [OBJCREAT 59627406 24908 3543040 : 30.096229 ]
[30.096s][info][gc       ] [HMSV All : 0 0 20 0 0 0 0 0 : 4932 0 0 0 : 30.096245 ]
[30.096s][info][gc       ] [HMSP 9 : 41100 0 : 30.096245 ]
[30.097s][info][gc       ] [VMAC 65530 166 24 430 620 : 30.096853 ]
[30.319s][info][gc       ] [GPGC-H  2517.3 375.9 4.4 0.0 : 466.2 : 0.000 0.000 : 0.000 0.000 0.814 2.021 : 0.000 0.000 0.000 0.000 1.778 0.798 : 0.000 : 80.632 : 794 1784 32 0 : 2266 : 4608 4424 : 30.318620 : 9 Next_heuristic_check_may_be_too_late ]
[30.321s][info][safepoint] Application time: 0.2253453 seconds
[30.322s][info][safepoint] Total time for which application threads were stopped: 0.0003664 seconds, Stopping threads took: 0.0000005 seconds
[30.322s][info][gc       ] [SPS 0.000 0.003 0.002 0.008 0.000 0.001 0.000 0.317 0.040 0.367 NewGC_pause1 30.321142 ]
[30.389s][info][safepoint] Application time: 0.0673462 seconds
[30.389s][info][safepoint] Total time for which application threads were stopped: 0.0002231 seconds, Stopping threads took: 0.0000005 seconds
[30.390s][info][gc       ] [SPS 0.000 0.001 0.000 0.007 0.001 0.001 0.000 0.193 0.022 0.223 NewGC_pause2 30.388712 ]
[30.391s][info][safepoint] Application time: 0.0020493 seconds
[30.391s][info][safepoint] Total time for which application threads were stopped: 0.0001752 seconds, Stopping threads took: 0.0000004 seconds
[30.392s][info][gc       ] [SPS 0.000 0.000 0.000 0.007 0.000 0.001 0.000 0.143 0.024 0.175 NewGC_pause3 30.390936 ]
[30.392s][info][safepoint] Application time: 0.0013660 seconds
[30.393s][info][safepoint] Total time for which application threads were stopped: 0.0001722 seconds, Stopping threads took: 0.0000005 seconds
[30.393s][info][gc       ] [SPS 0.000 0.003 0.002 0.007 0.000 0.001 0.000 0.136 0.027 0.172 NewGC_pause4 30.392474 ]
[30.393s][info][gc       ] [GC New Max 75-68 : 5120 2980 2184 5120 - - 1001 56 2 2 - : 184 1784 32 184 980 : 180 4 800 800 0 : 0 1 90 0 92 - 0 : 0.223272 2732.1 0.0 0.073645 2552.8 0.0 : 3 --c 0000 : 23 0 0.000 0.000 0 0.000 0.000 0 0.000 0.000 : 30.319174 30.320775 0.000276 30.388488 0.000111 30.390761 0.000109 30.392302 0.000104 : 30.392818 ]
[30.393s][info][gc       ] [SYSINFO 7529 191 89 0 6996 0 20 0 0 5745 : - - - - - - - - : 0 7168 : 1.72 0.86 1.37 : 278178 4215148 : 0 0 : 12 0 : 1547 3 0 263 : - 7624142848 333475840 1391411200 5939011584 199507968 93806592 : 140688591 4916080 126010 0 0 0 : 30.393108 ]
[30.393s][info][gc       ] [HUGEPAGESTAT 0 0 0 - 20840 0 0 : 612352 0 0 : 30.393108 ]
[30.393s][info][gc       ] [OBJCREAT 60416446 24908 3543040 : 30.393163 ]
[30.393s][info][gc       ] [HMSV All : 0 0 20 0 0 0 0 0 : 4932 0 0 0 : 30.393179 ]
[30.393s][info][gc       ] [HMSP 9 : 41100 0 : 30.393179 ]
[30.394s][info][gc       ] [VMAC 65530 166 24 430 620 : 30.393774 ]
[30.636s][info][gc       ] [GPGC-H  2517.3 375.9 4.4 0.0 : 466.2 : 0.000 0.000 : 0.000 0.000 0.804 2.021 : 0.000 0.000 0.000 0.000 1.756 0.798 : 0.000 : 79.871 : 842 1784 32 0 : 2266 : 4608 4424 : 30.636171 : 9 Next_heuristic_check_may_be_too_late ]
[30.638s][info][safepoint] Application time: 0.2457705 seconds
[30.639s][info][safepoint] Total time for which application threads were stopped: 0.0002317 seconds, Stopping threads took: 0.0000006 seconds
[30.640s][info][gc       ] [SPS 0.001 0.004 0.005 0.008 0.001 0.001 0.000 0.191 0.031 0.232 NewGC_pause1 30.638477 ]
[30.711s][info][safepoint] Application time: 0.0720725 seconds
[30.711s][info][safepoint] Total time for which application threads were stopped: 0.0000785 seconds, Stopping threads took: 0.0000005 seconds
[30.711s][info][gc       ] [SPS 0.000 0.001 0.000 0.008 0.000 0.001 0.000 0.051 0.018 0.079 NewGC_pause2 30.710628 ]
[30.711s][info][safepoint] Application time: 0.0007438 seconds
[30.712s][info][safepoint] Total time for which application threads were stopped: 0.0000974 seconds, Stopping threads took: 0.0000005 seconds
[30.712s][info][gc       ] [SPS 0.000 0.001 0.000 0.007 0.000 0.001 0.000 0.072 0.016 0.097 NewGC_pause3 30.711469 ]
[30.713s][info][safepoint] Application time: 0.0013605 seconds
[30.713s][info][safepoint] Total time for which application threads were stopped: 0.0000940 seconds, Stopping threads took: 0.0000006 seconds
[30.714s][info][gc       ] [SPS 0.000 0.005 0.002 0.008 0.001 0.001 0.000 0.068 0.017 0.094 NewGC_pause4 30.712924 ]
[30.714s][info][gc       ] [GC New Max 76-69 : 5120 3004 2162 5120 - - 1001 56 2 2 - : 162 1784 32 184 1004 : 158 4 846 846 0 : 0 1 79 0 81 - 0 : 0.243786 2699.1 0.0 0.076685 2164.7 0.0 : 3 --c 0000 : 23 0 0.000 0.000 0 0.000 0.000 0 0.000 0.000 : 30.636604 30.638245 0.000137 30.710549 0.000053 30.711372 0.000075 30.712830 0.000073 : 30.713289 ]
[30.714s][info][gc       ] [SYSINFO 7529 191 89 0 6996 0 20 0 0 5745 : - - - - - - - - : 0 7168 : 1.72 0.86 1.37 : 278178 4215204 : 0 0 : 17 0 : 1547 3 0 263 : - 7624142848 333475840 1391411200 5939011584 199507968 93806592 : 140688591 4916590 126100 0 0 0 : 30.713738 ]
[30.714s][info][gc       ] [HUGEPAGESTAT 0 0 0 - 20840 0 0 : 612352 0 0 : 30.713738 ]
[30.714s][info][gc       ] [OBJCREAT 61231339 24908 3543040 : 30.713847 ]
[30.714s][info][gc       ] [HMSV All : 0 0 20 0 0 0 0 0 : 4932 0 0 0 : 30.713883 ]
[30.714s][info][gc       ] [HMSP 9 : 41100 0 : 30.713883 ]
[30.714s][info][gc       ] [VMAC 65530 166 24 430 620 : 30.714451 ]
[30.956s][info][gc       ] [GPGC-H  2517.3 375.9 4.4 0.0 : 466.2 : 0.000 0.000 : 0.000 0.000 0.793 2.021 : 0.000 0.000 0.000 0.000 1.733 0.798 : 0.000 : 79.049 : 792 1784 32 0 : 2266 : 4608 4424 : 30.956160 : 9 Next_heuristic_check_may_be_too_late ]
[30.959s][info][safepoint] Application time: 0.2457996 seconds
[30.959s][info][safepoint] Total time for which application threads were stopped: 0.0004493 seconds, Stopping threads took: 0.0000006 seconds
[30.960s][info][gc       ] [SPS 0.000 0.003 0.005 0.010 0.001 0.001 0.001 0.408 0.030 0.449 NewGC_pause1 30.959173 ]
[31.026s][info][safepoint] Application time: 0.0663145 seconds
[31.026s][info][safepoint] Total time for which application threads were stopped: 0.0001591 seconds, Stopping threads took: 0.0000006 seconds
[31.026s][info][gc       ] [SPSH lock suspend gclocker notify wait resuspend cleanup op_time wakeup total(ms) op_name end(s) ]
[31.026s][info][gc       ] [SPS 0.000 0.001 0.000 0.010 0.001 0.001 0.000 0.091 0.057 0.159 NewGC_pause2 31.025647 ]
[31.027s][info][safepoint] Application time: 0.0014627 seconds
[31.028s][info][safepoint] Total time for which application threads were stopped: 0.0001619 seconds, Stopping threads took: 0.0000005 seconds
[31.028s][info][gc       ] [SPS 0.000 0.000 0.000 0.007 0.000 0.001 0.000 0.126 0.027 0.162 NewGC_pause3 31.027272 ]
[31.029s][info][safepoint] Application time: 0.0012792 seconds
[31.029s][info][safepoint] Total time for which application threads were stopped: 0.0001704 seconds, Stopping threads took: 0.0000005 seconds
[31.029s][info][gc       ] [SPS 0.000 0.002 0.002 0.007 0.001 0.001 0.000 0.131 0.031 0.170 NewGC_pause4 31.028721 ]
[31.029s][info][gc       ] [GC New Max 77-70 : 5120 2992 2196 5120 - - 1001 56 2 2 - : 196 1784 32 184 992 : 192 4 798 798 0 : 0 1 96 0 98 - 0 : 0.243557 2594.9 0.0 0.072217 2769.4 0.0 : 3 --c 0000 : 23 0 0.000 0.000 0 0.000 0.000 0 0.000 0.000 : 30.956846 30.958724 0.000338 31.025488 0.000066 31.027110 0.000080 31.028551 0.000084 : 31.029063 ]
[31.029s][info][gc       ] [SYSINFO 7529 191 89 0 6996 0 20 0 0 5745 : - - - - - - - - : 0 7168 : 1.72 0.86 1.37 : 278178 4215204 : 0 0 : 17 0 : 1547 2 0 263 : - 7624142848 333475840 1391411200 5939011584 199507968 93806592 : 140688591 4917100 126150 0 0 0 : 31.029372 ]
[31.029s][info][gc       ] [HUGEPAGESTAT 0 0 0 - 20840 0 0 : 612352 0 0 : 31.029372 ]
[31.029s][info][gc       ] [OBJCREAT 62054007 24908 3543040 : 31.029423 ]
[31.029s][info][gc       ] [HMSV All : 0 0 20 0 0 0 0 0 : 4932 0 0 0 : 31.029438 ]
[31.029s][info][gc       ] [HMSP 9 : 41100 0 : 31.029438 ]
[31.030s][info][gc       ] [VMAC 65530 166 24 430 620 : 31.030322 ]
[31.252s][info][gc       ] [GPGC-H  2548.6 375.9 4.4 0.0 : 466.2 : 0.000 0.000 : 0.000 0.000 0.783 2.021 : 0.000 0.000 0.000 0.000 1.710 0.798 : 0.000 : 78.235 : 818 1784 32 0 : 2266 : 4608 4424 : 31.252059 : 9 Next_heuristic_check_may_be_too_late ]
[31.255s][info][safepoint] Application time: 0.2258221 seconds
[31.255s][info][safepoint] Total time for which application threads were stopped: 0.0003636 seconds, Stopping threads took: 0.0000005 seconds
[31.256s][info][gc       ] [SPS 0.000 0.004 0.003 0.009 0.001 0.001 0.001 0.325 0.027 0.364 NewGC_pause1 31.254907 ]
[31.318s][info][safepoint] Application time: 0.0629747 seconds
[31.319s][info][safepoint] Total time for which application threads were stopped: 0.0001995 seconds, Stopping threads took: 0.0000005 seconds
[31.319s][info][gc       ] [SPS 0.000 0.001 0.000 0.008 0.000 0.001 0.000 0.167 0.024 0.200 NewGC_pause2 31.318082 ]
[31.320s][info][safepoint] Application time: 0.0019556 seconds
[31.320s][info][safepoint] Total time for which application threads were stopped: 0.0001690 seconds, Stopping threads took: 0.0000005 seconds
[31.321s][info][gc       ] [SPS 0.000 0.000 0.000 0.007 0.000 0.001 0.000 0.137 0.024 0.169 NewGC_pause3 31.320206 ]
[31.322s][info][safepoint] Application time: 0.0014045 seconds
[31.322s][info][safepoint] Total time for which application threads were stopped: 0.0001667 seconds, Stopping threads took: 0.0000005 seconds
[31.322s][info][gc       ] [SPS 0.000 0.002 0.002 0.007 0.001 0.001 0.000 0.130 0.028 0.167 NewGC_pause4 31.321778 ]
[31.322s][info][gc       ] [GC New Max 78-71 : 5120 3018 2198 5120 - - 1001 56 2 2 - : 198 1784 32 184 1018 : 194 4 822 822 0 : 0 1 97 0 99 - 0 : 0.223619 2790.5 0.0 0.069413 2881.3 0.0 : 3 --c 0000 : 23 0 0.000 0.000 0 0.000 0.000 0 0.000 0.000 : 31.252682 31.254544 0.000310 31.317882 0.000118 31.320037 0.000105 31.321611 0.000074 : 31.322095 ]
[31.322s][info][gc       ] [SYSINFO 7529 191 89 0 6996 0 20 0 0 5745 : - - - - - - - - : 0 7168 : 1.72 0.86 1.37 : 278178 4215204 : 0 0 : 17 0 : 1547 3 0 263 : - 7624142848 333475840 1391411200 5939011584 199507968 93806592 : 140688591 4917570 126190 0 0 0 : 31.322377 ]
[31.322s][info][gc       ] [HUGEPAGESTAT 0 0 0 - 20840 0 0 : 612352 0 0 : 31.322377 ]
[31.322s][info][gc       ] [OBJCREAT 62871441 24908 3543040 : 31.322428 ]
[31.322s][info][gc       ] [HMSV All : 0 0 20 0 0 0 0 0 : 4932 0 0 0 : 31.322444 ]
[31.322s][info][gc       ] [HMSP 9 : 41100 0 : 31.322444 ]
[31.323s][info][gc       ] [VMAC 65530 166 24 430 620 : 31.323120 ]
[31.545s][info][gc       ] [GPGC-H  2548.6 375.9 4.4 0.0 : 466.2 : 0.000 0.000 : 0.000 0.000 0.773 2.021 : 0.000 0.000 0.000 0.000 1.689 0.798 : 0.000 : 77.501 : 822 1784 32 0 : 2266 : 4608 4424 : 31.545399 : 9 Next_heuristic_check_may_be_too_late ]
[31.548s][info][safepoint] Application time: 0.2257199 seconds
[31.548s][info][safepoint] Total time for which application threads were stopped: 0.0002914 seconds, Stopping threads took: 0.0000005 seconds
[31.549s][info][gc       ] [SPS 0.000 0.003 0.003 0.008 0.001 0.001 0.000 0.228 0.055 0.292 NewGC_pause1 31.547790 ]
[31.613s][info][safepoint] Application time: 0.0645693 seconds
[31.613s][info][safepoint] Total time for which application threads were stopped: 0.0001986 seconds, Stopping threads took: 0.0000005 seconds
[31.614s][info][gc       ] [SPS 0.000 0.001 0.000 0.007 0.000 0.001 0.000 0.166 0.024 0.199 NewGC_pause2 31.612557 ]
[31.615s][info][safepoint] Application time: 0.0020839 seconds
[31.615s][info][safepoint] Total time for which application threads were stopped: 0.0001871 seconds, Stopping threads took: 0.0000005 seconds
[31.615s][info][gc       ] [SPS 0.000 0.000 0.000 0.007 0.000 0.001 0.000 0.136 0.043 0.187 NewGC_pause3 31.614829 ]
[31.616s][info][safepoint] Application time: 0.0011253 seconds
[31.616s][info][safepoint] Total time for which application threads were stopped: 0.0002025 seconds, Stopping threads took: 0.0000006 seconds
[31.617s][info][gc       ] [SPS 0.000 0.003 0.002 0.009 0.001 0.001 0.000 0.134 0.058 0.203 NewGC_pause4 31.616156 ]
[31.617s][info][gc       ] [GC New Max 79-72 : 5120 3002 2176 5120 - - 1001 56 2 2 - : 176 1784 32 184 1002 : 174 2 828 828 0 : 0 0 87 0 88 - 0 : 0.223818 2796.9 0.0 0.070522 2552.4 0.0 : 3 --c 0000 : 23 0 0.000 0.000 0 0.000 0.000 0 0.000 0.000 : 31.545913 31.547498 0.000127 31.612359 0.000138 31.614641 0.000103 31.615954 0.000092 : 31.616435 ]
[31.617s][info][gc       ] [SYSINFO 7529 191 89 0 6996 0 20 0 0 5745 : - - - - - - - - : 0 7168 : 1.72 0.86 1.37 : 278178 4215204 : 0 0 : 17 0 : 1547 2 0 263 : - 7624142848 333475840 1391411200 5939011584 199507968 93806592 : 140688591 4918040 126230 0 0 0 : 31.616673 ]
[31.617s][info][gc       ] [HUGEPAGESTAT 0 0 0 - 20840 0 0 : 612352 0 0 : 31.616673 ]
[31.617s][info][gc       ] [OBJCREAT 63666938 24908 3543040 : 31.616755 ]
[31.617s][info][gc       ] [HMSV All : 0 0 20 0 0 0 0 0 : 4932 0 0 0 : 31.616769 ]
[31.617s][info][gc       ] [HMSP 9 : 41100 0 : 31.616769 ]
[31.617s][info][gc       ] [VMAC 65530 166 24 430 620 : 31.617414 ]
[31.860s][info][gc       ] [GPGC-H  2548.6 342.5 4.0 0.0 : 424.8 : 0.000 0.000 : 0.000 0.000 0.764 2.021 : 0.000 0.000 0.000 0.000 1.669 0.798 : 0.000 : 76.778 : 820 1784 32 0 : 2266 : 4608 4424 : 31.859789 : 9 Next_heuristic_check_may_be_too_late ]
[31.862s][info][safepoint] Application time: 0.2459407 seconds
[31.863s][info][safepoint] Total time for which application threads were stopped: 0.0002334 seconds, Stopping threads took: 0.0000005 seconds
[31.863s][info][gc       ] [SPS 0.000 0.004 0.005 0.009 0.001 0.001 0.000 0.197 0.026 0.233 NewGC_pause1 31.862331 ]
[31.936s][info][safepoint] Application time: 0.0730228 seconds
[31.936s][info][safepoint] Total time for which application threads were stopped: 0.0001638 seconds, Stopping threads took: 0.0000005 seconds
[31.937s][info][gc       ] [SPS 0.000 0.001 0.000 0.007 0.000 0.001 0.000 0.132 0.023 0.164 NewGC_pause2 31.935518 ]
[31.938s][info][safepoint] Application time: 0.0024303 seconds
[31.938s][info][safepoint] Total time for which application threads were stopped: 0.0001879 seconds, Stopping threads took: 0.0000007 seconds
[31.939s][info][gc       ] [SPS 0.000 0.001 0.000 0.011 0.001 0.001 0.001 0.130 0.044 0.188 NewGC_pause3 31.938136 ]
[31.940s][info][safepoint] Application time: 0.0016887 seconds
[31.941s][info][safepoint] Total time for which application threads were stopped: 0.0002169 seconds, Stopping threads took: 0.0000013 seconds
[31.941s][info][gc       ] [SPS 0.000 0.006 0.004 0.018 0.001 0.002 0.001 0.170 0.024 0.217 NewGC_pause4 31.940042 ]
[31.941s][info][gc       ] [VMAC 65530 166 24 430 620 : 31.941436 ]
[31.941s][info][gc       ] [GC New Max 80-73 : 5120 3016 2196 5120 - - 1001 56 2 2 - : 196 1784 32 184 1016 : 190 4 825 825 0 : 0 1 95 0 98 - 0 : 0.243989 2647.7 0.0 0.080098 2472.0 0.0 : 3 --c 0000 : 23 0 0.000 0.000 0 0.000 0.000 0 0.000 0.000 : 31.860424 31.862097 0.000159 31.935354 0.000073 31.937948 0.000132 31.939825 0.000151 : 31.940523 ]
[31.941s][info][gc       ] [SYSINFO 7529 191 89 0 6996 0 20 0 0 5745 : - - - - - - - - : 0 7168 : 1.72 0.86 1.37 : 278178 4215204 : 0 0 : 17 0 : 1547 2 0 263 : - 7624142848 333475840 1391411200 5939011584 199507968 93806592 : 140688591 4918570 126360 0 0 0 : 31.940798 ]
[31.941s][info][gc       ] [HUGEPAGESTAT 0 0 0 - 20840 0 0 : 612352 0 0 : 31.940798 ]
[31.941s][info][gc       ] [OBJCREAT 64504466 24908 3543040 : 31.940861 ]
[31.941s][info][gc       ] [HMSV All : 0 0 20 0 0 0 0 0 : 4932 0 0 0 : 31.940899 ]
[31.941s][info][gc       ] [HMSP 9 : 41100 0 : 31.940899 ]
[32.185s][info][gc       ] [GPGC-H  2548.6 342.5 4.0 0.0 : 424.8 : 0.000 0.000 : 0.000 0.000 0.753 2.021 : 0.000 0.000 0.000 0.000 1.647 0.798 : 0.000 : 76.004 : 856 1784 32 0 : 2266 : 4608 4424 : 32.184680 : 9 Next_heuristic_check_may_be_too_late ]
[32.187s][info][safepoint] Application time: 0.2467271 seconds
[32.187s][info][safepoint] Total time for which application threads were stopped: 0.0002678 seconds, Stopping threads took: 0.0000005 seconds
[32.188s][info][gc       ] [SPS 0.000 0.003 0.004 0.008 0.001 0.001 0.000 0.219 0.039 0.268 NewGC_pause1 32.187037 ]
[32.275s][info][safepoint] Application time: 0.0873947 seconds
[32.275s][info][safepoint] Total time for which application threads were stopped: 0.0002076 seconds, Stopping threads took: 0.0000008 seconds
[32.276s][info][gc       ] [SPS 0.000 0.001 0.000 0.012 0.001 0.001 0.001 0.092 0.101 0.208 NewGC_pause2 32.274640 ]
[32.277s][info][safepoint] Application time: 0.0020854 seconds
[32.277s][info][safepoint] Total time for which application threads were stopped: 0.0001689 seconds, Stopping threads took: 0.0000005 seconds
[32.277s][info][gc       ] [SPS 0.000 0.000 0.000 0.007 0.001 0.001 0.000 0.131 0.029 0.169 NewGC_pause3 32.276894 ]
[32.278s][info][safepoint] Application time: 0.0010292 seconds
[32.279s][info][safepoint] Total time for which application threads were stopped: 0.0002167 seconds, Stopping threads took: 0.0000005 seconds
[32.279s][info][gc       ] [SPS 0.000 0.002 0.002 0.007 0.001 0.001 0.000 0.158 0.050 0.217 NewGC_pause4 32.278140 ]
[32.279s][info][gc       ] [GC New Max 81-74 : 5120 3068 2212 5120 - - 1001 56 2 2 - : 212 1784 32 184 1068 : 210 4 858 858 0 : 0 1 105 0 106 - 0 : 0.244591 2698.4 0.0 0.093212 2295.8 0.0 : 3 --c 0000 : 23 0 0.000 0.000 0 0.000 0.000 0 0.000 0.000 : 32.185114 32.186769 0.000221 32.274432 0.000093 32.276725 0.000058 32.277923 0.000118 : 32.278326 ]
[32.279s][info][gc       ] [SYSINFO 7529 191 89 0 6996 0 20 0 0 5745 : - - - - - - - - : 0 7168 : 1.72 0.86 1.37 : 278178 4215204 : 0 0 : 17 0 : 1547 3 0 263 : - 7624142848 333475840 1391411200 5939011584 199507968 93806592 : 140688591 4919120 126360 0 0 0 : 32.278605 ]
[32.279s][info][gc       ] [HUGEPAGESTAT 0 0 0 - 20840 0 0 : 612352 0 0 : 32.278605 ]
[32.279s][info][gc       ] [OBJCREAT 65369073 24908 3543040 : 32.278659 ]
[32.279s][info][gc       ] [HMSV All : 0 0 20 0 0 0 0 0 : 4932 0 0 0 : 32.278679 ]
[32.279s][info][gc       ] [HMSP 9 : 41100 0 : 32.278679 ]
[32.279s][info][gc       ] [VMAC 65530 166 24 430 620 : 32.279322 ]
[32.522s][info][gc       ] [GPGC-H  2548.6 342.5 4.0 0.0 : 424.8 : 0.000 0.000 : 0.000 0.000 0.743 2.021 : 0.000 0.000 0.000 0.000 1.624 0.798 : 0.000 : 75.254 : 836 1784 32 0 : 2266 : 4608 4424 : 32.521748 : 9 Next_heuristic_check_may_be_too_late ]
[32.525s][info][safepoint] Application time: 0.2466732 seconds
[32.526s][info][safepoint] Total time for which application threads were stopped: 0.0002784 seconds, Stopping threads took: 0.0000008 seconds
[32.526s][info][gc       ] [SPS 0.000 0.004 0.005 0.012 0.001 0.001 0.001 0.222 0.042 0.279 NewGC_pause1 32.525092 ]
[32.603s][info][safepoint] Application time: 0.0774971 seconds
[32.603s][info][safepoint] Total time for which application threads were stopped: 0.0001356 seconds, Stopping threads took: 0.0000005 seconds
[32.604s][info][gc       ] [SPS 0.000 0.001 0.000 0.007 0.000 0.001 0.000 0.105 0.023 0.136 NewGC_pause2 32.602725 ]
[32.605s][info][safepoint] Application time: 0.0019662 seconds
[32.605s][info][safepoint] Total time for which application threads were stopped: 0.0001782 seconds, Stopping threads took: 0.0000005 seconds
[32.605s][info][gc       ] [SPS 0.000 0.000 0.000 0.008 0.001 0.001 0.000 0.143 0.026 0.178 NewGC_pause3 32.604869 ]
[32.606s][info][safepoint] Application time: 0.0010582 seconds
[32.607s][info][safepoint] Total time for which application threads were stopped: 0.0001515 seconds, Stopping threads took: 0.0000005 seconds
[32.607s][info][gc       ] [SPS 0.000 0.003 0.002 0.007 0.001 0.001 0.000 0.113 0.030 0.152 NewGC_pause4 32.606079 ]
[32.607s][info][gc       ] [GC New Max 82-75 : 5120 3064 2226 5120 - - 1001 56 2 2 - : 226 1784 32 184 1064 : 222 4 840 840 0 : 0 1 111 0 113 - 0 : 0.244048 2565.1 0.0 0.084137 2709.9 0.0 : 3 --c 0000 : 23 0 0.000 0.000 0 0.000 0.000 0 0.000 0.000 : 32.522374 32.524814 0.000202 32.602589 0.000059 32.604691 0.000080 32.605928 0.000073 : 32.606510 ]
[32.607s][info][gc       ] [SYSINFO 7529 191 89 0 6996 0 20 0 0 5745 : - - - - - - - - : 0 7168 : 1.72 0.86 1.37 : 278178 4215204 : 0 0 : 17 0 : 1547 2 0 263 : - 7624142848 333475840 1391411200 5939011584 199507968 93806592 : 140688591 4919700 126370 0 0 0 : 32.606789 ]
[32.607s][info][gc       ] [HUGEPAGESTAT 0 0 0 - 20840 0 0 : 612352 0 0 : 32.606789 ]
[32.607s][info][gc       ] [OBJCREAT 66211866 24908 3543040 : 32.606855 ]
[32.607s][info][gc       ] [HMSV All : 0 0 20 0 0 0 0 0 : 4932 0 0 0 : 32.606871 ]
[32.607s][info][gc       ] [HMSP 9 : 41100 0 : 32.606871 ]
[32.607s][info][gc       ] [VMAC 65530 166 24 430 620 : 32.607373 ]
[32.850s][info][gc       ] [GPGC-H  2548.6 342.5 4.0 0.0 : 424.8 : 0.000 0.000 : 0.000 0.000 0.733 2.021 : 0.000 0.000 0.000 0.000 1.602 0.798 : 0.000 : 74.507 : 872 1784 32 0 : 2266 : 4608 4424 : 32.849694 : 9 Next_heuristic_check_may_be_too_late ]
[32.852s][info][safepoint] Application time: 0.2460031 seconds
[32.853s][info][safepoint] Total time for which application threads were stopped: 0.0001830 seconds, Stopping threads took: 0.0000005 seconds
[32.853s][info][gc       ] [SPS 0.000 0.003 0.004 0.008 0.000 0.001 0.000 0.148 0.026 0.183 NewGC_pause1 32.852266 ]
[32.928s][info][safepoint] Application time: 0.0758056 seconds
[32.929s][info][safepoint] Total time for which application threads were stopped: 0.0001236 seconds, Stopping threads took: 0.0000005 seconds
[32.929s][info][gc       ] [SPS 0.000 0.001 0.000 0.007 0.000 0.001 0.000 0.100 0.015 0.123 NewGC_pause2 32.928195 ]
[32.930s][info][safepoint] Application time: 0.0015308 seconds
[32.930s][info][safepoint] Total time for which application threads were stopped: 0.0001448 seconds, Stopping threads took: 0.0000005 seconds
[32.930s][info][gc       ] [SPS 0.000 0.001 0.000 0.018 0.000 0.001 0.000 0.100 0.025 0.145 NewGC_pause3 32.929871 ]
[32.931s][info][safepoint] Application time: 0.0011704 seconds
[32.932s][info][safepoint] Total time for which application threads were stopped: 0.0002010 seconds, Stopping threads took: 0.0000005 seconds
[32.932s][info][gc       ] [SPS 0.000 0.003 0.002 0.007 0.001 0.001 0.000 0.166 0.026 0.201 NewGC_pause4 32.931242 ]
[32.932s][info][gc       ] [GC New Max 83-76 : 5120 3110 2236 5120 - - 1001 56 2 2 - : 236 1784 32 184 1110 : 232 4 876 876 0 : 0 1 116 0 118 - 0 : 0.243745 2658.5 0.0 0.081179 2931.8 0.0 : 3 --c 0000 : 23 0 0.000 0.000 0 0.000 0.000 0 0.000 0.000 : 32.850255 32.852083 0.000119 32.928071 0.000103 32.929726 0.000116 32.931041 0.000092 : 32.931434 ]
[32.932s][info][gc       ] [SYSINFO 7529 191 89 0 6996 0 20 0 0 5745 : - - - - - - - - : 0 7168 : 1.72 0.86 1.37 : 278178 4215204 : 0 0 : 17 0 : 1547 2 0 263 : - 7624142848 333475840 1391411200 5939011584 199507968 93806592 : 140688591 4920230 126370 0 0 0 : 32.931725 ]
[32.932s][info][gc       ] [HUGEPAGESTAT 0 0 0 - 20840 0 0 : 612352 0 0 : 32.931725 ]
[32.932s][info][gc       ] [OBJCREAT 67090724 24908 3543040 : 32.931773 ]
[32.932s][info][gc       ] [HMSV All : 0 0 20 0 0 0 0 0 : 4932 0 0 0 : 32.931791 ]
[32.932s][info][gc       ] [HMSP 9 : 41100 0 : 32.931791 ]
[32.932s][info][gc       ] [VMAC 65530 166 24 430 620 : 32.932463 ]
[33.155s][info][gc       ] [GPGC-H  2548.6 342.5 4.0 0.0 : 424.8 : 0.000 0.000 : 0.000 0.000 0.724 2.021 : 0.000 0.000 0.000 0.000 1.581 0.798 : 0.000 : 73.769 : 840 1784 32 0 : 2266 : 4608 4424 : 33.155147 : 9 Next_heuristic_check_may_be_too_late ]
[33.158s][info][safepoint] Application time: 0.2260525 seconds
[33.158s][info][safepoint] Total time for which application threads were stopped: 0.0002870 seconds, Stopping threads took: 0.0000006 seconds
[33.158s][info][gc       ] [SPS 0.000 0.003 0.003 0.007 0.001 0.001 0.000 0.253 0.025 0.287 NewGC_pause1 33.157582 ]
[33.222s][info][safepoint] Application time: 0.0638748 seconds
[33.222s][info][safepoint] Total time for which application threads were stopped: 0.0001781 seconds, Stopping threads took: 0.0000005 seconds
[33.223s][info][gc       ] [SPS 0.000 0.001 0.000 0.007 0.000 0.001 0.000 0.146 0.023 0.178 NewGC_pause2 33.221635 ]
[33.224s][info][safepoint] Application time: 0.0020166 seconds
[33.224s][info][safepoint] Total time for which application threads were stopped: 0.0001466 seconds, Stopping threads took: 0.0000005 seconds
[33.224s][info][gc       ] [SPS 0.000 0.000 0.000 0.007 0.000 0.001 0.000 0.111 0.027 0.147 NewGC_pause3 33.223798 ]
[33.225s][info][safepoint] Application time: 0.0010629 seconds
[33.226s][info][safepoint] Total time for which application threads were stopped: 0.0001692 seconds, Stopping threads took: 0.0000005 seconds
[33.226s][info][gc       ] [GC New Max 84-77 : 5120 3014 2172 5120 - - 1001 56 2 2 - : 172 1784 32 184 1014 : 168 4 844 844 0 : 0 1 84 0 86 - 0 : 0.224252 2702.3 0.0 0.069684 2497.0 0.0 : 3 --c 0000 : 23 0 0.000 0.000 0 0.000 0.000 0 0.000 0.000 : 33.155686 33.157295 0.000249 33.221457 0.000107 33.223652 0.000067 33.224861 0.000066 : 33.225370 ]
[33.226s][info][gc       ] [SYSINFO 7529 191 89 0 6996 0 20 0 0 5745 : - - - - - - - - : 0 7168 : 1.72 0.86 1.37 : 278178 4215204 : 0 0 : 17 0 : 1547 2 0 263 : - 7624142848 333475840 1391411200 5939011584 199507968 93806592 : 140688591 4920720 126370 0 0 0 : 33.225657 ]
[33.226s][info][gc       ] [HUGEPAGESTAT 0 0 0 - 20840 0 0 : 612352 0 0 : 33.225657 ]
[33.226s][info][gc       ] [OBJCREAT 67860801 24908 3543040 : 33.225705 ]
[33.226s][info][gc       ] [HMSV All : 0 0 20 0 0 0 0 0 : 4932 0 0 0 : 33.225722 ]
[33.226s][info][gc       ] [HMSP 9 : 41100 0 : 33.225722 ]
[33.226s][info][gc       ] [SPS 0.000 0.002 0.002 0.007 0.000 0.001 0.000 0.132 0.029 0.169 NewGC_pause4 33.225031 ]
[33.226s][info][gc       ] [VMAC 65530 166 24 430 620 : 33.226227 ]
[33.468s][info][gc       ] [GPGC-H  2560.9 342.5 4.0 0.0 : 424.8 : 0.000 0.000 : 0.000 0.000 0.715 2.021 : 0.000 0.000 0.000 0.000 1.562 0.798 : 0.000 : 73.094 : 818 1784 32 0 : 2266 : 4608 4424 : 33.468447 : 9 Next_heuristic_check_may_be_too_late ]
[33.471s][info][safepoint] Application time: 0.2460324 seconds
[33.472s][info][safepoint] Total time for which application threads were stopped: 0.0002295 seconds, Stopping threads took: 0.0000005 seconds
[33.472s][info][gc       ] [SPS 0.000 0.003 0.003 0.007 0.001 0.001 0.000 0.192 0.029 0.230 NewGC_pause1 33.471293 ]
[33.544s][info][safepoint] Application time: 0.0729386 seconds
[33.545s][info][safepoint] Total time for which application threads were stopped: 0.0001235 seconds, Stopping threads took: 0.0000005 seconds
[33.545s][info][gc       ] [SPS 0.000 0.001 0.000 0.008 0.000 0.001 0.000 0.093 0.020 0.124 NewGC_pause2 33.544355 ]
[33.546s][info][safepoint] Application time: 0.0017787 seconds
[33.547s][info][safepoint] Total time for which application threads were stopped: 0.0001524 seconds, Stopping threads took: 0.0000004 seconds
[33.547s][info][gc       ] [SPS 0.000 0.000 0.000 0.008 0.000 0.001 0.000 0.126 0.017 0.152 NewGC_pause3 33.546286 ]
[33.548s][info][safepoint] Application time: 0.0011783 seconds
[33.548s][info][safepoint] Total time for which application threads were stopped: 0.0000912 seconds, Stopping threads took: 0.0000005 seconds
[33.548s][info][gc       ] [SPS 0.000 0.014 0.002 0.007 0.001 0.001 0.000 0.066 0.017 0.091 NewGC_pause4 33.547556 ]
[33.548s][info][gc       ] [GC New Max 85-78 : 5120 3010 2188 5120 - - 1001 56 2 2 - : 188 1784 32 184 1010 : 184 4 824 824 0 : 0 1 92 0 94 - 0 : 0.243620 2659.9 0.0 0.078837 2435.4 0.0 : 3 --c 0000 : 23 0 0.000 0.000 0 0.000 0.000 0 0.000 0.000 : 33.468990 33.471063 0.000112 33.544232 0.000089 33.546134 0.000105 33.547465 0.000068 : 33.547827 ]
[33.548s][info][gc       ] [SYSINFO 7529 191 89 0 6996 0 20 0 0 5745 : - - - - - - - - : 0 7168 : 1.72 0.86 1.37 : 278178 4215204 : 0 0 : 17 0 : 1547 2 0 263 : - 7624142848 333475840 1391411200 5939011584 199507968 93806592 : 140688591 4921230 126390 0 0 0 : 33.548147 ]
[33.548s][info][gc       ] [HUGEPAGESTAT 0 0 0 - 20840 0 0 : 612352 0 0 : 33.548147 ]
[33.548s][info][gc       ] [OBJCREAT 68692039 24908 3543040 : 33.548223 ]
[33.548s][info][gc       ] [HMSV All : 0 0 20 0 0 0 0 0 : 4932 0 0 0 : 33.548242 ]
[33.548s][info][gc       ] [HMSP 9 : 41100 0 : 33.548242 ]
[33.549s][info][gc       ] [VMAC 65530 166 24 430 620 : 33.548805 ]
[33.810s][info][gc       ] [GPGC-H  2560.9 312.1 3.7 0.0 : 387.1 : 0.000 0.000 : 0.000 0.000 0.705 2.021 : 0.000 0.000 0.000 0.000 1.542 0.798 : 0.000 : 72.375 : 844 1784 32 0 : 2266 : 4608 4424 : 33.810409 : 9 Next_heuristic_check_may_be_too_late ]
[33.813s][info][safepoint] Application time: 0.2651985 seconds
[33.814s][info][safepoint] Total time for which application threads were stopped: 0.0002829 seconds, Stopping threads took: 0.0000005 seconds
[33.814s][info][gc       ] [SPS 0.000 0.004 0.011 0.008 0.000 0.001 0.001 0.252 0.021 0.283 NewGC_pause1 33.813038 ]
[33.825s][info][gc       ] [DEOPTSTATS 1 : 1 0 : 0 0 : 0 0 : 0 0 : 0 12 : 0 0 : 0 0 : 0 0 : 0 0 : 0 0 : 0 0 : 0 0 : 0 0 : 0 0 : 0 0 : 0 0 : 0 0 : 0 0 : 0 0 : 0 0 : 0 0 : 0 0 : 0 0 : 0 0 : 0 0 : 0 0 : 0 0 : 0 0 : 0 0 : 0 0 : 5 0 : 0 0 : 0 0 : 0 0 : 0 0 : 0 0 : 0 0 : 0 0 : 0 0 : 0 0 : 0 0 : 0 0 ]
[33.825s][info][gc       ] [DEOPTSTATS 2 : 0 0 : 0 0 : 0 0 : 0 0 : 0 0 : 0 0 : 0 12 : 0 0 : 0 0 : 0 0 : 0 0 : 0 0 : 0 0 : 0 0 : 0 0 : 0 0 : 0 0 : 0 0 : 0 0 : 0 0 : 0 1 : 0 0 : 0 0 : 0 0 : 0 0 : 0 0 : 0 0 : 0 0 : 0 0 : 0 0 : 4 0 : 0 0 : 0 0 : 0 0 : 0 1 : 0 0 : 0 0 : 0 0 : 0 0 : 0 5 : 0 0 : 0 0 ]
[33.888s][info][safepoint] Application time: 0.0745440 seconds
[33.888s][info][safepoint] Total time for which application threads were stopped: 0.0001875 seconds, Stopping threads took: 0.0000005 seconds
[33.889s][info][gc       ] [SPS 0.000 0.001 0.000 0.008 0.000 0.001 0.000 0.151 0.027 0.188 NewGC_pause2 33.887769 ]
[33.890s][info][safepoint] Application time: 0.0018917 seconds
[33.890s][info][safepoint] Total time for which application threads were stopped: 0.0001391 seconds, Stopping threads took: 0.0000005 seconds
[33.890s][info][gc       ] [SPS 0.000 0.000 0.000 0.007 0.000 0.001 0.000 0.103 0.027 0.139 NewGC_pause3 33.889800 ]
[33.891s][info][safepoint] Application time: 0.0011475 seconds
[33.891s][info][safepoint] Total time for which application threads were stopped: 0.0001805 seconds, Stopping threads took: 0.0000005 seconds
[33.892s][info][gc       ] [SPS 0.000 0.003 0.002 0.008 0.001 0.001 0.000 0.141 0.030 0.181 NewGC_pause4 33.891128 ]
[33.892s][info][gc       ] [GC New Max 86-79 : 5120 2980 2136 5120 - - 1001 56 2 2 - : 136 1784 32 184 980 : 132 4 846 846 0 : 0 1 66 0 68 - 0 : 0.263178 2492.6 0.0 0.080420 1716.0 0.0 : 3 --c 0000 : 23 0 0.000 0.000 0 0.000 0.000 0 0.000 0.000 : 33.811004 33.812755 0.000252 33.887582 0.000113 33.889661 0.000054 33.890948 0.000086 : 33.891424 ]
[33.892s][info][gc       ] [SYSINFO 7529 191 89 0 6996 0 20 0 0 5745 : - - - - - - - - : 0 7168 : 1.72 0.86 1.37 : 278178 4215204 : 0 0 : 17 0 : 1547 4 0 263 : - 7624142848 333475840 1391411200 5939011584 199507968 93806592 : 140688591 4921850 126440 0 0 0 : 33.891958 ]
[33.892s][info][gc       ] [HUGEPAGESTAT 0 0 0 - 20840 0 0 : 612352 0 0 : 33.891958 ]
[33.892s][info][gc       ] [OBJCREAT 69477876 24908 3543040 : 33.892060 ]
[33.892s][info][gc       ] [HMSV All : 0 0 20 0 0 0 0 0 : 4932 0 0 0 : 33.892081 ]
[33.892s][info][gc       ] [HMSP 9 : 41100 0 : 33.892081 ]
[33.893s][info][gc       ] [VMAC 65530 166 24 430 620 : 33.892661 ]
[34.014s][info][gc       ] [GPGC-H  2560.9 312.1 3.7 0.0 : 387.1 : 0.000 0.000 : 0.000 0.000 0.696 2.021 : 0.000 0.000 0.000 0.000 1.521 0.798 : 0.000 : 71.603 : 822 1784 32 0 : 2266 : 4608 4424 : 34.013769 : 9 Next_heuristic_check_may_be_too_late ]
[34.017s][info][safepoint] Application time: 0.1252745 seconds
[34.017s][info][safepoint] Total time for which application threads were stopped: 0.0002630 seconds, Stopping threads took: 0.0000005 seconds
[34.018s][info][gc       ] [SPS 0.000 0.004 0.003 0.008 0.001 0.001 0.000 0.225 0.029 0.263 NewGC_pause1 34.016666 ]
[34.380s][info][safepoint] Application time: 0.3636172 seconds
[34.381s][info][safepoint] Total time for which application threads were stopped: 0.0001747 seconds, Stopping threads took: 0.0000007 seconds
[34.382s][info][gc       ] [SPS 0.000 0.001 0.000 0.011 0.001 0.001 0.001 0.081 0.081 0.175 NewGC_pause2 34.380458 ]
[34.383s][info][safepoint] Application time: 0.0021915 seconds
[34.383s][info][safepoint] Total time for which application threads were stopped: 0.0001521 seconds, Stopping threads took: 0.0000006 seconds
[34.384s][info][gc       ] [SPS 0.000 0.000 0.000 0.010 0.001 0.001 0.001 0.103 0.038 0.152 NewGC_pause3 34.382802 ]
[34.385s][info][safepoint] Application time: 0.0015961 seconds
[34.385s][info][safepoint] Total time for which application threads were stopped: 0.0001026 seconds, Stopping threads took: 0.0000006 seconds
[34.386s][info][gc       ] [SPS 0.000 0.003 0.002 0.008 0.001 0.001 0.000 0.074 0.019 0.103 NewGC_pause4 34.384501 ]
[34.385s][info][gc       ] [GC New Max 87-80 : 5120 4488 4122 5120 - - 1001 56 2 2 - : 2122 1784 32 184 2488 : 2112 13 374 374 0 : 0 2 823 0 916 - 145 : 0.123083 5622.2 0.0 0.370625 4484.3 0.0 : 3 --c 0000 : 23 0 0.000 0.000 0 0.000 0.000 0 0.000 0.000 : 34.014507 34.016403 0.000142 34.380283 0.000072 34.382650 0.000100 34.384398 0.000076 : 34.385132 ]
[34.385s][info][gc       ] [SYSINFO 7529 191 89 0 6996 0 20 0 0 5745 : - - - - - - - - : 0 7168 : 1.90 0.92 1.38 : 278178 4215204 : 0 0 : 17 0 : 1547 3 0 263 : - 7624142848 333475840 1391411200 5939011584 199507968 93806592 : 140688591 4923080 126540 0 0 0 : 34.385397 ]
[34.385s][info][gc       ] [HUGEPAGESTAT 0 0 0 - 20840 0 0 : 612352 0 0 : 34.385397 ]
[34.385s][info][gc       ] [OBJCREAT 71808568 24908 3543040 : 34.385446 ]
[34.385s][info][gc       ] [HMSV All : 0 0 30 0 0 0 0 0 : 4932 0 0 0 : 34.385476 ]
[34.385s][info][gc       ] [HMSP 9 : 41100 0 : 34.385476 ]
[34.387s][info][gc       ] [GPGC-H  2560.9 312.1 3.7 0.0 : 387.1 : 0.000 0.000 : 0.000 0.000 0.688 2.021 : 0.000 0.000 0.000 0.000 1.493 0.798 : 0.000 : 75.070 : 2126 1784 32 0 : 2266 : 4608 4424 : 34.386674 : 9 Next_heuristic_check_may_be_too_late ]
[34.386s][info][gc       ] [VMAC 65530 166 24 430 620 : 34.386052 ]
[34.390s][info][safepoint] Application time: 0.0051934 seconds
[34.390s][info][safepoint] Total time for which application threads were stopped: 0.0002756 seconds, Stopping threads took: 0.0000005 seconds
[34.391s][info][gc       ] [SPS 0.000 0.003 0.002 0.009 0.000 0.001 0.001 0.231 0.034 0.276 NewGC_pause1 34.389970 ]
[35.113s][info][safepoint] Application time: 0.7224241 seconds
[35.113s][info][safepoint] Total time for which application threads were stopped: 0.0001984 seconds, Stopping threads took: 0.0000006 seconds
[35.113s][info][gc       ] [SPS 0.000 0.001 0.000 0.009 0.001 0.001 0.001 0.160 0.027 0.198 NewGC_pause2 35.112593 ]
[35.115s][info][safepoint] Application time: 0.0018885 seconds
[35.115s][info][safepoint] Total time for which application threads were stopped: 0.0001533 seconds, Stopping threads took: 0.0000004 seconds
[35.115s][info][gc       ] [SPS 0.000 0.000 0.000 0.007 0.000 0.001 0.000 0.117 0.027 0.153 NewGC_pause3 35.114634 ]
[35.138s][info][safepoint] Application time: 0.0227295 seconds
[35.138s][info][safepoint] Total time for which application threads were stopped: 0.0002350 seconds, Stopping threads took: 0.0000004 seconds
[35.138s][info][gc       ] [SPS 0.000 0.021 0.005 0.008 0.000 0.001 0.000 0.183 0.042 0.235 NewGC_pause4 35.137599 ]
[35.266s][info][gc       ] [DEOPTSTATS 1 : 1 0 : 0 0 : 0 0 : 0 0 : 0 12 : 0 0 : 0 0 : 0 0 : 0 0 : 0 0 : 0 0 : 0 0 : 0 0 : 0 0 : 0 0 : 0 0 : 0 0 : 0 0 : 0 0 : 0 0 : 0 0 : 0 0 : 0 0 : 0 0 : 0 0 : 0 0 : 0 0 : 0 0 : 0 0 : 0 0 : 6 0 : 0 0 : 0 0 : 0 0 : 0 0 : 0 0 : 0 0 : 0 0 : 0 0 : 0 0 : 0 0 : 0 0 ]
[35.266s][info][gc       ] [DEOPTSTATS 2 : 0 0 : 0 0 : 0 0 : 0 0 : 0 0 : 0 0 : 0 13 : 0 0 : 0 0 : 0 0 : 0 0 : 0 0 : 0 0 : 0 0 : 0 0 : 0 0 : 0 0 : 0 0 : 0 0 : 0 0 : 0 1 : 0 0 : 0 0 : 0 0 : 0 0 : 0 0 : 0 0 : 0 0 : 0 0 : 0 0 : 4 0 : 0 0 : 0 0 : 0 0 : 0 1 : 0 0 : 0 0 : 0 0 : 0 0 : 0 5 : 0 0 : 0 0 ]
[35.321s][info][gc       ] [GC New Max 88-81 : 5120 4898 4742 5120 - - 1001 56 2 2 - : 2740 1784 32 184 2898 : 2528 8 361 361 93 : 0 307 383 0 1316 - 55 : 0.002011 2983.8 0.0 0.933081 943.1 0.0 : 3 --c 0000 : 23 9073 0.000 0.000 0 0.000 0.000 9073 0.000 0.000 : 34.387143 34.389694 0.000211 35.112394 0.000093 35.114481 0.000074 35.137364 0.000135 : 35.320224 ]
[35.321s][info][gc       ] [SYSINFO 7529 191 89 0 6996 0 20 0 0 5745 : - - - - - - - - : 0 7168 : 1.90 0.92 1.38 : 278178 4215204 : 0 0 : 17 0 : 1547 4 0 263 : - 7624142848 333475840 1391411200 5939011584 199507968 93806592 : 140688591 4927500 126600 0 0 0 : 35.320511 ]
[35.321s][info][gc       ] [HUGEPAGESTAT 0 0 0 - 20840 0 0 : 612352 0 0 : 35.320511 ]
[35.321s][info][gc       ] [OBJCREAT 72697483 24908 3543040 : 35.320566 ]
[35.321s][info][gc       ] [HMSV All : 0 0 30 0 0 0 0 0 : 4932 0 0 0 : 35.320588 ]
[35.321s][info][gc       ] [HMSP 9 : 41100 0 : 35.320588 ]
[35.321s][info][gc       ] [VMAC 65530 166 24 430 620 : 35.321102 ]
[35.321s][info][gc       ] [GPGC-H  2809.6 312.1 3.7 0.0 : 387.1 : 0.000 0.000 : 0.000 0.000 0.933 2.021 : 0.000 0.000 0.000 0.000 1.493 0.798 : 0.000 : 99.785 : 2746 1784 32 0 : 2266 : 4608 4424 : 35.321282 : 3 Heap_use_exceeded_committed ]
[35.329s][info][safepoint] Application time: 0.1907037 seconds
[35.329s][info][safepoint] Total time for which application threads were stopped: 0.0004387 seconds, Stopping threads took: 0.0000006 seconds
[35.329s][info][gc       ] [SPS 0.000 0.001 0.005 0.011 0.001 0.001 0.001 0.385 0.040 0.439 NewGC_pause1 35.328742 ]
[36.067s][info][safepoint] Application time: 0.7378478 seconds
[36.067s][info][safepoint] Total time for which application threads were stopped: 0.0001693 seconds, Stopping threads took: 0.0000004 seconds
[36.068s][info][gc       ] [SPS 0.000 0.001 0.000 0.007 0.000 0.001 0.000 0.135 0.025 0.169 NewGC_pause2 36.066759 ]
[36.069s][info][safepoint] Application time: 0.0019268 seconds
[36.069s][info][safepoint] Total time for which application threads were stopped: 0.0001995 seconds, Stopping threads took: 0.0000007 seconds
[36.069s][info][gc       ] [SPS 0.000 0.000 0.000 0.028 0.001 0.001 0.000 0.121 0.049 0.200 NewGC_pause3 36.068886 ]
[36.072s][info][safepoint] Application time: 0.0024902 seconds
[36.072s][info][safepoint] Total time for which application threads were stopped: 0.0008786 seconds, Stopping threads took: 0.0000006 seconds
[36.073s][info][gc       ] [SPS 0.000 0.001 0.000 0.011 0.001 0.001 0.000 0.806 0.061 0.879 OldGC_pause2 36.072255 ]
[36.076s][info][safepoint] Application time: 0.0033674 seconds
[36.076s][info][safepoint] Total time for which application threads were stopped: 0.0001787 seconds, Stopping threads took: 0.0000005 seconds
[36.076s][info][gc       ] [SPS 0.000 0.000 0.000 0.008 0.000 0.001 0.000 0.127 0.043 0.179 OldGC_pause3 36.075801 ]
[36.082s][info][safepoint] Application time: 0.0055505 seconds
[36.082s][info][safepoint] Total time for which application threads were stopped: 0.0001418 seconds, Stopping threads took: 0.0000005 seconds
[36.082s][info][gc       ] [SPS 0.000 4.434 0.004 0.008 0.001 0.001 0.000 0.109 0.023 0.142 NewGC_pause4 36.081493 ]
[36.105s][info][gc       ] [GC NTO Max 89-82 : 5120 4958 4138 5120 - - 1001 56 2 2 - : 2136 1784 34 184 2956 : 1970 7 978 978 0 : 0 47 103 0 1013 - 55 : 0.001635 4894.3 0.0 0.782930 362.7 2.6 : 3 --c 0000 : 23 6463 0.000 0.001 0 0.000 0.000 6463 0.000 0.001 : 35.321858 35.328303 0.000348 36.066590 0.000099 36.068686 0.000077 36.081351 0.000113 : 36.104789 ]
[36.105s][info][gc       ] [SYSINFO 7529 191 89 0 6996 0 20 0 0 5745 : - - - - - - - - : 0 7168 : 1.90 0.92 1.38 : 278178 4215260 : 0 0 : 17 0 : 1547 5 0 263 : - 7624278016 333475840 1391546368 5939011584 199507968 93806592 : 140688591 4931630 126680 0 0 0 : 36.105086 ]
[36.105s][info][gc       ] [HUGEPAGESTAT 0 0 0 - 20840 0 0 : 612352 0 0 : 36.105086 ]
[36.105s][info][gc       ] [OBJCREAT 72991076 24976 3543040 : 36.105148 ]
[36.105s][info][gc       ] [HMSV All : 0 0 30 0 0 0 0 0 : 4956 0 0 0 : 36.105167 ]
[36.105s][info][gc       ] [HMSP 9 : 41100 0 : 36.105167 ]
[36.106s][info][gc       ] [GPGC-H  2732.9 280.7 3.3 0.0 : 348.1 : 0.000 0.000 : 0.000 0.000 0.928 2.021 : 0.000 0.000 0.000 0.000 1.493 0.798 : 0.000 : 99.792 : 2138 1784 34 0 : 2266 : 4608 4424 : 36.105696 : 8 May_exceed_heap_occupancy_target ]
[36.106s][info][gc       ] [VMAC 65530 166 24 430 620 : 36.105980 ]
[36.113s][info][safepoint] Application time: 0.0314030 seconds
[36.113s][info][safepoint] Total time for which application threads were stopped: 0.0002856 seconds, Stopping threads took: 0.0000005 seconds
[36.114s][info][gc       ] [SPS 0.000 0.039 0.005 0.008 0.000 0.001 0.000 0.245 0.031 0.286 NewGC_pause1 36.113182 ]
[36.873s][info][safepoint] Application time: 0.7598965 seconds
[36.874s][info][safepoint] Total time for which application threads were stopped: 0.0001591 seconds, Stopping threads took: 0.0000005 seconds
[36.874s][info][gc       ] [SPS 0.000 0.001 0.000 0.009 0.001 0.001 0.001 0.132 0.016 0.159 NewGC_pause2 36.873238 ]
[36.875s][info][safepoint] Application time: 0.0016441 seconds
[36.875s][info][safepoint] Total time for which application threads were stopped: 0.0001520 seconds, Stopping threads took: 0.0000005 seconds
[36.875s][info][gc       ] [SPS 0.000 0.001 0.000 0.008 0.000 0.001 0.000 0.125 0.017 0.152 NewGC_pause3 36.875034 ]
[36.900s][info][safepoint] Application time: 0.0252849 seconds
[36.901s][info][safepoint] Total time for which application threads were stopped: 0.0001501 seconds, Stopping threads took: 0.0000007 seconds
[36.901s][info][gc       ] [SPS 0.000 0.004 0.006 0.010 0.001 0.001 0.001 0.107 0.031 0.150 NewGC_pause4 36.900469 ]
[37.207s][info][gc       ] [GC New Max 91-83 : 5120 4904 4800 5120 - - 1009 56 2 2 - : 2146 2436 34 184 2902 : 2510 2 386 386 50 : 326 0 373 0 1018 - 55 : 0.005458 2931.3 0.0 1.096656 888.2 0.0 : 3 --c 0000 : 23 9601 0.000 0.001 0 0.000 0.000 9601 0.000 0.001 : 36.110247 36.112896 0.000210 36.873079 0.000139 36.874882 0.000131 36.900319 0.000077 : 37.206903 ]
[37.207s][info][gc       ] [SYSINFO 7538 191 89 0 7004 0 20 0 0 5745 : - - - - - - - - : 0 7168 : 1.90 0.92 1.38 : 278178 4215260 : 0 0 : 17 0 : 1547 4 0 263 : - 7633199104 333475840 1400467456 5939011584 199507968 93806592 : 140688591 4937660 126790 0 0 0 : 37.207189 ]
[37.207s][info][gc       ] [HUGEPAGESTAT 0 0 0 - 20840 0 0 : 612352 0 0 : 37.207189 ]
[37.207s][info][gc       ] [OBJCREAT 73981855 24976 4177920 : 37.207249 ]
[37.207s][info][gc       ] [HMSV All : 0 0 30 0 0 0 0 0 : 4956 0 0 0 : 37.207272 ]
[37.207s][info][gc       ] [HMSP 9 : 41100 0 : 37.207272 ]
[37.208s][info][gc       ] [VMAC 65530 166 24 430 620 : 37.207860 ]
[37.208s][info][gc       ] [GPGC-H  2710.1 280.7 3.3 0.0 : 348.1 : 0.000 0.000 : 0.000 0.000 0.971 2.021 : 0.000 0.000 0.000 0.000 1.787 0.798 : 0.000 : 99.958 : 2150 2436 34 0 : 2266 : 4608 4424 : 37.208337 : 3 Heap_use_exceeded_committed ]
[37.211s][info][safepoint] Application time: 0.3100346 seconds
[37.211s][info][safepoint] Total time for which application threads were stopped: 0.0001620 seconds, Stopping threads took: 0.0000005 seconds
[37.211s][info][gc       ] [SPS 0.000 0.002 0.005 0.009 0.000 0.001 0.000 0.123 0.028 0.162 OldGC_pause4 37.210666 ]
[37.212s][info][gc       ] [GC Old Max 90-8 : 5120 4958 3036 5120 - - 1009 56 2 2 - : 2158 664 30 184 2472 : 680 18 1774 1774 0 : 0 5 327 0 347 - 0 : 11.509459 0.0 0.2 1.887883 328.4 1.1 : 1 --c 0000 : 23   -    -    -    -    -    -    -    -    -  : 35.323522 35.328303 0.000348 36.071376 0.000809 36.075622 0.000055 37.210504 0.000078 : 37.211405 ]
[37.212s][info][gc       ] [SYSINFO 7538 191 89 0 7004 0 20 0 0 5745 : - - - - - - - - : 0 7168 : 1.90 0.92 1.38 : 278178 4215260 : 0 0 : 17 0 : 1547 4 0 263 : - 7633199104 333475840 1400467456 5939011584 199507968 93806592 : 140688591 4937690 126800 0 0 0 : 37.211807 ]
[37.212s][info][gc       ] [HUGEPAGESTAT 0 0 0 - 20840 0 0 : 612352 0 0 : 37.211807 ]
[37.212s][info][gc       ] [OBJCREAT 73991767 24976 4177920 : 37.211885 ]
[37.212s][info][gc       ] [HMSV All : 0 0 30 0 0 0 0 0 : 4956 0 0 0 : 37.211909 ]
[37.212s][info][gc       ] [HMSP 9 : 41100 0 : 37.211909 ]
[37.212s][info][gc       ] [COMPSTATS 1 : 5 0 : 1 0 : 0 0 : 514 4 0 0 0 0 : 0 0 0 0 0 0 : 188 191 21 : 518 0 0 0 0 0 0 : 518 0 0 0 0 0 0 ]
[37.212s][info][gc       ] [COMPSTATS 2 : 5 2 : 2 2 : 0 0 : 133 9 0 0 0 0 : 0 0 0 0 0 0 : 45100 45158 10930 : 76 38 28 0 0 0 0 : 17 102 17 2 2 0 0 ]
[37.212s][info][gc       ] [DEOPTSTATS 1 : 1 0 : 0 0 : 0 0 : 0 0 : 0 12 : 0 0 : 0 0 : 0 0 : 0 0 : 0 0 : 0 0 : 0 0 : 0 0 : 0 0 : 0 0 : 0 0 : 0 0 : 0 0 : 0 0 : 0 0 : 0 0 : 0 0 : 0 0 : 0 0 : 0 0 : 0 0 : 0 0 : 0 0 : 0 0 : 0 0 : 6 0 : 0 0 : 0 0 : 0 0 : 0 0 : 0 0 : 0 0 : 0 0 : 0 0 : 0 0 : 0 0 : 0 0 ]
[37.212s][info][gc       ] [DEOPTSTATS 2 : 0 0 : 0 0 : 0 0 : 0 0 : 0 0 : 0 0 : 0 13 : 0 0 : 0 0 : 0 0 : 0 0 : 0 0 : 0 0 : 0 0 : 0 0 : 0 0 : 0 0 : 0 0 : 0 0 : 0 0 : 0 1 : 0 0 : 0 0 : 0 0 : 0 0 : 0 0 : 0 0 : 0 0 : 0 0 : 0 0 : 4 0 : 0 0 : 0 0 : 0 0 : 0 1 : 0 0 : 0 0 : 0 0 : 0 0 : 0 5 : 0 0 : 0 0 ]
[37.212s][info][gc       ] [VMAC 65530 166 24 430 620 : 37.212412 ]
[37.213s][info][gc       ] [CCF 0 0 0 0 36 229376: 2842112 : 380 196608 : 3 49152 : 317 311808 :  506 612352 : 116 290304 : 0 0 : 14 1146880 : 1 2048]
[37.215s][info][safepoint] Application time: 0.0044599 seconds
[37.216s][info][safepoint] Total time for which application threads were stopped: 0.0002450 seconds, Stopping threads took: 0.0000005 seconds
[37.216s][info][gc       ] [SPS 0.000 0.135 0.002 0.007 0.000 0.001 0.000 0.217 0.019 0.245 NewGC_pause1 37.215371 ]
[37.730s][info][safepoint] Application time: 0.5143028 seconds
[37.730s][info][safepoint] Total time for which application threads were stopped: 0.0001099 seconds, Stopping threads took: 0.0000006 seconds
[37.731s][info][gc       ] [SPS 0.000 0.001 0.000 0.010 0.001 0.001 0.001 0.071 0.027 0.110 NewGC_pause2 37.729784 ]
[37.732s][info][safepoint] Application time: 0.0016587 seconds
[37.732s][info][safepoint] Total time for which application threads were stopped: 0.0001089 seconds, Stopping threads took: 0.0000005 seconds
[37.732s][info][gc       ] [SPS 0.000 0.000 0.000 0.009 0.001 0.001 0.000 0.081 0.017 0.109 NewGC_pause3 37.731551 ]
[37.752s][info][safepoint] Application time: 0.0201005 seconds
[37.752s][info][safepoint] Total time for which application threads were stopped: 0.0001629 seconds, Stopping threads took: 0.0000005 seconds
[37.752s][info][gc       ] [SPS 0.000 0.003 0.005 0.008 0.000 0.001 0.000 0.125 0.028 0.163 NewGC_pause4 37.751815 ]
[38.157s][info][gc       ] [GC New Max 92-84 : 5120 4808 4144 5120 - - 1009 56 2 2 - : 2514 1416 30 184 3212 : 2169 5 1038 1038 16 : 376 0 523 0 1257 - 0 : 0.005350 2617.1 0.0 0.944126 2251.8 0.0 : 3 --c 0000 : 23 1 0.000 0.000 0 0.000 0.000 1 0.000 0.000 : 37.212253 37.215126 0.000221 37.729674 0.000063 37.731442 0.000085 37.751652 0.000078 : 38.156379 ]
[38.157s][info][gc       ] [SYSINFO 7538 191 89 0 7004 0 20 0 0 5745 : - - - - - - - - : 0 7168 : 1.90 0.92 1.38 : 278178 4215260 : 0 0 : 17 0 : 1547 4 0 263 : - 7633334272 333475840 1400602624 5939011584 199507968 93806592 : 140688591 4943060 126930 0 0 0 : 38.156736 ]
[38.157s][info][gc       ] [HUGEPAGESTAT 0 0 0 - 20840 0 0 : 612352 0 0 : 38.156736 ]
[38.157s][info][gc       ] [OBJCREAT 76102848 24976 4947968 : 38.156798 ]
[38.157s][info][gc       ] [HMSV All : 0 0 30 0 0 0 0 0 : 4956 0 0 0 : 38.156820 ]
[38.157s][info][gc       ] [HMSP 9 : 41100 0 : 38.156820 ]
[38.158s][info][gc       ] [VMAC 65530 166 24 430 620 : 38.157891 ]
[38.158s][info][gc       ] [GPGC-H  2710.1 668.5 3.0 0.0 : 316.6 : 0.000 0.000 : 0.000 0.000 0.961 1.959 : 0.000 0.000 0.000 0.000 2.247 0.798 : 0.000 : 99.949 : 2518 1416 30 0 : 2266 : 4608 4424 : 38.157910 : 8 May_exceed_heap_occupancy_target ]
[38.165s][info][safepoint] Application time: 0.4128225 seconds
[38.165s][info][safepoint] Total time for which application threads were stopped: 0.0003225 seconds, Stopping threads took: 0.0000005 seconds
[38.166s][info][gc       ] [SPS 0.000 0.001 0.005 0.009 0.000 0.001 0.000 0.284 0.028 0.322 NewGC_pause1 38.164960 ]
[38.479s][info][safepoint] Application time: 0.3136799 seconds
[38.479s][info][safepoint] Total time for which application threads were stopped: 0.0001189 seconds, Stopping threads took: 0.0000004 seconds
[38.479s][info][gc       ] [SPS 0.000 0.001 0.000 0.007 0.000 0.001 0.000 0.096 0.014 0.119 NewGC_pause2 38.478759 ]
[38.480s][info][safepoint] Application time: 0.0015322 seconds
[38.481s][info][safepoint] Total time for which application threads were stopped: 0.0000979 seconds, Stopping threads took: 0.0000005 seconds
[38.481s][info][gc       ] [SPS 0.000 0.001 0.000 0.034 0.000 0.001 0.000 0.048 0.015 0.098 NewGC_pause3 38.480389 ]
[38.501s][info][safepoint] Application time: 0.0206332 seconds
[38.502s][info][safepoint] Total time for which application threads were stopped: 0.0000892 seconds, Stopping threads took: 0.0000005 seconds
[38.502s][info][gc       ] [SPS 0.000 0.044 0.006 0.008 0.001 0.001 0.000 0.059 0.020 0.089 NewGC_pause4 38.501112 ]
[38.735s][info][gc       ] [GC NTO Max 93-85 : 5120 4744 3190 5120 - - 1010 56 2 2 - : 1228 1748 30 184 3114 : 953 5 2160 2160 1 : 166 0 289 0 614 - 0 : 0.002498 3202.0 0.0 0.576218 2068.7 0.0 : 3 --c 0000 : 23 1086 0.000 0.000 0 0.000 0.000 1086 0.000 0.000 : 38.158878 38.164638 0.000210 38.478640 0.000101 38.480291 0.000078 38.501023 0.000064 : 38.735095 ]
[38.735s][info][gc       ] [SYSINFO 7539 191 89 0 7005 0 20 0 0 5745 : - - - - - - - - : 0 7168 : 1.90 0.92 1.38 : 278178 4215260 : 0 0 : 17 0 : 1547 5 0 263 : - 7634415616 333475840 1401683968 5939011584 199507968 93806592 : 140688591 4946970 127150 0 0 0 : 38.735432 ]
[38.735s][info][gc       ] [HUGEPAGESTAT 0 0 0 - 20840 0 0 : 612352 0 0 : 38.735432 ]
[38.735s][info][gc       ] [OBJCREAT 77289783 25040 5261312 : 38.735495 ]
[38.736s][info][gc       ] [HMSV All : 0 0 30 0 0 0 0 0 : 4956 0 0 0 : 38.735516 ]
[38.736s][info][gc       ] [HMSP 9 : 41100 0 : 38.735516 ]
[38.736s][info][gc       ] [GPGC-H  2693.3 668.5 3.0 0.0 : 316.6 : 0.000 0.000 : 0.000 0.000 0.946 1.959 : 0.000 0.000 0.000 0.000 2.247 0.798 : 0.000 : 99.939 : 1230 1748 30 0 : 2266 : 4608 4424 : 38.736390 : 8 May_exceed_heap_occupancy_target ]
[38.736s][info][gc       ] [VMAC 65530 166 24 430 620 : 38.736127 ]
[38.743s][info][safepoint] Application time: 0.2420351 seconds
[38.744s][info][safepoint] Total time for which application threads were stopped: 0.0002959 seconds, Stopping threads took: 0.0000005 seconds
[38.744s][info][gc       ] [SPS 0.000 0.043 0.006 0.009 0.001 0.001 0.000 0.246 0.039 0.296 NewGC_pause1 38.743443 ]
[38.929s][info][safepoint] Application time: 0.1856497 seconds
[38.930s][info][safepoint] Total time for which application threads were stopped: 0.0001486 seconds, Stopping threads took: 0.0000006 seconds
[38.930s][info][gc       ] [SPS 0.000 0.001 0.000 0.011 0.001 0.001 0.009 0.101 0.026 0.149 NewGC_pause2 38.929241 ]
[38.932s][info][safepoint] Application time: 0.0021784 seconds
[38.932s][info][safepoint] Total time for which application threads were stopped: 0.0001344 seconds, Stopping threads took: 0.0000008 seconds
[38.932s][info][gc       ] [SPS 0.000 0.001 0.000 0.012 0.001 0.001 0.001 0.096 0.025 0.135 NewGC_pause3 38.931554 ]
[38.940s][info][safepoint] Application time: 0.0081477 seconds
[38.940s][info][safepoint] Total time for which application threads were stopped: 0.0001395 seconds, Stopping threads took: 0.0000005 seconds
[38.941s][info][gc       ] [SPS 0.000 0.063 0.007 0.009 0.001 0.001 0.000 0.110 0.018 0.139 NewGC_pause4 38.939842 ]
[38.993s][info][gc       ] [GC New Max 95-86 : 5120 3656 2586 5120 - - 1010 56 2 2 - : 576 1796 30 184 1694 : 497 4 1194 1194 0 : 24 1 225 0 288 - 0 : 0.005852 2050.7 0.0 0.252229 2291.6 0.0 : 3 --c 0000 : 23 0 0.000 0.000 0 0.000 0.000 0 0.000 0.000 : 38.740947 38.743147 0.000184 38.929093 0.000078 38.931420 0.000068 38.939702 0.000117 : 38.993176 ]
[38.994s][info][gc       ] [SYSINFO 7539 191 89 0 7005 0 20 0 0 5745 : - - - - - - - - : 0 7168 : 1.90 0.92 1.38 : 278178 4215260 : 0 0 : 17 0 : 1547 5 0 263 : - 7634550784 333475840 1401819136 5939011584 199507968 93806592 : 140688591 4948660 127270 0 0 0 : 38.993453 ]
[38.994s][info][gc       ] [HUGEPAGESTAT 0 0 0 - 20840 0 0 : 612352 0 0 : 38.993453 ]
[38.994s][info][gc       ] [OBJCREAT 77873074 25040 5310464 : 38.993513 ]
[38.994s][info][gc       ] [HMSV All : 0 0 30 0 0 0 0 0 : 4956 0 0 0 : 38.993539 ]
[38.994s][info][gc       ] [HMSP 9 : 41100 0 : 38.993539 ]
[38.994s][info][gc       ] [VMAC 65530 166 24 430 620 : 38.994067 ]
[39.216s][info][gc       ] [GPGC-H  2693.3 668.5 3.0 0.0 : 316.6 : 0.000 0.000 : 0.000 0.000 0.935 1.959 : 0.000 0.000 0.000 0.000 2.244 0.798 : 0.000 : 99.932 : 1082 1796 30 0 : 2266 : 4608 4424 : 39.215832 : 8 May_exceed_heap_occupancy_target ]
[39.219s][info][safepoint] Application time: 0.2784220 seconds
[39.219s][info][safepoint] Total time for which application threads were stopped: 0.0002825 seconds, Stopping threads took: 0.0000005 seconds
[39.219s][info][gc       ] [SPS 0.000 0.042 0.003 0.008 0.001 0.001 0.000 0.244 0.028 0.283 NewGC_pause1 39.218547 ]
[39.321s][info][safepoint] Application time: 0.1022001 seconds
[39.321s][info][safepoint] Total time for which application threads were stopped: 0.0001699 seconds, Stopping threads took: 0.0000006 seconds
[39.322s][info][gc       ] [SPS 0.001 0.001 0.000 0.009 0.001 0.001 0.000 0.118 0.041 0.170 NewGC_pause2 39.320917 ]
[39.322s][info][safepoint] Application time: 0.0014002 seconds
[39.323s][info][safepoint] Total time for which application threads were stopped: 0.0001698 seconds, Stopping threads took: 0.0000004 seconds
[39.323s][info][gc       ] [SPS 0.000 0.000 0.000 0.007 0.000 0.001 0.000 0.134 0.027 0.170 NewGC_pause3 39.322487 ]
[39.324s][info][safepoint] Application time: 0.0012953 seconds
[39.324s][info][safepoint] Total time for which application threads were stopped: 0.0001747 seconds, Stopping threads took: 0.0000005 seconds
[39.324s][info][gc       ] [SPS 0.000 0.088 0.003 0.007 0.001 0.001 0.000 0.139 0.027 0.175 NewGC_pause4 39.323957 ]
[39.325s][info][gc       ] [GC New Max 96-87 : 5120 3340 2258 5120 - - 1012 56 2 2 - : 246 1796 32 184 1328 : 242 4 1086 1086 0 : 0 1 121 0 123 - 0 : 0.223131 2276.7 0.0 0.107809 2300.4 18.6 : 3 --c 0000 : 23 0 0.000 0.000 0 0.000 0.000 0 0.000 0.000 : 39.216306 39.218264 0.000208 39.320747 0.000060 39.322317 0.000100 39.323782 0.000104 : 39.324115 ]
[39.325s][info][gc       ] [SYSINFO 7541 191 89 0 7007 0 20 0 0 5745 : - - - - - - - - : 0 7168 : 2.07 0.97 1.39 : 278178 4215260 : 0 0 : 17 0 : 1547 4 0 263 : - 7636172800 333475840 1403441152 5939011584 199507968 93806592 : 140688591 4950230 127400 0 0 0 : 39.324470 ]
[39.325s][info][gc       ] [HUGEPAGESTAT 0 0 0 - 20840 0 0 : 612352 0 0 : 39.324470 ]
[39.325s][info][gc       ] [OBJCREAT 78620556 25040 5310464 : 39.324535 ]
[39.325s][info][gc       ] [HMSV All : 0 0 30 0 0 0 0 0 : 4956 0 0 0 : 39.324553 ]
[39.325s][info][gc       ] [HMSP 9 : 41100 0 : 39.324553 ]
[39.325s][info][gc       ] [VMAC 65530 166 24 430 620 : 39.325452 ]
[39.485s][info][safepoint] Application time: 0.1605191 seconds
[39.486s][info][safepoint] Total time for which application threads were stopped: 0.0010019 seconds, Stopping threads took: 0.0000005 seconds
[39.486s][info][gc       ] [SPS 0.000 0.001 0.000 0.008 0.001 0.001 0.000 0.950 0.042 1.002 OldGC_pause2 39.485478 ]
[39.489s][info][safepoint] Application time: 0.0030932 seconds
[39.489s][info][safepoint] Total time for which application threads were stopped: 0.0001181 seconds, Stopping threads took: 0.0000006 seconds
[39.489s][info][gc       ] [SPS 0.000 0.001 0.000 0.009 0.001 0.001 0.000 0.084 0.024 0.118 OldGC_pause3 39.488690 ]
[39.503s][info][safepoint] Application time: 0.0136543 seconds
[39.503s][info][safepoint] Total time for which application threads were stopped: 0.0001745 seconds, Stopping threads took: 0.0000004 seconds
[39.503s][info][gc       ] [SPS 0.000 0.002 0.002 0.007 0.000 0.001 0.000 0.139 0.027 0.175 OldGC_pause4 39.502519 ]
[39.517s][info][gc       ] [GC Old Max 94-9 : 5120 4744 2678 5120 - - 1012 56 2 2 - : 682 1784 28 184 1834 : 1803 13 3 3 0 : 0 8 191 0 851 - 55 : 0.949670 791.9 0.0 1.355365 261.2 1.5 : 1 --c 0000 : 23   -    -    -    -    -    -    -    -    -  : 38.161075 38.164638 0.000210 39.484476 0.000899 39.488571 0.000084 39.502344 0.000090 : 39.516440 ]
[39.517s][info][gc       ] [SYSINFO 7542 191 89 0 7007 0 20 0 0 5745 : - - - - - - - - : 0 7168 : 2.07 0.97 1.39 : 278178 4215260 : 0 0 : 17 0 : 1547 3 0 263 : - 7636713472 333475840 1403981824 5939011584 199507968 93806592 : 140688591 4950800 127490 0 0 0 : 39.516744 ]
[39.517s][info][gc       ] [HUGEPAGESTAT 0 0 0 - 20840 0 0 : 612352 0 0 : 39.516744 ]
[39.517s][info][gc       ] [OBJCREAT 79054666 25040 5310464 : 39.516826 ]
[39.517s][info][gc       ] [HMSV All : 0 0 30 0 0 0 0 0 : 4956 0 0 0 : 39.516843 ]
[39.517s][info][gc       ] [HMSP 9 : 41100 0 : 39.516843 ]
[39.517s][info][gc       ] [COMPSTATS 1 : 5 0 : 1 0 : 0 0 : 514 4 0 0 0 0 : 0 0 0 0 0 0 : 188 191 21 : 518 0 0 0 0 0 0 : 518 0 0 0 0 0 0 ]
[39.517s][info][gc       ] [COMPSTATS 2 : 5 1 : 2 1 : 0 0 : 133 9 0 0 0 0 : 0 0 0 0 0 0 : 50009 50068 10930 : 76 38 28 0 0 0 0 : 17 102 17 3 2 0 0 ]
[39.517s][info][gc       ] [DEOPTSTATS 1 : 1 0 : 0 0 : 0 0 : 0 0 : 0 12 : 0 0 : 0 0 : 0 0 : 0 0 : 0 0 : 0 0 : 0 0 : 0 0 : 0 0 : 0 0 : 0 0 : 0 0 : 0 0 : 0 0 : 0 0 : 0 0 : 0 0 : 0 0 : 0 0 : 0 0 : 0 0 : 0 0 : 0 0 : 0 0 : 0 0 : 6 0 : 0 0 : 0 0 : 0 0 : 0 0 : 0 0 : 0 0 : 0 0 : 0 0 : 0 0 : 0 0 : 0 0 ]
[39.517s][info][gc       ] [DEOPTSTATS 2 : 0 0 : 0 0 : 0 0 : 0 0 : 0 0 : 0 0 : 0 13 : 0 0 : 0 0 : 0 0 : 0 0 : 0 0 : 0 0 : 0 0 : 0 0 : 0 0 : 0 0 : 0 0 : 0 0 : 0 0 : 0 1 : 0 0 : 0 0 : 0 0 : 0 0 : 0 0 : 0 0 : 0 0 : 0 0 : 0 0 : 4 0 : 0 0 : 0 0 : 0 0 : 0 1 : 0 0 : 0 0 : 0 0 : 0 0 : 0 5 : 0 0 : 0 0 ]
[39.518s][info][gc       ] [CCF 0 0 0 0 36 229376: 2882560 : 380 196608 : 3 49152 : 317 311808 :  506 612352 : 117 330752 : 0 0 : 14 1146880 : 1 2048]
[39.517s][info][gc       ] [VMAC 65530 166 24 430 620 : 39.517374 ]
[39.587s][info][gc       ] [GPGC-H  2693.3 668.5 3.0 0.0 : 316.6 : 0.000 0.000 : 0.000 0.000 0.923 1.898 : 0.000 0.000 0.000 0.000 2.235 0.875 : 0.000 : 98.909 : 886 1784 28 0 : 2266 : 4608 4424 : 39.587435 : 9 Next_heuristic_check_may_be_too_late ]
[39.590s][info][safepoint] Application time: 0.0872662 seconds
[39.590s][info][safepoint] Total time for which application threads were stopped: 0.0004119 seconds, Stopping threads took: 0.0000005 seconds
[39.591s][info][gc       ] [SPS 0.000 0.003 0.005 0.008 0.001 0.001 0.000 0.372 0.030 0.412 NewGC_pause1 39.590197 ]
[39.659s][info][safepoint] Application time: 0.0690072 seconds
[39.660s][info][safepoint] Total time for which application threads were stopped: 0.0000863 seconds, Stopping threads took: 0.0000005 seconds
[39.660s][info][gc       ] [SPS 0.000 0.020 0.000 0.008 0.001 0.001 0.000 0.058 0.018 0.086 NewGC_pause2 39.659290 ]
[39.661s][info][safepoint] Application time: 0.0018883 seconds
[39.662s][info][safepoint] Total time for which application threads were stopped: 0.0002087 seconds, Stopping threads took: 0.0000005 seconds
[39.662s][info][gc       ] [SPS 0.000 0.000 0.000 0.008 0.001 0.001 0.000 0.153 0.046 0.209 NewGC_pause3 39.661387 ]
[39.662s][info][safepoint] Application time: 0.0008790 seconds
[39.663s][info][safepoint] Total time for which application threads were stopped: 0.0001443 seconds, Stopping threads took: 0.0000005 seconds
[39.663s][info][gc       ] [SPS 0.000 0.003 0.002 0.007 0.000 0.001 0.000 0.109 0.027 0.144 NewGC_pause4 39.662411 ]
[39.663s][info][gc       ] [GC New Max 97-88 : 5120 3034 2146 5120 - - 1012 56 2 2 - : 150 1784 28 184 1038 : 146 4 891 891 0 : 0 1 73 0 75 - 0 : 0.263897 2432.8 0.0 0.074636 2036.5 0.0 : 3 --c 0000 : 23 0 0.000 0.000 0 0.000 0.000 0 0.000 0.000 : 39.588012 39.589785 0.000333 39.659204 0.000056 39.661179 0.000102 39.662267 0.000072 : 39.662649 ]
[39.663s][info][gc       ] [SYSINFO 7542 191 89 0 7007 0 20 0 0 5745 : - - - - - - - - : 0 7168 : 2.07 0.97 1.39 : 278178 4215260 : 0 0 : 17 0 : 1547 4 0 263 : - 7636713472 333475840 1403981824 5939011584 199507968 93806592 : 140688591 4951300 127620 0 0 0 : 39.662918 ]
[39.663s][info][gc       ] [HUGEPAGESTAT 0 0 0 - 20840 0 0 : 612352 0 0 : 39.662918 ]
[39.663s][info][gc       ] [OBJCREAT 79406524 25040 5310464 : 39.662971 ]
[39.663s][info][gc       ] [HMSV All : 0 0 30 0 0 0 0 0 : 4956 0 0 0 : 39.662988 ]
[39.663s][info][gc       ] [HMSP 9 : 41100 0 : 39.662988 ]
[39.664s][info][gc       ] [VMAC 65530 166 24 430 620 : 39.663524 ]
[39.905s][info][gc       ] [GPGC-H  2693.3 668.5 3.0 0.0 : 316.6 : 0.000 0.000 : 0.000 0.000 0.909 1.898 : 0.000 0.000 0.000 0.000 2.216 0.875 : 0.000 : 97.716 : 816 1784 28 0 : 2266 : 4608 4424 : 39.905497 : 9 Next_heuristic_check_may_be_too_late ]
[39.908s][info][safepoint] Application time: 0.2454552 seconds
[39.909s][info][safepoint] Total time for which application threads were stopped: 0.0004219 seconds, Stopping threads took: 0.0000005 seconds
[39.909s][info][gc       ] [SPS 0.001 0.013 0.005 0.008 0.001 0.001 0.000 0.381 0.031 0.422 NewGC_pause1 39.908288 ]
[39.971s][info][safepoint] Application time: 0.0625276 seconds
[39.972s][info][safepoint] Total time for which application threads were stopped: 0.0001548 seconds, Stopping threads took: 0.0000005 seconds
[39.972s][info][gc       ] [SPS 0.000 0.001 0.000 0.008 0.000 0.001 0.000 0.119 0.026 0.155 NewGC_pause2 39.970971 ]
[39.973s][info][safepoint] Application time: 0.0023307 seconds
[39.974s][info][safepoint] Total time for which application threads were stopped: 0.0001506 seconds, Stopping threads took: 0.0000005 seconds
[39.974s][info][gc       ] [SPS 0.000 0.000 0.000 0.008 0.001 0.001 0.000 0.113 0.028 0.151 NewGC_pause3 39.973452 ]
[39.975s][info][safepoint] Application time: 0.0014552 seconds
[39.975s][info][safepoint] Total time for which application threads were stopped: 0.0001608 seconds, Stopping threads took: 0.0000005 seconds
[39.976s][info][gc       ] [SPS 0.000 0.003 0.002 0.008 0.001 0.001 0.000 0.123 0.029 0.161 NewGC_pause4 39.975068 ]
[39.976s][info][gc       ] [GC New Max 98-89 : 5120 2968 2150 5120 - - 1035 56 2 2 - : 154 1784 28 184 972 : 150 4 821 821 0 : 0 1 75 0 77 - 0 : 0.243458 2743.8 0.0 0.069246 2252.8 0.0 : 3 --c 0000 : 23 0 0.000 0.000 0 0.000 0.000 0 0.000 0.000 : 39.906107 39.907866 0.000335 39.970816 0.000056 39.973302 0.000060 39.974908 0.000129 : 39.975353 ]
[39.976s][info][gc       ] [SYSINFO 7565 191 89 0 7030 0 20 0 0 5745 : - - - - - - - - : 0 7168 : 2.07 0.97 1.39 : 278178 4215260 : 0 0 : 17 0 : 1547 4 0 263 : - 7661043712 333475840 1428312064 5939011584 199507968 93806592 : 140688591 4952080 127730 0 0 0 : 39.975804 ]
[39.976s][info][gc       ] [HUGEPAGESTAT 0 0 0 - 20840 0 0 : 612352 0 0 : 39.975804 ]
[39.976s][info][gc       ] [OBJCREAT 80224285 25040 5310464 : 39.975893 ]
[39.976s][info][gc       ] [HMSV All : 0 0 30 0 0 0 0 0 : 4956 0 0 0 : 39.975913 ]
[39.976s][info][gc       ] [HMSP 9 : 41100 0 : 39.975913 ]
[39.977s][info][gc       ] [VMAC 65530 166 24 430 620 : 39.976533 ]
[40.198s][info][gc       ] [GPGC-H  2693.3 624.6 2.7 0.0 : 288.4 : 0.000 0.000 : 0.000 0.000 0.897 1.898 : 0.000 0.000 0.000 0.000 2.192 0.875 : 0.000 : 96.632 : 780 1784 28 0 : 2266 : 4608 4424 : 40.198112 : 9 Next_heuristic_check_may_be_too_late ]
[40.201s][info][safepoint] Application time: 0.2252002 seconds
[40.201s][info][safepoint] Total time for which application threads were stopped: 0.0002681 seconds, Stopping threads took: 0.0000005 seconds
[40.202s][info][gc       ] [SPS 0.000 0.003 0.004 0.008 0.000 0.001 0.000 0.220 0.039 0.268 NewGC_pause1 40.200537 ]
[40.269s][info][safepoint] Application time: 0.0686976 seconds
[40.270s][info][safepoint] Total time for which application threads were stopped: 0.0001821 seconds, Stopping threads took: 0.0000005 seconds
[40.271s][info][gc       ] [SPS 0.000 0.001 0.000 0.007 0.000 0.001 0.001 0.150 0.023 0.182 NewGC_pause2 40.269417 ]
[40.272s][info][safepoint] Application time: 0.0022906 seconds
[40.272s][info][safepoint] Total time for which application threads were stopped: 0.0000763 seconds, Stopping threads took: 0.0000006 seconds
[40.272s][info][gc       ] [SPS 0.000 0.000 0.000 0.009 0.001 0.001 0.000 0.048 0.018 0.076 NewGC_pause3 40.271784 ]
[40.273s][info][safepoint] Application time: 0.0010019 seconds
[40.273s][info][safepoint] Total time for which application threads were stopped: 0.0002044 seconds, Stopping threads took: 0.0000005 seconds
[40.274s][info][gc       ] [SPS 0.000 0.003 0.002 0.008 0.000 0.001 0.000 0.150 0.045 0.205 NewGC_pause4 40.272990 ]
[40.274s][info][gc       ] [GC New Max 99-90 : 5120 2926 2144 5120 - - 1035 56 2 2 - : 148 1784 28 184 930 : 144 4 784 784 0 : 0 1 72 0 74 - 0 : 0.223296 2812.4 0.0 0.074696 2008.1 0.0 : 3 --c 0000 : 23 0 0.000 0.000 0 0.000 0.000 0 0.000 0.000 : 40.198649 40.200269 0.000220 40.269235 0.000110 40.271707 0.000050 40.272786 0.000081 : 40.273345 ]
[40.274s][info][gc       ] [SYSINFO 7565 191 89 0 7030 0 20 0 0 5745 : - - - - - - - - : 0 7168 : 2.07 0.97 1.39 : 278178 4215260 : 0 0 : 17 0 : 1547 3 0 263 : - 7661043712 333475840 1428312064 5939011584 199507968 93806592 : 140688591 4952870 127900 0 0 0 : 40.273716 ]
[40.274s][info][gc       ] [HUGEPAGESTAT 0 0 0 - 20840 0 0 : 612352 0 0 : 40.273716 ]
[40.274s][info][gc       ] [OBJCREAT 80994313 25040 5310464 : 40.273814 ]
[40.274s][info][gc       ] [HMSV All : 0 0 30 0 0 0 0 0 : 4956 0 0 0 : 40.273839 ]
[40.274s][info][gc       ] [HMSP 9 : 41100 0 : 40.273839 ]
[40.274s][info][gc       ] [VMAC 65530 166 24 430 620 : 40.274375 ]
[40.516s][info][gc       ] [GPGC-H  2664.2 624.6 2.7 0.0 : 288.4 : 0.000 0.000 : 0.000 0.000 0.886 1.898 : 0.000 0.000 0.000 0.000 2.166 0.875 : 0.000 : 95.653 : 816 1784 28 0 : 2266 : 4608 4424 : 40.516347 : 9 Next_heuristic_check_may_be_too_late ]
[40.519s][info][safepoint] Application time: 0.2454932 seconds
[40.519s][info][safepoint] Total time for which application threads were stopped: 0.0002349 seconds, Stopping threads took: 0.0000005 seconds
[40.520s][info][gc       ] [SPS 0.000 0.003 0.002 0.008 0.000 0.001 0.000 0.209 0.016 0.235 NewGC_pause1 40.518719 ]
[40.584s][info][safepoint] Application time: 0.0654724 seconds
[40.585s][info][safepoint] Total time for which application threads were stopped: 0.0000978 seconds, Stopping threads took: 0.0000006 seconds
[40.585s][info][gc       ] [SPS 0.000 0.001 0.000 0.010 0.001 0.001 0.001 0.061 0.024 0.097 NewGC_pause2 40.584289 ]
[40.586s][info][safepoint] Application time: 0.0017089 seconds
[40.586s][info][safepoint] Total time for which application threads were stopped: 0.0001840 seconds, Stopping threads took: 0.0000005 seconds
[40.587s][info][gc       ] [SPS 0.000 0.001 0.000 0.008 0.000 0.001 0.000 0.150 0.024 0.184 NewGC_pause3 40.586182 ]
[40.588s][info][safepoint] Application time: 0.0011511 seconds
[40.588s][info][safepoint] Total time for which application threads were stopped: 0.0001649 seconds, Stopping threads took: 0.0000006 seconds
[40.588s][info][gc       ] [SPS 0.000 0.003 0.002 0.009 0.001 0.001 0.000 0.129 0.026 0.165 NewGC_pause4 40.587498 ]
[40.588s][info][gc       ] [GC New Max 100-91 : 5120 2954 2138 5120 - - 1036 56 2 2 - : 142 1784 28 184 958 : 136 4 820 820 0 : 0 1 68 0 71 - 0 : 0.243479 2751.8 0.0 0.071361 2017.9 0.0 : 3 --c 0000 : 23 0 0.000 0.000 0 0.000 0.000 0 0.000 0.000 : 40.516823 40.518484 0.000213 40.584192 0.000060 40.585998 0.000073 40.587333 0.000110 : 40.588184 ]
[40.588s][info][gc       ] [SYSINFO 7565 191 89 0 7030 0 20 0 0 5745 : - - - - - - - - : 0 7168 : 2.07 0.97 1.39 : 278178 4215260 : 0 0 : 17 0 : 1547 3 0 263 : - 7661043712 333475840 1428312064 5939011584 199507968 93806592 : 140688591 4953660 128030 0 0 0 : 40.588446 ]
[40.588s][info][gc       ] [HUGEPAGESTAT 0 0 0 - 20840 0 0 : 612352 0 0 : 40.588446 ]
[40.588s][info][gc       ] [OBJCREAT 81799939 25040 5310464 : 40.588497 ]
[40.589s][info][gc       ] [HMSV All : 0 0 30 0 0 0 0 0 : 4956 0 0 0 : 40.588513 ]
[40.589s][info][gc       ] [HMSP 9 : 41100 0 : 40.588513 ]
[40.590s][info][gc       ] [VMAC 65530 166 24 430 620 : 40.589511 ]
[40.831s][info][gc       ] [GPGC-H  2664.2 624.6 2.7 0.0 : 288.4 : 0.000 0.000 : 0.000 0.000 0.874 1.898 : 0.000 0.000 0.000 0.000 2.137 0.875 : 0.000 : 94.599 : 812 1784 28 0 : 2266 : 4608 4424 : 40.830967 : 9 Next_heuristic_check_may_be_too_late ]
[40.834s][info][safepoint] Application time: 0.2457300 seconds
[40.834s][info][safepoint] Total time for which application threads were stopped: 0.0003769 seconds, Stopping threads took: 0.0000005 seconds
[40.834s][info][gc       ] [SPS 0.000 0.005 0.003 0.009 0.001 0.001 0.001 0.338 0.029 0.377 NewGC_pause1 40.833606 ]
[40.903s][info][safepoint] Application time: 0.0687363 seconds
[40.903s][info][safepoint] Total time for which application threads were stopped: 0.0002475 seconds, Stopping threads took: 0.0000006 seconds
[40.904s][info][gc       ] [SPS 0.000 0.001 0.000 0.010 0.001 0.001 0.001 0.186 0.049 0.247 NewGC_pause2 40.902590 ]
[40.905s][info][safepoint] Application time: 0.0018532 seconds
[40.905s][info][safepoint] Total time for which application threads were stopped: 0.0001993 seconds, Stopping threads took: 0.0000005 seconds
[40.905s][info][gc       ] [SPS 0.000 0.001 0.000 0.009 0.001 0.001 0.000 0.150 0.039 0.199 NewGC_pause3 40.904642 ]
[40.906s][info][safepoint] Application time: 0.0011369 seconds
[40.906s][info][safepoint] Total time for which application threads were stopped: 0.0001450 seconds, Stopping threads took: 0.0000005 seconds
[40.907s][info][gc       ] [GC New Max 101-92 : 5120 2982 2170 5120 - - 1036 56 2 2 - : 174 1784 28 184 986 : 170 4 815 815 0 : 0 1 85 0 87 - 0 : 0.243273 2762.3 0.0 0.074671 2330.2 0.0 : 3 --c 0000 : 23 0 0.000 0.000 0 0.000 0.000 0 0.000 0.000 : 40.831457 40.833229 0.000288 40.902342 0.000094 40.904443 0.000086 40.905779 0.000056 : 40.906129 ]
[40.907s][info][gc       ] [SYSINFO 7566 191 89 0 7031 0 20 0 0 5745 : - - - - - - - - : 0 7168 : 2.07 0.97 1.39 : 278178 4215260 : 0 0 : 17 0 : 1547 3 0 263 : - 7661449216 333475840 1428717568 5939011584 199507968 93806592 : 140688591 4954520 128130 0 0 0 : 40.906541 ]
[40.907s][info][gc       ] [HUGEPAGESTAT 0 0 0 - 20840 0 0 : 612352 0 0 : 40.906541 ]
[40.907s][info][gc       ] [OBJCREAT 82636109 25040 5310464 : 40.906638 ]
[40.907s][info][gc       ] [HMSV All : 0 0 30 0 0 0 0 0 : 4956 0 0 0 : 40.906668 ]
[40.907s][info][gc       ] [HMSP 9 : 41100 0 : 40.906668 ]
[40.907s][info][gc       ] [SPS 0.000 0.003 0.002 0.007 0.000 0.001 0.000 0.106 0.030 0.145 NewGC_pause4 40.905924 ]
[40.907s][info][gc       ] [VMAC 65530 166 24 430 620 : 40.907268 ]
[41.129s][info][gc       ] [GPGC-H  2664.2 624.6 2.7 0.0 : 288.4 : 0.000 0.000 : 0.000 0.000 0.863 1.898 : 0.000 0.000 0.000 0.000 2.108 0.875 : 0.000 : 93.562 : 800 1784 28 0 : 2266 : 4608 4424 : 41.128938 : 9 Next_heuristic_check_may_be_too_late ]
[41.131s][info][safepoint] Application time: 0.2251418 seconds
[41.132s][info][safepoint] Total time for which application threads were stopped: 0.0003808 seconds, Stopping threads took: 0.0000006 seconds
[41.132s][info][gc       ] [SPS 0.000 0.004 0.004 0.008 0.001 0.001 0.000 0.328 0.042 0.381 NewGC_pause1 41.131447 ]
[41.198s][info][safepoint] Application time: 0.0658831 seconds
[41.198s][info][safepoint] Total time for which application threads were stopped: 0.0001739 seconds, Stopping threads took: 0.0000005 seconds
[41.198s][info][gc       ] [SPS 0.000 0.001 0.000 0.008 0.000 0.001 0.000 0.127 0.037 0.174 NewGC_pause2 41.197504 ]
[41.199s][info][safepoint] Application time: 0.0017450 seconds
[41.200s][info][safepoint] Total time for which application threads were stopped: 0.0000893 seconds, Stopping threads took: 0.0000005 seconds
[41.200s][info][gc       ] [SPS 0.000 0.001 0.000 0.008 0.001 0.001 0.000 0.056 0.024 0.089 NewGC_pause3 41.199339 ]
[41.201s][info][safepoint] Application time: 0.0010661 seconds
[41.201s][info][safepoint] Total time for which application threads were stopped: 0.0002005 seconds, Stopping threads took: 0.0000005 seconds
[41.201s][info][gc       ] [SPS 0.000 0.003 0.002 0.008 0.001 0.001 0.000 0.166 0.025 0.201 NewGC_pause4 41.200605 ]
[41.201s][info][gc       ] [GC New Max 102-93 : 5120 2960 2156 5120 - - 1036 56 2 2 - : 160 1784 28 184 964 : 158 2 806 806 0 : 0 0 79 0 80 - 0 : 0.223240 2813.1 0.0 0.071437 2295.7 0.0 : 3 --c 0000 : 23 0 0.000 0.000 0 0.000 0.000 0 0.000 0.000 : 41.129369 41.131066 0.000280 41.197330 0.000086 41.199249 0.000053 41.200405 0.000135 : 41.200805 ]
[41.201s][info][gc       ] [SYSINFO 7566 191 89 0 7031 0 20 0 0 5745 : - - - - - - - - : 0 7168 : 2.07 0.97 1.39 : 278178 4215260 : 0 0 : 17 0 : 1547 3 0 263 : - 7661449216 333475840 1428717568 5939011584 199507968 93806592 : 140688591 4955270 128210 0 0 0 : 41.201107 ]
[41.201s][info][gc       ] [HUGEPAGESTAT 0 0 0 - 20840 0 0 : 612352 0 0 : 41.201107 ]
[41.201s][info][gc       ] [OBJCREAT 83419179 25040 5310464 : 41.201159 ]
[41.201s][info][gc       ] [HMSV All : 0 0 30 0 0 0 0 0 : 4956 0 0 0 : 41.201178 ]
[41.201s][info][gc       ] [HMSP 9 : 41100 0 : 41.201178 ]
[41.202s][info][gc       ] [VMAC 65530 166 24 430 620 : 41.201795 ]
[41.423s][info][gc       ] [GPGC-H  2664.2 624.6 2.7 0.0 : 288.4 : 0.000 0.000 : 0.000 0.000 0.852 1.898 : 0.000 0.000 0.000 0.000 2.082 0.875 : 0.000 : 92.625 : 792 1784 28 0 : 2266 : 4608 4424 : 41.423366 : 9 Next_heuristic_check_may_be_too_late ]
[41.426s][info][safepoint] Application time: 0.2248315 seconds
[41.426s][info][safepoint] Total time for which application threads were stopped: 0.0002179 seconds, Stopping threads took: 0.0000005 seconds
[41.427s][info][gc       ] [SPS 0.000 0.003 0.003 0.007 0.001 0.001 0.000 0.181 0.027 0.218 NewGC_pause1 41.425655 ]
[41.494s][info][safepoint] Application time: 0.0685398 seconds
[41.495s][info][safepoint] Total time for which application threads were stopped: 0.0001134 seconds, Stopping threads took: 0.0000005 seconds
[41.495s][info][gc       ] [SPS 0.000 0.001 0.000 0.009 0.001 0.001 0.000 0.085 0.017 0.113 NewGC_pause2 41.494308 ]
[41.496s][info][safepoint] Application time: 0.0017931 seconds
[41.497s][info][safepoint] Total time for which application threads were stopped: 0.0001908 seconds, Stopping threads took: 0.0000005 seconds
[41.497s][info][gc       ] [SPS 0.000 0.000 0.000 0.007 0.000 0.001 0.000 0.155 0.027 0.191 NewGC_pause3 41.496292 ]
[41.498s][info][safepoint] Application time: 0.0011997 seconds
[41.498s][info][safepoint] Total time for which application threads were stopped: 0.0001379 seconds, Stopping threads took: 0.0000005 seconds
[41.498s][info][gc       ] [SPS 0.000 0.003 0.002 0.007 0.000 0.001 0.000 0.110 0.019 0.138 NewGC_pause4 41.497630 ]
[41.498s][info][gc       ] [GC New Max 103-94 : 5120 2940 2148 5120 - - 1036 56 2 2 - : 152 1784 28 184 944 : 148 4 796 796 0 : 0 1 74 0 76 - 0 : 0.223013 2842.9 0.0 0.074248 2074.1 0.0 : 3 --c 0000 : 23 0 0.000 0.000 0 0.000 0.000 0 0.000 0.000 : 41.423819 41.425437 0.000174 41.494195 0.000087 41.496101 0.000089 41.497492 0.000113 : 41.498066 ]
[41.498s][info][gc       ] [SYSINFO 7566 191 89 0 7031 0 20 0 0 5745 : - - - - - - - - : 0 7168 : 2.07 0.97 1.39 : 278178 4215260 : 0 0 : 17 0 : 1547 5 0 263 : - 7661449216 333475840 1428717568 5939011584 199507968 93806592 : 140688591 4956030 128320 0 0 0 : 41.498400 ]
[41.498s][info][gc       ] [HUGEPAGESTAT 0 0 0 - 20840 0 0 : 612352 0 0 : 41.498400 ]
[41.498s][info][gc       ] [OBJCREAT 84198785 25040 5310464 : 41.498454 ]
[41.498s][info][gc       ] [HMSV All : 0 0 30 0 0 0 0 0 : 4956 0 0 0 : 41.498471 ]
[41.498s][info][gc       ] [HMSP 9 : 41100 0 : 41.498471 ]
[41.499s][info][gc       ] [VMAC 65530 166 24 430 620 : 41.499110 ]
[41.721s][info][gc       ] [GPGC-H  2664.2 624.6 2.7 0.0 : 288.4 : 0.000 0.000 : 0.000 0.000 0.841 1.898 : 0.000 0.000 0.000 0.000 2.056 0.875 : 0.000 : 91.702 : 778 1784 28 0 : 2266 : 4608 4424 : 41.720751 : 9 Next_heuristic_check_may_be_too_late ]
[41.724s][info][safepoint] Application time: 0.2255339 seconds
[41.724s][info][safepoint] Total time for which application threads were stopped: 0.0004613 seconds, Stopping threads took: 0.0000005 seconds
[41.724s][info][gc       ] [SPS 0.000 0.003 0.003 0.008 0.001 0.001 0.000 0.417 0.035 0.461 NewGC_pause1 41.723626 ]
[41.790s][info][safepoint] Application time: 0.0664287 seconds
[41.791s][info][safepoint] Total time for which application threads were stopped: 0.0001726 seconds, Stopping threads took: 0.0000005 seconds
[41.791s][info][gc       ] [SPS 0.000 0.001 0.000 0.007 0.000 0.001 0.000 0.140 0.023 0.173 NewGC_pause2 41.790227 ]
[41.793s][info][safepoint] Application time: 0.0025159 seconds
[41.793s][info][safepoint] Total time for which application threads were stopped: 0.0001537 seconds, Stopping threads took: 0.0000005 seconds
[41.794s][info][gc       ] [SPS 0.000 0.000 0.000 0.008 0.000 0.001 0.000 0.121 0.024 0.154 NewGC_pause3 41.792897 ]
[41.794s][info][safepoint] Application time: 0.0012843 seconds
[41.795s][info][safepoint] Total time for which application threads were stopped: 0.0002053 seconds, Stopping threads took: 0.0000005 seconds
[41.795s][info][gc       ] [SPS 0.000 0.003 0.002 0.007 0.000 0.001 0.000 0.144 0.053 0.205 NewGC_pause4 41.794387 ]
[41.795s][info][gc       ] [GC New Max 104-95 : 5120 2912 2132 5120 - - 1041 56 2 2 - : 136 1784 28 184 916 : 132 4 782 782 0 : 0 1 66 0 68 - 0 : 0.223326 2812.0 0.0 0.073341 1881.6 0.0 : 3 --c 0000 : 23 0 0.000 0.000 0 0.000 0.000 0 0.000 0.000 : 41.721393 41.723164 0.000376 41.790054 0.000102 41.792743 0.000073 41.794181 0.000106 : 41.794734 ]
[41.795s][info][gc       ] [SYSINFO 7571 191 89 0 7036 0 20 0 0 5745 : - - - - - - - - : 0 7168 : 2.07 0.97 1.39 : 278178 4215260 : 0 0 : 17 0 : 1547 4 0 263 : - 7667126272 333475840 1434394624 5939011584 199507968 93806592 : 140688591 4956820 128470 0 0 0 : 41.794971 ]
[41.795s][info][gc       ] [HUGEPAGESTAT 0 0 0 - 20840 0 0 : 612352 0 0 : 41.794971 ]
[41.795s][info][gc       ] [OBJCREAT 84956900 25040 5310464 : 41.795036 ]
[41.795s][info][gc       ] [HMSV All : 0 0 30 0 0 0 0 0 : 4956 0 0 0 : 41.795053 ]
[41.795s][info][gc       ] [HMSP 9 : 41100 0 : 41.795053 ]
[41.796s][info][gc       ] [VMAC 65530 166 24 430 620 : 41.795621 ]
[42.019s][info][gc       ] [GPGC-H  2664.2 624.6 2.7 0.0 : 288.4 : 0.000 0.000 : 0.000 0.000 0.831 1.898 : 0.000 0.000 0.000 0.000 2.030 0.875 : 0.000 : 90.790 : 778 1784 28 0 : 2266 : 4608 4424 : 42.018511 : 9 Next_heuristic_check_may_be_too_late ]
[42.021s][info][safepoint] Application time: 0.2264164 seconds
[42.022s][info][safepoint] Total time for which application threads were stopped: 0.0003982 seconds, Stopping threads took: 0.0000005 seconds
[42.022s][info][gc       ] [SPS 0.000 0.003 0.002 0.008 0.001 0.001 0.000 0.360 0.028 0.398 NewGC_pause1 42.021202 ]
[42.087s][info][safepoint] Application time: 0.0652889 seconds
[42.087s][info][safepoint] Total time for which application threads were stopped: 0.0001894 seconds, Stopping threads took: 0.0000005 seconds
[42.088s][info][gc       ] [SPS 0.000 0.001 0.000 0.007 0.000 0.001 0.000 0.158 0.023 0.189 NewGC_pause2 42.086680 ]
[42.089s][info][safepoint] Application time: 0.0023030 seconds
[42.089s][info][safepoint] Total time for which application threads were stopped: 0.0000735 seconds, Stopping threads took: 0.0000005 seconds
[42.090s][info][gc       ] [SPS 0.000 0.000 0.000 0.007 0.000 0.001 0.000 0.048 0.017 0.074 NewGC_pause3 42.089057 ]
[42.090s][info][safepoint] Application time: 0.0011549 seconds
[42.091s][info][safepoint] Total time for which application threads were stopped: 0.0001881 seconds, Stopping threads took: 0.0000005 seconds
[42.091s][info][gc       ] [SPS 0.000 0.003 0.012 0.008 0.001 0.001 0.000 0.153 0.026 0.188 NewGC_pause4 42.090400 ]
[42.091s][info][gc       ] [GC New Max 105-96 : 5120 2938 2156 5120 - - 1041 56 2 2 - : 160 1784 28 184 942 : 158 4 782 782 0 : 0 1 79 0 80 - 0 : 0.224410 2869.7 0.0 0.071467 2266.8 0.0 : 3 --c 0000 : 23 0 0.000 0.000 0 0.000 0.000 0 0.000 0.000 : 42.019144 42.020803 0.000314 42.086491 0.000106 42.088983 0.000051 42.090212 0.000086 : 42.090611 ]
[42.091s][info][gc       ] [SYSINFO 7571 191 89 0 7036 0 20 0 0 5745 : - - - - - - - - : 0 7168 : 2.07 0.97 1.39 : 278178 4215260 : 0 0 : 17 0 : 1547 3 0 263 : - 7667126272 333475840 1434394624 5939011584 199507968 93806592 : 140688591 4957590 128590 0 0 0 : 42.091007 ]
[42.091s][info][gc       ] [HUGEPAGESTAT 0 0 0 - 20840 0 0 : 612352 0 0 : 42.091007 ]
[42.091s][info][gc       ] [OBJCREAT 85756100 25040 5310464 : 42.091105 ]
[42.091s][info][gc       ] [HMSV All : 0 0 30 0 0 0 0 0 : 4956 0 0 0 : 42.091129 ]
[42.091s][info][gc       ] [HMSP 9 : 41100 0 : 42.091129 ]
[42.092s][info][gc       ] [VMAC 65530 166 24 430 620 : 42.091770 ]
[42.315s][info][gc       ] [GPGC-H  2664.2 569.0 2.5 0.0 : 262.8 : 0.000 0.000 : 0.000 0.000 0.821 1.898 : 0.000 0.000 0.000 0.000 2.005 0.875 : 0.000 : 89.885 : 788 1784 28 0 : 2266 : 4608 4424 : 42.314524 : 9 Next_heuristic_check_may_be_too_late ]
[42.317s][info][safepoint] Application time: 0.2263293 seconds
[42.318s][info][safepoint] Total time for which application threads were stopped: 0.0003728 seconds, Stopping threads took: 0.0000005 seconds
[42.319s][info][gc       ] [SPS 0.000 0.003 0.005 0.009 0.001 0.001 0.000 0.332 0.030 0.373 NewGC_pause1 42.317102 ]
[42.387s][info][safepoint] Application time: 0.0694808 seconds
[42.387s][info][safepoint] Total time for which application threads were stopped: 0.0002510 seconds, Stopping threads took: 0.0000006 seconds
[42.388s][info][gc       ] [SPS 0.000 0.001 0.000 0.010 0.001 0.001 0.000 0.206 0.034 0.251 NewGC_pause2 42.386834 ]
[42.389s][info][safepoint] Application time: 0.0024235 seconds
[42.390s][info][safepoint] Total time for which application threads were stopped: 0.0001579 seconds, Stopping threads took: 0.0000005 seconds
[42.390s][info][gc       ] [SPS 0.000 0.000 0.000 0.008 0.000 0.001 0.000 0.122 0.026 0.158 NewGC_pause3 42.389416 ]
[42.391s][info][safepoint] Application time: 0.0011003 seconds
[42.391s][info][safepoint] Total time for which application threads were stopped: 0.0002077 seconds, Stopping threads took: 0.0000005 seconds
[42.391s][info][gc       ] [SPS 0.000 0.003 0.002 0.009 0.000 0.001 0.000 0.168 0.029 0.208 NewGC_pause4 42.390724 ]
[42.392s][info][gc       ] [GC New Max 106-97 : 5120 2998 2208 5120 - - 1041 56 2 2 - : 212 1784 28 184 1002 : 208 4 792 792 0 : 0 1 104 0 106 - 0 : 0.224304 2808.7 0.0 0.076242 2806.9 0.0 : 3 --c 0000 : 23 0 0.000 0.000 0 0.000 0.000 0 0.000 0.000 : 42.314914 42.316729 0.000289 42.386583 0.000142 42.389258 0.000059 42.390516 0.000126 : 42.391156 ]
[42.392s][info][gc       ] [SYSINFO 7571 191 89 0 7036 0 20 0 0 5745 : - - - - - - - - : 0 7168 : 2.07 0.97 1.39 : 278178 4215260 : 0 0 : 17 0 : 1547 3 0 263 : - 7667126272 333475840 1434394624 5939011584 199507968 93806592 : 140688591 4958390 128770 0 0 0 : 42.391491 ]
[42.392s][info][gc       ] [HUGEPAGESTAT 0 0 0 - 20840 0 0 : 612352 0 0 : 42.391491 ]
[42.392s][info][gc       ] [OBJCREAT 86588831 25040 5310464 : 42.391586 ]
[42.392s][info][gc       ] [HMSV All : 0 0 30 0 0 0 0 0 : 4956 0 0 0 : 42.391601 ]
[42.392s][info][gc       ] [HMSP 9 : 41100 0 : 42.391601 ]
[42.392s][info][gc       ] [VMAC 65530 166 24 430 620 : 42.392155 ]
[42.614s][info][gc       ] [GPGC-H  2657.1 569.0 2.5 0.0 : 262.8 : 0.000 0.000 : 0.000 0.000 0.810 1.898 : 0.000 0.000 0.000 0.000 1.979 0.875 : 0.000 : 88.995 : 826 1784 28 0 : 2266 : 4608 4424 : 42.613682 : 9 Next_heuristic_check_may_be_too_late ]
[42.616s][info][safepoint] Application time: 0.2252558 seconds
[42.617s][info][safepoint] Total time for which application threads were stopped: 0.0002631 seconds, Stopping threads took: 0.0000006 seconds
[42.617s][info][gc       ] [SPS 0.000 0.005 0.006 0.020 0.001 0.001 0.001 0.217 0.024 0.263 NewGC_pause1 42.616243 ]
[42.686s][info][safepoint] Application time: 0.0692123 seconds
[42.686s][info][safepoint] Total time for which application threads were stopped: 0.0001821 seconds, Stopping threads took: 0.0000004 seconds
[42.686s][info][gc       ] [SPS 0.000 0.001 0.000 0.008 0.000 0.001 0.001 0.142 0.030 0.182 NewGC_pause2 42.685638 ]
[42.688s][info][safepoint] Application time: 0.0016862 seconds
[42.688s][info][safepoint] Total time for which application threads were stopped: 0.0001866 seconds, Stopping threads took: 0.0000006 seconds
[42.688s][info][gc       ] [SPS 0.000 0.000 0.000 0.018 0.001 0.001 0.000 0.144 0.023 0.187 NewGC_pause3 42.687511 ]
[42.689s][info][safepoint] Application time: 0.0013437 seconds
[42.689s][info][safepoint] Total time for which application threads were stopped: 0.0001483 seconds, Stopping threads took: 0.0000005 seconds
[42.690s][info][gc       ] [GC New Max 107-98 : 5120 3030 2202 5120 - - 1041 56 2 2 - : 206 1784 28 184 1034 : 202 4 830 830 0 : 0 1 101 0 103 - 0 : 0.223148 2760.5 0.0 0.074944 2775.4 0.0 : 3 --c 0000 : 23 0 0.000 0.000 0 0.000 0.000 0 0.000 0.000 : 42.614304 42.615980 0.000226 42.685456 0.000105 42.687324 0.000099 42.688854 0.000070 : 42.689248 ]
[42.690s][info][gc       ] [SYSINFO 7571 191 89 0 7036 0 20 0 0 5745 : - - - - - - - - : 0 7168 : 2.07 0.97 1.39 : 278178 4215260 : 0 0 : 17 0 : 1547 4 0 263 : - 7667126272 333475840 1434394624 5939011584 199507968 93806592 : 140688591 4959190 128900 0 0 0 : 42.689512 ]
[42.690s][info][gc       ] [HUGEPAGESTAT 0 0 0 - 20840 0 0 : 612352 0 0 : 42.689512 ]
[42.690s][info][gc       ] [OBJCREAT 87404101 25040 5310464 : 42.689576 ]
[42.690s][info][gc       ] [HMSV All : 0 0 30 0 0 0 0 0 : 4956 0 0 0 : 42.689592 ]
[42.690s][info][gc       ] [HMSP 9 : 41100 0 : 42.689592 ]
[42.690s][info][gc       ] [SPS 0.000 0.002 0.002 0.008 0.001 0.001 0.000 0.113 0.026 0.148 NewGC_pause4 42.689003 ]
[42.690s][info][gc       ] [VMAC 65530 166 24 430 620 : 42.690126 ]
[42.932s][info][gc       ] [GPGC-H  2657.1 569.0 2.5 0.0 : 262.8 : 0.000 0.000 : 0.000 0.000 0.800 1.898 : 0.000 0.000 0.000 0.000 1.954 0.875 : 0.000 : 88.121 : 862 1784 28 0 : 2266 : 4608 4424 : 42.931633 : 9 Next_heuristic_check_may_be_too_late ]
[42.934s][info][safepoint] Application time: 0.2451738 seconds
[42.935s][info][safepoint] Total time for which application threads were stopped: 0.0002994 seconds, Stopping threads took: 0.0000007 seconds
[42.935s][info][gc       ] [SPS 0.000 0.005 0.006 0.010 0.001 0.001 0.001 0.262 0.031 0.305 NewGC_pause1 42.934482 ]
[43.007s][info][safepoint] Application time: 0.0724108 seconds
[43.007s][info][safepoint] Total time for which application threads were stopped: 0.0001617 seconds, Stopping threads took: 0.0000005 seconds
[43.008s][info][gc       ] [SPS 0.000 0.001 0.000 0.009 0.000 0.001 0.001 0.116 0.035 0.162 NewGC_pause2 43.007049 ]
[43.009s][info][safepoint] Application time: 0.0018446 seconds
[43.009s][info][safepoint] Total time for which application threads were stopped: 0.0001094 seconds, Stopping threads took: 0.0000006 seconds
[43.010s][info][gc       ] [SPS 0.000 0.000 0.000 0.009 0.001 0.001 0.000 0.074 0.025 0.109 NewGC_pause3 43.009003 ]
[43.010s][info][safepoint] Application time: 0.0013817 seconds
[43.011s][info][safepoint] Total time for which application threads were stopped: 0.0000905 seconds, Stopping threads took: 0.0000005 seconds
[43.011s][info][gc       ] [SPS 0.000 0.003 0.002 0.007 0.001 0.001 0.000 0.065 0.016 0.091 NewGC_pause4 43.010475 ]
[43.011s][info][gc       ] [GC New Max 108-99 : 5120 3046 2184 5120 - - 1041 56 2 2 - : 188 1784 28 184 1050 : 184 4 866 866 0 : 0 1 92 0 94 - 0 : 0.243095 2706.8 0.0 0.078506 2420.2 0.0 : 3 --c 0000 : 23 0 0.000 0.000 0 0.000 0.000 0 0.000 0.000 : 42.932343 42.934177 0.000264 43.006887 0.000066 43.008894 0.000060 43.010385 0.000070 : 43.010848 ]
[43.011s][info][gc       ] [SYSINFO 7571 191 89 0 7036 0 20 0 0 5745 : - - - - - - - - : 0 7168 : 2.07 0.97 1.39 : 278178 4215260 : 0 0 : 17 0 : 1547 3 0 263 : - 7667126272 333475840 1434394624 5939011584 199507968 93806592 : 140688591 4960000 129040 0 0 0 : 43.011245 ]
[43.011s][info][gc       ] [HUGEPAGESTAT 0 0 0 - 20840 0 0 : 612352 0 0 : 43.011245 ]
[43.011s][info][gc       ] [OBJCREAT 88243376 25040 5310464 : 43.011322 ]
[43.011s][info][gc       ] [HMSV All : 0 0 30 0 0 0 0 0 : 4956 0 0 0 : 43.011337 ]
[43.011s][info][gc       ] [HMSP 9 : 41100 0 : 43.011337 ]
[43.012s][info][gc       ] [VMAC 65530 166 24 430 620 : 43.011917 ]
[43.274s][info][gc       ] [GPGC-H  2657.1 569.0 2.5 0.0 : 262.8 : 0.000 0.000 : 0.000 0.000 0.790 1.898 : 0.000 0.000 0.000 0.000 1.928 0.875 : 0.000 : 87.182 : 848 1784 28 0 : 2266 : 4608 4424 : 43.273736 : 9 Next_heuristic_check_may_be_too_late ]
[43.278s][info][safepoint] Application time: 0.2669681 seconds
[43.278s][info][safepoint] Total time for which application threads were stopped: 0.0004766 seconds, Stopping threads took: 0.0000005 seconds
[43.279s][info][gc       ] [SPS 0.000 0.003 0.004 0.008 0.001 0.001 0.000 0.436 0.031 0.477 NewGC_pause1 43.277920 ]
[43.346s][info][safepoint] Application time: 0.0674738 seconds
[43.346s][info][safepoint] Total time for which application threads were stopped: 0.0002126 seconds, Stopping threads took: 0.0000008 seconds
[43.347s][info][gc       ] [SPS 0.000 0.001 0.000 0.012 0.001 0.001 0.001 0.159 0.038 0.213 NewGC_pause2 43.345607 ]
[43.348s][info][safepoint] Application time: 0.0020728 seconds
[43.348s][info][safepoint] Total time for which application threads were stopped: 0.0001576 seconds, Stopping threads took: 0.0000005 seconds
[43.348s][info][gc       ] [SPS 0.000 0.000 0.000 0.008 0.001 0.001 0.000 0.118 0.030 0.158 NewGC_pause3 43.347838 ]
[43.349s][info][safepoint] Application time: 0.0011744 seconds
[43.350s][info][safepoint] Total time for which application threads were stopped: 0.0002406 seconds, Stopping threads took: 0.0000008 seconds
[43.350s][info][gc       ] [SPS 0.000 0.003 0.002 0.036 0.001 0.001 0.000 0.155 0.048 0.241 NewGC_pause4 43.349253 ]
[43.350s][info][gc       ] [VMAC 65530 166 24 430 620 : 43.350366 ]
[43.350s][info][gc       ] [GC New Max 109-100 : 5120 2994 2140 5120 - - 1041 56 2 2 - : 144 1784 28 184 998 : 142 4 857 857 0 : 0 1 71 0 72 - 0 : 0.263532 2512.0 0.0 0.075064 1998.3 0.0 : 3 --c 0000 : 23 0 0.000 0.000 0 0.000 0.000 0 0.000 0.000 : 43.274381 43.277444 0.000359 43.345395 0.000090 43.347680 0.000074 43.349012 0.000087 : 43.349445 ]
[43.350s][info][gc       ] [SYSINFO 7571 191 89 0 7036 0 20 0 0 5745 : - - - - - - - - : 0 7168 : 2.07 0.97 1.39 : 278178 4215260 : 0 0 : 17 0 : 1547 3 0 263 : - 7667126272 333475840 1434394624 5939011584 199507968 93806592 : 140688591 4960870 129120 0 0 0 : 43.349706 ]
[43.350s][info][gc       ] [HUGEPAGESTAT 0 0 0 - 20840 0 0 : 612352 0 0 : 43.349706 ]
[43.350s][info][gc       ] [OBJCREAT 89049362 25040 5310464 : 43.349755 ]
[43.350s][info][gc       ] [HMSV All : 0 0 30 0 0 0 0 0 : 4956 0 0 0 : 43.349772 ]
[43.350s][info][gc       ] [HMSP 9 : 41100 0 : 43.349772 ]
[43.614s][info][gc       ] [GPGC-H  2657.1 569.0 2.5 0.0 : 262.8 : 0.000 0.000 : 0.000 0.000 0.778 1.898 : 0.000 0.000 0.000 0.000 1.901 0.875 : 0.000 : 86.172 : 790 1784 28 0 : 2266 : 4608 4424 : 43.614009 : 9 Next_heuristic_check_may_be_too_late ]
[43.617s][info][safepoint] Application time: 0.2671841 seconds
[43.617s][info][safepoint] Total time for which application threads were stopped: 0.0004769 seconds, Stopping threads took: 0.0000008 seconds
[43.618s][info][gc       ] [SPS 0.000 0.004 0.004 0.011 0.001 0.001 0.001 0.434 0.029 0.477 NewGC_pause1 43.616914 ]
[43.674s][info][safepoint] Application time: 0.0573411 seconds
[43.675s][info][safepoint] Total time for which application threads were stopped: 0.0001998 seconds, Stopping threads took: 0.0000005 seconds
[43.675s][info][gc       ] [SPS 0.000 0.001 0.000 0.008 0.000 0.001 0.000 0.138 0.052 0.200 NewGC_pause2 43.674455 ]
[43.677s][info][safepoint] Application time: 0.0020692 seconds
[43.677s][info][safepoint] Total time for which application threads were stopped: 0.0002139 seconds, Stopping threads took: 0.0000005 seconds
[43.678s][info][gc       ] [SPS 0.000 0.000 0.000 0.007 0.000 0.001 0.000 0.161 0.044 0.214 NewGC_pause3 43.676738 ]
[43.678s][info][safepoint] Application time: 0.0012535 seconds
[43.678s][info][safepoint] Total time for which application threads were stopped: 0.0001789 seconds, Stopping threads took: 0.0000005 seconds
[43.679s][info][gc       ] [SPS 0.000 0.002 0.002 0.007 0.001 0.001 0.000 0.139 0.031 0.179 NewGC_pause4 43.678171 ]
[43.679s][info][gc       ] [GC New Max 110-101 : 5120 2956 2164 5120 - - 1041 56 2 2 - : 168 1784 28 184 960 : 164 4 794 794 0 : 0 1 82 0 84 - 0 : 0.265139 2436.5 0.0 0.063920 2690.9 0.0 : 3 --c 0000 : 23 0 0.000 0.000 0 0.000 0.000 0 0.000 0.000 : 43.614584 43.616437 0.000398 43.674255 0.000105 43.676524 0.000115 43.677992 0.000086 : 43.678504 ]
[43.679s][info][gc       ] [SYSINFO 7571 191 89 0 7036 0 20 0 0 5745 : - - - - - - - - : 0 7168 : 2.07 0.97 1.39 : 278178 4215260 : 0 0 : 17 0 : 1547 4 0 263 : - 7667126272 333475840 1434394624 5939011584 199507968 93806592 : 140688591 4961690 129170 0 0 0 : 43.678807 ]
[43.679s][info][gc       ] [HUGEPAGESTAT 0 0 0 - 20840 0 0 : 612352 0 0 : 43.678807 ]
[43.679s][info][gc       ] [OBJCREAT 89856961 25040 5310464 : 43.678877 ]
[43.679s][info][gc       ] [HMSV All : 0 0 30 0 0 0 0 0 : 4956 0 0 0 : 43.678894 ]
[43.679s][info][gc       ] [HMSP 9 : 41100 0 : 43.678894 ]
[43.679s][info][gc       ] [VMAC 65530 166 24 430 620 : 43.679475 ]
[43.902s][info][gc       ] [GPGC-H  2657.1 569.0 2.5 0.0 : 262.8 : 0.000 0.000 : 0.000 0.000 0.768 1.898 : 0.000 0.000 0.000 0.000 1.874 0.875 : 0.000 : 85.165 : 796 1784 28 0 : 2266 : 4608 4424 : 43.901517 : 9 Next_heuristic_check_may_be_too_late ]
[43.904s][info][safepoint] Application time: 0.2255435 seconds
[43.904s][info][safepoint] Total time for which application threads were stopped: 0.0002906 seconds, Stopping threads took: 0.0000005 seconds
[43.905s][info][gc       ] [SPS 0.000 0.003 0.004 0.008 0.001 0.001 0.000 0.236 0.044 0.290 NewGC_pause1 43.904005 ]
[43.965s][info][safepoint] Application time: 0.0609236 seconds
[43.966s][info][safepoint] Total time for which application threads were stopped: 0.0001764 seconds, Stopping threads took: 0.0000006 seconds
[43.966s][info][gc       ] [SPS 0.000 0.001 0.000 0.022 0.001 0.001 0.001 0.126 0.027 0.176 NewGC_pause2 43.965105 ]
[43.967s][info][safepoint] Application time: 0.0020610 seconds
[43.968s][info][safepoint] Total time for which application threads were stopped: 0.0001867 seconds, Stopping threads took: 0.0000005 seconds
[43.968s][info][gc       ] [SPS 0.000 0.000 0.000 0.008 0.001 0.001 0.000 0.151 0.027 0.187 NewGC_pause3 43.967353 ]
[43.969s][info][safepoint] Application time: 0.0013837 seconds
[43.969s][info][safepoint] Total time for which application threads were stopped: 0.0001683 seconds, Stopping threads took: 0.0000006 seconds
[43.970s][info][gc       ] [SPS 0.000 0.006 0.002 0.009 0.001 0.001 0.000 0.129 0.028 0.168 NewGC_pause4 43.968905 ]
[43.970s][info][gc       ] [GC New Max 111-102 : 5120 2980 2182 5120 - - 1041 56 2 2 - : 186 1784 28 184 984 : 182 4 800 800 0 : 0 1 91 0 93 - 0 : 0.223512 2818.6 0.0 0.067123 2800.8 0.0 : 3 --c 0000 : 23 0 0.000 0.000 0 0.000 0.000 0 0.000 0.000 : 43.902016 43.903715 0.000196 43.964929 0.000081 43.967166 0.000144 43.968737 0.000076 : 43.969138 ]
[43.970s][info][gc       ] [SYSINFO 7571 191 89 0 7036 0 20 0 0 5745 : - - - - - - - - : 0 7168 : 2.07 0.97 1.39 : 278178 4215260 : 0 0 : 17 0 : 1547 5 0 263 : - 7667126272 333475840 1434394624 5939011584 199507968 93806592 : 140688591 4962490 129270 0 0 0 : 43.969475 ]
[43.970s][info][gc       ] [HUGEPAGESTAT 0 0 0 - 20840 0 0 : 612352 0 0 : 43.969475 ]
[43.970s][info][gc       ] [OBJCREAT 90667913 25040 5310464 : 43.969532 ]
[43.970s][info][gc       ] [HMSV All : 0 0 30 0 0 0 0 0 : 4956 0 0 0 : 43.969549 ]
[43.970s][info][gc       ] [HMSP 9 : 41100 0 : 43.969549 ]
[43.970s][info][gc       ] [VMAC 65530 166 24 430 620 : 43.970089 ]
[44.192s][info][gc       ] [GPGC-H  2657.1 569.0 2.5 0.0 : 262.8 : 0.000 0.000 : 0.000 0.000 0.758 1.898 : 0.000 0.000 0.000 0.000 1.852 0.875 : 0.000 : 84.337 : 820 1784 28 0 : 2266 : 4608 4424 : 44.192445 : 9 Next_heuristic_check_may_be_too_late ]
[44.195s][info][safepoint] Application time: 0.2262317 seconds
[44.196s][info][safepoint] Total time for which application threads were stopped: 0.0003398 seconds, Stopping threads took: 0.0000005 seconds
[44.197s][info][gc       ] [SPS 0.001 0.004 0.004 0.008 0.001 0.001 0.000 0.295 0.035 0.340 NewGC_pause1 44.195477 ]
[44.260s][info][safepoint] Application time: 0.0641803 seconds
[44.260s][info][safepoint] Total time for which application threads were stopped: 0.0002438 seconds, Stopping threads took: 0.0000007 seconds
[44.261s][info][gc       ] [SPS 0.000 0.001 0.000 0.021 0.001 0.001 0.001 0.197 0.024 0.244 NewGC_pause2 44.259901 ]
[44.262s][info][safepoint] Application time: 0.0017293 seconds
[44.262s][info][safepoint] Total time for which application threads were stopped: 0.0001652 seconds, Stopping threads took: 0.0000005 seconds
[44.262s][info][gc       ] [SPS 0.000 0.000 0.000 0.008 0.000 0.001 0.000 0.128 0.028 0.165 NewGC_pause3 44.261796 ]
[44.263s][info][safepoint] Application time: 0.0010306 seconds
[44.264s][info][safepoint] Total time for which application threads were stopped: 0.0001849 seconds, Stopping threads took: 0.0000005 seconds
[44.264s][info][gc       ] [SPS 0.000 0.003 0.002 0.007 0.001 0.001 0.000 0.146 0.030 0.185 NewGC_pause4 44.263011 ]
[44.264s][info][gc       ] [GC New Max 112-103 : 5120 2990 2166 5120 - - 1041 56 2 2 - : 170 1784 28 184 994 : 168 4 826 826 0 : 0 1 84 0 85 - 0 : 0.223896 2840.6 0.0 0.070342 2473.6 0.0 : 3 --c 0000 : 23 0 0.000 0.000 0 0.000 0.000 0 0.000 0.000 : 44.193034 44.195137 0.000295 44.259657 0.000166 44.261630 0.000085 44.262826 0.000089 : 44.263376 ]
[44.264s][info][gc       ] [SYSINFO 7571 191 89 0 7036 0 20 0 0 5745 : - - - - - - - - : 0 7168 : 2.06 0.99 1.40 : 278178 4215260 : 0 0 : 17 0 : 1547 3 0 263 : - 7667126272 333475840 1434394624 5939011584 199507968 93806592 : 140688591 4963260 129360 0 0 0 : 44.263718 ]
[44.264s][info][gc       ] [HUGEPAGESTAT 0 0 0 - 20840 0 0 : 612352 0 0 : 44.263718 ]
[44.264s][info][gc       ] [OBJCREAT 91469523 25040 5310464 : 44.263791 ]
[44.264s][info][gc       ] [HMSV All : 0 0 30 0 0 0 0 0 : 4956 0 0 0 : 44.263827 ]
[44.264s][info][gc       ] [HMSP 9 : 41100 0 : 44.263827 ]
[44.265s][info][gc       ] [VMAC 65530 166 24 430 620 : 44.264901 ]
[44.527s][info][gc       ] [GPGC-H  2643.5 517.1 2.3 0.0 : 238.8 : 0.000 0.000 : 0.000 0.000 0.749 1.898 : 0.000 0.000 0.000 0.000 1.829 0.875 : 0.000 : 83.521 : 804 1784 28 0 : 2266 : 4608 4424 : 44.526969 : 9 Next_heuristic_check_may_be_too_late ]
[44.530s][info][safepoint] Application time: 0.2663164 seconds
[44.531s][info][safepoint] Total time for which application threads were stopped: 0.0002316 seconds, Stopping threads took: 0.0000006 seconds
[44.531s][info][gc       ] [SPS 0.000 0.005 0.006 0.010 0.001 0.001 0.000 0.196 0.024 0.232 NewGC_pause1 44.529560 ]
[44.596s][info][safepoint] Application time: 0.0664902 seconds
[44.597s][info][safepoint] Total time for which application threads were stopped: 0.0001637 seconds, Stopping threads took: 0.0000005 seconds
[44.597s][info][gc       ] [SPS 0.000 0.001 0.000 0.008 0.000 0.001 0.000 0.130 0.024 0.164 NewGC_pause2 44.596214 ]
[44.598s][info][safepoint] Application time: 0.0018701 seconds
[44.598s][info][safepoint] Total time for which application threads were stopped: 0.0001496 seconds, Stopping threads took: 0.0000005 seconds
[44.599s][info][gc       ] [SPS 0.000 0.000 0.000 0.007 0.000 0.001 0.000 0.116 0.025 0.150 NewGC_pause3 44.598233 ]
[44.599s][info][safepoint] Application time: 0.0008882 seconds
[44.599s][info][safepoint] Total time for which application threads were stopped: 0.0001778 seconds, Stopping threads took: 0.0000005 seconds
[44.600s][info][gc       ] [SPS 0.000 0.002 0.002 0.008 0.001 0.001 0.000 0.142 0.027 0.178 NewGC_pause4 44.599300 ]
[44.600s][info][gc       ] [GC New Max 113-104 : 5120 2970 2166 5120 - - 1041 56 2 2 - : 170 1784 28 184 974 : 166 6 807 807 0 : 0 1 83 0 85 - 0 : 0.264127 2407.9 0.0 0.072033 2360.0 0.0 : 3 --c 0000 : 23 0 0.000 0.000 0 0.000 0.000 0 0.000 0.000 : 44.527503 44.529328 0.000197 44.596050 0.000071 44.598084 0.000061 44.599122 0.000072 : 44.599536 ]
[44.600s][info][gc       ] [SYSINFO 7571 191 89 0 7036 0 20 0 0 5745 : - - - - - - - - : 0 7168 : 2.06 0.99 1.40 : 278178 4215260 : 0 0 : 17 0 : 1547 3 0 263 : - 7667126272 333475840 1434394624 5939011584 199507968 93806592 : 140688591 4964140 129490 0 0 0 : 44.599798 ]
[44.600s][info][gc       ] [HUGEPAGESTAT 0 0 0 - 20840 0 0 : 612352 0 0 : 44.599798 ]
[44.600s][info][gc       ] [OBJCREAT 92266385 25040 5310464 : 44.599851 ]
[44.600s][info][gc       ] [HMSV All : 0 0 30 0 0 0 0 0 : 4956 0 0 0 : 44.599868 ]
[44.600s][info][gc       ] [HMSP 9 : 41100 0 : 44.599868 ]
[44.600s][info][gc       ] [VMAC 65530 166 24 430 620 : 44.600386 ]
[44.963s][info][gc       ] [GPGC-H  2643.5 517.1 2.3 0.0 : 238.8 : 0.000 0.000 : 0.000 0.000 0.739 1.898 : 0.000 0.000 0.000 0.000 1.803 0.875 : 0.000 : 82.564 : 808 1784 28 0 : 2266 : 4608 4424 : 44.963013 : 9 Next_heuristic_check_may_be_too_late ]
[44.966s][info][safepoint] Application time: 0.3661095 seconds
[44.966s][info][safepoint] Total time for which application threads were stopped: 0.0002784 seconds, Stopping threads took: 0.0000005 seconds
[44.967s][info][gc       ] [SPS 0.000 0.003 0.003 0.008 0.001 0.001 0.000 0.247 0.022 0.278 NewGC_pause1 44.965688 ]
[45.035s][info][safepoint] Application time: 0.0692272 seconds
[45.036s][info][safepoint] Total time for which application threads were stopped: 0.0002082 seconds, Stopping threads took: 0.0000005 seconds
[45.036s][info][gc       ] [SPS 0.000 0.001 0.000 0.007 0.000 0.001 0.000 0.176 0.023 0.208 NewGC_pause2 45.035123 ]
[45.037s][info][safepoint] Application time: 0.0018640 seconds
[45.037s][info][safepoint] Total time for which application threads were stopped: 0.0001913 seconds, Stopping threads took: 0.0000005 seconds
[45.038s][info][gc       ] [SPS 0.000 0.000 0.000 0.008 0.000 0.001 0.000 0.144 0.038 0.191 NewGC_pause3 45.037179 ]
[45.039s][info][safepoint] Application time: 0.0013070 seconds
[45.039s][info][safepoint] Total time for which application threads were stopped: 0.0001643 seconds, Stopping threads took: 0.0000005 seconds
[45.039s][info][gc       ] [SPS 0.000 0.003 0.002 0.008 0.001 0.001 0.000 0.116 0.040 0.164 NewGC_pause4 45.038650 ]
[45.040s][info][gc       ] [GC New Max 114-105 : 5120 3012 2204 5120 - - 1041 56 2 2 - : 208 1784 28 184 1016 : 204 4 811 811 0 : 0 1 102 0 104 - 0 : 0.364289 1756.8 0.0 0.075179 2766.7 0.0 : 3 --c 0000 : 23 0 0.000 0.000 0 0.000 0.000 0 0.000 0.000 : 44.963826 44.965409 0.000247 45.034915 0.000106 45.036987 0.000080 45.038486 0.000079 : 45.039005 ]
[45.040s][info][gc       ] [SYSINFO 7571 191 89 0 7036 0 20 0 0 5745 : - - - - - - - - : 0 7168 : 2.06 0.99 1.40 : 278178 4215260 : 0 0 : 17 0 : 1547 3 0 263 : - 7667126272 333475840 1434394624 5939011584 199507968 93806592 : 140688591 4965220 129620 0 0 0 : 45.039472 ]
[45.040s][info][gc       ] [HUGEPAGESTAT 0 0 0 - 20840 0 0 : 612352 0 0 : 45.039472 ]
[45.040s][info][gc       ] [OBJCREAT 93106045 25040 5310464 : 45.039574 ]
[45.040s][info][gc       ] [HMSV All : 0 0 30 0 0 0 0 0 : 4956 0 0 0 : 45.039594 ]
[45.040s][info][gc       ] [HMSP 9 : 41100 0 : 45.039594 ]
[45.040s][info][gc       ] [VMAC 65530 166 24 430 620 : 45.040125 ]
[45.263s][info][gc       ] [GPGC-H  2643.5 517.1 2.3 0.0 : 238.8 : 0.000 0.000 : 0.000 0.000 0.725 1.898 : 0.000 0.000 0.000 0.000 1.770 0.875 : 0.000 : 81.248 : 826 1784 28 0 : 2266 : 4608 4424 : 45.262771 : 9 Next_heuristic_check_may_be_too_late ]
[45.266s][info][safepoint] Application time: 0.2264915 seconds
[45.266s][info][safepoint] Total time for which application threads were stopped: 0.0003585 seconds, Stopping threads took: 0.0000005 seconds
[45.266s][info][gc       ] [SPS 0.001 0.003 0.004 0.008 0.001 0.001 0.000 0.305 0.043 0.358 NewGC_pause1 45.265501 ]
[45.330s][info][safepoint] Application time: 0.0645417 seconds
[45.330s][info][safepoint] Total time for which application threads were stopped: 0.0000775 seconds, Stopping threads took: 0.0000005 seconds
[45.331s][info][gc       ] [SPSH lock suspend gclocker notify wait resuspend cleanup op_time wakeup total(ms) op_name end(s) ]
[45.331s][info][gc       ] [SPS 0.000 0.001 0.000 0.007 0.000 0.001 0.001 0.053 0.015 0.077 NewGC_pause2 45.330120 ]
[45.332s][info][safepoint] Application time: 0.0014666 seconds
[45.332s][info][safepoint] Total time for which application threads were stopped: 0.0001925 seconds, Stopping threads took: 0.0000005 seconds
[45.332s][info][gc       ] [SPS 0.000 0.000 0.000 0.008 0.000 0.001 0.000 0.159 0.025 0.193 NewGC_pause3 45.331779 ]
[45.333s][info][safepoint] Application time: 0.0012190 seconds
[45.333s][info][safepoint] Total time for which application threads were stopped: 0.0001379 seconds, Stopping threads took: 0.0000005 seconds
[45.334s][info][gc       ] [SPS 0.000 0.003 0.002 0.007 0.000 0.001 0.000 0.100 0.030 0.138 NewGC_pause4 45.333136 ]
[45.334s][info][gc       ] [GC New Max 115-106 : 5120 2988 2162 5120 - - 1041 56 2 2 - : 166 1784 28 184 992 : 162 4 829 829 0 : 0 1 81 0 83 - 0 : 0.224347 2763.6 0.0 0.070191 2365.0 0.0 : 3 --c 0000 : 23 0 0.000 0.000 0 0.000 0.000 0 0.000 0.000 : 45.263352 45.265142 0.000262 45.330042 0.000056 45.331586 0.000071 45.332998 0.000103 : 45.333543 ]
[45.334s][info][gc       ] [SYSINFO 7571 191 89 0 7036 0 20 0 0 5745 : - - - - - - - - : 0 7168 : 2.06 0.99 1.40 : 278178 4215260 : 0 0 : 17 0 : 1547 4 0 263 : - 7667126272 333475840 1434394624 5939011584 199507968 93806592 : 140688591 4965990 129720 0 0 0 : 45.333838 ]
[45.334s][info][gc       ] [HUGEPAGESTAT 0 0 0 - 20840 0 0 : 612352 0 0 : 45.333838 ]
[45.334s][info][gc       ] [OBJCREAT 93884939 25040 5310464 : 45.333891 ]
[45.334s][info][gc       ] [HMSV All : 0 0 30 0 0 0 0 0 : 4956 0 0 0 : 45.333909 ]
[45.334s][info][gc       ] [HMSP 9 : 41100 0 : 45.333909 ]
[45.334s][info][gc       ] [VMAC 65530 166 24 430 620 : 45.334454 ]
[45.576s][info][gc       ] [GPGC-H  2643.5 517.1 2.3 0.0 : 238.8 : 0.000 0.000 : 0.000 0.000 0.716 1.898 : 0.000 0.000 0.000 0.000 1.748 0.875 : 0.000 : 80.472 : 828 1784 28 0 : 2266 : 4608 4424 : 45.575888 : 9 Next_heuristic_check_may_be_too_late ]
[45.578s][info][safepoint] Application time: 0.2449166 seconds
[45.579s][info][safepoint] Total time for which application threads were stopped: 0.0003570 seconds, Stopping threads took: 0.0000005 seconds
[45.579s][info][gc       ] [SPS 0.000 0.021 0.005 0.008 0.000 0.001 0.000 0.309 0.038 0.357 NewGC_pause1 45.578410 ]
[45.645s][info][safepoint] Application time: 0.0666961 seconds
[45.646s][info][safepoint] Total time for which application threads were stopped: 0.0001416 seconds, Stopping threads took: 0.0000004 seconds
[45.646s][info][gc       ] [SPS 0.000 0.001 0.000 0.007 0.000 0.001 0.000 0.103 0.030 0.142 NewGC_pause2 45.645248 ]
[45.647s][info][safepoint] Application time: 0.0017113 seconds
[45.647s][info][safepoint] Total time for which application threads were stopped: 0.0001815 seconds, Stopping threads took: 0.0000005 seconds
[45.648s][info][gc       ] [SPS 0.000 0.001 0.000 0.008 0.000 0.001 0.000 0.126 0.047 0.182 NewGC_pause3 45.647141 ]
[45.648s][info][safepoint] Application time: 0.0009429 seconds
[45.649s][info][safepoint] Total time for which application threads were stopped: 0.0001662 seconds, Stopping threads took: 0.0000005 seconds
[45.649s][info][gc       ] [SPS 0.000 0.003 0.002 0.007 0.000 0.001 0.000 0.131 0.026 0.166 NewGC_pause4 45.648250 ]
[45.649s][info][gc       ] [GC New Max 116-107 : 5120 3026 2196 5120 - - 1041 56 2 2 - : 200 1784 28 184 1030 : 196 4 832 832 0 : 0 1 98 0 100 - 0 : 0.242975 2732.8 0.0 0.071957 2807.2 0.0 : 3 --c 0000 : 23 0 0.000 0.000 0 0.000 0.000 0 0.000 0.000 : 45.576518 45.578053 0.000271 45.645106 0.000105 45.646959 0.000077 45.648084 0.000088 : 45.648475 ]
[45.649s][info][gc       ] [SYSINFO 7571 191 89 0 7036 0 20 0 0 5745 : - - - - - - - - : 0 7168 : 2.06 0.99 1.40 : 278178 4215260 : 0 0 : 17 0 : 1547 3 0 263 : - 7667126272 333475840 1434394624 5939011584 199507968 93806592 : 140688591 4966820 129830 0 0 0 : 45.648935 ]
[45.649s][info][gc       ] [HUGEPAGESTAT 0 0 0 - 20840 0 0 : 612352 0 0 : 45.648935 ]
[45.649s][info][gc       ] [OBJCREAT 94741771 25040 5310464 : 45.649105 ]
[45.649s][info][gc       ] [HMSV All : 0 0 30 0 0 0 0 0 : 4956 0 0 0 : 45.649120 ]
[45.649s][info][gc       ] [HMSP 9 : 41100 0 : 45.649120 ]
[45.650s][info][gc       ] [VMAC 65530 166 24 430 620 : 45.650089 ]
[45.871s][info][gc       ] [GPGC-H  2643.5 517.1 2.3 0.0 : 238.8 : 0.000 0.000 : 0.000 0.000 0.707 1.898 : 0.000 0.000 0.000 0.000 1.726 0.875 : 0.000 : 79.639 : 828 1784 28 0 : 2266 : 4608 4424 : 45.871460 : 9 Next_heuristic_check_may_be_too_late ]
[45.874s][info][safepoint] Application time: 0.2253083 seconds
[45.874s][info][safepoint] Total time for which application threads were stopped: 0.0003930 seconds, Stopping threads took: 0.0000005 seconds
[45.875s][info][gc       ] [SPS 0.000 0.003 0.003 0.008 0.001 0.001 0.000 0.354 0.029 0.393 NewGC_pause1 45.873952 ]
[45.945s][info][safepoint] Application time: 0.0710402 seconds
[45.946s][info][safepoint] Total time for which application threads were stopped: 0.0001865 seconds, Stopping threads took: 0.0000005 seconds
[45.946s][info][gc       ] [SPS 0.000 0.001 0.000 0.008 0.001 0.001 0.000 0.153 0.024 0.187 NewGC_pause2 45.945178 ]
[45.948s][info][safepoint] Application time: 0.0023171 seconds
[45.948s][info][safepoint] Total time for which application threads were stopped: 0.0001619 seconds, Stopping threads took: 0.0000005 seconds
[45.948s][info][gc       ] [SPS 0.000 0.000 0.000 0.007 0.000 0.001 0.000 0.129 0.024 0.162 NewGC_pause3 45.947657 ]
[45.949s][info][safepoint] Application time: 0.0010949 seconds
[45.949s][info][safepoint] Total time for which application threads were stopped: 0.0001702 seconds, Stopping threads took: 0.0000005 seconds
[45.950s][info][gc       ] [SPS 0.000 0.003 0.002 0.007 0.001 0.001 0.000 0.138 0.024 0.170 NewGC_pause4 45.948923 ]
[45.950s][info][gc       ] [GC New Max 117-108 : 5120 3018 2188 5120 - - 1041 56 2 2 - : 192 1784 28 184 1022 : 188 4 832 832 0 : 0 1 94 0 96 - 0 : 0.223581 2808.8 0.0 0.077268 2536.6 0.0 : 3 --c 0000 : 23 0 0.000 0.000 0 0.000 0.000 0 0.000 0.000 : 45.872056 45.873559 0.000305 45.944992 0.000100 45.947495 0.000090 45.948752 0.000094 : 45.949324 ]
[45.950s][info][gc       ] [SYSINFO 7571 191 89 0 7036 0 20 0 0 5745 : - - - - - - - - : 0 7168 : 2.06 0.99 1.40 : 278178 4215260 : 0 0 : 17 0 : 1547 3 0 263 : - 7667126272 333475840 1434394624 5939011584 199507968 93806592 : 140688591 4967660 129930 0 0 0 : 45.949609 ]
[45.950s][info][gc       ] [HUGEPAGESTAT 0 0 0 - 20840 0 0 : 612352 0 0 : 45.949609 ]
[45.950s][info][gc       ] [OBJCREAT 95554512 25040 5310464 : 45.949663 ]
[45.950s][info][gc       ] [HMSV All : 0 0 30 0 0 0 0 0 : 4956 0 0 0 : 45.949680 ]
[45.950s][info][gc       ] [HMSP 9 : 41100 0 : 45.949680 ]
[45.950s][info][gc       ] [VMAC 65530 166 24 430 620 : 45.950280 ]
[46.173s][info][gc       ] [GPGC-H  2643.5 517.1 2.3 0.0 : 238.8 : 0.000 0.000 : 0.000 0.000 0.698 1.898 : 0.000 0.000 0.000 0.000 1.704 0.875 : 0.000 : 78.894 : 810 1784 28 0 : 2266 : 4608 4424 : 46.172668 : 9 Next_heuristic_check_may_be_too_late ]
[46.175s][info][safepoint] Application time: 0.2258257 seconds
[46.176s][info][safepoint] Total time for which application threads were stopped: 0.0003485 seconds, Stopping threads took: 0.0000005 seconds
[46.176s][info][gc       ] [SPS 0.000 0.005 0.006 0.009 0.001 0.001 0.001 0.309 0.029 0.349 NewGC_pause1 46.175097 ]
[46.246s][info][safepoint] Application time: 0.0712519 seconds
[46.247s][info][safepoint] Total time for which application threads were stopped: 0.0001356 seconds, Stopping threads took: 0.0000005 seconds
[46.247s][info][gc       ] [SPS 0.000 0.001 0.000 0.007 0.000 0.001 0.000 0.109 0.017 0.136 NewGC_pause2 46.246485 ]
[46.249s][info][safepoint] Application time: 0.0020661 seconds
[46.249s][info][safepoint] Total time for which application threads were stopped: 0.0001892 seconds, Stopping threads took: 0.0000005 seconds
[46.249s][info][gc       ] [SPS 0.000 0.000 0.000 0.008 0.001 0.001 0.000 0.153 0.027 0.189 NewGC_pause3 46.248740 ]
[46.250s][info][safepoint] Application time: 0.0014259 seconds
[46.251s][info][safepoint] Total time for which application threads were stopped: 0.0002053 seconds, Stopping threads took: 0.0000005 seconds
[46.251s][info][gc       ] [SPS 0.000 0.003 0.002 0.007 0.001 0.001 0.000 0.160 0.036 0.205 NewGC_pause4 46.250372 ]
[46.251s][info][gc       ] [GC New Max 118-109 : 5120 3018 2208 5120 - - 1041 56 2 2 - : 212 1784 28 184 1022 : 208 4 812 812 0 : 0 1 104 0 106 - 0 : 0.223793 2761.5 0.0 0.077580 2758.5 0.0 : 3 --c 0000 : 23 0 0.000 0.000 0 0.000 0.000 0 0.000 0.000 : 46.173117 46.174749 0.000271 46.246349 0.000107 46.248551 0.000113 46.250166 0.000113 : 46.250697 ]
[46.251s][info][gc       ] [SYSINFO 7571 191 89 0 7036 0 20 0 0 5745 : - - - - - - - - : 0 7168 : 2.06 0.99 1.40 : 278178 4215272 : 0 0 : 17 0 : 1547 3 0 263 : - 7667126272 333475840 1434394624 5939011584 199507968 93806592 : 140688591 4968450 130020 0 0 0 : 46.250958 ]
[46.251s][info][gc       ] [HUGEPAGESTAT 0 0 0 - 20840 0 0 : 612352 0 0 : 46.250958 ]
[46.251s][info][gc       ] [OBJCREAT 96380020 25040 5310464 : 46.251009 ]
[46.251s][info][gc       ] [HMSV All : 0 0 30 0 0 0 0 0 : 4956 0 0 0 : 46.251045 ]
[46.251s][info][gc       ] [HMSP 9 : 41100 0 : 46.251045 ]
[46.252s][info][gc       ] [VMAC 65530 166 24 430 620 : 46.251632 ]
[46.473s][info][gc       ] [GPGC-H  2643.5 471.3 2.1 0.0 : 217.6 : 0.000 0.000 : 0.000 0.000 0.690 1.898 : 0.000 0.000 0.000 0.000 1.683 0.875 : 0.000 : 78.159 : 848 1784 28 0 : 2266 : 4608 4424 : 46.473086 : 9 Next_heuristic_check_may_be_too_late ]
[46.476s][info][safepoint] Application time: 0.2252338 seconds
[46.477s][info][safepoint] Total time for which application threads were stopped: 0.0004685 seconds, Stopping threads took: 0.0000005 seconds
[46.478s][info][gc       ] [SPS 0.000 0.005 0.007 0.009 0.000 0.001 0.001 0.428 0.029 0.468 NewGC_pause1 46.476074 ]
[46.546s][info][safepoint] Application time: 0.0693810 seconds
[46.547s][info][safepoint] Total time for which application threads were stopped: 0.0002289 seconds, Stopping threads took: 0.0000005 seconds
[46.547s][info][gc       ] [SPS 0.000 0.001 0.000 0.008 0.001 0.001 0.000 0.186 0.033 0.229 NewGC_pause2 46.545684 ]
[46.548s][info][safepoint] Application time: 0.0024520 seconds
[46.549s][info][safepoint] Total time for which application threads were stopped: 0.0001777 seconds, Stopping threads took: 0.0000005 seconds
[46.549s][info][gc       ] [SPS 0.000 0.000 0.000 0.009 0.000 0.001 0.000 0.141 0.026 0.178 NewGC_pause3 46.548314 ]
[46.550s][info][safepoint] Application time: 0.0014438 seconds
[46.550s][info][safepoint] Total time for which application threads were stopped: 0.0001908 seconds, Stopping threads took: 0.0000005 seconds
[46.551s][info][gc       ] [SPS 0.000 0.003 0.002 0.007 0.000 0.001 0.000 0.159 0.023 0.191 NewGC_pause4 46.549949 ]
[46.551s][info][gc       ] [GC New Max 119-110 : 5120 3052 2206 5120 - - 1041 56 2 2 - : 210 1784 28 184 1056 : 206 4 851 851 0 : 0 1 103 0 105 - 0 : 0.223049 2851.4 0.0 0.076626 2766.7 0.0 : 3 --c 0000 : 23 0 0.000 0.000 0 0.000 0.000 0 0.000 0.000 : 46.473746 46.475606 0.000278 46.545455 0.000123 46.548136 0.000101 46.549758 0.000111 : 46.550373 ]
[46.551s][info][gc       ] [SYSINFO 7571 191 89 0 7036 0 20 0 0 5745 : - - - - - - - - : 0 7168 : 2.06 0.99 1.40 : 278178 4215272 : 0 0 : 17 0 : 1547 3 0 263 : - 7667126272 333475840 1434394624 5939011584 199507968 93806592 : 140688591 4969250 130100 0 0 0 : 46.550714 ]
[46.551s][info][gc       ] [HUGEPAGESTAT 0 0 0 - 20840 0 0 : 612352 0 0 : 46.550714 ]
[46.551s][info][gc       ] [OBJCREAT 97217698 25040 5310464 : 46.550767 ]
[46.551s][info][gc       ] [HMSV All : 0 0 30 0 0 0 0 0 : 4956 0 0 0 : 46.550784 ]
[46.551s][info][gc       ] [HMSP 9 : 41100 0 : 46.550784 ]
[46.551s][info][gc       ] [VMAC 65530 166 24 430 620 : 46.551332 ]
[46.774s][info][gc       ] [GPGC-H  2628.2 471.3 2.1 0.0 : 217.6 : 0.000 0.000 : 0.000 0.000 0.681 1.898 : 0.000 0.000 0.000 0.000 1.662 0.875 : 0.000 : 77.436 : 848 1784 28 0 : 2266 : 4608 4424 : 46.773934 : 9 Next_heuristic_check_may_be_too_late ]
[46.776s][info][safepoint] Application time: 0.2260513 seconds
[46.777s][info][safepoint] Total time for which application threads were stopped: 0.0003938 seconds, Stopping threads took: 0.0000005 seconds
[46.778s][info][gc       ] [SPS 0.001 0.003 0.004 0.008 0.000 0.001 0.000 0.354 0.030 0.394 NewGC_pause1 46.776394 ]
[46.849s][info][safepoint] Application time: 0.0721316 seconds
[46.849s][info][safepoint] Total time for which application threads were stopped: 0.0002376 seconds, Stopping threads took: 0.0000096 seconds
[46.850s][info][gc       ] [SPS 0.000 0.001 0.000 0.009 0.010 0.001 0.000 0.179 0.038 0.238 NewGC_pause2 46.848764 ]
[46.852s][info][safepoint] Application time: 0.0027846 seconds
[46.852s][info][safepoint] Total time for which application threads were stopped: 0.0001791 seconds, Stopping threads took: 0.0000005 seconds
[46.852s][info][gc       ] [SPS 0.000 0.000 0.000 0.007 0.000 0.001 0.000 0.147 0.023 0.179 NewGC_pause3 46.851727 ]
[46.853s][info][safepoint] Application time: 0.0012432 seconds
[46.853s][info][safepoint] Total time for which application threads were stopped: 0.0001816 seconds, Stopping threads took: 0.0000005 seconds
[46.854s][info][gc       ] [SPS 0.000 0.003 0.002 0.007 0.001 0.001 0.000 0.147 0.026 0.182 NewGC_pause4 46.853152 ]
[46.854s][info][gc       ] [GC New Max 120-111 : 5120 3044 2194 5120 - - 1041 56 2 2 - : 198 1784 28 184 1048 : 196 4 853 853 0 : 0 1 98 0 99 - 0 : 0.224076 2856.2 0.0 0.078901 2534.8 0.0 : 3 --c 0000 : 23 0 0.000 0.000 0 0.000 0.000 0 0.000 0.000 : 46.774448 46.776000 0.000303 46.848526 0.000151 46.851548 0.000110 46.852971 0.000092 : 46.853349 ]
[46.854s][info][gc       ] [SYSINFO 7571 191 89 0 7036 0 20 0 0 5745 : - - - - - - - - : 0 7168 : 2.06 0.99 1.40 : 278178 4215272 : 0 0 : 17 0 : 1547 3 0 263 : - 7667126272 333475840 1434394624 5939011584 199507968 93806592 : 140688591 4970050 130250 0 0 0 : 46.853632 ]
[46.854s][info][gc       ] [HUGEPAGESTAT 0 0 0 - 20840 0 0 : 612352 0 0 : 46.853632 ]
[46.854s][info][gc       ] [OBJCREAT 98051481 25040 5310464 : 46.853681 ]
[46.854s][info][gc       ] [HMSV All : 0 0 30 0 0 0 0 0 : 4956 0 0 0 : 46.853697 ]
[46.854s][info][gc       ] [HMSP 9 : 41100 0 : 46.853697 ]
[46.854s][info][gc       ] [VMAC 65530 166 24 430 620 : 46.854195 ]
[47.077s][info][gc       ] [GPGC-H  2628.2 471.3 2.1 0.0 : 217.6 : 0.000 0.000 : 0.000 0.000 0.673 1.898 : 0.000 0.000 0.000 0.000 1.641 0.875 : 0.000 : 76.722 : 834 1784 28 0 : 2266 : 4608 4424 : 47.076621 : 9 Next_heuristic_check_may_be_too_late ]
[47.079s][info][safepoint] Application time: 0.2256635 seconds
[47.080s][info][safepoint] Total time for which application threads were stopped: 0.0002738 seconds, Stopping threads took: 0.0000006 seconds
[47.080s][info][gc       ] [SPS 0.000 0.003 0.006 0.011 0.001 0.001 0.001 0.225 0.036 0.274 NewGC_pause1 47.079090 ]
[47.148s][info][safepoint] Application time: 0.0690861 seconds
[47.149s][info][safepoint] Total time for which application threads were stopped: 0.0002436 seconds, Stopping threads took: 0.0000005 seconds
[47.149s][info][gc       ] [SPS 0.000 0.001 0.000 0.008 0.001 0.001 0.001 0.196 0.038 0.244 NewGC_pause2 47.148420 ]
[47.151s][info][safepoint] Application time: 0.0022374 seconds
[47.151s][info][safepoint] Total time for which application threads were stopped: 0.0002194 seconds, Stopping threads took: 0.0000005 seconds
[47.152s][info][gc       ] [SPS 0.000 0.000 0.000 0.009 0.001 0.001 0.000 0.172 0.036 0.219 NewGC_pause3 47.150877 ]
[47.152s][info][safepoint] Application time: 0.0014698 seconds
[47.153s][info][safepoint] Total time for which application threads were stopped: 0.0001490 seconds, Stopping threads took: 0.0000005 seconds
[47.153s][info][gc       ] [SPS 0.000 0.003 0.002 0.007 0.001 0.001 0.000 0.115 0.025 0.149 NewGC_pause4 47.152496 ]
[47.153s][info][gc       ] [GC New Max 121-112 : 5120 3030 2196 5120 - - 1041 56 2 2 - : 198 1784 28 184 1034 : 194 4 838 838 0 : 0 1 97 0 99 - 0 : 0.223742 2851.5 0.0 0.075678 2642.8 0.0 : 3 --c 0000 : 23 0 0.000 0.000 0 0.000 0.000 0 0.000 0.000 : 47.077092 47.078816 0.000225 47.148176 0.000064 47.150657 0.000131 47.152347 0.000077 : 47.152769 ]
[47.153s][info][gc       ] [SYSINFO 7571 191 89 0 7036 0 20 0 0 5745 : - - - - - - - - : 0 7168 : 2.06 0.99 1.40 : 278178 4215272 : 0 0 : 17 0 : 1547 3 0 263 : - 7667126272 333475840 1434394624 5939011584 199507968 93806592 : 140688591 4970820 130310 0 0 0 : 47.153159 ]
[47.153s][info][gc       ] [HUGEPAGESTAT 0 0 0 - 20840 0 0 : 612352 0 0 : 47.153159 ]
[47.153s][info][gc       ] [OBJCREAT 98880215 25040 5310464 : 47.153270 ]
[47.153s][info][gc       ] [HMSV All : 0 0 30 0 0 0 0 0 : 4956 0 0 0 : 47.153290 ]
[47.153s][info][gc       ] [HMSP 9 : 41100 0 : 47.153290 ]
[47.154s][info][gc       ] [VMAC 65530 166 24 430 620 : 47.153847 ]
[47.376s][info][gc       ] [GPGC-H  2628.2 471.3 2.1 0.0 : 217.6 : 0.000 0.000 : 0.000 0.000 0.665 1.898 : 0.000 0.000 0.000 0.000 1.621 0.875 : 0.000 : 76.015 : 812 1784 28 0 : 2266 : 4608 4424 : 47.376159 : 9 Next_heuristic_check_may_be_too_late ]
[47.379s][info][safepoint] Application time: 0.2261233 seconds
[47.379s][info][safepoint] Total time for which application threads were stopped: 0.0002441 seconds, Stopping threads took: 0.0000005 seconds
[47.380s][info][gc       ] [SPS 0.000 0.003 0.005 0.009 0.001 0.001 0.000 0.197 0.036 0.244 NewGC_pause1 47.378864 ]
[47.437s][info][safepoint] Application time: 0.0581444 seconds
[47.438s][info][safepoint] Total time for which application threads were stopped: 0.0002425 seconds, Stopping threads took: 0.0000005 seconds
[47.438s][info][gc       ] [SPS 0.000 0.001 0.000 0.007 0.000 0.001 0.000 0.198 0.035 0.243 NewGC_pause2 47.437251 ]
[47.440s][info][safepoint] Application time: 0.0024409 seconds
[47.440s][info][safepoint] Total time for which application threads were stopped: 0.0001912 seconds, Stopping threads took: 0.0000005 seconds
[47.440s][info][gc       ] [SPS 0.000 0.000 0.000 0.007 0.000 0.001 0.000 0.156 0.027 0.191 NewGC_pause3 47.439883 ]
[47.441s][info][safepoint] Application time: 0.0011298 seconds
[47.442s][info][safepoint] Total time for which application threads were stopped: 0.0002004 seconds, Stopping threads took: 0.0000005 seconds
[47.442s][info][gc       ] [GC New Max 122-113 : 5120 2972 2160 5120 - - 1043 56 2 2 - : 164 1784 28 184 976 : 160 4 815 815 0 : 0 1 80 0 82 - 0 : 0.223899 2751.2 0.0 0.064864 2528.4 0.0 : 3 --c 0000 : 23 0 0.000 0.000 0 0.000 0.000 0 0.000 0.000 : 47.376669 47.378619 0.000128 47.437008 0.000149 47.439691 0.000111 47.441012 0.000114 : 47.441532 ]
[47.442s][info][gc       ] [SYSINFO 7574 191 89 0 7038 0 20 0 0 5745 : - - - - - - - - : 0 7168 : 2.06 0.99 1.40 : 278178 4215272 : 0 0 : 17 0 : 1547 2 0 263 : - 7668883456 333475840 1436151808 5939011584 199507968 93806592 : 140688591 4971380 130380 0 0 0 : 47.441946 ]
[47.442s][info][gc       ] [HUGEPAGESTAT 0 0 0 - 20840 0 0 : 612352 0 0 : 47.441946 ]
[47.442s][info][gc       ] [OBJCREAT 99652721 25040 5310464 : 47.442045 ]
[47.442s][info][gc       ] [HMSV All : 0 0 30 0 0 0 0 0 : 4956 0 0 0 : 47.442068 ]
[47.442s][info][gc       ] [HMSP 9 : 41100 0 : 47.442068 ]
[47.442s][info][gc       ] [SPS 0.000 0.003 0.002 0.007 0.000 0.001 0.000 0.148 0.044 0.201 NewGC_pause4 47.441213 ]
[47.443s][info][gc       ] [VMAC 65530 166 24 430 620 : 47.442648 ]
[47.705s][info][gc       ] [GPGC-H  2628.2 471.3 2.1 0.0 : 217.6 : 0.000 0.000 : 0.000 0.000 0.657 1.898 : 0.000 0.000 0.000 0.000 1.602 0.875 : 0.000 : 75.305 : 808 1784 28 0 : 2266 : 4608 4424 : 47.704925 : 9 Next_heuristic_check_may_be_too_late ]
[47.708s][info][safepoint] Application time: 0.2662891 seconds
[47.709s][info][safepoint] Total time for which application threads were stopped: 0.0005906 seconds, Stopping threads took: 0.0000008 seconds
[47.709s][info][gc       ] [SPS 0.000 0.005 0.004 0.012 0.001 0.001 0.001 0.530 0.045 0.591 NewGC_pause1 47.708093 ]
[47.772s][info][safepoint] Application time: 0.0633308 seconds
[47.772s][info][safepoint] Total time for which application threads were stopped: 0.0002102 seconds, Stopping threads took: 0.0000004 seconds
[47.773s][info][gc       ] [SPS 0.000 0.002 0.000 0.007 0.000 0.001 0.000 0.161 0.041 0.210 NewGC_pause2 47.771634 ]
[47.774s][info][safepoint] Application time: 0.0025744 seconds
[47.775s][info][safepoint] Total time for which application threads were stopped: 0.0002163 seconds, Stopping threads took: 0.0000014 seconds
[47.775s][info][gc       ] [SPS 0.000 0.000 0.000 0.010 0.001 0.006 0.000 0.158 0.040 0.216 NewGC_pause3 47.774425 ]
[47.776s][info][safepoint] Application time: 0.0013554 seconds
[47.776s][info][safepoint] Total time for which application threads were stopped: 0.0001423 seconds, Stopping threads took: 0.0000005 seconds
[47.777s][info][gc       ] [SPS 0.000 0.002 0.002 0.007 0.000 0.001 0.000 0.109 0.025 0.142 NewGC_pause4 47.775923 ]
[47.777s][info][gc       ] [GC New Max 123-114 : 5120 2930 2126 5120 - - 1043 56 2 2 - : 130 1784 28 184 934 : 124 4 809 809 0 : 0 1 62 0 65 - 0 : 0.263815 2441.1 0.0 0.071007 1830.8 0.0 : 3 --c 0000 : 23 0 0.000 0.000 0 0.000 0.000 0 0.000 0.000 : 47.705347 47.707503 0.000445 47.771424 0.000131 47.774209 0.000071 47.775780 0.000074 : 47.776354 ]
[47.777s][info][gc       ] [SYSINFO 7574 191 89 0 7038 0 20 0 0 5745 : - - - - - - - - : 0 7168 : 2.06 0.99 1.40 : 278178 4215272 : 0 0 : 17 0 : 1547 3 0 263 : - 7668883456 333475840 1436151808 5939011584 199507968 93806592 : 140688591 4971900 130460 0 0 0 : 47.776644 ]
[47.777s][info][gc       ] [HUGEPAGESTAT 0 0 0 - 20840 0 0 : 612352 0 0 : 47.776644 ]
[47.777s][info][gc       ] [OBJCREAT 100417583 25040 5310464 : 47.776733 ]
[47.777s][info][gc       ] [HMSV All : 0 0 30 0 0 0 0 0 : 4956 0 0 0 : 47.776749 ]
[47.777s][info][gc       ] [HMSP 9 : 41100 0 : 47.776749 ]
[47.778s][info][gc       ] [VMAC 65530 166 24 430 620 : 47.777720 ]
[47.999s][info][gc       ] [GPGC-H  2628.2 471.3 2.1 0.0 : 217.6 : 0.000 0.000 : 0.000 0.000 0.648 1.898 : 0.000 0.000 0.000 0.000 1.580 0.875 : 0.000 : 74.474 : 750 1784 28 0 : 2266 : 4608 4424 : 47.999378 : 9 Next_heuristic_check_may_be_too_late ]
[48.002s][info][safepoint] Application time: 0.2256325 seconds
[48.002s][info][safepoint] Total time for which application threads were stopped: 0.0001726 seconds, Stopping threads took: 0.0000005 seconds
[48.003s][info][gc       ] [SPS 0.000 0.003 0.002 0.008 0.001 0.001 0.000 0.146 0.017 0.173 NewGC_pause1 48.001728 ]
[48.061s][info][safepoint] Application time: 0.0593013 seconds
[48.062s][info][safepoint] Total time for which application threads were stopped: 0.0001735 seconds, Stopping threads took: 0.0000006 seconds
[48.062s][info][gc       ] [SPS 0.000 0.001 0.000 0.009 0.001 0.001 0.001 0.123 0.040 0.173 NewGC_pause2 48.061203 ]
[48.063s][info][safepoint] Application time: 0.0016256 seconds
[48.063s][info][safepoint] Total time for which application threads were stopped: 0.0000938 seconds, Stopping threads took: 0.0000005 seconds
[48.064s][info][gc       ] [SPS 0.000 0.000 0.000 0.008 0.001 0.001 0.000 0.065 0.019 0.094 NewGC_pause3 48.062923 ]
[48.065s][info][safepoint] Application time: 0.0013837 seconds
[48.065s][info][safepoint] Total time for which application threads were stopped: 0.0002020 seconds, Stopping threads took: 0.0000005 seconds
[48.065s][info][gc       ] [SPS 0.000 0.002 0.002 0.007 0.000 0.001 0.000 0.169 0.025 0.202 NewGC_pause4 48.064509 ]
[48.065s][info][gc       ] [GC New Max 124-115 : 5120 2916 2168 5120 - - 1043 56 2 2 - : 172 1784 28 184 920 : 166 4 752 752 0 : 0 1 83 0 86 - 0 : 0.223505 2774.0 0.0 0.064891 2681.4 0.0 : 3 --c 0000 : 23 0 0.000 0.000 0 0.000 0.000 0 0.000 0.000 : 47.999859 48.001556 0.000151 48.061030 0.000110 48.062829 0.000069 48.064307 0.000131 : 48.064750 ]
[48.065s][info][gc       ] [SYSINFO 7574 191 89 0 7038 0 20 0 0 5745 : - - - - - - - - : 0 7168 : 2.06 0.99 1.40 : 278178 4215272 : 0 0 : 17 0 : 1547 3 0 263 : - 7668883456 333475840 1436151808 5939011584 199507968 93806592 : 140688591 4972360 130550 0 0 0 : 48.065076 ]
[48.065s][info][gc       ] [HUGEPAGESTAT 0 0 0 - 20840 0 0 : 612352 0 0 : 48.065076 ]
[48.065s][info][gc       ] [OBJCREAT 101203181 25040 5310464 : 48.065132 ]
[48.065s][info][gc       ] [HMSV All : 0 0 30 0 0 0 0 0 : 4956 0 0 0 : 48.065151 ]
[48.065s][info][gc       ] [HMSP 9 : 41100 0 : 48.065151 ]
[48.066s][info][gc       ] [VMAC 65530 166 24 430 620 : 48.065681 ]
[48.287s][info][gc       ] [GPGC-H  2628.2 429.4 1.9 0.0 : 198.3 : 0.000 0.000 : 0.000 0.000 0.640 1.898 : 0.000 0.000 0.000 0.000 1.561 0.875 : 0.000 : 73.786 : 812 1784 28 0 : 2266 : 4608 4424 : 48.287465 : 9 Next_heuristic_check_may_be_too_late ]
[48.290s][info][safepoint] Application time: 0.2252633 seconds
[48.290s][info][safepoint] Total time for which application threads were stopped: 0.0002314 seconds, Stopping threads took: 0.0000005 seconds
[48.291s][info][gc       ] [SPS 0.000 0.003 0.014 0.008 0.000 0.001 0.000 0.169 0.054 0.232 NewGC_pause1 48.290004 ]
[48.359s][info][safepoint] Application time: 0.0686140 seconds
[48.360s][info][safepoint] Total time for which application threads were stopped: 0.0002858 seconds, Stopping threads took: 0.0000005 seconds
[48.360s][info][gc       ] [SPS 0.000 0.001 0.000 0.008 0.001 0.001 0.000 0.234 0.022 0.266 NewGC_pause2 48.358905 ]
[48.361s][info][safepoint] Application time: 0.0020893 seconds
[48.361s][info][safepoint] Total time for which application threads were stopped: 0.0001604 seconds, Stopping threads took: 0.0000005 seconds
[48.362s][info][gc       ] [SPS 0.000 0.000 0.000 0.007 0.001 0.001 0.000 0.127 0.024 0.161 NewGC_pause3 48.361155 ]
[48.363s][info][safepoint] Application time: 0.0011987 seconds
[48.363s][info][safepoint] Total time for which application threads were stopped: 0.0002057 seconds, Stopping threads took: 0.0000005 seconds
[48.363s][info][gc       ] [SPS 0.000 0.002 0.002 0.007 0.000 0.001 0.000 0.161 0.037 0.206 NewGC_pause4 48.362560 ]
[48.363s][info][gc       ] [GC New Max 125-116 : 5120 2982 2170 5120 - - 1043 56 2 2 - : 172 1784 28 184 986 : 170 4 816 816 0 : 0 1 85 0 86 - 0 : 0.223241 2866.9 0.0 0.074791 2353.2 0.0 : 3 --c 0000 : 23 0 0.000 0.000 0 0.000 0.000 0 0.000 0.000 : 48.287991 48.289772 0.000117 48.358640 0.000123 48.360995 0.000087 48.362354 0.000106 : 48.362781 ]
[48.363s][info][gc       ] [SYSINFO 7573 191 89 0 7038 0 20 0 0 5745 : - - - - - - - - : 0 7168 : 2.06 0.99 1.40 : 278178 4215272 : 0 0 : 17 0 : 1547 3 0 263 : - 7668883456 333475840 1436151808 5939011584 199507968 93806592 : 140688591 4972860 130650 0 0 0 : 48.363088 ]
[48.363s][info][gc       ] [HUGEPAGESTAT 0 0 0 - 20840 0 0 : 612352 0 0 : 48.363088 ]
[48.363s][info][gc       ] [OBJCREAT 102011959 25040 5310464 : 48.363138 ]
[48.363s][info][gc       ] [HMSV All : 0 0 30 0 0 0 0 0 : 4956 0 0 0 : 48.363155 ]
[48.363s][info][gc       ] [HMSP 9 : 41100 0 : 48.363155 ]
[48.364s][info][gc       ] [VMAC 65530 166 24 430 620 : 48.363756 ]
[48.585s][info][gc       ] [GPGC-H  2624.9 429.4 1.9 0.0 : 198.3 : 0.000 0.000 : 0.000 0.000 0.632 1.898 : 0.000 0.000 0.000 0.000 1.542 0.875 : 0.000 : 73.120 : 784 1784 28 0 : 2266 : 4608 4424 : 48.585499 : 9 Next_heuristic_check_may_be_too_late ]
[48.588s][info][safepoint] Application time: 0.2248196 seconds
[48.588s][info][safepoint] Total time for which application threads were stopped: 0.0002966 seconds, Stopping threads took: 0.0000005 seconds
[48.589s][info][gc       ] [SPS 0.000 0.003 0.002 0.007 0.000 0.001 0.000 0.248 0.040 0.297 NewGC_pause1 48.587676 ]
[48.652s][info][safepoint] Application time: 0.0643162 seconds
[48.653s][info][safepoint] Total time for which application threads were stopped: 0.0002051 seconds, Stopping threads took: 0.0000005 seconds
[48.653s][info][gc       ] [SPS 0.000 0.001 0.000 0.008 0.000 0.001 0.000 0.173 0.023 0.205 NewGC_pause2 48.652198 ]
[48.654s][info][safepoint] Application time: 0.0017910 seconds
[48.654s][info][safepoint] Total time for which application threads were stopped: 0.0001637 seconds, Stopping threads took: 0.0000005 seconds
[48.655s][info][gc       ] [SPS 0.000 0.000 0.000 0.007 0.000 0.001 0.000 0.131 0.024 0.164 NewGC_pause3 48.654153 ]
[48.656s][info][safepoint] Application time: 0.0012280 seconds
[48.656s][info][safepoint] Total time for which application threads were stopped: 0.0001860 seconds, Stopping threads took: 0.0000005 seconds
[48.656s][info][gc       ] [SPS 0.000 0.003 0.002 0.008 0.001 0.001 0.000 0.151 0.025 0.186 NewGC_pause4 48.655567 ]
[48.656s][info][gc       ] [GC New Max 126-117 : 5120 2962 2178 5120 - - 1043 56 2 2 - : 182 1784 28 184 966 : 178 4 787 787 0 : 0 1 89 0 91 - 0 : 0.223100 2752.1 0.0 0.069993 2600.3 0.0 : 3 --c 0000 : 23 0 0.000 0.000 0 0.000 0.000 0 0.000 0.000 : 48.585882 48.587379 0.000210 48.651992 0.000090 48.653989 0.000070 48.655381 0.000117 : 48.655875 ]
[48.656s][info][gc       ] [SYSINFO 7573 191 89 0 7038 0 20 0 0 5745 : - - - - - - - - : 0 7168 : 2.06 0.99 1.40 : 278178 4215272 : 0 0 : 17 0 : 1547 2 0 263 : - 7668883456 333475840 1436151808 5939011584 199507968 93806592 : 140688591 4973310 130740 0 0 0 : 48.656193 ]
[48.656s][info][gc       ] [HUGEPAGESTAT 0 0 0 - 20840 0 0 : 612352 0 0 : 48.656193 ]
[48.656s][info][gc       ] [OBJCREAT 102798436 25040 5310464 : 48.656263 ]
[48.656s][info][gc       ] [HMSV All : 0 0 30 0 0 0 0 0 : 4956 0 0 0 : 48.656280 ]
[48.656s][info][gc       ] [HMSP 9 : 41100 0 : 48.656280 ]
[48.657s][info][gc       ] [VMAC 65530 166 24 430 620 : 48.657209 ]
[48.880s][info][gc       ] [GPGC-H  2624.9 429.4 1.9 0.0 : 198.3 : 0.000 0.000 : 0.000 0.000 0.625 1.898 : 0.000 0.000 0.000 0.000 1.523 0.875 : 0.000 : 72.458 : 808 1784 28 0 : 2266 : 4608 4424 : 48.879720 : 9 Next_heuristic_check_may_be_too_late ]
[48.882s][info][safepoint] Application time: 0.2263924 seconds
[48.883s][info][safepoint] Total time for which application threads were stopped: 0.0004615 seconds, Stopping threads took: 0.0000006 seconds
[48.883s][info][gc       ] [SPS 0.000 0.003 0.003 0.008 0.001 0.001 0.000 0.396 0.055 0.462 NewGC_pause1 48.882421 ]
[48.939s][info][safepoint] Application time: 0.0563849 seconds
[48.940s][info][safepoint] Total time for which application threads were stopped: 0.0002761 seconds, Stopping threads took: 0.0000005 seconds
[48.940s][info][gc       ] [SPS 0.000 0.001 0.000 0.008 0.001 0.001 0.000 0.242 0.025 0.276 NewGC_pause2 48.939082 ]
[48.941s][info][safepoint] Application time: 0.0015112 seconds
[48.941s][info][safepoint] Total time for which application threads were stopped: 0.0001491 seconds, Stopping threads took: 0.0000005 seconds
[48.941s][info][gc       ] [SPS 0.000 0.000 0.000 0.008 0.000 0.001 0.000 0.115 0.025 0.149 NewGC_pause3 48.940743 ]
[48.942s][info][safepoint] Application time: 0.0009606 seconds
[48.942s][info][safepoint] Total time for which application threads were stopped: 0.0001960 seconds, Stopping threads took: 0.0000005 seconds
[48.942s][info][gc       ] [SPS 0.000 0.002 0.002 0.007 0.001 0.001 0.000 0.159 0.028 0.196 NewGC_pause4 48.941899 ]
[48.943s][info][gc       ] [GC New Max 127-118 : 5120 2978 2168 5120 - - 1043 56 2 2 - : 172 1784 28 184 982 : 168 4 812 812 0 : 0 1 84 0 86 - 0 : 0.224466 2797.8 0.0 0.061846 2813.4 0.0 : 3 --c 0000 : 23 0 0.000 0.000 0 0.000 0.000 0 0.000 0.000 : 48.880341 48.881959 0.000351 48.938806 0.000190 48.940593 0.000066 48.941703 0.000120 : 48.942187 ]
[48.943s][info][gc       ] [SYSINFO 7573 191 89 0 7038 0 20 0 0 5745 : - - - - - - - - : 0 7168 : 2.06 0.99 1.40 : 278178 4215272 : 0 0 : 17 0 : 1547 2 0 263 : - 7668883456 333475840 1436151808 5939011584 199507968 93806592 : 140688591 4973750 130830 0 0 0 : 48.942507 ]
[48.943s][info][gc       ] [HUGEPAGESTAT 0 0 0 - 20840 0 0 : 612352 0 0 : 48.942507 ]
[48.943s][info][gc       ] [OBJCREAT 103592100 25040 5310464 : 48.942560 ]
[48.943s][info][gc       ] [HMSV All : 0 0 30 0 0 0 0 0 : 4956 0 0 0 : 48.942577 ]
[48.943s][info][gc       ] [HMSP 9 : 41100 0 : 48.942577 ]
[48.943s][info][gc       ] [VMAC 65530 166 24 430 620 : 48.943138 ]
[49.184s][info][gc       ] [GPGC-H  2624.9 429.4 1.9 0.0 : 198.3 : 0.000 0.000 : 0.000 0.000 0.617 1.898 : 0.000 0.000 0.000 0.000 1.505 0.875 : 0.000 : 71.789 : 804 1784 28 0 : 2266 : 4608 4424 : 49.184456 : 9 Next_heuristic_check_may_be_too_late ]
[49.187s][info][safepoint] Application time: 0.2443010 seconds
[49.187s][info][safepoint] Total time for which application threads were stopped: 0.0003670 seconds, Stopping threads took: 0.0000005 seconds
[49.187s][info][gc       ] [SPS 0.000 0.003 0.003 0.008 0.001 0.001 0.000 0.316 0.042 0.367 NewGC_pause1 49.186568 ]
[49.244s][info][safepoint] Application time: 0.0569310 seconds
[49.244s][info][safepoint] Total time for which application threads were stopped: 0.0001759 seconds, Stopping threads took: 0.0000005 seconds
[49.244s][info][gc       ] [SPS 0.000 0.001 0.000 0.007 0.000 0.001 0.000 0.144 0.024 0.176 NewGC_pause2 49.243675 ]
[49.246s][info][safepoint] Application time: 0.0018041 seconds
[49.246s][info][safepoint] Total time for which application threads were stopped: 0.0001459 seconds, Stopping threads took: 0.0000005 seconds
[49.246s][info][gc       ] [SPS 0.000 0.000 0.000 0.007 0.000 0.001 0.000 0.110 0.027 0.146 NewGC_pause3 49.245625 ]
[49.247s][info][safepoint] Application time: 0.0010662 seconds
[49.247s][info][safepoint] Total time for which application threads were stopped: 0.0001597 seconds, Stopping threads took: 0.0000005 seconds
[49.248s][info][gc       ] [SPS 0.000 0.002 0.002 0.007 0.000 0.001 0.000 0.121 0.030 0.160 NewGC_pause4 49.246851 ]
[49.247s][info][gc       ] [GC New Max 128-119 : 5120 2968 2164 5120 - - 1043 56 2 2 - : 168 1784 28 184 972 : 164 4 806 806 0 : 0 1 82 0 84 - 0 : 0.242614 2605.0 0.0 0.062253 2730.8 0.0 : 3 --c 0000 : 23 0 0.000 0.000 0 0.000 0.000 0 0.000 0.000 : 49.184801 49.186200 0.000254 49.243499 0.000112 49.245479 0.000067 49.246691 0.000066 : 49.247054 ]
[49.247s][info][gc       ] [SYSINFO 7573 191 89 0 7038 0 20 0 0 5745 : - - - - - - - - : 0 7168 : 1.98 0.99 1.39 : 278178 4215272 : 0 0 : 17 0 : 1547 2 0 263 : - 7668883456 333475840 1436151808 5939011584 199507968 93806592 : 140688591 4974220 130890 0 0 0 : 49.247342 ]
[49.247s][info][gc       ] [HUGEPAGESTAT 0 0 0 - 20840 0 0 : 612352 0 0 : 49.247342 ]
[49.247s][info][gc       ] [OBJCREAT 104385909 25040 5310464 : 49.247408 ]
[49.247s][info][gc       ] [HMSV All : 0 0 30 0 0 0 0 0 : 4956 0 0 0 : 49.247432 ]
[49.247s][info][gc       ] [HMSP 9 : 41100 0 : 49.247432 ]
[49.248s][info][gc       ] [VMAC 65530 166 24 430 620 : 49.247987 ]
[49.369s][info][gc       ] [GPGC-H  2624.9 429.4 1.9 0.0 : 198.3 : 0.000 0.000 : 0.000 0.000 0.610 1.898 : 0.000 0.000 0.000 0.000 1.487 0.875 : 0.000 : 71.071 : 870 1784 28 0 : 2266 : 4608 4424 : 49.369304 : 9 Next_heuristic_check_may_be_too_late ]
[49.373s][info][safepoint] Application time: 0.1256559 seconds
[49.374s][info][safepoint] Total time for which application threads were stopped: 0.0005231 seconds, Stopping threads took: 0.0000009 seconds
[49.374s][info][gc       ] [SPS 0.000 0.005 0.005 0.013 0.001 0.002 0.001 0.441 0.066 0.523 NewGC_pause1 49.373030 ]
[49.721s][info][safepoint] Application time: 0.3477223 seconds
[49.721s][info][safepoint] Total time for which application threads were stopped: 0.0001705 seconds, Stopping threads took: 0.0000005 seconds
[49.722s][info][gc       ] [SPS 0.000 0.002 0.000 0.007 0.000 0.001 0.000 0.137 0.024 0.170 NewGC_pause2 49.720923 ]
[49.723s][info][safepoint] Application time: 0.0015501 seconds
[49.723s][info][safepoint] Total time for which application threads were stopped: 0.0001777 seconds, Stopping threads took: 0.0000005 seconds
[49.723s][info][gc       ] [SPS 0.000 0.001 0.000 0.008 0.000 0.001 0.000 0.142 0.027 0.178 NewGC_pause3 49.722651 ]
[49.724s][info][safepoint] Application time: 0.0012437 seconds
[49.724s][info][safepoint] Total time for which application threads were stopped: 0.0001807 seconds, Stopping threads took: 0.0000005 seconds
[49.725s][info][gc       ] [SPS 0.000 0.003 0.002 0.007 0.000 0.001 0.000 0.146 0.026 0.181 NewGC_pause4 49.724076 ]
[49.725s][info][gc       ] [GC New Max 129-120 : 5120 4460 4094 5120 - - 1043 56 2 2 - : 2098 1784 28 184 2464 : 2088 11 372 372 0 : 0 1 790 0 915 - 134 : 0.122927 5727.0 0.0 0.354570 4495.6 0.0 : 3 --c 0000 : 23 0 0.000 0.000 0 0.000 0.000 0 0.000 0.000 : 49.369981 49.372507 0.000401 49.720753 0.000103 49.722473 0.000109 49.723895 0.000111 : 49.724551 ]
[49.725s][info][gc       ] [SYSINFO 7573 191 89 0 7038 0 20 0 0 5745 : - - - - - - - - : 0 7168 : 1.98 0.99 1.39 : 278178 4215272 : 0 0 : 17 0 : 1547 2 0 263 : - 7668883456 333475840 1436151808 5939011584 199507968 93806592 : 140688591 4975420 131020 0 0 0 : 49.724829 ]
[49.725s][info][gc       ] [HUGEPAGESTAT 0 0 0 - 20840 0 0 : 612352 0 0 : 49.724829 ]
[49.725s][info][gc       ] [OBJCREAT 106660666 25040 5310464 : 49.724884 ]
[49.725s][info][gc       ] [HMSV All : 0 0 40 0 0 0 0 0 : 4956 0 0 0 : 49.724903 ]
[49.725s][info][gc       ] [HMSP 9 : 41100 0 : 49.724903 ]
[49.725s][info][gc       ] [VMAC 65530 166 24 430 620 : 49.725459 ]
[49.786s][info][gc       ] [GPGC-H  2624.9 429.4 1.9 0.0 : 198.3 : 0.000 0.000 : 0.000 0.000 0.604 1.898 : 0.000 0.000 0.000 0.000 1.460 0.875 : 0.000 : 74.256 : 2276 1784 28 0 : 2266 : 4608 4424 : 49.786120 : 9 Next_heuristic_check_may_be_too_late ]
[49.790s][info][safepoint] Application time: 0.0653710 seconds
[49.790s][info][safepoint] Total time for which application threads were stopped: 0.0004433 seconds, Stopping threads took: 0.0000005 seconds
[49.791s][info][gc       ] [SPS 0.000 0.003 0.003 0.009 0.001 0.001 0.000 0.388 0.044 0.444 NewGC_pause1 49.789890 ]
[50.597s][info][safepoint] Application time: 0.8070269 seconds
[50.598s][info][safepoint] Total time for which application threads were stopped: 0.0001884 seconds, Stopping threads took: 0.0000004 seconds
[50.598s][info][gc       ] [SPS 0.000 0.001 0.000 0.006 0.000 0.001 0.001 0.155 0.026 0.188 NewGC_pause2 50.597106 ]
[50.600s][info][safepoint] Application time: 0.0024327 seconds
[50.600s][info][safepoint] Total time for which application threads were stopped: 0.0001950 seconds, Stopping threads took: 0.0000005 seconds
[50.600s][info][gc       ] [SPS 0.000 0.000 0.000 0.007 0.001 0.001 0.000 0.161 0.026 0.195 NewGC_pause3 50.599734 ]
[50.627s][info][safepoint] Application time: 0.0275409 seconds
[50.628s][info][safepoint] Total time for which application threads were stopped: 0.0001234 seconds, Stopping threads took: 0.0000005 seconds
[50.628s][info][gc       ] [SPS 0.000 0.005 0.006 0.009 0.000 0.001 0.000 0.083 0.030 0.123 NewGC_pause4 50.627398 ]
[50.770s][info][gc       ] [GC New Max 130-121 : 5120 4982 4712 5120 - - 1043 56 2 2 - : 2716 1784 28 184 2986 : 2464 7 515 515 93 : 0 307 351 0 1303 - 55 : 0.062100 2866.3 0.0 0.983280 874.6 0.0 : 3 --c 0000 : 23 10654 0.000 0.001 0 0.000 0.000 10654 0.000 0.001 : 49.786651 49.789447 0.000355 50.596917 0.000109 50.599538 0.000108 50.627275 0.000072 : 50.769931 ]
[50.770s][info][gc       ] [SYSINFO 7573 191 89 0 7038 0 20 0 0 5745 : - - - - - - - - : 0 7168 : 1.98 0.99 1.39 : 278178 4215272 : 0 0 : 17 0 : 1547 2 0 263 : - 7669018624 333475840 1436286976 5939011584 199507968 93806592 : 140688591 4978960 131180 0 0 0 : 50.770235 ]
[50.770s][info][gc       ] [HUGEPAGESTAT 0 0 0 - 20840 0 0 : 612352 0 0 : 50.770235 ]
[50.770s][info][gc       ] [OBJCREAT 107699900 25040 5310464 : 50.770301 ]
[50.770s][info][gc       ] [HMSV All : 0 0 40 0 0 0 0 0 : 4980 0 0 0 : 50.770322 ]
[50.770s][info][gc       ] [HMSP 9 : 41100 0 : 50.770322 ]
[50.771s][info][gc       ] [GPGC-H  3050.7 382.8 1.7 0.0 : 176.8 : 0.000 0.000 : 0.000 0.000 0.983 1.898 : 0.000 0.000 0.000 0.000 1.460 0.875 : 0.000 : 94.060 : 2720 1784 28 0 : 2266 : 4608 4424 : 50.770943 : 3 Heap_use_exceeded_committed ]
[50.771s][info][gc       ] [VMAC 65530 166 24 430 620 : 50.770991 ]
[50.777s][info][safepoint] Application time: 0.1496547 seconds
[50.778s][info][safepoint] Total time for which application threads were stopped: 0.0003621 seconds, Stopping threads took: 0.0000005 seconds
[50.778s][info][gc       ] [SPS 0.001 0.001 0.007 0.007 0.000 0.001 0.000 0.326 0.027 0.362 NewGC_pause1 50.777415 ]
[51.644s][info][safepoint] Application time: 0.8658678 seconds
[51.644s][info][safepoint] Total time for which application threads were stopped: 0.0002320 seconds, Stopping threads took: 0.0000005 seconds
[51.644s][info][gc       ] [SPS 0.000 0.001 0.000 0.009 0.001 0.001 0.001 0.184 0.036 0.232 NewGC_pause2 51.643515 ]
[51.645s][info][safepoint] Application time: 0.0016229 seconds
[51.645s][info][safepoint] Total time for which application threads were stopped: 0.0000944 seconds, Stopping threads took: 0.0000005 seconds
[51.646s][info][gc       ] [SPS 0.000 0.001 0.000 0.006 0.000 0.001 0.000 0.067 0.020 0.095 NewGC_pause3 51.645232 ]
[51.649s][info][safepoint] Application time: 0.0025422 seconds
[51.649s][info][safepoint] Total time for which application threads were stopped: 0.0009237 seconds, Stopping threads took: 0.0000006 seconds
[51.649s][info][gc       ] [SPS 0.000 0.001 0.000 0.010 0.001 0.001 0.000 0.879 0.033 0.924 OldGC_pause2 51.648698 ]
[51.652s][info][safepoint] Application time: 0.0035767 seconds
[51.653s][info][safepoint] Total time for which application threads were stopped: 0.0001890 seconds, Stopping threads took: 0.0000005 seconds
[51.653s][info][gc       ] [SPS 0.000 0.001 0.000 0.007 0.001 0.001 0.000 0.154 0.026 0.189 OldGC_pause3 51.652464 ]
[51.659s][info][safepoint] Application time: 0.0058637 seconds
[51.659s][info][safepoint] Total time for which application threads were stopped: 0.0001605 seconds, Stopping threads took: 0.0000006 seconds
[51.659s][info][gc       ] [SPS 0.000 4.694 0.006 0.008 0.001 0.001 0.000 0.113 0.038 0.160 NewGC_pause4 51.658489 ]
[51.708s][info][gc       ] [GC NTO Max 131-122 : 5120 4970 4218 5120 - - 1043 56 2 2 - : 2222 1784 28 184 2974 : 2013 9 955 955 0 : 0 59 124 0 1056 - 55 : 0.001334 2997.5 0.0 0.936184 399.5 0.0 : 3 --c 0000 : 23 7881 0.000 0.000 0 0.000 0.000 7881 0.000 0.000 : 50.771265 50.777053 0.000268 51.643284 0.000141 51.645138 0.000073 51.658328 0.000118 : 51.707449 ]
[51.708s][info][gc       ] [SYSINFO 7574 191 89 0 7038 0 20 0 0 5745 : - - - - - - - - : 0 7168 : 1.98 0.99 1.39 : 278178 4215272 : 0 0 : 17 0 : 1547 3 0 263 : - 7669018624 333475840 1436286976 5939011584 199507968 93806592 : 140688591 4982120 131280 0 0 0 : 51.707853 ]
[51.708s][info][gc       ] [HUGEPAGESTAT 0 0 0 - 20840 0 0 : 612352 0 0 : 51.707853 ]
[51.708s][info][gc       ] [OBJCREAT 108080306 25117 5310464 : 51.707935 ]
[51.708s][info][gc       ] [HMSV All : 0 0 40 0 0 0 0 0 : 4980 0 0 0 : 51.707963 ]
[51.708s][info][gc       ] [HMSP 9 : 41100 0 : 51.707963 ]
[51.709s][info][gc       ] [GPGC-H  2953.4 382.8 1.7 0.0 : 176.8 : 0.000 0.000 : 0.000 0.000 0.981 1.898 : 0.000 0.000 0.000 0.000 1.460 0.875 : 0.000 : 99.858 : 2224 1784 28 0 : 2266 : 4608 4424 : 51.708792 : 8 May_exceed_heap_occupancy_target ]
[51.709s][info][gc       ] [VMAC 65530 166 24 430 620 : 51.708825 ]
[51.717s][info][safepoint] Application time: 0.0579517 seconds
[51.717s][info][safepoint] Total time for which application threads were stopped: 0.0003958 seconds, Stopping threads took: 0.0000005 seconds
[51.718s][info][gc       ] [SPS 0.000 0.002 0.002 0.008 0.001 0.001 0.000 0.358 0.028 0.396 NewGC_pause1 51.716837 ]
[52.444s][info][safepoint] Application time: 0.7267967 seconds
[52.444s][info][safepoint] Total time for which application threads were stopped: 0.0000984 seconds, Stopping threads took: 0.0000005 seconds
[52.445s][info][gc       ] [SPS 0.000 0.001 0.000 0.009 0.000 0.001 0.000 0.061 0.032 0.103 NewGC_pause2 52.443737 ]
[52.445s][info][safepoint] Application time: 0.0016310 seconds
[52.446s][info][safepoint] Total time for which application threads were stopped: 0.0000708 seconds, Stopping threads took: 0.0000005 seconds
[52.446s][info][gc       ] [SPS 0.000 0.001 0.000 0.006 0.000 0.001 0.000 0.045 0.018 0.071 NewGC_pause3 52.445433 ]
[52.469s][info][safepoint] Application time: 0.0229017 seconds
[52.469s][info][safepoint] Total time for which application threads were stopped: 0.0001977 seconds, Stopping threads took: 0.0000005 seconds
[52.470s][info][gc       ] [SPS 0.000 0.009 0.004 0.007 0.000 0.001 0.000 0.159 0.030 0.198 NewGC_pause4 52.468533 ]
[52.961s][info][gc       ] [GC New Max 133-123 : 5120 4884 4834 5120 - - 1043 56 2 2 - : 2076 2546 28 184 2888 : 2409 2 472 472 50 : 381 0 322 0 1038 - 0 : 0.005912 2368.2 0.0 1.247743 815.9 0.0 : 3 --c 0000 : 23 9638 0.000 0.001 0 0.000 0.000 9638 0.000 0.001 : 51.713361 51.716441 0.000322 52.443633 0.000059 52.445363 0.000048 52.468335 0.000113 : 52.961104 ]
[52.961s][info][gc       ] [SYSINFO 7574 191 89 0 7038 0 20 0 0 5745 : - - - - - - - - : 0 7168 : 1.98 0.99 1.39 : 278178 4215272 : 0 0 : 17 0 : 1547 2 0 263 : - 7669153792 333475840 1436422144 5939011584 199507968 93806592 : 140688591 4986180 131350 0 0 0 : 52.961398 ]
[52.961s][info][gc       ] [HUGEPAGESTAT 0 0 0 - 20840 0 0 : 612352 0 0 : 52.961398 ]
[52.961s][info][gc       ] [OBJCREAT 109116344 25117 6055936 : 52.961455 ]
[52.961s][info][gc       ] [HMSV All : 0 0 40 0 0 0 0 0 : 4980 0 0 0 : 52.961473 ]
[52.961s][info][gc       ] [HMSP 9 : 41100 0 : 52.961473 ]
[52.963s][info][gc       ] [GPGC-H  2847.4 377.9 1.5 0.0 : 159.8 : 0.000 0.000 : 0.000 0.000 0.978 1.898 : 0.000 0.000 0.000 0.000 1.919 0.875 : 0.000 : 99.857 : 2080 2546 28 0 : 2266 : 4608 4424 : 52.962669 : 3 Heap_use_exceeded_committed ]
[52.963s][info][gc       ] [VMAC 65530 166 24 430 620 : 52.962549 ]
[52.965s][info][safepoint] Application time: 0.4959983 seconds
[52.965s][info][safepoint] Total time for which application threads were stopped: 0.0001827 seconds, Stopping threads took: 0.0000005 seconds
[52.966s][info][gc       ] [SPS 0.000 0.003 0.005 0.010 0.001 0.001 0.000 0.119 0.052 0.183 OldGC_pause4 52.964714 ]
[52.966s][info][gc       ] [GC Old Max 132-10 : 5120 4982 3066 5120 - - 1043 56 2 2 - : 2086 770 26 184 2576 : 788 11 1777 1777 0 : 0 3 381 0 343 - 55 : 11.257202 0.0 0.0 2.191691 332.2 0.0 : 1 --c 0000 : 23   -    -    -    -    -    -    -    -    -  : 50.773642 50.777053 0.000268 51.647775 0.000873 51.652275 0.000118 52.964532 0.000058 : 52.965333 ]
[52.966s][info][gc       ] [SYSINFO 7574 191 89 0 7038 0 20 0 0 5745 : - - - - - - - - : 0 7168 : 1.98 0.99 1.39 : 278178 4215272 : 0 0 : 17 0 : 1547 2 0 263 : - 7669153792 333475840 1436422144 5939011584 199507968 93806592 : 140688591 4986180 131350 0 0 0 : 52.965585 ]
[52.966s][info][gc       ] [HUGEPAGESTAT 0 0 0 - 20840 0 0 : 612352 0 0 : 52.965585 ]
[52.966s][info][gc       ] [OBJCREAT 109124274 25117 6055936 : 52.965639 ]
[52.966s][info][gc       ] [HMSV All : 0 0 40 0 0 0 0 0 : 4980 0 0 0 : 52.965654 ]
[52.966s][info][gc       ] [HMSP 9 : 41100 0 : 52.965654 ]
[52.966s][info][gc       ] [COMPSTATS 1 : 5 0 : 1 0 : 0 0 : 514 4 0 0 0 0 : 0 0 0 0 0 0 : 188 191 21 : 518 0 0 0 0 0 0 : 518 0 0 0 0 0 0 ]
[52.966s][info][gc       ] [COMPSTATS 2 : 5 0 : 1 0 : 0 0 : 133 9 0 0 0 0 : 0 0 0 0 0 0 : 62012 62071 10930 : 76 38 28 0 0 0 0 : 17 102 17 3 3 0 0 ]
[52.966s][info][gc       ] [DEOPTSTATS 1 : 1 0 : 0 0 : 0 0 : 0 0 : 0 12 : 0 0 : 0 0 : 0 0 : 0 0 : 0 0 : 0 0 : 0 0 : 0 0 : 0 0 : 0 0 : 0 0 : 0 0 : 0 0 : 0 0 : 0 0 : 0 0 : 0 0 : 0 0 : 0 0 : 0 0 : 0 0 : 0 0 : 0 0 : 0 0 : 0 0 : 6 0 : 0 0 : 0 0 : 0 0 : 0 0 : 0 0 : 0 0 : 0 0 : 0 0 : 0 0 : 0 0 : 0 0 ]
[52.966s][info][gc       ] [DEOPTSTATS 2 : 0 0 : 0 0 : 0 0 : 0 0 : 0 0 : 0 0 : 0 13 : 0 0 : 0 0 : 0 0 : 0 0 : 0 0 : 0 0 : 0 0 : 0 0 : 0 0 : 0 0 : 0 0 : 0 0 : 0 0 : 0 1 : 0 0 : 0 0 : 0 0 : 0 0 : 0 0 : 0 0 : 0 0 : 0 0 : 0 0 : 4 0 : 0 0 : 0 0 : 0 0 : 0 1 : 0 0 : 0 0 : 0 0 : 0 0 : 0 5 : 0 0 : 0 0 ]
[52.968s][info][gc       ] [CCF 0 0 0 0 36 229376: 2963968 : 380 196608 : 3 49152 : 317 311808 :  506 612352 : 118 412160 : 0 0 : 14 1146880 : 1 2048]
[52.967s][info][gc       ] [VMAC 65530 166 24 430 620 : 52.966579 ]
[52.971s][info][safepoint] Application time: 0.0055941 seconds
[52.971s][info][safepoint] Total time for which application threads were stopped: 0.0002541 seconds, Stopping threads took: 0.0000007 seconds
[52.971s][info][gc       ] [SPS 0.000 0.003 0.002 0.010 0.001 0.001 0.000 0.223 0.019 0.254 NewGC_pause1 52.970563 ]
[53.570s][info][safepoint] Application time: 0.5993881 seconds
[53.571s][info][safepoint] Total time for which application threads were stopped: 0.0001804 seconds, Stopping threads took: 0.0000005 seconds
[53.571s][info][gc       ] [SPS 0.000 0.001 0.000 0.007 0.001 0.001 0.000 0.136 0.035 0.180 NewGC_pause2 53.570131 ]
[53.572s][info][safepoint] Application time: 0.0019824 seconds
[53.573s][info][safepoint] Total time for which application threads were stopped: 0.0002149 seconds, Stopping threads took: 0.0000007 seconds
[53.573s][info][gc       ] [SPS 0.000 0.001 0.000 0.010 0.001 0.001 0.001 0.157 0.046 0.215 NewGC_pause3 53.572329 ]
[53.594s][info][safepoint] Application time: 0.0217394 seconds
[53.594s][info][safepoint] Total time for which application threads were stopped: 0.0001049 seconds, Stopping threads took: 0.0000006 seconds
[53.595s][info][gc       ] [SPS 0.000 0.004 0.002 0.008 0.001 0.001 0.000 0.072 0.023 0.105 NewGC_pause4 53.594173 ]
[53.903s][info][gc       ] [GC New Max 134-124 : 5120 4840 4072 5120 - - 1043 56 2 2 - : 2454 1408 26 184 3270 : 2188 4 1080 1080 13 : 319 0 587 0 1227 - 0 : 0.006051 2313.6 0.0 0.935376 2210.9 0.0 : 3 --c 0000 : 23 0 0.000 0.000 0 0.000 0.000 0 0.000 0.000 : 52.967155 52.970309 0.000227 53.569951 0.000090 53.572114 0.000075 53.594068 0.000071 : 53.902531 ]
[53.903s][info][gc       ] [SYSINFO 7574 191 89 0 7038 0 20 0 0 5745 : - - - - - - - - : 0 7168 : 1.98 0.99 1.39 : 278178 4215272 : 0 0 : 17 0 : 1547 2 0 263 : - 7669153792 333475840 1436422144 5939011584 199507968 93806592 : 140688591 4989920 131470 0 0 0 : 53.902825 ]
[53.903s][info][gc       ] [HUGEPAGESTAT 0 0 0 - 20840 0 0 : 612352 0 0 : 53.902825 ]
[53.903s][info][gc       ] [OBJCREAT 111179794 25117 6709248 : 53.902891 ]
[53.903s][info][gc       ] [HMSV All : 0 0 40 0 0 0 0 0 : 4980 0 0 0 : 53.902913 ]
[53.903s][info][gc       ] [HMSP 9 : 41100 0 : 53.902913 ]
[53.904s][info][gc       ] [GPGC-H  2847.4 377.9 1.5 0.0 : 159.8 : 0.000 0.000 : 0.000 0.000 0.969 2.192 : 0.000 0.000 0.000 0.000 2.421 0.875 : 0.000 : 99.888 : 2458 1408 26 0 : 2266 : 4608 4424 : 53.903727 : 11 Old_headroom_use_exceeded_trigger ]
[53.904s][info][gc       ] [VMAC 65530 166 24 430 620 : 53.903536 ]
[53.909s][info][safepoint] Application time: 0.3141307 seconds
[53.909s][info][safepoint] Total time for which application threads were stopped: 0.0002318 seconds, Stopping threads took: 0.0000005 seconds
[53.909s][info][gc       ] [SPS 0.000 0.001 0.003 0.008 0.001 0.001 0.000 0.198 0.024 0.232 NewGC_pause1 53.908536 ]
[54.322s][info][safepoint] Application time: 0.4135948 seconds
[54.323s][info][safepoint] Total time for which application threads were stopped: 0.0001150 seconds, Stopping threads took: 0.0000004 seconds
[54.323s][info][gc       ] [SPS 0.000 0.001 0.000 0.007 0.000 0.001 0.000 0.092 0.014 0.114 NewGC_pause2 54.322246 ]
[54.324s][info][safepoint] Application time: 0.0018141 seconds
[54.324s][info][safepoint] Total time for which application threads were stopped: 0.0001120 seconds, Stopping threads took: 0.0000004 seconds
[54.326s][info][gc       ] [SPS 0.000 0.001 0.000 0.007 0.000 0.001 0.000 0.089 0.014 0.112 NewGC_pause3 54.324172 ]
[54.348s][info][safepoint] Application time: 0.0237926 seconds
[54.349s][info][safepoint] Total time for which application threads were stopped: 0.0001587 seconds, Stopping threads took: 0.0000005 seconds
[54.349s][info][gc       ] [SPS 0.000 0.066 0.007 0.008 0.000 0.001 0.000 0.108 0.041 0.159 NewGC_pause4 54.348124 ]
[54.575s][info][gc       ] [GC NTO Max 135-125 : 5120 4788 3160 5120 - - 1046 56 2 2 - : 1208 1742 26 184 3170 : 1078 3 2091 2091 1 : 167 0 350 0 604 - 0 : 0.001543 2592.6 0.0 0.670749 1744.3 0.0 : 3 --c 0001 : 23 2409 0.000 0.000 0 0.000 0.000 2409 0.000 0.000 : 53.904074 53.908304 0.000190 54.322131 0.000096 54.324060 0.000094 54.347965 0.000065 : 54.574823 ]
[54.575s][info][gc       ] [SYSINFO 7577 191 89 0 7041 0 20 0 0 5745 : - - - - - - - - : 0 7168 : 2.14 1.04 1.41 : 278178 4215272 : 0 0 : 17 0 : 1547 3 0 263 : - 7672397824 333475840 1439666176 5939011584 199507968 93806592 : 140688591 4993180 131550 0 0 0 : 54.575091 ]
[54.575s][info][gc       ] [HUGEPAGESTAT 0 0 0 - 20840 0 0 : 612352 0 0 : 54.575091 ]
[54.575s][info][gc       ] [OBJCREAT 112341530 25117 7024640 : 54.575154 ]
[54.575s][info][gc       ] [HMSV All : 0 0 40 0 0 0 0 0 : 4980 0 0 0 : 54.575178 ]
[54.575s][info][gc       ] [HMSP 9 : 41100 0 : 54.575178 ]
[54.576s][info][gc       ] [GPGC-H  2798.0 377.9 1.5 0.0 : 159.8 : 0.000 0.000 : 0.000 0.000 0.956 2.192 : 0.000 0.000 0.000 0.000 2.421 0.875 : 0.000 : 99.884 : 1212 1742 26 0 : 2266 : 4608 4424 : 54.576500 : 8 May_exceed_heap_occupancy_target ]
[54.576s][info][gc       ] [VMAC 65530 166 24 430 620 : 54.575873 ]
[54.583s][info][safepoint] Application time: 0.2342021 seconds
[54.583s][info][safepoint] Total time for which application threads were stopped: 0.0003158 seconds, Stopping threads took: 0.0000005 seconds
[54.584s][info][gc       ] [SPS 0.000 0.015 0.004 0.008 0.001 0.001 0.000 0.272 0.034 0.316 NewGC_pause1 54.582642 ]
[54.754s][info][safepoint] Application time: 0.1712538 seconds
[54.754s][info][safepoint] Total time for which application threads were stopped: 0.0001858 seconds, Stopping threads took: 0.0000004 seconds
[54.755s][info][gc       ] [SPS 0.000 0.001 0.000 0.007 0.000 0.001 0.000 0.152 0.025 0.186 NewGC_pause2 54.754082 ]
[54.756s][info][safepoint] Application time: 0.0015681 seconds
[54.756s][info][safepoint] Total time for which application threads were stopped: 0.0001941 seconds, Stopping threads took: 0.0000005 seconds
[54.756s][info][gc       ] [SPS 0.000 0.000 0.000 0.008 0.000 0.001 0.000 0.160 0.025 0.194 NewGC_pause3 54.755844 ]
[54.764s][info][safepoint] Application time: 0.0079968 seconds
[54.765s][info][safepoint] Total time for which application threads were stopped: 0.0001864 seconds, Stopping threads took: 0.0000005 seconds
[54.765s][info][gc       ] [SPS 0.000 0.118 0.007 0.008 0.001 0.001 0.000 0.126 0.050 0.186 NewGC_pause4 54.764027 ]
[54.820s][info][gc       ] [GC New Max 137-126 : 5120 3658 2652 5120 - - 1046 56 2 2 - : 652 1790 26 184 1706 : 527 4 1176 1176 0 : 24 1 240 0 326 - 0 : 0.005480 2554.7 0.0 0.239019 2736.2 0.0 : 3 --c 0000 : 23 0 0.000 0.000 0 0.000 0.000 0 0.000 0.000 : 54.580303 54.582326 0.000269 54.753896 0.000099 54.755650 0.000116 54.763841 0.000081 : 54.819322 ]
[54.820s][info][gc       ] [SYSINFO 7577 191 89 0 7041 0 20 0 0 5745 : - - - - - - - - : 0 7168 : 2.14 1.04 1.41 : 278178 4215272 : 0 0 : 17 0 : 1547 3 0 263 : - 7672397824 333475840 1439666176 5939011584 199507968 93806592 : 140688591 4994360 131640 0 0 0 : 54.819596 ]
[54.820s][info][gc       ] [HUGEPAGESTAT 0 0 0 - 20840 0 0 : 612352 0 0 : 54.819596 ]
[54.820s][info][gc       ] [OBJCREAT 113006553 25117 7073792 : 54.819651 ]
[54.820s][info][gc       ] [HMSV All : 0 0 40 0 0 0 0 0 : 4980 0 0 0 : 54.819674 ]
[54.820s][info][gc       ] [HMSP 9 : 41100 0 : 54.819674 ]
[54.821s][info][gc       ] [VMAC 65530 166 24 430 620 : 54.820558 ]
[55.002s][info][gc       ] [GPGC-H  2798.0 492.4 1.4 0.0 : 145.5 : 0.000 0.000 : 0.000 0.000 0.946 2.192 : 0.000 0.000 0.000 0.000 2.419 0.875 : 0.000 : 99.879 : 1158 1790 26 0 : 2266 : 4608 4424 : 55.001586 : 8 May_exceed_heap_occupancy_target ]
[55.004s][info][safepoint] Application time: 0.2399798 seconds
[55.005s][info][safepoint] Total time for which application threads were stopped: 0.0002577 seconds, Stopping threads took: 0.0000005 seconds
[55.005s][info][gc       ] [SPS 0.000 0.009 0.006 0.008 0.001 0.001 0.000 0.228 0.019 0.258 NewGC_pause1 55.004265 ]
[55.105s][info][safepoint] Application time: 0.1003860 seconds
[55.105s][info][safepoint] Total time for which application threads were stopped: 0.0001597 seconds, Stopping threads took: 0.0000005 seconds
[55.106s][info][gc       ] [SPS 0.000 0.001 0.000 0.007 0.000 0.001 0.000 0.114 0.036 0.160 NewGC_pause2 55.104811 ]
[55.107s][info][safepoint] Application time: 0.0019316 seconds
[55.107s][info][safepoint] Total time for which application threads were stopped: 0.0001659 seconds, Stopping threads took: 0.0000005 seconds
[55.107s][info][gc       ] [SPS 0.000 0.000 0.000 0.008 0.001 0.001 0.000 0.129 0.028 0.166 NewGC_pause3 55.106908 ]
[55.108s][info][safepoint] Application time: 0.0012358 seconds
[55.109s][info][safepoint] Total time for which application threads were stopped: 0.0001760 seconds, Stopping threads took: 0.0000005 seconds
[55.109s][info][gc       ] [SPS 0.000 0.039 0.003 0.008 0.001 0.001 0.000 0.123 0.044 0.176 NewGC_pause4 55.108320 ]
[55.109s][info][gc       ] [GC New Max 138-127 : 5120 3462 2306 5120 - - 1046 56 2 2 - : 306 1790 26 184 1462 : 302 4 1160 1160 0 : 0 1 151 0 153 - 0 : 0.182763 2768.6 0.0 0.106592 2889.5 0.0 : 3 --c 0000 : 23 0 0.000 0.000 0 0.000 0.000 0 0.000 0.000 : 55.002085 55.004007 0.000232 55.104651 0.000070 55.106743 0.000069 55.108144 0.000075 : 55.108677 ]
[55.109s][info][gc       ] [SYSINFO 7577 191 89 0 7041 0 20 0 0 5745 : - - - - - - - - : 0 7168 : 2.14 1.04 1.41 : 278178 4215272 : 0 0 : 17 0 : 1547 3 0 263 : - 7672397824 333475840 1439666176 5939011584 199507968 93806592 : 140688591 4995190 131760 0 0 0 : 55.108949 ]
[55.109s][info][gc       ] [HUGEPAGESTAT 0 0 0 - 20840 0 0 : 612352 0 0 : 55.108949 ]
[55.109s][info][gc       ] [OBJCREAT 113812006 25117 7073792 : 55.109011 ]
[55.109s][info][gc       ] [HMSV All : 0 0 40 0 0 0 0 0 : 4980 0 0 0 : 55.109045 ]
[55.109s][info][gc       ] [HMSP 9 : 41100 0 : 55.109045 ]
[55.110s][info][gc       ] [VMAC 65530 166 24 430 620 : 55.109688 ]
[55.190s][info][safepoint] Application time: 0.0805603 seconds
[55.190s][info][safepoint] Total time for which application threads were stopped: 0.0008012 seconds, Stopping threads took: 0.0000005 seconds
[55.190s][info][gc       ] [SPS 0.000 0.001 0.000 0.008 0.001 0.001 0.000 0.758 0.033 0.801 OldGC_pause2 55.189682 ]
[55.193s][info][safepoint] Application time: 0.0032009 seconds
[55.193s][info][safepoint] Total time for which application threads were stopped: 0.0001504 seconds, Stopping threads took: 0.0000005 seconds
[55.194s][info][gc       ] [SPS 0.000 0.001 0.000 0.007 0.000 0.001 0.000 0.119 0.022 0.151 OldGC_pause3 55.193034 ]
[55.205s][info][safepoint] Application time: 0.0117041 seconds
[55.205s][info][safepoint] Total time for which application threads were stopped: 0.0001539 seconds, Stopping threads took: 0.0000005 seconds
[55.206s][info][gc       ] [SPS 0.000 0.002 0.002 0.007 0.001 0.001 0.000 0.118 0.027 0.154 OldGC_pause4 55.204892 ]
[55.214s][info][gc       ] [GC Old Max 136-11 : 5120 4788 2622 5120 - - 1046 56 2 2 - : 628 1784 26 184 1822 : 1800 12 2 2 0 : 0 7 191 2 850 - 55 : 0.940360 678.5 0.0 1.307708 272.2 0.0 : 1 --c 0000 : 23   -    -    -    -    -    -    -    -    -  : 53.905693 53.908304 0.000190 55.188881 0.000754 55.192883 0.000073 55.204738 0.000057 : 55.213401 ]
[55.214s][info][gc       ] [SYSINFO 7577 191 89 0 7041 0 20 0 0 5745 : - - - - - - - - : 0 7168 : 2.14 1.04 1.41 : 278178 4215272 : 0 0 : 17 0 : 1547 2 0 263 : - 7672397824 333475840 1439666176 5939011584 199507968 93806592 : 140688591 4995390 131820 0 0 0 : 55.213841 ]
[55.214s][info][gc       ] [HUGEPAGESTAT 0 0 0 - 20840 0 0 : 612352 0 0 : 55.213841 ]
[55.214s][info][gc       ] [OBJCREAT 114131146 25117 7073792 : 55.213946 ]
[55.214s][info][gc       ] [HMSV All : 0 0 40 0 0 0 0 0 : 4980 0 0 0 : 55.213983 ]
[55.214s][info][gc       ] [HMSP 9 : 41100 0 : 55.213983 ]
[55.214s][info][gc       ] [COMPSTATS 1 : 5 0 : 1 0 : 0 0 : 514 4 0 0 0 0 : 0 0 0 0 0 0 : 188 191 21 : 518 0 0 0 0 0 0 : 518 0 0 0 0 0 0 ]
[55.214s][info][gc       ] [COMPSTATS 2 : 5 0 : 1 0 : 0 0 : 133 9 0 0 0 0 : 0 0 0 0 0 0 : 62012 62071 10930 : 76 38 28 0 0 0 0 : 17 102 17 3 3 0 0 ]
[55.214s][info][gc       ] [DEOPTSTATS 1 : 1 0 : 0 0 : 0 0 : 0 0 : 0 12 : 0 0 : 0 0 : 0 0 : 0 0 : 0 0 : 0 0 : 0 0 : 0 0 : 0 0 : 0 0 : 0 0 : 0 0 : 0 0 : 0 0 : 0 0 : 0 0 : 0 0 : 0 0 : 0 0 : 0 0 : 0 0 : 0 0 : 0 0 : 0 0 : 0 0 : 6 0 : 0 0 : 0 0 : 0 0 : 0 0 : 0 0 : 0 0 : 0 0 : 0 0 : 0 0 : 0 0 : 0 0 ]
[55.214s][info][gc       ] [DEOPTSTATS 2 : 0 0 : 0 0 : 0 0 : 0 0 : 0 0 : 0 0 : 0 13 : 0 0 : 0 0 : 0 0 : 0 0 : 0 0 : 0 0 : 0 0 : 0 0 : 0 0 : 0 0 : 0 0 : 0 0 : 0 0 : 0 1 : 0 0 : 0 0 : 0 0 : 0 0 : 0 0 : 0 0 : 0 0 : 0 0 : 0 0 : 4 0 : 0 0 : 0 0 : 0 0 : 0 1 : 0 0 : 0 0 : 0 0 : 0 0 : 0 5 : 0 0 : 0 0 ]
[55.215s][info][gc       ] [VMAC 65530 166 24 430 620 : 55.214625 ]
[55.215s][info][gc       ] [CCF 0 0 0 0 36 229376: 2963968 : 380 196608 : 3 49152 : 317 311808 :  506 612352 : 118 412160 : 0 0 : 14 1146880 : 1 2048]
[55.311s][info][gc       ] [GPGC-H  2798.0 492.4 1.4 0.0 : 145.5 : 0.000 0.000 : 0.000 0.000 0.934 2.104 : 0.000 0.000 0.000 0.000 2.409 0.875 : 0.000 : 99.041 : 902 1784 26 0 : 2266 : 4608 4424 : 55.311283 : 9 Next_heuristic_check_may_be_too_late ]
[55.314s][info][safepoint] Application time: 0.1086870 seconds
[55.314s][info][safepoint] Total time for which application threads were stopped: 0.0001530 seconds, Stopping threads took: 0.0000005 seconds
[55.315s][info][gc       ] [SPS 0.000 0.013 0.003 0.007 0.001 0.001 0.000 0.127 0.017 0.153 NewGC_pause1 55.313732 ]
[55.389s][info][safepoint] Application time: 0.0749898 seconds
[55.389s][info][safepoint] Total time for which application threads were stopped: 0.0001566 seconds, Stopping threads took: 0.0000005 seconds
[55.390s][info][gc       ] [SPS 0.000 0.001 0.000 0.007 0.000 0.001 0.000 0.124 0.024 0.157 NewGC_pause2 55.388878 ]
[55.391s][info][safepoint] Application time: 0.0022198 seconds
[55.392s][info][safepoint] Total time for which application threads were stopped: 0.0002048 seconds, Stopping threads took: 0.0000005 seconds
[55.392s][info][gc       ] [SPS 0.000 0.000 0.000 0.007 0.001 0.001 0.000 0.167 0.029 0.205 NewGC_pause3 55.391303 ]
[55.393s][info][safepoint] Application time: 0.0015287 seconds
[55.393s][info][safepoint] Total time for which application threads were stopped: 0.0001656 seconds, Stopping threads took: 0.0000005 seconds
[55.394s][info][gc       ] [SPS 0.000 0.003 0.002 0.007 0.000 0.001 0.000 0.126 0.031 0.166 NewGC_pause4 55.392998 ]
[55.394s][info][gc       ] [GC New Max 139-128 : 5120 3120 2216 5120 - - 1046 56 2 2 - : 222 1784 26 184 1126 : 218 4 906 906 0 : 0 1 109 0 111 - 0 : 0.203123 2944.0 0.0 0.081410 2751.5 0.0 : 3 --c 0000 : 23 0 0.000 0.000 0 0.000 0.000 0 0.000 0.000 : 55.311801 55.313579 0.000131 55.388722 0.000052 55.391098 0.000055 55.392832 0.000075 : 55.393211 ]
[55.394s][info][gc       ] [SYSINFO 7577 191 89 0 7041 0 20 0 0 5745 : - - - - - - - - : 0 7168 : 2.14 1.04 1.41 : 278178 4215272 : 0 0 : 17 0 : 1547 2 0 263 : - 7672397824 333475840 1439666176 5939011584 199507968 93806592 : 140688591 4995770 131900 0 0 0 : 55.393526 ]
[55.394s][info][gc       ] [HUGEPAGESTAT 0 0 0 - 20840 0 0 : 612352 0 0 : 55.393526 ]
[55.394s][info][gc       ] [OBJCREAT 114624751 25117 7073792 : 55.393589 ]
[55.394s][info][gc       ] [HMSV All : 0 0 40 0 0 0 0 0 : 4980 0 0 0 : 55.393606 ]
[55.394s][info][gc       ] [HMSP 9 : 41100 0 : 55.393606 ]
[55.394s][info][gc       ] [VMAC 65530 166 24 430 620 : 55.394198 ]
[55.636s][info][gc       ] [GPGC-H  2798.0 492.4 1.4 0.0 : 145.5 : 0.000 0.000 : 0.000 0.000 0.923 2.104 : 0.000 0.000 0.000 0.000 2.392 0.875 : 0.000 : 98.121 : 868 1784 26 0 : 2266 : 4608 4424 : 55.636194 : 9 Next_heuristic_check_may_be_too_late ]
[55.639s][info][safepoint] Application time: 0.2455463 seconds
[55.639s][info][safepoint] Total time for which application threads were stopped: 0.0002268 seconds, Stopping threads took: 0.0000006 seconds
[55.640s][info][gc       ] [SPS 0.000 0.004 0.003 0.016 0.001 0.001 0.001 0.184 0.025 0.227 NewGC_pause1 55.638771 ]
[55.720s][info][safepoint] Application time: 0.0807698 seconds
[55.720s][info][safepoint] Total time for which application threads were stopped: 0.0001928 seconds, Stopping threads took: 0.0000005 seconds
[55.720s][info][gc       ] [SPS 0.000 0.001 0.000 0.008 0.001 0.001 0.000 0.143 0.040 0.193 NewGC_pause2 55.719734 ]
[55.722s][info][safepoint] Application time: 0.0018753 seconds
[55.722s][info][safepoint] Total time for which application threads were stopped: 0.0002162 seconds, Stopping threads took: 0.0000005 seconds
[55.723s][info][gc       ] [SPS 0.000 0.000 0.000 0.007 0.001 0.001 0.000 0.181 0.027 0.217 NewGC_pause3 55.721826 ]
[55.723s][info][safepoint] Application time: 0.0012530 seconds
[55.723s][info][safepoint] Total time for which application threads were stopped: 0.0001431 seconds, Stopping threads took: 0.0000005 seconds
[55.724s][info][gc       ] [SPS 0.000 0.003 0.002 0.007 0.001 0.001 0.000 0.108 0.026 0.143 NewGC_pause4 55.723222 ]
[55.724s][info][gc       ] [GC New Max 140-129 : 5120 3106 2236 5120 - - 1046 56 2 2 - : 240 1784 28 184 1110 : 238 4 870 870 0 : 0 1 119 0 120 - 0 : 0.243570 2652.2 0.0 0.086717 2790.7 23.1 : 3 --c 0000 : 23 0 0.000 0.000 0 0.000 0.000 0 0.000 0.000 : 55.636781 55.638544 0.000125 55.719541 0.000144 55.721609 0.000144 55.723078 0.000068 : 55.723499 ]
[55.724s][info][gc       ] [SYSINFO 7577 191 89 0 7041 0 20 0 0 5745 : - - - - - - - - : 0 7168 : 2.14 1.04 1.41 : 278178 4215272 : 0 0 : 17 0 : 1547 3 0 263 : - 7672397824 333475840 1439666176 5939011584 199507968 93806592 : 140688591 4996320 132000 0 0 0 : 55.723771 ]
[55.724s][info][gc       ] [HUGEPAGESTAT 0 0 0 - 20840 0 0 : 612352 0 0 : 55.723771 ]
[55.724s][info][gc       ] [OBJCREAT 115503573 25117 7073792 : 55.723834 ]
[55.724s][info][gc       ] [HMSV All : 0 0 40 0 0 0 0 0 : 4980 0 0 0 : 55.723847 ]
[55.724s][info][gc       ] [HMSP 9 : 41100 0 : 55.723847 ]
[55.724s][info][gc       ] [VMAC 65530 166 24 430 620 : 55.724357 ]
[55.987s][info][gc       ] [GPGC-H  2798.0 492.4 1.4 0.0 : 145.5 : 0.000 0.000 : 0.000 0.000 0.910 2.104 : 0.000 0.000 0.000 0.000 2.365 0.875 : 0.000 : 97.033 : 864 1784 28 0 : 2266 : 4608 4424 : 55.987311 : 9 Next_heuristic_check_may_be_too_late ]
[55.990s][info][safepoint] Application time: 0.2664599 seconds
[55.991s][info][safepoint] Total time for which application threads were stopped: 0.0002891 seconds, Stopping threads took: 0.0000005 seconds
[55.991s][info][gc       ] [SPS 0.000 0.003 0.003 0.007 0.001 0.001 0.000 0.249 0.031 0.289 NewGC_pause1 55.989971 ]
[56.065s][info][safepoint] Application time: 0.0749143 seconds
[56.066s][info][safepoint] Total time for which application threads were stopped: 0.0001722 seconds, Stopping threads took: 0.0000005 seconds
[56.066s][info][gc       ] [SPS 0.000 0.001 0.000 0.008 0.000 0.001 0.000 0.138 0.025 0.172 NewGC_pause2 56.065058 ]
[56.067s][info][safepoint] Application time: 0.0020769 seconds
[56.067s][info][safepoint] Total time for which application threads were stopped: 0.0000847 seconds, Stopping threads took: 0.0000005 seconds
[56.068s][info][gc       ] [SPS 0.000 0.000 0.000 0.007 0.000 0.001 0.000 0.054 0.022 0.085 NewGC_pause3 56.067219 ]
[56.068s][info][safepoint] Application time: 0.0011225 seconds
[56.069s][info][safepoint] Total time for which application threads were stopped: 0.0000992 seconds, Stopping threads took: 0.0000005 seconds
[56.069s][info][gc       ] [SPS 0.000 0.002 0.002 0.007 0.000 0.001 0.000 0.070 0.021 0.099 NewGC_pause4 56.068441 ]
[56.069s][info][gc       ] [GC New Max 141-130 : 5120 3086 2222 5120 - - 1046 56 2 2 - : 224 1784 28 184 1090 : 222 2 869 869 0 : 0 1 111 0 112 - 0 : 0.264319 2368.3 0.0 0.081053 2788.3 0.0 : 3 --c 0000 : 23 0 0.000 0.000 0 0.000 0.000 0 0.000 0.000 : 55.987818 55.989682 0.000201 56.064885 0.000071 56.067134 0.000055 56.068342 0.000068 : 56.068871 ]
[56.069s][info][gc       ] [SYSINFO 7577 191 89 0 7041 0 20 0 0 5745 : - - - - - - - - : 0 7168 : 2.14 1.04 1.41 : 278178 4215272 : 0 0 : 17 0 : 1547 2 0 263 : - 7672397824 333475840 1439666176 5939011584 199507968 93806592 : 140688591 4996890 132100 0 0 0 : 56.069324 ]
[56.069s][info][gc       ] [HUGEPAGESTAT 0 0 0 - 20840 0 0 : 612352 0 0 : 56.069324 ]
[56.069s][info][gc       ] [OBJCREAT 116347851 25117 7073792 : 56.069418 ]
[56.069s][info][gc       ] [HMSV All : 0 0 40 0 0 0 0 0 : 4980 0 0 0 : 56.069436 ]
[56.069s][info][gc       ] [HMSP 9 : 41100 0 : 56.069436 ]
[56.070s][info][gc       ] [VMAC 65530 166 24 430 620 : 56.070017 ]
[56.313s][info][gc       ] [GPGC-H  2798.0 492.4 1.4 0.0 : 145.5 : 0.000 0.000 : 0.000 0.000 0.897 2.104 : 0.000 0.000 0.000 0.000 2.332 0.875 : 0.000 : 95.868 : 870 1784 28 0 : 2266 : 4608 4424 : 56.312738 : 9 Next_heuristic_check_may_be_too_late ]
[56.316s][info][safepoint] Application time: 0.2467555 seconds
[56.316s][info][safepoint] Total time for which application threads were stopped: 0.0003727 seconds, Stopping threads took: 0.0000005 seconds
[56.317s][info][gc       ] [SPS 0.000 0.003 0.004 0.008 0.001 0.001 0.000 0.336 0.028 0.373 NewGC_pause1 56.315569 ]
[56.392s][info][safepoint] Application time: 0.0758642 seconds
[56.392s][info][safepoint] Total time for which application threads were stopped: 0.0001789 seconds, Stopping threads took: 0.0000006 seconds
[56.392s][info][gc       ] [SPS 0.000 0.001 0.000 0.009 0.001 0.001 0.000 0.145 0.023 0.179 NewGC_pause2 56.391613 ]
[56.394s][info][safepoint] Application time: 0.0017815 seconds
[56.394s][info][safepoint] Total time for which application threads were stopped: 0.0001951 seconds, Stopping threads took: 0.0000005 seconds
[56.394s][info][gc       ] [SPS 0.000 0.000 0.000 0.007 0.000 0.001 0.000 0.163 0.023 0.195 NewGC_pause3 56.393589 ]
[56.395s][info][safepoint] Application time: 0.0013053 seconds
[56.395s][info][safepoint] Total time for which application threads were stopped: 0.0001470 seconds, Stopping threads took: 0.0000005 seconds
[56.396s][info][gc       ] [GC New Max 142-131 : 5120 3030 2158 5120 - - 1046 56 2 2 - : 162 1784 28 184 1034 : 158 4 875 875 0 : 0 1 79 0 81 - 0 : 0.244582 2649.4 0.0 0.081880 2002.9 0.0 : 3 --c 0000 : 23 0 0.000 0.000 0 0.000 0.000 0 0.000 0.000 : 56.313453 56.315197 0.000302 56.391434 0.000147 56.393394 0.000109 56.394895 0.000112 : 56.395334 ]
[56.396s][info][gc       ] [SYSINFO 7577 191 89 0 7041 0 20 0 0 5745 : - - - - - - - - : 0 7168 : 2.14 1.04 1.41 : 278178 4215272 : 0 0 : 17 0 : 1547 2 0 263 : - 7672397824 333475840 1439666176 5939011584 199507968 93806592 : 140688591 4997420 132180 0 0 0 : 56.395616 ]
[56.396s][info][gc       ] [HUGEPAGESTAT 0 0 0 - 20840 0 0 : 612352 0 0 : 56.395616 ]
[56.396s][info][gc       ] [OBJCREAT 117150460 25117 7073792 : 56.395667 ]
[56.396s][info][gc       ] [HMSV All : 0 0 40 0 0 0 0 0 : 4980 0 0 0 : 56.395680 ]
[56.396s][info][gc       ] [HMSP 9 : 41100 0 : 56.395680 ]
[56.396s][info][gc       ] [VMAC 65530 166 24 430 620 : 56.396181 ]
[56.396s][info][gc       ] [SPS 0.000 0.002 0.002 0.007 0.000 0.001 0.000 0.109 0.030 0.147 NewGC_pause4 56.395042 ]
[56.639s][info][gc       ] [GPGC-H  2768.0 492.4 1.4 0.0 : 145.5 : 0.000 0.000 : 0.000 0.000 0.885 2.104 : 0.000 0.000 0.000 0.000 2.301 0.875 : 0.000 : 94.808 : 794 1784 28 0 : 2266 : 4608 4424 : 56.639211 : 9 Next_heuristic_check_may_be_too_late ]
[56.642s][info][safepoint] Application time: 0.2464664 seconds
[56.642s][info][safepoint] Total time for which application threads were stopped: 0.0001451 seconds, Stopping threads took: 0.0000005 seconds
[56.643s][info][gc       ] [SPS 0.001 0.003 0.003 0.007 0.001 0.001 0.000 0.117 0.019 0.145 NewGC_pause1 56.641653 ]
[56.722s][info][safepoint] Application time: 0.0796404 seconds
[56.722s][info][safepoint] Total time for which application threads were stopped: 0.0002279 seconds, Stopping threads took: 0.0000005 seconds
[56.722s][info][gc       ] [SPS 0.000 0.001 0.000 0.007 0.000 0.001 0.000 0.196 0.023 0.228 NewGC_pause2 56.721522 ]
[56.724s][info][safepoint] Application time: 0.0019201 seconds
[56.724s][info][safepoint] Total time for which application threads were stopped: 0.0001580 seconds, Stopping threads took: 0.0000005 seconds
[56.724s][info][gc       ] [SPS 0.000 0.000 0.000 0.007 0.000 0.001 0.000 0.126 0.024 0.158 NewGC_pause3 56.723600 ]
[56.725s][info][safepoint] Application time: 0.0013529 seconds
[56.726s][info][safepoint] Total time for which application threads were stopped: 0.0001856 seconds, Stopping threads took: 0.0000005 seconds
[56.726s][info][gc       ] [SPS 0.000 0.002 0.002 0.007 0.000 0.001 0.000 0.133 0.044 0.186 NewGC_pause4 56.725139 ]
[56.726s][info][gc       ] [GC New Max 143-132 : 5120 3030 2234 5120 - - 1046 56 2 2 - : 238 1784 28 184 1034 : 234 4 799 799 0 : 0 1 117 0 119 - 0 : 0.244409 2594.0 0.0 0.085675 2801.3 0.0 : 3 --c 0000 : 23 0 0.000 0.000 0 0.000 0.000 0 0.000 0.000 : 56.639743 56.641508 0.000121 56.721294 0.000138 56.723442 0.000082 56.724953 0.000087 : 56.725417 ]
[56.726s][info][gc       ] [SYSINFO 7577 191 89 0 7041 0 20 0 0 5745 : - - - - - - - - : 0 7168 : 2.14 1.04 1.41 : 278178 4215284 : 0 0 : 17 0 : 1547 2 0 263 : - 7672397824 333475840 1439666176 5939011584 199507968 93806592 : 140688591 4997960 132230 0 0 0 : 56.725816 ]
[56.726s][info][gc       ] [HUGEPAGESTAT 0 0 0 - 20840 0 0 : 612352 0 0 : 56.725816 ]
[56.726s][info][gc       ] [OBJCREAT 118016080 25117 7073792 : 56.725914 ]
[56.726s][info][gc       ] [HMSV All : 0 0 40 0 0 0 0 0 : 4980 0 0 0 : 56.725937 ]
[56.726s][info][gc       ] [HMSP 9 : 41100 0 : 56.725937 ]
[56.727s][info][gc       ] [VMAC 65530 166 24 430 620 : 56.726533 ]
[56.989s][info][gc       ] [GPGC-H  2768.0 448.7 1.3 0.0 : 132.6 : 0.000 0.000 : 0.000 0.000 0.873 2.104 : 0.000 0.000 0.000 0.000 2.269 0.875 : 0.000 : 93.766 : 866 1784 28 0 : 2266 : 4608 4424 : 56.988657 : 9 Next_heuristic_check_may_be_too_late ]
[56.991s][info][safepoint] Application time: 0.2659370 seconds
[56.992s][info][safepoint] Total time for which application threads were stopped: 0.0001545 seconds, Stopping threads took: 0.0000005 seconds
[56.992s][info][gc       ] [SPS 0.000 0.003 0.003 0.008 0.001 0.001 0.000 0.125 0.020 0.155 NewGC_pause1 56.991231 ]
[57.067s][info][safepoint] Application time: 0.0757290 seconds
[57.068s][info][safepoint] Total time for which application threads were stopped: 0.0002118 seconds, Stopping threads took: 0.0000005 seconds
[57.068s][info][gc       ] [SPS 0.000 0.001 0.000 0.008 0.001 0.001 0.000 0.177 0.025 0.212 NewGC_pause2 57.067172 ]
[57.069s][info][safepoint] Application time: 0.0019159 seconds
[57.070s][info][safepoint] Total time for which application threads were stopped: 0.0001890 seconds, Stopping threads took: 0.0000005 seconds
[57.070s][info][gc       ] [SPS 0.000 0.001 0.000 0.007 0.000 0.001 0.000 0.153 0.027 0.189 NewGC_pause3 57.069277 ]
[57.071s][info][safepoint] Application time: 0.0011627 seconds
[57.071s][info][safepoint] Total time for which application threads were stopped: 0.0001386 seconds, Stopping threads took: 0.0000005 seconds
[57.071s][info][gc       ] [SPS 0.000 0.002 0.002 0.007 0.001 0.001 0.000 0.104 0.026 0.139 NewGC_pause4 57.070578 ]
[57.071s][info][gc       ] [GC New Max 144-133 : 5120 3094 2224 5120 - - 1046 56 2 2 - : 228 1784 28 184 1098 : 226 4 872 872 0 : 0 1 113 0 114 - 0 : 0.263763 2388.5 0.0 0.081648 2841.5 0.0 : 3 --c 0000 : 23 0 0.000 0.000 0 0.000 0.000 0 0.000 0.000 : 56.989180 56.991076 0.000130 57.066960 0.000126 57.069088 0.000081 57.070439 0.000068 : 57.070827 ]
[57.071s][info][gc       ] [SYSINFO 7577 191 89 0 7041 0 20 0 0 5745 : - - - - - - - - : 0 7168 : 2.14 1.04 1.41 : 278178 4215284 : 0 0 : 17 0 : 1547 2 0 263 : - 7672397824 333475840 1439666176 5939011584 199507968 93806592 : 140688591 4998520 132230 0 0 0 : 57.071152 ]
[57.071s][info][gc       ] [HUGEPAGESTAT 0 0 0 - 20840 0 0 : 612352 0 0 : 57.071152 ]
[57.071s][info][gc       ] [OBJCREAT 118870436 25117 7073792 : 57.071204 ]
[57.071s][info][gc       ] [HMSV All : 0 0 40 0 0 0 0 0 : 4980 0 0 0 : 57.071220 ]
[57.071s][info][gc       ] [HMSP 9 : 41100 0 : 57.071220 ]
[57.072s][info][gc       ] [VMAC 65530 166 24 430 620 : 57.071726 ]
[57.314s][info][gc       ] [GPGC-H  2768.0 448.7 1.3 0.0 : 132.6 : 0.000 0.000 : 0.000 0.000 0.860 2.104 : 0.000 0.000 0.000 0.000 2.236 0.875 : 0.000 : 92.656 : 826 1784 28 0 : 2266 : 4608 4424 : 57.314007 : 9 Next_heuristic_check_may_be_too_late ]
[57.317s][info][safepoint] Application time: 0.2459012 seconds
[57.317s][info][safepoint] Total time for which application threads were stopped: 0.0001468 seconds, Stopping threads took: 0.0000005 seconds
[57.318s][info][gc       ] [SPS 0.000 0.003 0.002 0.007 0.000 0.001 0.000 0.119 0.019 0.147 NewGC_pause1 57.316626 ]
[57.380s][info][safepoint] Application time: 0.0635110 seconds
[57.381s][info][safepoint] Total time for which application threads were stopped: 0.0001558 seconds, Stopping threads took: 0.0000005 seconds
[57.381s][info][gc       ] [SPS 0.000 0.001 0.000 0.008 0.001 0.001 0.000 0.104 0.042 0.156 NewGC_pause2 57.380293 ]
[57.382s][info][safepoint] Application time: 0.0020512 seconds
[57.383s][info][safepoint] Total time for which application threads were stopped: 0.0001369 seconds, Stopping threads took: 0.0000005 seconds
[57.383s][info][gc       ] [SPS 0.000 0.000 0.000 0.007 0.000 0.001 0.000 0.109 0.020 0.137 NewGC_pause3 57.382481 ]
[57.384s][info][safepoint] Application time: 0.0012587 seconds
[57.384s][info][safepoint] Total time for which application threads were stopped: 0.0001730 seconds, Stopping threads took: 0.0000005 seconds
[57.385s][info][gc       ] [SPS 0.000 0.003 0.002 0.007 0.001 0.001 0.000 0.134 0.030 0.173 NewGC_pause4 57.383913 ]
[57.385s][info][gc       ] [GC New Max 145-134 : 5120 3016 2190 5120 - - 1046 56 2 2 - : 194 1784 28 184 1020 : 190 4 830 830 0 : 0 1 95 0 97 - 0 : 0.243930 2459.7 0.0 0.069451 2822.2 0.0 : 3 --c 0000 : 23 0 0.000 0.000 0 0.000 0.000 0 0.000 0.000 : 57.314757 57.316480 0.000119 57.380137 0.000093 57.382344 0.000067 57.383740 0.000083 : 57.384208 ]
[57.385s][info][gc       ] [SYSINFO 7577 191 89 0 7041 0 20 0 0 5745 : - - - - - - - - : 0 7168 : 2.14 1.04 1.41 : 278178 4215284 : 0 0 : 17 0 : 1547 2 0 263 : - 7672397824 333475840 1439666176 5939011584 199507968 93806592 : 140688591 4999020 132230 0 0 0 : 57.384485 ]
[57.385s][info][gc       ] [HUGEPAGESTAT 0 0 0 - 20840 0 0 : 612352 0 0 : 57.384485 ]
[57.385s][info][gc       ] [OBJCREAT 119656093 25117 7073792 : 57.384563 ]
[57.385s][info][gc       ] [HMSV All : 0 0 40 0 0 0 0 0 : 4980 0 0 0 : 57.384579 ]
[57.385s][info][gc       ] [HMSP 9 : 41100 0 : 57.384579 ]
[57.385s][info][gc       ] [VMAC 65530 166 24 430 620 : 57.385172 ]
[57.628s][info][gc       ] [GPGC-H  2768.0 448.7 1.3 0.0 : 132.6 : 0.000 0.000 : 0.000 0.000 0.849 2.104 : 0.000 0.000 0.000 0.000 2.206 0.875 : 0.000 : 91.642 : 844 1784 28 0 : 2266 : 4608 4424 : 57.627916 : 9 Next_heuristic_check_may_be_too_late ]
[57.631s][info][safepoint] Application time: 0.2466255 seconds
[57.631s][info][safepoint] Total time for which application threads were stopped: 0.0003665 seconds, Stopping threads took: 0.0000005 seconds
[57.632s][info][gc       ] [SPS 0.000 0.003 0.003 0.008 0.001 0.001 0.000 0.334 0.023 0.366 NewGC_pause1 57.630905 ]
[57.715s][info][safepoint] Application time: 0.0834131 seconds
[57.715s][info][safepoint] Total time for which application threads were stopped: 0.0002037 seconds, Stopping threads took: 0.0000005 seconds
[57.716s][info][gc       ] [SPS 0.000 0.001 0.000 0.007 0.000 0.001 0.000 0.172 0.023 0.204 NewGC_pause2 57.714522 ]
[57.717s][info][safepoint] Application time: 0.0021776 seconds
[57.717s][info][safepoint] Total time for which application threads were stopped: 0.0001663 seconds, Stopping threads took: 0.0000005 seconds
[57.718s][info][gc       ] [SPS 0.000 0.000 0.000 0.007 0.000 0.001 0.000 0.131 0.026 0.166 NewGC_pause3 57.716866 ]
[57.718s][info][safepoint] Application time: 0.0011678 seconds
[57.719s][info][safepoint] Total time for which application threads were stopped: 0.0001745 seconds, Stopping threads took: 0.0000005 seconds
[57.719s][info][gc       ] [GC New Max 146-135 : 5120 3074 2228 5120 - - 1046 56 2 2 - : 232 1784 28 184 1078 : 228 4 849 849 0 : 0 1 114 0 116 - 0 : 0.244277 2669.1 0.0 0.089942 2601.7 0.0 : 3 --c 0000 : 23 0 0.000 0.000 0 0.000 0.000 0 0.000 0.000 : 57.628485 57.630539 0.000334 57.714319 0.000134 57.716700 0.000098 57.718034 0.000077 : 57.718428 ]
[57.719s][info][gc       ] [SYSINFO 7577 191 89 0 7041 0 20 0 0 5745 : - - - - - - - - : 0 7168 : 2.14 1.04 1.41 : 278178 4215284 : 0 0 : 17 0 : 1547 3 0 263 : - 7672397824 333475840 1439666176 5939011584 199507968 93806592 : 140688591 4999570 132360 0 0 0 : 57.718685 ]
[57.719s][info][gc       ] [HUGEPAGESTAT 0 0 0 - 20840 0 0 : 612352 0 0 : 57.718685 ]
[57.719s][info][gc       ] [OBJCREAT 120533377 25117 7073792 : 57.718747 ]
[57.719s][info][gc       ] [HMSV All : 0 0 40 0 0 0 0 0 : 4980 0 0 0 : 57.718764 ]
[57.719s][info][gc       ] [HMSP 9 : 41100 0 : 57.718764 ]
[57.719s][info][gc       ] [SPS 0.000 0.003 0.002 0.007 0.001 0.001 0.000 0.129 0.036 0.175 NewGC_pause4 57.718209 ]
[57.719s][info][gc       ] [VMAC 65530 166 24 430 620 : 57.719388 ]
[58.002s][info][gc       ] [GPGC-H  2768.0 448.7 1.3 0.0 : 132.6 : 0.000 0.000 : 0.000 0.000 0.837 2.104 : 0.000 0.000 0.000 0.000 2.175 0.875 : 0.000 : 90.650 : 876 1784 28 0 : 2266 : 4608 4424 : 58.002051 : 9 Next_heuristic_check_may_be_too_late ]
[58.005s][info][safepoint] Application time: 0.2862037 seconds
[58.005s][info][safepoint] Total time for which application threads were stopped: 0.0003802 seconds, Stopping threads took: 0.0000005 seconds
[58.006s][info][gc       ] [SPS 0.000 0.003 0.003 0.007 0.001 0.001 0.000 0.342 0.029 0.380 NewGC_pause1 58.004793 ]
[58.093s][info][safepoint] Application time: 0.0881289 seconds
[58.094s][info][safepoint] Total time for which application threads were stopped: 0.0001961 seconds, Stopping threads took: 0.0000005 seconds
[58.094s][info][gc       ] [SPS 0.000 0.001 0.000 0.007 0.001 0.001 0.000 0.163 0.024 0.196 NewGC_pause2 58.093118 ]
[58.095s][info][safepoint] Application time: 0.0018758 seconds
[58.095s][info][safepoint] Total time for which application threads were stopped: 0.0001481 seconds, Stopping threads took: 0.0000005 seconds
[58.096s][info][gc       ] [SPS 0.000 0.000 0.000 0.011 0.001 0.001 0.000 0.112 0.024 0.148 NewGC_pause3 58.095142 ]
[58.096s][info][safepoint] Application time: 0.0011920 seconds
[58.097s][info][safepoint] Total time for which application threads were stopped: 0.0001201 seconds, Stopping threads took: 0.0000005 seconds
[58.097s][info][gc       ] [SPS 0.000 0.002 0.002 0.007 0.001 0.001 0.000 0.084 0.027 0.120 NewGC_pause4 58.096454 ]
[58.097s][info][gc       ] [GC New Max 147-136 : 5120 3058 2182 5120 - - 1046 56 2 2 - : 186 1784 28 184 1062 : 182 4 881 881 0 : 0 1 91 0 93 - 0 : 0.284227 2272.8 0.0 0.094055 1998.8 0.0 : 3 --c 0000 : 23 0 0.000 0.000 0 0.000 0.000 0 0.000 0.000 : 58.002654 58.004413 0.000298 58.092922 0.000115 58.094994 0.000077 58.096334 0.000066 : 58.096709 ]
[58.097s][info][gc       ] [SYSINFO 7577 191 89 0 7041 0 20 0 0 5745 : - - - - - - - - : 0 7168 : 2.14 1.04 1.41 : 278178 4215284 : 0 0 : 17 0 : 1547 2 0 263 : - 7672397824 333475840 1439666176 5939011584 199507968 93806592 : 140688591 5000170 132450 0 0 0 : 58.096994 ]
[58.097s][info][gc       ] [HUGEPAGESTAT 0 0 0 - 20840 0 0 : 612352 0 0 : 58.096994 ]
[58.097s][info][gc       ] [OBJCREAT 121359204 25117 7073792 : 58.097047 ]
[58.097s][info][gc       ] [HMSV All : 0 0 40 0 0 0 0 0 : 4980 0 0 0 : 58.097064 ]
[58.097s][info][gc       ] [HMSP 9 : 41100 0 : 58.097064 ]
[58.098s][info][gc       ] [VMAC 65530 166 24 430 620 : 58.097573 ]
[58.339s][info][gc       ] [GPGC-H  2768.0 448.7 1.3 0.0 : 132.6 : 0.000 0.000 : 0.000 0.000 0.824 2.104 : 0.000 0.000 0.000 0.000 2.141 0.875 : 0.000 : 89.510 : 844 1784 28 0 : 2266 : 4608 4424 : 58.339437 : 9 Next_heuristic_check_may_be_too_late ]
[58.342s][info][safepoint] Application time: 0.2453497 seconds
[58.342s][info][safepoint] Total time for which application threads were stopped: 0.0001374 seconds, Stopping threads took: 0.0000006 seconds
[58.343s][info][gc       ] [SPS 0.019 0.004 0.003 0.008 0.001 0.001 0.000 0.109 0.018 0.137 NewGC_pause1 58.341942 ]
[58.406s][info][safepoint] Application time: 0.0634976 seconds
[58.406s][info][safepoint] Total time for which application threads were stopped: 0.0000918 seconds, Stopping threads took: 0.0000005 seconds
[58.406s][info][gc       ] [SPS 0.000 0.001 0.000 0.008 0.000 0.001 0.000 0.060 0.022 0.092 NewGC_pause2 58.405531 ]
[58.408s][info][safepoint] Application time: 0.0018929 seconds
[58.408s][info][safepoint] Total time for which application threads were stopped: 0.0001656 seconds, Stopping threads took: 0.0000005 seconds
[58.408s][info][gc       ] [SPS 0.000 0.000 0.000 0.007 0.000 0.001 0.000 0.132 0.024 0.166 NewGC_pause3 58.407590 ]
[58.409s][info][safepoint] Application time: 0.0009463 seconds
[58.409s][info][safepoint] Total time for which application threads were stopped: 0.0000975 seconds, Stopping threads took: 0.0000004 seconds
[58.409s][info][gc       ] [SPS 0.000 0.002 0.002 0.007 0.000 0.001 0.000 0.070 0.018 0.098 NewGC_pause4 58.408634 ]
[58.409s][info][gc       ] [GC New Max 148-137 : 5120 3028 2184 5120 - - 1046 56 2 2 - : 188 1784 28 184 1032 : 184 4 847 847 0 : 0 1 92 0 94 - 0 : 0.243330 2712.4 0.0 0.069050 2722.7 0.0 : 3 --c 0000 : 23 0 0.000 0.000 0 0.000 0.000 0 0.000 0.000 : 58.340039 58.341804 0.000112 58.405439 0.000056 58.407424 0.000072 58.408536 0.000073 : 58.409089 ]
[58.409s][info][gc       ] [SYSINFO 7577 191 89 0 7041 0 20 0 0 5745 : - - - - - - - - : 0 7168 : 2.14 1.04 1.41 : 278178 4215284 : 0 0 : 17 0 : 1547 2 0 263 : - 7672397824 333475840 1439666176 5939011584 199507968 93806592 : 140688591 5000710 132520 0 0 0 : 58.409389 ]
[58.409s][info][gc       ] [HUGEPAGESTAT 0 0 0 - 20840 0 0 : 612352 0 0 : 58.409389 ]
[58.409s][info][gc       ] [OBJCREAT 122200756 25117 7073792 : 58.409471 ]
[58.409s][info][gc       ] [HMSV All : 0 0 40 0 0 0 0 0 : 4980 0 0 0 : 58.409488 ]
[58.409s][info][gc       ] [HMSP 9 : 41100 0 : 58.409488 ]
[58.410s][info][gc       ] [VMAC 65530 166 24 430 620 : 58.410474 ]
[58.633s][info][gc       ] [GPGC-H  2739.5 448.7 1.3 0.0 : 132.6 : 0.000 0.000 : 0.000 0.000 0.814 2.104 : 0.000 0.000 0.000 0.000 2.113 0.875 : 0.000 : 88.544 : 806 1784 28 0 : 2266 : 4608 4424 : 58.632734 : 9 Next_heuristic_check_may_be_too_late ]
[58.635s][info][safepoint] Application time: 0.2262782 seconds
[58.636s][info][safepoint] Total time for which application threads were stopped: 0.0003940 seconds, Stopping threads took: 0.0000005 seconds
[58.636s][info][gc       ] [SPS 0.000 0.003 0.004 0.008 0.001 0.001 0.001 0.356 0.029 0.394 NewGC_pause1 58.635306 ]
[58.706s][info][safepoint] Application time: 0.0699968 seconds
[58.706s][info][safepoint] Total time for which application threads were stopped: 0.0002333 seconds, Stopping threads took: 0.0000008 seconds
[58.707s][info][gc       ] [SPS 0.000 0.001 0.000 0.011 0.001 0.001 0.001 0.182 0.037 0.233 NewGC_pause2 58.705537 ]
[58.708s][info][safepoint] Application time: 0.0021648 seconds
[58.708s][info][safepoint] Total time for which application threads were stopped: 0.0001642 seconds, Stopping threads took: 0.0000005 seconds
[58.709s][info][gc       ] [SPS 0.000 0.000 0.000 0.007 0.000 0.001 0.000 0.128 0.027 0.164 NewGC_pause3 58.707866 ]
[58.709s][info][safepoint] Application time: 0.0011890 seconds
[58.710s][info][safepoint] Total time for which application threads were stopped: 0.0001906 seconds, Stopping threads took: 0.0000005 seconds
[58.710s][info][gc       ] [GC New Max 149-138 : 5120 2994 2184 5120 - - 1046 56 2 2 - : 188 1784 28 184 998 : 186 2 812 812 0 : 0 0 93 0 94 - 0 : 0.224189 2765.5 0.0 0.076386 2513.6 0.0 : 3 --c 0000 : 23 0 0.000 0.000 0 0.000 0.000 0 0.000 0.000 : 58.633278 58.634912 0.000313 58.705304 0.000136 58.707702 0.000082 58.709055 0.000161 : 58.709664 ]
[58.710s][info][gc       ] [SYSINFO 7577 191 89 0 7041 0 20 0 0 5745 : - - - - - - - - : 0 7168 : 2.14 1.04 1.41 : 278178 4215284 : 0 0 : 17 0 : 1547 2 0 263 : - 7672397824 333475840 1439666176 5939011584 199507968 93806592 : 140688591 5001210 132600 0 0 0 : 58.709974 ]
[58.710s][info][gc       ] [HUGEPAGESTAT 0 0 0 - 20840 0 0 : 612352 0 0 : 58.709974 ]
[58.710s][info][gc       ] [OBJCREAT 123002960 25117 7073792 : 58.710026 ]
[58.710s][info][gc       ] [HMSV All : 0 0 40 0 0 0 0 0 : 4980 0 0 0 : 58.710043 ]
[58.710s][info][gc       ] [HMSP 9 : 41100 0 : 58.710043 ]
[58.710s][info][gc       ] [SPS 0.000 0.003 0.002 0.009 0.001 0.001 0.000 0.159 0.021 0.191 NewGC_pause4 58.709246 ]
[58.711s][info][gc       ] [VMAC 65530 166 24 430 620 : 58.710579 ]
[58.933s][info][gc       ] [GPGC-H  2739.5 448.7 1.3 0.0 : 132.6 : 0.000 0.000 : 0.000 0.000 0.803 2.104 : 0.000 0.000 0.000 0.000 2.086 0.875 : 0.000 : 87.673 : 806 1784 28 0 : 2266 : 4608 4424 : 58.932708 : 9 Next_heuristic_check_may_be_too_late ]
[58.935s][info][safepoint] Application time: 0.2256551 seconds
[58.936s][info][safepoint] Total time for which application threads were stopped: 0.0003454 seconds, Stopping threads took: 0.0000005 seconds
[58.936s][info][gc       ] [SPS 0.000 0.003 0.004 0.008 0.001 0.001 0.000 0.305 0.031 0.346 NewGC_pause1 58.935247 ]
[59.011s][info][safepoint] Application time: 0.0758904 seconds
[59.012s][info][safepoint] Total time for which application threads were stopped: 0.0002025 seconds, Stopping threads took: 0.0000005 seconds
[59.012s][info][gc       ] [SPS 0.000 0.001 0.000 0.007 0.000 0.001 0.000 0.170 0.024 0.203 NewGC_pause2 59.011340 ]
[59.013s][info][safepoint] Application time: 0.0018931 seconds
[59.014s][info][safepoint] Total time for which application threads were stopped: 0.0001425 seconds, Stopping threads took: 0.0000005 seconds
[59.014s][info][gc       ] [SPS 0.000 0.000 0.000 0.007 0.000 0.001 0.000 0.110 0.024 0.143 NewGC_pause3 59.013375 ]
[59.015s][info][safepoint] Application time: 0.0011833 seconds
[59.015s][info][safepoint] Total time for which application threads were stopped: 0.0001460 seconds, Stopping threads took: 0.0000005 seconds
[59.015s][info][gc       ] [SPS 0.000 0.002 0.002 0.007 0.000 0.001 0.000 0.108 0.029 0.146 NewGC_pause4 59.014705 ]
[59.015s][info][gc       ] [GC New Max 150-139 : 5120 3032 2224 5120 - - 1046 56 2 2 - : 228 1784 28 184 1036 : 224 4 810 810 0 : 0 1 112 0 114 - 0 : 0.223539 2764.6 0.0 0.081768 2837.3 0.0 : 3 --c 0000 : 23 0 0.000 0.000 0 0.000 0.000 0 0.000 0.000 : 58.933203 58.934901 0.000308 59.011137 0.000124 59.013233 0.000067 59.014559 0.000067 : 59.014971 ]
[59.015s][info][gc       ] [SYSINFO 7577 191 89 0 7041 0 20 0 0 5745 : - - - - - - - - : 0 7168 : 2.14 1.04 1.41 : 278178 4215284 : 0 0 : 17 0 : 1547 2 0 263 : - 7672397824 333475840 1439666176 5939011584 199507968 93806592 : 140688591 5001730 132700 0 0 0 : 59.015300 ]
[59.015s][info][gc       ] [HUGEPAGESTAT 0 0 0 - 20840 0 0 : 612352 0 0 : 59.015300 ]
[59.015s][info][gc       ] [OBJCREAT 123843640 25117 7073792 : 59.015361 ]
[59.015s][info][gc       ] [HMSV All : 0 0 40 0 0 0 0 0 : 4980 0 0 0 : 59.015379 ]
[59.015s][info][gc       ] [HMSP 9 : 41100 0 : 59.015379 ]
[59.016s][info][gc       ] [VMAC 65530 166 24 430 620 : 59.016305 ]
[59.238s][info][gc       ] [GPGC-H  2739.5 408.6 1.1 0.0 : 120.8 : 0.000 0.000 : 0.000 0.000 0.793 2.104 : 0.000 0.000 0.000 0.000 2.060 0.875 : 0.000 : 86.820 : 824 1784 28 0 : 2266 : 4608 4424 : 59.238219 : 9 Next_heuristic_check_may_be_too_late ]
[59.241s][info][safepoint] Application time: 0.2256464 seconds
[59.241s][info][safepoint] Total time for which application threads were stopped: 0.0003872 seconds, Stopping threads took: 0.0000005 seconds
[59.242s][info][gc       ] [SPS 0.000 0.003 0.002 0.007 0.001 0.001 0.000 0.336 0.042 0.387 NewGC_pause1 59.240739 ]
[59.317s][info][safepoint] Application time: 0.0760894 seconds
[59.317s][info][safepoint] Total time for which application threads were stopped: 0.0002020 seconds, Stopping threads took: 0.0000007 seconds
[59.318s][info][gc       ] [SPS 0.000 0.001 0.000 0.010 0.001 0.001 0.001 0.166 0.023 0.202 NewGC_pause2 59.317030 ]
[59.319s][info][safepoint] Application time: 0.0018292 seconds
[59.319s][info][safepoint] Total time for which application threads were stopped: 0.0001639 seconds, Stopping threads took: 0.0000005 seconds
[59.320s][info][gc       ] [SPS 0.000 0.000 0.000 0.007 0.000 0.001 0.000 0.121 0.034 0.164 NewGC_pause3 59.319023 ]
[59.320s][info][safepoint] Application time: 0.0012642 seconds
[59.321s][info][safepoint] Total time for which application threads were stopped: 0.0001399 seconds, Stopping threads took: 0.0000005 seconds
[59.321s][info][gc       ] [SPS 0.000 0.002 0.002 0.007 0.000 0.001 0.000 0.106 0.026 0.140 NewGC_pause4 59.320428 ]
[59.321s][info][gc       ] [GC New Max 151-140 : 5120 2966 2140 5120 - - 1046 56 2 2 - : 144 1784 28 184 970 : 140 4 828 828 0 : 0 1 70 0 72 - 0 : 0.223733 2663.9 0.0 0.081999 1804.9 0.0 : 3 --c 0000 : 23 0 0.000 0.000 0 0.000 0.000 0 0.000 0.000 : 59.238704 59.240351 0.000291 59.316828 0.000135 59.318859 0.000086 59.320288 0.000070 : 59.320703 ]
[59.321s][info][gc       ] [SYSINFO 7577 191 89 0 7041 0 20 0 0 5745 : - - - - - - - - : 0 7168 : 2.05 1.04 1.41 : 278178 4215284 : 0 0 : 17 0 : 1547 2 0 263 : - 7672397824 333475840 1439666176 5939011584 199507968 93806592 : 140688591 5002240 132890 0 0 0 : 59.321109 ]
[59.321s][info][gc       ] [HUGEPAGESTAT 0 0 0 - 20840 0 0 : 612352 0 0 : 59.321109 ]
[59.321s][info][gc       ] [OBJCREAT 124579147 25117 7073792 : 59.321190 ]
[59.321s][info][gc       ] [HMSV All : 0 0 40 0 0 0 0 0 : 4980 0 0 0 : 59.321212 ]
[59.321s][info][gc       ] [HMSP 9 : 41100 0 : 59.321212 ]
[59.322s][info][gc       ] [VMAC 65530 166 24 430 620 : 59.321859 ]
[59.564s][info][gc       ] [GPGC-H  2739.5 408.6 1.1 0.0 : 120.8 : 0.000 0.000 : 0.000 0.000 0.783 2.104 : 0.000 0.000 0.000 0.000 2.034 0.875 : 0.000 : 85.979 : 768 1784 28 0 : 2266 : 4608 4424 : 59.564398 : 9 Next_heuristic_check_may_be_too_late ]
[59.567s][info][safepoint] Application time: 0.2460609 seconds
[59.567s][info][safepoint] Total time for which application threads were stopped: 0.0002167 seconds, Stopping threads took: 0.0000005 seconds
[59.568s][info][gc       ] [SPS 0.000 0.003 0.004 0.008 0.001 0.001 0.001 0.180 0.027 0.217 NewGC_pause1 59.566706 ]
[59.629s][info][safepoint] Application time: 0.0625367 seconds
[59.630s][info][safepoint] Total time for which application threads were stopped: 0.0001557 seconds, Stopping threads took: 0.0000005 seconds
[59.630s][info][gc       ] [SPS 0.000 0.001 0.000 0.008 0.001 0.001 0.000 0.117 0.029 0.156 NewGC_pause2 59.629398 ]
[59.632s][info][safepoint] Application time: 0.0021140 seconds
[59.632s][info][safepoint] Total time for which application threads were stopped: 0.0001729 seconds, Stopping threads took: 0.0000005 seconds
[59.632s][info][gc       ] [SPS 0.000 0.000 0.000 0.008 0.001 0.001 0.000 0.135 0.028 0.173 NewGC_pause3 59.631685 ]
[59.633s][info][safepoint] Application time: 0.0011964 seconds
[59.633s][info][safepoint] Total time for which application threads were stopped: 0.0001659 seconds, Stopping threads took: 0.0000005 seconds
[59.634s][info][gc       ] [SPS 0.000 0.003 0.002 0.008 0.001 0.001 0.000 0.127 0.029 0.166 NewGC_pause4 59.633048 ]
[59.634s][info][gc       ] [GC New Max 152-141 : 5120 2934 2166 5120 - - 1046 56 2 2 - : 170 1784 28 184 938 : 166 4 771 771 0 : 0 1 83 0 85 - 0 : 0.244179 2555.5 0.0 0.068456 2512.6 0.0 : 3 --c 0000 : 23 0 0.000 0.000 0 0.000 0.000 0 0.000 0.000 : 59.564882 59.566489 0.000113 59.629242 0.000057 59.631512 0.000086 59.632882 0.000076 : 59.633338 ]
[59.634s][info][gc       ] [SYSINFO 7577 191 89 0 7041 0 20 0 0 5745 : - - - - - - - - : 0 7168 : 2.05 1.04 1.41 : 278178 4215284 : 0 0 : 17 0 : 1547 3 0 260 : - 7672397824 333475840 1439666176 5939011584 199507968 93806592 : 140688591 5002730 132980 0 0 0 : 59.633838 ]
[59.634s][info][gc       ] [HUGEPAGESTAT 0 0 0 - 20840 0 0 : 612352 0 0 : 59.633838 ]
[59.634s][info][gc       ] [OBJCREAT 125369604 25117 7073792 : 59.633954 ]
[59.634s][info][gc       ] [HMSV All : 0 0 40 0 0 0 0 0 : 4980 0 0 0 : 59.633983 ]
[59.634s][info][gc       ] [HMSP 9 : 41100 0 : 59.633983 ]
[59.634s][info][gc       ] [VMAC 65530 166 24 430 620 : 59.634477 ]
[59.877s][info][gc       ] [GPGC-H  2739.5 408.6 1.1 0.0 : 120.8 : 0.000 0.000 : 0.000 0.000 0.773 2.104 : 0.000 0.000 0.000 0.000 2.007 0.875 : 0.000 : 85.059 : 804 1784 28 0 : 2266 : 4608 4424 : 59.877206 : 9 Next_heuristic_check_may_be_too_late ]
[59.880s][info][safepoint] Application time: 0.2463132 seconds
[59.880s][info][safepoint] Total time for which application threads were stopped: 0.0002261 seconds, Stopping threads took: 0.0000005 seconds
[59.881s][info][gc       ] [SPS 0.000 0.004 0.005 0.008 0.001 0.001 0.000 0.196 0.020 0.226 NewGC_pause1 59.879587 ]
[59.945s][info][safepoint] Application time: 0.0648067 seconds
[59.945s][info][safepoint] Total time for which application threads were stopped: 0.0001106 seconds, Stopping threads took: 0.0000005 seconds
[59.945s][info][gc       ] [SPSH lock suspend gclocker notify wait resuspend cleanup op_time wakeup total(ms) op_name end(s) ]
[59.945s][info][gc       ] [SPS 0.000 0.001 0.000 0.007 0.000 0.001 0.001 0.084 0.017 0.111 NewGC_pause2 59.944504 ]
[59.946s][info][safepoint] Application time: 0.0014686 seconds
[59.946s][info][safepoint] Total time for which application threads were stopped: 0.0001144 seconds, Stopping threads took: 0.0000005 seconds
[59.947s][info][gc       ] [SPS 0.000 0.001 0.000 0.008 0.000 0.001 0.000 0.082 0.023 0.115 NewGC_pause3 59.946087 ]
[59.947s][info][safepoint] Application time: 0.0010408 seconds
[59.948s][info][safepoint] Total time for which application threads were stopped: 0.0001937 seconds, Stopping threads took: 0.0000005 seconds
[59.948s][info][gc       ] [SPS 0.000 0.003 0.002 0.007 0.001 0.001 0.000 0.154 0.031 0.194 NewGC_pause4 59.947322 ]
[59.948s][info][gc       ] [GC New Max 153-142 : 5120 2964 2158 5120 - - 1046 56 2 2 - : 162 1784 28 184 968 : 158 4 808 808 0 : 0 1 79 0 81 - 0 : 0.244260 2603.8 0.0 0.069917 2345.6 0.0 : 3 --c 0000 : 23 0 0.000 0.000 0 0.000 0.000 0 0.000 0.000 : 59.877598 59.879361 0.000199 59.944394 0.000085 59.945973 0.000076 59.947128 0.000083 : 59.947515 ]
[59.948s][info][gc       ] [SYSINFO 7577 191 89 0 7041 0 20 0 0 5745 : - - - - - - - - : 0 7168 : 2.05 1.04 1.41 : 278178 4215284 : 0 0 : 17 0 : 1547 2 0 260 : - 7672397824 333475840 1439666176 5939011584 199507968 93806592 : 140688591 5003220 133070 0 0 0 : 59.947789 ]
[59.948s][info][gc       ] [HUGEPAGESTAT 0 0 0 - 20840 0 0 : 612352 0 0 : 59.947789 ]
[59.948s][info][gc       ] [OBJCREAT 126158700 25117 7073792 : 59.947847 ]
[59.948s][info][gc       ] [HMSV All : 0 0 40 0 0 0 0 0 : 4980 0 0 0 : 59.947885 ]
[59.948s][info][gc       ] [HMSP 9 : 41100 0 : 59.947885 ]
[59.948s][info][gc       ] [VMAC 65530 166 24 430 620 : 59.948499 ]
[60.211s][info][gc       ] [GPGC-H  2739.5 408.6 1.1 0.0 : 120.8 : 0.000 0.000 : 0.000 0.000 0.763 2.104 : 0.000 0.000 0.000 0.000 1.981 0.875 : 0.000 : 84.154 : 816 1784 28 0 : 2266 : 4608 4424 : 60.211495 : 9 Next_heuristic_check_may_be_too_late ]
[60.214s][info][safepoint] Application time: 0.2666557 seconds
[60.215s][info][safepoint] Total time for which application threads were stopped: 0.0002223 seconds, Stopping threads took: 0.0000005 seconds
[60.215s][info][gc       ] [SPS 0.000 0.003 0.004 0.008 0.001 0.001 0.000 0.179 0.034 0.222 NewGC_pause1 60.214201 ]
[60.279s][info][safepoint] Application time: 0.0650407 seconds
[60.280s][info][safepoint] Total time for which application threads were stopped: 0.0000993 seconds, Stopping threads took: 0.0000005 seconds
[60.280s][info][gc       ] [SPS 0.000 0.001 0.000 0.008 0.000 0.001 0.000 0.071 0.019 0.099 NewGC_pause2 60.279341 ]
[60.281s][info][safepoint] Application time: 0.0016353 seconds
[60.281s][info][safepoint] Total time for which application threads were stopped: 0.0000662 seconds, Stopping threads took: 0.0000005 seconds
[60.282s][info][gc       ] [SPS 0.000 0.000 0.000 0.007 0.000 0.001 0.000 0.042 0.015 0.066 NewGC_pause3 60.281042 ]
[60.282s][info][safepoint] Application time: 0.0011624 seconds
[60.283s][info][safepoint] Total time for which application threads were stopped: 0.0000783 seconds, Stopping threads took: 0.0000005 seconds
[60.283s][info][gc       ] [SPS 0.000 0.002 0.002 0.007 0.000 0.001 0.000 0.050 0.020 0.078 NewGC_pause4 60.282283 ]
[60.283s][info][gc       ] [GC New Max 154-143 : 5120 2996 2180 5120 - - 1046 56 2 2 - : 184 1784 28 184 1000 : 180 4 819 819 0 : 0 1 90 0 92 - 0 : 0.264741 2477.9 0.0 0.070294 2617.6 0.0 : 3 --c 0000 : 23 0 0.000 0.000 0 0.000 0.000 0 0.000 0.000 : 60.212256 60.213978 0.000145 60.279241 0.000072 60.280976 0.000046 60.282205 0.000052 : 60.282549 ]
[60.283s][info][gc       ] [SYSINFO 7577 191 89 0 7041 0 20 0 0 5745 : - - - - - - - - : 0 7168 : 2.05 1.04 1.41 : 278178 4215284 : 0 0 : 17 0 : 1547 2 0 260 : - 7672397824 333475840 1439666176 5939011584 199507968 93806592 : 140688591 5003750 133210 0 0 0 : 60.282888 ]
[60.283s][info][gc       ] [HUGEPAGESTAT 0 0 0 - 20840 0 0 : 612352 0 0 : 60.282888 ]
[60.283s][info][gc       ] [OBJCREAT 126991042 25117 7073792 : 60.282965 ]
[60.283s][info][gc       ] [HMSV All : 0 0 40 0 0 0 0 0 : 4980 0 0 0 : 60.282986 ]
[60.283s][info][gc       ] [HMSP 9 : 41100 0 : 60.282986 ]
[60.284s][info][gc       ] [VMAC 65530 166 24 430 620 : 60.283508 ]
[60.526s][info][gc       ] [GPGC-H  2718.2 408.6 1.1 0.0 : 120.8 : 0.000 0.000 : 0.000 0.000 0.752 2.104 : 0.000 0.000 0.000 0.000 1.953 0.875 : 0.000 : 83.184 : 830 1784 28 0 : 2266 : 4608 4424 : 60.525881 : 9 Next_heuristic_check_may_be_too_late ]
[60.529s][info][safepoint] Application time: 0.2459575 seconds
[60.529s][info][safepoint] Total time for which application threads were stopped: 0.0003085 seconds, Stopping threads took: 0.0000005 seconds
[60.529s][info][gc       ] [SPS 0.000 0.003 0.003 0.008 0.001 0.001 0.000 0.273 0.026 0.309 NewGC_pause1 60.528549 ]
[60.597s][info][safepoint] Application time: 0.0682867 seconds
[60.597s][info][safepoint] Total time for which application threads were stopped: 0.0001972 seconds, Stopping threads took: 0.0000005 seconds
[60.598s][info][gc       ] [SPS 0.000 0.001 0.000 0.007 0.001 0.001 0.000 0.172 0.016 0.197 NewGC_pause2 60.597033 ]
[60.599s][info][safepoint] Application time: 0.0015307 seconds
[60.599s][info][safepoint] Total time for which application threads were stopped: 0.0001923 seconds, Stopping threads took: 0.0000008 seconds
[60.599s][info][gc       ] [SPS 0.000 0.001 0.000 0.020 0.001 0.001 0.001 0.138 0.031 0.192 NewGC_pause3 60.598757 ]
[60.600s][info][safepoint] Application time: 0.0009855 seconds
[60.600s][info][safepoint] Total time for which application threads were stopped: 0.0001429 seconds, Stopping threads took: 0.0000005 seconds
[60.600s][info][gc       ] [SPS 0.000 0.002 0.002 0.007 0.000 0.001 0.000 0.105 0.029 0.143 NewGC_pause4 60.599885 ]
[60.600s][info][gc       ] [GC New Max 155-144 : 5120 3000 2170 5120 - - 1046 56 2 2 - : 174 1784 28 184 1004 : 172 4 833 833 0 : 0 1 86 0 87 - 0 : 0.243998 2647.6 0.0 0.073588 2391.7 0.0 : 3 --c 0000 : 23 0 0.000 0.000 0 0.000 0.000 0 0.000 0.000 : 60.526547 60.528241 0.000224 60.596836 0.000177 60.598564 0.000069 60.599742 0.000053 : 60.600135 ]
[60.600s][info][gc       ] [SYSINFO 7577 191 89 0 7041 0 20 0 0 5745 : - - - - - - - - : 0 7168 : 2.05 1.04 1.41 : 278178 4215284 : 0 0 : 17 0 : 1547 2 0 260 : - 7672397824 333475840 1439666176 5939011584 199507968 93806592 : 140688591 5004290 133300 0 0 0 : 60.600421 ]
[60.600s][info][gc       ] [HUGEPAGESTAT 0 0 0 - 20840 0 0 : 612352 0 0 : 60.600421 ]
[60.600s][info][gc       ] [OBJCREAT 127807191 25117 7073792 : 60.600476 ]
[60.600s][info][gc       ] [HMSV All : 0 0 40 0 0 0 0 0 : 4980 0 0 0 : 60.600493 ]
[60.600s][info][gc       ] [HMSP 9 : 41100 0 : 60.600493 ]
[60.601s][info][gc       ] [VMAC 65530 166 24 430 620 : 60.600962 ]
[60.844s][info][gc       ] [GPGC-H  2718.2 408.6 1.1 0.0 : 120.8 : 0.000 0.000 : 0.000 0.000 0.742 2.104 : 0.000 0.000 0.000 0.000 1.927 0.875 : 0.000 : 82.309 : 822 1784 28 0 : 2266 : 4608 4424 : 60.843712 : 9 Next_heuristic_check_may_be_too_late ]
[60.846s][info][safepoint] Application time: 0.2458755 seconds
[60.847s][info][safepoint] Total time for which application threads were stopped: 0.0003441 seconds, Stopping threads took: 0.0000005 seconds
[60.847s][info][gc       ] [SPS 0.000 0.003 0.003 0.008 0.001 0.001 0.000 0.307 0.027 0.344 NewGC_pause1 60.846105 ]
[60.927s][info][safepoint] Application time: 0.0810759 seconds
[60.928s][info][safepoint] Total time for which application threads were stopped: 0.0001920 seconds, Stopping threads took: 0.0000005 seconds
[60.928s][info][gc       ] [SPS 0.000 0.001 0.000 0.007 0.000 0.001 0.000 0.151 0.032 0.192 NewGC_pause2 60.927373 ]
[60.930s][info][safepoint] Application time: 0.0022445 seconds
[60.930s][info][safepoint] Total time for which application threads were stopped: 0.0001041 seconds, Stopping threads took: 0.0000005 seconds
[60.930s][info][gc       ] [SPS 0.000 0.000 0.000 0.007 0.000 0.001 0.000 0.067 0.028 0.104 NewGC_pause3 60.929721 ]
[60.931s][info][safepoint] Application time: 0.0014884 seconds
[60.932s][info][safepoint] Total time for which application threads were stopped: 0.0001693 seconds, Stopping threads took: 0.0000006 seconds
[60.932s][info][gc       ] [SPS 0.000 0.003 0.002 0.008 0.001 0.001 0.000 0.107 0.053 0.169 NewGC_pause4 60.931379 ]
[60.932s][info][gc       ] [GC New Max 156-145 : 5120 3048 2224 5120 - - 1046 56 2 2 - : 228 1784 28 184 1052 : 224 4 826 826 0 : 0 1 112 0 114 - 0 : 0.244116 2662.7 0.0 0.087569 2626.5 0.0 : 3 --c 0000 : 23 0 0.000 0.000 0 0.000 0.000 0 0.000 0.000 : 60.844251 60.845761 0.000308 60.927181 0.000093 60.929617 0.000068 60.931210 0.000069 : 60.931821 ]
[60.932s][info][gc       ] [SYSINFO 7577 191 89 0 7041 0 20 0 0 5745 : - - - - - - - - : 0 7168 : 2.05 1.04 1.41 : 278178 4215328 : 0 0 : 22 0 : 1547 2 0 260 : - 7672668160 333475840 1439936512 5939011584 199507968 93806592 : 140688591 5004860 133350 0 0 0 : 60.932211 ]
[60.932s][info][gc       ] [HUGEPAGESTAT 0 0 0 - 20840 0 0 : 612352 0 0 : 60.932211 ]
[60.932s][info][gc       ] [OBJCREAT 128675837 25117 7073792 : 60.932273 ]
[60.932s][info][gc       ] [HMSV All : 0 0 40 0 0 0 0 0 : 4980 0 0 0 : 60.932295 ]
[60.932s][info][gc       ] [HMSP 9 : 41100 0 : 60.932295 ]
[60.934s][info][gc       ] [VMAC 65530 166 24 430 620 : 60.933592 ]
[61.156s][info][gc       ] [GPGC-H  2718.2 372.2 1.0 0.0 : 110.0 : 0.000 0.000 : 0.000 0.000 0.732 2.104 : 0.000 0.000 0.000 0.000 1.900 0.875 : 0.000 : 81.459 : 832 1784 28 0 : 2266 : 4608 4424 : 61.155790 : 9 Next_heuristic_check_may_be_too_late ]
[61.158s][info][safepoint] Application time: 0.2265026 seconds
[61.159s][info][safepoint] Total time for which application threads were stopped: 0.0002451 seconds, Stopping threads took: 0.0000005 seconds
[61.159s][info][gc       ] [SPS 0.000 0.003 0.003 0.007 0.001 0.001 0.000 0.211 0.025 0.245 NewGC_pause1 61.158127 ]
[61.219s][info][safepoint] Application time: 0.0610796 seconds
[61.220s][info][safepoint] Total time for which application threads were stopped: 0.0001311 seconds, Stopping threads took: 0.0000005 seconds
[61.220s][info][gc       ] [SPS 0.000 0.001 0.000 0.008 0.000 0.001 0.000 0.098 0.023 0.131 NewGC_pause2 61.219338 ]
[61.221s][info][safepoint] Application time: 0.0019807 seconds
[61.222s][info][safepoint] Total time for which application threads were stopped: 0.0001693 seconds, Stopping threads took: 0.0000005 seconds
[61.222s][info][gc       ] [SPS 0.000 0.000 0.000 0.008 0.001 0.001 0.000 0.135 0.026 0.169 NewGC_pause3 61.221488 ]
[61.224s][info][safepoint] Application time: 0.0014685 seconds
[61.224s][info][safepoint] Total time for which application threads were stopped: 0.0007785 seconds, Stopping threads took: 0.0000005 seconds
[61.225s][info][gc       ] [SPS 0.000 0.003 0.002 0.007 0.001 0.001 0.000 0.725 0.044 0.779 NewGC_pause4 61.223735 ]
[61.225s][info][gc       ] [VMAC 65530 166 24 430 620 : 61.225153 ]
[61.225s][info][gc       ] [GC New Max 157-146 : 5120 3012 2178 5120 - - 1046 56 2 2 - : 182 1784 28 184 1016 : 180 2 836 836 0 : 0 0 90 0 91 - 0 : 0.224535 2698.9 0.0 0.067676 2718.8 0.0 : 3 --c 0000 : 23 0 0.000 0.000 0 0.000 0.000 0 0.000 0.000 : 61.156356 61.157882 0.000130 61.219207 0.000052 61.221319 0.000073 61.222957 0.000684 : 61.224032 ]
[61.225s][info][gc       ] [SYSINFO 7577 191 89 0 7042 0 20 0 0 5745 : - - - - - - - - : 0 7168 : 2.05 1.04 1.41 : 278178 4215328 : 0 0 : 22 0 : 1547 3 0 260 : - 7672668160 333475840 1439936512 5939011584 199507968 93806592 : 140688591 5005310 133390 0 0 0 : 61.224478 ]
[61.225s][info][gc       ] [HUGEPAGESTAT 0 0 0 - 20840 0 0 : 612352 0 0 : 61.224478 ]
[61.225s][info][gc       ] [OBJCREAT 129460109 25117 7073792 : 61.224612 ]
[61.225s][info][gc       ] [HMSV All : 0 0 40 0 0 0 0 0 : 4980 0 0 0 : 61.224627 ]
[61.225s][info][gc       ] [HMSP 9 : 41100 0 : 61.224627 ]
[61.449s][info][gc       ] [GPGC-H  2718.2 372.2 1.0 0.0 : 110.0 : 0.000 0.000 : 0.000 0.000 0.723 2.104 : 0.000 0.000 0.000 0.000 1.877 0.875 : 0.000 : 80.677 : 826 1784 28 0 : 2266 : 4608 4424 : 61.448573 : 9 Next_heuristic_check_may_be_too_late ]
[61.451s][info][safepoint] Application time: 0.2271533 seconds
[61.452s][info][safepoint] Total time for which application threads were stopped: 0.0003681 seconds, Stopping threads took: 0.0000005 seconds
[61.452s][info][gc       ] [SPS 0.000 0.004 0.004 0.008 0.001 0.001 0.000 0.332 0.027 0.368 NewGC_pause1 61.451258 ]
[61.520s][info][safepoint] Application time: 0.0686443 seconds
[61.521s][info][safepoint] Total time for which application threads were stopped: 0.0001986 seconds, Stopping threads took: 0.0000005 seconds
[61.521s][info][gc       ] [SPS 0.000 0.001 0.000 0.008 0.001 0.001 0.000 0.166 0.024 0.199 NewGC_pause2 61.520100 ]
[61.522s][info][safepoint] Application time: 0.0019551 seconds
[61.523s][info][safepoint] Total time for which application threads were stopped: 0.0001419 seconds, Stopping threads took: 0.0000005 seconds
[61.523s][info][gc       ] [SPS 0.000 0.000 0.000 0.007 0.001 0.001 0.000 0.106 0.027 0.142 NewGC_pause3 61.522197 ]
[61.523s][info][safepoint] Application time: 0.0010574 seconds
[61.524s][info][safepoint] Total time for which application threads were stopped: 0.0001566 seconds, Stopping threads took: 0.0000005 seconds
[61.524s][info][gc       ] [SPS 0.000 0.002 0.002 0.007 0.000 0.001 0.000 0.122 0.027 0.157 NewGC_pause4 61.523412 ]
[61.524s][info][gc       ] [GC New Max 158-147 : 5120 2968 2140 5120 - - 1046 56 2 2 - : 144 1784 28 184 972 : 140 4 831 831 0 : 0 1 70 0 72 - 0 : 0.225196 2868.6 0.0 0.074449 1961.1 0.0 : 3 --c 0000 : 23 0 0.000 0.000 0 0.000 0.000 0 0.000 0.000 : 61.449228 61.450889 0.000297 61.519901 0.000114 61.522055 0.000066 61.523255 0.000084 : 61.523678 ]
[61.524s][info][gc       ] [SYSINFO 7577 191 89 0 7042 0 20 0 0 5745 : - - - - - - - - : 0 7168 : 2.05 1.04 1.41 : 278178 4215328 : 0 0 : 22 0 : 1547 2 0 260 : - 7672668160 333475840 1439936512 5939011584 199507968 93806592 : 140688591 5005790 133460 0 0 0 : 61.523940 ]
[61.524s][info][gc       ] [HUGEPAGESTAT 0 0 0 - 20840 0 0 : 612352 0 0 : 61.523940 ]
[61.524s][info][gc       ] [OBJCREAT 130242249 25117 7073792 : 61.523995 ]
[61.524s][info][gc       ] [HMSV All : 0 0 40 0 0 0 0 0 : 4980 0 0 0 : 61.524012 ]
[61.524s][info][gc       ] [HMSP 9 : 41100 0 : 61.524012 ]
[61.525s][info][gc       ] [VMAC 65530 166 24 430 620 : 61.524977 ]
[61.768s][info][gc       ] [GPGC-H  2718.2 372.2 1.0 0.0 : 110.0 : 0.000 0.000 : 0.000 0.000 0.715 2.104 : 0.000 0.000 0.000 0.000 1.853 0.875 : 0.000 : 79.909 : 808 1784 28 0 : 2266 : 4608 4424 : 61.767977 : 9 Next_heuristic_check_may_be_too_late ]
[61.771s][info][safepoint] Application time: 0.2473888 seconds
[61.772s][info][safepoint] Total time for which application threads were stopped: 0.0004288 seconds, Stopping threads took: 0.0000005 seconds
[61.772s][info][gc       ] [SPS 0.000 0.003 0.022 0.008 0.001 0.001 0.000 0.353 0.066 0.429 NewGC_pause1 61.771230 ]
[61.835s][info][safepoint] Application time: 0.0637582 seconds
[61.836s][info][safepoint] Total time for which application threads were stopped: 0.0001899 seconds, Stopping threads took: 0.0000005 seconds
[61.836s][info][gc       ] [SPS 0.000 0.001 0.000 0.007 0.000 0.001 0.000 0.159 0.022 0.190 NewGC_pause2 61.835178 ]
[61.838s][info][safepoint] Application time: 0.0025017 seconds
[61.838s][info][safepoint] Total time for which application threads were stopped: 0.0001536 seconds, Stopping threads took: 0.0000005 seconds
[61.838s][info][gc       ] [SPS 0.000 0.000 0.000 0.007 0.000 0.001 0.000 0.122 0.023 0.154 NewGC_pause3 61.837833 ]
[61.839s][info][safepoint] Application time: 0.0012458 seconds
[61.840s][info][safepoint] Total time for which application threads were stopped: 0.0002844 seconds, Stopping threads took: 0.0000005 seconds
[61.840s][info][gc       ] [SPS 0.000 0.003 0.002 0.009 0.001 0.001 0.000 0.239 0.044 0.294 NewGC_pause4 61.839373 ]
[61.840s][info][gc       ] [GC New Max 159-148 : 5120 2968 2158 5120 - - 1046 56 2 2 - : 162 1784 28 184 972 : 158 4 813 813 0 : 0 1 79 0 81 - 0 : 0.244983 2718.6 0.0 0.071038 2308.6 0.0 : 3 --c 0000 : 23 0 0.000 0.000 0 0.000 0.000 0 0.000 0.000 : 61.768661 61.770801 0.000275 61.834988 0.000088 61.837679 0.000084 61.839079 0.000184 : 61.839699 ]
[61.840s][info][gc       ] [SYSINFO 7577 191 89 0 7042 0 20 0 0 5745 : - - - - - - - - : 0 7168 : 2.05 1.04 1.41 : 278178 4215328 : 0 0 : 22 0 : 1547 2 0 260 : - 7672668160 333475840 1439936512 5939011584 199507968 93806592 : 140688591 5006290 133550 0 0 0 : 61.839964 ]
[61.840s][info][gc       ] [HUGEPAGESTAT 0 0 0 - 20840 0 0 : 612352 0 0 : 61.839964 ]
[61.840s][info][gc       ] [OBJCREAT 131064285 25117 7073792 : 61.840041 ]
[61.840s][info][gc       ] [HMSV All : 0 0 40 0 0 0 0 0 : 4980 0 0 0 : 61.840057 ]
[61.840s][info][gc       ] [HMSP 9 : 41100 0 : 61.840057 ]
[61.841s][info][gc       ] [VMAC 65530 166 24 430 620 : 61.840982 ]
[62.084s][info][gc       ] [GPGC-H  2718.2 372.2 1.0 0.0 : 110.0 : 0.000 0.000 : 0.000 0.000 0.705 2.104 : 0.000 0.000 0.000 0.000 1.829 0.875 : 0.000 : 79.077 : 784 1784 28 0 : 2266 : 4608 4424 : 62.083650 : 9 Next_heuristic_check_may_be_too_late ]
[62.086s][info][safepoint] Application time: 0.2465141 seconds
[62.086s][info][safepoint] Total time for which application threads were stopped: 0.0001462 seconds, Stopping threads took: 0.0000005 seconds
[62.087s][info][gc       ] [SPS 0.000 0.004 0.006 0.008 0.001 0.001 0.000 0.115 0.021 0.146 NewGC_pause1 62.086024 ]
[62.169s][info][safepoint] Application time: 0.0832991 seconds
[62.170s][info][safepoint] Total time for which application threads were stopped: 0.0000948 seconds, Stopping threads took: 0.0000005 seconds
[62.170s][info][gc       ] [SPS 0.000 0.001 0.000 0.007 0.000 0.001 0.000 0.070 0.016 0.095 NewGC_pause2 62.169418 ]
[62.171s][info][safepoint] Application time: 0.0018127 seconds
[62.172s][info][safepoint] Total time for which application threads were stopped: 0.0001697 seconds, Stopping threads took: 0.0000007 seconds
[62.172s][info][gc       ] [SPS 0.000 0.001 0.000 0.009 0.001 0.001 0.000 0.131 0.028 0.170 NewGC_pause3 62.171401 ]
[62.173s][info][safepoint] Application time: 0.0014184 seconds
[62.173s][info][safepoint] Total time for which application threads were stopped: 0.0001903 seconds, Stopping threads took: 0.0000005 seconds
[62.173s][info][gc       ] [SPS 0.000 0.003 0.002 0.007 0.000 0.001 0.000 0.155 0.027 0.190 NewGC_pause4 62.173009 ]
[62.174s][info][gc       ] [GC New Max 160-149 : 5120 2948 2164 5120 - - 1046 56 2 2 - : 168 1784 28 184 952 : 162 4 789 789 0 : 0 1 81 0 84 - 0 : 0.244537 2551.8 0.0 0.089141 1907.1 0.0 : 3 --c 0000 : 23 0 0.000 0.000 0 0.000 0.000 0 0.000 0.000 : 62.084236 62.085878 0.000118 62.169323 0.000072 62.171231 0.000055 62.172819 0.000112 : 62.173377 ]
[62.174s][info][gc       ] [SYSINFO 7577 191 89 0 7042 0 20 0 0 5745 : - - - - - - - - : 0 7168 : 2.05 1.04 1.41 : 278178 4215328 : 0 0 : 22 0 : 1547 2 0 260 : - 7672668160 333475840 1439936512 5939011584 199507968 93806592 : 140688591 5006860 133620 0 0 0 : 62.173656 ]
[62.174s][info][gc       ] [HUGEPAGESTAT 0 0 0 - 20840 0 0 : 612352 0 0 : 62.173656 ]
[62.174s][info][gc       ] [OBJCREAT 131850922 25117 7073792 : 62.173709 ]
[62.174s][info][gc       ] [HMSV All : 0 0 40 0 0 0 0 0 : 4980 0 0 0 : 62.173732 ]
[62.174s][info][gc       ] [HMSP 9 : 41100 0 : 62.173732 ]
[62.174s][info][gc       ] [VMAC 65530 166 24 430 620 : 62.174291 ]
[62.416s][info][gc       ] [GPGC-H  2718.2 372.2 1.0 0.0 : 110.0 : 0.000 0.000 : 0.000 0.000 0.696 2.104 : 0.000 0.000 0.000 0.000 1.804 0.875 : 0.000 : 78.276 : 820 1784 28 0 : 2266 : 4608 4424 : 62.416115 : 9 Next_heuristic_check_may_be_too_late ]
[62.420s][info][safepoint] Application time: 0.2468936 seconds
[62.421s][info][safepoint] Total time for which application threads were stopped: 0.0004262 seconds, Stopping threads took: 0.0000005 seconds
[62.421s][info][gc       ] [SPS 0.000 0.005 0.004 0.008 0.000 0.001 0.000 0.387 0.029 0.426 NewGC_pause1 62.420329 ]
[62.504s][info][safepoint] Application time: 0.0835747 seconds
[62.505s][info][safepoint] Total time for which application threads were stopped: 0.0001580 seconds, Stopping threads took: 0.0000005 seconds
[62.505s][info][gc       ] [SPS 0.000 0.001 0.000 0.008 0.000 0.001 0.000 0.125 0.024 0.158 NewGC_pause2 62.504062 ]
[62.507s][info][safepoint] Application time: 0.0024167 seconds
[62.507s][info][safepoint] Total time for which application threads were stopped: 0.0001727 seconds, Stopping threads took: 0.0000005 seconds
[62.507s][info][gc       ] [SPS 0.000 0.000 0.000 0.007 0.001 0.001 0.000 0.140 0.023 0.173 NewGC_pause3 62.506652 ]
[62.508s][info][safepoint] Application time: 0.0011579 seconds
[62.508s][info][safepoint] Total time for which application threads were stopped: 0.0001338 seconds, Stopping threads took: 0.0000005 seconds
[62.509s][info][gc       ] [SPS 0.000 0.003 0.002 0.007 0.000 0.001 0.000 0.100 0.026 0.134 NewGC_pause4 62.507944 ]
[62.509s][info][gc       ] [GC New Max 161-150 : 5120 3058 2232 5120 - - 1046 56 2 2 - : 236 1784 28 184 1062 : 232 4 828 828 0 : 0 1 116 0 118 - 0 : 0.243415 2686.8 0.0 0.091383 2648.2 0.0 : 3 --c 0000 : 23 0 0.000 0.000 0 0.000 0.000 0 0.000 0.000 : 62.416792 62.419903 0.000328 62.503904 0.000076 62.506479 0.000072 62.507810 0.000057 : 62.508175 ]
[62.509s][info][gc       ] [SYSINFO 7577 191 89 0 7042 0 20 0 0 5745 : - - - - - - - - : 0 7168 : 2.05 1.04 1.41 : 278178 4215328 : 0 0 : 22 0 : 1547 2 0 260 : - 7672668160 333475840 1439936512 5939011584 199507968 93806592 : 140688591 5007450 133680 0 0 0 : 62.508460 ]
[62.509s][info][gc       ] [HUGEPAGESTAT 0 0 0 - 20840 0 0 : 612352 0 0 : 62.508460 ]
[62.509s][info][gc       ] [OBJCREAT 132737415 25117 7073792 : 62.508529 ]
[62.509s][info][gc       ] [HMSV All : 0 0 40 0 0 0 0 0 : 4980 0 0 0 : 62.508546 ]
[62.509s][info][gc       ] [HMSP 9 : 41100 0 : 62.508546 ]
[62.509s][info][gc       ] [VMAC 65530 166 24 430 620 : 62.509234 ]
[62.732s][info][gc       ] [GPGC-H  2700.2 372.2 1.0 0.0 : 110.0 : 0.000 0.000 : 0.000 0.000 0.687 2.104 : 0.000 0.000 0.000 0.000 1.779 0.875 : 0.000 : 77.493 : 836 1784 28 0 : 2266 : 4608 4424 : 62.731825 : 9 Next_heuristic_check_may_be_too_late ]
[62.734s][info][safepoint] Application time: 0.2258098 seconds
[62.735s][info][safepoint] Total time for which application threads were stopped: 0.0003541 seconds, Stopping threads took: 0.0000007 seconds
[62.735s][info][gc       ] [SPS 0.000 0.008 0.014 0.010 0.001 0.001 0.001 0.317 0.025 0.354 NewGC_pause1 62.734108 ]
[62.811s][info][safepoint] Application time: 0.0763156 seconds
[62.811s][info][safepoint] Total time for which application threads were stopped: 0.0001337 seconds, Stopping threads took: 0.0000005 seconds
[62.812s][info][gc       ] [SPS 0.000 0.001 0.000 0.007 0.000 0.001 0.000 0.102 0.023 0.134 NewGC_pause2 62.810557 ]
[62.813s][info][safepoint] Application time: 0.0022202 seconds
[62.813s][info][safepoint] Total time for which application threads were stopped: 0.0001776 seconds, Stopping threads took: 0.0000005 seconds
[62.813s][info][gc       ] [SPS 0.000 0.000 0.000 0.007 0.000 0.001 0.000 0.141 0.028 0.178 NewGC_pause3 62.812955 ]
[62.814s][info][safepoint] Application time: 0.0009733 seconds
[62.814s][info][safepoint] Total time for which application threads were stopped: 0.0001834 seconds, Stopping threads took: 0.0000005 seconds
[62.815s][info][gc       ] [SPS 0.000 0.003 0.002 0.007 0.001 0.001 0.000 0.126 0.049 0.184 NewGC_pause4 62.814112 ]
[62.815s][info][gc       ] [GC New Max 162-151 : 5120 3020 2182 5120 - - 1046 56 2 2 - : 186 1784 28 184 1024 : 182 4 841 841 0 : 0 1 91 0 93 - 0 : 0.224142 2685.8 0.0 0.082032 2291.8 0.0 : 3 --c 0000 : 23 0 0.000 0.000 0 0.000 0.000 0 0.000 0.000 : 62.732317 62.733754 0.000206 62.810424 0.000103 62.812777 0.000103 62.813929 0.000075 : 62.814349 ]
[62.815s][info][gc       ] [SYSINFO 7577 191 89 0 7042 0 20 0 0 5745 : - - - - - - - - : 0 7168 : 2.05 1.04 1.41 : 278178 4215328 : 0 0 : 22 0 : 1547 2 0 260 : - 7672668160 333475840 1439936512 5939011584 199507968 93806592 : 140688591 5007960 133850 0 0 0 : 62.814651 ]
[62.815s][info][gc       ] [HUGEPAGESTAT 0 0 0 - 20840 0 0 : 612352 0 0 : 62.814651 ]
[62.815s][info][gc       ] [OBJCREAT 133521590 25117 7073792 : 62.814701 ]
[62.815s][info][gc       ] [HMSV All : 0 0 40 0 0 0 0 0 : 4980 0 0 0 : 62.814718 ]
[62.815s][info][gc       ] [HMSP 9 : 41100 0 : 62.814718 ]
[62.815s][info][gc       ] [VMAC 65530 166 24 430 620 : 62.815244 ]
[63.078s][info][gc       ] [GPGC-H  2700.2 339.3 1.0 0.0 : 100.3 : 0.000 0.000 : 0.000 0.000 0.678 2.104 : 0.000 0.000 0.000 0.000 1.756 0.875 : 0.000 : 76.781 : 848 1784 28 0 : 2266 : 4608 4424 : 63.078147 : 9 Next_heuristic_check_may_be_too_late ]
[63.081s][info][safepoint] Application time: 0.2667030 seconds
[63.082s][info][safepoint] Total time for which application threads were stopped: 0.0002182 seconds, Stopping threads took: 0.0000005 seconds
[63.082s][info][gc       ] [SPS 0.000 0.005 0.002 0.008 0.000 0.001 0.001 0.182 0.026 0.218 NewGC_pause1 63.081034 ]
[63.157s][info][safepoint] Application time: 0.0755820 seconds
[63.158s][info][safepoint] Total time for which application threads were stopped: 0.0002212 seconds, Stopping threads took: 0.0000005 seconds
[63.158s][info][gc       ] [SPS 0.000 0.001 0.000 0.007 0.001 0.001 0.000 0.178 0.034 0.222 NewGC_pause2 63.156837 ]
[63.159s][info][safepoint] Application time: 0.0021176 seconds
[63.159s][info][safepoint] Total time for which application threads were stopped: 0.0001566 seconds, Stopping threads took: 0.0000006 seconds
[63.160s][info][gc       ] [SPS 0.000 0.001 0.000 0.009 0.001 0.001 0.000 0.115 0.030 0.157 NewGC_pause3 63.159111 ]
[63.161s][info][safepoint] Application time: 0.0013042 seconds
[63.161s][info][safepoint] Total time for which application threads were stopped: 0.0001401 seconds, Stopping threads took: 0.0000005 seconds
[63.161s][info][gc       ] [SPS 0.000 0.002 0.021 0.007 0.001 0.001 0.000 0.104 0.028 0.140 NewGC_pause4 63.160556 ]
[63.161s][info][gc       ] [GC New Max 163-152 : 5120 3068 2220 5120 - - 1046 56 2 2 - : 224 1784 28 184 1072 : 220 4 851 851 0 : 0 1 110 0 112 - 0 : 0.264586 2509.6 0.0 0.081916 2734.5 0.0 : 3 --c 0000 : 23 0 0.000 0.000 0 0.000 0.000 0 0.000 0.000 : 63.078935 63.080816 0.000111 63.156616 0.000133 63.158955 0.000095 63.160416 0.000065 : 63.160851 ]
[63.161s][info][gc       ] [SYSINFO 7577 191 89 0 7042 0 20 0 0 5745 : - - - - - - - - : 0 7168 : 2.05 1.04 1.41 : 278178 4215328 : 0 0 : 22 0 : 1547 2 0 260 : - 7672668160 333475840 1439936512 5939011584 199507968 93806592 : 140688591 5008510 134000 0 0 0 : 63.161269 ]
[63.161s][info][gc       ] [HUGEPAGESTAT 0 0 0 - 20840 0 0 : 612352 0 0 : 63.161269 ]
[63.161s][info][gc       ] [OBJCREAT 134401326 25117 7073792 : 63.161375 ]
[63.161s][info][gc       ] [HMSV All : 0 0 40 0 0 0 0 0 : 4980 0 0 0 : 63.161390 ]
[63.161s][info][gc       ] [HMSP 9 : 41100 0 : 63.161390 ]
[63.162s][info][gc       ] [VMAC 65530 166 24 430 620 : 63.162050 ]
[63.385s][info][gc       ] [GPGC-H  2700.2 339.3 1.0 0.0 : 100.3 : 0.000 0.000 : 0.000 0.000 0.669 2.104 : 0.000 0.000 0.000 0.000 1.732 0.875 : 0.000 : 75.937 : 826 1784 28 0 : 2266 : 4608 4424 : 63.384642 : 9 Next_heuristic_check_may_be_too_late ]
[63.387s][info][safepoint] Application time: 0.2264084 seconds
[63.388s][info][safepoint] Total time for which application threads were stopped: 0.0002025 seconds, Stopping threads took: 0.0000005 seconds
[63.388s][info][gc       ] [SPS 0.001 0.003 0.003 0.008 0.001 0.001 0.000 0.168 0.025 0.203 NewGC_pause1 63.387167 ]
[63.452s][info][safepoint] Application time: 0.0647727 seconds
[63.453s][info][safepoint] Total time for which application threads were stopped: 0.0001922 seconds, Stopping threads took: 0.0000005 seconds
[63.453s][info][gc       ] [SPS 0.000 0.001 0.000 0.007 0.001 0.001 0.000 0.161 0.023 0.192 NewGC_pause2 63.452132 ]
[63.455s][info][safepoint] Application time: 0.0025813 seconds
[63.455s][info][safepoint] Total time for which application threads were stopped: 0.0001791 seconds, Stopping threads took: 0.0000005 seconds
[63.455s][info][gc       ] [SPS 0.000 0.000 0.000 0.007 0.000 0.001 0.000 0.147 0.023 0.179 NewGC_pause3 63.454892 ]
[63.456s][info][safepoint] Application time: 0.0013793 seconds
[63.457s][info][safepoint] Total time for which application threads were stopped: 0.0001870 seconds, Stopping threads took: 0.0000005 seconds
[63.457s][info][gc       ] [SPS 0.000 0.003 0.002 0.007 0.001 0.001 0.000 0.142 0.036 0.187 NewGC_pause4 63.456459 ]
[63.457s][info][gc       ] [GC New Max 164-153 : 5120 2994 2166 5120 - - 1046 56 2 2 - : 170 1784 28 184 998 : 166 4 831 831 0 : 0 1 83 0 85 - 0 : 0.224354 2692.2 0.0 0.071538 2404.3 0.0 : 3 --c 0000 : 23 0 0.000 0.000 0 0.000 0.000 0 0.000 0.000 : 63.385205 63.386964 0.000123 63.451940 0.000112 63.454713 0.000095 63.456272 0.000091 : 63.456743 ]
[63.457s][info][gc       ] [SYSINFO 7577 191 89 0 7042 0 20 0 0 5745 : - - - - - - - - : 0 7168 : 2.05 1.04 1.41 : 278178 4215328 : 0 0 : 22 0 : 1547 2 0 260 : - 7672668160 333475840 1439936512 5939011584 199507968 93806592 : 140688591 5008990 134060 0 0 0 : 63.457185 ]
[63.457s][info][gc       ] [HUGEPAGESTAT 0 0 0 - 20840 0 0 : 612352 0 0 : 63.457185 ]
[63.457s][info][gc       ] [OBJCREAT 135167693 25117 7073792 : 63.457283 ]
[63.457s][info][gc       ] [HMSV All : 0 0 40 0 0 0 0 0 : 4980 0 0 0 : 63.457318 ]
[63.457s][info][gc       ] [HMSP 9 : 41100 0 : 63.457318 ]
[63.458s][info][gc       ] [VMAC 65530 166 24 430 620 : 63.457869 ]
[63.721s][info][gc       ] [GPGC-H  2700.2 339.3 1.0 0.0 : 100.3 : 0.000 0.000 : 0.000 0.000 0.660 2.104 : 0.000 0.000 0.000 0.000 1.711 0.875 : 0.000 : 75.234 : 806 1784 28 0 : 2266 : 4608 4424 : 63.720995 : 9 Next_heuristic_check_may_be_too_late ]
[63.724s][info][safepoint] Application time: 0.2669600 seconds
[63.724s][info][safepoint] Total time for which application threads were stopped: 0.0004269 seconds, Stopping threads took: 0.0000007 seconds
[63.725s][info][gc       ] [SPS 0.000 0.004 0.003 0.012 0.001 0.001 0.001 0.384 0.028 0.427 NewGC_pause1 63.723846 ]
[63.793s][info][safepoint] Application time: 0.0687305 seconds
[63.793s][info][safepoint] Total time for which application threads were stopped: 0.0002220 seconds, Stopping threads took: 0.0000005 seconds
[63.794s][info][gc       ] [SPS 0.000 0.001 0.000 0.007 0.000 0.001 0.000 0.177 0.037 0.222 NewGC_pause2 63.792799 ]
[63.795s][info][safepoint] Application time: 0.0025295 seconds
[63.796s][info][safepoint] Total time for which application threads were stopped: 0.0001550 seconds, Stopping threads took: 0.0000005 seconds
[63.796s][info][gc       ] [SPS 0.000 0.000 0.000 0.007 0.000 0.001 0.000 0.123 0.023 0.155 NewGC_pause3 63.795483 ]
[63.797s][info][safepoint] Application time: 0.0011634 seconds
[63.797s][info][safepoint] Total time for which application threads were stopped: 0.0001363 seconds, Stopping threads took: 0.0000005 seconds
[63.798s][info][gc       ] [SPS 0.000 0.004 0.002 0.007 0.000 0.001 0.000 0.102 0.026 0.136 NewGC_pause4 63.796783 ]
[63.798s][info][gc       ] [GC New Max 165-154 : 5120 2966 2158 5120 - - 1046 56 2 2 - : 162 1784 28 184 970 : 158 4 810 810 0 : 0 1 79 0 81 - 0 : 0.264864 2401.2 0.0 0.075480 2199.2 0.0 : 3 --c 0000 : 23 0 0.000 0.000 0 0.000 0.000 0 0.000 0.000 : 63.721607 63.723419 0.000342 63.792577 0.000130 63.795328 0.000088 63.796647 0.000068 : 63.797087 ]
[63.798s][info][gc       ] [SYSINFO 7577 191 89 0 7042 0 20 0 0 5745 : - - - - - - - - : 0 7168 : 2.05 1.04 1.41 : 278178 4215328 : 0 0 : 22 0 : 1547 2 0 260 : - 7672668160 333475840 1439936512 5939011584 199507968 93806592 : 140688591 5009520 134110 0 0 0 : 63.797566 ]
[63.798s][info][gc       ] [HUGEPAGESTAT 0 0 0 - 20840 0 0 : 612352 0 0 : 63.797566 ]
[63.798s][info][gc       ] [OBJCREAT 135961446 25117 7073792 : 63.797691 ]
[63.798s][info][gc       ] [HMSV All : 0 0 40 0 0 0 0 0 : 4980 0 0 0 : 63.797712 ]
[63.798s][info][gc       ] [HMSP 9 : 41100 0 : 63.797712 ]
[63.798s][info][gc       ] [VMAC 65530 166 24 430 620 : 63.798279 ]
[64.041s][info][gc       ] [GPGC-H  2700.2 339.3 1.0 0.0 : 100.3 : 0.000 0.000 : 0.000 0.000 0.651 2.104 : 0.000 0.000 0.000 0.000 1.687 0.875 : 0.000 : 74.406 : 806 1784 28 0 : 2266 : 4608 4424 : 64.041284 : 9 Next_heuristic_check_may_be_too_late ]
[64.044s][info][safepoint] Application time: 0.2469217 seconds
[64.045s][info][safepoint] Total time for which application threads were stopped: 0.0002807 seconds, Stopping threads took: 0.0000005 seconds
[64.045s][info][gc       ] [SPS 0.000 0.003 0.003 0.008 0.001 0.001 0.000 0.238 0.034 0.281 NewGC_pause1 64.043986 ]
[64.124s][info][safepoint] Application time: 0.0801315 seconds
[64.125s][info][safepoint] Total time for which application threads were stopped: 0.0001884 seconds, Stopping threads took: 0.0000005 seconds
[64.125s][info][gc       ] [SPS 0.000 0.001 0.000 0.007 0.000 0.001 0.000 0.156 0.024 0.189 NewGC_pause2 64.124306 ]
[64.127s][info][safepoint] Application time: 0.0020718 seconds
[64.127s][info][safepoint] Total time for which application threads were stopped: 0.0001434 seconds, Stopping threads took: 0.0000005 seconds
[64.127s][info][gc       ] [SPS 0.000 0.000 0.000 0.007 0.000 0.001 0.000 0.110 0.025 0.144 NewGC_pause3 64.126522 ]
[64.128s][info][safepoint] Application time: 0.0012373 seconds
[64.128s][info][safepoint] Total time for which application threads were stopped: 0.0001966 seconds, Stopping threads took: 0.0000005 seconds
[64.129s][info][gc       ] [SPS 0.000 0.002 0.002 0.007 0.001 0.001 0.000 0.161 0.027 0.197 NewGC_pause4 64.127955 ]
[64.129s][info][gc       ] [GC New Max 166-155 : 5120 2976 2170 5120 - - 1046 56 2 2 - : 174 1784 28 184 980 : 170 4 809 809 0 : 0 1 85 0 87 - 0 : 0.244831 2638.6 0.0 0.086347 2015.1 0.0 : 3 --c 0000 : 23 0 0.000 0.000 0 0.000 0.000 0 0.000 0.000 : 64.041918 64.043705 0.000158 64.124118 0.000123 64.126378 0.000063 64.127759 0.000126 : 64.128265 ]
[64.129s][info][gc       ] [SYSINFO 7577 191 89 0 7042 0 20 0 0 5745 : - - - - - - - - : 0 7168 : 2.05 1.04 1.41 : 278178 4215328 : 0 0 : 22 0 : 1547 2 0 260 : - 7672668160 333475840 1439936512 5939011584 199507968 93806592 : 140688591 5010090 134240 0 0 0 : 64.128593 ]
[64.129s][info][gc       ] [HUGEPAGESTAT 0 0 0 - 20840 0 0 : 612352 0 0 : 64.128593 ]
[64.129s][info][gc       ] [OBJCREAT 136774136 25117 7073792 : 64.128658 ]
[64.129s][info][gc       ] [HMSV All : 0 0 40 0 0 0 0 0 : 4980 0 0 0 : 64.128684 ]
[64.129s][info][gc       ] [HMSP 9 : 41100 0 : 64.128684 ]
[64.129s][info][gc       ] [VMAC 65530 166 24 430 620 : 64.129310 ]
[64.372s][info][gc       ] [GPGC-H  2700.2 339.3 1.0 0.0 : 100.3 : 0.000 0.000 : 0.000 0.000 0.643 2.104 : 0.000 0.000 0.000 0.000 1.664 0.875 : 0.000 : 73.672 : 796 1784 28 0 : 2266 : 4608 4424 : 64.372179 : 9 Next_heuristic_check_may_be_too_late ]
[64.375s][info][safepoint] Application time: 0.2464359 seconds
[64.375s][info][safepoint] Total time for which application threads were stopped: 0.0003129 seconds, Stopping threads took: 0.0000005 seconds
[64.376s][info][gc       ] [SPS 0.000 0.003 0.005 0.008 0.001 0.001 0.000 0.275 0.028 0.313 NewGC_pause1 64.374705 ]
[64.443s][info][safepoint] Application time: 0.0678025 seconds
[64.443s][info][safepoint] Total time for which application threads were stopped: 0.0002117 seconds, Stopping threads took: 0.0000005 seconds
[64.444s][info][gc       ] [SPS 0.000 0.001 0.000 0.007 0.001 0.001 0.000 0.180 0.023 0.212 NewGC_pause2 64.442719 ]
[64.445s][info][safepoint] Application time: 0.0021508 seconds
[64.445s][info][safepoint] Total time for which application threads were stopped: 0.0001805 seconds, Stopping threads took: 0.0000005 seconds
[64.446s][info][gc       ] [SPS 0.000 0.000 0.000 0.007 0.000 0.001 0.000 0.130 0.041 0.181 NewGC_pause3 64.445050 ]
[64.446s][info][safepoint] Application time: 0.0012085 seconds
[64.447s][info][safepoint] Total time for which application threads were stopped: 0.0002178 seconds, Stopping threads took: 0.0000005 seconds
[64.447s][info][gc       ] [SPS 0.000 0.002 0.002 0.009 0.000 0.001 0.000 0.176 0.030 0.218 NewGC_pause4 64.446477 ]
[64.447s][info][gc       ] [GC New Max 167-156 : 5120 2968 2170 5120 - - 1046 56 2 2 - : 174 1784 28 184 972 : 170 4 801 801 0 : 0 1 85 0 87 - 0 : 0.244520 2551.9 0.0 0.074004 2378.2 0.0 : 3 --c 0000 : 23 0 0.000 0.000 0 0.000 0.000 0 0.000 0.000 : 64.372785 64.374392 0.000273 64.442507 0.000113 64.444870 0.000089 64.446259 0.000097 : 64.446789 ]
[64.447s][info][gc       ] [SYSINFO 7577 191 89 0 7042 0 20 0 0 5745 : - - - - - - - - : 0 7168 : 1.96 1.03 1.40 : 278178 4215328 : 0 0 : 22 0 : 1547 3 0 260 : - 7672668160 333475840 1439936512 5939011584 199507968 93806592 : 140688591 5010610 134310 0 0 0 : 64.447099 ]
[64.447s][info][gc       ] [HUGEPAGESTAT 0 0 0 - 20840 0 0 : 612352 0 0 : 64.447099 ]
[64.447s][info][gc       ] [OBJCREAT 137566455 25117 7073792 : 64.447163 ]
[64.447s][info][gc       ] [HMSV All : 0 0 40 0 0 0 0 0 : 4980 0 0 0 : 64.447186 ]
[64.447s][info][gc       ] [HMSP 9 : 41100 0 : 64.447186 ]
[64.448s][info][gc       ] [VMAC 65530 166 24 430 620 : 64.447740 ]
[64.690s][info][gc       ] [GPGC-H  2677.5 339.3 1.0 0.0 : 100.3 : 0.000 0.000 : 0.000 0.000 0.634 2.104 : 0.000 0.000 0.000 0.000 1.642 0.875 : 0.000 : 72.935 : 798 1784 28 0 : 2266 : 4608 4424 : 64.690499 : 9 Next_heuristic_check_may_be_too_late ]
[64.694s][info][safepoint] Application time: 0.2470163 seconds
[64.694s][info][safepoint] Total time for which application threads were stopped: 0.0002232 seconds, Stopping threads took: 0.0000009 seconds
[64.695s][info][gc       ] [SPS 0.000 0.005 0.004 0.014 0.001 0.001 0.001 0.177 0.030 0.223 NewGC_pause1 64.693717 ]
[64.768s][info][safepoint] Application time: 0.0742312 seconds
[64.769s][info][safepoint] Total time for which application threads were stopped: 0.0002025 seconds, Stopping threads took: 0.0000005 seconds
[64.769s][info][gc       ] [SPS 0.000 0.001 0.000 0.008 0.001 0.001 0.000 0.168 0.025 0.203 NewGC_pause2 64.768150 ]
[64.770s][info][safepoint] Application time: 0.0021377 seconds
[64.771s][info][safepoint] Total time for which application threads were stopped: 0.0001809 seconds, Stopping threads took: 0.0000005 seconds
[64.771s][info][gc       ] [SPS 0.000 0.000 0.000 0.008 0.001 0.001 0.000 0.132 0.040 0.181 NewGC_pause3 64.770482 ]
[64.772s][info][safepoint] Application time: 0.0009623 seconds
[64.772s][info][safepoint] Total time for which application threads were stopped: 0.0001325 seconds, Stopping threads took: 0.0000005 seconds
[64.773s][info][gc       ] [SPS 0.000 0.003 0.002 0.007 0.001 0.001 0.000 0.096 0.028 0.133 NewGC_pause4 64.771576 ]
[64.773s][info][gc       ] [VMAC 65530 166 24 430 620 : 64.773047 ]
[64.772s][info][gc       ] [GC New Max 168-157 : 5120 2988 2190 5120 - - 1046 56 2 2 - : 194 1784 28 184 992 : 190 4 800 800 0 : 0 1 95 0 97 - 0 : 0.244344 2562.0 0.0 0.080724 2403.2 0.0 : 3 --c 0000 : 23 0 0.000 0.000 0 0.000 0.000 0 0.000 0.000 : 64.691133 64.693494 0.000181 64.767948 0.000115 64.770301 0.000055 64.771444 0.000058 : 64.771857 ]
[64.772s][info][gc       ] [SYSINFO 7577 191 89 0 7042 0 20 0 0 5745 : - - - - - - - - : 0 7168 : 1.96 1.03 1.40 : 278178 4215328 : 0 0 : 22 0 : 1547 2 0 260 : - 7672668160 333475840 1439936512 5939011584 199507968 93806592 : 140688591 5011140 134380 0 0 0 : 64.772107 ]
[64.772s][info][gc       ] [HUGEPAGESTAT 0 0 0 - 20840 0 0 : 612352 0 0 : 64.772107 ]
[64.772s][info][gc       ] [OBJCREAT 138378002 25117 7073792 : 64.772154 ]
[64.772s][info][gc       ] [HMSV All : 0 0 40 0 0 0 0 0 : 4980 0 0 0 : 64.772189 ]
[64.772s][info][gc       ] [HMSP 9 : 41100 0 : 64.772189 ]
[64.997s][info][gc       ] [GPGC-H  2677.5 339.3 1.0 0.0 : 100.3 : 0.000 0.000 : 0.000 0.000 0.626 2.104 : 0.000 0.000 0.000 0.000 1.621 0.875 : 0.000 : 72.218 : 844 1784 28 0 : 2266 : 4608 4424 : 64.997210 : 9 Next_heuristic_check_may_be_too_late ]
[65.000s][info][safepoint] Application time: 0.2281208 seconds
[65.001s][info][safepoint] Total time for which application threads were stopped: 0.0003918 seconds, Stopping threads took: 0.0000005 seconds
[65.001s][info][gc       ] [SPS 0.000 0.003 0.004 0.008 0.001 0.001 0.000 0.339 0.043 0.392 NewGC_pause1 65.000089 ]
[65.065s][info][safepoint] Application time: 0.0647102 seconds
[65.065s][info][safepoint] Total time for which application threads were stopped: 0.0001861 seconds, Stopping threads took: 0.0000005 seconds
[65.066s][info][gc       ] [SPS 0.000 0.001 0.000 0.007 0.001 0.001 0.000 0.153 0.024 0.186 NewGC_pause2 65.064986 ]
[65.067s][info][safepoint] Application time: 0.0019575 seconds
[65.068s][info][safepoint] Total time for which application threads were stopped: 0.0001850 seconds, Stopping threads took: 0.0000005 seconds
[65.068s][info][gc       ] [SPS 0.000 0.000 0.000 0.007 0.000 0.001 0.000 0.140 0.036 0.185 NewGC_pause3 65.067128 ]
[65.069s][info][safepoint] Application time: 0.0011841 seconds
[65.069s][info][safepoint] Total time for which application threads were stopped: 0.0002110 seconds, Stopping threads took: 0.0000005 seconds
[65.069s][info][gc       ] [SPS 0.000 0.022 0.003 0.008 0.001 0.001 0.000 0.173 0.029 0.211 NewGC_pause4 65.068523 ]
[65.069s][info][gc       ] [GC New Max 169-158 : 5120 3042 2194 5120 - - 1046 56 2 2 - : 198 1784 28 184 1046 : 194 4 850 850 0 : 0 1 97 0 99 - 0 : 0.225911 2886.1 0.0 0.070987 2845.6 0.0 : 3 --c 0000 : 23 0 0.000 0.000 0 0.000 0.000 0 0.000 0.000 : 64.997768 64.999697 0.000298 65.064800 0.000115 65.066943 0.000086 65.068312 0.000138 : 65.068756 ]
[65.069s][info][gc       ] [SYSINFO 7577 191 89 0 7042 0 20 0 0 5745 : - - - - - - - - : 0 7168 : 1.96 1.03 1.40 : 278178 4215328 : 0 0 : 22 0 : 1547 2 0 260 : - 7672668160 333475840 1439936512 5939011584 199507968 93806592 : 140688591 5011640 134470 0 0 0 : 65.069012 ]
[65.069s][info][gc       ] [HUGEPAGESTAT 0 0 0 - 20840 0 0 : 612352 0 0 : 65.069012 ]
[65.069s][info][gc       ] [OBJCREAT 139224569 25117 7073792 : 65.069110 ]
[65.069s][info][gc       ] [HMSV All : 0 0 40 0 0 0 0 0 : 4980 0 0 0 : 65.069125 ]
[65.069s][info][gc       ] [HMSP 9 : 41100 0 : 65.069125 ]
[65.070s][info][gc       ] [VMAC 65530 166 24 430 620 : 65.069777 ]
[65.192s][info][gc       ] [GPGC-H  2677.5 308.9 0.9 0.0 : 91.3 : 0.000 0.000 : 0.000 0.000 0.619 2.104 : 0.000 0.000 0.000 0.000 1.601 0.875 : 0.000 : 71.559 : 946 1784 28 0 : 2266 : 4608 4424 : 65.191730 : 9 Next_heuristic_check_may_be_too_late ]
[65.195s][info][safepoint] Application time: 0.1258533 seconds
[65.195s][info][safepoint] Total time for which application threads were stopped: 0.0002423 seconds, Stopping threads took: 0.0000005 seconds
[65.196s][info][gc       ] [SPS 0.000 0.004 0.005 0.008 0.001 0.001 0.000 0.202 0.030 0.242 NewGC_pause1 65.194619 ]
[65.545s][info][safepoint] Application time: 0.3504902 seconds
[65.546s][info][safepoint] Total time for which application threads were stopped: 0.0002769 seconds, Stopping threads took: 0.0000009 seconds
[65.546s][info][gc       ] [SPS 0.000 0.001 0.000 0.014 0.001 0.002 0.001 0.214 0.046 0.277 NewGC_pause2 65.545387 ]
[65.547s][info][safepoint] Application time: 0.0018139 seconds
[65.548s][info][safepoint] Total time for which application threads were stopped: 0.0001640 seconds, Stopping threads took: 0.0000004 seconds
[65.548s][info][gc       ] [SPS 0.000 0.000 0.000 0.007 0.000 0.001 0.000 0.128 0.027 0.164 NewGC_pause3 65.547365 ]
[65.549s][info][safepoint] Application time: 0.0013274 seconds
[65.549s][info][safepoint] Total time for which application threads were stopped: 0.0001757 seconds, Stopping threads took: 0.0000005 seconds
[65.550s][info][gc       ] [SPS 0.000 0.002 0.002 0.007 0.000 0.001 0.000 0.136 0.031 0.176 NewGC_pause4 65.548868 ]
[65.550s][info][gc       ] [GC New Max 170-159 : 5120 4516 4094 5120 - - 1046 56 2 2 - : 2098 1784 28 184 2520 : 2090 8 427 427 0 : 0 0 780 0 915 - 134 : 0.123683 6080.0 0.0 0.356698 4407.1 0.0 : 3 --c 0000 : 23 0 0.000 0.000 0 0.000 0.000 0 0.000 0.000 : 65.192439 65.194377 0.000139 65.545110 0.000148 65.547201 0.000082 65.548692 0.000092 : 65.549137 ]
[65.550s][info][gc       ] [SYSINFO 7577 191 89 0 7042 0 20 0 0 5745 : - - - - - - - - : 0 7168 : 1.96 1.03 1.40 : 278178 4215328 : 0 0 : 22 0 : 1547 2 0 260 : - 7672668160 333475840 1439936512 5939011584 199507968 93806592 : 140688591 5012850 134630 0 0 0 : 65.549624 ]
[65.550s][info][gc       ] [HUGEPAGESTAT 0 0 0 - 20840 0 0 : 612352 0 0 : 65.549624 ]
[65.550s][info][gc       ] [OBJCREAT 141523738 25117 7073792 : 65.549708 ]
[65.550s][info][gc       ] [HMSV All : 0 0 50 0 0 0 0 0 : 4980 0 0 0 : 65.549730 ]
[65.550s][info][gc       ] [HMSP 9 : 41100 0 : 65.549730 ]
[65.550s][info][gc       ] [VMAC 65530 166 24 430 620 : 65.550284 ]
[65.551s][info][gc       ] [GPGC-H  2677.5 308.9 0.9 0.0 : 91.3 : 0.000 0.000 : 0.000 0.000 0.613 2.104 : 0.000 0.000 0.000 0.000 1.572 0.875 : 0.000 : 74.253 : 2102 1784 28 0 : 2266 : 4608 4424 : 65.550897 : 9 Next_heuristic_check_may_be_too_late ]
[65.554s][info][safepoint] Application time: 0.0048197 seconds
[65.554s][info][safepoint] Total time for which application threads were stopped: 0.0003334 seconds, Stopping threads took: 0.0000005 seconds
[65.555s][info][gc       ] [SPS 0.000 0.002 0.002 0.007 0.000 0.001 0.000 0.300 0.026 0.334 NewGC_pause1 65.554021 ]
[66.307s][info][safepoint] Application time: 0.7529010 seconds
[66.308s][info][safepoint] Total time for which application threads were stopped: 0.0001900 seconds, Stopping threads took: 0.0000005 seconds
[66.308s][info][gc       ] [SPS 0.000 0.001 0.000 0.007 0.000 0.001 0.000 0.154 0.028 0.190 NewGC_pause2 66.307113 ]
[66.309s][info][safepoint] Application time: 0.0019666 seconds
[66.309s][info][safepoint] Total time for which application threads were stopped: 0.0001679 seconds, Stopping threads took: 0.0000005 seconds
[66.310s][info][gc       ] [SPS 0.000 0.000 0.000 0.007 0.001 0.001 0.000 0.122 0.038 0.168 NewGC_pause3 66.309247 ]
[66.328s][info][safepoint] Application time: 0.0186228 seconds
[66.328s][info][safepoint] Total time for which application threads were stopped: 0.0001310 seconds, Stopping threads took: 0.0000004 seconds
[66.328s][info][gc       ] [SPS 0.000 0.003 0.002 0.007 0.000 0.001 0.000 0.114 0.008 0.131 NewGC_pause4 66.328001 ]
[66.487s][info][gc       ] [GC New Max 171-160 : 5120 4946 4778 5120 - - 1046 56 2 2 - : 2782 1784 28 184 2950 : 2606 7 340 340 93 : 0 308 422 0 1336 - 55 : 0.002342 1707.9 0.0 0.934964 986.1 0.0 : 3 --c 0000 : 23 9732 0.000 0.000 0 0.000 0.000 9732 0.000 0.000 : 65.551479 65.553688 0.000263 66.306923 0.000116 66.309079 0.000066 66.327870 0.000059 : 66.486443 ]
[66.487s][info][gc       ] [SYSINFO 7577 191 89 0 7042 0 20 0 0 5745 : - - - - - - - - : 0 7168 : 1.96 1.03 1.40 : 278178 4215368 : 0 0 : 22 0 : 1547 2 0 260 : - 7672803328 333475840 1439936512 5939011584 199507968 93806592 : 140688591 5016190 134760 0 0 0 : 66.486874 ]
[66.487s][info][gc       ] [HUGEPAGESTAT 0 0 0 - 20840 0 0 : 612352 0 0 : 66.486874 ]
[66.487s][info][gc       ] [OBJCREAT 142453322 25117 7073792 : 66.486964 ]
[66.487s][info][gc       ] [HMSV All : 0 0 50 0 0 0 0 0 : 4980 0 0 0 : 66.486994 ]
[66.487s][info][gc       ] [HMSP 9 : 41100 0 : 66.486994 ]
[66.488s][info][gc       ] [VMAC 65530 166 24 430 620 : 66.487582 ]
[66.488s][info][gc       ] [GPGC-H  3035.3 308.9 0.9 0.0 : 91.3 : 0.000 0.000 : 0.000 0.000 0.935 2.104 : 0.000 0.000 0.000 0.000 1.572 0.875 : 0.000 : 99.750 : 2786 1784 28 0 : 2266 : 4608 4424 : 66.487966 : 3 Heap_use_exceeded_committed ]
[66.495s][info][safepoint] Application time: 0.1663502 seconds
[66.495s][info][safepoint] Total time for which application threads were stopped: 0.0003438 seconds, Stopping threads took: 0.0000005 seconds
[66.495s][info][gc       ] [SPS 0.000 0.001 0.003 0.007 0.000 0.001 0.000 0.293 0.042 0.344 NewGC_pause1 66.494696 ]
[67.246s][info][safepoint] Application time: 0.7515467 seconds
[67.247s][info][safepoint] Total time for which application threads were stopped: 0.0002009 seconds, Stopping threads took: 0.0000005 seconds
[67.248s][info][gc       ] [SPS 0.000 0.001 0.000 0.006 0.000 0.001 0.000 0.150 0.042 0.201 NewGC_pause2 67.246443 ]
[67.249s][info][safepoint] Application time: 0.0022673 seconds
[67.249s][info][safepoint] Total time for which application threads were stopped: 0.0002052 seconds, Stopping threads took: 0.0000004 seconds
[67.250s][info][gc       ] [SPS 0.000 0.000 0.000 0.006 0.000 0.001 0.000 0.157 0.041 0.205 NewGC_pause3 67.248916 ]
[67.253s][info][safepoint] Application time: 0.0028273 seconds
[67.253s][info][safepoint] Total time for which application threads were stopped: 0.0010826 seconds, Stopping threads took: 0.0000006 seconds
[67.253s][info][gc       ] [SPS 0.000 0.001 0.000 0.010 0.001 0.001 0.000 1.032 0.040 1.083 OldGC_pause2 67.252826 ]
[67.257s][info][safepoint] Application time: 0.0042026 seconds
[67.258s][info][safepoint] Total time for which application threads were stopped: 0.0001985 seconds, Stopping threads took: 0.0000005 seconds
[67.258s][info][gc       ] [SPS 0.000 0.003 0.002 0.007 0.001 0.001 0.000 0.159 0.030 0.199 NewGC_pause4 67.257227 ]
[67.258s][info][safepoint] Application time: 0.0010249 seconds
[67.259s][info][safepoint] Total time for which application threads were stopped: 0.0001264 seconds, Stopping threads took: 0.0000005 seconds
[67.259s][info][gc       ] [SPS 0.000 0.000 0.000 0.009 0.001 0.001 0.000 0.076 0.040 0.126 OldGC_pause3 67.258379 ]
[67.272s][info][gc       ] [GC NTO Max 172-161 : 5120 4988 4094 5120 - - 1046 56 2 2 - : 2098 1784 28 184 2992 : 1961 9 1025 1025 0 : 0 28 98 0 994 - 55 : 0.002053 2922.5 0.0 0.783057 314.2 0.0 : 3 --c 0000 : 23 5386 0.000 0.000 0 0.000 0.000 5386 0.000 0.000 : 66.488496 66.494352 0.000246 67.246243 0.000116 67.248711 0.000095 67.257029 0.000083 : 67.271553 ]
[67.272s][info][gc       ] [SYSINFO 7577 191 89 0 7042 0 20 0 0 5745 : - - - - - - - - : 0 7168 : 1.96 1.03 1.40 : 278178 4215368 : 0 0 : 22 0 : 1547 3 0 260 : - 7672803328 333475840 1439936512 5939011584 199507968 93806592 : 140688591 5018860 134840 0 0 0 : 67.271867 ]
[67.272s][info][gc       ] [HUGEPAGESTAT 0 0 0 - 20840 0 0 : 612352 0 0 : 67.271867 ]
[67.272s][info][gc       ] [OBJCREAT 142707781 25182 7073792 : 67.271922 ]
[67.272s][info][gc       ] [HMSV All : 0 0 50 0 0 0 0 0 : 4986 0 0 0 : 67.271941 ]
[67.272s][info][gc       ] [HMSP 9 : 41100 0 : 67.271941 ]
[67.273s][info][gc       ] [GPGC-H  2964.1 279.0 0.8 0.0 : 82.5 : 0.000 0.000 : 0.000 0.000 0.929 2.104 : 0.000 0.000 0.000 0.000 1.572 0.875 : 0.000 : 99.750 : 2100 1784 28 0 : 2266 : 4608 4424 : 67.273038 : 8 May_exceed_heap_occupancy_target ]
[67.273s][info][gc       ] [VMAC 65530 166 24 430 620 : 67.272521 ]
[67.281s][info][safepoint] Application time: 0.0226402 seconds
[67.282s][info][safepoint] Total time for which application threads were stopped: 0.0003422 seconds, Stopping threads took: 0.0000005 seconds
[67.282s][info][gc       ] [SPS 0.000 0.003 0.002 0.007 0.000 0.001 0.000 0.308 0.025 0.342 NewGC_pause1 67.281361 ]
[68.050s][info][safepoint] Application time: 0.7684486 seconds
[68.050s][info][safepoint] Total time for which application threads were stopped: 0.0001105 seconds, Stopping threads took: 0.0000005 seconds
[68.051s][info][gc       ] [SPS 0.000 0.001 0.000 0.008 0.001 0.001 0.001 0.049 0.041 0.100 NewGC_pause2 68.049921 ]
[68.052s][info][safepoint] Application time: 0.0023597 seconds
[68.053s][info][safepoint] Total time for which application threads were stopped: 0.0000736 seconds, Stopping threads took: 0.0000005 seconds
[68.053s][info][gc       ] [SPS 0.000 0.001 0.000 0.010 0.000 0.001 0.000 0.045 0.018 0.074 NewGC_pause3 68.052354 ]
[68.077s][info][safepoint] Application time: 0.0247724 seconds
[68.078s][info][safepoint] Total time for which application threads were stopped: 0.0001102 seconds, Stopping threads took: 0.0000005 seconds
[68.078s][info][gc       ] [SPS 0.000 0.004 0.006 0.008 0.001 0.001 0.001 0.079 0.021 0.110 NewGC_pause4 68.077237 ]
[68.378s][info][gc       ] [GC New Max 174-162 : 5120 4868 4800 5120 - - 1046 56 2 2 - : 2154 2434 28 184 2872 : 2521 6 342 342 55 : 325 0 378 0 1022 - 55 : 0.006206 1611.2 0.0 1.099671 889.4 0.0 : 3 --c 0000 : 23 8655 0.000 0.000 0 0.000 0.000 8655 0.000 0.000 : 67.277759 67.281019 0.000275 68.049821 0.000051 68.052280 0.000051 68.077127 0.000082 : 68.377430 ]
[68.378s][info][gc       ] [SYSINFO 7577 191 89 0 7042 0 20 0 0 5745 : - - - - - - - - : 0 7168 : 1.96 1.03 1.40 : 278178 4215368 : 0 0 : 22 0 : 1547 2 0 260 : - 7672803328 333475840 1439936512 5939011584 199507968 93806592 : 140688591 5022800 134970 0 0 0 : 68.377716 ]
[68.378s][info][gc       ] [HUGEPAGESTAT 0 0 0 - 20840 0 0 : 612352 0 0 : 68.377716 ]
[68.378s][info][gc       ] [OBJCREAT 143697332 25182 7704576 : 68.377770 ]
[68.378s][info][gc       ] [HMSV All : 0 0 50 0 0 0 0 0 : 4986 0 0 0 : 68.377800 ]
[68.378s][info][gc       ] [HMSP 9 : 41100 0 : 68.377800 ]
[68.378s][info][gc       ] [VMAC 65530 166 24 430 620 : 68.378315 ]
[68.379s][info][gc       ] [GPGC-H  2874.9 279.0 0.8 0.0 : 82.5 : 0.000 0.000 : 0.000 0.000 0.978 2.104 : 0.000 0.000 0.000 0.000 1.795 0.875 : 0.000 : 99.800 : 2158 2434 28 0 : 2266 : 4608 4424 : 68.378796 : 3 Heap_use_exceeded_committed ]
[68.381s][info][safepoint] Application time: 0.3034917 seconds
[68.381s][info][safepoint] Total time for which application threads were stopped: 0.0001581 seconds, Stopping threads took: 0.0000005 seconds
[68.381s][info][gc       ] [SPS 0.000 0.004 0.005 0.009 0.000 0.001 0.001 0.129 0.018 0.158 OldGC_pause4 68.380887 ]
[68.382s][info][gc       ] [GC Old Max 173-12 : 5120 4988 3036 5120 - - 1046 56 2 2 - : 2166 658 28 184 2466 : 676 11 1775 1775 0 : 0 4 325 0 343 - 0 : 11.276935 0.0 0.2 1.891644 325.6 0.0 : 1 --c 0000 : 23   -    -    -    -    -    -    -    -    -  : 66.490336 66.494352 0.000246 67.251743 0.001035 67.258252 0.000076 68.380729 0.000134 : 68.381981 ]
[68.382s][info][gc       ] [SYSINFO 7577 191 89 0 7042 0 20 0 0 5745 : - - - - - - - - : 0 7168 : 1.96 1.03 1.40 : 278178 4215368 : 0 0 : 22 0 : 1547 2 0 260 : - 7672803328 333475840 1439936512 5939011584 199507968 93806592 : 140688591 5022810 134980 0 0 0 : 68.382187 ]
[68.382s][info][gc       ] [HUGEPAGESTAT 0 0 0 - 20840 0 0 : 612352 0 0 : 68.382187 ]
[68.382s][info][gc       ] [OBJCREAT 143709226 25182 7704576 : 68.382239 ]
[68.382s][info][gc       ] [HMSV All : 0 0 50 0 0 0 0 0 : 4986 0 0 0 : 68.382262 ]
[68.382s][info][gc       ] [HMSP 9 : 41100 0 : 68.382262 ]
[68.382s][info][gc       ] [COMPSTATS 1 : 5 0 : 1 0 : 0 0 : 516 4 0 0 0 0 : 0 0 0 0 0 0 : 192 195 21 : 520 0 0 0 0 0 0 : 520 0 0 0 0 0 0 ]
[68.382s][info][gc       ] [COMPSTATS 2 : 5 0 : 1 0 : 0 0 : 133 9 0 0 0 0 : 0 0 0 0 0 0 : 62012 62071 10930 : 76 38 28 0 0 0 0 : 17 102 17 3 3 0 0 ]
[68.382s][info][gc       ] [DEOPTSTATS 1 : 1 0 : 0 0 : 0 0 : 0 0 : 0 12 : 0 0 : 0 0 : 0 0 : 0 0 : 0 0 : 0 0 : 0 0 : 0 0 : 0 0 : 0 0 : 0 0 : 0 0 : 0 0 : 0 0 : 0 0 : 0 0 : 0 0 : 0 0 : 0 0 : 0 0 : 0 0 : 0 0 : 0 0 : 0 0 : 0 0 : 6 0 : 0 0 : 0 0 : 0 0 : 0 0 : 0 0 : 0 0 : 0 0 : 0 0 : 0 0 : 0 0 : 0 0 ]
[68.382s][info][gc       ] [DEOPTSTATS 2 : 0 0 : 0 0 : 0 0 : 0 0 : 0 0 : 0 0 : 0 13 : 0 0 : 0 0 : 0 0 : 0 0 : 0 0 : 0 0 : 0 0 : 0 0 : 0 0 : 0 0 : 0 0 : 0 0 : 0 0 : 0 1 : 0 0 : 0 0 : 0 0 : 0 0 : 0 0 : 0 0 : 0 0 : 0 0 : 0 0 : 4 0 : 0 0 : 0 0 : 0 0 : 0 1 : 0 0 : 0 0 : 0 0 : 0 0 : 0 5 : 0 0 : 0 0 ]
[68.383s][info][gc       ] [VMAC 65530 166 24 430 620 : 68.382782 ]
[68.384s][info][gc       ] [CCF 0 0 0 0 36 229376: 2972160 : 380 196608 : 3 49152 : 317 311808 :  508 620544 : 118 412160 : 0 0 : 14 1146880 : 1 2048]
[68.386s][info][safepoint] Application time: 0.0048807 seconds
[68.386s][info][safepoint] Total time for which application threads were stopped: 0.0002550 seconds, Stopping threads took: 0.0000005 seconds
[68.387s][info][gc       ] [SPS 0.000 0.002 0.002 0.007 0.001 0.001 0.000 0.229 0.017 0.255 NewGC_pause1 68.386022 ]
[68.977s][info][safepoint] Application time: 0.5908301 seconds
[68.977s][info][safepoint] Total time for which application threads were stopped: 0.0002539 seconds, Stopping threads took: 0.0000007 seconds
[68.978s][info][gc       ] [SPS 0.000 0.001 0.000 0.011 0.001 0.001 0.001 0.205 0.035 0.254 NewGC_pause2 68.977107 ]
[68.979s][info][safepoint] Application time: 0.0019474 seconds
[68.979s][info][safepoint] Total time for which application threads were stopped: 0.0001131 seconds, Stopping threads took: 0.0000006 seconds
[68.980s][info][gc       ] [SPS 0.000 0.000 0.000 0.010 0.001 0.001 0.000 0.082 0.019 0.113 NewGC_pause3 68.979167 ]
[69.008s][info][safepoint] Application time: 0.0283667 seconds
[69.008s][info][safepoint] Total time for which application threads were stopped: 0.0003063 seconds, Stopping threads took: 0.0000008 seconds
[69.009s][info][gc       ] [SPS 0.000 0.004 0.004 0.011 0.001 0.002 0.001 0.254 0.038 0.307 NewGC_pause4 69.007841 ]
[69.447s][info][gc       ] [GC New Max 175-163 : 5120 4806 4294 5120 - - 1046 56 2 2 - : 2670 1412 28 184 3456 : 2402 6 1049 1049 22 : 377 0 639 0 1335 - 0 : 0.006036 2651.0 0.0 1.062970 2143.1 0.0 : 3 --c 0000 : 23 1 0.000 0.000 0 0.000 0.000 1 0.000 0.000 : 68.383466 68.385768 0.000234 68.976853 0.000133 68.979054 0.000083 69.007534 0.000166 : 69.446436 ]
[69.447s][info][gc       ] [SYSINFO 7577 191 89 0 7042 0 20 0 0 5745 : - - - - - - - - : 0 7168 : 2.13 1.08 1.42 : 278178 4215368 : 0 0 : 22 0 : 1547 2 0 260 : - 7672803328 333475840 1439936512 5939011584 199507968 93806592 : 140688591 5026800 135090 0 0 0 : 69.446738 ]
[69.447s][info][gc       ] [HUGEPAGESTAT 0 0 0 - 20840 0 0 : 612352 0 0 : 69.446738 ]
[69.447s][info][gc       ] [OBJCREAT 145969552 25182 8476672 : 69.446797 ]
[69.447s][info][gc       ] [HMSV All : 0 0 50 0 0 0 0 0 : 4986 0 0 0 : 69.446817 ]
[69.447s][info][gc       ] [HMSP 9 : 41100 0 : 69.446817 ]
[69.447s][info][gc       ] [VMAC 65530 166 24 430 620 : 69.447392 ]
[69.448s][info][gc       ] [GPGC-H  2874.9 629.9 0.7 0.0 : 74.6 : 0.000 0.000 : 0.000 0.000 0.970 2.007 : 0.000 0.000 0.000 0.000 2.324 0.819 : 0.000 : 99.809 : 2674 1412 28 0 : 2266 : 4608 4424 : 69.447893 : 11 Old_headroom_use_exceeded_trigger ]
[69.453s][info][safepoint] Application time: 0.4452574 seconds
[69.454s][info][safepoint] Total time for which application threads were stopped: 0.0003224 seconds, Stopping threads took: 0.0000005 seconds
[69.454s][info][gc       ] [SPS 0.000 0.001 0.004 0.008 0.000 0.001 0.000 0.291 0.021 0.322 NewGC_pause1 69.453421 ]
[69.796s][info][safepoint] Application time: 0.3420748 seconds
[69.796s][info][safepoint] Total time for which application threads were stopped: 0.0001785 seconds, Stopping threads took: 0.0000006 seconds
[69.797s][info][gc       ] [SPS 0.000 0.001 0.000 0.010 0.001 0.001 0.001 0.125 0.041 0.178 NewGC_pause2 69.795674 ]
[69.797s][info][safepoint] Application time: 0.0017079 seconds
[69.798s][info][safepoint] Total time for which application threads were stopped: 0.0000775 seconds, Stopping threads took: 0.0000007 seconds
[69.798s][info][gc       ] [SPS 0.000 0.001 0.000 0.009 0.001 0.001 0.000 0.047 0.020 0.077 NewGC_pause3 69.797460 ]
[69.823s][info][safepoint] Application time: 0.0256012 seconds
[69.824s][info][safepoint] Total time for which application threads were stopped: 0.0001083 seconds, Stopping threads took: 0.0000006 seconds
[69.824s][info][gc       ] [SPS 0.000 0.058 0.006 0.009 0.001 0.001 0.000 0.074 0.024 0.108 NewGC_pause4 69.823169 ]
[70.038s][info][gc       ] [GC NTO Max 176-164 : 5120 4788 3042 5120 - - 1046 56 2 2 - : 1086 1744 28 184 3164 : 852 4 2310 2310 1 : 166 0 239 0 543 - 0 : 0.002113 2839.5 0.0 0.588978 1772.6 0.0 : 3 --c 0001 : 23 2460 0.000 0.000 0 0.000 0.000 2460 0.000 0.000 : 69.448549 69.453098 0.000283 69.795496 0.000065 69.797382 0.000050 69.823061 0.000079 : 70.037527 ]
[70.038s][info][gc       ] [SYSINFO 7577 191 89 0 7042 0 20 0 0 5745 : - - - - - - - - : 0 7168 : 2.13 1.08 1.42 : 278178 4215368 : 0 0 : 22 0 : 1547 3 0 260 : - 7672803328 333475840 1439936512 5939011584 199507968 93806592 : 140688591 5029560 135250 0 0 0 : 70.037839 ]
[70.038s][info][gc       ] [HUGEPAGESTAT 0 0 0 - 20840 0 0 : 612352 0 0 : 70.037839 ]
[70.038s][info][gc       ] [OBJCREAT 147011615 25182 8790016 : 70.037894 ]
[70.038s][info][gc       ] [HMSV All : 0 0 50 0 0 0 0 0 : 4986 0 0 0 : 70.037917 ]
[70.038s][info][gc       ] [HMSP 9 : 41100 0 : 70.037917 ]
[70.039s][info][gc       ] [VMAC 65530 166 24 430 620 : 70.038618 ]
[70.039s][info][gc       ] [GPGC-H  2822.0 629.9 0.7 0.0 : 74.6 : 0.000 0.000 : 0.000 0.000 0.954 2.007 : 0.000 0.000 0.000 0.000 2.324 0.819 : 0.000 : 99.804 : 1092 1744 28 0 : 2266 : 4608 4424 : 70.039281 : 8 May_exceed_heap_occupancy_target ]
[70.046s][info][safepoint] Application time: 0.2221580 seconds
[70.046s][info][safepoint] Total time for which application threads were stopped: 0.0002322 seconds, Stopping threads took: 0.0000006 seconds
[70.046s][info][gc       ] [SPS 0.000 0.122 0.003 0.008 0.001 0.001 0.000 0.198 0.025 0.232 NewGC_pause1 70.045560 ]
[70.211s][info][safepoint] Application time: 0.1655496 seconds
[70.212s][info][safepoint] Total time for which application threads were stopped: 0.0001811 seconds, Stopping threads took: 0.0000005 seconds
[70.212s][info][gc       ] [SPS 0.000 0.001 0.000 0.009 0.001 0.001 0.000 0.144 0.027 0.181 NewGC_pause2 70.211291 ]
[70.213s][info][safepoint] Application time: 0.0020062 seconds
[70.214s][info][safepoint] Total time for which application threads were stopped: 0.0001627 seconds, Stopping threads took: 0.0000005 seconds
[70.214s][info][gc       ] [SPS 0.000 0.001 0.000 0.008 0.000 0.001 0.000 0.112 0.041 0.163 NewGC_pause3 70.213460 ]
[70.221s][info][safepoint] Application time: 0.0075530 seconds
[70.222s][info][safepoint] Total time for which application threads were stopped: 0.0001622 seconds, Stopping threads took: 0.0000004 seconds
[70.222s][info][gc       ] [SPS 0.000 0.014 0.007 0.008 0.000 0.001 0.000 0.123 0.028 0.162 NewGC_pause4 70.221175 ]
[70.286s][info][gc       ] [GC New Max 178-165 : 5120 3546 2656 5120 - - 1046 56 2 2 - : 650 1794 28 184 1590 : 529 4 1059 1059 0 : 25 1 240 0 325 - 0 : 0.005791 3453.6 0.0 0.241951 2694.8 0.0 : 3 --c 0000 : 23 0 0.000 0.000 0 0.000 0.000 0 0.000 0.000 : 70.043318 70.045328 0.000154 70.211110 0.000090 70.213297 0.000067 70.221013 0.000093 : 70.285269 ]
[70.286s][info][gc       ] [SYSINFO 7577 191 89 0 7042 0 20 0 0 5745 : - - - - - - - - : 0 7168 : 2.13 1.08 1.42 : 278178 4215368 : 0 0 : 22 0 : 1547 3 0 260 : - 7672803328 333475840 1439936512 5939011584 199507968 93806592 : 140688591 5030740 135370 0 0 0 : 70.285541 ]
[70.286s][info][gc       ] [HUGEPAGESTAT 0 0 0 - 20840 0 0 : 612352 0 0 : 70.285541 ]
[70.286s][info][gc       ] [OBJCREAT 147677991 25182 8841216 : 70.285596 ]
[70.286s][info][gc       ] [HMSV All : 0 0 50 0 0 0 0 0 : 4986 0 0 0 : 70.285618 ]
[70.286s][info][gc       ] [HMSP 9 : 41100 0 : 70.285618 ]
[70.286s][info][gc       ] [VMAC 65530 166 24 430 620 : 70.286241 ]
[70.448s][info][gc       ] [GPGC-H  2822.0 629.9 0.7 0.0 : 74.6 : 0.000 0.000 : 0.000 0.000 0.944 2.007 : 0.000 0.000 0.000 0.000 2.321 0.819 : 0.000 : 99.794 : 1170 1794 28 0 : 2266 : 4608 4424 : 70.447823 : 8 May_exceed_heap_occupancy_target ]
[70.450s][info][safepoint] Application time: 0.2291057 seconds
[70.451s][info][safepoint] Total time for which application threads were stopped: 0.0001470 seconds, Stopping threads took: 0.0000005 seconds
[70.451s][info][gc       ] [SPS 0.000 0.009 0.004 0.008 0.001 0.001 0.001 0.116 0.021 0.147 NewGC_pause1 70.450428 ]
[70.540s][info][safepoint] Application time: 0.0888661 seconds
[70.540s][info][safepoint] Total time for which application threads were stopped: 0.0002336 seconds, Stopping threads took: 0.0000005 seconds
[70.541s][info][gc       ] [SPS 0.000 0.002 0.000 0.007 0.000 0.001 0.000 0.181 0.043 0.234 NewGC_pause2 70.539528 ]
[70.542s][info][safepoint] Application time: 0.0021407 seconds
[70.542s][info][safepoint] Total time for which application threads were stopped: 0.0001747 seconds, Stopping threads took: 0.0000005 seconds
[70.542s][info][gc       ] [SPS 0.000 0.000 0.000 0.007 0.001 0.001 0.000 0.145 0.021 0.175 NewGC_pause3 70.541843 ]
[70.543s][info][safepoint] Application time: 0.0012019 seconds
[70.544s][info][safepoint] Total time for which application threads were stopped: 0.0001439 seconds, Stopping threads took: 0.0000005 seconds
[70.544s][info][gc       ] [SPS 0.000 0.097 0.003 0.007 0.001 0.001 0.000 0.111 0.024 0.144 NewGC_pause4 70.543189 ]
[70.544s][info][gc       ] [GC New Max 179-166 : 5120 3392 2222 5120 - - 1046 56 2 2 - : 216 1794 28 184 1386 : 212 4 1174 1174 0 : 0 1 106 0 108 - 0 : 0.163011 3202.2 0.0 0.095299 2287.5 0.0 : 3 --c 0000 : 23 0 0.000 0.000 0 0.000 0.000 0 0.000 0.000 : 70.448279 70.450281 0.000117 70.539294 0.000106 70.541668 0.000086 70.543045 0.000068 : 70.543579 ]
[70.544s][info][gc       ] [SYSINFO 7577 191 89 0 7042 0 20 0 0 5745 : - - - - - - - - : 0 7168 : 2.13 1.08 1.42 : 278178 4215368 : 0 0 : 22 0 : 1547 3 0 260 : - 7672803328 333475840 1439936512 5939011584 199507968 93806592 : 140688591 5031480 135450 0 0 0 : 70.543856 ]
[70.544s][info][gc       ] [HUGEPAGESTAT 0 0 0 - 20840 0 0 : 612352 0 0 : 70.543856 ]
[70.544s][info][gc       ] [OBJCREAT 148408293 25182 8841216 : 70.543907 ]
[70.544s][info][gc       ] [HMSV All : 0 0 50 0 0 0 0 0 : 4986 0 0 0 : 70.543925 ]
[70.544s][info][gc       ] [HMSP 9 : 41100 0 : 70.543925 ]
[70.544s][info][gc       ] [VMAC 65530 166 24 430 620 : 70.544477 ]
[70.692s][info][safepoint] Application time: 0.1476716 seconds
[70.692s][info][safepoint] Total time for which application threads were stopped: 0.0010241 seconds, Stopping threads took: 0.0000005 seconds
[70.693s][info][gc       ] [SPS 0.000 0.001 0.000 0.008 0.001 0.001 0.000 0.977 0.037 1.024 OldGC_pause2 70.691885 ]
[70.696s][info][safepoint] Application time: 0.0041336 seconds
[70.697s][info][safepoint] Total time for which application threads were stopped: 0.0001405 seconds, Stopping threads took: 0.0000005 seconds
[70.697s][info][gc       ] [SPS 0.000 0.001 0.000 0.007 0.000 0.001 0.000 0.103 0.029 0.141 OldGC_pause3 70.696159 ]
[70.712s][info][safepoint] Application time: 0.0154884 seconds
[70.712s][info][safepoint] Total time for which application threads were stopped: 0.0001595 seconds, Stopping threads took: 0.0000005 seconds
[70.713s][info][gc       ] [SPS 0.000 0.002 0.002 0.007 0.000 0.001 0.000 0.121 0.030 0.160 OldGC_pause4 70.711808 ]
[70.719s][info][gc       ] [GC Old Max 177-13 : 5120 4788 2682 5120 - - 1046 56 2 2 - : 686 1786 26 184 1828 : 1803 14 1 1 0 : 0 7 191 2 851 - 55 : 1.068297 705.8 0.0 1.268442 280.7 0.0 : 1 --c 0000 : 23   -    -    -    -    -    -    -    -    -  : 69.450278 69.453098 0.000283 70.690861 0.000905 70.696019 0.000052 70.711648 0.000052 : 70.718720 ]
[70.719s][info][gc       ] [SYSINFO 7577 191 89 0 7042 0 20 0 0 5745 : - - - - - - - - : 0 7168 : 2.13 1.08 1.42 : 278178 4215368 : 0 0 : 22 0 : 1547 2 0 260 : - 7672803328 333475840 1439936512 5939011584 199507968 93806592 : 140688591 5031820 135480 0 0 0 : 70.719008 ]
[70.719s][info][gc       ] [HUGEPAGESTAT 0 0 0 - 20840 0 0 : 612352 0 0 : 70.719008 ]
[70.719s][info][gc       ] [OBJCREAT 148874120 25182 8841216 : 70.719095 ]
[70.719s][info][gc       ] [HMSV All : 0 0 50 0 0 0 0 0 : 4986 0 0 0 : 70.719112 ]
[70.719s][info][gc       ] [HMSP 9 : 41100 0 : 70.719112 ]
[70.719s][info][gc       ] [COMPSTATS 1 : 5 0 : 1 0 : 0 0 : 516 4 0 0 0 0 : 0 0 0 0 0 0 : 192 195 21 : 520 0 0 0 0 0 0 : 520 0 0 0 0 0 0 ]
[70.719s][info][gc       ] [COMPSTATS 2 : 5 0 : 1 0 : 0 0 : 133 9 0 0 0 0 : 0 0 0 0 0 0 : 62012 62071 10930 : 76 38 28 0 0 0 0 : 17 102 17 3 3 0 0 ]
[70.719s][info][gc       ] [DEOPTSTATS 1 : 1 0 : 0 0 : 0 0 : 0 0 : 0 12 : 0 0 : 0 0 : 0 0 : 0 0 : 0 0 : 0 0 : 0 0 : 0 0 : 0 0 : 0 0 : 0 0 : 0 0 : 0 0 : 0 0 : 0 0 : 0 0 : 0 0 : 0 0 : 0 0 : 0 0 : 0 0 : 0 0 : 0 0 : 0 0 : 0 0 : 6 0 : 0 0 : 0 0 : 0 0 : 0 0 : 0 0 : 0 0 : 0 0 : 0 0 : 0 0 : 0 0 : 0 0 ]
[70.719s][info][gc       ] [DEOPTSTATS 2 : 0 0 : 0 0 : 0 0 : 0 0 : 0 0 : 0 0 : 0 13 : 0 0 : 0 0 : 0 0 : 0 0 : 0 0 : 0 0 : 0 0 : 0 0 : 0 0 : 0 0 : 0 0 : 0 0 : 0 0 : 0 1 : 0 0 : 0 0 : 0 0 : 0 0 : 0 0 : 0 0 : 0 0 : 0 0 : 0 0 : 4 0 : 0 0 : 0 0 : 0 0 : 0 1 : 0 0 : 0 0 : 0 0 : 0 0 : 0 5 : 0 0 : 0 0 ]
[70.720s][info][gc       ] [CCF 0 0 0 0 36 229376: 2972160 : 380 196608 : 3 49152 : 317 311808 :  508 620544 : 118 412160 : 0 0 : 14 1146880 : 1 2048]
[70.720s][info][gc       ] [VMAC 65530 166 24 430 620 : 70.719700 ]
[70.768s][info][gc       ] [GPGC-H  2822.0 629.9 0.7 0.0 : 74.6 : 0.000 0.000 : 0.000 0.000 0.934 1.932 : 0.000 0.000 0.000 0.000 2.313 0.819 : 0.000 : 99.047 : 822 1786 26 0 : 2266 : 4608 4424 : 70.767595 : 9 Next_heuristic_check_may_be_too_late ]
[70.770s][info][safepoint] Application time: 0.0580505 seconds
[70.771s][info][safepoint] Total time for which application threads were stopped: 0.0003278 seconds, Stopping threads took: 0.0000005 seconds
[70.771s][info][gc       ] [SPS 0.000 0.003 0.002 0.007 0.001 0.001 0.000 0.278 0.040 0.328 NewGC_pause1 70.770186 ]
[70.837s][info][safepoint] Application time: 0.0663800 seconds
[70.837s][info][safepoint] Total time for which application threads were stopped: 0.0001712 seconds, Stopping threads took: 0.0000005 seconds
[70.838s][info][gc       ] [SPS 0.000 0.001 0.000 0.007 0.000 0.001 0.000 0.138 0.025 0.171 NewGC_pause2 70.836738 ]
[70.839s][info][safepoint] Application time: 0.0021273 seconds
[70.839s][info][safepoint] Total time for which application threads were stopped: 0.0001968 seconds, Stopping threads took: 0.0000005 seconds
[70.840s][info][gc       ] [SPS 0.000 0.000 0.000 0.008 0.001 0.001 0.000 0.136 0.052 0.197 NewGC_pause3 70.839062 ]
[70.840s][info][safepoint] Application time: 0.0011963 seconds
[70.841s][info][safepoint] Total time for which application threads were stopped: 0.0001652 seconds, Stopping threads took: 0.0000005 seconds
[70.841s][info][gc       ] [SPS 0.000 0.003 0.002 0.007 0.000 0.001 0.000 0.126 0.030 0.165 NewGC_pause4 70.840423 ]
[70.841s][info][gc       ] [GC New Max 180-167 : 5120 2958 2138 5120 - - 1046 56 2 2 - : 142 1786 26 184 962 : 138 4 823 823 0 : 0 1 69 0 71 - 0 : 0.224465 2699.8 0.0 0.072563 1956.9 0.0 : 3 --c 0000 : 23 0 0.000 0.000 0 0.000 0.000 0 0.000 0.000 : 70.768043 70.769858 0.000208 70.836566 0.000081 70.838865 0.000068 70.840258 0.000076 : 70.840607 ]
[70.841s][info][gc       ] [SYSINFO 7577 191 89 0 7042 0 20 0 0 5745 : - - - - - - - - : 0 7168 : 2.13 1.08 1.42 : 278178 4215368 : 0 0 : 22 0 : 1547 2 0 260 : - 7672803328 333475840 1439936512 5939011584 199507968 93806592 : 140688591 5032160 135570 0 0 0 : 70.840949 ]
[70.841s][info][gc       ] [HUGEPAGESTAT 0 0 0 - 20840 0 0 : 612352 0 0 : 70.840949 ]
[70.841s][info][gc       ] [OBJCREAT 149148697 25182 8841216 : 70.841001 ]
[70.841s][info][gc       ] [HMSV All : 0 0 50 0 0 0 0 0 : 4986 0 0 0 : 70.841018 ]
[70.841s][info][gc       ] [HMSP 9 : 41100 0 : 70.841018 ]
[70.841s][info][gc       ] [VMAC 65530 166 24 430 620 : 70.841492 ]
[71.084s][info][gc       ] [GPGC-H  2822.0 629.9 0.7 0.0 : 74.6 : 0.000 0.000 : 0.000 0.000 0.922 1.932 : 0.000 0.000 0.000 0.000 2.297 0.819 : 0.000 : 98.030 : 780 1786 26 0 : 2266 : 4608 4424 : 71.084203 : 9 Next_heuristic_check_may_be_too_late ]
[71.087s][info][safepoint] Application time: 0.2460670 seconds
[71.088s][info][safepoint] Total time for which application threads were stopped: 0.0003413 seconds, Stopping threads took: 0.0000005 seconds
[71.088s][info][gc       ] [SPS 0.000 0.003 0.003 0.007 0.000 0.001 0.000 0.289 0.044 0.341 NewGC_pause1 71.086832 ]
[71.149s][info][safepoint] Application time: 0.0616849 seconds
[71.149s][info][safepoint] Total time for which application threads were stopped: 0.0001475 seconds, Stopping threads took: 0.0000005 seconds
[71.149s][info][gc       ] [SPS 0.000 0.001 0.000 0.007 0.000 0.001 0.000 0.119 0.020 0.148 NewGC_pause2 71.148664 ]
[71.151s][info][safepoint] Application time: 0.0017319 seconds
[71.151s][info][safepoint] Total time for which application threads were stopped: 0.0001697 seconds, Stopping threads took: 0.0000005 seconds
[71.151s][info][gc       ] [SPS 0.000 0.000 0.000 0.008 0.001 0.001 0.000 0.135 0.026 0.170 NewGC_pause3 71.150566 ]
[71.152s][info][safepoint] Application time: 0.0011581 seconds
[71.152s][info][safepoint] Total time for which application threads were stopped: 0.0001554 seconds, Stopping threads took: 0.0000005 seconds
[71.152s][info][gc       ] [SPS 0.000 0.003 0.002 0.007 0.001 0.001 0.000 0.121 0.025 0.156 NewGC_pause4 71.151880 ]
[71.152s][info][gc       ] [GC New Max 181-168 : 5120 2928 2148 5120 - - 1046 56 2 2 - : 152 1786 26 184 932 : 148 4 783 783 0 : 0 1 74 0 76 - 0 : 0.244152 2613.1 0.0 0.067363 2286.1 0.0 : 3 --c 0000 : 23 0 0.000 0.000 0 0.000 0.000 0 0.000 0.000 : 71.084758 71.086491 0.000286 71.148517 0.000115 71.150396 0.000086 71.151724 0.000083 : 71.152121 ]
[71.152s][info][gc       ] [SYSINFO 7577 191 89 0 7042 0 20 0 0 5745 : - - - - - - - - : 0 7168 : 2.13 1.08 1.42 : 278178 4215376 : 0 0 : 22 0 : 1547 2 0 260 : - 7672803328 333475840 1439936512 5939011584 199507968 93806592 : 140688591 5032640 135640 0 0 0 : 71.152380 ]
[71.152s][info][gc       ] [HUGEPAGESTAT 0 0 0 - 20840 0 0 : 612352 0 0 : 71.152380 ]
[71.152s][info][gc       ] [OBJCREAT 149932931 25182 8841216 : 71.152429 ]
[71.152s][info][gc       ] [HMSV All : 0 0 50 0 0 0 0 0 : 4986 0 0 0 : 71.152449 ]
[71.152s][info][gc       ] [HMSP 9 : 41100 0 : 71.152449 ]
[71.153s][info][gc       ] [VMAC 65530 166 24 430 620 : 71.153101 ]
[71.395s][info][gc       ] [GPGC-H  2822.0 629.9 0.7 0.0 : 74.6 : 0.000 0.000 : 0.000 0.000 0.910 1.932 : 0.000 0.000 0.000 0.000 2.272 0.819 : 0.000 : 96.938 : 810 1786 26 0 : 2266 : 4608 4424 : 71.395052 : 9 Next_heuristic_check_may_be_too_late ]
[71.398s][info][safepoint] Application time: 0.2454005 seconds
[71.398s][info][safepoint] Total time for which application threads were stopped: 0.0002265 seconds, Stopping threads took: 0.0000005 seconds
[71.399s][info][gc       ] [SPS 0.000 0.003 0.004 0.009 0.001 0.001 0.000 0.189 0.027 0.227 NewGC_pause1 71.397507 ]
[71.453s][info][safepoint] Application time: 0.0554217 seconds
[71.454s][info][safepoint] Total time for which application threads were stopped: 0.0002246 seconds, Stopping threads took: 0.0000006 seconds
[71.454s][info][gc       ] [SPS 0.000 0.001 0.000 0.008 0.001 0.001 0.000 0.181 0.034 0.225 NewGC_pause2 71.453154 ]
[71.455s][info][safepoint] Application time: 0.0020120 seconds
[71.456s][info][safepoint] Total time for which application threads were stopped: 0.0001813 seconds, Stopping threads took: 0.0000005 seconds
[71.456s][info][gc       ] [SPS 0.000 0.000 0.000 0.007 0.000 0.001 0.000 0.128 0.044 0.181 NewGC_pause3 71.455347 ]
[71.457s][info][safepoint] Application time: 0.0010890 seconds
[71.457s][info][safepoint] Total time for which application threads were stopped: 0.0001146 seconds, Stopping threads took: 0.0000005 seconds
[71.457s][info][gc       ] [SPS 0.000 0.002 0.002 0.007 0.000 0.001 0.000 0.074 0.032 0.115 NewGC_pause4 71.456551 ]
[71.457s][info][gc       ] [GC New Max 182-169 : 5120 2968 2158 5120 - - 1046 56 2 2 - : 162 1786 26 184 972 : 158 4 813 813 0 : 0 1 79 0 81 - 0 : 0.243450 2702.8 0.0 0.061451 2668.8 0.0 : 3 --c 0000 : 23 0 0.000 0.000 0 0.000 0.000 0 0.000 0.000 : 71.395571 71.397281 0.000112 71.452929 0.000105 71.455166 0.000086 71.456436 0.000075 : 71.457022 ]
[71.457s][info][gc       ] [SYSINFO 7577 191 89 0 7042 0 20 0 0 5745 : - - - - - - - - : 0 7168 : 2.13 1.08 1.42 : 278178 4215376 : 0 0 : 22 0 : 1547 2 0 260 : - 7672803328 333475840 1439936512 5939011584 199507968 93806592 : 140688591 5033100 135740 0 0 0 : 71.457352 ]
[71.457s][info][gc       ] [HUGEPAGESTAT 0 0 0 - 20840 0 0 : 612352 0 0 : 71.457352 ]
[71.457s][info][gc       ] [OBJCREAT 150748661 25182 8841216 : 71.457423 ]
[71.457s][info][gc       ] [HMSV All : 0 0 50 0 0 0 0 0 : 4986 0 0 0 : 71.457439 ]
[71.457s][info][gc       ] [HMSP 9 : 41100 0 : 71.457439 ]
[71.458s][info][gc       ] [VMAC 65530 166 24 430 620 : 71.458011 ]
[71.700s][info][gc       ] [GPGC-H  2822.0 589.8 0.6 0.0 : 68.0 : 0.000 0.000 : 0.000 0.000 0.898 1.932 : 0.000 0.000 0.000 0.000 2.244 0.819 : 0.000 : 95.864 : 798 1786 26 0 : 2266 : 4608 4424 : 71.699804 : 9 Next_heuristic_check_may_be_too_late ]
[71.702s][info][safepoint] Application time: 0.2454101 seconds
[71.703s][info][safepoint] Total time for which application threads were stopped: 0.0002750 seconds, Stopping threads took: 0.0000005 seconds
[71.703s][info][gc       ] [SPS 0.000 0.003 0.005 0.008 0.000 0.001 0.000 0.219 0.046 0.275 NewGC_pause1 71.702236 ]
[71.762s][info][safepoint] Application time: 0.0595476 seconds
[71.762s][info][safepoint] Total time for which application threads were stopped: 0.0001198 seconds, Stopping threads took: 0.0000005 seconds
[71.763s][info][gc       ] [SPS 0.000 0.001 0.000 0.008 0.001 0.001 0.000 0.092 0.019 0.120 NewGC_pause2 71.761904 ]
[71.764s][info][safepoint] Application time: 0.0023132 seconds
[71.765s][info][safepoint] Total time for which application threads were stopped: 0.0001877 seconds, Stopping threads took: 0.0000005 seconds
[71.765s][info][gc       ] [SPS 0.000 0.000 0.000 0.007 0.000 0.001 0.000 0.135 0.044 0.188 NewGC_pause3 71.764405 ]
[71.766s][info][safepoint] Application time: 0.0010292 seconds
[71.766s][info][safepoint] Total time for which application threads were stopped: 0.0001795 seconds, Stopping threads took: 0.0000005 seconds
[71.767s][info][gc       ] [SPS 0.000 0.002 0.002 0.007 0.000 0.001 0.000 0.124 0.047 0.180 NewGC_pause4 71.765614 ]
[71.767s][info][gc       ] [VMAC 65530 166 24 430 620 : 71.767056 ]
[71.766s][info][gc       ] [GC New Max 183-170 : 5120 2952 2154 5120 - - 1046 56 2 2 - : 156 1786 26 184 956 : 154 4 801 801 0 : 0 1 77 0 78 - 0 : 0.243260 2614.5 0.0 0.065567 2409.8 0.0 : 3 --c 0000 : 23 0 0.000 0.000 0 0.000 0.000 0 0.000 0.000 : 71.700282 71.701961 0.000222 71.761784 0.000081 71.764217 0.000101 71.765434 0.000086 : 71.765849 ]
[71.766s][info][gc       ] [SYSINFO 7577 191 89 0 7042 0 20 0 0 5745 : - - - - - - - - : 0 7168 : 2.13 1.08 1.42 : 278178 4215376 : 0 0 : 22 0 : 1547 2 0 260 : - 7672803328 333475840 1439936512 5939011584 199507968 93806592 : 140688591 5033570 135830 0 0 0 : 71.766357 ]
[71.766s][info][gc       ] [HUGEPAGESTAT 0 0 0 - 20840 0 0 : 612352 0 0 : 71.766357 ]
[71.766s][info][gc       ] [OBJCREAT 151535536 25182 8841216 : 71.766459 ]
[71.766s][info][gc       ] [HMSV All : 0 0 50 0 0 0 0 0 : 4986 0 0 0 : 71.766483 ]
[71.766s][info][gc       ] [HMSP 9 : 41100 0 : 71.766483 ]
[72.011s][info][gc       ] [GPGC-H  2795.2 589.8 0.6 0.0 : 68.0 : 0.000 0.000 : 0.000 0.000 0.886 1.932 : 0.000 0.000 0.000 0.000 2.214 0.819 : 0.000 : 94.806 : 820 1786 26 0 : 2266 : 4608 4424 : 72.010962 : 9 Next_heuristic_check_may_be_too_late ]
[72.014s][info][safepoint] Application time: 0.2480287 seconds
[72.015s][info][safepoint] Total time for which application threads were stopped: 0.0003592 seconds, Stopping threads took: 0.0000005 seconds
[72.015s][info][gc       ] [SPS 0.000 0.003 0.004 0.008 0.001 0.001 0.000 0.321 0.029 0.359 NewGC_pause1 72.014002 ]
[72.081s][info][safepoint] Application time: 0.0670618 seconds
[72.082s][info][safepoint] Total time for which application threads were stopped: 0.0001839 seconds, Stopping threads took: 0.0000005 seconds
[72.082s][info][gc       ] [SPS 0.000 0.001 0.000 0.008 0.001 0.001 0.000 0.137 0.037 0.184 NewGC_pause2 72.081248 ]
[72.084s][info][safepoint] Application time: 0.0023297 seconds
[72.084s][info][safepoint] Total time for which application threads were stopped: 0.0000980 seconds, Stopping threads took: 0.0000006 seconds
[72.085s][info][gc       ] [SPS 0.000 0.000 0.000 0.009 0.001 0.001 0.000 0.052 0.035 0.098 NewGC_pause3 72.083675 ]
[72.085s][info][safepoint] Application time: 0.0014652 seconds
[72.086s][info][safepoint] Total time for which application threads were stopped: 0.0001980 seconds, Stopping threads took: 0.0000005 seconds
[72.086s][info][gc       ] [SPS 0.000 0.003 0.002 0.007 0.001 0.001 0.000 0.160 0.029 0.198 NewGC_pause4 72.085339 ]
[72.086s][info][gc       ] [GC New Max 184-171 : 5120 2966 2144 5120 - - 1046 56 2 2 - : 148 1786 26 184 970 : 144 4 825 825 0 : 0 1 72 0 74 - 0 : 0.245707 2710.5 0.0 0.074152 2022.9 0.0 : 3 --c 0000 : 23 0 0.000 0.000 0 0.000 0.000 0 0.000 0.000 : 72.011556 72.013642 0.000265 72.081064 0.000073 72.083577 0.000052 72.085141 0.000086 : 72.085708 ]
[72.086s][info][gc       ] [SYSINFO 7577 191 89 0 7042 0 20 0 0 5745 : - - - - - - - - : 0 7168 : 2.13 1.08 1.42 : 278178 4215376 : 0 0 : 22 0 : 1547 2 0 260 : - 7672803328 333475840 1439936512 5939011584 199507968 93806592 : 140688591 5034060 135830 0 0 0 : 72.086000 ]
[72.086s][info][gc       ] [HUGEPAGESTAT 0 0 0 - 20840 0 0 : 612352 0 0 : 72.086000 ]
[72.086s][info][gc       ] [OBJCREAT 152343932 25182 8841216 : 72.086069 ]
[72.086s][info][gc       ] [HMSV All : 0 0 50 0 0 0 0 0 : 4986 0 0 0 : 72.086087 ]
[72.086s][info][gc       ] [HMSP 9 : 41100 0 : 72.086087 ]
[72.087s][info][gc       ] [VMAC 65530 166 24 430 620 : 72.086627 ]
[72.308s][info][gc       ] [GPGC-H  2795.2 589.8 0.6 0.0 : 68.0 : 0.000 0.000 : 0.000 0.000 0.874 1.932 : 0.000 0.000 0.000 0.000 2.184 0.819 : 0.000 : 93.756 : 780 1786 26 0 : 2266 : 4608 4424 : 72.308122 : 9 Next_heuristic_check_may_be_too_late ]
[72.311s][info][safepoint] Application time: 0.2251476 seconds
[72.311s][info][safepoint] Total time for which application threads were stopped: 0.0003813 seconds, Stopping threads took: 0.0000005 seconds
[72.312s][info][gc       ] [SPS 0.000 0.004 0.002 0.007 0.001 0.001 0.000 0.346 0.026 0.381 NewGC_pause1 72.310868 ]
[72.366s][info][safepoint] Application time: 0.0554497 seconds
[72.367s][info][safepoint] Total time for which application threads were stopped: 0.0001515 seconds, Stopping threads took: 0.0000005 seconds
[72.367s][info][gc       ] [SPS 0.000 0.001 0.000 0.009 0.001 0.001 0.000 0.123 0.018 0.152 NewGC_pause2 72.366469 ]
[72.368s][info][safepoint] Application time: 0.0017367 seconds
[72.369s][info][safepoint] Total time for which application threads were stopped: 0.0001516 seconds, Stopping threads took: 0.0000005 seconds
[72.369s][info][gc       ] [SPS 0.000 0.000 0.000 0.007 0.000 0.001 0.000 0.115 0.028 0.152 NewGC_pause3 72.368358 ]
[72.370s][info][safepoint] Application time: 0.0011904 seconds
[72.370s][info][safepoint] Total time for which application threads were stopped: 0.0001460 seconds, Stopping threads took: 0.0000005 seconds
[72.370s][info][gc       ] [SPS 0.000 0.003 0.002 0.007 0.001 0.001 0.000 0.108 0.029 0.146 NewGC_pause4 72.369694 ]
[72.370s][info][gc       ] [GC New Max 185-172 : 5120 2942 2160 5120 - - 1046 56 2 2 - : 164 1786 26 184 946 : 160 4 785 785 0 : 0 1 80 0 82 - 0 : 0.222970 2843.4 0.0 0.061235 2710.9 0.0 : 3 --c 0000 : 23 0 0.000 0.000 0 0.000 0.000 0 0.000 0.000 : 72.308678 72.310487 0.000302 72.366318 0.000100 72.368206 0.000068 72.369548 0.000068 : 72.369913 ]
[72.370s][info][gc       ] [SYSINFO 7577 191 89 0 7042 0 20 0 0 5745 : - - - - - - - - : 0 7168 : 2.13 1.08 1.42 : 278178 4215376 : 0 0 : 22 0 : 1547 2 0 260 : - 7672803328 333475840 1439936512 5939011584 199507968 93806592 : 140688591 5034550 135910 0 0 0 : 72.370212 ]
[72.370s][info][gc       ] [HUGEPAGESTAT 0 0 0 - 20840 0 0 : 612352 0 0 : 72.370212 ]
[72.370s][info][gc       ] [OBJCREAT 153134824 25182 8841216 : 72.370270 ]
[72.370s][info][gc       ] [HMSV All : 0 0 50 0 0 0 0 0 : 4986 0 0 0 : 72.370286 ]
[72.370s][info][gc       ] [HMSP 9 : 41100 0 : 72.370286 ]
[72.371s][info][gc       ] [VMAC 65530 166 24 430 620 : 72.370831 ]
[72.613s][info][gc       ] [GPGC-H  2795.2 589.8 0.6 0.0 : 68.0 : 0.000 0.000 : 0.000 0.000 0.864 1.932 : 0.000 0.000 0.000 0.000 2.158 0.819 : 0.000 : 92.814 : 798 1786 26 0 : 2266 : 4608 4424 : 72.612924 : 9 Next_heuristic_check_may_be_too_late ]
[72.615s][info][safepoint] Application time: 0.2453583 seconds
[72.616s][info][safepoint] Total time for which application threads were stopped: 0.0002684 seconds, Stopping threads took: 0.0000005 seconds
[72.616s][info][gc       ] [SPS 0.000 0.004 0.004 0.007 0.000 0.001 0.000 0.209 0.050 0.268 NewGC_pause1 72.615321 ]
[72.686s][info][safepoint] Application time: 0.0707662 seconds
[72.687s][info][safepoint] Total time for which application threads were stopped: 0.0001889 seconds, Stopping threads took: 0.0000005 seconds
[72.687s][info][gc       ] [SPS 0.000 0.001 0.000 0.008 0.000 0.001 0.000 0.159 0.021 0.189 NewGC_pause2 72.686276 ]
[72.688s][info][safepoint] Application time: 0.0018127 seconds
[72.689s][info][safepoint] Total time for which application threads were stopped: 0.0001530 seconds, Stopping threads took: 0.0000005 seconds
[72.689s][info][gc       ] [SPS 0.000 0.000 0.000 0.007 0.001 0.001 0.000 0.116 0.028 0.153 NewGC_pause3 72.688242 ]
[72.690s][info][safepoint] Application time: 0.0014473 seconds
[72.690s][info][safepoint] Total time for which application threads were stopped: 0.0001911 seconds, Stopping threads took: 0.0000006 seconds
[72.690s][info][gc       ] [SPS 0.000 0.003 0.002 0.008 0.001 0.001 0.000 0.154 0.026 0.191 NewGC_pause4 72.689881 ]
[72.691s][info][gc       ] [GC New Max 186-173 : 5120 3000 2202 5120 - - 1046 56 2 2 - : 206 1786 26 184 1004 : 202 4 801 801 0 : 0 1 101 0 103 - 0 : 0.243597 2602.7 0.0 0.076668 2713.0 0.0 : 3 --c 0000 : 23 0 0.000 0.000 0 0.000 0.000 0 0.000 0.000 : 72.613510 72.615053 0.000210 72.686087 0.000138 72.688089 0.000079 72.689689 0.000122 : 72.690178 ]
[72.691s][info][gc       ] [SYSINFO 7577 191 89 0 7042 0 20 0 0 5745 : - - - - - - - - : 0 7168 : 2.13 1.08 1.42 : 278178 4215376 : 0 0 : 22 0 : 1547 3 0 260 : - 7672803328 333475840 1439936512 5939011584 199507968 93806592 : 140688591 5035070 135980 0 0 0 : 72.690493 ]
[72.691s][info][gc       ] [HUGEPAGESTAT 0 0 0 - 20840 0 0 : 612352 0 0 : 72.690493 ]
[72.691s][info][gc       ] [OBJCREAT 153970451 25182 8841216 : 72.690584 ]
[72.691s][info][gc       ] [HMSV All : 0 0 50 0 0 0 0 0 : 4986 0 0 0 : 72.690602 ]
[72.691s][info][gc       ] [HMSP 9 : 41100 0 : 72.690602 ]
[72.691s][info][gc       ] [VMAC 65530 166 24 430 620 : 72.691110 ]
[72.933s][info][gc       ] [GPGC-H  2795.2 589.8 0.6 0.0 : 68.0 : 0.000 0.000 : 0.000 0.000 0.852 1.932 : 0.000 0.000 0.000 0.000 2.128 0.819 : 0.000 : 91.802 : 830 1786 26 0 : 2266 : 4608 4424 : 72.933012 : 9 Next_heuristic_check_may_be_too_late ]
[72.936s][info][safepoint] Application time: 0.2456049 seconds
[72.936s][info][safepoint] Total time for which application threads were stopped: 0.0003415 seconds, Stopping threads took: 0.0000007 seconds
[72.937s][info][gc       ] [SPS 0.000 0.004 0.004 0.010 0.001 0.001 0.001 0.267 0.062 0.342 NewGC_pause1 72.935827 ]
[72.999s][info][safepoint] Application time: 0.0633685 seconds
[73.000s][info][safepoint] Total time for which application threads were stopped: 0.0001137 seconds, Stopping threads took: 0.0000004 seconds
[73.000s][info][gc       ] [SPS 0.000 0.001 0.000 0.028 0.000 0.001 0.000 0.068 0.015 0.113 NewGC_pause2 72.999311 ]
[73.002s][info][safepoint] Application time: 0.0020128 seconds
[73.002s][info][safepoint] Total time for which application threads were stopped: 0.0002133 seconds, Stopping threads took: 0.0000006 seconds
[73.002s][info][gc       ] [SPS 0.000 0.001 0.000 0.008 0.001 0.001 0.001 0.172 0.032 0.214 NewGC_pause3 73.001537 ]
[73.003s][info][safepoint] Application time: 0.0013080 seconds
[73.003s][info][safepoint] Total time for which application threads were stopped: 0.0001647 seconds, Stopping threads took: 0.0000005 seconds
[73.004s][info][gc       ] [SPS 0.000 0.003 0.002 0.008 0.001 0.001 0.000 0.111 0.044 0.165 NewGC_pause4 73.003010 ]
[73.004s][info][gc       ] [GC New Max 187-174 : 5120 2984 2152 5120 - - 1046 56 2 2 - : 156 1786 26 184 988 : 154 4 832 832 0 : 0 1 77 0 78 - 0 : 0.243507 2562.6 0.0 0.069602 2270.0 0.0 : 3 --c 0000 : 23 0 0.000 0.000 0 0.000 0.000 0 0.000 0.000 : 72.933686 72.935486 0.000269 72.999197 0.000092 73.001324 0.000098 73.002845 0.000061 : 73.003288 ]
[73.004s][info][gc       ] [SYSINFO 7577 191 89 0 7042 0 20 0 0 5745 : - - - - - - - - : 0 7168 : 2.13 1.08 1.42 : 278178 4215376 : 0 0 : 22 0 : 1547 2 0 260 : - 7672803328 333475840 1439936512 5939011584 199507968 93806592 : 140688591 5035560 136020 0 0 0 : 73.003680 ]
[73.004s][info][gc       ] [HUGEPAGESTAT 0 0 0 - 20840 0 0 : 612352 0 0 : 73.003680 ]
[73.004s][info][gc       ] [OBJCREAT 154744316 25182 8841216 : 73.003764 ]
[73.004s][info][gc       ] [HMSV All : 0 0 50 0 0 0 0 0 : 4986 0 0 0 : 73.003791 ]
[73.004s][info][gc       ] [HMSP 9 : 41100 0 : 73.003791 ]
[73.004s][info][gc       ] [VMAC 65530 166 24 430 620 : 73.004488 ]
[73.246s][info][gc       ] [GPGC-H  2795.2 589.8 0.6 0.0 : 68.0 : 0.000 0.000 : 0.000 0.000 0.841 1.932 : 0.000 0.000 0.000 0.000 2.100 0.819 : 0.000 : 90.802 : 794 1786 26 0 : 2266 : 4608 4424 : 73.246494 : 9 Next_heuristic_check_may_be_too_late ]
[73.249s][info][safepoint] Application time: 0.2457737 seconds
[73.249s][info][safepoint] Total time for which application threads were stopped: 0.0002883 seconds, Stopping threads took: 0.0000005 seconds
[73.250s][info][gc       ] [SPS 0.000 0.003 0.003 0.007 0.000 0.001 0.000 0.211 0.069 0.288 NewGC_pause1 73.249072 ]
[73.304s][info][safepoint] Application time: 0.0551132 seconds
[73.305s][info][safepoint] Total time for which application threads were stopped: 0.0001205 seconds, Stopping threads took: 0.0000007 seconds
[73.305s][info][gc       ] [SPS 0.000 0.001 0.000 0.010 0.001 0.001 0.000 0.090 0.018 0.120 NewGC_pause2 73.304306 ]
[73.306s][info][safepoint] Application time: 0.0016446 seconds
[73.306s][info][safepoint] Total time for which application threads were stopped: 0.0001122 seconds, Stopping threads took: 0.0000005 seconds
[73.307s][info][gc       ] [SPS 0.000 0.001 0.000 0.008 0.001 0.001 0.000 0.082 0.021 0.112 NewGC_pause3 73.306063 ]
[73.308s][info][safepoint] Application time: 0.0021453 seconds
[73.309s][info][safepoint] Total time for which application threads were stopped: 0.0002004 seconds, Stopping threads took: 0.0000005 seconds
[73.309s][info][gc       ] [SPS 0.000 0.003 0.003 0.014 0.001 0.001 0.000 0.154 0.030 0.201 NewGC_pause4 73.308409 ]
[73.309s][info][gc       ] [GC New Max 188-175 : 5120 2954 2158 5120 - - 1046 56 2 2 - : 162 1786 26 184 958 : 158 4 799 799 0 : 0 1 79 0 81 - 0 : 0.243868 2624.4 0.0 0.061566 2663.8 0.0 : 3 --c 0000 : 23 0 0.000 0.000 0 0.000 0.000 0 0.000 0.000 : 73.247156 73.248784 0.000210 73.304186 0.000095 73.305951 0.000076 73.308208 0.000099 : 73.308723 ]
[73.309s][info][gc       ] [SYSINFO 7577 191 89 0 7042 0 20 0 0 5745 : - - - - - - - - : 0 7168 : 2.13 1.08 1.42 : 278178 4215376 : 0 0 : 22 0 : 1547 2 0 260 : - 7672803328 333475840 1439936512 5939011584 199507968 93806592 : 140688591 5036010 136060 0 0 0 : 73.308959 ]
[73.309s][info][gc       ] [HUGEPAGESTAT 0 0 0 - 20840 0 0 : 612352 0 0 : 73.308959 ]
[73.309s][info][gc       ] [OBJCREAT 155541021 25182 8841216 : 73.309007 ]
[73.309s][info][gc       ] [HMSV All : 0 0 50 0 0 0 0 0 : 4986 0 0 0 : 73.309038 ]
[73.309s][info][gc       ] [HMSP 9 : 41100 0 : 73.309038 ]
[73.310s][info][gc       ] [VMAC 65530 166 24 430 620 : 73.309987 ]
[73.551s][info][gc       ] [GPGC-H  2795.2 537.4 0.6 0.0 : 61.9 : 0.000 0.000 : 0.000 0.000 0.830 1.932 : 0.000 0.000 0.000 0.000 2.073 0.819 : 0.000 : 89.812 : 810 1786 26 0 : 2266 : 4608 4424 : 73.551090 : 9 Next_heuristic_check_may_be_too_late ]
[73.554s][info][safepoint] Application time: 0.2452419 seconds
[73.555s][info][safepoint] Total time for which application threads were stopped: 0.0004405 seconds, Stopping threads took: 0.0000008 seconds
[73.555s][info][gc       ] [SPS 0.000 0.005 0.005 0.011 0.001 0.001 0.001 0.387 0.040 0.441 NewGC_pause1 73.554092 ]
[73.627s][info][safepoint] Application time: 0.0731571 seconds
[73.628s][info][safepoint] Total time for which application threads were stopped: 0.0001614 seconds, Stopping threads took: 0.0000005 seconds
[73.628s][info][gc       ] [SPS 0.000 0.001 0.000 0.007 0.001 0.001 0.000 0.121 0.031 0.161 NewGC_pause2 73.627410 ]
[73.629s][info][safepoint] Application time: 0.0016723 seconds
[73.630s][info][safepoint] Total time for which application threads were stopped: 0.0002563 seconds, Stopping threads took: 0.0000005 seconds
[73.630s][info][gc       ] [SPS 0.000 0.001 0.000 0.025 0.001 0.001 0.000 0.213 0.016 0.256 NewGC_pause3 73.629339 ]
[73.631s][info][safepoint] Application time: 0.0012181 seconds
[73.631s][info][safepoint] Total time for which application threads were stopped: 0.0001257 seconds, Stopping threads took: 0.0000005 seconds
[73.631s][info][gc       ] [SPS 0.000 0.002 0.016 0.007 0.000 0.001 0.000 0.101 0.016 0.126 NewGC_pause4 73.630683 ]
[73.631s][info][gc       ] [GC New Max 189-176 : 5120 3004 2194 5120 - - 1046 56 2 2 - : 198 1786 26 184 1008 : 194 4 813 813 0 : 0 1 97 0 99 - 0 : 0.242813 2677.0 0.0 0.079487 2491.0 0.0 : 3 --c 0000 : 23 0 0.000 0.000 0 0.000 0.000 0 0.000 0.000 : 73.551536 73.553651 0.000349 73.627249 0.000127 73.629083 0.000236 73.630557 0.000105 : 73.631023 ]
[73.631s][info][gc       ] [SYSINFO 7577 191 89 0 7042 0 20 0 0 5745 : - - - - - - - - : 0 7168 : 2.13 1.08 1.42 : 278178 4215376 : 0 0 : 22 0 : 1547 2 0 260 : - 7672803328 333475840 1439936512 5939011584 199507968 93806592 : 140688591 5036540 136130 0 0 0 : 73.631269 ]
[73.631s][info][gc       ] [HUGEPAGESTAT 0 0 0 - 20840 0 0 : 612352 0 0 : 73.631269 ]
[73.631s][info][gc       ] [OBJCREAT 156379343 25182 8841216 : 73.631329 ]
[73.631s][info][gc       ] [HMSV All : 0 0 50 0 0 0 0 0 : 4986 0 0 0 : 73.631346 ]
[73.631s][info][gc       ] [HMSP 9 : 41100 0 : 73.631346 ]
[73.632s][info][gc       ] [VMAC 65530 166 24 430 620 : 73.631875 ]
[73.874s][info][gc       ] [GPGC-H  2772.5 537.4 0.6 0.0 : 61.9 : 0.000 0.000 : 0.000 0.000 0.819 1.932 : 0.000 0.000 0.000 0.000 2.044 0.819 : 0.000 : 88.849 : 834 1786 26 0 : 2266 : 4608 4424 : 73.874084 : 9 Next_heuristic_check_may_be_too_late ]
[73.877s][info][safepoint] Application time: 0.2454964 seconds
[73.877s][info][safepoint] Total time for which application threads were stopped: 0.0003264 seconds, Stopping threads took: 0.0000005 seconds
[73.878s][info][gc       ] [SPS 0.000 0.004 0.005 0.008 0.000 0.001 0.000 0.291 0.026 0.327 NewGC_pause1 73.876506 ]
[73.946s][info][safepoint] Application time: 0.0689794 seconds
[73.946s][info][safepoint] Total time for which application threads were stopped: 0.0000867 seconds, Stopping threads took: 0.0000005 seconds
[73.946s][info][gc       ] [SPS 0.000 0.001 0.000 0.007 0.000 0.001 0.000 0.059 0.019 0.087 NewGC_pause2 73.945572 ]
[73.947s][info][safepoint] Application time: 0.0015390 seconds
[73.948s][info][safepoint] Total time for which application threads were stopped: 0.0001046 seconds, Stopping threads took: 0.0000005 seconds
[73.948s][info][gc       ] [SPS 0.000 0.000 0.000 0.007 0.000 0.001 0.000 0.074 0.022 0.105 NewGC_pause3 73.947216 ]
[73.949s][info][safepoint] Application time: 0.0013516 seconds
[73.949s][info][safepoint] Total time for which application threads were stopped: 0.0001557 seconds, Stopping threads took: 0.0000005 seconds
[73.949s][info][gc       ] [SPS 0.000 0.003 0.002 0.007 0.000 0.001 0.000 0.117 0.030 0.156 NewGC_pause4 73.948723 ]
[73.949s][info][gc       ] [GC New Max 190-177 : 5120 2988 2154 5120 - - 1046 56 2 2 - : 158 1786 26 184 992 : 156 2 838 838 0 : 0 0 78 0 79 - 0 : 0.243398 2613.0 0.0 0.074645 2170.3 0.0 : 3 --c 0000 : 23 0 0.000 0.000 0 0.000 0.000 0 0.000 0.000 : 73.874421 73.876179 0.000255 73.945485 0.000058 73.947111 0.000067 73.948567 0.000071 : 73.949066 ]
[73.949s][info][gc       ] [SYSINFO 7577 191 89 0 7042 0 20 0 0 5745 : - - - - - - - - : 0 7168 : 2.13 1.08 1.42 : 278178 4215376 : 0 0 : 22 0 : 1547 2 0 260 : - 7672803328 333475840 1439936512 5939011584 199507968 93806592 : 140688591 5037060 136140 0 0 0 : 73.949414 ]
[73.949s][info][gc       ] [HUGEPAGESTAT 0 0 0 - 20840 0 0 : 612352 0 0 : 73.949414 ]
[73.949s][info][gc       ] [OBJCREAT 157169451 25182 8841216 : 73.949465 ]
[73.949s][info][gc       ] [HMSV All : 0 0 50 0 0 0 0 0 : 4986 0 0 0 : 73.949485 ]
[73.949s][info][gc       ] [HMSP 9 : 41100 0 : 73.949485 ]
[73.950s][info][gc       ] [VMAC 65530 166 24 430 620 : 73.950161 ]
[74.212s][info][gc       ] [GPGC-H  2772.5 537.4 0.6 0.0 : 61.9 : 0.000 0.000 : 0.000 0.000 0.808 1.932 : 0.000 0.000 0.000 0.000 2.017 0.819 : 0.000 : 87.895 : 780 1786 26 0 : 2266 : 4608 4424 : 74.212179 : 9 Next_heuristic_check_may_be_too_late ]
[74.215s][info][safepoint] Application time: 0.2657397 seconds
[74.216s][info][safepoint] Total time for which application threads were stopped: 0.0002692 seconds, Stopping threads took: 0.0000005 seconds
[74.216s][info][gc       ] [SPS 0.000 0.003 0.005 0.008 0.000 0.001 0.000 0.236 0.023 0.269 NewGC_pause1 74.214732 ]
[74.277s][info][safepoint] Application time: 0.0624064 seconds
[74.278s][info][safepoint] Total time for which application threads were stopped: 0.0002090 seconds, Stopping threads took: 0.0000005 seconds
[74.278s][info][gc       ] [SPSH lock suspend gclocker notify wait resuspend cleanup op_time wakeup total(ms) op_name end(s) ]
[74.279s][info][gc       ] [SPS 0.000 0.001 0.000 0.008 0.001 0.001 0.000 0.161 0.039 0.209 NewGC_pause2 74.277348 ]
[74.280s][info][safepoint] Application time: 0.0024068 seconds
[74.280s][info][safepoint] Total time for which application threads were stopped: 0.0002310 seconds, Stopping threads took: 0.0000005 seconds
[74.280s][info][gc       ] [SPS 0.000 0.000 0.000 0.007 0.001 0.001 0.000 0.187 0.035 0.231 NewGC_pause3 74.279986 ]
[74.281s][info][safepoint] Application time: 0.0012006 seconds
[74.282s][info][safepoint] Total time for which application threads were stopped: 0.0001780 seconds, Stopping threads took: 0.0000005 seconds
[74.282s][info][gc       ] [SPS 0.000 0.003 0.002 0.007 0.001 0.001 0.000 0.145 0.025 0.178 NewGC_pause4 74.281365 ]
[74.282s][info][gc       ] [GC New Max 191-178 : 5120 2912 2130 5120 - - 1046 56 2 2 - : 134 1786 26 184 916 : 132 4 784 784 0 : 0 1 66 0 67 - 0 : 0.263619 2367.0 0.0 0.069041 1969.9 0.0 : 3 --c 0000 : 23 0 0.000 0.000 0 0.000 0.000 0 0.000 0.000 : 74.212686 74.214463 0.000222 74.277139 0.000119 74.279755 0.000150 74.281186 0.000113 : 74.281726 ]
[74.282s][info][gc       ] [SYSINFO 7577 191 89 0 7042 0 20 0 0 5745 : - - - - - - - - : 0 7168 : 2.13 1.08 1.42 : 278178 4215376 : 0 0 : 22 0 : 1547 2 0 260 : - 7672803328 333475840 1439936512 5939011584 199507968 93806592 : 140688591 5037580 136150 0 0 0 : 74.282101 ]
[74.282s][info][gc       ] [HUGEPAGESTAT 0 0 0 - 20840 0 0 : 612352 0 0 : 74.282101 ]
[74.282s][info][gc       ] [OBJCREAT 157923151 25182 8841216 : 74.282180 ]
[74.282s][info][gc       ] [HMSV All : 0 0 50 0 0 0 0 0 : 4986 0 0 0 : 74.282204 ]
[74.282s][info][gc       ] [HMSP 9 : 41100 0 : 74.282204 ]
[74.283s][info][gc       ] [VMAC 65530 166 24 430 620 : 74.282860 ]
[74.526s][info][gc       ] [GPGC-H  2772.5 537.4 0.6 0.0 : 61.9 : 0.000 0.000 : 0.000 0.000 0.797 1.932 : 0.000 0.000 0.000 0.000 1.988 0.819 : 0.000 : 86.871 : 782 1786 26 0 : 2266 : 4608 4424 : 74.525786 : 9 Next_heuristic_check_may_be_too_late ]
[74.529s][info][safepoint] Application time: 0.2468498 seconds
[74.529s][info][safepoint] Total time for which application threads were stopped: 0.0003516 seconds, Stopping threads took: 0.0000007 seconds
[74.530s][info][gc       ] [SPS 0.000 0.003 0.004 0.016 0.001 0.001 0.001 0.309 0.024 0.352 NewGC_pause1 74.528566 ]
[74.584s][info][safepoint] Application time: 0.0557383 seconds
[74.585s][info][safepoint] Total time for which application threads were stopped: 0.0001492 seconds, Stopping threads took: 0.0000005 seconds
[74.585s][info][gc       ] [SPS 0.000 0.001 0.000 0.008 0.000 0.001 0.000 0.117 0.023 0.149 NewGC_pause2 74.584454 ]
[74.587s][info][safepoint] Application time: 0.0021629 seconds
[74.587s][info][safepoint] Total time for which application threads were stopped: 0.0002215 seconds, Stopping threads took: 0.0000005 seconds
[74.587s][info][gc       ] [SPS 0.000 0.000 0.000 0.007 0.001 0.001 0.000 0.186 0.026 0.221 NewGC_pause3 74.586842 ]
[74.588s][info][safepoint] Application time: 0.0009598 seconds
[74.588s][info][safepoint] Total time for which application threads were stopped: 0.0001704 seconds, Stopping threads took: 0.0000005 seconds
[74.588s][info][gc       ] [GC New Max 192-179 : 5120 2936 2154 5120 - - 1046 56 2 2 - : 158 1786 26 184 940 : 154 4 785 785 0 : 0 1 77 0 79 - 0 : 0.244679 2648.4 0.0 0.061758 2590.8 0.0 : 3 --c 0000 : 23 0 0.000 0.000 0 0.000 0.000 0 0.000 0.000 : 74.526406 74.528215 0.000266 74.584305 0.000074 74.586621 0.000150 74.587802 0.000094 : 74.588164 ]
[74.588s][info][gc       ] [SYSINFO 7577 191 89 0 7042 0 20 0 0 5745 : - - - - - - - - : 0 7168 : 2.04 1.08 1.42 : 278178 4215376 : 0 0 : 22 0 : 1547 3 0 260 : - 7672803328 333475840 1439936512 5939011584 199507968 93806592 : 140688591 5038030 136170 0 0 0 : 74.588437 ]
[74.588s][info][gc       ] [HUGEPAGESTAT 0 0 0 - 20840 0 0 : 612352 0 0 : 74.588437 ]
[74.588s][info][gc       ] [OBJCREAT 158723444 25182 8841216 : 74.588488 ]
[74.589s][info][gc       ] [HMSV All : 0 0 50 0 0 0 0 0 : 4986 0 0 0 : 74.588505 ]
[74.589s][info][gc       ] [HMSP 9 : 41100 0 : 74.588505 ]
[74.589s][info][gc       ] [SPS 0.000 0.003 0.002 0.007 0.000 0.001 0.000 0.137 0.024 0.170 NewGC_pause4 74.587973 ]
[74.589s][info][gc       ] [VMAC 65530 166 24 430 620 : 74.589092 ]
[74.832s][info][gc       ] [GPGC-H  2772.5 537.4 0.6 0.0 : 61.9 : 0.000 0.000 : 0.000 0.000 0.786 1.932 : 0.000 0.000 0.000 0.000 1.963 0.819 : 0.000 : 85.933 : 796 1786 26 0 : 2266 : 4608 4424 : 74.831512 : 9 Next_heuristic_check_may_be_too_late ]
[74.834s][info][safepoint] Application time: 0.2455052 seconds
[74.834s][info][safepoint] Total time for which application threads were stopped: 0.0003239 seconds, Stopping threads took: 0.0000005 seconds
[74.835s][info][gc       ] [SPS 0.000 0.003 0.003 0.008 0.000 0.001 0.000 0.275 0.039 0.324 NewGC_pause1 74.833802 ]
[74.903s][info][safepoint] Application time: 0.0689910 seconds
[74.904s][info][safepoint] Total time for which application threads were stopped: 0.0002406 seconds, Stopping threads took: 0.0000005 seconds
[74.904s][info][gc       ] [SPS 0.000 0.001 0.000 0.007 0.000 0.001 0.000 0.197 0.034 0.241 NewGC_pause2 74.903034 ]
[74.906s][info][safepoint] Application time: 0.0023371 seconds
[74.906s][info][safepoint] Total time for which application threads were stopped: 0.0002039 seconds, Stopping threads took: 0.0000005 seconds
[74.906s][info][gc       ] [SPS 0.000 0.000 0.000 0.008 0.001 0.001 0.000 0.159 0.035 0.204 NewGC_pause3 74.905575 ]
[74.907s][info][safepoint] Application time: 0.0012609 seconds
[74.907s][info][safepoint] Total time for which application threads were stopped: 0.0002168 seconds, Stopping threads took: 0.0000005 seconds
[74.908s][info][gc       ] [SPS 0.000 0.003 0.002 0.007 0.000 0.001 0.000 0.184 0.024 0.217 NewGC_pause4 74.907053 ]
[74.908s][info][gc       ] [GC New Max 193-180 : 5120 2936 2140 5120 - - 1046 56 2 2 - : 144 1786 26 184 940 : 140 4 799 799 0 : 0 1 70 0 72 - 0 : 0.243807 2625.0 0.0 0.075428 1909.1 0.0 : 3 --c 0000 : 23 0 0.000 0.000 0 0.000 0.000 0 0.000 0.000 : 74.831971 74.833478 0.000242 74.902793 0.000145 74.905371 0.000127 74.906836 0.000140 : 74.907399 ]
[74.908s][info][gc       ] [SYSINFO 7577 191 89 0 7042 0 20 0 0 5745 : - - - - - - - - : 0 7168 : 2.04 1.08 1.42 : 278178 4215376 : 0 0 : 22 0 : 1547 2 0 260 : - 7672803328 333475840 1439936512 5939011584 199507968 93806592 : 140688591 5038520 136200 0 0 0 : 74.907671 ]
[74.908s][info][gc       ] [HUGEPAGESTAT 0 0 0 - 20840 0 0 : 612352 0 0 : 74.907671 ]
[74.908s][info][gc       ] [OBJCREAT 159499693 25182 8841216 : 74.907744 ]
[74.908s][info][gc       ] [HMSV All : 0 0 50 0 0 0 0 0 : 4986 0 0 0 : 74.907757 ]
[74.908s][info][gc       ] [HMSP 9 : 41100 0 : 74.907757 ]
[74.909s][info][gc       ] [VMAC 65530 166 24 430 620 : 74.908781 ]
[75.151s][info][gc       ] [GPGC-H  2772.5 537.4 0.6 0.0 : 61.9 : 0.000 0.000 : 0.000 0.000 0.776 1.932 : 0.000 0.000 0.000 0.000 1.936 0.819 : 0.000 : 85.021 : 778 1786 26 0 : 2266 : 4608 4424 : 75.150906 : 9 Next_heuristic_check_may_be_too_late ]
[75.153s][info][safepoint] Application time: 0.2459728 seconds
[75.154s][info][safepoint] Total time for which application threads were stopped: 0.0002310 seconds, Stopping threads took: 0.0000005 seconds
[75.154s][info][gc       ] [SPS 0.000 0.003 0.003 0.007 0.000 0.001 0.000 0.198 0.024 0.231 NewGC_pause1 75.153257 ]
[75.209s][info][safepoint] Application time: 0.0557522 seconds
[75.210s][info][safepoint] Total time for which application threads were stopped: 0.0003033 seconds, Stopping threads took: 0.0000009 seconds
[75.210s][info][gc       ] [SPS 0.000 0.001 0.000 0.037 0.001 0.001 0.001 0.237 0.026 0.304 NewGC_pause2 75.209313 ]
[75.212s][info][safepoint] Application time: 0.0022557 seconds
[75.212s][info][safepoint] Total time for which application threads were stopped: 0.0002084 seconds, Stopping threads took: 0.0000007 seconds
[75.212s][info][gc       ] [SPS 0.000 0.000 0.000 0.024 0.001 0.001 0.000 0.154 0.028 0.209 NewGC_pause3 75.211777 ]
[75.213s][info][safepoint] Application time: 0.0010297 seconds
[75.213s][info][safepoint] Total time for which application threads were stopped: 0.0001410 seconds, Stopping threads took: 0.0000005 seconds
[75.213s][info][gc       ] [SPS 0.000 0.002 0.002 0.007 0.001 0.001 0.000 0.101 0.031 0.141 NewGC_pause4 75.212947 ]
[75.214s][info][gc       ] [GC New Max 194-181 : 5120 2938 2160 5120 - - 1046 56 2 2 - : 164 1786 26 184 942 : 160 4 781 781 0 : 0 1 80 0 82 - 0 : 0.244007 2598.3 0.0 0.061874 2682.9 0.0 : 3 --c 0000 : 23 0 0.000 0.000 0 0.000 0.000 0 0.000 0.000 : 75.151406 75.153026 0.000119 75.209009 0.000264 75.211568 0.000082 75.212806 0.000066 : 75.213280 ]
[75.214s][info][gc       ] [SYSINFO 7577 191 89 0 7042 0 20 0 0 5745 : - - - - - - - - : 0 7168 : 2.04 1.08 1.42 : 278178 4215376 : 0 0 : 22 0 : 1547 2 0 260 : - 7672803328 333475840 1439936512 5939011584 199507968 93806592 : 140688591 5038970 136290 0 0 0 : 75.213540 ]
[75.214s][info][gc       ] [HUGEPAGESTAT 0 0 0 - 20840 0 0 : 612352 0 0 : 75.213540 ]
[75.214s][info][gc       ] [OBJCREAT 160290066 25182 8841216 : 75.213592 ]
[75.214s][info][gc       ] [HMSV All : 0 0 50 0 0 0 0 0 : 4986 0 0 0 : 75.213614 ]
[75.214s][info][gc       ] [HMSP 9 : 41100 0 : 75.213614 ]
[75.214s][info][gc       ] [VMAC 65530 166 24 430 620 : 75.214225 ]
[75.457s][info][gc       ] [GPGC-H  2772.5 537.4 0.6 0.0 : 61.9 : 0.000 0.000 : 0.000 0.000 0.766 1.932 : 0.000 0.000 0.000 0.000 1.911 0.819 : 0.000 : 84.111 : 804 1786 26 0 : 2266 : 4608 4424 : 75.456789 : 9 Next_heuristic_check_may_be_too_late ]
[75.459s][info][safepoint] Application time: 0.2459837 seconds
[75.460s][info][safepoint] Total time for which application threads were stopped: 0.0004905 seconds, Stopping threads took: 0.0000005 seconds
[75.461s][info][gc       ] [SPS 0.000 0.004 0.002 0.008 0.001 0.001 0.000 0.459 0.022 0.490 NewGC_pause1 75.459422 ]
[75.520s][info][safepoint] Application time: 0.0606637 seconds
[75.521s][info][safepoint] Total time for which application threads were stopped: 0.0001776 seconds, Stopping threads took: 0.0000005 seconds
[75.521s][info][gc       ] [SPS 0.000 0.001 0.000 0.007 0.000 0.001 0.000 0.134 0.034 0.178 NewGC_pause2 75.520263 ]
[75.523s][info][safepoint] Application time: 0.0020809 seconds
[75.523s][info][safepoint] Total time for which application threads were stopped: 0.0001791 seconds, Stopping threads took: 0.0000005 seconds
[75.523s][info][gc       ] [SPS 0.000 0.000 0.000 0.008 0.000 0.001 0.000 0.139 0.031 0.179 NewGC_pause3 75.522524 ]
[75.524s][info][safepoint] Application time: 0.0013139 seconds
[75.525s][info][safepoint] Total time for which application threads were stopped: 0.0001916 seconds, Stopping threads took: 0.0000005 seconds
[75.525s][info][gc       ] [SPS 0.000 0.003 0.002 0.007 0.001 0.001 0.000 0.156 0.027 0.192 NewGC_pause4 75.524029 ]
[75.525s][info][gc       ] [GC New Max 195-182 : 5120 2942 2138 5120 - - 1046 56 2 2 - : 142 1786 26 184 946 : 138 4 809 809 0 : 0 1 69 0 71 - 0 : 0.244093 2630.1 0.0 0.067224 2142.1 0.0 : 3 --c 0000 : 23 0 0.000 0.000 0 0.000 0.000 0 0.000 0.000 : 75.457373 75.458931 0.000456 75.520086 0.000089 75.522344 0.000085 75.523837 0.000123 : 75.524597 ]
[75.525s][info][gc       ] [SYSINFO 7577 191 89 0 7042 0 20 0 0 5745 : - - - - - - - - : 0 7168 : 2.04 1.08 1.42 : 278178 4215376 : 0 0 : 22 0 : 1547 3 0 260 : - 7672803328 333475840 1439936512 5939011584 199507968 93806592 : 140688591 5039430 136360 0 0 0 : 75.524902 ]
[75.525s][info][gc       ] [HUGEPAGESTAT 0 0 0 - 20840 0 0 : 612352 0 0 : 75.524902 ]
[75.525s][info][gc       ] [OBJCREAT 161068748 25182 8841216 : 75.524951 ]
[75.525s][info][gc       ] [HMSV All : 0 0 50 0 0 0 0 0 : 4986 0 0 0 : 75.524969 ]
[75.525s][info][gc       ] [HMSP 9 : 41100 0 : 75.524969 ]
[75.526s][info][gc       ] [VMAC 65530 166 24 430 620 : 75.525529 ]
[75.748s][info][gc       ] [GPGC-H  2772.5 488.7 0.5 0.0 : 56.3 : 0.000 0.000 : 0.000 0.000 0.756 1.932 : 0.000 0.000 0.000 0.000 1.886 0.819 : 0.000 : 83.218 : 772 1786 26 0 : 2266 : 4608 4424 : 75.747933 : 9 Next_heuristic_check_may_be_too_late ]
[75.750s][info][safepoint] Application time: 0.2260022 seconds
[75.751s][info][safepoint] Total time for which application threads were stopped: 0.0003526 seconds, Stopping threads took: 0.0000005 seconds
[75.751s][info][gc       ] [SPS 0.000 0.003 0.002 0.007 0.001 0.001 0.000 0.305 0.039 0.353 NewGC_pause1 75.750384 ]
[75.816s][info][safepoint] Application time: 0.0650898 seconds
[75.816s][info][safepoint] Total time for which application threads were stopped: 0.0002460 seconds, Stopping threads took: 0.0000005 seconds
[75.817s][info][gc       ] [SPS 0.005 0.001 0.000 0.007 0.000 0.001 0.000 0.189 0.048 0.246 NewGC_pause2 75.815720 ]
[75.818s][info][safepoint] Application time: 0.0022329 seconds
[75.819s][info][safepoint] Total time for which application threads were stopped: 0.0001009 seconds, Stopping threads took: 0.0000005 seconds
[75.819s][info][gc       ] [SPS 0.000 0.000 0.000 0.007 0.001 0.001 0.000 0.074 0.018 0.101 NewGC_pause3 75.818054 ]
[75.820s][info][safepoint] Application time: 0.0021715 seconds
[75.821s][info][safepoint] Total time for which application threads were stopped: 0.0001691 seconds, Stopping threads took: 0.0000005 seconds
[75.821s][info][gc       ] [SPS 0.000 0.003 0.002 0.008 0.000 0.001 0.000 0.110 0.049 0.169 NewGC_pause4 75.820395 ]
[75.821s][info][gc       ] [GC New Max 196-183 : 5120 2918 2144 5120 - - 1046 56 2 2 - : 148 1786 26 184 922 : 144 4 776 776 0 : 0 1 72 0 74 - 0 : 0.223749 2824.6 0.0 0.072300 2074.7 0.0 : 3 --c 0000 : 23 0 0.000 0.000 0 0.000 0.000 0 0.000 0.000 : 75.748346 75.750031 0.000303 75.815474 0.000144 75.817953 0.000075 75.820226 0.000071 : 75.820646 ]
[75.821s][info][gc       ] [SYSINFO 7577 191 89 0 7042 0 20 0 0 5745 : - - - - - - - - : 0 7168 : 2.04 1.08 1.42 : 278178 4215376 : 0 0 : 22 0 : 1547 2 0 260 : - 7672803328 333475840 1439936512 5939011584 199507968 93806592 : 140688591 5039890 136470 0 0 0 : 75.820954 ]
[75.821s][info][gc       ] [HUGEPAGESTAT 0 0 0 - 20840 0 0 : 612352 0 0 : 75.820954 ]
[75.821s][info][gc       ] [OBJCREAT 161842112 25182 8841216 : 75.821024 ]
[75.821s][info][gc       ] [HMSV All : 0 0 50 0 0 0 0 0 : 4986 0 0 0 : 75.821059 ]
[75.821s][info][gc       ] [HMSP 9 : 41100 0 : 75.821059 ]
[75.822s][info][gc       ] [VMAC 65530 166 24 430 620 : 75.822004 ]
[76.064s][info][gc       ] [GPGC-H  2741.3 488.7 0.5 0.0 : 56.3 : 0.000 0.000 : 0.000 0.000 0.747 1.932 : 0.000 0.000 0.000 0.000 1.862 0.819 : 0.000 : 82.419 : 796 1786 26 0 : 2266 : 4608 4424 : 76.064302 : 9 Next_heuristic_check_may_be_too_late ]
[76.067s][info][safepoint] Application time: 0.2464709 seconds
[76.068s][info][safepoint] Total time for which application threads were stopped: 0.0003889 seconds, Stopping threads took: 0.0000005 seconds
[76.068s][info][gc       ] [SPS 0.000 0.004 0.003 0.007 0.001 0.001 0.000 0.342 0.038 0.389 NewGC_pause1 76.067255 ]
[76.136s][info][safepoint] Application time: 0.0687546 seconds
[76.137s][info][safepoint] Total time for which application threads were stopped: 0.0001331 seconds, Stopping threads took: 0.0000004 seconds
[76.137s][info][gc       ] [SPS 0.000 0.001 0.000 0.007 0.000 0.001 0.000 0.101 0.024 0.134 NewGC_pause2 76.136143 ]
[76.138s][info][safepoint] Application time: 0.0018919 seconds
[76.139s][info][safepoint] Total time for which application threads were stopped: 0.0001787 seconds, Stopping threads took: 0.0000005 seconds
[76.139s][info][gc       ] [SPS 0.000 0.000 0.000 0.007 0.001 0.001 0.000 0.129 0.040 0.179 NewGC_pause3 76.138213 ]
[76.140s][info][safepoint] Application time: 0.0013623 seconds
[76.140s][info][safepoint] Total time for which application threads were stopped: 0.0001815 seconds, Stopping threads took: 0.0000004 seconds
[76.140s][info][gc       ] [SPS 0.000 0.003 0.002 0.007 0.000 0.001 0.000 0.145 0.028 0.182 NewGC_pause4 76.139757 ]
[76.140s][info][gc       ] [GC New Max 197-184 : 5120 2938 2138 5120 - - 1046 56 2 2 - : 142 1786 26 184 942 : 138 4 802 802 0 : 0 1 69 0 71 - 0 : 0.244335 2660.3 0.0 0.075022 1946.1 0.0 : 3 --c 0000 : 23 0 0.000 0.000 0 0.000 0.000 0 0.000 0.000 : 76.064980 76.066866 0.000303 76.136009 0.000068 76.138034 0.000087 76.139576 0.000111 : 76.140002 ]
[76.140s][info][gc       ] [SYSINFO 7577 191 89 0 7042 0 20 0 0 5745 : - - - - - - - - : 0 7168 : 2.04 1.08 1.42 : 278178 4215376 : 0 0 : 22 0 : 1547 2 0 260 : - 7672803328 333475840 1439936512 5939011584 199507968 93806592 : 140688591 5040420 136600 0 0 0 : 76.140314 ]
[76.140s][info][gc       ] [HUGEPAGESTAT 0 0 0 - 20840 0 0 : 612352 0 0 : 76.140314 ]
[76.140s][info][gc       ] [OBJCREAT 162629801 25182 8841216 : 76.140395 ]
[76.140s][info][gc       ] [HMSV All : 0 0 50 0 0 0 0 0 : 4986 0 0 0 : 76.140413 ]
[76.140s][info][gc       ] [HMSP 9 : 41100 0 : 76.140413 ]
[76.141s][info][gc       ] [VMAC 65530 166 24 430 620 : 76.140953 ]
[76.383s][info][gc       ] [GPGC-H  2741.3 488.7 0.5 0.0 : 56.3 : 0.000 0.000 : 0.000 0.000 0.737 1.932 : 0.000 0.000 0.000 0.000 1.837 0.819 : 0.000 : 81.556 : 802 1786 26 0 : 2266 : 4608 4424 : 76.383301 : 9 Next_heuristic_check_may_be_too_late ]
[76.386s][info][safepoint] Application time: 0.2460345 seconds
[76.387s][info][safepoint] Total time for which application threads were stopped: 0.0001923 seconds, Stopping threads took: 0.0000005 seconds
[76.387s][info][gc       ] [SPS 0.000 0.005 0.005 0.009 0.000 0.001 0.001 0.161 0.020 0.192 NewGC_pause1 76.385984 ]
[76.452s][info][safepoint] Application time: 0.0663911 seconds
[76.453s][info][safepoint] Total time for which application threads were stopped: 0.0001047 seconds, Stopping threads took: 0.0000005 seconds
[76.453s][info][gc       ] [SPS 0.000 0.001 0.000 0.007 0.000 0.001 0.000 0.080 0.016 0.105 NewGC_pause2 76.452480 ]
[76.454s][info][safepoint] Application time: 0.0016314 seconds
[76.455s][info][safepoint] Total time for which application threads were stopped: 0.0001828 seconds, Stopping threads took: 0.0000006 seconds
[76.455s][info][gc       ] [SPS 0.000 0.001 0.000 0.008 0.001 0.001 0.000 0.146 0.027 0.183 NewGC_pause3 76.454295 ]
[76.456s][info][safepoint] Application time: 0.0011963 seconds
[76.456s][info][safepoint] Total time for which application threads were stopped: 0.0001687 seconds, Stopping threads took: 0.0000005 seconds
[76.456s][info][gc       ] [SPS 0.000 0.003 0.002 0.008 0.001 0.001 0.000 0.133 0.025 0.169 NewGC_pause4 76.455660 ]
[76.456s][info][gc       ] [GC New Max 198-185 : 5120 2962 2158 5120 - - 1046 56 2 2 - : 162 1786 26 184 966 : 158 4 806 806 0 : 0 1 79 0 81 - 0 : 0.243885 2714.4 0.0 0.072070 2275.6 0.0 : 3 --c 0000 : 23 0 0.000 0.000 0 0.000 0.000 0 0.000 0.000 : 76.383887 76.385792 0.000165 76.452376 0.000081 76.454112 0.000113 76.455491 0.000102 : 76.455957 ]
[76.456s][info][gc       ] [SYSINFO 7577 191 89 0 7042 0 20 0 0 5745 : - - - - - - - - : 0 7168 : 2.04 1.08 1.42 : 278178 4215400 : 0 0 : 22 0 : 1547 2 0 260 : - 7672803328 333475840 1439936512 5939011584 199507968 93806592 : 140688591 5040910 136710 0 0 0 : 76.456252 ]
[76.456s][info][gc       ] [HUGEPAGESTAT 0 0 0 - 20840 0 0 : 612352 0 0 : 76.456252 ]
[76.456s][info][gc       ] [OBJCREAT 163446694 25182 8841216 : 76.456310 ]
[76.456s][info][gc       ] [HMSV All : 0 0 50 0 0 0 0 0 : 4986 0 0 0 : 76.456331 ]
[76.456s][info][gc       ] [HMSP 9 : 41100 0 : 76.456331 ]
[76.457s][info][gc       ] [VMAC 65530 166 24 430 620 : 76.457329 ]
[76.719s][info][gc       ] [GPGC-H  2741.3 488.7 0.5 0.0 : 56.3 : 0.000 0.000 : 0.000 0.000 0.727 1.932 : 0.000 0.000 0.000 0.000 1.813 0.819 : 0.000 : 80.705 : 784 1786 26 0 : 2266 : 4608 4424 : 76.719048 : 9 Next_heuristic_check_may_be_too_late ]
[76.722s][info][safepoint] Application time: 0.2656834 seconds
[76.722s][info][safepoint] Total time for which application threads were stopped: 0.0002368 seconds, Stopping threads took: 0.0000005 seconds
[76.722s][info][gc       ] [SPS 0.000 0.004 0.003 0.007 0.001 0.001 0.000 0.203 0.025 0.237 NewGC_pause1 76.721580 ]
[76.795s][info][safepoint] Application time: 0.0727055 seconds
[76.795s][info][safepoint] Total time for which application threads were stopped: 0.0002197 seconds, Stopping threads took: 0.0000005 seconds
[76.796s][info][gc       ] [SPS 0.000 0.001 0.000 0.007 0.000 0.001 0.000 0.188 0.023 0.220 NewGC_pause2 76.794505 ]
[76.797s][info][safepoint] Application time: 0.0026054 seconds
[76.798s][info][safepoint] Total time for which application threads were stopped: 0.0001823 seconds, Stopping threads took: 0.0000005 seconds
[76.798s][info][gc       ] [SPS 0.000 0.000 0.000 0.007 0.000 0.001 0.000 0.145 0.028 0.182 NewGC_pause3 76.797293 ]
[76.799s][info][safepoint] Application time: 0.0015603 seconds
[76.799s][info][safepoint] Total time for which application threads were stopped: 0.0002202 seconds, Stopping threads took: 0.0000005 seconds
[76.800s][info][gc       ] [SPS 0.000 0.002 0.002 0.007 0.000 0.001 0.000 0.147 0.064 0.220 NewGC_pause4 76.799074 ]
[76.800s][info][gc       ] [GC New Max 199-186 : 5120 2922 2134 5120 - - 1046 56 2 2 - : 138 1786 26 184 926 : 136 2 790 790 0 : 0 0 68 0 69 - 0 : 0.263764 2365.7 0.0 0.079641 1783.0 0.0 : 3 --c 0000 : 23 0 0.000 0.000 0 0.000 0.000 0 0.000 0.000 : 76.719721 76.721343 0.000122 76.794286 0.000064 76.797111 0.000079 76.798854 0.000082 : 76.799362 ]
[76.800s][info][gc       ] [SYSINFO 7577 191 89 0 7042 0 20 0 0 5745 : - - - - - - - - : 0 7168 : 2.04 1.08 1.42 : 278178 4215400 : 0 0 : 22 0 : 1547 2 0 260 : - 7672803328 333475840 1439936512 5939011584 199507968 93806592 : 140688591 5041440 136840 0 0 0 : 76.799655 ]
[76.800s][info][gc       ] [HUGEPAGESTAT 0 0 0 - 20840 0 0 : 612352 0 0 : 76.799655 ]
[76.800s][info][gc       ] [OBJCREAT 164206938 25182 8841216 : 76.799709 ]
[76.800s][info][gc       ] [HMSV All : 0 0 50 0 0 0 0 0 : 4986 0 0 0 : 76.799729 ]
[76.800s][info][gc       ] [HMSP 9 : 41100 0 : 76.799729 ]
[76.800s][info][gc       ] [VMAC 65530 166 24 430 620 : 76.800343 ]
[77.083s][info][gc       ] [GPGC-H  2741.3 488.7 0.5 0.0 : 56.3 : 0.000 0.000 : 0.000 0.000 0.717 1.932 : 0.000 0.000 0.000 0.000 1.787 0.819 : 0.000 : 79.799 : 808 1786 26 0 : 2266 : 4608 4424 : 77.083092 : 9 Next_heuristic_check_may_be_too_late ]
[77.085s][info][safepoint] Application time: 0.2860212 seconds
[77.086s][info][safepoint] Total time for which application threads were stopped: 0.0003252 seconds, Stopping threads took: 0.0000006 seconds
[77.086s][info][gc       ] [SPS 0.000 0.004 0.005 0.009 0.001 0.001 0.000 0.288 0.026 0.325 NewGC_pause1 77.085420 ]
[77.153s][info][safepoint] Application time: 0.0679114 seconds
[77.154s][info][safepoint] Total time for which application threads were stopped: 0.0001461 seconds, Stopping threads took: 0.0000007 seconds
[77.154s][info][gc       ] [SPS 0.000 0.001 0.000 0.010 0.001 0.001 0.001 0.105 0.028 0.146 NewGC_pause2 77.153478 ]
[77.155s][info][safepoint] Application time: 0.0015674 seconds
[77.155s][info][safepoint] Total time for which application threads were stopped: 0.0001611 seconds, Stopping threads took: 0.0000005 seconds
[77.156s][info][gc       ] [SPS 0.000 0.001 0.000 0.007 0.000 0.001 0.000 0.129 0.024 0.161 NewGC_pause3 77.155207 ]
[77.156s][info][safepoint] Application time: 0.0010993 seconds
[77.157s][info][safepoint] Total time for which application threads were stopped: 0.0001627 seconds, Stopping threads took: 0.0000005 seconds
[77.157s][info][gc       ] [SPS 0.000 0.003 0.002 0.007 0.001 0.001 0.000 0.129 0.025 0.163 NewGC_pause4 77.156469 ]
[77.157s][info][gc       ] [GC New Max 200-187 : 5120 2950 2140 5120 - - 1046 56 2 2 - : 144 1786 26 184 954 : 142 2 814 814 0 : 0 0 71 0 72 - 0 : 0.284248 2364.1 0.0 0.073164 2022.8 0.0 : 3 --c 0000 : 23 0 0.000 0.000 0 0.000 0.000 0 0.000 0.000 : 77.083610 77.085095 0.000256 77.153332 0.000063 77.155046 0.000072 77.156306 0.000076 : 77.156775 ]
[77.157s][info][gc       ] [SYSINFO 7577 191 89 0 7042 0 20 0 0 5745 : - - - - - - - - : 0 7168 : 2.04 1.08 1.42 : 278178 4215400 : 0 0 : 22 0 : 1547 2 0 260 : - 7672803328 333475840 1439936512 5939011584 199507968 93806592 : 140688591 5041980 136920 0 0 0 : 77.157047 ]
[77.157s][info][gc       ] [HUGEPAGESTAT 0 0 0 - 20840 0 0 : 612352 0 0 : 77.157047 ]
[77.157s][info][gc       ] [OBJCREAT 165015882 25182 8841216 : 77.157096 ]
[77.157s][info][gc       ] [HMSV All : 0 0 50 0 0 0 0 0 : 4986 0 0 0 : 77.157116 ]
[77.157s][info][gc       ] [HMSP 9 : 41100 0 : 77.157116 ]
[77.158s][info][gc       ] [VMAC 65530 166 24 430 620 : 77.158107 ]
[77.381s][info][gc       ] [GPGC-H  2741.3 488.7 0.5 0.0 : 56.3 : 0.000 0.000 : 0.000 0.000 0.706 1.932 : 0.000 0.000 0.000 0.000 1.760 0.819 : 0.000 : 78.827 : 772 1786 26 0 : 2266 : 4608 4424 : 77.380522 : 9 Next_heuristic_check_may_be_too_late ]
[77.383s][info][safepoint] Application time: 0.2265396 seconds
[77.384s][info][safepoint] Total time for which application threads were stopped: 0.0003945 seconds, Stopping threads took: 0.0000008 seconds
[77.385s][info][gc       ] [SPS 0.000 0.004 0.003 0.012 0.001 0.001 0.001 0.350 0.031 0.394 NewGC_pause1 77.383403 ]
[77.440s][info][safepoint] Application time: 0.0562332 seconds
[77.440s][info][safepoint] Total time for which application threads were stopped: 0.0001773 seconds, Stopping threads took: 0.0000005 seconds
[77.441s][info][gc       ] [SPS 0.000 0.001 0.000 0.007 0.000 0.001 0.000 0.145 0.024 0.178 NewGC_pause2 77.439814 ]
[77.442s][info][safepoint] Application time: 0.0020131 seconds
[77.442s][info][safepoint] Total time for which application threads were stopped: 0.0001604 seconds, Stopping threads took: 0.0000005 seconds
[77.442s][info][gc       ] [SPS 0.000 0.000 0.000 0.007 0.000 0.001 0.000 0.124 0.028 0.160 NewGC_pause3 77.441987 ]
[77.443s][info][safepoint] Application time: 0.0010926 seconds
[77.444s][info][safepoint] Total time for which application threads were stopped: 0.0000986 seconds, Stopping threads took: 0.0000005 seconds
[77.444s][info][gc       ] [SPS 0.000 0.002 0.002 0.007 0.001 0.001 0.000 0.070 0.020 0.099 NewGC_pause4 77.443179 ]
[77.444s][info][gc       ] [GC New Max 201-188 : 5120 2918 2146 5120 - - 1046 56 2 2 - : 150 1786 26 184 922 : 148 4 774 774 0 : 0 1 74 0 75 - 0 : 0.224467 2797.7 0.0 0.062264 2441.2 0.0 : 3 --c 0000 : 23 0 0.000 0.000 0 0.000 0.000 0 0.000 0.000 : 77.381242 77.383009 0.000294 77.439636 0.000112 77.441827 0.000075 77.443080 0.000072 : 77.443506 ]
[77.444s][info][gc       ] [SYSINFO 7577 191 89 0 7042 0 20 0 0 5745 : - - - - - - - - : 0 7168 : 2.04 1.08 1.42 : 278178 4215400 : 0 0 : 22 0 : 1547 2 0 260 : - 7672803328 333475840 1439936512 5939011584 199507968 93806592 : 140688591 5042420 136980 0 0 0 : 77.443894 ]
[77.444s][info][gc       ] [HUGEPAGESTAT 0 0 0 - 20840 0 0 : 612352 0 0 : 77.443894 ]
[77.444s][info][gc       ] [OBJCREAT 165789348 25182 8841216 : 77.443992 ]
[77.444s][info][gc       ] [HMSV All : 0 0 50 0 0 0 0 0 : 4986 0 0 0 : 77.444012 ]
[77.444s][info][gc       ] [HMSP 9 : 41100 0 : 77.444012 ]
[77.445s][info][gc       ] [VMAC 65530 166 24 430 620 : 77.444654 ]
[77.667s][info][gc       ] [GPGC-H  2741.3 445.1 0.5 0.0 : 51.3 : 0.000 0.000 : 0.000 0.000 0.698 1.932 : 0.000 0.000 0.000 0.000 1.739 0.819 : 0.000 : 78.076 : 772 1786 26 0 : 2266 : 4608 4424 : 77.666752 : 9 Next_heuristic_check_may_be_too_late ]
[77.669s][info][safepoint] Application time: 0.2260183 seconds
[77.670s][info][safepoint] Total time for which application threads were stopped: 0.0002326 seconds, Stopping threads took: 0.0000005 seconds
[77.671s][info][gc       ] [SPS 0.000 0.003 0.005 0.010 0.001 0.001 0.000 0.201 0.020 0.233 NewGC_pause1 77.669430 ]
[77.734s][info][safepoint] Application time: 0.0641853 seconds
[77.734s][info][safepoint] Total time for which application threads were stopped: 0.0000742 seconds, Stopping threads took: 0.0000005 seconds
[77.734s][info][gc       ] [SPS 0.000 0.001 0.000 0.007 0.000 0.001 0.000 0.050 0.015 0.074 NewGC_pause2 77.733689 ]
[77.735s][info][safepoint] Application time: 0.0014088 seconds
[77.736s][info][safepoint] Total time for which application threads were stopped: 0.0001176 seconds, Stopping threads took: 0.0000005 seconds
[77.736s][info][gc       ] [SPS 0.000 0.001 0.000 0.007 0.000 0.001 0.000 0.081 0.027 0.118 NewGC_pause3 77.735216 ]
[77.737s][info][safepoint] Application time: 0.0011404 seconds
[77.737s][info][safepoint] Total time for which application threads were stopped: 0.0001755 seconds, Stopping threads took: 0.0000005 seconds
[77.737s][info][gc       ] [SPS 0.000 0.002 0.002 0.007 0.000 0.001 0.000 0.130 0.037 0.176 NewGC_pause4 77.736532 ]
[77.737s][info][gc       ] [GC New Max 202-189 : 5120 2910 2138 5120 - - 1046 56 2 2 - : 142 1786 26 184 914 : 138 4 776 776 0 : 0 1 69 0 71 - 0 : 0.223897 2787.0 0.0 0.069463 2073.0 0.0 : 3 --c 0000 : 23 0 0.000 0.000 0 0.000 0.000 0 0.000 0.000 : 77.667403 77.669197 0.000204 77.733615 0.000053 77.735098 0.000084 77.736356 0.000073 : 77.736867 ]
[77.737s][info][gc       ] [SYSINFO 7577 191 89 0 7042 0 20 0 0 5745 : - - - - - - - - : 0 7168 : 2.04 1.08 1.42 : 278178 4215400 : 0 0 : 22 0 : 1547 2 0 260 : - 7672803328 333475840 1439936512 5939011584 199507968 93806592 : 140688591 5042870 137010 0 0 0 : 77.737181 ]
[77.737s][info][gc       ] [HUGEPAGESTAT 0 0 0 - 20840 0 0 : 612352 0 0 : 77.737181 ]
[77.737s][info][gc       ] [OBJCREAT 166546820 25182 8841216 : 77.737232 ]
[77.737s][info][gc       ] [HMSV All : 0 0 50 0 0 0 0 0 : 4986 0 0 0 : 77.737251 ]
[77.737s][info][gc       ] [HMSP 9 : 41100 0 : 77.737251 ]
[77.738s][info][gc       ] [VMAC 65530 166 24 430 620 : 77.737797 ]
[77.980s][info][gc       ] [GPGC-H  2711.9 445.1 0.5 0.0 : 51.3 : 0.000 0.000 : 0.000 0.000 0.689 1.932 : 0.000 0.000 0.000 0.000 1.718 0.819 : 0.000 : 77.343 : 786 1786 26 0 : 2266 : 4608 4424 : 77.979795 : 9 Next_heuristic_check_may_be_too_late ]
[77.982s][info][safepoint] Application time: 0.2455368 seconds
[77.983s][info][safepoint] Total time for which application threads were stopped: 0.0003558 seconds, Stopping threads took: 0.0000005 seconds
[77.983s][info][gc       ] [SPS 0.000 0.004 0.003 0.008 0.000 0.001 0.000 0.310 0.036 0.356 NewGC_pause1 77.982446 ]
[78.054s][info][safepoint] Application time: 0.0712865 seconds
[78.055s][info][safepoint] Total time for which application threads were stopped: 0.0001771 seconds, Stopping threads took: 0.0000005 seconds
[78.055s][info][gc       ] [SPS 0.000 0.001 0.000 0.008 0.001 0.001 0.001 0.141 0.026 0.177 NewGC_pause2 78.053910 ]
[78.056s][info][safepoint] Application time: 0.0021632 seconds
[78.057s][info][safepoint] Total time for which application threads were stopped: 0.0002082 seconds, Stopping threads took: 0.0000005 seconds
[78.057s][info][gc       ] [SPS 0.000 0.000 0.000 0.007 0.000 0.001 0.000 0.159 0.040 0.208 NewGC_pause3 78.056282 ]
[78.057s][info][safepoint] Application time: 0.0010255 seconds
[78.058s][info][safepoint] Total time for which application threads were stopped: 0.0001637 seconds, Stopping threads took: 0.0000005 seconds
[78.058s][info][gc       ] [SPS 0.000 0.002 0.002 0.007 0.001 0.001 0.000 0.122 0.034 0.164 NewGC_pause4 78.057471 ]
[78.058s][info][gc       ] [GC New Max 203-190 : 5120 2928 2136 5120 - - 1046 56 2 2 - : 140 1786 26 184 932 : 140 2 794 794 0 : 0 0 70 0 70 - 0 : 0.243586 2652.0 0.0 0.077310 1888.5 0.0 : 3 --c 0000 : 23 0 0.000 0.000 0 0.000 0.000 0 0.000 0.000 : 77.980453 77.982090 0.000272 78.053733 0.000081 78.056073 0.000120 78.057307 0.000061 : 78.057763 ]
[78.058s][info][gc       ] [SYSINFO 7577 191 89 0 7042 0 20 0 0 5745 : - - - - - - - - : 0 7168 : 2.04 1.08 1.42 : 278178 4215400 : 0 0 : 22 0 : 1547 3 0 260 : - 7672803328 333475840 1439936512 5939011584 199507968 93806592 : 140688591 5043380 137080 0 0 0 : 78.058090 ]
[78.058s][info][gc       ] [HUGEPAGESTAT 0 0 0 - 20840 0 0 : 612352 0 0 : 78.058090 ]
[78.058s][info][gc       ] [OBJCREAT 167332513 25182 8841216 : 78.058141 ]
[78.058s][info][gc       ] [HMSV All : 0 0 50 0 0 0 0 0 : 4986 0 0 0 : 78.058175 ]
[78.058s][info][gc       ] [HMSP 9 : 41100 0 : 78.058175 ]
[78.059s][info][gc       ] [VMAC 65530 166 24 430 620 : 78.058752 ]
[78.300s][info][gc       ] [GPGC-H  2711.9 445.1 0.5 0.0 : 51.3 : 0.000 0.000 : 0.000 0.000 0.680 1.932 : 0.000 0.000 0.000 0.000 1.695 0.819 : 0.000 : 76.559 : 792 1786 26 0 : 2266 : 4608 4424 : 78.300005 : 9 Next_heuristic_check_may_be_too_late ]
[78.302s][info][safepoint] Application time: 0.2447983 seconds
[78.303s][info][safepoint] Total time for which application threads were stopped: 0.0002291 seconds, Stopping threads took: 0.0000005 seconds
[78.304s][info][gc       ] [SPS 0.000 0.003 0.002 0.007 0.001 0.001 0.001 0.196 0.024 0.229 NewGC_pause1 78.302499 ]
[78.369s][info][safepoint] Application time: 0.0665952 seconds
[78.370s][info][safepoint] Total time for which application threads were stopped: 0.0003480 seconds, Stopping threads took: 0.0000005 seconds
[78.370s][info][gc       ] [SPS 0.000 0.001 0.000 0.008 0.001 0.001 0.000 0.311 0.024 0.345 NewGC_pause2 78.369442 ]
[78.372s][info][safepoint] Application time: 0.0022368 seconds
[78.372s][info][safepoint] Total time for which application threads were stopped: 0.0001626 seconds, Stopping threads took: 0.0000005 seconds
[78.372s][info][gc       ] [SPS 0.000 0.000 0.000 0.007 0.000 0.001 0.000 0.109 0.045 0.163 NewGC_pause3 78.371842 ]
[78.373s][info][safepoint] Application time: 0.0010696 seconds
[78.373s][info][safepoint] Total time for which application threads were stopped: 0.0001596 seconds, Stopping threads took: 0.0000005 seconds
[78.374s][info][gc       ] [SPS 0.000 0.002 0.002 0.007 0.000 0.001 0.000 0.104 0.046 0.160 NewGC_pause4 78.373071 ]
[78.374s][info][gc       ] [GC New Max 204-191 : 5120 2950 2158 5120 - - 1046 56 2 2 - : 162 1786 26 184 954 : 158 4 795 795 0 : 0 1 79 0 81 - 0 : 0.242793 2685.4 0.0 0.072908 2249.4 0.0 : 3 --c 0000 : 23 0 0.000 0.000 0 0.000 0.000 0 0.000 0.000 : 78.300556 78.302269 0.000151 78.369097 0.000220 78.371679 0.000070 78.372911 0.000070 : 78.373464 ]
[78.374s][info][gc       ] [SYSINFO 7577 191 89 0 7042 0 20 0 0 5745 : - - - - - - - - : 0 7168 : 2.04 1.08 1.42 : 278178 4215400 : 0 0 : 22 0 : 1547 2 0 260 : - 7672803328 333475840 1439936512 5939011584 199507968 93806592 : 140688591 5043870 137220 0 0 0 : 78.373717 ]
[78.374s][info][gc       ] [HUGEPAGESTAT 0 0 0 - 20840 0 0 : 612352 0 0 : 78.373717 ]
[78.374s][info][gc       ] [OBJCREAT 168140340 25182 8841216 : 78.373765 ]
[78.374s][info][gc       ] [HMSV All : 0 0 50 0 0 0 0 0 : 4986 0 0 0 : 78.373782 ]
[78.374s][info][gc       ] [HMSP 9 : 41100 0 : 78.373782 ]
[78.374s][info][gc       ] [VMAC 65530 166 24 430 620 : 78.374428 ]
[78.637s][info][gc       ] [GPGC-H  2711.9 445.1 0.5 0.0 : 51.3 : 0.000 0.000 : 0.000 0.000 0.672 1.932 : 0.000 0.000 0.000 0.000 1.673 0.819 : 0.000 : 75.785 : 786 1786 26 0 : 2266 : 4608 4424 : 78.636509 : 9 Next_heuristic_check_may_be_too_late ]
[78.639s][info][safepoint] Application time: 0.2655245 seconds
[78.639s][info][safepoint] Total time for which application threads were stopped: 0.0003292 seconds, Stopping threads took: 0.0000006 seconds
[78.640s][info][gc       ] [SPS 0.000 0.005 0.003 0.010 0.001 0.001 0.001 0.289 0.028 0.329 NewGC_pause1 78.638925 ]
[78.703s][info][safepoint] Application time: 0.0637734 seconds
[78.703s][info][safepoint] Total time for which application threads were stopped: 0.0002058 seconds, Stopping threads took: 0.0000005 seconds
[78.704s][info][gc       ] [SPS 0.000 0.001 0.000 0.008 0.000 0.001 0.000 0.150 0.047 0.206 NewGC_pause2 78.702905 ]
[78.705s][info][safepoint] Application time: 0.0015375 seconds
[78.705s][info][safepoint] Total time for which application threads were stopped: 0.0001494 seconds, Stopping threads took: 0.0000005 seconds
[78.705s][info][gc       ] [SPS 0.000 0.000 0.000 0.008 0.000 0.001 0.000 0.111 0.029 0.150 NewGC_pause3 78.704591 ]
[78.706s][info][safepoint] Application time: 0.0013151 seconds
[78.706s][info][safepoint] Total time for which application threads were stopped: 0.0001473 seconds, Stopping threads took: 0.0000005 seconds
[78.707s][info][gc       ] [SPS 0.000 0.003 0.002 0.007 0.000 0.001 0.000 0.109 0.030 0.147 NewGC_pause4 78.706054 ]
[78.707s][info][gc       ] [GC New Max 205-192 : 5120 2940 2154 5120 - - 1046 56 2 2 - : 158 1786 26 184 944 : 154 4 789 789 0 : 0 1 77 0 79 - 0 : 0.263595 2374.9 0.0 0.069280 2280.6 0.0 : 3 --c 0000 : 23 0 0.000 0.000 0 0.000 0.000 0 0.000 0.000 : 78.637059 78.638596 0.000248 78.702703 0.000068 78.704442 0.000053 78.705907 0.000057 : 78.706340 ]
[78.707s][info][gc       ] [SYSINFO 7577 191 89 0 7042 0 20 0 0 5745 : - - - - - - - - : 0 7168 : 2.04 1.08 1.42 : 278178 4215400 : 0 0 : 22 0 : 1547 2 0 260 : - 7672803328 333475840 1439936512 5939011584 199507968 93806592 : 140688591 5044360 137260 0 0 0 : 78.706723 ]
[78.707s][info][gc       ] [HUGEPAGESTAT 0 0 0 - 20840 0 0 : 612352 0 0 : 78.706723 ]
[78.707s][info][gc       ] [OBJCREAT 168915198 25182 8841216 : 78.706805 ]
[78.707s][info][gc       ] [HMSV All : 0 0 50 0 0 0 0 0 : 4986 0 0 0 : 78.706834 ]
[78.707s][info][gc       ] [HMSP 9 : 41100 0 : 78.706834 ]
[78.707s][info][gc       ] [VMAC 65530 166 24 430 620 : 78.707445 ]
[78.950s][info][gc       ] [GPGC-H  2711.9 445.1 0.5 0.0 : 51.3 : 0.000 0.000 : 0.000 0.000 0.662 1.932 : 0.000 0.000 0.000 0.000 1.649 0.819 : 0.000 : 74.946 : 784 1786 26 0 : 2266 : 4608 4424 : 78.950127 : 9 Next_heuristic_check_may_be_too_late ]
[78.952s][info][safepoint] Application time: 0.2460376 seconds
[78.953s][info][safepoint] Total time for which application threads were stopped: 0.0003952 seconds, Stopping threads took: 0.0000006 seconds
[78.953s][info][gc       ] [SPS 0.000 0.003 0.003 0.007 0.001 0.001 0.000 0.358 0.028 0.395 NewGC_pause1 78.952487 ]
[79.018s][info][safepoint] Application time: 0.0657503 seconds
[79.019s][info][safepoint] Total time for which application threads were stopped: 0.0001624 seconds, Stopping threads took: 0.0000005 seconds
[79.019s][info][gc       ] [SPS 0.000 0.001 0.000 0.007 0.000 0.001 0.000 0.130 0.024 0.163 NewGC_pause2 79.018400 ]
[79.021s][info][safepoint] Application time: 0.0018963 seconds
[79.021s][info][safepoint] Total time for which application threads were stopped: 0.0002580 seconds, Stopping threads took: 0.0000005 seconds
[79.021s][info][gc       ] [SPS 0.000 0.000 0.000 0.007 0.001 0.001 0.000 0.190 0.059 0.258 NewGC_pause3 79.020554 ]
[79.022s][info][safepoint] Application time: 0.0010048 seconds
[79.022s][info][safepoint] Total time for which application threads were stopped: 0.0001707 seconds, Stopping threads took: 0.0000005 seconds
[79.023s][info][gc       ] [SPS 0.000 0.002 0.002 0.007 0.000 0.001 0.000 0.141 0.022 0.171 NewGC_pause4 79.021730 ]
[79.023s][info][gc       ] [GC New Max 206-193 : 5120 2924 2140 5120 - - 1046 56 2 2 - : 144 1786 26 184 928 : 140 4 787 787 0 : 0 1 70 0 72 - 0 : 0.244246 2563.0 0.0 0.071478 2042.6 0.0 : 3 --c 0000 : 23 0 0.000 0.000 0 0.000 0.000 0 0.000 0.000 : 78.950586 78.952092 0.000299 79.018237 0.000072 79.020296 0.000152 79.021559 0.000133 : 79.022064 ]
[79.023s][info][gc       ] [SYSINFO 7577 191 89 0 7042 0 20 0 0 5745 : - - - - - - - - : 0 7168 : 2.04 1.08 1.42 : 278178 4215400 : 0 0 : 22 0 : 1547 2 0 260 : - 7672803328 333475840 1439936512 5939011584 199507968 93806592 : 140688591 5044860 137330 0 0 0 : 79.022591 ]
[79.023s][info][gc       ] [HUGEPAGESTAT 0 0 0 - 20840 0 0 : 612352 0 0 : 79.022591 ]
[79.023s][info][gc       ] [OBJCREAT 169682228 25182 8841216 : 79.022669 ]
[79.023s][info][gc       ] [HMSV All : 0 0 50 0 0 0 0 0 : 4986 0 0 0 : 79.022692 ]
[79.023s][info][gc       ] [HMSP 9 : 41100 0 : 79.022692 ]
[79.023s][info][gc       ] [VMAC 65530 166 24 430 620 : 79.023262 ]
[79.245s][info][gc       ] [GPGC-H  2711.9 445.1 0.5 0.0 : 51.3 : 0.000 0.000 : 0.000 0.000 0.654 1.932 : 0.000 0.000 0.000 0.000 1.628 0.819 : 0.000 : 74.188 : 766 1786 26 0 : 2266 : 4608 4424 : 79.245363 : 9 Next_heuristic_check_may_be_too_late ]
[79.248s][info][safepoint] Application time: 0.2258465 seconds
[79.248s][info][safepoint] Total time for which application threads were stopped: 0.0002731 seconds, Stopping threads took: 0.0000005 seconds
[79.249s][info][gc       ] [SPS 0.000 0.003 0.003 0.008 0.001 0.001 0.000 0.235 0.028 0.273 NewGC_pause1 79.247850 ]
[79.309s][info][safepoint] Application time: 0.0609921 seconds
[79.309s][info][safepoint] Total time for which application threads were stopped: 0.0000935 seconds, Stopping threads took: 0.0000006 seconds
[79.310s][info][gc       ] [SPS 0.000 0.001 0.000 0.008 0.001 0.001 0.000 0.050 0.034 0.093 NewGC_pause2 79.308935 ]
[79.311s][info][safepoint] Application time: 0.0017457 seconds
[79.311s][info][safepoint] Total time for which application threads were stopped: 0.0000880 seconds, Stopping threads took: 0.0000005 seconds
[79.311s][info][gc       ] [SPS 0.000 0.000 0.000 0.007 0.000 0.001 0.000 0.063 0.016 0.088 NewGC_pause3 79.310769 ]
[79.312s][info][safepoint] Application time: 0.0009544 seconds
[79.312s][info][safepoint] Total time for which application threads were stopped: 0.0001257 seconds, Stopping threads took: 0.0000005 seconds
[79.312s][info][gc       ] [SPS 0.000 0.002 0.002 0.007 0.001 0.001 0.000 0.099 0.018 0.126 NewGC_pause4 79.311849 ]
[79.312s][info][gc       ] [GC New Max 207-194 : 5120 2904 2138 5120 - - 1046 56 2 2 - : 142 1786 26 184 908 : 138 4 768 768 0 : 0 1 69 0 71 - 0 : 0.223805 2779.2 0.0 0.066254 2173.4 0.0 : 3 --c 0000 : 23 0 0.000 0.000 0 0.000 0.000 0 0.000 0.000 : 79.245869 79.247577 0.000189 79.308842 0.000054 79.310681 0.000065 79.311724 0.000102 : 79.312123 ]
[79.312s][info][gc       ] [SYSINFO 7577 191 89 0 7042 0 20 0 0 5745 : - - - - - - - - : 0 7168 : 1.95 1.08 1.41 : 278178 4215400 : 0 0 : 22 0 : 1547 2 0 260 : - 7672803328 333475840 1439936512 5939011584 199507968 93806592 : 140688591 5045280 137400 0 0 0 : 79.312453 ]
[79.313s][info][gc       ] [HUGEPAGESTAT 0 0 0 - 20840 0 0 : 612352 0 0 : 79.312453 ]
[79.313s][info][gc       ] [OBJCREAT 170437861 25182 8841216 : 79.312523 ]
[79.313s][info][gc       ] [HMSV All : 0 0 50 0 0 0 0 0 : 4986 0 0 0 : 79.312539 ]
[79.313s][info][gc       ] [HMSP 9 : 41100 0 : 79.312539 ]
[79.313s][info][gc       ] [VMAC 65530 166 24 430 620 : 79.313111 ]
[79.555s][info][gc       ] [GPGC-H  2711.9 405.7 0.4 0.0 : 46.7 : 0.000 0.000 : 0.000 0.000 0.646 1.932 : 0.000 0.000 0.000 0.000 1.608 0.819 : 0.000 : 73.505 : 770 1786 26 0 : 2266 : 4608 4424 : 79.555295 : 9 Next_heuristic_check_may_be_too_late ]
[79.559s][info][safepoint] Application time: 0.2465304 seconds
[79.559s][info][safepoint] Total time for which application threads were stopped: 0.0002381 seconds, Stopping threads took: 0.0000007 seconds
[79.560s][info][gc       ] [SPS 0.000 0.004 0.004 0.010 0.001 0.001 0.001 0.200 0.026 0.238 NewGC_pause1 79.558618 ]
[79.619s][info][safepoint] Application time: 0.0605406 seconds
[79.620s][info][safepoint] Total time for which application threads were stopped: 0.0002054 seconds, Stopping threads took: 0.0000007 seconds
[79.620s][info][gc       ] [SPS 0.013 0.006 0.000 0.010 0.001 0.001 0.001 0.169 0.024 0.205 NewGC_pause2 79.619364 ]
[79.622s][info][safepoint] Application time: 0.0020509 seconds
[79.622s][info][safepoint] Total time for which application threads were stopped: 0.0001449 seconds, Stopping threads took: 0.0000005 seconds
[79.622s][info][gc       ] [SPS 0.000 0.000 0.000 0.007 0.000 0.001 0.000 0.109 0.027 0.145 NewGC_pause3 79.621560 ]
[79.623s][info][safepoint] Application time: 0.0011529 seconds
[79.623s][info][safepoint] Total time for which application threads were stopped: 0.0001847 seconds, Stopping threads took: 0.0000005 seconds
[79.624s][info][gc       ] [GC New Max 208-195 : 5120 2916 2142 5120 - - 1046 56 2 2 - : 146 1786 26 184 920 : 142 4 777 777 0 : 0 1 71 0 73 - 0 : 0.244047 2581.5 0.0 0.067123 2234.7 0.0 : 3 --c 0000 : 23 0 0.000 0.000 0 0.000 0.000 0 0.000 0.000 : 79.556170 79.558380 0.000170 79.619159 0.000123 79.621415 0.000068 79.622713 0.000083 : 79.623294 ]
[79.624s][info][gc       ] [SYSINFO 7577 191 89 0 7042 0 20 0 0 5745 : - - - - - - - - : 0 7168 : 1.95 1.08 1.41 : 278178 4215400 : 0 0 : 22 0 : 1547 2 0 260 : - 7672803328 333475840 1439936512 5939011584 199507968 93806592 : 140688591 5045750 137500 0 0 0 : 79.623594 ]
[79.624s][info][gc       ] [HUGEPAGESTAT 0 0 0 - 20840 0 0 : 612352 0 0 : 79.623594 ]
[79.624s][info][gc       ] [OBJCREAT 171212147 25182 8841216 : 79.623657 ]
[79.624s][info][gc       ] [HMSV All : 0 0 50 0 0 0 0 0 : 4986 0 0 0 : 79.623676 ]
[79.624s][info][gc       ] [HMSP 9 : 41100 0 : 79.623676 ]
[79.624s][info][gc       ] [SPS 0.000 0.002 0.002 0.007 0.001 0.001 0.000 0.151 0.025 0.185 NewGC_pause4 79.622898 ]
[79.624s][info][gc       ] [VMAC 65530 166 24 430 620 : 79.624325 ]
[79.866s][info][gc       ] [GPGC-H  2686.9 405.7 0.4 0.0 : 46.7 : 0.000 0.000 : 0.000 0.000 0.638 1.932 : 0.000 0.000 0.000 0.000 1.587 0.819 : 0.000 : 72.763 : 796 1786 26 0 : 2266 : 4608 4424 : 79.866297 : 9 Next_heuristic_check_may_be_too_late ]
[79.870s][info][safepoint] Application time: 0.2459901 seconds
[79.870s][info][safepoint] Total time for which application threads were stopped: 0.0007558 seconds, Stopping threads took: 0.0000008 seconds
[79.871s][info][gc       ] [SPS 0.000 0.004 0.005 0.012 0.001 0.001 0.001 0.675 0.066 0.756 NewGC_pause1 79.869644 ]
[79.936s][info][safepoint] Application time: 0.0660339 seconds
[79.936s][info][safepoint] Total time for which application threads were stopped: 0.0001795 seconds, Stopping threads took: 0.0000005 seconds
[79.937s][info][gc       ] [SPS 0.000 0.001 0.000 0.007 0.000 0.001 0.000 0.147 0.024 0.180 NewGC_pause2 79.935858 ]
[79.938s][info][safepoint] Application time: 0.0019724 seconds
[79.938s][info][safepoint] Total time for which application threads were stopped: 0.0001513 seconds, Stopping threads took: 0.0000005 seconds
[79.939s][info][gc       ] [SPS 0.000 0.000 0.000 0.007 0.000 0.001 0.000 0.115 0.027 0.151 NewGC_pause3 79.937982 ]
[79.939s][info][safepoint] Application time: 0.0011118 seconds
[79.940s][info][safepoint] Total time for which application threads were stopped: 0.0002218 seconds, Stopping threads took: 0.0000005 seconds
[79.940s][info][gc       ] [GC New Max 209-196 : 5120 2936 2138 5120 - - 1046 56 2 2 - : 142 1786 26 184 940 : 138 4 801 801 0 : 0 1 69 0 71 - 0 : 0.243599 2676.5 0.0 0.072658 1981.9 0.0 : 3 --c 0000 : 23 0 0.000 0.000 0 0.000 0.000 0 0.000 0.000 : 79.866893 79.868888 0.000632 79.935678 0.000114 79.937830 0.000070 79.939093 0.000117 : 79.939551 ]
[79.940s][info][gc       ] [SYSINFO 7577 191 89 0 7042 0 20 0 0 5745 : - - - - - - - - : 0 7168 : 1.95 1.08 1.41 : 278178 4215400 : 0 0 : 22 0 : 1547 2 0 260 : - 7672803328 333475840 1439936512 5939011584 199507968 93806592 : 140688591 5046250 137540 0 0 0 : 79.939819 ]
[79.940s][info][gc       ] [HUGEPAGESTAT 0 0 0 - 20840 0 0 : 612352 0 0 : 79.939819 ]
[79.940s][info][gc       ] [OBJCREAT 172000531 25182 8841216 : 79.939870 ]
[79.940s][info][gc       ] [HMSV All : 0 0 50 0 0 0 0 0 : 4986 0 0 0 : 79.939887 ]
[79.940s][info][gc       ] [HMSP 9 : 41100 0 : 79.939887 ]
[79.940s][info][gc       ] [SPS 0.000 0.002 0.002 0.007 0.001 0.001 0.000 0.164 0.049 0.222 NewGC_pause4 79.939315 ]
[79.940s][info][gc       ] [VMAC 65530 166 24 430 620 : 79.940427 ]
[80.202s][info][gc       ] [GPGC-H  2686.9 405.7 0.4 0.0 : 46.7 : 0.000 0.000 : 0.000 0.000 0.630 1.932 : 0.000 0.000 0.000 0.000 1.567 0.819 : 0.000 : 72.041 : 802 1786 26 0 : 2266 : 4608 4424 : 80.202246 : 9 Next_heuristic_check_may_be_too_late ]
[80.205s][info][safepoint] Application time: 0.2653731 seconds
[80.206s][info][safepoint] Total time for which application threads were stopped: 0.0002440 seconds, Stopping threads took: 0.0000005 seconds
[80.206s][info][gc       ] [SPS 0.000 0.003 0.005 0.008 0.001 0.001 0.000 0.187 0.048 0.244 NewGC_pause1 80.204933 ]
[80.262s][info][safepoint] Application time: 0.0565756 seconds
[80.262s][info][safepoint] Total time for which application threads were stopped: 0.0001873 seconds, Stopping threads took: 0.0000005 seconds
[80.262s][info][gc       ] [SPS 0.000 0.001 0.000 0.007 0.000 0.001 0.000 0.154 0.025 0.187 NewGC_pause2 80.261696 ]
[80.264s][info][safepoint] Application time: 0.0020307 seconds
[80.264s][info][safepoint] Total time for which application threads were stopped: 0.0001678 seconds, Stopping threads took: 0.0000005 seconds
[80.264s][info][gc       ] [SPS 0.000 0.000 0.000 0.007 0.000 0.001 0.000 0.132 0.027 0.168 NewGC_pause3 80.263894 ]
[80.265s][info][safepoint] Application time: 0.0012385 seconds
[80.266s][info][safepoint] Total time for which application threads were stopped: 0.0001812 seconds, Stopping threads took: 0.0000005 seconds
[80.266s][info][gc       ] [SPS 0.000 0.002 0.002 0.007 0.000 0.001 0.000 0.111 0.061 0.181 NewGC_pause4 80.265314 ]
[80.266s][info][gc       ] [GC New Max 210-197 : 5120 2966 2162 5120 - - 1046 56 2 2 - : 166 1786 26 184 970 : 164 2 806 806 0 : 0 0 82 0 83 - 0 : 0.263263 2507.0 0.0 0.062785 2707.7 0.0 : 3 --c 0000 : 23 0 0.000 0.000 0 0.000 0.000 0 0.000 0.000 : 80.202814 80.204689 0.000145 80.261508 0.000123 80.263726 0.000099 80.265133 0.000062 : 80.265599 ]
[80.266s][info][gc       ] [SYSINFO 7577 191 89 0 7042 0 20 0 0 5745 : - - - - - - - - : 0 7168 : 1.95 1.08 1.41 : 278178 4215400 : 0 0 : 22 0 : 1547 2 0 260 : - 7672803328 333475840 1439936512 5939011584 199507968 93806592 : 140688591 5046730 137540 0 0 0 : 80.265942 ]
[80.266s][info][gc       ] [HUGEPAGESTAT 0 0 0 - 20840 0 0 : 612352 0 0 : 80.265942 ]
[80.266s][info][gc       ] [OBJCREAT 172820353 25182 8841216 : 80.266022 ]
[80.266s][info][gc       ] [HMSV All : 0 0 50 0 0 0 0 0 : 4986 0 0 0 : 80.266046 ]
[80.266s][info][gc       ] [HMSP 9 : 41100 0 : 80.266046 ]
[80.267s][info][gc       ] [VMAC 65530 166 24 430 620 : 80.266595 ]
[80.509s][info][gc       ] [GPGC-H  2686.9 405.7 0.4 0.0 : 46.7 : 0.000 0.000 : 0.000 0.000 0.621 1.932 : 0.000 0.000 0.000 0.000 1.546 0.819 : 0.000 : 71.252 : 790 1786 26 0 : 2266 : 4608 4424 : 80.509222 : 9 Next_heuristic_check_may_be_too_late ]
[80.512s][info][safepoint] Application time: 0.2460402 seconds
[80.512s][info][safepoint] Total time for which application threads were stopped: 0.0002179 seconds, Stopping threads took: 0.0000005 seconds
[80.513s][info][gc       ] [SPS 0.000 0.003 0.002 0.007 0.001 0.001 0.000 0.181 0.028 0.218 NewGC_pause1 80.511573 ]
[80.573s][info][safepoint] Application time: 0.0614961 seconds
[80.574s][info][safepoint] Total time for which application threads were stopped: 0.0001623 seconds, Stopping threads took: 0.0000005 seconds
[80.574s][info][gc       ] [SPS 0.000 0.001 0.000 0.007 0.000 0.001 0.000 0.130 0.024 0.163 NewGC_pause2 80.573231 ]
[80.575s][info][safepoint] Application time: 0.0017723 seconds
[80.576s][info][safepoint] Total time for which application threads were stopped: 0.0001469 seconds, Stopping threads took: 0.0000005 seconds
[80.576s][info][gc       ] [SPS 0.000 0.000 0.000 0.007 0.000 0.001 0.000 0.112 0.027 0.147 NewGC_pause3 80.575150 ]
[80.577s][info][safepoint] Application time: 0.0012556 seconds
[80.577s][info][safepoint] Total time for which application threads were stopped: 0.0001594 seconds, Stopping threads took: 0.0000005 seconds
[80.577s][info][gc       ] [GC New Max 211-198 : 5120 2934 2144 5120 - - 1046 56 2 2 - : 148 1786 26 184 938 : 146 4 793 793 0 : 0 1 73 0 74 - 0 : 0.244149 2555.8 0.0 0.067030 2237.8 0.0 : 3 --c 0000 : 23 0 0.000 0.000 0 0.000 0.000 0 0.000 0.000 : 80.509748 80.511355 0.000110 80.573069 0.000070 80.575003 0.000066 80.576406 0.000065 : 80.576778 ]
[80.577s][info][gc       ] [SYSINFO 7577 191 89 0 7042 0 20 0 0 5745 : - - - - - - - - : 0 7168 : 1.95 1.08 1.41 : 278178 4215400 : 0 0 : 22 0 : 1547 3 0 260 : - 7672803328 333475840 1439936512 5939011584 199507968 93806592 : 140688591 5047210 137600 0 0 0 : 80.577041 ]
[80.577s][info][gc       ] [HUGEPAGESTAT 0 0 0 - 20840 0 0 : 612352 0 0 : 80.577041 ]
[80.577s][info][gc       ] [OBJCREAT 173588980 25182 8841216 : 80.577091 ]
[80.577s][info][gc       ] [HMSV All : 0 0 50 0 0 0 0 0 : 4986 0 0 0 : 80.577108 ]
[80.577s][info][gc       ] [HMSP 9 : 41100 0 : 80.577108 ]
[80.577s][info][gc       ] [SPS 0.000 0.003 0.002 0.007 0.000 0.001 0.000 0.121 0.030 0.160 NewGC_pause4 80.576566 ]
[80.578s][info][gc       ] [VMAC 65530 166 24 430 620 : 80.577643 ]
[80.819s][info][gc       ] [GPGC-H  2686.9 405.7 0.4 0.0 : 46.7 : 0.000 0.000 : 0.000 0.000 0.613 1.932 : 0.000 0.000 0.000 0.000 1.526 0.819 : 0.000 : 70.542 : 792 1786 28 0 : 2267 : 4608 4424 : 80.819412 : 9 Next_heuristic_check_may_be_too_late ]
[80.822s][info][safepoint] Application time: 0.2450532 seconds
[80.822s][info][safepoint] Total time for which application threads were stopped: 0.0003197 seconds, Stopping threads took: 0.0000005 seconds
[80.823s][info][gc       ] [SPS 0.000 0.003 0.002 0.007 0.001 0.001 0.000 0.265 0.046 0.320 NewGC_pause1 80.821939 ]
[80.902s][info][safepoint] Application time: 0.0799776 seconds
[80.903s][info][safepoint] Total time for which application threads were stopped: 0.0002139 seconds, Stopping threads took: 0.0000005 seconds
[80.903s][info][gc       ] [SPS 0.000 0.001 0.000 0.008 0.001 0.001 0.000 0.179 0.025 0.214 NewGC_pause2 80.902130 ]
[80.904s][info][safepoint] Application time: 0.0018919 seconds
[80.905s][info][safepoint] Total time for which application threads were stopped: 0.0001701 seconds, Stopping threads took: 0.0000007 seconds
[80.905s][info][gc       ] [SPS 0.000 0.001 0.000 0.011 0.001 0.001 0.000 0.117 0.040 0.170 NewGC_pause3 80.904193 ]
[80.906s][info][safepoint] Application time: 0.0012440 seconds
[80.906s][info][safepoint] Total time for which application threads were stopped: 0.0001523 seconds, Stopping threads took: 0.0000005 seconds
[80.906s][info][gc       ] [GC New Max 212-199 : 5120 3392 2610 5120 - - 1046 56 2 2 - : 612 1786 28 184 1394 : 600 15 794 794 0 : 0 2 300 0 254 - 52 : 0.243174 2648.3 8.2 0.085878 7126.4 0.0 : 3 --c 0000 : 23 0 0.000 0.000 0 0.000 0.000 0 0.000 0.000 : 80.819952 80.821619 0.000219 80.901917 0.000082 80.904022 0.000060 80.905437 0.000061 : 80.905830 ]
[80.906s][info][gc       ] [SYSINFO 7577 191 89 0 7042 0 20 0 0 5745 : - - - - - - - - : 0 7168 : 1.95 1.08 1.41 : 278178 4215400 : 0 0 : 22 0 : 1547 3 0 260 : - 7672803328 333475840 1439936512 5939011584 199507968 93806592 : 140688591 5047750 137670 0 0 0 : 80.906130 ]
[80.906s][info][gc       ] [HUGEPAGESTAT 0 0 0 - 20840 0 0 : 612352 0 0 : 80.906130 ]
[80.906s][info][gc       ] [OBJCREAT 174825853 25182 8841216 : 80.906188 ]
[80.906s][info][gc       ] [HMSV All : 0 0 57 0 0 0 0 0 : 4986 0 0 0 : 80.906206 ]
[80.906s][info][gc       ] [HMSP 9 : 41100 0 : 80.906206 ]
[80.907s][info][gc       ] [VMAC 65530 166 24 430 620 : 80.906739 ]
[80.906s][info][gc       ] [SPS 0.000 0.003 0.002 0.007 0.001 0.001 0.000 0.108 0.036 0.152 NewGC_pause4 80.905589 ]
[81.068s][info][gc       ] [GPGC-H  2686.9 405.7 0.4 0.0 : 46.7 : 0.000 0.000 : 0.000 0.000 0.605 1.932 : 0.000 0.000 0.000 0.000 1.505 0.819 : 0.000 : 69.871 : 1260 1786 28 0 : 2267 : 4608 4424 : 81.068145 : 9 Next_heuristic_check_may_be_too_late ]
[81.071s][info][safepoint] Application time: 0.1654330 seconds
[81.072s][info][safepoint] Total time for which application threads were stopped: 0.0002565 seconds, Stopping threads took: 0.0000005 seconds
[81.072s][info][gc       ] [SPS 0.000 0.003 0.003 0.008 0.001 0.001 0.000 0.222 0.025 0.257 NewGC_pause1 81.071279 ]
[81.519s][info][safepoint] Application time: 0.4472760 seconds
[81.519s][info][safepoint] Total time for which application threads were stopped: 0.0001862 seconds, Stopping threads took: 0.0000005 seconds
[81.519s][info][gc       ] [SPS 0.000 0.001 0.000 0.008 0.000 0.001 0.000 0.152 0.025 0.186 NewGC_pause2 81.518741 ]
[81.521s][info][safepoint] Application time: 0.0017328 seconds
[81.521s][info][safepoint] Total time for which application threads were stopped: 0.0002015 seconds, Stopping threads took: 0.0000006 seconds
[81.521s][info][gc       ] [SPS 0.000 0.000 0.000 0.009 0.001 0.001 0.000 0.145 0.046 0.202 NewGC_pause3 81.520676 ]
[81.522s][info][safepoint] Application time: 0.0014067 seconds
[81.523s][info][safepoint] Total time for which application threads were stopped: 0.0001974 seconds, Stopping threads took: 0.0000004 seconds
[81.523s][info][gc       ] [SPS 0.000 0.014 0.002 0.007 0.000 0.001 0.000 0.137 0.052 0.198 NewGC_pause4 81.522280 ]
[81.523s][info][gc       ] [GC New Max 213-200 : 5120 4172 4066 5120 - - 1046 56 2 2 - : 2068 1786 28 184 2174 : 2052 12 113 113 0 : 0 2 457 0 917 - 117 : 0.162816 3980.0 0.0 0.454245 2020.9 0.0 : 3 --c 0000 : 23 0 0.000 0.000 0 0.000 0.000 0 0.000 0.000 : 81.068646 81.071022 0.000187 81.518555 0.000100 81.520474 0.000082 81.522082 0.000090 : 81.522892 ]
[81.523s][info][gc       ] [SYSINFO 7577 191 89 0 7042 0 20 0 0 5745 : - - - - - - - - : 0 7168 : 1.95 1.08 1.41 : 278178 4215400 : 0 0 : 22 0 : 1547 2 0 260 : - 7672803328 333475840 1439936512 5939011584 199507968 93806592 : 140688591 5049670 137800 0 0 0 : 81.523294 ]
[81.523s][info][gc       ] [HUGEPAGESTAT 0 0 0 - 20840 0 0 : 612352 0 0 : 81.523294 ]
[81.523s][info][gc       ] [OBJCREAT 176380333 25182 8841216 : 81.523388 ]
[81.523s][info][gc       ] [HMSV All : 0 0 60 0 0 0 0 0 : 4986 0 0 0 : 81.523412 ]
[81.523s][info][gc       ] [HMSP 9 : 41100 0 : 81.523412 ]
[81.524s][info][gc       ] [VMAC 65530 166 24 430 620 : 81.523988 ]
[81.585s][info][gc       ] [GPGC-H  2686.9 369.7 0.4 0.0 : 42.6 : 0.000 0.000 : 0.000 0.000 0.601 1.932 : 0.000 0.000 0.000 0.000 1.474 0.819 : 0.000 : 73.614 : 2240 1786 28 0 : 2267 : 4608 4424 : 81.584675 : 9 Next_heuristic_check_may_be_too_late ]
[81.588s][info][safepoint] Application time: 0.0653546 seconds
[81.588s][info][safepoint] Total time for which application threads were stopped: 0.0002070 seconds, Stopping threads took: 0.0000005 seconds
[81.589s][info][gc       ] [SPS 0.000 0.002 0.002 0.007 0.000 0.001 0.000 0.173 0.025 0.207 NewGC_pause1 81.587842 ]
[82.226s][info][safepoint] Application time: 0.6378007 seconds
[82.226s][info][safepoint] Total time for which application threads were stopped: 0.0002269 seconds, Stopping threads took: 0.0000005 seconds
[82.227s][info][gc       ] [SPS 0.000 0.001 0.000 0.009 0.000 0.001 0.001 0.195 0.022 0.227 NewGC_pause2 82.225869 ]
[82.228s][info][safepoint] Application time: 0.0016225 seconds
[82.228s][info][safepoint] Total time for which application threads were stopped: 0.0001369 seconds, Stopping threads took: 0.0000005 seconds
[82.228s][info][gc       ] [SPS 0.000 0.000 0.000 0.006 0.000 0.001 0.000 0.123 0.007 0.137 NewGC_pause3 82.227629 ]
[82.256s][info][safepoint] Application time: 0.0277857 seconds
[82.256s][info][safepoint] Total time for which application threads were stopped: 0.0003223 seconds, Stopping threads took: 0.0000005 seconds
[82.256s][info][gc       ] [SPS 0.001 0.004 0.005 0.008 0.001 0.001 0.000 0.276 0.037 0.322 NewGC_pause4 82.255737 ]
[82.395s][info][gc       ] [GC New Max 214-201 : 5120 4922 4718 5120 - - 1046 56 2 2 - : 2720 1786 28 184 2924 : 2438 6 476 476 93 : 0 308 338 0 1305 - 55 : 0.062173 2798.6 0.0 0.810018 1064.2 0.0 : 3 --c 0000 : 23 8925 0.000 0.000 0 0.000 0.000 8925 0.000 0.000 : 81.585064 81.587634 0.000106 82.225643 0.000075 82.227492 0.000069 82.255415 0.000167 : 82.395082 ]
[82.395s][info][gc       ] [SYSINFO 7577 191 89 0 7042 0 20 0 0 5745 : - - - - - - - - : 0 7168 : 1.95 1.08 1.41 : 278178 4215400 : 0 0 : 22 0 : 1547 2 0 260 : - 7672803328 333475840 1439936512 5939011584 199507968 93806592 : 140688591 5052750 137960 0 0 0 : 82.395368 ]
[82.395s][info][gc       ] [HUGEPAGESTAT 0 0 0 - 20840 0 0 : 612352 0 0 : 82.395368 ]
[82.395s][info][gc       ] [OBJCREAT 177417279 25182 8841216 : 82.395423 ]
[82.395s][info][gc       ] [HMSV All : 0 0 60 0 0 0 0 0 : 4986 0 0 0 : 82.395441 ]
[82.395s][info][gc       ] [HMSP 9 : 41100 0 : 82.395441 ]
[82.396s][info][gc       ] [GPGC-H  2698.9 369.7 0.4 0.0 : 42.6 : 0.000 0.000 : 0.000 0.000 0.810 1.932 : 0.000 0.000 0.000 0.000 1.474 0.819 : 0.000 : 92.872 : 2726 1786 28 0 : 2267 : 4608 4424 : 82.396053 : 3 Heap_use_exceeded_committed ]
[82.396s][info][gc       ] [VMAC 65530 166 24 430 620 : 82.396098 ]
[82.402s][info][safepoint] Application time: 0.1460072 seconds
[82.402s][info][safepoint] Total time for which application threads were stopped: 0.0002395 seconds, Stopping threads took: 0.0000005 seconds
[82.403s][info][gc       ] [SPS 0.000 0.001 0.006 0.008 0.001 0.001 0.000 0.195 0.034 0.239 NewGC_pause1 82.401984 ]
[83.174s][info][safepoint] Application time: 0.7724187 seconds
[83.175s][info][safepoint] Total time for which application threads were stopped: 0.0000955 seconds, Stopping threads took: 0.0000005 seconds
[83.175s][info][gc       ] [SPS 0.000 0.001 0.000 0.007 0.000 0.001 0.000 0.082 0.005 0.095 NewGC_pause2 83.174498 ]
[83.176s][info][safepoint] Application time: 0.0012944 seconds
[83.176s][info][safepoint] Total time for which application threads were stopped: 0.0001340 seconds, Stopping threads took: 0.0000005 seconds
[83.176s][info][gc       ] [SPS 0.000 0.000 0.000 0.008 0.000 0.001 0.000 0.078 0.047 0.134 NewGC_pause3 83.175927 ]
[83.179s][info][safepoint] Application time: 0.0026520 seconds
[83.180s][info][safepoint] Total time for which application threads were stopped: 0.0007179 seconds, Stopping threads took: 0.0000005 seconds
[83.180s][info][gc       ] [SPS 0.000 0.001 0.000 0.008 0.001 0.001 0.000 0.690 0.019 0.718 OldGC_pause2 83.179297 ]
[83.182s][info][safepoint] Application time: 0.0029939 seconds
[83.183s][info][safepoint] Total time for which application threads were stopped: 0.0000960 seconds, Stopping threads took: 0.0000005 seconds
[83.183s][info][gc       ] [SPS 0.000 0.000 0.000 0.008 0.000 0.001 0.000 0.055 0.032 0.096 OldGC_pause3 83.182387 ]
[83.188s][info][safepoint] Application time: 0.0055550 seconds
[83.188s][info][safepoint] Total time for which application threads were stopped: 0.0000891 seconds, Stopping threads took: 0.0000005 seconds
[83.188s][info][gc       ] [SPS 0.000 4.374 0.003 0.007 0.001 0.001 0.000 0.061 0.019 0.089 NewGC_pause4 83.188031 ]
[83.213s][info][gc       ] [GC NTO Max 215-202 : 5120 4986 4194 5120 - - 1046 56 2 2 - : 2196 1786 28 184 2988 : 2019 8 961 961 0 : 0 53 127 0 1043 - 55 : 0.001294 4638.1 0.0 0.816125 428.9 0.0 : 3 --c 0000 : 23 7001 0.000 0.000 0 0.000 0.000 7001 0.000 0.000 : 82.396376 82.401744 0.000192 83.174403 0.000082 83.175793 0.000071 83.187942 0.000060 : 83.212501 ]
[83.213s][info][gc       ] [SYSINFO 7577 191 89 0 7042 0 20 0 0 5745 : - - - - - - - - : 0 7168 : 1.95 1.08 1.41 : 278178 4215400 : 0 0 : 22 0 : 1547 3 0 260 : - 7672803328 333475840 1439936512 5939011584 199507968 93806592 : 140688591 5055590 138000 0 0 0 : 83.212819 ]
[83.213s][info][gc       ] [HUGEPAGESTAT 0 0 0 - 20840 0 0 : 612352 0 0 : 83.212819 ]
[83.213s][info][gc       ] [OBJCREAT 177773331 25249 8841216 : 83.212887 ]
[83.213s][info][gc       ] [HMSV All : 0 0 60 0 0 0 0 0 : 4986 0 0 0 : 83.212910 ]
[83.213s][info][gc       ] [HMSP 9 : 41100 0 : 83.212910 ]
[83.214s][info][gc       ] [GPGC-H  2646.3 369.7 0.4 0.0 : 42.6 : 0.000 0.000 : 0.000 0.000 0.816 1.932 : 0.000 0.000 0.000 0.000 1.474 0.819 : 0.000 : 99.842 : 2198 1786 28 0 : 2267 : 4608 4424 : 83.213533 : 8 May_exceed_heap_occupancy_target ]
[83.214s][info][gc       ] [VMAC 65530 166 24 430 620 : 83.213688 ]
[83.218s][info][safepoint] Application time: 0.0303128 seconds
[83.219s][info][safepoint] Total time for which application threads were stopped: 0.0000839 seconds, Stopping threads took: 0.0000005 seconds
[83.219s][info][gc       ] [SPS 0.000 0.002 0.002 0.007 0.001 0.001 0.000 0.054 0.020 0.084 OldGC_pause4 83.218428 ]
[83.220s][info][gc       ] [GC Old Max 216-14 : 5120 4986 2434 5120 - - 1046 56 2 2 - : 2214 8 28 184 1816 : 26 7 1779 1779 0 : 0 4 0 0 18 - 0 : 11.679332 0.0 0.2 0.821722 0.0 0.0 : 1 --c 0000 : 23   -    -    -    -    -    -    -    -    -  : 82.398052 82.401744 0.000192 83.178579 0.000674 83.182291 0.000055 83.218344 0.000055 : 83.219774 ]
[83.220s][info][gc       ] [SYSINFO 7577 191 89 0 7042 0 20 0 0 5745 : - - - - - - - - : 0 7168 : 1.95 1.08 1.41 : 278178 4215400 : 0 0 : 22 0 : 1547 5 0 260 : - 7672803328 333475840 1439936512 5939011584 199507968 93806592 : 140688591 5055630 138010 0 0 0 : 83.220164 ]
[83.220s][info][gc       ] [HUGEPAGESTAT 0 0 0 - 20840 0 0 : 612352 0 0 : 83.220164 ]
[83.220s][info][gc       ] [OBJCREAT 177791171 25249 8841216 : 83.220294 ]
[83.220s][info][gc       ] [HMSV All : 0 0 60 0 0 0 0 0 : 4986 0 0 0 : 83.220325 ]
[83.220s][info][gc       ] [HMSP 9 : 41100 0 : 83.220325 ]
[83.220s][info][gc       ] [COMPSTATS 1 : 5 0 : 1 0 : 0 0 : 516 4 0 0 0 0 : 0 0 0 0 0 0 : 192 195 21 : 520 0 0 0 0 0 0 : 520 0 0 0 0 0 0 ]
[83.220s][info][gc       ] [COMPSTATS 2 : 5 0 : 1 0 : 0 0 : 133 9 0 0 0 0 : 0 0 0 0 0 0 : 62012 62071 10930 : 76 38 28 0 0 0 0 : 17 102 17 3 3 0 0 ]
[83.220s][info][gc       ] [DEOPTSTATS 1 : 1 0 : 0 0 : 0 0 : 0 0 : 0 12 : 0 0 : 0 0 : 0 0 : 0 0 : 0 0 : 0 0 : 0 0 : 0 0 : 0 0 : 0 0 : 0 0 : 0 0 : 0 0 : 0 0 : 0 0 : 0 0 : 0 0 : 0 0 : 0 0 : 0 0 : 0 0 : 0 0 : 0 0 : 0 0 : 0 0 : 6 0 : 0 0 : 0 0 : 0 0 : 0 0 : 0 0 : 0 0 : 0 0 : 0 0 : 0 0 : 0 0 : 0 0 ]
[83.220s][info][gc       ] [DEOPTSTATS 2 : 0 0 : 0 0 : 0 0 : 0 0 : 0 0 : 0 0 : 0 13 : 0 0 : 0 0 : 0 0 : 0 0 : 0 0 : 0 0 : 0 0 : 0 0 : 0 0 : 0 0 : 0 0 : 0 0 : 0 0 : 0 1 : 0 0 : 0 0 : 0 0 : 0 0 : 0 0 : 0 0 : 0 0 : 0 0 : 0 0 : 4 0 : 0 0 : 0 0 : 0 0 : 0 1 : 0 0 : 0 0 : 0 0 : 0 0 : 0 5 : 0 0 : 0 0 ]
[83.221s][info][gc       ] [VMAC 65530 166 24 430 620 : 83.221167 ]
[83.222s][info][gc       ] [CCF 0 0 0 0 36 229376: 2972160 : 380 196608 : 3 49152 : 317 311808 :  508 620544 : 118 412160 : 0 0 : 14 1146880 : 1 2048]
[83.222s][info][safepoint] Application time: 0.0038826 seconds
[83.223s][info][safepoint] Total time for which application threads were stopped: 0.0001641 seconds, Stopping threads took: 0.0000006 seconds
[83.223s][info][gc       ] [SPS 0.000 0.870 0.003 0.007 0.001 0.001 0.000 0.123 0.031 0.164 NewGC_pause1 83.222475 ]
[84.168s][info][safepoint] Application time: 0.9450355 seconds
[84.168s][info][safepoint] Total time for which application threads were stopped: 0.0001951 seconds, Stopping threads took: 0.0000004 seconds
[84.169s][info][gc       ] [SPS 0.000 0.001 0.000 0.006 0.000 0.001 0.000 0.165 0.022 0.195 NewGC_pause2 84.167705 ]
[84.170s][info][safepoint] Application time: 0.0019939 seconds
[84.170s][info][safepoint] Total time for which application threads were stopped: 0.0001369 seconds, Stopping threads took: 0.0000004 seconds
[84.170s][info][gc       ] [SPS 0.000 0.000 0.000 0.006 0.000 0.001 0.000 0.116 0.014 0.137 NewGC_pause3 84.169836 ]
[84.190s][info][safepoint] Application time: 0.0204145 seconds
[84.191s][info][safepoint] Total time for which application threads were stopped: 0.0002198 seconds, Stopping threads took: 0.0000004 seconds
[84.191s][info][gc       ] [SPS 0.000 0.004 0.005 0.009 0.000 0.001 0.001 0.154 0.055 0.220 NewGC_pause4 84.190471 ]
[84.678s][info][gc       ] [GC New Max 217-203 : 5120 4802 4802 5120 - - 1046 56 2 2 - : 3818 772 28 184 4518 : 4065 5 446 446 46 : 382 0 1150 0 1909 - 0 : 0.005496 2547.2 0.0 1.459353 1891.2 0.0 : 3 --c 0000 : 23 5044 0.000 0.001 0 0.000 0.000 5044 0.000 0.001 : 83.217997 83.222311 0.000124 84.167510 0.000127 84.169699 0.000119 84.190251 0.000113 : 84.677350 ]
[84.678s][info][gc       ] [SYSINFO 7577 191 89 0 7042 0 20 0 0 5745 : - - - - - - - - : 0 7168 : 2.12 1.13 1.43 : 278178 4215400 : 0 0 : 22 0 : 1547 2 0 260 : - 7672803328 333475840 1439936512 5939011584 199507968 93806592 : 140688591 5060840 138100 0 0 0 : 84.677620 ]
[84.678s][info][gc       ] [HUGEPAGESTAT 0 0 0 - 20840 0 0 : 612352 0 0 : 84.677620 ]
[84.678s][info][gc       ] [OBJCREAT 180529153 25249 9551872 : 84.677677 ]
[84.678s][info][gc       ] [HMSV All : 0 0 60 0 0 0 0 0 : 4986 0 0 0 : 84.677700 ]
[84.678s][info][gc       ] [HMSP 9 : 41100 0 : 84.677700 ]
[84.679s][info][gc       ] [GPGC-H  2604.3 350.0 0.4 0.0 : 36.9 : 0.000 0.000 : 0.000 0.000 1.145 1.445 : 0.000 0.000 0.000 0.000 2.012 0.802 : 0.000 : 99.898 : 3822 772 28 0 : 2267 : 4608 4424 : 84.678884 : 3 Heap_use_exceeded_committed ]
[84.679s][info][gc       ] [VMAC 65530 166 24 430 620 : 84.678924 ]
[84.685s][info][safepoint] Application time: 0.4939797 seconds
[84.685s][info][safepoint] Total time for which application threads were stopped: 0.0004711 seconds, Stopping threads took: 0.0000016 seconds
[84.686s][info][gc       ] [SPS 0.000 0.001 0.006 0.009 0.002 0.001 0.001 0.419 0.039 0.471 NewGC_pause1 84.684922 ]
[85.290s][info][safepoint] Application time: 0.6047100 seconds
[85.290s][info][safepoint] Total time for which application threads were stopped: 0.0001491 seconds, Stopping threads took: 0.0000005 seconds
[85.291s][info][gc       ] [SPS 0.000 0.001 0.000 0.006 0.001 0.001 0.000 0.124 0.017 0.149 NewGC_pause2 85.289781 ]
[85.292s][info][safepoint] Application time: 0.0020593 seconds
[85.292s][info][safepoint] Total time for which application threads were stopped: 0.0001616 seconds, Stopping threads took: 0.0000005 seconds
[85.293s][info][gc       ] [SPS 0.000 0.001 0.000 0.010 0.001 0.001 0.000 0.135 0.015 0.162 NewGC_pause3 85.292002 ]
[85.312s][info][safepoint] Application time: 0.0189990 seconds
[85.312s][info][safepoint] Total time for which application threads were stopped: 0.0008491 seconds, Stopping threads took: 0.0000005 seconds
[85.312s][info][gc       ] [SPS 0.000 0.001 0.000 0.008 0.001 0.001 0.000 0.808 0.032 0.849 OldGC_pause2 85.311851 ]
[85.315s][info][safepoint] Application time: 0.0032441 seconds
[85.315s][info][safepoint] Total time for which application threads were stopped: 0.0001512 seconds, Stopping threads took: 0.0000005 seconds
[85.316s][info][gc       ] [SPS 0.000 0.000 0.000 0.007 0.000 0.001 0.000 0.115 0.027 0.151 OldGC_pause3 85.315246 ]
[85.321s][info][safepoint] Application time: 0.0054551 seconds
[85.321s][info][safepoint] Total time for which application threads were stopped: 0.0001223 seconds, Stopping threads took: 0.0000007 seconds
[85.321s][info][gc       ] [SPS 0.000 4.261 0.007 0.009 0.001 0.001 0.000 0.089 0.022 0.122 NewGC_pause4 85.320823 ]
[85.687s][info][gc       ] [GC NTO Max 218-204 : 5120 4940 3184 5120 - - 1046 56 2 2 - : 1558 1414 28 184 3956 : 1147 5 2805 2805 11 : 321 0 65 0 779 - 0 : 0.002300 2608.2 0.0 1.006838 1160.1 0.0 : 3 --c 0000 : 23 4085 0.000 0.001 0 0.000 0.000 4085 0.000 0.001 : 84.679651 84.684451 0.000364 85.289632 0.000127 85.291841 0.000141 85.320701 0.000092 : 85.686489 ]
[85.687s][info][gc       ] [SYSINFO 7577 191 89 0 7042 0 20 0 0 5745 : - - - - - - - - : 0 7168 : 2.12 1.13 1.43 : 278178 4215400 : 0 0 : 22 0 : 1547 3 0 260 : - 7672803328 333475840 1439936512 5939011584 199507968 93806592 : 140688591 5064990 138190 0 0 0 : 85.686779 ]
[85.687s][info][gc       ] [HUGEPAGESTAT 0 0 0 - 20840 0 0 : 612352 0 0 : 85.686779 ]
[85.687s][info][gc       ] [OBJCREAT 181695273 25249 10209280 : 85.686835 ]
[85.687s][info][gc       ] [HMSV All : 0 0 60 0 0 0 0 0 : 4986 0 0 0 : 85.686855 ]
[85.687s][info][gc       ] [HMSP 9 : 41100 0 : 85.686855 ]
[85.687s][info][gc       ] [GPGC-H  2544.0 350.0 0.4 0.0 : 36.9 : 0.000 0.000 : 0.000 0.000 1.129 1.445 : 0.000 0.000 0.000 0.000 2.547 0.802 : 0.000 : 99.892 : 1562 1414 28 0 : 2267 : 4608 4424 : 85.687363 : 8 May_exceed_heap_occupancy_target ]
[85.688s][info][gc       ] [VMAC 65530 166 24 430 620 : 85.687519 ]
[85.694s][info][safepoint] Application time: 0.3727614 seconds
[85.694s][info][safepoint] Total time for which application threads were stopped: 0.0002130 seconds, Stopping threads took: 0.0000005 seconds
[85.694s][info][gc       ] [SPS 0.000 0.003 0.004 0.024 0.000 0.001 0.000 0.166 0.020 0.213 NewGC_pause1 85.693798 ]
[86.047s][info][safepoint] Application time: 0.3531845 seconds
[86.048s][info][safepoint] Total time for which application threads were stopped: 0.0001357 seconds, Stopping threads took: 0.0000005 seconds
[86.048s][info][gc       ] [SPS 0.000 0.001 0.000 0.007 0.000 0.001 0.000 0.111 0.015 0.135 NewGC_pause2 86.047118 ]
[86.050s][info][safepoint] Application time: 0.0025730 seconds
[86.050s][info][safepoint] Total time for which application threads were stopped: 0.0001809 seconds, Stopping threads took: 0.0000005 seconds
[86.050s][info][gc       ] [SPS 0.000 0.001 0.000 0.008 0.000 0.001 0.000 0.143 0.029 0.181 NewGC_pause3 86.049872 ]
[86.070s][info][safepoint] Application time: 0.0200862 seconds
[86.071s][info][safepoint] Total time for which application threads were stopped: 0.0001703 seconds, Stopping threads took: 0.0000005 seconds
[86.071s][info][gc       ] [SPS 0.000 0.005 0.007 0.008 0.001 0.001 0.000 0.131 0.030 0.170 NewGC_pause4 86.070129 ]
[86.275s][info][gc       ] [GC New Max 220-205 : 5120 4264 3526 5120 - - 1046 56 2 2 - : 1562 1750 30 184 2636 : 1434 3 1201 1201 0 : 168 0 528 0 781 - 0 : 0.005165 3097.5 0.0 0.582956 2607.4 3.4 : 3 --c 0000 : 23 0 0.000 0.000 0 0.000 0.000 0 0.000 0.000 : 85.691655 85.693585 0.000185 86.046983 0.000116 86.049691 0.000071 86.069959 0.000087 : 86.274611 ]
[86.275s][info][gc       ] [SYSINFO 7577 191 89 0 7042 0 20 0 0 5745 : - - - - - - - - : 0 7168 : 2.12 1.13 1.43 : 278178 4215412 : 0 0 : 22 0 : 1547 2 0 260 : - 7672803328 333475840 1439936512 5939011584 199507968 93806592 : 140688591 5067240 138290 0 0 0 : 86.274876 ]
[86.275s][info][gc       ] [HUGEPAGESTAT 0 0 0 - 20840 0 0 : 612352 0 0 : 86.274876 ]
[86.275s][info][gc       ] [OBJCREAT 183218762 25249 10520576 : 86.274928 ]
[86.275s][info][gc       ] [HMSV All : 0 0 60 0 0 0 0 0 : 4986 0 0 0 : 86.274948 ]
[86.275s][info][gc       ] [HMSP 9 : 41100 0 : 86.274948 ]
[86.276s][info][gc       ] [VMAC 65530 166 24 430 620 : 86.275706 ]
[86.276s][info][gc       ] [GPGC-H  2544.0 350.0 0.4 0.0 : 36.9 : 0.000 0.000 : 0.000 0.000 1.110 1.445 : 0.000 0.000 0.000 0.000 2.547 0.802 : 0.000 : 99.889 : 1566 1750 30 0 : 2267 : 4608 4424 : 86.275766 : 8 May_exceed_heap_occupancy_target ]
[86.279s][info][safepoint] Application time: 0.2087424 seconds
[86.279s][info][safepoint] Total time for which application threads were stopped: 0.0001384 seconds, Stopping threads took: 0.0000005 seconds
[86.280s][info][gc       ] [SPS 0.000 0.003 0.003 0.007 0.000 0.001 0.000 0.107 0.022 0.138 OldGC_pause4 86.279010 ]
[86.283s][info][safepoint] Application time: 0.0038310 seconds
[86.283s][info][safepoint] Total time for which application threads were stopped: 0.0001506 seconds, Stopping threads took: 0.0000006 seconds
[86.284s][info][gc       ] [SPS 0.000 0.965 0.006 0.007 0.001 0.001 0.000 0.126 0.016 0.151 NewGC_pause1 86.282992 ]
[86.453s][info][gc       ] [GC Old Max 219-15 : 5120 4940 3966 5120 - - 1046 56 2 2 - : 2008 1744 30 184 1786 : 1762 20 2 2 0 : 0 7 490 2 832 - 55 : 1.462024 474.7 0.0 1.770556 534.3 1.1 : 1 --c 0000 : 23   -    -    -    -    -    -    -    -    -  : 84.681798 84.684451 0.000364 85.311001 0.000810 85.315095 0.000119 86.278872 0.000109 : 86.452354 ]
[86.453s][info][gc       ] [SYSINFO 7577 191 89 0 7042 0 20 0 0 5745 : - - - - - - - - : 0 7168 : 2.12 1.13 1.43 : 278178 4215412 : 0 0 : 22 0 : 1547 5 0 260 : - 7672803328 333475840 1439936512 5939011584 199507968 93806592 : 140688591 5067890 138320 0 0 0 : 86.452718 ]
[86.453s][info][gc       ] [HUGEPAGESTAT 0 0 0 - 20840 0 0 : 612352 0 0 : 86.452718 ]
[86.453s][info][gc       ] [OBJCREAT 183659481 25249 10520576 : 86.452818 ]
[86.453s][info][gc       ] [HMSV All : 0 0 60 0 0 0 0 0 : 4986 0 0 0 : 86.452842 ]
[86.453s][info][gc       ] [HMSP 9 : 41100 0 : 86.452842 ]
[86.453s][info][gc       ] [COMPSTATS 1 : 5 0 : 1 0 : 0 0 : 517 4 0 0 0 0 : 0 0 0 0 0 0 : 193 195 21 : 521 0 0 0 0 0 0 : 521 0 0 0 0 0 0 ]
[86.453s][info][gc       ] [COMPSTATS 2 : 5 0 : 1 0 : 0 0 : 133 9 0 0 0 0 : 0 0 0 0 0 0 : 62012 62071 10930 : 76 38 28 0 0 0 0 : 17 102 17 3 3 0 0 ]
[86.453s][info][gc       ] [DEOPTSTATS 1 : 1 0 : 0 0 : 0 0 : 0 0 : 0 12 : 0 0 : 0 0 : 0 0 : 0 0 : 0 0 : 0 0 : 0 0 : 0 0 : 0 0 : 0 0 : 0 0 : 0 0 : 0 0 : 0 0 : 0 0 : 0 0 : 0 0 : 0 0 : 0 0 : 0 0 : 0 0 : 0 0 : 0 0 : 0 0 : 0 0 : 6 0 : 0 0 : 0 0 : 0 0 : 0 0 : 0 0 : 0 0 : 0 0 : 0 0 : 0 0 : 0 0 : 0 0 ]
[86.453s][info][gc       ] [DEOPTSTATS 2 : 0 0 : 0 0 : 0 0 : 0 0 : 0 0 : 0 0 : 0 13 : 0 0 : 0 0 : 0 0 : 0 0 : 0 0 : 0 0 : 0 0 : 0 0 : 0 0 : 0 0 : 0 0 : 0 0 : 0 0 : 0 1 : 0 0 : 0 0 : 0 0 : 0 0 : 0 0 : 0 0 : 0 0 : 0 0 : 0 0 : 4 0 : 0 0 : 0 0 : 0 0 : 0 1 : 0 0 : 0 0 : 0 0 : 0 0 : 0 5 : 0 0 : 0 0 ]
[86.454s][info][gc       ] [VMAC 65530 166 24 430 620 : 86.453665 ]
[86.454s][info][gc       ] [CCF 0 0 0 0 36 229376: 2972672 : 380 196608 : 3 49152 : 317 311808 :  509 621056 : 118 412160 : 0 0 : 14 1146880 : 1 2048]
[86.482s][info][safepoint] Application time: 0.1989810 seconds
[86.483s][info][safepoint] Total time for which application threads were stopped: 0.0000865 seconds, Stopping threads took: 0.0000005 seconds
[86.483s][info][gc       ] [SPS 0.000 0.001 0.000 0.016 0.001 0.001 0.000 0.052 0.016 0.086 NewGC_pause2 86.482059 ]
[86.484s][info][safepoint] Application time: 0.0020021 seconds
[86.484s][info][safepoint] Total time for which application threads were stopped: 0.0000864 seconds, Stopping threads took: 0.0000005 seconds
[86.485s][info][gc       ] [SPS 0.000 0.001 0.000 0.007 0.000 0.001 0.000 0.056 0.021 0.086 NewGC_pause3 86.484148 ]
[86.492s][info][safepoint] Application time: 0.0075723 seconds
[86.509s][info][safepoint] Total time for which application threads were stopped: 0.0002346 seconds, Stopping threads took: 0.0000005 seconds
[86.509s][info][gc       ] [SPS 0.000 0.004 0.007 0.008 0.001 0.001 0.000 0.188 0.037 0.235 NewGC_pause4 86.491956 ]
[86.547s][info][gc       ] [GC New Max 221-206 : 5120 4030 2646 5120 - - 1046 56 2 2 - : 640 1792 30 184 2072 : 537 4 1532 1532 0 : 24 1 245 0 320 - 0 : 0.005307 2638.0 0.0 0.266537 2416.2 0.0 : 3 --c 0000 : 23 0 0.000 0.000 0 0.000 0.000 0 0.000 0.000 : 86.279918 86.282841 0.000129 86.481973 0.000065 86.484062 0.000051 86.491721 0.000137 : 86.546455 ]
[86.547s][info][gc       ] [SYSINFO 7577 191 89 0 7042 0 20 0 0 5745 : - - - - - - - - : 0 7168 : 2.12 1.13 1.43 : 278178 4215412 : 0 0 : 22 0 : 1547 2 0 260 : - 7672803328 333475840 1439936512 5939011584 199507968 93806592 : 140688591 5068250 138350 0 0 0 : 86.546717 ]
[86.547s][info][gc       ] [HUGEPAGESTAT 0 0 0 - 20840 0 0 : 612352 0 0 : 86.546717 ]
[86.547s][info][gc       ] [OBJCREAT 183867616 25249 10569728 : 86.546771 ]
[86.547s][info][gc       ] [HMSV All : 0 0 60 0 0 0 0 0 : 4986 0 0 0 : 86.546793 ]
[86.547s][info][gc       ] [HMSP 9 : 41100 0 : 86.546793 ]
[86.548s][info][gc       ] [VMAC 65530 166 24 430 620 : 86.547754 ]
[86.729s][info][gc       ] [GPGC-H  2544.0 494.7 0.3 0.0 : 33.7 : 0.000 0.000 : 0.000 0.000 1.097 1.770 : 0.000 0.000 0.000 0.000 2.543 0.779 : 0.000 : 99.880 : 1134 1792 30 0 : 2267 : 4608 4424 : 86.728663 : 9 Next_heuristic_check_may_be_too_late ]
[86.731s][info][safepoint] Application time: 0.2391903 seconds
[86.732s][info][safepoint] Total time for which application threads were stopped: 0.0003392 seconds, Stopping threads took: 0.0000005 seconds
[86.733s][info][gc       ] [SPS 0.000 0.004 0.006 0.008 0.001 0.001 0.000 0.301 0.029 0.339 NewGC_pause1 86.731485 ]
[86.840s][info][safepoint] Application time: 0.1079112 seconds
[86.840s][info][safepoint] Total time for which application threads were stopped: 0.0002127 seconds, Stopping threads took: 0.0000004 seconds
[86.840s][info][gc       ] [SPS 0.000 0.001 0.000 0.007 0.000 0.001 0.000 0.171 0.034 0.213 NewGC_pause2 86.839610 ]
[86.842s][info][safepoint] Application time: 0.0017716 seconds
[86.842s][info][safepoint] Total time for which application threads were stopped: 0.0001568 seconds, Stopping threads took: 0.0000005 seconds
[86.842s][info][gc       ] [SPS 0.000 0.000 0.000 0.007 0.001 0.001 0.000 0.116 0.032 0.157 NewGC_pause3 86.841538 ]
[86.843s][info][safepoint] Application time: 0.0012920 seconds
[86.843s][info][safepoint] Total time for which application threads were stopped: 0.0001875 seconds, Stopping threads took: 0.0000005 seconds
[86.844s][info][gc       ] [SPS 0.000 0.003 0.002 0.007 0.001 0.001 0.000 0.139 0.041 0.188 NewGC_pause4 86.843017 ]
[86.844s][info][gc       ] [GC New Max 222-207 : 5120 3338 2202 5120 - - 1046 56 2 2 - : 196 1792 30 184 1332 : 192 4 1140 1140 0 : 0 1 96 0 98 - 0 : 0.182837 2712.8 0.0 0.114023 1754.0 0.0 : 3 --c 0000 : 23 0 0.000 0.000 0 0.000 0.000 0 0.000 0.000 : 86.729292 86.731146 0.000261 86.839396 0.000117 86.841381 0.000075 86.842833 0.000059 : 86.843315 ]
[86.844s][info][gc       ] [SYSINFO 7577 191 89 0 7042 0 20 0 0 5745 : - - - - - - - - : 0 7168 : 2.12 1.13 1.43 : 278178 4215412 : 0 0 : 22 0 : 1547 2 0 260 : - 7672803328 333475840 1439936512 5939011584 199507968 93806592 : 140688591 5068790 138430 0 0 0 : 86.843610 ]
[86.844s][info][gc       ] [HUGEPAGESTAT 0 0 0 - 20840 0 0 : 612352 0 0 : 86.843610 ]
[86.844s][info][gc       ] [OBJCREAT 184555928 25249 10569728 : 86.843670 ]
[86.844s][info][gc       ] [HMSV All : 0 0 60 0 0 0 0 0 : 4986 0 0 0 : 86.843693 ]
[86.844s][info][gc       ] [HMSP 9 : 41100 0 : 86.843693 ]
[86.845s][info][gc       ] [VMAC 65530 166 24 430 620 : 86.844580 ]
[87.066s][info][gc       ] [GPGC-H  2544.0 494.7 0.3 0.0 : 33.7 : 0.000 0.000 : 0.000 0.000 1.084 1.770 : 0.000 0.000 0.000 0.000 2.534 0.779 : 0.000 : 99.043 : 806 1792 30 0 : 2267 : 4608 4424 : 87.066155 : 9 Next_heuristic_check_may_be_too_late ]
[87.069s][info][safepoint] Application time: 0.2253894 seconds
[87.069s][info][safepoint] Total time for which application threads were stopped: 0.0001909 seconds, Stopping threads took: 0.0000005 seconds
[87.069s][info][gc       ] [SPS 0.000 0.003 0.004 0.008 0.000 0.001 0.000 0.156 0.026 0.191 NewGC_pause1 87.068598 ]
[87.153s][info][safepoint] Application time: 0.0846476 seconds
[87.154s][info][safepoint] Total time for which application threads were stopped: 0.0002137 seconds, Stopping threads took: 0.0000005 seconds
[87.154s][info][gc       ] [SPS 0.000 0.001 0.000 0.007 0.000 0.001 0.000 0.172 0.033 0.214 NewGC_pause2 87.153459 ]
[87.156s][info][safepoint] Application time: 0.0020445 seconds
[87.156s][info][safepoint] Total time for which application threads were stopped: 0.0000929 seconds, Stopping threads took: 0.0000005 seconds
[87.156s][info][gc       ] [SPS 0.000 0.000 0.000 0.007 0.001 0.001 0.000 0.062 0.022 0.093 NewGC_pause3 87.155597 ]
[87.157s][info][safepoint] Application time: 0.0012419 seconds
[87.157s][info][safepoint] Total time for which application threads were stopped: 0.0001267 seconds, Stopping threads took: 0.0000004 seconds
[87.157s][info][gc       ] [SPS 0.000 0.003 0.002 0.007 0.000 0.001 0.000 0.085 0.033 0.127 NewGC_pause4 87.156965 ]
[87.158s][info][gc       ] [GC New Max 223-208 : 5120 2974 2166 5120 - - 1046 56 2 2 - : 160 1792 30 184 968 : 156 4 810 810 0 : 0 1 78 0 80 - 0 : 0.223364 2739.9 0.0 0.090770 1784.7 0.0 : 3 --c 0000 : 23 0 0.000 0.000 0 0.000 0.000 0 0.000 0.000 : 87.066679 87.068407 0.000122 87.153245 0.000124 87.155504 0.000059 87.156839 0.000078 : 87.157449 ]
[87.158s][info][gc       ] [SYSINFO 7577 191 89 0 7042 0 20 0 0 5745 : - - - - - - - - : 0 7168 : 2.12 1.13 1.43 : 278178 4215412 : 0 0 : 22 0 : 1547 2 0 260 : - 7672803328 333475840 1439936512 5939011584 199507968 93806592 : 140688591 5069310 138580 0 0 0 : 87.157739 ]
[87.158s][info][gc       ] [HUGEPAGESTAT 0 0 0 - 20840 0 0 : 612352 0 0 : 87.157739 ]
[87.158s][info][gc       ] [OBJCREAT 185323908 25249 10569728 : 87.157805 ]
[87.158s][info][gc       ] [HMSV All : 0 0 60 0 0 0 0 0 : 4986 0 0 0 : 87.157821 ]
[87.158s][info][gc       ] [HMSP 9 : 41100 0 : 87.157821 ]
[87.158s][info][gc       ] [VMAC 65530 166 24 430 620 : 87.158444 ]
[87.380s][info][gc       ] [GPGC-H  2534.9 494.7 0.3 0.0 : 33.7 : 0.000 0.000 : 0.000 0.000 1.069 1.770 : 0.000 0.000 0.000 0.000 2.513 0.779 : 0.000 : 98.032 : 776 1792 30 0 : 2267 : 4608 4424 : 87.379773 : 9 Next_heuristic_check_may_be_too_late ]
[87.383s][info][safepoint] Application time: 0.2254443 seconds
[87.383s][info][safepoint] Total time for which application threads were stopped: 0.0003582 seconds, Stopping threads took: 0.0000008 seconds
[87.384s][info][gc       ] [SPS 0.000 0.004 0.004 0.012 0.001 0.002 0.001 0.291 0.052 0.358 NewGC_pause1 87.382768 ]
[87.466s][info][safepoint] Application time: 0.0835195 seconds
[87.467s][info][safepoint] Total time for which application threads were stopped: 0.0001545 seconds, Stopping threads took: 0.0000005 seconds
[87.467s][info][gc       ] [SPS 0.000 0.001 0.000 0.007 0.000 0.001 0.000 0.127 0.019 0.155 NewGC_pause2 87.466443 ]
[87.468s][info][safepoint] Application time: 0.0018306 seconds
[87.469s][info][safepoint] Total time for which application threads were stopped: 0.0001419 seconds, Stopping threads took: 0.0000005 seconds
[87.469s][info][gc       ] [SPS 0.000 0.000 0.000 0.008 0.001 0.001 0.000 0.116 0.017 0.142 NewGC_pause3 87.468415 ]
[87.470s][info][safepoint] Application time: 0.0010619 seconds
[87.470s][info][safepoint] Total time for which application threads were stopped: 0.0000919 seconds, Stopping threads took: 0.0000005 seconds
[87.470s][info][gc       ] [SPS 0.000 0.004 0.002 0.008 0.001 0.001 0.000 0.064 0.018 0.092 NewGC_pause4 87.469569 ]
[87.470s][info][gc       ] [GC New Max 224-209 : 5120 2956 2180 5120 - - 1046 56 2 2 - : 174 1792 30 184 950 : 170 4 779 779 0 : 0 1 85 0 87 - 0 : 0.222945 2772.0 0.0 0.089499 1944.2 0.0 : 3 --c 0000 : 23 0 0.000 0.000 0 0.000 0.000 0 0.000 0.000 : 87.380394 87.382410 0.000287 87.466288 0.000127 87.468273 0.000120 87.469477 0.000067 : 87.469893 ]
[87.470s][info][gc       ] [SYSINFO 7577 191 89 0 7042 0 20 0 0 5745 : - - - - - - - - : 0 7168 : 2.12 1.13 1.43 : 278178 4215412 : 0 0 : 22 0 : 1547 3 0 260 : - 7672803328 333475840 1439936512 5939011584 199507968 93806592 : 140688591 5069890 138670 0 0 0 : 87.470142 ]
[87.470s][info][gc       ] [HUGEPAGESTAT 0 0 0 - 20840 0 0 : 612352 0 0 : 87.470142 ]
[87.470s][info][gc       ] [OBJCREAT 186106839 25249 10569728 : 87.470195 ]
[87.470s][info][gc       ] [HMSV All : 0 0 60 0 0 0 0 0 : 4986 0 0 0 : 87.470211 ]
[87.470s][info][gc       ] [HMSP 9 : 41100 0 : 87.470211 ]
[87.471s][info][gc       ] [VMAC 65530 166 24 430 620 : 87.470742 ]
[87.693s][info][gc       ] [GPGC-H  2534.9 494.7 0.3 0.0 : 33.7 : 0.000 0.000 : 0.000 0.000 1.055 1.770 : 0.000 0.000 0.000 0.000 2.486 0.779 : 0.000 : 97.037 : 786 1792 30 0 : 2267 : 4608 4424 : 87.692501 : 9 Next_heuristic_check_may_be_too_late ]
[87.696s][info][safepoint] Application time: 0.2258944 seconds
[87.696s][info][safepoint] Total time for which application threads were stopped: 0.0004060 seconds, Stopping threads took: 0.0000008 seconds
[87.697s][info][gc       ] [SPS 0.000 0.004 0.004 0.012 0.001 0.002 0.001 0.362 0.029 0.406 NewGC_pause1 87.695870 ]
[87.764s][info][safepoint] Application time: 0.0678520 seconds
[87.764s][info][safepoint] Total time for which application threads were stopped: 0.0002115 seconds, Stopping threads took: 0.0000005 seconds
[87.765s][info][gc       ] [SPS 0.000 0.001 0.000 0.008 0.001 0.001 0.000 0.165 0.037 0.212 NewGC_pause2 87.763934 ]
[87.767s][info][safepoint] Application time: 0.0023541 seconds
[87.767s][info][safepoint] Total time for which application threads were stopped: 0.0002428 seconds, Stopping threads took: 0.0000005 seconds
[87.767s][info][gc       ] [SPS 0.000 0.000 0.000 0.008 0.001 0.001 0.000 0.185 0.048 0.243 NewGC_pause3 87.766531 ]
[87.768s][info][safepoint] Application time: 0.0013064 seconds
[87.768s][info][safepoint] Total time for which application threads were stopped: 0.0001786 seconds, Stopping threads took: 0.0000005 seconds
[87.769s][info][gc       ] [SPS 0.000 0.003 0.002 0.008 0.000 0.001 0.000 0.145 0.024 0.179 NewGC_pause4 87.768016 ]
[87.769s][info][gc       ] [GC New Max 225-210 : 5120 2988 2204 5120 - - 1046 56 2 2 - : 198 1792 30 184 982 : 194 4 788 788 0 : 0 1 97 0 99 - 0 : 0.223411 2739.3 0.0 0.075058 2664.6 0.0 : 3 --c 0000 : 23 0 0.000 0.000 0 0.000 0.000 0 0.000 0.000 : 87.693304 87.695464 0.000369 87.763722 0.000121 87.766288 0.000131 87.767837 0.000113 : 87.768362 ]
[87.769s][info][gc       ] [SYSINFO 7577 191 89 0 7042 0 20 0 0 5745 : - - - - - - - - : 0 7168 : 2.12 1.13 1.43 : 278178 4215412 : 0 0 : 22 0 : 1547 2 0 260 : - 7672803328 333475840 1439936512 5939011584 199507968 93806592 : 140688591 5070370 138750 0 0 0 : 87.768629 ]
[87.769s][info][gc       ] [HUGEPAGESTAT 0 0 0 - 20840 0 0 : 612352 0 0 : 87.768629 ]
[87.769s][info][gc       ] [OBJCREAT 186910633 25249 10569728 : 87.768680 ]
[87.769s][info][gc       ] [HMSV All : 0 0 60 0 0 0 0 0 : 4986 0 0 0 : 87.768699 ]
[87.769s][info][gc       ] [HMSP 9 : 41100 0 : 87.768699 ]
[87.769s][info][gc       ] [VMAC 65530 166 24 430 620 : 87.769256 ]
[88.012s][info][gc       ] [GPGC-H  2534.9 494.7 0.3 0.0 : 33.7 : 0.000 0.000 : 0.000 0.000 1.042 1.770 : 0.000 0.000 0.000 0.000 2.456 0.779 : 0.000 : 96.052 : 834 1792 30 0 : 2267 : 4608 4424 : 88.011897 : 9 Next_heuristic_check_may_be_too_late ]
[88.014s][info][safepoint] Application time: 0.2461727 seconds
[88.015s][info][safepoint] Total time for which application threads were stopped: 0.0002030 seconds, Stopping threads took: 0.0000005 seconds
[88.015s][info][gc       ] [SPS 0.000 0.003 0.004 0.008 0.000 0.001 0.000 0.166 0.028 0.203 NewGC_pause1 88.014392 ]
[88.096s][info][safepoint] Application time: 0.0819001 seconds
[88.097s][info][safepoint] Total time for which application threads were stopped: 0.0001457 seconds, Stopping threads took: 0.0000005 seconds
[88.097s][info][gc       ] [SPS 0.000 0.001 0.000 0.007 0.001 0.001 0.000 0.118 0.018 0.146 NewGC_pause2 88.096438 ]
[88.098s][info][safepoint] Application time: 0.0018473 seconds
[88.099s][info][safepoint] Total time for which application threads were stopped: 0.0001548 seconds, Stopping threads took: 0.0000005 seconds
[88.099s][info][gc       ] [SPS 0.000 0.000 0.000 0.007 0.000 0.001 0.000 0.119 0.027 0.155 NewGC_pause3 88.098440 ]
[88.100s][info][safepoint] Application time: 0.0015874 seconds
[88.101s][info][safepoint] Total time for which application threads were stopped: 0.0001166 seconds, Stopping threads took: 0.0000005 seconds
[88.101s][info][gc       ] [SPS 0.000 0.002 0.002 0.007 0.001 0.001 0.000 0.089 0.019 0.117 NewGC_pause4 88.100144 ]
[88.101s][info][gc       ] [GC New Max 226-211 : 5120 3072 2236 5120 - - 1046 56 2 2 - : 230 1792 30 184 1066 : 226 4 838 838 0 : 0 1 113 0 115 - 0 : 0.244121 2613.5 0.0 0.088069 2634.3 0.0 : 3 --c 0000 : 23 0 0.000 0.000 0 0.000 0.000 0 0.000 0.000 : 88.012483 88.014188 0.000158 88.096292 0.000110 88.098285 0.000069 88.100027 0.000091 : 88.100552 ]
[88.101s][info][gc       ] [SYSINFO 7577 191 89 0 7042 0 20 0 0 5745 : - - - - - - - - : 0 7168 : 2.12 1.13 1.43 : 278178 4215412 : 0 0 : 22 0 : 1547 2 0 260 : - 7672803328 333475840 1439936512 5939011584 199507968 93806592 : 140688591 5070950 138800 0 0 0 : 88.100851 ]
[88.101s][info][gc       ] [HUGEPAGESTAT 0 0 0 - 20840 0 0 : 612352 0 0 : 88.100851 ]
[88.101s][info][gc       ] [OBJCREAT 187771181 25249 10569728 : 88.100902 ]
[88.101s][info][gc       ] [HMSV All : 0 0 60 0 0 0 0 0 : 4986 0 0 0 : 88.100918 ]
[88.101s][info][gc       ] [HMSP 9 : 41100 0 : 88.100918 ]
[88.102s][info][gc       ] [VMAC 65530 166 24 430 620 : 88.101909 ]
[88.324s][info][gc       ] [GPGC-H  2534.9 494.7 0.3 0.0 : 33.7 : 0.000 0.000 : 0.000 0.000 1.027 1.770 : 0.000 0.000 0.000 0.000 2.421 0.779 : 0.000 : 94.993 : 854 1792 30 0 : 2267 : 4608 4424 : 88.323660 : 9 Next_heuristic_check_may_be_too_late ]
[88.326s][info][safepoint] Application time: 0.2257016 seconds
[88.327s][info][safepoint] Total time for which application threads were stopped: 0.0002408 seconds, Stopping threads took: 0.0000005 seconds
[88.327s][info][gc       ] [SPS 0.000 0.004 0.003 0.008 0.001 0.001 0.000 0.206 0.026 0.241 NewGC_pause1 88.326087 ]
[88.401s][info][safepoint] Application time: 0.0750132 seconds
[88.402s][info][safepoint] Total time for which application threads were stopped: 0.0001415 seconds, Stopping threads took: 0.0000005 seconds
[88.402s][info][gc       ] [SPS 0.000 0.001 0.000 0.007 0.000 0.001 0.000 0.109 0.024 0.142 NewGC_pause2 88.401242 ]
[88.403s][info][safepoint] Application time: 0.0018932 seconds
[88.404s][info][safepoint] Total time for which application threads were stopped: 0.0001827 seconds, Stopping threads took: 0.0000005 seconds
[88.404s][info][gc       ] [SPS 0.000 0.000 0.000 0.007 0.000 0.001 0.000 0.144 0.030 0.183 NewGC_pause3 88.403318 ]
[88.405s][info][safepoint] Application time: 0.0012606 seconds
[88.405s][info][safepoint] Total time for which application threads were stopped: 0.0001455 seconds, Stopping threads took: 0.0000005 seconds
[88.405s][info][gc       ] [GC New Max 227-212 : 5120 3044 2190 5120 - - 1046 56 2 2 - : 184 1792 30 184 1038 : 180 4 857 857 0 : 0 1 90 0 92 - 0 : 0.223596 2790.8 0.0 0.080802 2301.9 0.0 : 3 --c 0000 : 23 0 0.000 0.000 0 0.000 0.000 0 0.000 0.000 : 88.324148 88.325846 0.000135 88.401100 0.000071 88.403135 0.000081 88.404578 0.000064 : 88.404949 ]
[88.405s][info][gc       ] [SYSINFO 7577 191 89 0 7042 0 20 0 0 5745 : - - - - - - - - : 0 7168 : 2.12 1.13 1.43 : 278178 4215412 : 0 0 : 22 0 : 1547 3 0 260 : - 7672803328 333475840 1439936512 5939011584 199507968 93806592 : 140688591 5071480 138920 0 0 0 : 88.405349 ]
[88.405s][info][gc       ] [HUGEPAGESTAT 0 0 0 - 20840 0 0 : 612352 0 0 : 88.405349 ]
[88.405s][info][gc       ] [OBJCREAT 188573891 25249 10569728 : 88.405452 ]
[88.405s][info][gc       ] [HMSV All : 0 0 60 0 0 0 0 0 : 4986 0 0 0 : 88.405494 ]
[88.405s][info][gc       ] [HMSP 9 : 41100 0 : 88.405494 ]
[88.406s][info][gc       ] [SPS 0.000 0.002 0.002 0.007 0.000 0.001 0.000 0.107 0.030 0.146 NewGC_pause4 88.404724 ]
[88.406s][info][gc       ] [VMAC 65530 166 24 430 620 : 88.406101 ]
[88.628s][info][gc       ] [GPGC-H  2534.9 494.7 0.3 0.0 : 33.7 : 0.000 0.000 : 0.000 0.000 1.014 1.770 : 0.000 0.000 0.000 0.000 2.391 0.779 : 0.000 : 94.037 : 790 1792 30 0 : 2267 : 4608 4424 : 88.627946 : 9 Next_heuristic_check_may_be_too_late ]
[88.630s][info][safepoint] Application time: 0.2253482 seconds
[88.631s][info][safepoint] Total time for which application threads were stopped: 0.0003583 seconds, Stopping threads took: 0.0000177 seconds
[88.632s][info][gc       ] [SPS 0.000 0.005 0.004 0.009 0.018 0.001 0.001 0.306 0.025 0.358 NewGC_pause1 88.630431 ]
[88.714s][info][safepoint] Application time: 0.0831539 seconds
[88.714s][info][safepoint] Total time for which application threads were stopped: 0.0001851 seconds, Stopping threads took: 0.0000006 seconds
[88.714s][info][gc       ] [SPS 0.000 0.001 0.000 0.008 0.001 0.001 0.000 0.137 0.038 0.185 NewGC_pause2 88.713770 ]
[88.716s][info][safepoint] Application time: 0.0016209 seconds
[88.716s][info][safepoint] Total time for which application threads were stopped: 0.0002283 seconds, Stopping threads took: 0.0000009 seconds
[88.716s][info][gc       ] [SPS 0.000 0.001 0.000 0.013 0.001 0.001 0.001 0.175 0.038 0.228 NewGC_pause3 88.715619 ]
[88.717s][info][safepoint] Application time: 0.0010808 seconds
[88.717s][info][safepoint] Total time for which application threads were stopped: 0.0001770 seconds, Stopping threads took: 0.0000005 seconds
[88.718s][info][gc       ] [SPS 0.000 0.002 0.002 0.007 0.001 0.001 0.000 0.143 0.025 0.177 NewGC_pause4 88.716877 ]
[88.717s][info][gc       ] [GC New Max 228-213 : 5120 2974 2184 5120 - - 1046 56 2 2 - : 178 1792 30 184 968 : 174 4 792 792 0 : 0 1 87 0 89 - 0 : 0.223401 2712.6 0.0 0.088854 2025.8 0.0 : 3 --c 0000 : 23 0 0.000 0.000 0 0.000 0.000 0 0.000 0.000 : 88.628350 88.630072 0.000290 88.713585 0.000073 88.715391 0.000151 88.716700 0.000105 : 88.717204 ]
[88.718s][info][gc       ] [SYSINFO 7577 191 89 0 7042 0 20 0 0 5745 : - - - - - - - - : 0 7168 : 2.12 1.13 1.43 : 278178 4215412 : 0 0 : 22 0 : 1547 2 0 260 : - 7672803328 333475840 1439936512 5939011584 199507968 93806592 : 140688591 5071980 138990 0 0 0 : 88.717463 ]
[88.718s][info][gc       ] [HUGEPAGESTAT 0 0 0 - 20840 0 0 : 612352 0 0 : 88.717463 ]
[88.718s][info][gc       ] [OBJCREAT 189351763 25249 10569728 : 88.717512 ]
[88.718s][info][gc       ] [HMSV All : 0 0 60 0 0 0 0 0 : 4986 0 0 0 : 88.717532 ]
[88.718s][info][gc       ] [HMSP 9 : 41100 0 : 88.717532 ]
[88.718s][info][gc       ] [VMAC 65530 166 24 430 620 : 88.718483 ]
[88.960s][info][gc       ] [GPGC-H  2534.9 450.4 0.3 0.0 : 30.6 : 0.000 0.000 : 0.000 0.000 1.001 1.770 : 0.000 0.000 0.000 0.000 2.359 0.779 : 0.000 : 93.098 : 820 1792 30 0 : 2267 : 4608 4424 : 88.960276 : 9 Next_heuristic_check_may_be_too_late ]
[88.963s][info][safepoint] Application time: 0.2456872 seconds
[88.963s][info][safepoint] Total time for which application threads were stopped: 0.0002235 seconds, Stopping threads took: 0.0000005 seconds
[88.964s][info][gc       ] [SPS 0.000 0.003 0.003 0.008 0.001 0.001 0.000 0.189 0.025 0.224 NewGC_pause1 88.962788 ]
[89.026s][info][safepoint] Application time: 0.0634532 seconds
[89.027s][info][safepoint] Total time for which application threads were stopped: 0.0002184 seconds, Stopping threads took: 0.0000006 seconds
[89.027s][info][gc       ] [SPSH lock suspend gclocker notify wait resuspend cleanup op_time wakeup total(ms) op_name end(s) ]
[89.027s][info][gc       ] [SPS 0.000 0.001 0.000 0.008 0.001 0.001 0.000 0.174 0.023 0.208 NewGC_pause2 89.026460 ]
[89.029s][info][safepoint] Application time: 0.0021387 seconds
[89.029s][info][safepoint] Total time for which application threads were stopped: 0.0002266 seconds, Stopping threads took: 0.0000005 seconds
[89.030s][info][gc       ] [SPS 0.000 0.000 0.000 0.019 0.000 0.001 0.000 0.174 0.032 0.227 NewGC_pause3 89.028825 ]
[89.031s][info][safepoint] Application time: 0.0016035 seconds
[89.031s][info][safepoint] Total time for which application threads were stopped: 0.0001889 seconds, Stopping threads took: 0.0000005 seconds
[89.031s][info][gc       ] [GC New Max 229-214 : 5120 2998 2178 5120 - - 1046 56 2 2 - : 172 1792 30 184 992 : 166 4 824 824 0 : 0 1 83 0 86 - 0 : 0.243633 2643.3 0.0 0.070065 2483.4 0.0 : 3 --c 0000 : 23 0 0.000 0.000 0 0.000 0.000 0 0.000 0.000 : 88.960837 88.962564 0.000155 89.026252 0.000138 89.028599 0.000089 89.030429 0.000089 : 89.030902 ]
[89.031s][info][gc       ] [SYSINFO 7577 191 89 0 7042 0 20 0 0 5745 : - - - - - - - - : 0 7168 : 2.12 1.13 1.43 : 278178 4215412 : 0 0 : 22 0 : 1547 3 0 260 : - 7672803328 333475840 1439936512 5939011584 199507968 93806592 : 140688591 5072510 139080 0 0 0 : 89.031308 ]
[89.031s][info][gc       ] [HUGEPAGESTAT 0 0 0 - 20840 0 0 : 612352 0 0 : 89.031308 ]
[89.031s][info][gc       ] [OBJCREAT 190161119 25249 10569728 : 89.031402 ]
[89.031s][info][gc       ] [HMSV All : 0 0 60 0 0 0 0 0 : 4986 0 0 0 : 89.031424 ]
[89.031s][info][gc       ] [HMSP 9 : 41100 0 : 89.031424 ]
[89.032s][info][gc       ] [SPS 0.000 0.002 0.002 0.008 0.001 0.001 0.000 0.143 0.037 0.189 NewGC_pause4 89.030618 ]
[89.032s][info][gc       ] [VMAC 65530 166 24 430 620 : 89.031934 ]
[89.254s][info][gc       ] [GPGC-H  2534.9 450.4 0.3 0.0 : 30.6 : 0.000 0.000 : 0.000 0.000 0.987 1.770 : 0.000 0.000 0.000 0.000 2.328 0.779 : 0.000 : 92.079 : 780 1792 30 0 : 2267 : 4608 4424 : 89.253789 : 9 Next_heuristic_check_may_be_too_late ]
[89.256s][info][safepoint] Application time: 0.2255445 seconds
[89.257s][info][safepoint] Total time for which application threads were stopped: 0.0001898 seconds, Stopping threads took: 0.0000005 seconds
[89.258s][info][gc       ] [SPS 0.000 0.003 0.003 0.008 0.001 0.001 0.000 0.162 0.018 0.190 NewGC_pause1 89.256353 ]
[89.322s][info][safepoint] Application time: 0.0658486 seconds
[89.323s][info][safepoint] Total time for which application threads were stopped: 0.0001211 seconds, Stopping threads took: 0.0000005 seconds
[89.323s][info][gc       ] [SPS 0.000 0.001 0.000 0.007 0.000 0.001 0.000 0.096 0.016 0.121 NewGC_pause2 89.322322 ]
[89.324s][info][safepoint] Application time: 0.0015489 seconds
[89.324s][info][safepoint] Total time for which application threads were stopped: 0.0001088 seconds, Stopping threads took: 0.0000005 seconds
[89.324s][info][gc       ] [SPS 0.000 0.000 0.000 0.008 0.000 0.001 0.000 0.084 0.016 0.109 NewGC_pause3 89.323980 ]
[89.325s][info][safepoint] Application time: 0.0012614 seconds
[89.326s][info][safepoint] Total time for which application threads were stopped: 0.0001388 seconds, Stopping threads took: 0.0000005 seconds
[89.326s][info][gc       ] [SPS 0.000 0.002 0.002 0.007 0.000 0.001 0.000 0.110 0.020 0.139 NewGC_pause4 89.325380 ]
[89.326s][info][gc       ] [GC New Max 230-215 : 5120 2988 2208 5120 - - 1046 56 2 2 - : 202 1792 30 184 982 : 198 4 783 783 0 : 0 1 99 0 101 - 0 : 0.223472 2720.7 0.0 0.071420 2856.4 0.0 : 3 --c 0000 : 23 0 0.000 0.000 0 0.000 0.000 0 0.000 0.000 : 89.254374 89.256162 0.000165 89.322201 0.000102 89.323871 0.000088 89.325241 0.000113 : 89.325794 ]
[89.326s][info][gc       ] [SYSINFO 7577 191 89 0 7042 0 20 0 0 5745 : - - - - - - - - : 0 7168 : 2.03 1.13 1.43 : 278178 4215412 : 0 0 : 22 0 : 1547 3 0 260 : - 7672803328 333475840 1439936512 5939011584 199507968 93806592 : 140688591 5072990 139160 0 0 0 : 89.326131 ]
[89.326s][info][gc       ] [HUGEPAGESTAT 0 0 0 - 20840 0 0 : 612352 0 0 : 89.326131 ]
[89.326s][info][gc       ] [OBJCREAT 190965818 25249 10569728 : 89.326180 ]
[89.326s][info][gc       ] [HMSV All : 0 0 60 0 0 0 0 0 : 4986 0 0 0 : 89.326197 ]
[89.326s][info][gc       ] [HMSP 9 : 41100 0 : 89.326197 ]
[89.327s][info][gc       ] [VMAC 65530 166 24 430 620 : 89.326726 ]
[89.548s][info][gc       ] [GPGC-H  2535.0 450.4 0.3 0.0 : 30.6 : 0.000 0.000 : 0.000 0.000 0.975 1.770 : 0.000 0.000 0.000 0.000 2.299 0.779 : 0.000 : 91.161 : 832 1792 30 0 : 2267 : 4608 4424 : 89.548339 : 9 Next_heuristic_check_may_be_too_late ]
[89.551s][info][safepoint] Application time: 0.2252768 seconds
[89.552s][info][safepoint] Total time for which application threads were stopped: 0.0002327 seconds, Stopping threads took: 0.0000006 seconds
[89.552s][info][gc       ] [SPS 0.000 0.003 0.004 0.008 0.001 0.002 0.000 0.192 0.030 0.233 NewGC_pause1 89.550890 ]
[89.615s][info][safepoint] Application time: 0.0643951 seconds
[89.616s][info][safepoint] Total time for which application threads were stopped: 0.0001719 seconds, Stopping threads took: 0.0000005 seconds
[89.616s][info][gc       ] [SPS 0.000 0.001 0.000 0.007 0.000 0.001 0.000 0.139 0.024 0.172 NewGC_pause2 89.615457 ]
[89.617s][info][safepoint] Application time: 0.0018179 seconds
[89.618s][info][safepoint] Total time for which application threads were stopped: 0.0001701 seconds, Stopping threads took: 0.0000005 seconds
[89.618s][info][gc       ] [SPS 0.000 0.000 0.000 0.008 0.001 0.001 0.000 0.132 0.028 0.170 NewGC_pause3 89.617445 ]
[89.619s][info][safepoint] Application time: 0.0014961 seconds
[89.620s][info][safepoint] Total time for which application threads were stopped: 0.0003136 seconds, Stopping threads took: 0.0000005 seconds
[89.620s][info][gc       ] [SPS 0.000 0.002 0.002 0.007 0.001 0.001 0.000 0.209 0.097 0.314 NewGC_pause4 89.619256 ]
[89.620s][info][gc       ] [GC New Max 231-216 : 5120 3036 2204 5120 - - 1046 56 2 2 - : 198 1792 30 184 1030 : 196 4 835 835 0 : 0 1 98 0 99 - 0 : 0.223110 2823.7 0.0 0.070770 2826.1 0.0 : 3 --c 0000 : 23 0 0.000 0.000 0 0.000 0.000 0 0.000 0.000 : 89.548904 89.550657 0.000154 89.615285 0.000107 89.617275 0.000081 89.618942 0.000128 : 89.619674 ]
[89.620s][info][gc       ] [SYSINFO 7577 191 89 0 7042 0 20 0 0 5745 : - - - - - - - - : 0 7168 : 2.03 1.13 1.43 : 278178 4215412 : 0 0 : 22 0 : 1547 2 0 260 : - 7672803328 333475840 1439936512 5939011584 199507968 93806592 : 140688591 5073470 139240 0 0 0 : 89.619967 ]
[89.620s][info][gc       ] [HUGEPAGESTAT 0 0 0 - 20840 0 0 : 612352 0 0 : 89.619967 ]
[89.620s][info][gc       ] [OBJCREAT 191789545 25249 10569728 : 89.620015 ]
[89.620s][info][gc       ] [HMSV All : 0 0 60 0 0 0 0 0 : 4986 0 0 0 : 89.620032 ]
[89.620s][info][gc       ] [HMSP 9 : 41100 0 : 89.620032 ]
[89.621s][info][gc       ] [VMAC 65530 166 24 430 620 : 89.620995 ]
[89.863s][info][gc       ] [GPGC-H  2535.0 450.4 0.3 0.0 : 30.6 : 0.000 0.000 : 0.000 0.000 0.963 1.770 : 0.000 0.000 0.000 0.000 2.270 0.779 : 0.000 : 90.256 : 814 1792 30 0 : 2267 : 4608 4424 : 89.862784 : 9 Next_heuristic_check_may_be_too_late ]
[89.866s][info][safepoint] Application time: 0.2461071 seconds
[89.866s][info][safepoint] Total time for which application threads were stopped: 0.0003203 seconds, Stopping threads took: 0.0000006 seconds
[89.867s][info][gc       ] [SPS 0.000 0.005 0.005 0.009 0.001 0.001 0.000 0.278 0.031 0.320 NewGC_pause1 89.865683 ]
[89.930s][info][safepoint] Application time: 0.0639213 seconds
[89.930s][info][safepoint] Total time for which application threads were stopped: 0.0001630 seconds, Stopping threads took: 0.0000005 seconds
[89.930s][info][gc       ] [SPS 0.000 0.001 0.000 0.007 0.000 0.001 0.000 0.130 0.025 0.163 NewGC_pause2 89.929768 ]
[89.932s][info][safepoint] Application time: 0.0019063 seconds
[89.932s][info][safepoint] Total time for which application threads were stopped: 0.0000811 seconds, Stopping threads took: 0.0000005 seconds
[89.932s][info][gc       ] [SPS 0.000 0.000 0.000 0.007 0.001 0.001 0.000 0.052 0.020 0.081 NewGC_pause3 89.931755 ]
[89.933s][info][safepoint] Application time: 0.0010490 seconds
[89.933s][info][safepoint] Total time for which application threads were stopped: 0.0001430 seconds, Stopping threads took: 0.0000006 seconds
[89.933s][info][gc       ] [SPS 0.000 0.003 0.002 0.009 0.001 0.001 0.000 0.103 0.030 0.143 NewGC_pause4 89.932947 ]
[89.933s][info][gc       ] [GC New Max 232-217 : 5120 3004 2188 5120 - - 1046 56 2 2 - : 182 1792 30 184 998 : 180 4 817 817 0 : 0 1 90 0 91 - 0 : 0.243868 2526.0 0.0 0.069623 2642.8 0.0 : 3 --c 0000 : 23 0 0.000 0.000 0 0.000 0.000 0 0.000 0.000 : 89.863542 89.865363 0.000216 89.929605 0.000075 89.931674 0.000054 89.932804 0.000053 : 89.933165 ]
[89.934s][info][gc       ] [SYSINFO 7577 191 89 0 7042 0 20 0 0 5745 : - - - - - - - - : 0 7168 : 2.03 1.13 1.43 : 278178 4215412 : 0 0 : 22 0 : 1547 2 0 260 : - 7672803328 333475840 1439936512 5939011584 199507968 93806592 : 140688591 5073990 139300 0 0 0 : 89.933441 ]
[89.934s][info][gc       ] [HUGEPAGESTAT 0 0 0 - 20840 0 0 : 612352 0 0 : 89.933441 ]
[89.934s][info][gc       ] [OBJCREAT 192581695 25249 10569728 : 89.933512 ]
[89.934s][info][gc       ] [HMSV All : 0 0 60 0 0 0 0 0 : 4986 0 0 0 : 89.933530 ]
[89.934s][info][gc       ] [HMSP 9 : 41100 0 : 89.933530 ]
[89.934s][info][gc       ] [VMAC 65530 166 24 430 620 : 89.934146 ]
[90.157s][info][gc       ] [GPGC-H  2535.0 450.4 0.3 0.0 : 30.6 : 0.000 0.000 : 0.000 0.000 0.950 1.770 : 0.000 0.000 0.000 0.000 2.240 0.779 : 0.000 : 89.277 : 808 1792 30 0 : 2267 : 4608 4424 : 90.156991 : 9 Next_heuristic_check_may_be_too_late ]
[90.160s][info][safepoint] Application time: 0.2262189 seconds
[90.160s][info][safepoint] Total time for which application threads were stopped: 0.0005501 seconds, Stopping threads took: 0.0000044 seconds
[90.161s][info][gc       ] [SPS 0.000 0.003 0.004 0.015 0.004 0.007 0.016 0.453 0.044 0.539 NewGC_pause1 90.159721 ]
[90.237s][info][safepoint] Application time: 0.0768299 seconds
[90.237s][info][safepoint] Total time for which application threads were stopped: 0.0001446 seconds, Stopping threads took: 0.0000005 seconds
[90.238s][info][gc       ] [SPS 0.000 0.001 0.000 0.007 0.000 0.001 0.000 0.111 0.025 0.145 NewGC_pause2 90.236696 ]
[90.239s][info][safepoint] Application time: 0.0019410 seconds
[90.239s][info][safepoint] Total time for which application threads were stopped: 0.0001603 seconds, Stopping threads took: 0.0000005 seconds
[90.240s][info][gc       ] [SPS 0.000 0.000 0.000 0.007 0.000 0.001 0.000 0.124 0.028 0.160 NewGC_pause3 90.238797 ]
[90.240s][info][safepoint] Application time: 0.0014525 seconds
[90.241s][info][safepoint] Total time for which application threads were stopped: 0.0001884 seconds, Stopping threads took: 0.0000005 seconds
[90.241s][info][gc       ] [SPS 0.000 0.002 0.002 0.007 0.000 0.001 0.000 0.150 0.030 0.189 NewGC_pause4 90.240438 ]
[90.241s][info][gc       ] [GC New Max 233-218 : 5120 3022 2212 5120 - - 1046 56 2 2 - : 206 1792 30 184 1016 : 204 4 813 813 0 : 0 1 102 0 103 - 0 : 0.224446 2798.0 0.0 0.083032 2505.0 0.0 : 3 --c 0000 : 23 0 0.000 0.000 0 0.000 0.000 0 0.000 0.000 : 90.157611 90.159183 0.000442 90.236551 0.000073 90.238637 0.000086 90.240250 0.000075 : 90.240643 ]
[90.241s][info][gc       ] [SYSINFO 7577 191 89 0 7042 0 20 0 0 5745 : - - - - - - - - : 0 7168 : 2.03 1.13 1.43 : 278178 4215412 : 0 0 : 22 0 : 1547 3 0 260 : - 7672803328 333475840 1439936512 5939011584 199507968 93806592 : 140688591 5074530 139400 0 0 0 : 90.240918 ]
[90.241s][info][gc       ] [HUGEPAGESTAT 0 0 0 - 20840 0 0 : 612352 0 0 : 90.240918 ]
[90.241s][info][gc       ] [OBJCREAT 193409684 25249 10569728 : 90.240968 ]
[90.241s][info][gc       ] [HMSV All : 0 0 60 0 0 0 0 0 : 4986 0 0 0 : 90.240987 ]
[90.241s][info][gc       ] [HMSP 9 : 41100 0 : 90.240987 ]
[90.242s][info][gc       ] [VMAC 65530 166 24 430 620 : 90.241579 ]
[90.463s][info][gc       ] [GPGC-H  2535.0 450.4 0.3 0.0 : 30.6 : 0.000 0.000 : 0.000 0.000 0.938 1.770 : 0.000 0.000 0.000 0.000 2.211 0.779 : 0.000 : 88.399 : 824 1792 30 0 : 2267 : 4608 4424 : 90.462868 : 9 Next_heuristic_check_may_be_too_late ]
[90.466s][info][safepoint] Application time: 0.2249164 seconds
[90.466s][info][safepoint] Total time for which application threads were stopped: 0.0003256 seconds, Stopping threads took: 0.0000005 seconds
[90.467s][info][gc       ] [SPS 0.000 0.036 0.003 0.008 0.001 0.001 0.001 0.281 0.034 0.326 NewGC_pause1 90.465681 ]
[90.529s][info][safepoint] Application time: 0.0627411 seconds
[90.529s][info][safepoint] Total time for which application threads were stopped: 0.0001955 seconds, Stopping threads took: 0.0000005 seconds
[90.529s][info][gc       ] [SPS 0.000 0.001 0.000 0.008 0.000 0.001 0.000 0.162 0.024 0.196 NewGC_pause2 90.528617 ]
[90.531s][info][safepoint] Application time: 0.0019348 seconds
[90.531s][info][safepoint] Total time for which application threads were stopped: 0.0001360 seconds, Stopping threads took: 0.0000005 seconds
[90.531s][info][gc       ] [SPS 0.000 0.000 0.000 0.007 0.001 0.001 0.000 0.103 0.024 0.136 NewGC_pause3 90.530688 ]
[90.532s][info][safepoint] Application time: 0.0012592 seconds
[90.532s][info][safepoint] Total time for which application threads were stopped: 0.0001785 seconds, Stopping threads took: 0.0000005 seconds
[90.533s][info][gc       ] [SPS 0.000 0.002 0.002 0.007 0.000 0.001 0.000 0.140 0.030 0.179 NewGC_pause4 90.532126 ]
[90.533s][info][gc       ] [GC New Max 234-219 : 5120 3014 2192 5120 - - 1046 56 2 2 - : 184 1792 30 184 1008 : 182 2 826 826 0 : 0 1 91 0 92 - 0 : 0.222938 2772.1 0.0 0.068859 2701.2 0.0 : 3 --c 0000 : 23 0 0.000 0.000 0 0.000 0.000 0 0.000 0.000 : 90.463581 90.465355 0.000247 90.528422 0.000112 90.530552 0.000065 90.531948 0.000086 : 90.532440 ]
[90.533s][info][gc       ] [SYSINFO 7577 191 89 0 7042 0 20 0 0 5745 : - - - - - - - - : 0 7168 : 2.03 1.13 1.43 : 278178 4215412 : 0 0 : 22 0 : 1547 2 0 260 : - 7672803328 333475840 1439936512 5939011584 199507968 93806592 : 140688591 5075000 139480 0 0 0 : 90.532731 ]
[90.533s][info][gc       ] [HUGEPAGESTAT 0 0 0 - 20840 0 0 : 612352 0 0 : 90.532731 ]
[90.533s][info][gc       ] [OBJCREAT 194205017 25249 10569728 : 90.532800 ]
[90.533s][info][gc       ] [HMSV All : 0 0 60 0 0 0 0 0 : 4986 0 0 0 : 90.532816 ]
[90.533s][info][gc       ] [HMSP 9 : 41100 0 : 90.532816 ]
[90.533s][info][gc       ] [VMAC 65530 166 24 430 620 : 90.533304 ]
[90.755s][info][gc       ] [GPGC-H  2535.0 410.3 0.3 0.0 : 27.9 : 0.000 0.000 : 0.000 0.000 0.926 1.770 : 0.000 0.000 0.000 0.000 2.184 0.779 : 0.000 : 87.531 : 804 1792 30 0 : 2267 : 4608 4424 : 90.755296 : 9 Next_heuristic_check_may_be_too_late ]
[90.758s][info][safepoint] Application time: 0.2254752 seconds
[90.759s][info][safepoint] Total time for which application threads were stopped: 0.0002820 seconds, Stopping threads took: 0.0000006 seconds
[90.759s][info][gc       ] [SPS 0.000 0.004 0.005 0.009 0.001 0.001 0.000 0.247 0.024 0.282 NewGC_pause1 90.757884 ]
[90.824s][info][safepoint] Application time: 0.0656005 seconds
[90.824s][info][safepoint] Total time for which application threads were stopped: 0.0003235 seconds, Stopping threads took: 0.0000009 seconds
[90.825s][info][gc       ] [SPS 0.000 0.001 0.000 0.028 0.001 0.001 0.001 0.256 0.036 0.324 NewGC_pause2 90.823808 ]
[90.826s][info][safepoint] Application time: 0.0018858 seconds
[90.826s][info][safepoint] Total time for which application threads were stopped: 0.0002065 seconds, Stopping threads took: 0.0000011 seconds
[90.827s][info][gc       ] [SPS 0.000 0.000 0.000 0.009 0.001 0.001 0.000 0.168 0.028 0.207 NewGC_pause3 90.825900 ]
[90.827s][info][safepoint] Application time: 0.0013488 seconds
[90.828s][info][safepoint] Total time for which application threads were stopped: 0.0001684 seconds, Stopping threads took: 0.0000005 seconds
[90.828s][info][gc       ] [SPS 0.000 0.003 0.002 0.008 0.001 0.001 0.000 0.132 0.026 0.168 NewGC_pause4 90.827418 ]
[90.828s][info][gc       ] [GC New Max 235-220 : 5120 3008 2204 5120 - - 1046 56 2 2 - : 198 1792 30 184 1002 : 194 4 807 807 0 : 0 1 97 0 99 - 0 : 0.223302 2785.5 0.0 0.072097 2746.3 0.0 : 3 --c 0000 : 23 0 0.000 0.000 0 0.000 0.000 0 0.000 0.000 : 90.755742 90.757602 0.000230 90.823485 0.000208 90.825694 0.000075 90.827249 0.000101 : 90.827839 ]
[90.828s][info][gc       ] [SYSINFO 7577 191 89 0 7042 0 20 0 0 5745 : - - - - - - - - : 0 7168 : 2.03 1.13 1.43 : 278178 4215412 : 0 0 : 22 0 : 1547 2 0 260 : - 7672803328 333475840 1439936512 5939011584 199507968 93806592 : 140688591 5075470 139590 0 0 0 : 90.828259 ]
[90.828s][info][gc       ] [HUGEPAGESTAT 0 0 0 - 20840 0 0 : 612352 0 0 : 90.828259 ]
[90.828s][info][gc       ] [OBJCREAT 195017517 25249 10569728 : 90.828346 ]
[90.828s][info][gc       ] [HMSV All : 0 0 60 0 0 0 0 0 : 4986 0 0 0 : 90.828377 ]
[90.828s][info][gc       ] [HMSP 9 : 41100 0 : 90.828377 ]
[90.829s][info][gc       ] [VMAC 65530 166 24 430 620 : 90.829004 ]
[91.051s][info][gc       ] [GPGC-H  2535.0 410.3 0.3 0.0 : 27.9 : 0.000 0.000 : 0.000 0.000 0.914 1.770 : 0.000 0.000 0.000 0.000 2.156 0.779 : 0.000 : 86.675 : 816 1792 30 0 : 2267 : 4608 4424 : 91.050835 : 9 Next_heuristic_check_may_be_too_late ]
[91.054s][info][safepoint] Application time: 0.2258730 seconds
[91.054s][info][safepoint] Total time for which application threads were stopped: 0.0002266 seconds, Stopping threads took: 0.0000005 seconds
[91.054s][info][gc       ] [SPS 0.000 0.003 0.003 0.008 0.000 0.001 0.000 0.191 0.027 0.227 NewGC_pause1 91.053518 ]
[91.115s][info][safepoint] Application time: 0.0617559 seconds
[91.116s][info][safepoint] Total time for which application threads were stopped: 0.0001808 seconds, Stopping threads took: 0.0000005 seconds
[91.116s][info][gc       ] [SPS 0.000 0.011 0.000 0.008 0.000 0.014 0.006 0.129 0.024 0.181 NewGC_pause2 91.115455 ]
[91.118s][info][safepoint] Application time: 0.0019836 seconds
[91.118s][info][safepoint] Total time for which application threads were stopped: 0.0001652 seconds, Stopping threads took: 0.0000005 seconds
[91.118s][info][gc       ] [SPS 0.000 0.000 0.000 0.007 0.001 0.001 0.000 0.128 0.029 0.165 NewGC_pause3 91.117603 ]
[91.119s][info][safepoint] Application time: 0.0010489 seconds
[91.119s][info][safepoint] Total time for which application threads were stopped: 0.0001777 seconds, Stopping threads took: 0.0000005 seconds
[91.119s][info][gc       ] [SPS 0.000 0.002 0.002 0.008 0.000 0.001 0.000 0.137 0.031 0.178 NewGC_pause4 91.118830 ]
[91.119s][info][gc       ] [GC New Max 236-221 : 5120 3018 2200 5120 - - 1046 56 2 2 - : 194 1792 30 184 1012 : 192 4 821 821 0 : 0 1 96 0 97 - 0 : 0.223555 2773.4 0.0 0.067700 2895.1 0.0 : 3 --c 0000 : 23 0 0.000 0.000 0 0.000 0.000 0 0.000 0.000 : 91.051394 91.053291 0.000122 91.115274 0.000088 91.117438 0.000073 91.118652 0.000071 : 91.119094 ]
[91.119s][info][gc       ] [SYSINFO 7577 191 89 0 7042 0 20 0 0 5745 : - - - - - - - - : 0 7168 : 2.03 1.13 1.43 : 278178 4215432 : 0 0 : 27 0 : 1547 2 0 260 : - 7672803328 333475840 1439936512 5939011584 199507968 93806592 : 140688591 5075980 139700 0 0 0 : 91.119408 ]
[91.119s][info][gc       ] [HUGEPAGESTAT 0 0 0 - 20840 0 0 : 612352 0 0 : 91.119408 ]
[91.119s][info][gc       ] [OBJCREAT 195826269 25249 10569728 : 91.119459 ]
[91.119s][info][gc       ] [HMSV All : 0 0 60 0 0 0 0 0 : 4986 0 0 0 : 91.119476 ]
[91.119s][info][gc       ] [HMSP 9 : 41100 0 : 91.119476 ]
[91.120s][info][gc       ] [VMAC 65530 166 24 430 620 : 91.120018 ]
[91.382s][info][gc       ] [GPGC-H  2593.3 410.3 0.3 0.0 : 27.9 : 0.000 0.000 : 0.000 0.000 0.903 1.770 : 0.000 0.000 0.000 0.000 2.130 0.779 : 0.000 : 85.827 : 818 1792 30 0 : 2267 : 4608 4424 : 91.381938 : 9 Next_heuristic_check_may_be_too_late ]
[91.384s][info][safepoint] Application time: 0.2653108 seconds
[91.385s][info][safepoint] Total time for which application threads were stopped: 0.0002689 seconds, Stopping threads took: 0.0000005 seconds
[91.386s][info][gc       ] [SPS 0.000 0.003 0.003 0.008 0.000 0.001 0.000 0.215 0.045 0.269 NewGC_pause1 91.384410 ]
[91.460s][info][safepoint] Application time: 0.0753418 seconds
[91.460s][info][safepoint] Total time for which application threads were stopped: 0.0001848 seconds, Stopping threads took: 0.0000005 seconds
[91.461s][info][gc       ] [SPS 0.000 0.001 0.000 0.007 0.000 0.001 0.000 0.152 0.024 0.185 NewGC_pause2 91.459937 ]
[91.462s][info][safepoint] Application time: 0.0018021 seconds
[91.462s][info][safepoint] Total time for which application threads were stopped: 0.0002016 seconds, Stopping threads took: 0.0000007 seconds
[91.463s][info][gc       ] [SPS 0.000 0.000 0.000 0.010 0.001 0.001 0.000 0.159 0.030 0.202 NewGC_pause3 91.461941 ]
[91.463s][info][safepoint] Application time: 0.0012655 seconds
[91.464s][info][safepoint] Total time for which application threads were stopped: 0.0002039 seconds, Stopping threads took: 0.0000009 seconds
[91.464s][info][gc       ] [GC New Max 237-222 : 5120 3044 2224 5120 - - 1046 56 2 2 - : 218 1792 30 184 1038 : 214 4 822 822 0 : 0 1 107 0 109 - 0 : 0.263350 2369.5 0.0 0.081236 2732.8 0.0 : 3 --c 0000 : 23 0 0.000 0.000 0 0.000 0.000 0 0.000 0.000 : 91.382444 91.384141 0.000132 91.459752 0.000118 91.461739 0.000130 91.463207 0.000136 : 91.463680 ]
[91.464s][info][gc       ] [SYSINFO 7577 191 89 0 7042 0 20 0 0 5745 : - - - - - - - - : 0 7168 : 2.03 1.13 1.43 : 278178 4215432 : 0 0 : 27 0 : 1547 2 0 260 : - 7672803328 333475840 1439936512 5939011584 199507968 93806592 : 140688591 5076560 139720 0 0 0 : 91.463930 ]
[91.464s][info][gc       ] [HUGEPAGESTAT 0 0 0 - 20840 0 0 : 612352 0 0 : 91.463930 ]
[91.464s][info][gc       ] [OBJCREAT 196661433 25249 10569728 : 91.463984 ]
[91.464s][info][gc       ] [HMSV All : 0 0 60 0 0 0 0 0 : 4986 0 0 0 : 91.464004 ]
[91.464s][info][gc       ] [HMSP 9 : 41100 0 : 91.464004 ]
[91.464s][info][gc       ] [SPS 0.000 0.004 0.003 0.013 0.001 0.001 0.001 0.163 0.026 0.204 NewGC_pause4 91.463411 ]
[91.465s][info][gc       ] [VMAC 65530 166 24 430 620 : 91.464572 ]
[91.687s][info][gc       ] [GPGC-H  2593.3 410.3 0.3 0.0 : 27.9 : 0.000 0.000 : 0.000 0.000 0.890 1.770 : 0.000 0.000 0.000 0.000 2.099 0.779 : 0.000 : 84.844 : 840 1792 30 0 : 2267 : 4608 4424 : 91.686799 : 9 Next_heuristic_check_may_be_too_late ]
[91.689s][info][safepoint] Application time: 0.2255575 seconds
[91.690s][info][safepoint] Total time for which application threads were stopped: 0.0004639 seconds, Stopping threads took: 0.0000005 seconds
[91.690s][info][gc       ] [SPS 0.000 0.003 0.004 0.007 0.001 0.001 0.000 0.427 0.028 0.464 NewGC_pause1 91.689432 ]
[91.755s][info][safepoint] Application time: 0.0655459 seconds
[91.756s][info][safepoint] Total time for which application threads were stopped: 0.0001794 seconds, Stopping threads took: 0.0000005 seconds
[91.756s][info][gc       ] [SPS 0.000 0.001 0.000 0.007 0.000 0.001 0.000 0.148 0.023 0.179 NewGC_pause2 91.755158 ]
[91.758s][info][safepoint] Application time: 0.0026146 seconds
[91.758s][info][safepoint] Total time for which application threads were stopped: 0.0001631 seconds, Stopping threads took: 0.0000005 seconds
[91.759s][info][gc       ] [SPS 0.000 0.000 0.000 0.007 0.000 0.001 0.000 0.130 0.024 0.163 NewGC_pause3 91.757935 ]
[91.759s][info][safepoint] Application time: 0.0012482 seconds
[91.760s][info][safepoint] Total time for which application threads were stopped: 0.0001844 seconds, Stopping threads took: 0.0000005 seconds
[91.760s][info][gc       ] [SPS 0.000 0.003 0.002 0.007 0.001 0.001 0.000 0.147 0.029 0.185 NewGC_pause4 91.759368 ]
[91.760s][info][gc       ] [GC New Max 238-223 : 5120 3022 2180 5120 - - 1046 56 2 2 - : 174 1792 30 184 1016 : 170 4 844 844 0 : 0 1 85 0 87 - 0 : 0.223700 2789.4 0.0 0.072267 2435.4 0.0 : 3 --c 0000 : 23 0 0.000 0.000 0 0.000 0.000 0 0.000 0.000 : 91.687381 91.688968 0.000394 91.754978 0.000091 91.757772 0.000087 91.759184 0.000104 : 91.759647 ]
[91.760s][info][gc       ] [SYSINFO 7577 191 89 0 7042 0 20 0 0 5745 : - - - - - - - - : 0 7168 : 2.03 1.13 1.43 : 278178 4215432 : 0 0 : 27 0 : 1547 2 0 260 : - 7672803328 333475840 1439936512 5939011584 199507968 93806592 : 140688591 5077040 139760 0 0 0 : 91.759894 ]
[91.760s][info][gc       ] [HUGEPAGESTAT 0 0 0 - 20840 0 0 : 612352 0 0 : 91.759894 ]
[91.760s][info][gc       ] [OBJCREAT 197455215 25249 10569728 : 91.759942 ]
[91.760s][info][gc       ] [HMSV All : 0 0 60 0 0 0 0 0 : 4986 0 0 0 : 91.759961 ]
[91.760s][info][gc       ] [HMSP 9 : 41100 0 : 91.759961 ]
[91.761s][info][gc       ] [VMAC 65530 166 24 430 620 : 91.760530 ]
[92.004s][info][gc       ] [GPGC-H  2593.3 410.3 0.3 0.0 : 27.9 : 0.000 0.000 : 0.000 0.000 0.879 1.770 : 0.000 0.000 0.000 0.000 2.073 0.779 : 0.000 : 84.023 : 794 1792 30 0 : 2267 : 4608 4424 : 92.003690 : 9 Next_heuristic_check_may_be_too_late ]
[92.006s][info][safepoint] Application time: 0.2466503 seconds
[92.007s][info][safepoint] Total time for which application threads were stopped: 0.0003312 seconds, Stopping threads took: 0.0000005 seconds
[92.007s][info][gc       ] [SPS 0.000 0.003 0.003 0.008 0.001 0.001 0.000 0.295 0.027 0.331 NewGC_pause1 92.006350 ]
[92.090s][info][safepoint] Application time: 0.0835118 seconds
[92.091s][info][safepoint] Total time for which application threads were stopped: 0.0001926 seconds, Stopping threads took: 0.0000005 seconds
[92.091s][info][gc       ] [SPS 0.000 0.001 0.000 0.009 0.001 0.001 0.000 0.157 0.026 0.193 NewGC_pause2 92.090055 ]
[92.092s][info][safepoint] Application time: 0.0017866 seconds
[92.093s][info][safepoint] Total time for which application threads were stopped: 0.0001719 seconds, Stopping threads took: 0.0000005 seconds
[92.093s][info][gc       ] [SPS 0.000 0.000 0.000 0.007 0.001 0.001 0.000 0.130 0.033 0.172 NewGC_pause3 92.092013 ]
[92.094s][info][safepoint] Application time: 0.0013359 seconds
[92.094s][info][safepoint] Total time for which application threads were stopped: 0.0001631 seconds, Stopping threads took: 0.0000005 seconds
[92.094s][info][gc       ] [GC New Max 239-224 : 5120 3008 2214 5120 - - 1046 56 2 2 - : 208 1792 30 184 1002 : 204 4 796 796 0 : 0 1 102 0 104 - 0 : 0.244654 2534.2 0.0 0.089434 2348.1 0.0 : 3 --c 0000 : 23 0 0.000 0.000 0 0.000 0.000 0 0.000 0.000 : 92.004301 92.006019 0.000260 92.089862 0.000061 92.091841 0.000055 92.093349 0.000071 : 92.093736 ]
[92.094s][info][gc       ] [SYSINFO 7577 191 89 0 7042 0 20 0 0 5745 : - - - - - - - - : 0 7168 : 2.03 1.13 1.43 : 278178 4215432 : 0 0 : 27 0 : 1547 2 0 260 : - 7672803328 333475840 1439936512 5939011584 199507968 93806592 : 140688591 5077600 139790 0 0 0 : 92.094015 ]
[92.094s][info][gc       ] [HUGEPAGESTAT 0 0 0 - 20840 0 0 : 612352 0 0 : 92.094015 ]
[92.094s][info][gc       ] [OBJCREAT 198276634 25249 10569728 : 92.094065 ]
[92.094s][info][gc       ] [HMSV All : 0 0 60 0 0 0 0 0 : 4986 0 0 0 : 92.094083 ]
[92.094s][info][gc       ] [HMSP 9 : 41100 0 : 92.094083 ]
[92.094s][info][gc       ] [SPS 0.000 0.003 0.002 0.007 0.001 0.001 0.000 0.125 0.029 0.163 NewGC_pause4 92.093512 ]
[92.095s][info][gc       ] [VMAC 65530 166 24 430 620 : 92.094607 ]
[92.316s][info][gc       ] [GPGC-H  2593.3 410.3 0.3 0.0 : 27.9 : 0.000 0.000 : 0.000 0.000 0.867 1.770 : 0.000 0.000 0.000 0.000 2.044 0.779 : 0.000 : 83.146 : 834 1792 30 0 : 2267 : 4608 4424 : 92.316199 : 9 Next_heuristic_check_may_be_too_late ]
[92.318s][info][safepoint] Application time: 0.2246106 seconds
[92.319s][info][safepoint] Total time for which application threads were stopped: 0.0002379 seconds, Stopping threads took: 0.0000005 seconds
[92.319s][info][gc       ] [SPS 0.000 0.003 0.004 0.009 0.001 0.001 0.000 0.208 0.019 0.238 NewGC_pause1 92.318361 ]
[92.387s][info][safepoint] Application time: 0.0687530 seconds
[92.388s][info][safepoint] Total time for which application threads were stopped: 0.0002490 seconds, Stopping threads took: 0.0000005 seconds
[92.388s][info][gc       ] [SPS 0.000 0.001 0.000 0.008 0.001 0.001 0.000 0.206 0.034 0.249 NewGC_pause2 92.387363 ]
[92.390s][info][safepoint] Application time: 0.0022822 seconds
[92.390s][info][safepoint] Total time for which application threads were stopped: 0.0001488 seconds, Stopping threads took: 0.0000005 seconds
[92.391s][info][gc       ] [SPS 0.000 0.000 0.000 0.007 0.001 0.001 0.000 0.112 0.028 0.149 NewGC_pause3 92.389795 ]
[92.391s][info][safepoint] Application time: 0.0013091 seconds
[92.392s][info][safepoint] Total time for which application threads were stopped: 0.0001536 seconds, Stopping threads took: 0.0000006 seconds
[92.392s][info][gc       ] [SPS 0.000 0.002 0.002 0.007 0.001 0.001 0.000 0.118 0.027 0.154 NewGC_pause4 92.391257 ]
[92.392s][info][gc       ] [GC New Max 240-225 : 5120 3058 2226 5120 - - 1046 56 2 2 - : 220 1792 30 184 1052 : 216 4 837 837 0 : 0 1 108 0 110 - 0 : 0.222843 2818.1 0.0 0.074930 2936.1 0.0 : 3 --c 0000 : 23 0 0.000 0.000 0 0.000 0.000 0 0.000 0.000 : 92.316578 92.318123 0.000217 92.387114 0.000134 92.389645 0.000070 92.391104 0.000069 : 92.391508 ]
[92.392s][info][gc       ] [SYSINFO 7577 191 89 0 7042 0 20 0 0 5745 : - - - - - - - - : 0 7168 : 2.03 1.13 1.43 : 278178 4215432 : 0 0 : 27 0 : 1547 2 0 260 : - 7672803328 333475840 1439936512 5939011584 199507968 93806592 : 140688591 5078100 139860 0 0 0 : 92.391807 ]
[92.392s][info][gc       ] [HUGEPAGESTAT 0 0 0 - 20840 0 0 : 612352 0 0 : 92.391807 ]
[92.392s][info][gc       ] [OBJCREAT 199114926 25249 10569728 : 92.391861 ]
[92.392s][info][gc       ] [HMSV All : 0 0 60 0 0 0 0 0 : 4986 0 0 0 : 92.391885 ]
[92.392s][info][gc       ] [HMSP 9 : 41100 0 : 92.391885 ]
[92.392s][info][gc       ] [VMAC 65530 166 24 430 620 : 92.392423 ]
[92.615s][info][gc       ] [GPGC-H  2593.3 410.3 0.3 0.0 : 27.9 : 0.000 0.000 : 0.000 0.000 0.856 1.770 : 0.000 0.000 0.000 0.000 2.018 0.779 : 0.000 : 82.353 : 840 1792 30 0 : 2267 : 4608 4424 : 92.614730 : 9 Next_heuristic_check_may_be_too_late ]
[92.617s][info][safepoint] Application time: 0.2257525 seconds
[92.618s][info][safepoint] Total time for which application threads were stopped: 0.0002214 seconds, Stopping threads took: 0.0000005 seconds
[92.618s][info][gc       ] [SPS 0.000 0.003 0.002 0.007 0.000 0.001 0.000 0.187 0.026 0.222 NewGC_pause1 92.617232 ]
[92.694s][info][safepoint] Application time: 0.0761419 seconds
[92.694s][info][safepoint] Total time for which application threads were stopped: 0.0002188 seconds, Stopping threads took: 0.0000007 seconds
[92.695s][info][gc       ] [SPS 0.000 0.001 0.000 0.012 0.001 0.001 0.001 0.151 0.054 0.219 NewGC_pause2 92.693593 ]
[92.696s][info][safepoint] Application time: 0.0022341 seconds
[92.696s][info][safepoint] Total time for which application threads were stopped: 0.0002258 seconds, Stopping threads took: 0.0000007 seconds
[92.697s][info][gc       ] [SPS 0.000 0.001 0.000 0.011 0.001 0.001 0.001 0.176 0.037 0.226 NewGC_pause3 92.696054 ]
[92.698s][info][safepoint] Application time: 0.0012164 seconds
[92.698s][info][safepoint] Total time for which application threads were stopped: 0.0002262 seconds, Stopping threads took: 0.0000006 seconds
[92.698s][info][gc       ] [GC New Max 241-226 : 5120 3006 2164 5120 - - 1046 56 2 2 - : 158 1792 30 184 1000 : 154 4 844 844 0 : 0 1 77 0 79 - 0 : 0.223818 2779.0 0.0 0.082564 1937.9 0.0 : 3 --c 0000 : 23 0 0.000 0.000 0 0.000 0.000 0 0.000 0.000 : 92.615326 92.617010 0.000120 92.693374 0.000110 92.695828 0.000138 92.697271 0.000129 : 92.697890 ]
[92.698s][info][gc       ] [SYSINFO 7577 191 89 0 7042 0 20 0 0 5745 : - - - - - - - - : 0 7168 : 2.03 1.13 1.43 : 278178 4215432 : 0 0 : 27 0 : 1547 2 0 260 : - 7672803328 333475840 1439936512 5939011584 199507968 93806592 : 140688591 5078620 139960 0 0 0 : 92.698153 ]
[92.698s][info][gc       ] [HUGEPAGESTAT 0 0 0 - 20840 0 0 : 612352 0 0 : 92.698153 ]
[92.698s][info][gc       ] [OBJCREAT 199888484 25249 10569728 : 92.698206 ]
[92.698s][info][gc       ] [HMSV All : 0 0 60 0 0 0 0 0 : 4986 0 0 0 : 92.698228 ]
[92.698s][info][gc       ] [HMSP 9 : 41100 0 : 92.698228 ]
[92.698s][info][gc       ] [SPS 0.000 0.003 0.002 0.008 0.001 0.001 0.000 0.172 0.044 0.226 NewGC_pause4 92.697497 ]
[92.699s][info][gc       ] [VMAC 65530 166 24 430 620 : 92.698839 ]
[92.941s][info][gc       ] [GPGC-H  2593.3 374.0 0.2 0.0 : 25.4 : 0.000 0.000 : 0.000 0.000 0.845 1.770 : 0.000 0.000 0.000 0.000 1.993 0.779 : 0.000 : 81.575 : 812 1792 30 0 : 2267 : 4608 4424 : 92.940752 : 9 Next_heuristic_check_may_be_too_late ]
[92.944s][info][safepoint] Application time: 0.2467101 seconds
[92.945s][info][safepoint] Total time for which application threads were stopped: 0.0002690 seconds, Stopping threads took: 0.0000008 seconds
[92.945s][info][gc       ] [SPS 0.000 0.004 0.003 0.011 0.001 0.001 0.001 0.228 0.027 0.269 NewGC_pause1 92.944477 ]
[93.013s][info][safepoint] Application time: 0.0686128 seconds
[93.014s][info][safepoint] Total time for which application threads were stopped: 0.0002472 seconds, Stopping threads took: 0.0000005 seconds
[93.014s][info][gc       ] [SPS 0.000 0.002 0.000 0.007 0.001 0.001 0.000 0.215 0.023 0.247 NewGC_pause2 93.013337 ]
[93.016s][info][safepoint] Application time: 0.0020847 seconds
[93.016s][info][safepoint] Total time for which application threads were stopped: 0.0001649 seconds, Stopping threads took: 0.0000005 seconds
[93.016s][info][gc       ] [SPS 0.000 0.000 0.000 0.007 0.001 0.001 0.000 0.128 0.028 0.165 NewGC_pause3 93.015586 ]
[93.017s][info][safepoint] Application time: 0.0014320 seconds
[93.017s][info][safepoint] Total time for which application threads were stopped: 0.0001765 seconds, Stopping threads took: 0.0000005 seconds
[93.018s][info][gc       ] [SPS 0.000 0.003 0.002 0.007 0.001 0.001 0.000 0.137 0.031 0.177 NewGC_pause4 93.017195 ]
[93.018s][info][gc       ] [GC New Max 242-227 : 5120 3034 2216 5120 - - 1046 56 2 2 - : 210 1792 30 184 1028 : 208 4 820 820 0 : 0 1 104 0 105 - 0 : 0.244496 2691.3 0.0 0.075040 2851.8 0.0 : 3 --c 0000 : 23 0 0.000 0.000 0 0.000 0.000 0 0.000 0.000 : 92.942386 92.944208 0.000174 93.013089 0.000161 93.015421 0.000085 93.017018 0.000087 : 93.017426 ]
[93.018s][info][gc       ] [SYSINFO 7577 191 89 0 7042 0 20 0 0 5745 : - - - - - - - - : 0 7168 : 2.03 1.13 1.43 : 278178 4215432 : 0 0 : 27 0 : 1547 2 0 260 : - 7672803328 333475840 1439936512 5939011584 199507968 93806592 : 140688591 5079140 140010 0 0 0 : 93.017668 ]
[93.018s][info][gc       ] [HUGEPAGESTAT 0 0 0 - 20840 0 0 : 612352 0 0 : 93.017668 ]
[93.018s][info][gc       ] [OBJCREAT 200753254 25249 10569728 : 93.017742 ]
[93.018s][info][gc       ] [HMSV All : 0 0 60 0 0 0 0 0 : 4986 0 0 0 : 93.017762 ]
[93.018s][info][gc       ] [HMSP 9 : 41100 0 : 93.017762 ]
[93.018s][info][gc       ] [VMAC 65530 166 24 430 620 : 93.018448 ]
[93.240s][info][gc       ] [GPGC-H  2593.3 374.0 0.2 0.0 : 25.4 : 0.000 0.000 : 0.000 0.000 0.834 1.770 : 0.000 0.000 0.000 0.000 1.966 0.779 : 0.000 : 80.723 : 846 1792 30 0 : 2267 : 4608 4424 : 93.240354 : 9 Next_heuristic_check_may_be_too_late ]
[93.243s][info][safepoint] Application time: 0.2256360 seconds
[93.244s][info][safepoint] Total time for which application threads were stopped: 0.0003295 seconds, Stopping threads took: 0.0000005 seconds
[93.244s][info][gc       ] [SPS 0.000 0.003 0.004 0.008 0.001 0.001 0.000 0.285 0.034 0.330 NewGC_pause1 93.243161 ]
[93.320s][info][safepoint] Application time: 0.0767134 seconds
[93.321s][info][safepoint] Total time for which application threads were stopped: 0.0001974 seconds, Stopping threads took: 0.0000005 seconds
[93.321s][info][gc       ] [SPS 0.000 0.001 0.000 0.007 0.001 0.001 0.000 0.153 0.036 0.198 NewGC_pause2 93.320072 ]
[93.322s][info][safepoint] Application time: 0.0018934 seconds
[93.323s][info][safepoint] Total time for which application threads were stopped: 0.0001910 seconds, Stopping threads took: 0.0000005 seconds
[93.323s][info][gc       ] [SPS 0.000 0.000 0.000 0.008 0.000 0.001 0.000 0.152 0.030 0.191 NewGC_pause3 93.322156 ]
[93.323s][info][safepoint] Application time: 0.0010647 seconds
[93.324s][info][safepoint] Total time for which application threads were stopped: 0.0001729 seconds, Stopping threads took: 0.0000005 seconds
[93.324s][info][gc       ] [GC New Max 243-228 : 5120 3026 2176 5120 - - 1046 56 2 2 - : 170 1792 30 184 1020 : 166 4 852 852 0 : 0 1 83 0 85 - 0 : 0.223605 2853.3 0.0 0.082597 2106.6 0.0 : 3 --c 0000 : 23 0 0.000 0.000 0 0.000 0.000 0 0.000 0.000 : 93.241031 93.242831 0.000282 93.319874 0.000073 93.321965 0.000081 93.323221 0.000084 : 93.323627 ]
[93.324s][info][gc       ] [SYSINFO 7577 191 89 0 7042 0 20 0 0 5745 : - - - - - - - - : 0 7168 : 2.03 1.13 1.43 : 278178 4215432 : 0 0 : 27 0 : 1547 2 0 260 : - 7672803328 333475840 1439936512 5939011584 199507968 93806592 : 140688591 5079660 140130 0 0 0 : 93.323947 ]
[93.324s][info][gc       ] [HUGEPAGESTAT 0 0 0 - 20840 0 0 : 612352 0 0 : 93.323947 ]
[93.324s][info][gc       ] [OBJCREAT 201554466 25249 10569728 : 93.323998 ]
[93.324s][info][gc       ] [HMSV All : 0 0 60 0 0 0 0 0 : 4986 0 0 0 : 93.324018 ]
[93.324s][info][gc       ] [HMSP 9 : 41100 0 : 93.324018 ]
[93.324s][info][gc       ] [SPS 0.000 0.002 0.002 0.007 0.001 0.001 0.000 0.134 0.030 0.173 NewGC_pause4 93.323394 ]
[93.325s][info][gc       ] [VMAC 65530 166 24 430 620 : 93.324645 ]
[93.586s][info][gc       ] [GPGC-H  2591.9 374.0 0.2 0.0 : 25.4 : 0.000 0.000 : 0.000 0.000 0.823 1.770 : 0.000 0.000 0.000 0.000 1.941 0.779 : 0.000 : 79.968 : 820 1792 30 0 : 2267 : 4608 4424 : 93.585928 : 9 Next_heuristic_check_may_be_too_late ]
[93.588s][info][safepoint] Application time: 0.2648685 seconds
[93.589s][info][safepoint] Total time for which application threads were stopped: 0.0001759 seconds, Stopping threads took: 0.0000005 seconds
[93.590s][info][gc       ] [SPS 0.000 0.003 0.006 0.008 0.001 0.001 0.000 0.146 0.020 0.176 NewGC_pause1 93.588439 ]
[93.666s][info][safepoint] Application time: 0.0775438 seconds
[93.668s][info][safepoint] Total time for which application threads were stopped: 0.0001734 seconds, Stopping threads took: 0.0000005 seconds
[93.668s][info][gc       ] [SPS 0.000 0.001 0.000 0.008 0.001 0.001 0.000 0.137 0.026 0.173 NewGC_pause2 93.666156 ]
[93.670s][info][safepoint] Application time: 0.0031750 seconds
[93.670s][info][safepoint] Total time for which application threads were stopped: 0.0001850 seconds, Stopping threads took: 0.0000008 seconds
[93.670s][info][gc       ] [SPS 0.000 0.001 0.000 0.011 0.001 0.001 0.001 0.128 0.043 0.185 NewGC_pause3 93.669516 ]
[93.671s][info][safepoint] Application time: 0.0012251 seconds
[93.671s][info][safepoint] Total time for which application threads were stopped: 0.0002412 seconds, Stopping threads took: 0.0000007 seconds
[93.671s][info][gc       ] [SPS 0.000 0.003 0.002 0.009 0.001 0.001 0.000 0.193 0.036 0.241 NewGC_pause4 93.670983 ]
[93.672s][info][gc       ] [GC New Max 244-229 : 5120 3072 2252 5120 - - 1046 56 2 2 - : 246 1792 30 184 1066 : 242 4 823 823 0 : 0 1 121 0 123 - 0 : 0.262843 2473.0 0.0 0.084744 2926.5 0.0 : 3 --c 0000 : 23 0 0.000 0.000 0 0.000 0.000 0 0.000 0.000 : 93.586471 93.588263 0.000151 93.665983 0.000058 93.669331 0.000068 93.670741 0.000155 : 93.671215 ]
[93.672s][info][gc       ] [SYSINFO 7577 191 89 0 7042 0 20 0 0 5745 : - - - - - - - - : 0 7168 : 2.03 1.13 1.43 : 278178 4215432 : 0 0 : 27 0 : 1547 4 0 260 : - 7672803328 333475840 1439936512 5939011584 199507968 93806592 : 140688591 5080230 140190 0 0 0 : 93.671561 ]
[93.672s][info][gc       ] [HUGEPAGESTAT 0 0 0 - 20840 0 0 : 612352 0 0 : 93.671561 ]
[93.672s][info][gc       ] [OBJCREAT 202445586 25249 10569728 : 93.671651 ]
[93.672s][info][gc       ] [HMSV All : 0 0 60 0 0 0 0 0 : 4986 0 0 0 : 93.671670 ]
[93.672s][info][gc       ] [HMSP 9 : 41100 0 : 93.671670 ]
[93.672s][info][gc       ] [VMAC 65530 166 24 430 620 : 93.672278 ]
[93.894s][info][gc       ] [GPGC-H  2591.9 374.0 0.2 0.0 : 25.4 : 0.000 0.000 : 0.000 0.000 0.812 1.770 : 0.000 0.000 0.000 0.000 1.913 0.779 : 0.000 : 79.082 : 884 1792 30 0 : 2267 : 4608 4424 : 93.893861 : 9 Next_heuristic_check_may_be_too_late ]
[93.896s][info][safepoint] Application time: 0.2250749 seconds
[93.897s][info][safepoint] Total time for which application threads were stopped: 0.0003096 seconds, Stopping threads took: 0.0000006 seconds
[93.897s][info][gc       ] [SPS 0.000 0.005 0.005 0.009 0.001 0.001 0.001 0.262 0.036 0.310 NewGC_pause1 93.896367 ]
[93.962s][info][safepoint] Application time: 0.0656328 seconds
[93.963s][info][safepoint] Total time for which application threads were stopped: 0.0001704 seconds, Stopping threads took: 0.0000005 seconds
[93.963s][info][gc       ] [SPS 0.000 0.001 0.000 0.007 0.000 0.001 0.000 0.138 0.024 0.171 NewGC_pause2 93.962171 ]
[93.964s][info][safepoint] Application time: 0.0018946 seconds
[93.965s][info][safepoint] Total time for which application threads were stopped: 0.0001481 seconds, Stopping threads took: 0.0000005 seconds
[93.965s][info][gc       ] [SPS 0.000 0.000 0.000 0.007 0.000 0.001 0.000 0.111 0.028 0.148 NewGC_pause3 93.964214 ]
[93.966s][info][safepoint] Application time: 0.0014940 seconds
[93.966s][info][safepoint] Total time for which application threads were stopped: 0.0001843 seconds, Stopping threads took: 0.0000005 seconds
[93.967s][info][gc       ] [SPS 0.000 0.003 0.002 0.007 0.000 0.001 0.000 0.106 0.070 0.184 NewGC_pause4 93.965892 ]
[93.967s][info][gc       ] [GC New Max 245-230 : 5120 3100 2216 5120 - - 1046 56 2 2 - : 210 1792 30 184 1094 : 206 4 887 887 0 : 0 1 103 0 105 - 0 : 0.223197 2867.4 0.0 0.072052 2914.6 0.0 : 3 --c 0000 : 23 0 0.000 0.000 0 0.000 0.000 0 0.000 0.000 : 93.894411 93.896058 0.000251 93.962000 0.000105 93.964065 0.000065 93.965708 0.000112 : 93.966463 ]
[93.967s][info][gc       ] [SYSINFO 7577 191 89 0 7042 0 20 0 0 5745 : - - - - - - - - : 0 7168 : 2.03 1.13 1.43 : 278178 4215432 : 0 0 : 27 0 : 1547 2 0 260 : - 7672803328 333475840 1439936512 5939011584 199507968 93806592 : 140688591 5080710 140230 0 0 0 : 93.967013 ]
[93.967s][info][gc       ] [HUGEPAGESTAT 0 0 0 - 20840 0 0 : 612352 0 0 : 93.967013 ]
[93.967s][info][gc       ] [OBJCREAT 203287650 25249 10569728 : 93.967173 ]
[93.967s][info][gc       ] [HMSV All : 0 0 60 0 0 0 0 0 : 4986 0 0 0 : 93.967219 ]
[93.967s][info][gc       ] [HMSP 9 : 41100 0 : 93.967219 ]
[93.968s][info][gc       ] [VMAC 65530 166 24 430 620 : 93.967812 ]
[94.170s][info][gc       ] [GPGC-H  2591.9 374.0 0.2 0.0 : 25.4 : 0.000 0.000 : 0.000 0.000 0.802 1.770 : 0.000 0.000 0.000 0.000 1.890 0.779 : 0.000 : 78.341 : 818 1792 30 0 : 2267 : 4608 4424 : 94.170253 : 9 Next_heuristic_check_may_be_too_late ]
[94.174s][info][safepoint] Application time: 0.2074391 seconds
[94.174s][info][safepoint] Total time for which application threads were stopped: 0.0003586 seconds, Stopping threads took: 0.0000004 seconds
[94.175s][info][gc       ] [SPS 0.000 0.005 0.005 0.020 0.000 0.001 0.001 0.314 0.022 0.359 NewGC_pause1 94.173690 ]
[94.253s][info][safepoint] Application time: 0.0787985 seconds
[94.253s][info][safepoint] Total time for which application threads were stopped: 0.0002047 seconds, Stopping threads took: 0.0000005 seconds
[94.253s][info][gc       ] [SPS 0.000 0.001 0.000 0.008 0.000 0.001 0.000 0.171 0.024 0.205 NewGC_pause2 94.252693 ]
[94.255s][info][safepoint] Application time: 0.0016599 seconds
[94.255s][info][safepoint] Total time for which application threads were stopped: 0.0001739 seconds, Stopping threads took: 0.0000006 seconds
[94.255s][info][gc       ] [SPS 0.000 0.001 0.000 0.009 0.001 0.001 0.000 0.120 0.043 0.174 NewGC_pause3 94.254527 ]
[94.256s][info][safepoint] Application time: 0.0011318 seconds
[94.256s][info][safepoint] Total time for which application threads were stopped: 0.0002051 seconds, Stopping threads took: 0.0000006 seconds
[94.257s][info][gc       ] [SPS 0.000 0.003 0.002 0.007 0.001 0.001 0.000 0.169 0.027 0.205 NewGC_pause4 94.255864 ]
[94.256s][info][gc       ] [GC New Max 246-231 : 5120 3068 2248 5120 - - 1046 56 2 2 - : 242 1792 30 184 1062 : 240 4 823 823 0 : 0 1 120 0 121 - 0 : 0.204345 2985.2 0.0 0.085227 2863.0 0.0 : 3 --c 0000 : 23 0 0.000 0.000 0 0.000 0.000 0 0.000 0.000 : 94.170807 94.173331 0.000331 94.252489 0.000122 94.254353 0.000077 94.255659 0.000080 : 94.256034 ]
[94.256s][info][gc       ] [SYSINFO 7577 191 89 0 7042 0 20 0 0 5745 : - - - - - - - - : 0 7168 : 2.03 1.13 1.43 : 278178 4215432 : 0 0 : 27 0 : 1547 4 0 260 : - 7672803328 333475840 1439936512 5939011584 199507968 93806592 : 140688591 5081230 140350 0 0 0 : 94.256349 ]
[94.256s][info][gc       ] [HUGEPAGESTAT 0 0 0 - 20840 0 0 : 612352 0 0 : 94.256349 ]
[94.256s][info][gc       ] [OBJCREAT 204133349 25249 10569728 : 94.256418 ]
[94.256s][info][gc       ] [HMSV All : 0 0 60 0 0 0 0 0 : 4986 0 0 0 : 94.256436 ]
[94.256s][info][gc       ] [HMSP 9 : 41100 0 : 94.256436 ]
[94.257s][info][gc       ] [VMAC 65530 166 24 430 620 : 94.256994 ]
[94.479s][info][gc       ] [GPGC-H  2591.9 374.0 0.2 0.0 : 25.4 : 0.000 0.000 : 0.000 0.000 0.792 1.770 : 0.000 0.000 0.000 0.000 1.867 0.779 : 0.000 : 77.691 : 886 1792 30 0 : 2267 : 4608 4424 : 94.478994 : 9 Next_heuristic_check_may_be_too_late ]
[94.481s][info][safepoint] Application time: 0.2253828 seconds
[94.482s][info][safepoint] Total time for which application threads were stopped: 0.0001296 seconds, Stopping threads took: 0.0000005 seconds
[94.482s][info][gc       ] [SPS 0.000 0.003 0.003 0.007 0.001 0.001 0.000 0.101 0.019 0.129 NewGC_pause1 94.481377 ]
[94.561s][info][safepoint] Application time: 0.0796228 seconds
[94.562s][info][safepoint] Total time for which application threads were stopped: 0.0001655 seconds, Stopping threads took: 0.0000005 seconds
[94.562s][info][gc       ] [SPS 0.000 0.001 0.000 0.007 0.001 0.001 0.000 0.133 0.024 0.166 NewGC_pause2 94.561165 ]
[94.564s][info][safepoint] Application time: 0.0022243 seconds
[94.564s][info][safepoint] Total time for which application threads were stopped: 0.0002064 seconds, Stopping threads took: 0.0000005 seconds
[94.564s][info][gc       ] [SPS 0.000 0.000 0.000 0.008 0.000 0.001 0.000 0.162 0.035 0.206 NewGC_pause3 94.563596 ]
[94.565s][info][safepoint] Application time: 0.0010632 seconds
[94.565s][info][safepoint] Total time for which application threads were stopped: 0.0001324 seconds, Stopping threads took: 0.0000005 seconds
[94.565s][info][gc       ] [GC New Max 247-232 : 5120 3078 2194 5120 - - 1046 56 2 2 - : 188 1792 30 184 1072 : 184 4 888 888 0 : 0 1 92 0 94 - 0 : 0.223501 2881.4 0.0 0.085646 2218.4 0.0 : 3 --c 0000 : 23 0 0.000 0.000 0 0.000 0.000 0 0.000 0.000 : 94.479535 94.481247 0.000108 94.561000 0.000073 94.563390 0.000073 94.564659 0.000101 : 94.565181 ]
[94.566s][info][gc       ] [SYSINFO 7577 191 89 0 7042 0 20 0 0 5745 : - - - - - - - - : 0 7168 : 2.19 1.17 1.44 : 278178 4215432 : 0 0 : 27 0 : 1547 3 0 260 : - 7672803328 333475840 1439936512 5939011584 199507968 93806592 : 140688591 5081780 140360 0 0 0 : 94.565466 ]
[94.566s][info][gc       ] [HUGEPAGESTAT 0 0 0 - 20840 0 0 : 612352 0 0 : 94.565466 ]
[94.566s][info][gc       ] [OBJCREAT 204956424 25249 10569728 : 94.565519 ]
[94.566s][info][gc       ] [HMSV All : 0 0 60 0 0 0 0 0 : 4986 0 0 0 : 94.565540 ]
[94.566s][info][gc       ] [HMSP 9 : 41100 0 : 94.565540 ]
[94.566s][info][gc       ] [SPS 0.000 0.003 0.002 0.007 0.001 0.001 0.000 0.103 0.021 0.133 NewGC_pause4 94.564792 ]
[94.566s][info][gc       ] [VMAC 65530 166 24 430 620 : 94.566141 ]
[94.788s][info][gc       ] [GPGC-H  2591.9 340.9 0.2 0.0 : 23.2 : 0.000 0.000 : 0.000 0.000 0.782 1.770 : 0.000 0.000 0.000 0.000 1.843 0.779 : 0.000 : 76.982 : 828 1792 30 0 : 2267 : 4608 4424 : 94.787854 : 9 Next_heuristic_check_may_be_too_late ]
[94.790s][info][safepoint] Application time: 0.2251055 seconds
[94.791s][info][safepoint] Total time for which application threads were stopped: 0.0003252 seconds, Stopping threads took: 0.0000008 seconds
[94.791s][info][gc       ] [SPS 0.001 0.004 0.004 0.012 0.001 0.001 0.001 0.276 0.035 0.325 NewGC_pause1 94.790223 ]
[94.859s][info][safepoint] Application time: 0.0691343 seconds
[94.860s][info][safepoint] Total time for which application threads were stopped: 0.0000958 seconds, Stopping threads took: 0.0000006 seconds
[94.860s][info][gc       ] [SPS 0.000 0.001 0.000 0.011 0.001 0.001 0.000 0.056 0.027 0.096 NewGC_pause2 94.859453 ]
[94.861s][info][safepoint] Application time: 0.0011719 seconds
[94.861s][info][safepoint] Total time for which application threads were stopped: 0.0000927 seconds, Stopping threads took: 0.0000006 seconds
[94.861s][info][gc       ] [SPS 0.000 0.001 0.000 0.011 0.001 0.001 0.000 0.054 0.026 0.093 NewGC_pause3 94.860718 ]
[94.862s][info][safepoint] Application time: 0.0011119 seconds
[94.862s][info][safepoint] Total time for which application threads were stopped: 0.0001417 seconds, Stopping threads took: 0.0000006 seconds
[94.863s][info][gc       ] [SPS 0.000 0.004 0.002 0.009 0.001 0.001 0.000 0.108 0.024 0.142 NewGC_pause4 94.861971 ]
[94.863s][info][gc       ] [GC New Max 248-233 : 5120 2998 2170 5120 - - 1046 56 2 2 - : 164 1792 30 184 992 : 160 4 831 831 0 : 0 1 80 0 82 - 0 : 0.223069 2869.1 0.0 0.074094 2240.4 0.0 : 3 --c 0000 : 23 0 0.000 0.000 0 0.000 0.000 0 0.000 0.000 : 94.788250 94.789898 0.000240 94.859357 0.000058 94.860625 0.000058 94.861830 0.000092 : 94.862344 ]
[94.863s][info][gc       ] [SYSINFO 7577 191 89 0 7042 0 20 0 0 5745 : - - - - - - - - : 0 7168 : 2.19 1.17 1.44 : 278178 4215432 : 0 0 : 27 0 : 1547 3 0 260 : - 7672803328 333475840 1439936512 5939011584 199507968 93806592 : 140688591 5082270 140430 0 0 0 : 94.862628 ]
[94.863s][info][gc       ] [HUGEPAGESTAT 0 0 0 - 20840 0 0 : 612352 0 0 : 94.862628 ]
[94.863s][info][gc       ] [OBJCREAT 205754585 25249 10569728 : 94.862679 ]
[94.863s][info][gc       ] [HMSV All : 0 0 60 0 0 0 0 0 : 4986 0 0 0 : 94.862699 ]
[94.863s][info][gc       ] [HMSP 9 : 41100 0 : 94.862699 ]
[94.863s][info][gc       ] [VMAC 65530 166 24 430 620 : 94.863391 ]
[95.085s][info][gc       ] [GPGC-H  2591.9 340.9 0.2 0.0 : 23.2 : 0.000 0.000 : 0.000 0.000 0.772 1.770 : 0.000 0.000 0.000 0.000 1.821 0.779 : 0.000 : 76.272 : 824 1792 30 0 : 2267 : 4608 4424 : 95.084575 : 9 Next_heuristic_check_may_be_too_late ]
[95.087s][info][safepoint] Application time: 0.2245979 seconds
[95.087s][info][safepoint] Total time for which application threads were stopped: 0.0002341 seconds, Stopping threads took: 0.0000007 seconds
[95.088s][info][gc       ] [SPS 0.000 0.004 0.003 0.011 0.001 0.001 0.001 0.201 0.020 0.234 NewGC_pause1 95.086804 ]
[95.176s][info][safepoint] Application time: 0.0894493 seconds
[95.177s][info][safepoint] Total time for which application threads were stopped: 0.0000826 seconds, Stopping threads took: 0.0000005 seconds
[95.177s][info][gc       ] [SPS 0.000 0.001 0.000 0.007 0.000 0.001 0.000 0.056 0.017 0.082 NewGC_pause2 95.176336 ]
[95.178s][info][safepoint] Application time: 0.0015427 seconds
[95.178s][info][safepoint] Total time for which application threads were stopped: 0.0001526 seconds, Stopping threads took: 0.0000005 seconds
[95.179s][info][gc       ] [SPS 0.000 0.001 0.000 0.008 0.001 0.001 0.000 0.112 0.031 0.153 NewGC_pause3 95.178031 ]
[95.180s][info][safepoint] Application time: 0.0014334 seconds
[95.180s][info][safepoint] Total time for which application threads were stopped: 0.0000809 seconds, Stopping threads took: 0.0000005 seconds
[95.180s][info][gc       ] [SPS 0.000 0.003 0.002 0.007 0.000 0.001 0.000 0.056 0.017 0.081 NewGC_pause4 95.179546 ]
[95.180s][info][gc       ] [GC New Max 249-234 : 5120 3014 2188 5120 - - 1046 56 2 2 - : 182 1792 30 184 1008 : 180 4 828 828 0 : 0 1 90 0 91 - 0 : 0.222593 2965.1 0.0 0.094896 1960.0 0.0 : 3 --c 0000 : 23 0 0.000 0.000 0 0.000 0.000 0 0.000 0.000 : 95.084937 95.086570 0.000208 95.176253 0.000058 95.177878 0.000115 95.179465 0.000059 : 95.179832 ]
[95.180s][info][gc       ] [SYSINFO 7577 191 89 0 7042 0 20 0 0 5745 : - - - - - - - - : 0 7168 : 2.19 1.17 1.44 : 278178 4215432 : 0 0 : 27 0 : 1547 2 0 260 : - 7672803328 333475840 1439936512 5939011584 199507968 93806592 : 140688591 5082820 140510 0 0 0 : 95.180200 ]
[95.180s][info][gc       ] [HUGEPAGESTAT 0 0 0 - 20840 0 0 : 612352 0 0 : 95.180200 ]
[95.180s][info][gc       ] [OBJCREAT 206593168 25249 10569728 : 95.180286 ]
[95.180s][info][gc       ] [HMSV All : 0 0 60 0 0 0 0 0 : 4986 0 0 0 : 95.180310 ]
[95.180s][info][gc       ] [HMSP 9 : 41100 0 : 95.180310 ]
[95.181s][info][gc       ] [VMAC 65530 166 24 430 620 : 95.180876 ]
[95.402s][info][gc       ] [GPGC-H  2667.5 340.9 0.2 0.0 : 23.2 : 0.000 0.000 : 0.000 0.000 0.762 1.770 : 0.000 0.000 0.000 0.000 1.797 0.779 : 0.000 : 75.597 : 816 1792 30 0 : 2267 : 4608 4424 : 95.402162 : 9 Next_heuristic_check_may_be_too_late ]
[95.405s][info][safepoint] Application time: 0.2251990 seconds
[95.406s][info][safepoint] Total time for which application threads were stopped: 0.0002758 seconds, Stopping threads took: 0.0000005 seconds
[95.406s][info][gc       ] [SPS 0.000 0.003 0.004 0.008 0.000 0.001 0.000 0.210 0.055 0.276 NewGC_pause1 95.405021 ]
[95.475s][info][safepoint] Application time: 0.0701478 seconds
[95.476s][info][safepoint] Total time for which application threads were stopped: 0.0000882 seconds, Stopping threads took: 0.0000005 seconds
[95.476s][info][gc       ] [SPS 0.000 0.001 0.000 0.008 0.001 0.001 0.000 0.063 0.015 0.088 NewGC_pause2 95.475257 ]
[95.477s][info][safepoint] Application time: 0.0015414 seconds
[95.477s][info][safepoint] Total time for which application threads were stopped: 0.0000856 seconds, Stopping threads took: 0.0000005 seconds
[95.477s][info][gc       ] [SPS 0.000 0.001 0.000 0.008 0.001 0.001 0.000 0.057 0.019 0.086 NewGC_pause3 95.476884 ]
[95.478s][info][safepoint] Application time: 0.0010131 seconds
[95.478s][info][safepoint] Total time for which application threads were stopped: 0.0000799 seconds, Stopping threads took: 0.0000006 seconds
[95.479s][info][gc       ] [SPS 0.000 0.003 0.002 0.008 0.001 0.001 0.000 0.052 0.018 0.080 NewGC_pause4 95.477977 ]
[95.479s][info][gc       ] [GC New Max 250-235 : 5120 3046 2228 5120 - - 1046 56 2 2 - : 222 1792 30 184 1040 : 218 4 820 820 0 : 0 1 109 0 111 - 0 : 0.223051 2851.4 0.0 0.075317 2974.1 0.0 : 3 --c 0000 : 23 0 0.000 0.000 0 0.000 0.000 0 0.000 0.000 : 95.402884 95.404745 0.000207 95.475168 0.000060 95.476798 0.000058 95.477897 0.000057 : 95.478201 ]
[95.479s][info][gc       ] [SYSINFO 7577 191 89 0 7042 0 20 0 0 5745 : - - - - - - - - : 0 7168 : 2.19 1.17 1.44 : 278178 4215432 : 0 0 : 27 0 : 1547 2 0 260 : - 7672803328 333475840 1439936512 5939011584 199507968 93806592 : 140688591 5083310 140600 0 0 0 : 95.478479 ]
[95.479s][info][gc       ] [HUGEPAGESTAT 0 0 0 - 20840 0 0 : 612352 0 0 : 95.478479 ]
[95.479s][info][gc       ] [OBJCREAT 207442280 25249 10569728 : 95.478532 ]
[95.479s][info][gc       ] [HMSV All : 0 0 60 0 0 0 0 0 : 4986 0 0 0 : 95.478550 ]
[95.479s][info][gc       ] [HMSP 9 : 41100 0 : 95.478550 ]
[95.479s][info][gc       ] [VMAC 65530 166 24 430 620 : 95.479102 ]
[95.721s][info][gc       ] [GPGC-H  2667.5 340.9 0.2 0.0 : 23.2 : 0.000 0.000 : 0.000 0.000 0.753 1.770 : 0.000 0.000 0.000 0.000 1.775 0.779 : 0.000 : 74.907 : 852 1792 30 0 : 2267 : 4608 4424 : 95.720771 : 9 Next_heuristic_check_may_be_too_late ]
[95.724s][info][safepoint] Application time: 0.2451388 seconds
[95.724s][info][safepoint] Total time for which application threads were stopped: 0.0003862 seconds, Stopping threads took: 0.0000009 seconds
[95.724s][info][gc       ] [SPS 0.000 0.005 0.007 0.013 0.001 0.002 0.001 0.333 0.037 0.386 NewGC_pause1 95.723502 ]
[95.806s][info][safepoint] Application time: 0.0825793 seconds
[95.807s][info][safepoint] Total time for which application threads were stopped: 0.0001906 seconds, Stopping threads took: 0.0000005 seconds
[95.807s][info][gc       ] [SPS 0.000 0.001 0.000 0.007 0.000 0.001 0.000 0.157 0.024 0.191 NewGC_pause2 95.806272 ]
[95.808s][info][safepoint] Application time: 0.0020213 seconds
[95.809s][info][safepoint] Total time for which application threads were stopped: 0.0001898 seconds, Stopping threads took: 0.0000005 seconds
[95.809s][info][gc       ] [SPS 0.000 0.000 0.000 0.007 0.000 0.001 0.000 0.155 0.026 0.190 NewGC_pause3 95.808483 ]
[95.810s][info][safepoint] Application time: 0.0012151 seconds
[95.810s][info][safepoint] Total time for which application threads were stopped: 0.0001205 seconds, Stopping threads took: 0.0000005 seconds
[95.810s][info][gc       ] [SPS 0.000 0.003 0.002 0.007 0.000 0.001 0.000 0.096 0.016 0.120 NewGC_pause4 95.809819 ]
[95.811s][info][gc       ] [VMAC 65530 166 24 430 620 : 95.810990 ]
[95.810s][info][gc       ] [GC New Max 251-236 : 5120 3066 2210 5120 - - 1046 56 2 2 - : 204 1792 30 184 1060 : 200 4 858 858 0 : 0 1 100 0 102 - 0 : 0.242990 2600.9 0.0 0.088933 2338.8 0.0 : 3 --c 0000 : 23 0 0.000 0.000 0 0.000 0.000 0 0.000 0.000 : 95.721191 95.723116 0.000333 95.806082 0.000080 95.808293 0.000099 95.809699 0.000102 : 95.810123 ]
[95.810s][info][gc       ] [SYSINFO 7577 191 89 0 7042 0 20 0 0 5745 : - - - - - - - - : 0 7168 : 2.19 1.17 1.44 : 278178 4215432 : 0 0 : 27 0 : 1547 2 0 260 : - 7672803328 333475840 1439936512 5939011584 199507968 93806592 : 140688591 5083900 140730 0 0 0 : 95.810418 ]
[95.810s][info][gc       ] [HUGEPAGESTAT 0 0 0 - 20840 0 0 : 612352 0 0 : 95.810418 ]
[95.810s][info][gc       ] [OBJCREAT 208272966 25249 10569728 : 95.810486 ]
[95.811s][info][gc       ] [HMSV All : 0 0 60 0 0 0 0 0 : 4986 0 0 0 : 95.810503 ]
[95.811s][info][gc       ] [HMSP 9 : 41100 0 : 95.810503 ]
[96.014s][info][gc       ] [GPGC-H  2667.5 340.9 0.2 0.0 : 23.2 : 0.000 0.000 : 0.000 0.000 0.743 1.770 : 0.000 0.000 0.000 0.000 1.751 0.779 : 0.000 : 74.175 : 820 1792 30 0 : 2267 : 4608 4424 : 96.013697 : 9 Next_heuristic_check_may_be_too_late ]
[96.016s][info][safepoint] Application time: 0.2062085 seconds
[96.017s][info][safepoint] Total time for which application threads were stopped: 0.0003283 seconds, Stopping threads took: 0.0000005 seconds
[96.017s][info][gc       ] [SPS 0.000 0.004 0.002 0.008 0.001 0.001 0.000 0.294 0.025 0.328 NewGC_pause1 96.016356 ]
[96.101s][info][safepoint] Application time: 0.0845910 seconds
[96.102s][info][safepoint] Total time for which application threads were stopped: 0.0001757 seconds, Stopping threads took: 0.0000006 seconds
[96.102s][info][gc       ] [SPS 0.000 0.001 0.000 0.008 0.001 0.001 0.001 0.128 0.037 0.176 NewGC_pause2 96.101123 ]
[96.103s][info][safepoint] Application time: 0.0014780 seconds
[96.103s][info][safepoint] Total time for which application threads were stopped: 0.0001065 seconds, Stopping threads took: 0.0000005 seconds
[96.103s][info][gc       ] [SPS 0.000 0.000 0.000 0.009 0.001 0.001 0.000 0.076 0.019 0.107 NewGC_pause3 96.102708 ]
[96.104s][info][safepoint] Application time: 0.0013175 seconds
[96.105s][info][safepoint] Total time for which application threads were stopped: 0.0001708 seconds, Stopping threads took: 0.0000006 seconds
[96.105s][info][gc       ] [SPS 0.000 0.003 0.002 0.008 0.001 0.001 0.000 0.126 0.035 0.171 NewGC_pause4 96.104196 ]
[96.105s][info][gc       ] [GC New Max 252-237 : 5120 3016 2190 5120 - - 1046 56 2 2 - : 184 1792 30 184 1010 : 184 2 828 828 0 : 0 0 92 0 92 - 0 : 0.204279 3035.1 0.0 0.090078 2087.1 0.0 : 3 --c 0000 : 23 0 0.000 0.000 0 0.000 0.000 0 0.000 0.000 : 96.014402 96.016028 0.000280 96.100947 0.000104 96.102601 0.000080 96.104025 0.000076 : 96.104480 ]
[96.105s][info][gc       ] [SYSINFO 7577 191 89 0 7042 0 20 0 0 5745 : - - - - - - - - : 0 7168 : 2.19 1.17 1.44 : 278178 4215488 : 0 0 : 27 0 : 1547 3 0 260 : - 7672803328 333475840 1439936512 5939011584 199507968 93806592 : 140688591 5084420 140760 0 0 0 : 96.104763 ]
[96.105s][info][gc       ] [HUGEPAGESTAT 0 0 0 - 20840 0 0 : 612352 0 0 : 96.104763 ]
[96.105s][info][gc       ] [OBJCREAT 209074899 25249 10569728 : 96.104822 ]
[96.105s][info][gc       ] [HMSV All : 0 0 60 0 0 0 0 0 : 4986 0 0 0 : 96.104841 ]
[96.105s][info][gc       ] [HMSP 9 : 41100 0 : 96.104841 ]
[96.105s][info][gc       ] [VMAC 65530 166 24 430 620 : 96.105480 ]
[96.206s][info][gc       ] [GPGC-H  2667.5 340.9 0.2 0.0 : 23.2 : 0.000 0.000 : 0.000 0.000 0.734 1.770 : 0.000 0.000 0.000 0.000 1.730 0.779 : 0.000 : 73.586 : 880 1792 30 0 : 2267 : 4608 4424 : 96.206423 : 9 Next_heuristic_check_may_be_too_late ]
[96.210s][info][safepoint] Application time: 0.1053095 seconds
[96.210s][info][safepoint] Total time for which application threads were stopped: 0.0002859 seconds, Stopping threads took: 0.0000007 seconds
[96.211s][info][gc       ] [SPS 0.000 0.005 0.050 0.011 0.001 0.001 0.001 0.244 0.030 0.286 NewGC_pause1 96.209792 ]
[96.567s][info][safepoint] Application time: 0.3565802 seconds
[96.567s][info][safepoint] Total time for which application threads were stopped: 0.0001405 seconds, Stopping threads took: 0.0000005 seconds
[96.567s][info][gc       ] [SPS 0.000 0.001 0.000 0.007 0.001 0.001 0.000 0.116 0.016 0.140 NewGC_pause2 96.566513 ]
[96.568s][info][safepoint] Application time: 0.0015394 seconds
[96.568s][info][safepoint] Total time for which application threads were stopped: 0.0000721 seconds, Stopping threads took: 0.0000005 seconds
[96.569s][info][gc       ] [SPS 0.000 0.000 0.000 0.008 0.001 0.001 0.000 0.046 0.017 0.072 NewGC_pause3 96.568124 ]
[96.570s][info][safepoint] Application time: 0.0014123 seconds
[96.570s][info][safepoint] Total time for which application threads were stopped: 0.0001623 seconds, Stopping threads took: 0.0000008 seconds
[96.570s][info][gc       ] [SPS 0.000 0.004 0.003 0.012 0.001 0.001 0.001 0.124 0.024 0.162 NewGC_pause4 96.569699 ]
[96.570s][info][gc       ] [GC New Max 253-238 : 5120 4364 4102 5120 - - 1046 56 2 2 - : 2096 1792 30 184 2358 : 2089 9 268 268 0 : 0 0 733 0 914 - 134 : 0.102585 6823.6 0.0 0.362908 4072.7 0.0 : 3 --c 0000 : 23 0 0.000 0.000 0 0.000 0.000 0 0.000 0.000 : 96.207065 96.209506 0.000209 96.566372 0.000115 96.568052 0.000050 96.569537 0.000107 : 96.569973 ]
[96.570s][info][gc       ] [SYSINFO 7577 191 89 0 7042 0 20 0 0 5745 : - - - - - - - - : 0 7168 : 2.19 1.17 1.44 : 278178 4215488 : 0 0 : 27 0 : 1547 3 0 260 : - 7672803328 333475840 1439936512 5939011584 199507968 93806592 : 140688591 5085800 140850 0 0 0 : 96.570308 ]
[96.570s][info][gc       ] [HUGEPAGESTAT 0 0 0 - 20840 0 0 : 612352 0 0 : 96.570308 ]
[96.570s][info][gc       ] [OBJCREAT 211227603 25249 10569728 : 96.570379 ]
[96.570s][info][gc       ] [HMSV All : 0 0 70 0 0 0 0 0 : 4986 0 0 0 : 96.570395 ]
[96.570s][info][gc       ] [HMSP 9 : 41100 0 : 96.570395 ]
[96.571s][info][gc       ] [VMAC 65530 166 24 430 620 : 96.570916 ]
[96.632s][info][gc       ] [GPGC-H  2667.5 340.9 0.2 0.0 : 23.2 : 0.000 0.000 : 0.000 0.000 0.726 1.770 : 0.000 0.000 0.000 0.000 1.700 0.779 : 0.000 : 77.962 : 2268 1792 30 0 : 2267 : 4608 4424 : 96.631886 : 8 May_exceed_heap_occupancy_target ]
[96.638s][info][safepoint] Application time: 0.0679872 seconds
[96.638s][info][safepoint] Total time for which application threads were stopped: 0.0002581 seconds, Stopping threads took: 0.0000005 seconds
[96.639s][info][gc       ] [SPS 0.000 0.001 0.020 0.008 0.000 0.001 0.000 0.223 0.026 0.258 NewGC_pause1 96.637945 ]
[97.547s][info][safepoint] Application time: 0.9088862 seconds
[97.547s][info][safepoint] Total time for which application threads were stopped: 0.0000628 seconds, Stopping threads took: 0.0000004 seconds
[97.547s][info][gc       ] [SPS 0.000 0.001 0.000 0.005 0.000 0.001 0.000 0.050 0.006 0.062 NewGC_pause2 97.546894 ]
[97.548s][info][safepoint] Application time: 0.0013120 seconds
[97.549s][info][safepoint] Total time for which application threads were stopped: 0.0001162 seconds, Stopping threads took: 0.0000004 seconds
[97.549s][info][gc       ] [SPS 0.000 0.001 0.000 0.006 0.000 0.001 0.000 0.100 0.010 0.116 NewGC_pause3 97.548322 ]
[97.553s][info][safepoint] Application time: 0.0036913 seconds
[97.553s][info][safepoint] Total time for which application threads were stopped: 0.0011448 seconds, Stopping threads took: 0.0000005 seconds
[97.554s][info][gc       ] [SPS 0.000 0.001 0.000 0.009 0.000 0.001 0.000 1.098 0.036 1.145 OldGC_pause2 97.553158 ]
[97.557s][info][safepoint] Application time: 0.0041861 seconds
[97.558s][info][safepoint] Total time for which application threads were stopped: 0.0001181 seconds, Stopping threads took: 0.0000006 seconds
[97.558s][info][gc       ] [SPS 0.000 0.001 0.000 0.009 0.001 0.001 0.000 0.089 0.019 0.118 OldGC_pause3 97.557463 ]
[97.571s][info][safepoint] Application time: 0.0136988 seconds
[97.589s][info][safepoint] Total time for which application threads were stopped: 0.0001265 seconds, Stopping threads took: 0.0000005 seconds
[97.590s][info][gc       ] [SPS 0.000 0.003 0.004 0.008 0.000 0.001 0.000 0.096 0.021 0.127 NewGC_pause4 97.571288 ]
[97.720s][info][gc       ] [GC NTO Max 254-239 : 5120 4970 4716 5120 - - 1046 56 2 2 - : 2710 1792 30 184 2964 : 2446 7 513 513 93 : 0 307 342 0 1300 - 55 : 0.062400 2756.4 0.0 1.087698 788.8 0.0 : 3 --c 0000 : 23 10131 0.000 0.001 0 0.000 0.000 10131 0.000 0.001 : 96.632373 96.637686 0.000224 97.546831 0.000048 97.548206 0.000074 97.571161 0.000075 : 97.720071 ]
[97.720s][info][gc       ] [SYSINFO 7577 191 89 0 7042 0 20 0 0 5745 : - - - - - - - - : 0 7168 : 2.19 1.17 1.44 : 278178 4215488 : 0 0 : 27 0 : 1547 3 0 260 : - 7672803328 333475840 1439936512 5939011584 199507968 93806592 : 140688591 5089840 140930 0 0 0 : 97.720359 ]
[97.720s][info][gc       ] [HUGEPAGESTAT 0 0 0 - 20840 0 0 : 612352 0 0 : 97.720359 ]
[97.720s][info][gc       ] [OBJCREAT 212262291 25313 10569728 : 97.720416 ]
[97.720s][info][gc       ] [HMSV All : 0 0 70 0 0 0 0 0 : 4986 0 0 0 : 97.720438 ]
[97.720s][info][gc       ] [HMSP 9 : 41100 0 : 97.720438 ]
[97.721s][info][gc       ] [VMAC 65530 166 24 430 620 : 97.721004 ]
[97.722s][info][gc       ] [GPGC-H  2942.3 297.1 0.2 0.0 : 20.2 : 0.000 0.000 : 0.000 0.000 1.087 1.770 : 0.000 0.000 0.000 0.000 1.700 0.779 : 0.000 : 94.574 : 2714 1792 30 0 : 2267 : 4608 4424 : 97.721953 : 3 Heap_use_exceeded_committed ]
[97.725s][info][safepoint] Application time: 0.1531899 seconds
[97.725s][info][safepoint] Total time for which application threads were stopped: 0.0001059 seconds, Stopping threads took: 0.0000006 seconds
[97.725s][info][gc       ] [SPS 0.000 0.002 0.002 0.008 0.001 0.001 0.000 0.066 0.031 0.106 OldGC_pause4 97.724584 ]
[97.726s][info][gc       ] [GC Old Max 255-16 : 5120 4970 2948 5120 - - 1046 56 2 2 - : 2724 10 30 184 1828 : 26 11 1783 1783 0 : 0 6 0 0 20 - 0 : 10.182282 4.7 0.0 1.091369 0.0 0.0 : 1 --c 0000 : 23   -    -    -    -    -    -    -    -    -  : 96.634635 96.637686 0.000224 97.552013 0.001095 97.557345 0.000092 97.724478 0.000066 : 97.726004 ]
[97.726s][info][gc       ] [SYSINFO 7577 191 89 0 7042 0 20 0 0 5745 : - - - - - - - - : 0 7168 : 2.19 1.17 1.44 : 278178 4215488 : 0 0 : 27 0 : 1547 5 0 260 : - 7672803328 333475840 1439936512 5939011584 199507968 93806592 : 140688591 5089840 140930 0 0 0 : 97.726324 ]
[97.726s][info][gc       ] [HUGEPAGESTAT 0 0 0 - 20840 0 0 : 612352 0 0 : 97.726324 ]
[97.726s][info][gc       ] [OBJCREAT 212274186 25313 10569728 : 97.726418 ]
[97.726s][info][gc       ] [HMSV All : 0 0 70 0 0 0 0 0 : 4986 0 0 0 : 97.726477 ]
[97.726s][info][gc       ] [HMSP 9 : 41100 0 : 97.726477 ]
[97.726s][info][gc       ] [COMPSTATS 1 : 5 0 : 1 0 : 0 0 : 517 4 0 0 0 0 : 0 0 0 0 0 0 : 193 195 21 : 521 0 0 0 0 0 0 : 521 0 0 0 0 0 0 ]
[97.726s][info][gc       ] [COMPSTATS 2 : 5 0 : 1 0 : 0 0 : 133 9 0 0 0 0 : 0 0 0 0 0 0 : 62012 62071 10930 : 76 38 28 0 0 0 0 : 17 102 17 3 3 0 0 ]
[97.726s][info][gc       ] [DEOPTSTATS 1 : 1 0 : 0 0 : 0 0 : 0 0 : 0 12 : 0 0 : 0 0 : 0 0 : 0 0 : 0 0 : 0 0 : 0 0 : 0 0 : 0 0 : 0 0 : 0 0 : 0 0 : 0 0 : 0 0 : 0 0 : 0 0 : 0 0 : 0 0 : 0 0 : 0 0 : 0 0 : 0 0 : 0 0 : 0 0 : 0 0 : 6 0 : 0 0 : 0 0 : 0 0 : 0 0 : 0 0 : 0 0 : 0 0 : 0 0 : 0 0 : 0 0 : 0 0 ]
[97.727s][info][gc       ] [DEOPTSTATS 2 : 0 0 : 0 0 : 0 0 : 0 0 : 0 0 : 0 0 : 0 13 : 0 0 : 0 0 : 0 0 : 0 0 : 0 0 : 0 0 : 0 0 : 0 0 : 0 0 : 0 0 : 0 0 : 0 0 : 0 0 : 0 1 : 0 0 : 0 0 : 0 0 : 0 0 : 0 0 : 0 0 : 0 0 : 0 0 : 0 0 : 4 0 : 0 0 : 0 0 : 0 0 : 0 1 : 0 0 : 0 0 : 0 0 : 0 0 : 0 5 : 0 0 : 0 0 ]
[97.727s][info][gc       ] [VMAC 65530 166 24 430 620 : 97.727412 ]
[97.728s][info][gc       ] [CCF 0 0 0 0 36 229376: 2972672 : 380 196608 : 3 49152 : 317 311808 :  509 621056 : 118 412160 : 0 0 : 14 1146880 : 1 2048]
[97.729s][info][safepoint] Application time: 0.0043967 seconds
[97.729s][info][safepoint] Total time for which application threads were stopped: 0.0002252 seconds, Stopping threads took: 0.0000005 seconds
[97.730s][info][gc       ] [SPS 0.000 0.002 0.002 0.007 0.001 0.001 0.000 0.189 0.028 0.225 NewGC_pause1 97.729206 ]
[98.522s][info][safepoint] Application time: 0.7929028 seconds
[98.523s][info][safepoint] Total time for which application threads were stopped: 0.0001650 seconds, Stopping threads took: 0.0000005 seconds
[98.523s][info][gc       ] [SPS 0.000 0.001 0.000 0.009 0.001 0.001 0.000 0.126 0.028 0.165 NewGC_pause2 98.522274 ]
[98.524s][info][safepoint] Application time: 0.0016989 seconds
[98.524s][info][safepoint] Total time for which application threads were stopped: 0.0001652 seconds, Stopping threads took: 0.0000005 seconds
[98.525s][info][gc       ] [SPS 0.000 0.000 0.000 0.008 0.000 0.001 0.000 0.131 0.025 0.165 NewGC_pause3 98.524138 ]
[98.530s][info][safepoint] Application time: 0.0057041 seconds
[98.530s][info][safepoint] Total time for which application threads were stopped: 0.0001317 seconds, Stopping threads took: 0.0000005 seconds
[98.531s][info][gc       ] [SPS 0.000 0.003 0.002 0.007 0.000 0.001 0.000 0.097 0.026 0.132 NewGC_pause4 98.529974 ]
[98.567s][info][gc       ] [GC New Max 256-240 : 5120 4762 3986 5120 - - 1046 56 2 2 - : 3762 10 30 184 4538 : 3571 11 958 958 0 : 0 59 904 0 1826 - 55 : 0.005657 2475.0 0.0 0.840587 2269.8 0.0 : 3 --c 0000 : 23 2549 0.000 0.000 0 0.000 0.000 2549 0.000 0.000 : 97.725728 97.728981 0.000138 98.522109 0.000057 98.523973 0.000051 98.529843 0.000053 : 98.566315 ]
[98.567s][info][gc       ] [SYSINFO 7577 191 89 0 7042 0 20 0 0 5745 : - - - - - - - - : 0 7168 : 2.19 1.17 1.44 : 278178 4215488 : 0 0 : 27 0 : 1547 2 0 260 : - 7672803328 333475840 1439936512 5939011584 199507968 93806592 : 140688591 5093080 141030 0 0 0 : 98.566599 ]
[98.567s][info][gc       ] [HUGEPAGESTAT 0 0 0 - 20840 0 0 : 612352 0 0 : 98.566599 ]
[98.567s][info][gc       ] [OBJCREAT 214166721 25313 10569728 : 98.566655 ]
[98.567s][info][gc       ] [HMSV All : 0 0 70 0 0 0 0 0 : 4986 0 0 0 : 98.566679 ]
[98.567s][info][gc       ] [HMSP 9 : 41100 0 : 98.566679 ]
[98.567s][info][gc       ] [GPGC-H  2927.7 297.1 0.2 0.0 : 20.2 : 0.000 0.000 : 0.000 0.000 1.078 1.495 : 0.000 0.000 0.000 0.000 1.700 0.620 : 0.000 : 99.685 : 3764 10 30 0 : 2267 : 4608 4424 : 98.567255 : 9 Next_heuristic_check_may_be_too_late ]
[98.567s][info][gc       ] [VMAC 65530 166 24 430 620 : 98.567332 ]
[98.571s][info][safepoint] Application time: 0.0408591 seconds
[98.571s][info][safepoint] Total time for which application threads were stopped: 0.0002017 seconds, Stopping threads took: 0.0000005 seconds
[98.572s][info][gc       ] [SPS 0.000 0.004 0.004 0.007 0.001 0.001 0.000 0.165 0.027 0.202 NewGC_pause1 98.571036 ]
[99.189s][info][safepoint] Application time: 0.6179658 seconds
[99.190s][info][safepoint] Total time for which application threads were stopped: 0.0002980 seconds, Stopping threads took: 0.0000006 seconds
[99.190s][info][gc       ] [SPS 0.000 0.001 0.000 0.009 0.001 0.001 0.001 0.247 0.040 0.298 NewGC_pause2 99.189299 ]
[99.191s][info][safepoint] Application time: 0.0014776 seconds
[99.191s][info][safepoint] Total time for which application threads were stopped: 0.0001606 seconds, Stopping threads took: 0.0000005 seconds
[99.192s][info][gc       ] [SPS 0.000 0.001 0.000 0.007 0.001 0.001 0.000 0.123 0.029 0.161 NewGC_pause3 99.190938 ]
[99.214s][info][safepoint] Application time: 0.0233116 seconds
[99.215s][info][safepoint] Total time for which application threads were stopped: 0.0002152 seconds, Stopping threads took: 0.0000005 seconds
[99.215s][info][gc       ] [SPS 0.000 0.003 0.003 0.008 0.000 0.001 0.000 0.176 0.030 0.215 NewGC_pause4 99.214465 ]
[99.707s][info][gc       ] [GC New Max 257-241 : 5120 4796 4070 5120 - - 1046 56 2 2 - : 3080 776 30 184 4572 : 2572 6 1992 1992 51 : 383 0 401 0 1540 - 0 : 0.001218 3284.9 0.0 1.138639 1767.0 0.0 : 3 --c 0000 : 23 2609 0.000 0.001 0 0.000 0.000 2609 0.000 0.001 : 98.567533 98.570834 0.000121 99.189001 0.000252 99.190777 0.000065 99.214249 0.000090 : 99.706171 ]
[99.707s][info][gc       ] [SYSINFO 7577 191 89 0 7042 0 20 0 0 5745 : - - - - - - - - : 0 7168 : 2.33 1.22 1.45 : 278178 4215488 : 0 0 : 27 0 : 1547 2 0 260 : - 7672803328 333475840 1439936512 5939011584 199507968 93806592 : 140688591 5097140 141100 0 0 0 : 99.706576 ]
[99.707s][info][gc       ] [HUGEPAGESTAT 0 0 0 - 20840 0 0 : 612352 0 0 : 99.706576 ]
[99.707s][info][gc       ] [OBJCREAT 216166640 25313 11319296 : 99.706669 ]
[99.707s][info][gc       ] [HMSV All : 0 0 70 0 0 0 0 0 : 4986 0 0 0 : 99.706699 ]
[99.707s][info][gc       ] [HMSP 9 : 41100 0 : 99.706699 ]
[99.707s][info][gc       ] [VMAC 65530 166 24 430 620 : 99.707316 ]
[99.707s][info][gc       ] [GPGC-H  2881.7 297.1 0.2 0.0 : 20.2 : 0.000 0.000 : 0.000 0.000 1.068 1.495 : 0.000 0.000 0.000 0.000 1.918 0.620 : 0.000 : 99.893 : 3082 776 30 0 : 2267 : 4608 4424 : 99.707388 : 8 May_exceed_heap_occupancy_target ]
[99.713s][info][safepoint] Application time: 0.4981198 seconds
[99.713s][info][safepoint] Total time for which application threads were stopped: 0.0001799 seconds, Stopping threads took: 0.0000005 seconds
[99.714s][info][gc       ] [SPS 0.000 0.001 0.005 0.008 0.000 0.001 0.001 0.138 0.031 0.180 NewGC_pause1 99.712764 ]
[100.226s][info][safepoint] Application time: 0.5130363 seconds
[100.226s][info][safepoint] Total time for which application threads were stopped: 0.0000729 seconds, Stopping threads took: 0.0000006 seconds
[100.227s][info][gc       ] [SPS 0.000 0.001 0.000 0.017 0.001 0.001 0.000 0.049 0.004 0.073 NewGC_pause2 100.225874 ]
[100.227s][info][safepoint] Application time: 0.0014793 seconds
[100.228s][info][safepoint] Total time for which application threads were stopped: 0.0001366 seconds, Stopping threads took: 0.0000005 seconds
[100.228s][info][gc       ] [SPS 0.000 0.000 0.000 0.009 0.000 0.001 0.000 0.110 0.016 0.136 NewGC_pause3 100.227490 ]
[100.255s][info][safepoint] Application time: 0.0276393 seconds
[100.256s][info][safepoint] Total time for which application threads were stopped: 0.0001587 seconds, Stopping threads took: 0.0000006 seconds
[100.256s][info][gc       ] [SPS 0.000 0.036 0.006 0.008 0.001 0.001 0.000 0.104 0.045 0.159 NewGC_pause4 100.255288 ]
[100.594s][info][gc       ] [GC NTO Max 258-242 : 5120 4798 3536 5120 - - 1046 56 2 2 - : 1906 1416 30 184 3808 : 1735 4 2071 2071 13 : 320 0 358 0 953 - 0 : 0.001709 2340.7 0.0 0.886117 1710.8 0.0 : 3 --c 0000 : 23 2911 0.000 0.001 0 0.000 0.000 2911 0.000 0.001 : 99.707880 99.712585 0.000141 100.225801 0.000064 100.227353 0.000116 100.255129 0.000061 : 100.593998 ]
[100.594s][info][gc       ] [SYSINFO 7577 191 89 0 7042 0 20 0 0 5745 : - - - - - - - - : 0 7168 : 2.33 1.22 1.45 : 278178 4215488 : 0 0 : 27 0 : 1547 3 0 260 : - 7672803328 333475840 1439936512 5939011584 199507968 93806592 : 140688591 5101190 141170 0 0 0 : 100.594300 ]
[100.594s][info][gc       ] [HUGEPAGESTAT 0 0 0 - 20840 0 0 : 612352 0 0 : 100.594300 ]
[100.594s][info][gc       ] [OBJCREAT 217675940 25313 11974656 : 100.594356 ]
[100.594s][info][gc       ] [HMSV All : 0 0 70 0 0 0 0 0 : 4986 0 0 0 : 100.594386 ]
[100.594s][info][gc       ] [HMSP 9 : 41100 0 : 100.594386 ]
[100.595s][info][gc       ] [GPGC-H  2856.9 477.5 0.2 0.0 : 17.7 : 0.000 0.000 : 0.000 0.000 1.052 1.495 : 0.000 0.000 0.000 0.000 2.382 0.620 : 0.000 : 99.890 : 1906 1416 30 0 : 2267 : 4608 4424 : 100.594954 : 8 May_exceed_heap_occupancy_target ]
[100.595s][info][gc       ] [VMAC 65530 166 24 430 620 : 100.595097 ]
[100.595s][info][safepoint] Application time: 0.3388928 seconds
[100.596s][info][safepoint] Total time for which application threads were stopped: 0.0009895 seconds, Stopping threads took: 0.0000005 seconds
[100.596s][info][gc       ] [SPS 0.000 0.001 0.000 0.008 0.001 0.001 0.000 0.923 0.057 0.990 OldGC_pause2 100.595171 ]
[100.598s][info][safepoint] Application time: 0.0031423 seconds
[100.599s][info][safepoint] Total time for which application threads were stopped: 0.0000935 seconds, Stopping threads took: 0.0000005 seconds
[100.599s][info][gc       ] [SPS 0.000 0.000 0.000 0.008 0.001 0.001 0.000 0.053 0.031 0.094 OldGC_pause3 100.598407 ]
[100.606s][info][safepoint] Application time: 0.0077501 seconds
[100.607s][info][safepoint] Total time for which application threads were stopped: 0.0002036 seconds, Stopping threads took: 0.0000004 seconds
[100.607s][info][gc       ] [SPS 0.000 4.742 0.002 0.007 0.000 0.001 0.000 0.179 0.016 0.204 NewGC_pause1 100.606360 ]
[100.958s][info][safepoint] Application time: 0.3514776 seconds
[100.959s][info][safepoint] Total time for which application threads were stopped: 0.0001600 seconds, Stopping threads took: 0.0000005 seconds
[100.959s][info][gc       ] [SPS 0.000 0.002 0.000 0.007 0.000 0.001 0.000 0.126 0.026 0.160 NewGC_pause2 100.957998 ]
[100.961s][info][safepoint] Application time: 0.0023532 seconds
[100.961s][info][safepoint] Total time for which application threads were stopped: 0.0001957 seconds, Stopping threads took: 0.0000005 seconds
[100.961s][info][gc       ] [SPS 0.000 0.000 0.000 0.009 0.001 0.001 0.000 0.145 0.040 0.196 NewGC_pause3 100.960547 ]
[100.986s][info][safepoint] Application time: 0.0249436 seconds
[100.999s][info][safepoint] Total time for which application threads were stopped: 0.0002132 seconds, Stopping threads took: 0.0000005 seconds
[101.000s][info][gc       ] [SPS 0.000 0.005 0.007 0.008 0.001 0.001 0.000 0.175 0.029 0.213 NewGC_pause4 100.985705 ]
[101.207s][info][gc       ] [GC New Max 260-243 : 5120 4442 3616 5120 - - 1046 56 2 2 - : 1646 1756 30 184 2812 : 1263 4 1547 1547 0 : 170 0 440 0 823 - 0 : 0.005385 1857.1 0.0 0.607223 2654.7 0.0 : 3 --c 0000 : 23 0 0.000 0.000 0 0.000 0.000 0 0.000 0.000 : 100.599382 100.606157 0.000181 100.957838 0.000059 100.960352 0.000107 100.985491 0.000117 : 101.206606 ]
[101.207s][info][gc       ] [SYSINFO 7577 191 89 0 7042 0 20 0 0 5745 : - - - - - - - - : 0 7168 : 2.33 1.22 1.45 : 278178 4215488 : 0 0 : 27 0 : 1547 2 0 260 : - 7672803328 333475840 1439936512 5939011584 199507968 93806592 : 140688591 5103500 141310 0 0 0 : 101.206889 ]
[101.207s][info][gc       ] [HUGEPAGESTAT 0 0 0 - 20840 0 0 : 612352 0 0 : 101.206889 ]
[101.207s][info][gc       ] [OBJCREAT 219284164 25313 12285952 : 101.206943 ]
[101.207s][info][gc       ] [HMSV All : 0 0 70 0 0 0 0 0 : 4986 0 0 0 : 101.206963 ]
[101.207s][info][gc       ] [HMSP 9 : 41100 0 : 101.206963 ]
[101.208s][info][gc       ] [GPGC-H  2856.9 477.5 0.2 0.0 : 17.7 : 0.000 0.000 : 0.000 0.000 1.036 1.495 : 0.000 0.000 0.000 0.000 2.382 0.620 : 0.000 : 99.886 : 1648 1756 30 0 : 2267 : 4608 4424 : 101.207689 : 8 May_exceed_heap_occupancy_target ]
[101.208s][info][gc       ] [VMAC 65530 166 24 430 620 : 101.207522 ]
[101.210s][info][safepoint] Application time: 0.2245650 seconds
[101.211s][info][safepoint] Total time for which application threads were stopped: 0.0001866 seconds, Stopping threads took: 0.0000005 seconds
[101.211s][info][gc       ] [SPS 0.000 0.003 0.004 0.008 0.001 0.001 0.000 0.150 0.027 0.187 OldGC_pause4 101.210456 ]
[101.215s][info][safepoint] Application time: 0.0044016 seconds
[101.216s][info][safepoint] Total time for which application threads were stopped: 0.0003399 seconds, Stopping threads took: 0.0000005 seconds
[101.216s][info][gc       ] [SPS 0.000 0.118 0.003 0.007 0.001 0.001 0.000 0.302 0.029 0.340 NewGC_pause1 101.215198 ]
[101.218s][info][gc       ] [GC Old Max 259-17 : 5120 4798 3630 5120 - - 1046 56 2 2 - : 1672 1748 26 184 1790 : 1765 15 3 3 0 : 0 6 490 0 832 - 55 : 1.983817 369.0 0.0 1.507482 626.2 0.0 : 1 --c 0000 : 23   -    -    -    -    -    -    -    -    -  : 99.709821 99.712585 0.000141 100.594181 0.000924 100.598313 0.000056 101.210270 0.000118 : 101.217303 ]
[101.218s][info][gc       ] [SYSINFO 7577 191 89 0 7042 0 20 0 0 5745 : - - - - - - - - : 0 7168 : 2.33 1.22 1.45 : 278178 4215488 : 0 0 : 27 0 : 1547 5 0 260 : - 7672803328 333475840 1439936512 5939011584 199507968 93806592 : 140688591 5103520 141310 0 0 0 : 101.217622 ]
[101.218s][info][gc       ] [HUGEPAGESTAT 0 0 0 - 20840 0 0 : 612352 0 0 : 101.217622 ]
[101.218s][info][gc       ] [OBJCREAT 219309796 25313 12285952 : 101.217695 ]
[101.218s][info][gc       ] [HMSV All : 0 0 70 0 0 0 0 0 : 4986 0 0 0 : 101.217721 ]
[101.218s][info][gc       ] [HMSP 9 : 41100 0 : 101.217721 ]
[101.218s][info][gc       ] [COMPSTATS 1 : 5 0 : 1 0 : 0 0 : 517 4 0 0 0 0 : 0 0 0 0 0 0 : 193 195 21 : 521 0 0 0 0 0 0 : 521 0 0 0 0 0 0 ]
[101.218s][info][gc       ] [COMPSTATS 2 : 5 0 : 1 0 : 0 0 : 133 9 0 0 0 0 : 0 0 0 0 0 0 : 62012 62071 10930 : 76 38 28 0 0 0 0 : 17 102 17 3 3 0 0 ]
[101.218s][info][gc       ] [DEOPTSTATS 1 : 1 0 : 0 0 : 0 0 : 0 0 : 0 12 : 0 0 : 0 0 : 0 0 : 0 0 : 0 0 : 0 0 : 0 0 : 0 0 : 0 0 : 0 0 : 0 0 : 0 0 : 0 0 : 0 0 : 0 0 : 0 0 : 0 0 : 0 0 : 0 0 : 0 0 : 0 0 : 0 0 : 0 0 : 0 0 : 0 0 : 6 0 : 0 0 : 0 0 : 0 0 : 0 0 : 0 0 : 0 0 : 0 0 : 0 0 : 0 0 : 0 0 : 0 0 ]
[101.218s][info][gc       ] [DEOPTSTATS 2 : 0 0 : 0 0 : 0 0 : 0 0 : 0 0 : 0 0 : 0 13 : 0 0 : 0 0 : 0 0 : 0 0 : 0 0 : 0 0 : 0 0 : 0 0 : 0 0 : 0 0 : 0 0 : 0 0 : 0 0 : 0 1 : 0 0 : 0 0 : 0 0 : 0 0 : 0 0 : 0 0 : 0 0 : 0 0 : 0 0 : 4 0 : 0 0 : 0 0 : 0 0 : 0 1 : 0 0 : 0 0 : 0 0 : 0 0 : 0 5 : 0 0 : 0 0 ]
[101.219s][info][gc       ] [VMAC 65530 166 24 430 620 : 101.218590 ]
[101.220s][info][gc       ] [CCF 0 0 0 0 36 229376: 2972672 : 380 196608 : 3 49152 : 317 311808 :  509 621056 : 118 412160 : 0 0 : 14 1146880 : 1 2048]
[101.396s][info][safepoint] Application time: 0.1807264 seconds
[101.397s][info][safepoint] Total time for which application threads were stopped: 0.0001977 seconds, Stopping threads took: 0.0000005 seconds
[101.397s][info][gc       ] [SPS 0.000 0.001 0.000 0.008 0.000 0.001 0.000 0.164 0.023 0.198 NewGC_pause2 101.396122 ]
[101.398s][info][safepoint] Application time: 0.0013691 seconds
[101.398s][info][safepoint] Total time for which application threads were stopped: 0.0001759 seconds, Stopping threads took: 0.0000005 seconds
[101.398s][info][gc       ] [SPS 0.000 0.000 0.000 0.008 0.000 0.001 0.000 0.119 0.048 0.176 NewGC_pause3 101.397667 ]
[101.406s][info][safepoint] Application time: 0.0084035 seconds
[101.407s][info][safepoint] Total time for which application threads were stopped: 0.0002318 seconds, Stopping threads took: 0.0000005 seconds
[101.407s][info][gc       ] [SPS 0.000 0.005 0.007 0.008 0.001 0.001 0.000 0.163 0.059 0.232 NewGC_pause4 101.406303 ]
[101.462s][info][gc       ] [GC New Max 261-244 : 5120 4122 2688 5120 - - 1046 56 2 2 - : 682 1796 26 184 2164 : 545 4 1617 1617 0 : 24 1 249 0 341 - 0 : 0.005701 2455.8 0.0 0.249236 2752.4 0.0 : 3 --c 0000 : 23 0 0.000 0.000 0 0.000 0.000 0 0.000 0.000 : 101.212307 101.214858 0.000263 101.395925 0.000109 101.397491 0.000064 101.406071 0.000111 : 101.461542 ]
[101.462s][info][gc       ] [SYSINFO 7577 191 89 0 7042 0 20 0 0 5745 : - - - - - - - - : 0 7168 : 2.33 1.22 1.45 : 278178 4215488 : 0 0 : 27 0 : 1547 2 0 260 : - 7672803328 333475840 1439936512 5939011584 199507968 93806592 : 140688591 5104480 141390 0 0 0 : 101.461817 ]
[101.462s][info][gc       ] [HUGEPAGESTAT 0 0 0 - 20840 0 0 : 612352 0 0 : 101.461817 ]
[101.462s][info][gc       ] [OBJCREAT 219979791 25313 12335104 : 101.461881 ]
[101.462s][info][gc       ] [HMSV All : 0 0 70 0 0 0 0 0 : 4986 0 0 0 : 101.461903 ]
[101.462s][info][gc       ] [HMSP 9 : 41100 0 : 101.461903 ]
[101.462s][info][gc       ] [VMAC 65530 166 24 430 620 : 101.462415 ]
[101.463s][info][gc       ] [GPGC-H  2856.9 477.5 0.2 0.0 : 17.7 : 0.000 0.000 : 0.000 0.000 1.025 1.507 : 0.000 0.000 0.000 0.000 2.378 0.602 : 0.000 : 99.880 : 686 1796 26 0 : 2267 : 4608 4424 : 101.463094 : 9 Next_heuristic_check_may_be_too_late ]
[101.466s][info][safepoint] Application time: 0.0590263 seconds
[101.466s][info][safepoint] Total time for which application threads were stopped: 0.0003566 seconds, Stopping threads took: 0.0000006 seconds
[101.466s][info][gc       ] [SPS 0.000 0.004 0.006 0.009 0.001 0.001 0.000 0.301 0.045 0.357 NewGC_pause1 101.465686 ]
[101.565s][info][safepoint] Application time: 0.0993183 seconds
[101.566s][info][safepoint] Total time for which application threads were stopped: 0.0001670 seconds, Stopping threads took: 0.0000006 seconds
[101.566s][info][gc       ] [SPS 0.000 0.001 0.000 0.008 0.001 0.001 0.000 0.136 0.022 0.167 NewGC_pause2 101.565171 ]
[101.567s][info][safepoint] Application time: 0.0018606 seconds
[101.568s][info][safepoint] Total time for which application threads were stopped: 0.0001015 seconds, Stopping threads took: 0.0000005 seconds
[101.568s][info][gc       ] [SPS 0.000 0.001 0.000 0.008 0.001 0.001 0.000 0.062 0.029 0.102 NewGC_pause3 101.567134 ]
[101.568s][info][safepoint] Application time: 0.0011921 seconds
[101.569s][info][safepoint] Total time for which application threads were stopped: 0.0001466 seconds, Stopping threads took: 0.0000005 seconds
[101.569s][info][gc       ] [SPS 0.000 0.002 0.002 0.007 0.000 0.001 0.000 0.119 0.020 0.147 NewGC_pause4 101.568473 ]
[101.569s][info][gc       ] [GC New Max 262-245 : 5120 2980 2290 5120 - - 1046 56 2 2 - : 284 1796 26 184 974 : 280 4 692 692 0 : 0 1 140 0 142 - 0 : 0.002271 2642.5 0.0 0.104968 2743.7 0.0 : 3 --c 0000 : 23 0 0.000 0.000 0 0.000 0.000 0 0.000 0.000 : 101.463813 101.465329 0.000249 101.565004 0.000135 101.567032 0.000063 101.568326 0.000120 : 101.568781 ]
[101.569s][info][gc       ] [SYSINFO 7577 191 89 0 7042 0 20 0 0 5745 : - - - - - - - - : 0 7168 : 2.33 1.22 1.45 : 278178 4215488 : 0 0 : 27 0 : 1547 2 0 260 : - 7672803328 333475840 1439936512 5939011584 199507968 93806592 : 140688591 5104870 141410 0 0 0 : 101.569072 ]
[101.569s][info][gc       ] [HUGEPAGESTAT 0 0 0 - 20840 0 0 : 612352 0 0 : 101.569072 ]
[101.569s][info][gc       ] [OBJCREAT 220269615 25313 12335104 : 101.569156 ]
[101.569s][info][gc       ] [HMSV All : 0 0 70 0 0 0 0 0 : 4986 0 0 0 : 101.569218 ]
[101.569s][info][gc       ] [HMSP 9 : 41100 0 : 101.569218 ]
[101.570s][info][gc       ] [VMAC 65530 166 24 430 620 : 101.569736 ]
[101.772s][info][gc       ] [GPGC-H  2856.9 477.5 0.2 0.0 : 17.7 : 0.000 0.000 : 0.000 0.000 1.020 1.507 : 0.000 0.000 0.000 0.000 2.374 0.602 : 0.000 : 99.870 : 888 1796 26 0 : 2267 : 4608 4424 : 101.772133 : 9 Next_heuristic_check_may_be_too_late ]
[101.775s][info][safepoint] Application time: 0.2059392 seconds
[101.775s][info][safepoint] Total time for which application threads were stopped: 0.0002691 seconds, Stopping threads took: 0.0000007 seconds
[101.776s][info][gc       ] [SPS 0.000 0.003 0.004 0.018 0.001 0.001 0.001 0.223 0.025 0.269 NewGC_pause1 101.774681 ]
[101.839s][info][safepoint] Application time: 0.0638814 seconds
[101.839s][info][safepoint] Total time for which application threads were stopped: 0.0001514 seconds, Stopping threads took: 0.0000005 seconds
[101.839s][info][gc       ] [SPS 0.000 0.001 0.000 0.007 0.000 0.001 0.000 0.118 0.025 0.152 NewGC_pause2 101.838714 ]
[101.841s][info][safepoint] Application time: 0.0016769 seconds
[101.841s][info][safepoint] Total time for which application threads were stopped: 0.0002078 seconds, Stopping threads took: 0.0000005 seconds
[101.841s][info][gc       ] [SPS 0.000 0.000 0.000 0.008 0.000 0.001 0.000 0.153 0.045 0.208 NewGC_pause3 101.840599 ]
[101.842s][info][safepoint] Application time: 0.0011418 seconds
[101.842s][info][safepoint] Total time for which application threads were stopped: 0.0001640 seconds, Stopping threads took: 0.0000005 seconds
[101.843s][info][gc       ] [SPS 0.000 0.003 0.002 0.007 0.000 0.001 0.000 0.128 0.028 0.164 NewGC_pause4 101.841905 ]
[101.843s][info][gc       ] [VMAC 65530 166 24 430 620 : 101.843147 ]
[101.843s][info][gc       ] [GC New Max 263-246 : 5120 3096 2206 5120 - - 1046 56 2 2 - : 200 1796 26 184 1090 : 196 4 892 892 0 : 0 1 98 0 100 - 0 : 0.203873 2962.6 0.0 0.069455 2937.1 0.0 : 3 --c 0000 : 23 0 0.000 0.000 0 0.000 0.000 0 0.000 0.000 : 101.772654 101.774412 0.000164 101.838563 0.000075 101.840391 0.000107 101.841741 0.000073 : 101.842109 ]
[101.843s][info][gc       ] [SYSINFO 7577 191 89 0 7042 0 20 0 0 5745 : - - - - - - - - : 0 7168 : 2.33 1.22 1.45 : 278178 4215488 : 0 0 : 27 0 : 1547 4 0 260 : - 7672803328 333475840 1439936512 5939011584 199507968 93806592 : 140688591 5105340 141500 0 0 0 : 101.842494 ]
[101.843s][info][gc       ] [HUGEPAGESTAT 0 0 0 - 20840 0 0 : 612352 0 0 : 101.842494 ]
[101.843s][info][gc       ] [OBJCREAT 221066601 25313 12335104 : 101.842583 ]
[101.843s][info][gc       ] [HMSV All : 0 0 70 0 0 0 0 0 : 4986 0 0 0 : 101.842605 ]
[101.843s][info][gc       ] [HMSP 9 : 41100 0 : 101.842605 ]
[102.066s][info][gc       ] [GPGC-H  2856.9 477.5 0.2 0.0 : 17.7 : 0.000 0.000 : 0.000 0.000 1.008 1.507 : 0.000 0.000 0.000 0.000 2.357 0.602 : 0.000 : 98.936 : 826 1796 26 0 : 2267 : 4608 4424 : 102.065721 : 9 Next_heuristic_check_may_be_too_late ]
[102.068s][info][safepoint] Application time: 0.2262085 seconds
[102.069s][info][safepoint] Total time for which application threads were stopped: 0.0002135 seconds, Stopping threads took: 0.0000006 seconds
[102.069s][info][gc       ] [SPS 0.000 0.005 0.004 0.008 0.001 0.001 0.000 0.175 0.028 0.214 NewGC_pause1 102.068327 ]
[102.137s][info][safepoint] Application time: 0.0688848 seconds
[102.138s][info][safepoint] Total time for which application threads were stopped: 0.0001318 seconds, Stopping threads took: 0.0000005 seconds
[102.138s][info][gc       ] [SPS 0.000 0.001 0.000 0.007 0.000 0.001 0.000 0.107 0.015 0.132 NewGC_pause2 102.137344 ]
[102.139s][info][safepoint] Application time: 0.0019379 seconds
[102.140s][info][safepoint] Total time for which application threads were stopped: 0.0001266 seconds, Stopping threads took: 0.0000005 seconds
[102.140s][info][gc       ] [SPS 0.000 0.000 0.000 0.007 0.000 0.001 0.000 0.103 0.015 0.127 NewGC_pause3 102.139408 ]
[102.141s][info][safepoint] Application time: 0.0012202 seconds
[102.141s][info][safepoint] Total time for which application threads were stopped: 0.0001719 seconds, Stopping threads took: 0.0000006 seconds
[102.142s][info][gc       ] [SPS 0.000 0.003 0.002 0.008 0.001 0.001 0.000 0.140 0.020 0.170 NewGC_pause4 102.140804 ]
[102.142s][info][gc       ] [VMAC 65530 166 24 430 620 : 102.141965 ]
[102.141s][info][gc       ] [GC New Max 264-247 : 5120 3044 2218 5120 - - 1046 56 2 2 - : 212 1796 26 184 1038 : 210 4 828 828 0 : 0 1 105 0 106 - 0 : 0.224201 2792.1 0.0 0.074843 2859.3 0.0 : 3 --c 0000 : 23 0 0.000 0.000 0 0.000 0.000 0 0.000 0.000 : 102.066310 102.068114 0.000113 102.137212 0.000111 102.139282 0.000107 102.140633 0.000145 : 102.141153 ]
[102.141s][info][gc       ] [SYSINFO 7577 191 89 0 7042 0 20 0 0 5745 : - - - - - - - - : 0 7168 : 2.33 1.22 1.45 : 278178 4215488 : 0 0 : 27 0 : 1547 2 0 260 : - 7672803328 333475840 1439936512 5939011584 199507968 93806592 : 140688591 5105860 141560 0 0 0 : 102.141415 ]
[102.141s][info][gc       ] [HUGEPAGESTAT 0 0 0 - 20840 0 0 : 612352 0 0 : 102.141415 ]
[102.141s][info][gc       ] [OBJCREAT 221899599 25313 12335104 : 102.141465 ]
[102.141s][info][gc       ] [HMSV All : 0 0 70 0 0 0 0 0 : 4986 0 0 0 : 102.141471 ]
[102.141s][info][gc       ] [HMSP 9 : 41100 0 : 102.141471 ]
[102.366s][info][gc       ] [GPGC-H  2829.0 477.5 0.2 0.0 : 17.7 : 0.000 0.000 : 0.000 0.000 0.996 1.507 : 0.000 0.000 0.000 0.000 2.333 0.602 : 0.000 : 97.921 : 834 1796 26 0 : 2267 : 4608 4424 : 102.365717 : 9 Next_heuristic_check_may_be_too_late ]
[102.369s][info][safepoint] Application time: 0.2276522 seconds
[102.369s][info][safepoint] Total time for which application threads were stopped: 0.0005096 seconds, Stopping threads took: 0.0000005 seconds
[102.370s][info][gc       ] [SPS 0.000 0.003 0.003 0.007 0.000 0.001 0.000 0.465 0.036 0.510 NewGC_pause1 102.368966 ]
[102.436s][info][safepoint] Application time: 0.0670807 seconds
[102.437s][info][safepoint] Total time for which application threads were stopped: 0.0001864 seconds, Stopping threads took: 0.0000005 seconds
[102.437s][info][gc       ] [SPS 0.000 0.001 0.000 0.007 0.000 0.001 0.000 0.144 0.034 0.187 NewGC_pause2 102.436233 ]
[102.438s][info][safepoint] Application time: 0.0018574 seconds
[102.439s][info][safepoint] Total time for which application threads were stopped: 0.0001653 seconds, Stopping threads took: 0.0000005 seconds
[102.439s][info][gc       ] [SPS 0.000 0.000 0.000 0.007 0.000 0.001 0.000 0.129 0.027 0.165 NewGC_pause3 102.438256 ]
[102.440s][info][safepoint] Application time: 0.0011469 seconds
[102.440s][info][safepoint] Total time for which application threads were stopped: 0.0001844 seconds, Stopping threads took: 0.0000005 seconds
[102.440s][info][gc       ] [SPS 0.000 0.002 0.002 0.007 0.001 0.001 0.000 0.148 0.028 0.185 NewGC_pause4 102.439587 ]
[102.440s][info][gc       ] [GC New Max 265-248 : 5120 3046 2208 5120 - - 1046 56 2 2 - : 202 1796 26 184 1040 : 202 2 840 840 0 : 0 0 101 0 101 - 0 : 0.225285 2769.8 0.0 0.073378 2807.4 0.0 : 3 --c 0000 : 23 0 0.000 0.000 0 0.000 0.000 0 0.000 0.000 : 102.366439 102.368456 0.000394 102.436046 0.000080 102.438090 0.000080 102.439402 0.000113 : 102.439817 ]
[102.440s][info][gc       ] [SYSINFO 7577 191 89 0 7042 0 20 0 0 5745 : - - - - - - - - : 0 7168 : 2.33 1.22 1.45 : 278178 4215488 : 0 0 : 27 0 : 1547 2 0 260 : - 7672803328 333475840 1439936512 5939011584 199507968 93806592 : 140688591 5106340 141590 0 0 0 : 102.440077 ]
[102.440s][info][gc       ] [HUGEPAGESTAT 0 0 0 - 20840 0 0 : 612352 0 0 : 102.440077 ]
[102.440s][info][gc       ] [OBJCREAT 222721580 25313 12335104 : 102.440134 ]
[102.440s][info][gc       ] [HMSV All : 0 0 70 0 0 0 0 0 : 4986 0 0 0 : 102.440159 ]
[102.440s][info][gc       ] [HMSP 9 : 41100 0 : 102.440159 ]
[102.441s][info][gc       ] [VMAC 65530 166 24 430 620 : 102.441102 ]
[102.704s][info][gc       ] [GPGC-H  2829.0 450.8 0.2 0.0 : 16.1 : 0.000 0.000 : 0.000 0.000 0.983 1.507 : 0.000 0.000 0.000 0.000 2.305 0.602 : 0.000 : 96.916 : 844 1796 26 0 : 2267 : 4608 4424 : 102.703587 : 9 Next_heuristic_check_may_be_too_late ]
[102.706s][info][safepoint] Application time: 0.2663741 seconds
[102.707s][info][safepoint] Total time for which application threads were stopped: 0.0001955 seconds, Stopping threads took: 0.0000005 seconds
[102.707s][info][gc       ] [SPS 0.000 0.004 0.002 0.008 0.000 0.001 0.000 0.160 0.026 0.195 NewGC_pause1 102.706157 ]
[102.770s][info][safepoint] Application time: 0.0634521 seconds
[102.770s][info][safepoint] Total time for which application threads were stopped: 0.0001979 seconds, Stopping threads took: 0.0000005 seconds
[102.771s][info][gc       ] [SPS 0.000 0.001 0.000 0.007 0.000 0.001 0.000 0.166 0.023 0.198 NewGC_pause2 102.769807 ]
[102.772s][info][safepoint] Application time: 0.0017542 seconds
[102.772s][info][safepoint] Total time for which application threads were stopped: 0.0001646 seconds, Stopping threads took: 0.0000005 seconds
[102.772s][info][gc       ] [SPS 0.000 0.000 0.000 0.007 0.000 0.001 0.000 0.128 0.028 0.165 NewGC_pause3 102.771726 ]
[102.773s][info][safepoint] Application time: 0.0013426 seconds
[102.774s][info][safepoint] Total time for which application threads were stopped: 0.0001541 seconds, Stopping threads took: 0.0000005 seconds
[102.774s][info][gc       ] [SPS 0.000 0.003 0.002 0.007 0.000 0.001 0.000 0.116 0.030 0.154 NewGC_pause4 102.773223 ]
[102.774s][info][gc       ] [GC New Max 266-249 : 5120 3048 2202 5120 - - 1046 56 2 2 - : 196 1796 26 184 1042 : 194 4 849 849 0 : 0 1 97 0 98 - 0 : 0.264293 2436.7 0.0 0.069413 2852.5 0.0 : 3 --c 0000 : 23 0 0.000 0.000 0 0.000 0.000 0 0.000 0.000 : 102.704110 102.705962 0.000121 102.769609 0.000115 102.771561 0.000080 102.773069 0.000071 : 102.773523 ]
[102.774s][info][gc       ] [SYSINFO 7577 191 89 0 7042 0 20 0 0 5745 : - - - - - - - - : 0 7168 : 2.33 1.22 1.45 : 278178 4215488 : 0 0 : 27 0 : 1547 2 0 260 : - 7672803328 333475840 1439936512 5939011584 199507968 93806592 : 140688591 5106850 141660 0 0 0 : 102.774118 ]
[102.774s][info][gc       ] [HUGEPAGESTAT 0 0 0 - 20840 0 0 : 612352 0 0 : 102.774118 ]
[102.774s][info][gc       ] [OBJCREAT 223555288 25313 12335104 : 102.774244 ]
[102.774s][info][gc       ] [HMSV All : 0 0 70 0 0 0 0 0 : 4986 0 0 0 : 102.774273 ]
[102.774s][info][gc       ] [HMSP 9 : 41100 0 : 102.774273 ]
[102.775s][info][gc       ] [VMAC 65530 166 24 430 620 : 102.774868 ]
[103.037s][info][gc       ] [GPGC-H  2829.0 450.8 0.2 0.0 : 16.1 : 0.000 0.000 : 0.000 0.000 0.969 1.507 : 0.000 0.000 0.000 0.000 2.272 0.602 : 0.000 : 95.751 : 846 1796 26 0 : 2267 : 4608 4424 : 103.036592 : 9 Next_heuristic_check_may_be_too_late ]
[103.040s][info][safepoint] Application time: 0.2658432 seconds
[103.040s][info][safepoint] Total time for which application threads were stopped: 0.0004959 seconds, Stopping threads took: 0.0000005 seconds
[103.040s][info][gc       ] [SPS 0.000 0.004 0.004 0.009 0.001 0.001 0.001 0.440 0.044 0.496 NewGC_pause1 103.039562 ]
[103.108s][info][safepoint] Application time: 0.0683186 seconds
[103.109s][info][safepoint] Total time for which application threads were stopped: 0.0001327 seconds, Stopping threads took: 0.0000005 seconds
[103.109s][info][gc       ] [SPSH lock suspend gclocker notify wait resuspend cleanup op_time wakeup total(ms) op_name end(s) ]
[103.109s][info][gc       ] [SPS 0.000 0.001 0.000 0.008 0.001 0.001 0.000 0.107 0.016 0.133 NewGC_pause2 103.108013 ]
[103.110s][info][safepoint] Application time: 0.0016021 seconds
[103.110s][info][safepoint] Total time for which application threads were stopped: 0.0001235 seconds, Stopping threads took: 0.0000005 seconds
[103.110s][info][gc       ] [SPS 0.000 0.001 0.000 0.007 0.001 0.001 0.000 0.100 0.015 0.123 NewGC_pause3 103.109739 ]
[103.111s][info][safepoint] Application time: 0.0011665 seconds
[103.112s][info][safepoint] Total time for which application threads were stopped: 0.0001252 seconds, Stopping threads took: 0.0000006 seconds
[103.112s][info][gc       ] [SPS 0.000 0.003 0.002 0.009 0.001 0.001 0.000 0.066 0.048 0.125 NewGC_pause4 103.111031 ]
[103.112s][info][gc       ] [GC New Max 267-250 : 5120 3058 2212 5120 - - 1046 56 2 2 - : 206 1796 26 184 1052 : 202 4 848 848 0 : 0 1 101 0 103 - 0 : 0.263606 2465.8 0.0 0.074160 2804.7 0.0 : 3 --c 0000 : 23 0 0.000 0.000 0 0.000 0.000 0 0.000 0.000 : 103.037129 103.039066 0.000403 103.107881 0.000113 103.109616 0.000105 103.110906 0.000071 : 103.111289 ]
[103.112s][info][gc       ] [SYSINFO 7577 191 89 0 7042 0 20 0 0 5745 : - - - - - - - - : 0 7168 : 2.33 1.22 1.45 : 278178 4215488 : 0 0 : 27 0 : 1547 2 0 260 : - 7672803328 333475840 1439936512 5939011584 199507968 93806592 : 140688591 5107370 141810 0 0 0 : 103.111560 ]
[103.112s][info][gc       ] [HUGEPAGESTAT 0 0 0 - 20840 0 0 : 612352 0 0 : 103.111560 ]
[103.112s][info][gc       ] [OBJCREAT 224401970 25313 12335104 : 103.111614 ]
[103.112s][info][gc       ] [HMSV All : 0 0 70 0 0 0 0 0 : 4986 0 0 0 : 103.111631 ]
[103.112s][info][gc       ] [HMSP 9 : 41100 0 : 103.111631 ]
[103.112s][info][gc       ] [VMAC 65530 166 24 430 620 : 103.112170 ]
[103.355s][info][gc       ] [GPGC-H  2829.0 450.8 0.2 0.0 : 16.1 : 0.000 0.000 : 0.000 0.000 0.955 1.507 : 0.000 0.000 0.000 0.000 2.240 0.602 : 0.000 : 94.608 : 814 1796 26 0 : 2267 : 4608 4424 : 103.354595 : 9 Next_heuristic_check_may_be_too_late ]
[103.358s][info][safepoint] Application time: 0.2462828 seconds
[103.358s][info][safepoint] Total time for which application threads were stopped: 0.0003135 seconds, Stopping threads took: 0.0000006 seconds
[103.359s][info][gc       ] [SPS 0.000 0.004 0.003 0.011 0.001 0.001 0.001 0.247 0.053 0.314 NewGC_pause1 103.357628 ]
[103.420s][info][safepoint] Application time: 0.0622731 seconds
[103.420s][info][safepoint] Total time for which application threads were stopped: 0.0001610 seconds, Stopping threads took: 0.0000005 seconds
[103.421s][info][gc       ] [SPS 0.000 0.001 0.000 0.008 0.000 0.001 0.000 0.122 0.030 0.161 NewGC_pause2 103.420062 ]
[103.422s][info][safepoint] Application time: 0.0013805 seconds
[103.422s][info][safepoint] Total time for which application threads were stopped: 0.0002213 seconds, Stopping threads took: 0.0000005 seconds
[103.422s][info][gc       ] [SPS 0.000 0.000 0.000 0.008 0.001 0.001 0.000 0.156 0.056 0.221 NewGC_pause3 103.421664 ]
[103.423s][info][safepoint] Application time: 0.0011142 seconds
[103.423s][info][safepoint] Total time for which application threads were stopped: 0.0001624 seconds, Stopping threads took: 0.0000005 seconds
[103.423s][info][gc       ] [GC New Max 268-251 : 5120 2994 2178 5120 - - 1046 56 2 2 - : 170 1796 26 184 988 : 170 0 818 818 0 : 0 0 85 0 85 - 0 : 0.243952 2492.3 0.0 0.067876 2563.5 0.0 : 3 --c 0000 : 23 0 0.000 0.000 0 0.000 0.000 0 0.000 0.000 : 103.355241 103.357314 0.000167 103.419901 0.000070 103.421442 0.000069 103.422778 0.000062 : 103.423117 ]
[103.424s][info][gc       ] [SYSINFO 7577 191 89 0 7042 0 20 0 0 5745 : - - - - - - - - : 0 7168 : 2.33 1.22 1.45 : 278178 4215488 : 0 0 : 27 0 : 1547 2 0 260 : - 7672803328 333475840 1439936512 5939011584 199507968 93806592 : 140688591 5107840 141850 0 0 0 : 103.423436 ]
[103.424s][info][gc       ] [HUGEPAGESTAT 0 0 0 - 20840 0 0 : 612352 0 0 : 103.423436 ]
[103.424s][info][gc       ] [OBJCREAT 225178320 25313 12335104 : 103.423521 ]
[103.424s][info][gc       ] [HMSV All : 0 0 70 0 0 0 0 0 : 4986 0 0 0 : 103.423539 ]
[103.424s][info][gc       ] [HMSP 9 : 41100 0 : 103.423539 ]
[103.424s][info][gc       ] [SPS 0.000 0.002 0.002 0.007 0.001 0.001 0.000 0.124 0.030 0.163 NewGC_pause4 103.422941 ]
[103.424s][info][gc       ] [VMAC 65530 166 24 430 620 : 103.424092 ]
[103.646s][info][gc       ] [GPGC-H  2829.0 450.8 0.2 0.0 : 16.1 : 0.000 0.000 : 0.000 0.000 0.942 1.507 : 0.000 0.000 0.000 0.000 2.210 0.602 : 0.000 : 93.566 : 792 1796 26 0 : 2267 : 4608 4424 : 103.645710 : 9 Next_heuristic_check_may_be_too_late ]
[103.649s][info][safepoint] Application time: 0.2252874 seconds
[103.649s][info][safepoint] Total time for which application threads were stopped: 0.0003859 seconds, Stopping threads took: 0.0000006 seconds
[103.649s][info][gc       ] [SPS 0.000 0.003 0.002 0.010 0.001 0.001 0.001 0.337 0.036 0.386 NewGC_pause1 103.648614 ]
[103.732s][info][safepoint] Application time: 0.0831569 seconds
[103.732s][info][safepoint] Total time for which application threads were stopped: 0.0001963 seconds, Stopping threads took: 0.0000005 seconds
[103.733s][info][gc       ] [SPS 0.000 0.001 0.000 0.007 0.001 0.001 0.000 0.163 0.025 0.196 NewGC_pause2 103.731968 ]
[103.734s][info][safepoint] Application time: 0.0019046 seconds
[103.734s][info][safepoint] Total time for which application threads were stopped: 0.0001420 seconds, Stopping threads took: 0.0000005 seconds
[103.735s][info][gc       ] [SPS 0.000 0.000 0.000 0.007 0.000 0.001 0.000 0.106 0.028 0.142 NewGC_pause3 103.734014 ]
[103.735s][info][safepoint] Application time: 0.0012253 seconds
[103.736s][info][safepoint] Total time for which application threads were stopped: 0.0001661 seconds, Stopping threads took: 0.0000013 seconds
[103.736s][info][gc       ] [SPS 0.000 0.002 0.002 0.007 0.001 0.001 0.000 0.127 0.030 0.166 NewGC_pause4 103.735406 ]
[103.736s][info][gc       ] [GC New Max 269-252 : 5120 3008 2214 5120 - - 1046 56 2 2 - : 208 1796 26 184 1002 : 204 4 797 797 0 : 0 1 102 0 104 - 0 : 0.223090 2797.1 0.0 0.089384 2349.4 0.0 : 3 --c 0000 : 23 0 0.000 0.000 0 0.000 0.000 0 0.000 0.000 : 103.646208 103.648228 0.000321 103.731771 0.000094 103.733872 0.000065 103.735240 0.000074 : 103.735592 ]
[103.736s][info][gc       ] [SYSINFO 7577 191 89 0 7042 0 20 0 0 5745 : - - - - - - - - : 0 7168 : 2.33 1.22 1.45 : 278178 4215488 : 0 0 : 27 0 : 1547 5 0 260 : - 7672803328 333475840 1439936512 5939011584 199507968 93806592 : 140688591 5108380 141920 0 0 0 : 103.735879 ]
[103.736s][info][gc       ] [HUGEPAGESTAT 0 0 0 - 20840 0 0 : 612352 0 0 : 103.735879 ]
[103.736s][info][gc       ] [OBJCREAT 226002204 25313 12335104 : 103.735932 ]
[103.736s][info][gc       ] [HMSV All : 0 0 70 0 0 0 0 0 : 4986 0 0 0 : 103.735949 ]
[103.736s][info][gc       ] [HMSP 9 : 41100 0 : 103.735949 ]
[103.736s][info][gc       ] [VMAC 65530 166 24 430 620 : 103.736501 ]
[103.959s][info][gc       ] [GPGC-H  2829.0 450.8 0.2 0.0 : 16.1 : 0.000 0.000 : 0.000 0.000 0.930 1.507 : 0.000 0.000 0.000 0.000 2.181 0.602 : 0.000 : 92.635 : 812 1796 26 0 : 2267 : 4608 4424 : 103.958765 : 9 Next_heuristic_check_may_be_too_late ]
[103.961s][info][safepoint] Application time: 0.2254855 seconds
[103.962s][info][safepoint] Total time for which application threads were stopped: 0.0002556 seconds, Stopping threads took: 0.0000005 seconds
[103.962s][info][gc       ] [SPS 0.000 0.004 0.005 0.009 0.001 0.001 0.001 0.225 0.020 0.256 NewGC_pause1 103.961147 ]
[104.042s][info][safepoint] Application time: 0.0795707 seconds
[104.042s][info][safepoint] Total time for which application threads were stopped: 0.0011540 seconds, Stopping threads took: 0.0000006 seconds
[104.043s][info][gc       ] [SPS 0.000 0.001 0.000 0.009 0.001 0.505 0.001 0.593 0.046 1.154 NewGC_pause2 104.041872 ]
[104.045s][info][safepoint] Application time: 0.0024431 seconds
[104.045s][info][safepoint] Total time for which application threads were stopped: 0.0002287 seconds, Stopping threads took: 0.0000007 seconds
[104.045s][info][gc       ] [SPS 0.000 0.001 0.000 0.010 0.001 0.001 0.000 0.178 0.038 0.229 NewGC_pause3 104.044544 ]
[104.046s][info][safepoint] Application time: 0.0015682 seconds
[104.047s][info][safepoint] Total time for which application threads were stopped: 0.0002537 seconds, Stopping threads took: 0.0000008 seconds
[104.047s][info][gc       ] [SPS 0.000 0.004 0.003 0.012 0.001 0.001 0.001 0.188 0.051 0.254 NewGC_pause4 104.046366 ]
[104.047s][info][gc       ] [GC New Max 270-253 : 5120 3004 2192 5120 - - 1046 56 2 2 - : 186 1796 26 184 998 : 184 2 816 816 0 : 0 0 92 0 93 - 0 : 0.223623 2709.9 0.0 0.087639 2145.2 0.0 : 3 --c 0000 : 23 0 0.000 0.000 0 0.000 0.000 0 0.000 0.000 : 103.959215 103.960892 0.000228 104.040718 0.000661 104.044315 0.000105 104.046113 0.000130 : 104.046854 ]
[104.047s][info][gc       ] [SYSINFO 7577 191 89 0 7042 0 20 0 0 5745 : - - - - - - - - : 0 7168 : 2.33 1.22 1.45 : 278178 4215488 : 0 0 : 27 0 : 1547 2 0 260 : - 7672803328 333475840 1439936512 5939011584 199507968 93806592 : 140688591 5108900 141970 0 0 0 : 104.047255 ]
[104.047s][info][gc       ] [HUGEPAGESTAT 0 0 0 - 20840 0 0 : 612352 0 0 : 104.047255 ]
[104.047s][info][gc       ] [OBJCREAT 226788567 25313 12335104 : 104.047362 ]
[104.047s][info][gc       ] [HMSV All : 0 0 70 0 0 0 0 0 : 4986 0 0 0 : 104.047393 ]
[104.047s][info][gc       ] [HMSP 9 : 41100 0 : 104.047393 ]
[104.049s][info][gc       ] [VMAC 65530 166 24 430 620 : 104.048900 ]
[104.291s][info][gc       ] [GPGC-H  2799.0 450.8 0.2 0.0 : 16.1 : 0.000 0.000 : 0.000 0.000 0.918 1.507 : 0.000 0.000 0.000 0.000 2.153 0.602 : 0.000 : 91.714 : 790 1796 26 0 : 2267 : 4608 4424 : 104.290977 : 9 Next_heuristic_check_may_be_too_late ]
[104.294s][info][safepoint] Application time: 0.2469072 seconds
[104.294s][info][safepoint] Total time for which application threads were stopped: 0.0002254 seconds, Stopping threads took: 0.0000006 seconds
[104.294s][info][gc       ] [SPS 0.000 0.003 0.005 0.009 0.001 0.001 0.000 0.181 0.034 0.225 NewGC_pause1 104.293499 ]
[104.358s][info][safepoint] Application time: 0.0647139 seconds
[104.359s][info][safepoint] Total time for which application threads were stopped: 0.0002169 seconds, Stopping threads took: 0.0000005 seconds
[104.359s][info][gc       ] [SPS 0.000 0.001 0.000 0.007 0.001 0.001 0.000 0.184 0.025 0.217 NewGC_pause2 104.358430 ]
[104.361s][info][safepoint] Application time: 0.0019794 seconds
[104.361s][info][safepoint] Total time for which application threads were stopped: 0.0001961 seconds, Stopping threads took: 0.0000005 seconds
[104.361s][info][gc       ] [SPS 0.000 0.000 0.000 0.007 0.000 0.001 0.000 0.131 0.057 0.196 NewGC_pause3 104.360606 ]
[104.362s][info][safepoint] Application time: 0.0011394 seconds
[104.362s][info][safepoint] Total time for which application threads were stopped: 0.0002119 seconds, Stopping threads took: 0.0000005 seconds
[104.363s][info][gc       ] [SPS 0.000 0.003 0.002 0.007 0.001 0.001 0.000 0.155 0.048 0.212 NewGC_pause4 104.361957 ]
[104.363s][info][gc       ] [GC New Max 271-254 : 5120 3000 2208 5120 - - 1046 56 2 2 - : 202 1796 26 184 994 : 198 4 795 795 0 : 0 1 99 0 101 - 0 : 0.244691 2476.6 0.0 0.070679 2886.3 0.0 : 3 --c 0000 : 23 0 0.000 0.000 0 0.000 0.000 0 0.000 0.000 : 104.291545 104.293274 0.000113 104.358213 0.000119 104.360410 0.000088 104.361745 0.000076 : 104.362225 ]
[104.363s][info][gc       ] [SYSINFO 7577 191 89 0 7042 0 20 0 0 5745 : - - - - - - - - : 0 7168 : 2.22 1.22 1.45 : 278178 4215488 : 0 0 : 27 0 : 1547 2 0 260 : - 7672803328 333475840 1439936512 5939011584 199507968 93806592 : 140688591 5109400 142040 0 0 0 : 104.362476 ]
[104.363s][info][gc       ] [HUGEPAGESTAT 0 0 0 - 20840 0 0 : 612352 0 0 : 104.362476 ]
[104.363s][info][gc       ] [OBJCREAT 227591182 25313 12335104 : 104.362525 ]
[104.363s][info][gc       ] [HMSV All : 0 0 70 0 0 0 0 0 : 4986 0 0 0 : 104.362544 ]
[104.363s][info][gc       ] [HMSP 9 : 41100 0 : 104.362544 ]
[104.363s][info][gc       ] [VMAC 65530 166 24 430 620 : 104.363139 ]
[104.585s][info][gc       ] [GPGC-H  2799.0 450.8 0.2 0.0 : 16.1 : 0.000 0.000 : 0.000 0.000 0.906 1.507 : 0.000 0.000 0.000 0.000 2.124 0.602 : 0.000 : 90.712 : 830 1796 26 0 : 2267 : 4608 4424 : 104.585120 : 9 Next_heuristic_check_may_be_too_late ]
[104.588s][info][safepoint] Application time: 0.2253951 seconds
[104.588s][info][safepoint] Total time for which application threads were stopped: 0.0003283 seconds, Stopping threads took: 0.0000006 seconds
[104.589s][info][gc       ] [SPS 0.000 0.004 0.003 0.010 0.001 0.001 0.001 0.295 0.022 0.328 NewGC_pause1 104.587681 ]
[104.669s][info][safepoint] Application time: 0.0809116 seconds
[104.669s][info][safepoint] Total time for which application threads were stopped: 0.0001821 seconds, Stopping threads took: 0.0000005 seconds
[104.670s][info][gc       ] [SPS 0.000 0.001 0.000 0.008 0.000 0.001 0.000 0.148 0.025 0.182 NewGC_pause2 104.668775 ]
[104.671s][info][safepoint] Application time: 0.0023534 seconds
[104.671s][info][safepoint] Total time for which application threads were stopped: 0.0001930 seconds, Stopping threads took: 0.0000007 seconds
[104.672s][info][gc       ] [SPS 0.000 0.000 0.000 0.019 0.001 0.001 0.000 0.145 0.027 0.193 NewGC_pause3 104.671321 ]
[104.673s][info][safepoint] Application time: 0.0011899 seconds
[104.673s][info][safepoint] Total time for which application threads were stopped: 0.0002007 seconds, Stopping threads took: 0.0000005 seconds
[104.673s][info][gc       ] [SPS 0.000 0.003 0.002 0.007 0.001 0.001 0.000 0.153 0.039 0.201 NewGC_pause4 104.672712 ]
[104.673s][info][gc       ] [GC New Max 272-255 : 5120 3092 2260 5120 - - 1046 56 2 2 - : 254 1796 26 184 1086 : 250 4 835 835 0 : 0 1 125 0 127 - 0 : 0.223540 2818.3 0.0 0.087158 2937.2 0.0 : 3 --c 0000 : 23 0 0.000 0.000 0 0.000 0.000 0 0.000 0.000 : 104.585764 104.587353 0.000278 104.668592 0.000108 104.671128 0.000119 104.672511 0.000069 : 104.672922 ]
[104.673s][info][gc       ] [SYSINFO 7577 191 89 0 7042 0 20 0 0 5745 : - - - - - - - - : 0 7168 : 2.22 1.22 1.45 : 278178 4215488 : 0 0 : 27 0 : 1547 2 0 260 : - 7672803328 333475840 1439936512 5939011584 199507968 93806592 : 140688591 5109920 142170 0 0 0 : 104.673208 ]
[104.673s][info][gc       ] [HUGEPAGESTAT 0 0 0 - 20840 0 0 : 612352 0 0 : 104.673208 ]
[104.673s][info][gc       ] [OBJCREAT 228469087 25313 12335104 : 104.673260 ]
[104.673s][info][gc       ] [HMSV All : 0 0 70 0 0 0 0 0 : 4986 0 0 0 : 104.673276 ]
[104.673s][info][gc       ] [HMSP 9 : 41100 0 : 104.673276 ]
[104.674s][info][gc       ] [VMAC 65530 166 24 430 620 : 104.673847 ]
[104.897s][info][gc       ] [GPGC-H  2799.0 409.6 0.1 0.0 : 14.7 : 0.000 0.000 : 0.000 0.000 0.894 1.507 : 0.000 0.000 0.000 0.000 2.097 0.602 : 0.000 : 89.818 : 858 1796 26 0 : 2267 : 4608 4424 : 104.896663 : 9 Next_heuristic_check_may_be_too_late ]
[104.899s][info][safepoint] Application time: 0.2261288 seconds
[104.900s][info][safepoint] Total time for which application threads were stopped: 0.0002304 seconds, Stopping threads took: 0.0000005 seconds
[104.900s][info][gc       ] [SPS 0.000 0.004 0.004 0.008 0.001 0.001 0.000 0.194 0.027 0.231 NewGC_pause1 104.899072 ]
[104.965s][info][safepoint] Application time: 0.0658002 seconds
[104.965s][info][safepoint] Total time for which application threads were stopped: 0.0001587 seconds, Stopping threads took: 0.0000005 seconds
[104.966s][info][gc       ] [SPS 0.000 0.001 0.000 0.007 0.000 0.001 0.000 0.124 0.025 0.159 NewGC_pause2 104.965031 ]
[104.968s][info][safepoint] Application time: 0.0023957 seconds
[104.968s][info][safepoint] Total time for which application threads were stopped: 0.0001737 seconds, Stopping threads took: 0.0000005 seconds
[104.968s][info][gc       ] [SPS 0.000 0.000 0.000 0.007 0.000 0.001 0.000 0.137 0.028 0.174 NewGC_pause3 104.967600 ]
[104.969s][info][safepoint] Application time: 0.0011600 seconds
[104.969s][info][safepoint] Total time for which application threads were stopped: 0.0001915 seconds, Stopping threads took: 0.0000005 seconds
[104.970s][info][gc       ] [GC New Max 273-256 : 5120 3068 2210 5120 - - 1046 56 2 2 - : 204 1796 26 184 1062 : 200 4 861 861 0 : 0 1 100 0 102 - 0 : 0.224227 2693.7 0.0 0.072219 2852.4 0.0 : 3 --c 0000 : 23 0 0.000 0.000 0 0.000 0.000 0 0.000 0.000 : 104.897149 104.898841 0.000121 104.964872 0.000076 104.967426 0.000074 104.968760 0.000091 : 104.969368 ]
[104.970s][info][gc       ] [SYSINFO 7577 191 89 0 7042 0 20 0 0 5745 : - - - - - - - - : 0 7168 : 2.22 1.22 1.45 : 278178 4215488 : 0 0 : 27 0 : 1547 2 0 260 : - 7672803328 333475840 1439936512 5939011584 199507968 93806592 : 140688591 5110400 142240 0 0 0 : 104.969707 ]
[104.970s][info][gc       ] [HUGEPAGESTAT 0 0 0 - 20840 0 0 : 612352 0 0 : 104.969707 ]
[104.970s][info][gc       ] [OBJCREAT 229271892 25313 12335104 : 104.969773 ]
[104.970s][info][gc       ] [HMSV All : 0 0 70 0 0 0 0 0 : 4986 0 0 0 : 104.969790 ]
[104.970s][info][gc       ] [HMSP 9 : 41100 0 : 104.969790 ]
[104.970s][info][gc       ] [SPS 0.000 0.002 0.002 0.007 0.000 0.001 0.000 0.142 0.041 0.192 NewGC_pause4 104.968952 ]
[104.970s][info][gc       ] [VMAC 65530 166 24 430 620 : 104.970371 ]
[105.212s][info][gc       ] [GPGC-H  2799.0 409.6 0.1 0.0 : 14.7 : 0.000 0.000 : 0.000 0.000 0.883 1.507 : 0.000 0.000 0.000 0.000 2.071 0.602 : 0.000 : 88.928 : 854 1796 26 0 : 2267 : 4608 4424 : 105.212445 : 9 Next_heuristic_check_may_be_too_late ]
[105.215s][info][safepoint] Application time: 0.2459354 seconds
[105.216s][info][safepoint] Total time for which application threads were stopped: 0.0002824 seconds, Stopping threads took: 0.0000005 seconds
[105.216s][info][gc       ] [SPS 0.000 0.003 0.005 0.008 0.000 0.001 0.000 0.227 0.046 0.283 NewGC_pause1 105.215170 ]
[105.289s][info][safepoint] Application time: 0.0738947 seconds
[105.290s][info][safepoint] Total time for which application threads were stopped: 0.0001877 seconds, Stopping threads took: 0.0000007 seconds
[105.290s][info][gc       ] [SPS 0.000 0.001 0.000 0.012 0.001 0.001 0.001 0.156 0.018 0.188 NewGC_pause2 105.289252 ]
[105.291s][info][safepoint] Application time: 0.0017745 seconds
[105.292s][info][safepoint] Total time for which application threads were stopped: 0.0002497 seconds, Stopping threads took: 0.0000012 seconds
[105.292s][info][gc       ] [SPS 0.000 0.001 0.000 0.069 0.001 0.001 0.001 0.144 0.034 0.250 NewGC_pause3 105.291276 ]
[105.293s][info][safepoint] Application time: 0.0018567 seconds
[105.294s][info][safepoint] Total time for which application threads were stopped: 0.0001892 seconds, Stopping threads took: 0.0000007 seconds
[105.294s][info][gc       ] [GC New Max 274-257 : 5120 3096 2240 5120 - - 1046 56 2 2 - : 234 1796 26 184 1090 : 230 4 858 858 0 : 0 1 115 0 117 - 0 : 0.243749 2674.9 0.0 0.080376 2936.2 0.0 : 3 --c 0000 : 23 0 0.000 0.000 0 0.000 0.000 0 0.000 0.000 : 105.213117 105.214887 0.000133 105.289064 0.000164 105.291027 0.000195 105.293133 0.000091 : 105.293493 ]
[105.294s][info][gc       ] [SYSINFO 7577 191 89 0 7042 0 20 0 0 5745 : - - - - - - - - : 0 7168 : 2.22 1.22 1.45 : 278178 4215488 : 0 0 : 27 0 : 1547 2 0 260 : - 7672803328 333475840 1439936512 5939011584 199507968 93806592 : 140688591 5110940 142300 0 0 0 : 105.293746 ]
[105.294s][info][gc       ] [HUGEPAGESTAT 0 0 0 - 20840 0 0 : 612352 0 0 : 105.293746 ]
[105.294s][info][gc       ] [OBJCREAT 230150942 25313 12335104 : 105.293796 ]
[105.294s][info][gc       ] [HMSV All : 0 0 70 0 0 0 0 0 : 4986 0 0 0 : 105.293812 ]
[105.294s][info][gc       ] [HMSP 9 : 41100 0 : 105.293812 ]
[105.294s][info][gc       ] [SPS 0.000 0.003 0.002 0.024 0.001 0.001 0.000 0.120 0.043 0.189 NewGC_pause4 105.293323 ]
[105.294s][info][gc       ] [VMAC 65530 166 24 430 620 : 105.294382 ]
[105.516s][info][gc       ] [GPGC-H  2799.0 409.6 0.1 0.0 : 14.7 : 0.000 0.000 : 0.000 0.000 0.871 1.507 : 0.000 0.000 0.000 0.000 2.043 0.602 : 0.000 : 87.974 : 860 1796 26 0 : 2267 : 4608 4424 : 105.515968 : 9 Next_heuristic_check_may_be_too_late ]
[105.518s][info][safepoint] Application time: 0.2248317 seconds
[105.519s][info][safepoint] Total time for which application threads were stopped: 0.0002514 seconds, Stopping threads took: 0.0000005 seconds
[105.519s][info][gc       ] [SPS 0.000 0.004 0.004 0.008 0.001 0.001 0.000 0.222 0.019 0.251 NewGC_pause1 105.518406 ]
[105.594s][info][safepoint] Application time: 0.0753976 seconds
[105.595s][info][safepoint] Total time for which application threads were stopped: 0.0001718 seconds, Stopping threads took: 0.0000005 seconds
[105.595s][info][gc       ] [SPS 0.000 0.001 0.000 0.007 0.000 0.001 0.000 0.129 0.034 0.172 NewGC_pause2 105.593975 ]
[105.596s][info][safepoint] Application time: 0.0019515 seconds
[105.596s][info][safepoint] Total time for which application threads were stopped: 0.0001760 seconds, Stopping threads took: 0.0000005 seconds
[105.597s][info][gc       ] [SPS 0.000 0.000 0.000 0.007 0.001 0.001 0.000 0.143 0.024 0.176 NewGC_pause3 105.596103 ]
[105.597s][info][safepoint] Application time: 0.0008927 seconds
[105.597s][info][safepoint] Total time for which application threads were stopped: 0.0001588 seconds, Stopping threads took: 0.0000005 seconds
[105.598s][info][gc       ] [SPS 0.000 0.003 0.002 0.007 0.000 0.001 0.000 0.124 0.026 0.159 NewGC_pause4 105.597155 ]
[105.598s][info][gc       ] [GC New Max 275-258 : 5120 3060 2198 5120 - - 1046 56 2 2 - : 192 1796 26 184 1054 : 188 4 864 864 0 : 0 1 94 0 96 - 0 : 0.223186 2813.8 0.0 0.080673 2404.8 0.0 : 3 --c 0000 : 23 0 0.000 0.000 0 0.000 0.000 0 0.000 0.000 : 105.516680 105.518154 0.000226 105.593804 0.000075 105.595927 0.000076 105.596996 0.000057 : 105.597353 ]
[105.598s][info][gc       ] [SYSINFO 7577 191 89 0 7042 0 20 0 0 5745 : - - - - - - - - : 0 7168 : 2.22 1.22 1.45 : 278178 4215488 : 0 0 : 27 0 : 1547 2 0 260 : - 7672803328 333475840 1439936512 5939011584 199507968 93806592 : 140688591 5111460 142370 0 0 0 : 105.597640 ]
[105.598s][info][gc       ] [HUGEPAGESTAT 0 0 0 - 20840 0 0 : 612352 0 0 : 105.597640 ]
[105.598s][info][gc       ] [OBJCREAT 230964374 25313 12335104 : 105.597692 ]
[105.598s][info][gc       ] [HMSV All : 0 0 70 0 0 0 0 0 : 4986 0 0 0 : 105.597709 ]
[105.598s][info][gc       ] [HMSP 9 : 41100 0 : 105.597709 ]
[105.598s][info][gc       ] [VMAC 65530 166 24 430 620 : 105.598264 ]
[105.820s][info][gc       ] [GPGC-H  2799.0 409.6 0.1 0.0 : 14.7 : 0.000 0.000 : 0.000 0.000 0.860 1.507 : 0.000 0.000 0.000 0.000 2.017 0.602 : 0.000 : 87.118 : 804 1796 28 0 : 2267 : 4608 4424 : 105.820260 : 9 Next_heuristic_check_may_be_too_late ]
[105.823s][info][safepoint] Application time: 0.2252827 seconds
[105.823s][info][safepoint] Total time for which application threads were stopped: 0.0001444 seconds, Stopping threads took: 0.0000005 seconds
[105.824s][info][gc       ] [SPS 0.000 0.005 0.006 0.009 0.001 0.001 0.000 0.113 0.020 0.145 NewGC_pause1 105.822582 ]
[105.890s][info][safepoint] Application time: 0.0676462 seconds
[105.891s][info][safepoint] Total time for which application threads were stopped: 0.0002489 seconds, Stopping threads took: 0.0000005 seconds
[105.891s][info][gc       ] [SPS 0.000 0.001 0.000 0.008 0.001 0.001 0.000 0.215 0.024 0.249 NewGC_pause2 105.890477 ]
[105.893s][info][safepoint] Application time: 0.0019870 seconds
[105.893s][info][safepoint] Total time for which application threads were stopped: 0.0001684 seconds, Stopping threads took: 0.0000005 seconds
[105.893s][info][gc       ] [SPS 0.000 0.000 0.000 0.007 0.000 0.001 0.000 0.135 0.024 0.169 NewGC_pause3 105.892633 ]
[105.894s][info][safepoint] Application time: 0.0010306 seconds
[105.894s][info][safepoint] Total time for which application threads were stopped: 0.0001349 seconds, Stopping threads took: 0.0000005 seconds
[105.894s][info][gc       ] [SPS 0.000 0.002 0.002 0.007 0.001 0.001 0.000 0.097 0.030 0.135 NewGC_pause4 105.893798 ]
[105.895s][info][gc       ] [GC New Max 276-259 : 5120 2990 2188 5120 - - 1046 56 2 2 - : 180 1796 28 184 982 : 176 4 806 806 0 : 0 1 88 0 90 - 0 : 0.223371 2739.8 9.0 0.073479 2476.9 0.0 : 3 --c 0000 : 23 0 0.000 0.000 0 0.000 0.000 0 0.000 0.000 : 105.820724 105.822437 0.000119 105.890228 0.000156 105.892464 0.000069 105.893663 0.000055 : 105.894203 ]
[105.895s][info][gc       ] [SYSINFO 7577 191 89 0 7042 0 20 0 0 5745 : - - - - - - - - : 0 7168 : 2.22 1.22 1.45 : 278178 4215500 : 0 0 : 27 0 : 1547 3 0 259 : - 7672803328 333475840 1439936512 5939011584 199507968 93806592 : 140688591 5111950 142430 0 0 0 : 105.894507 ]
[105.895s][info][gc       ] [HUGEPAGESTAT 0 0 0 - 20840 0 0 : 612352 0 0 : 105.894507 ]
[105.895s][info][gc       ] [OBJCREAT 231749978 25313 12335104 : 105.894567 ]
[105.895s][info][gc       ] [HMSV All : 0 0 70 0 0 0 0 0 : 4986 0 0 0 : 105.894587 ]
[105.895s][info][gc       ] [HMSP 9 : 41100 0 : 105.894587 ]
[105.895s][info][gc       ] [VMAC 65530 166 24 430 620 : 105.895483 ]
[106.137s][info][gc       ] [GPGC-H  2799.0 409.6 0.1 0.0 : 14.7 : 0.000 0.000 : 0.000 0.000 0.849 1.507 : 0.000 0.000 0.000 0.000 1.992 0.602 : 0.000 : 86.268 : 800 1796 28 0 : 2267 : 4608 4424 : 106.137024 : 9 Next_heuristic_check_may_be_too_late ]
[106.140s][info][safepoint] Application time: 0.2462195 seconds
[106.141s][info][safepoint] Total time for which application threads were stopped: 0.0003827 seconds, Stopping threads took: 0.0000008 seconds
[106.142s][info][gc       ] [SPS 0.000 0.005 0.005 0.012 0.001 0.002 0.001 0.314 0.053 0.383 NewGC_pause1 106.140401 ]
[106.213s][info][safepoint] Application time: 0.0726276 seconds
[106.214s][info][safepoint] Total time for which application threads were stopped: 0.0001990 seconds, Stopping threads took: 0.0000005 seconds
[106.214s][info][gc       ] [SPS 0.001 0.001 0.000 0.007 0.000 0.001 0.000 0.149 0.041 0.199 NewGC_pause2 106.213228 ]
[106.215s][info][safepoint] Application time: 0.0019657 seconds
[106.216s][info][safepoint] Total time for which application threads were stopped: 0.0001942 seconds, Stopping threads took: 0.0000005 seconds
[106.216s][info][gc       ] [SPS 0.000 0.000 0.000 0.007 0.000 0.001 0.000 0.141 0.044 0.194 NewGC_pause3 106.215388 ]
[106.217s][info][safepoint] Application time: 0.0012578 seconds
[106.217s][info][safepoint] Total time for which application threads were stopped: 0.0001090 seconds, Stopping threads took: 0.0000005 seconds
[106.217s][info][gc       ] [SPS 0.000 0.003 0.002 0.007 0.001 0.001 0.000 0.068 0.032 0.109 NewGC_pause4 106.216754 ]
[106.217s][info][gc       ] [GC New Max 277-260 : 5120 2976 2174 5120 - - 1046 56 2 2 - : 166 1796 28 184 968 : 162 4 804 804 0 : 0 1 81 0 83 - 0 : 0.243456 2546.7 0.0 0.079377 2141.7 0.0 : 3 --c 0000 : 23 0 0.000 0.000 0 0.000 0.000 0 0.000 0.000 : 106.137659 106.140018 0.000224 106.213029 0.000117 106.215193 0.000107 106.216645 0.000070 : 106.217036 ]
[106.217s][info][gc       ] [SYSINFO 7577 191 89 0 7042 0 20 0 0 5745 : - - - - - - - - : 0 7168 : 2.22 1.22 1.45 : 278178 4215500 : 0 0 : 27 0 : 1547 3 0 259 : - 7672803328 333475840 1439936512 5939011584 199507968 93806592 : 140688591 5112490 142530 0 0 0 : 106.217389 ]
[106.217s][info][gc       ] [HUGEPAGESTAT 0 0 0 - 20840 0 0 : 612352 0 0 : 106.217389 ]
[106.217s][info][gc       ] [OBJCREAT 232531475 25313 12335104 : 106.217455 ]
[106.217s][info][gc       ] [HMSV All : 0 0 70 0 0 0 0 0 : 4986 0 0 0 : 106.217470 ]
[106.217s][info][gc       ] [HMSP 9 : 41100 0 : 106.217470 ]
[106.218s][info][gc       ] [VMAC 65530 166 24 430 620 : 106.218351 ]
[106.461s][info][gc       ] [GPGC-H  2781.6 409.6 0.1 0.0 : 14.7 : 0.000 0.000 : 0.000 0.000 0.838 1.507 : 0.000 0.000 0.000 0.000 1.965 0.602 : 0.000 : 85.355 : 834 1796 28 0 : 2267 : 4608 4424 : 106.460526 : 9 Next_heuristic_check_may_be_too_late ]
[106.463s][info][safepoint] Application time: 0.2462760 seconds
[106.464s][info][safepoint] Total time for which application threads were stopped: 0.0003811 seconds, Stopping threads took: 0.0000005 seconds
[106.464s][info][gc       ] [SPS 0.000 0.003 0.004 0.008 0.000 0.001 0.000 0.345 0.027 0.381 NewGC_pause1 106.463412 ]
[106.537s][info][safepoint] Application time: 0.0731797 seconds
[106.537s][info][safepoint] Total time for which application threads were stopped: 0.0002054 seconds, Stopping threads took: 0.0000005 seconds
[106.538s][info][gc       ] [SPS 0.000 0.001 0.000 0.007 0.000 0.001 0.000 0.174 0.023 0.206 NewGC_pause2 106.536798 ]
[106.539s][info][safepoint] Application time: 0.0018543 seconds
[106.539s][info][safepoint] Total time for which application threads were stopped: 0.0002265 seconds, Stopping threads took: 0.0000005 seconds
[106.540s][info][gc       ] [SPS 0.000 0.000 0.000 0.007 0.000 0.001 0.000 0.177 0.040 0.227 NewGC_pause3 106.538878 ]
[106.540s][info][safepoint] Application time: 0.0012972 seconds
[106.541s][info][safepoint] Total time for which application threads were stopped: 0.0001695 seconds, Stopping threads took: 0.0000005 seconds
[106.541s][info][gc       ] [SPS 0.000 0.002 0.002 0.007 0.000 0.001 0.000 0.133 0.028 0.170 NewGC_pause4 106.540345 ]
[106.541s][info][gc       ] [GC New Max 278-261 : 5120 3010 2174 5120 - - 1046 56 2 2 - : 166 1796 28 184 1002 : 162 6 839 839 0 : 0 1 81 0 83 - 0 : 0.244138 2744.3 0.0 0.079391 2116.1 0.0 : 3 --c 0000 : 23 0 0.000 0.000 0 0.000 0.000 0 0.000 0.000 : 106.461174 106.463031 0.000308 106.536592 0.000121 106.538651 0.000137 106.540175 0.000089 : 106.540565 ]
[106.541s][info][gc       ] [SYSINFO 7577 191 89 0 7042 0 20 0 0 5745 : - - - - - - - - : 0 7168 : 2.22 1.22 1.45 : 278178 4215500 : 0 0 : 27 0 : 1547 2 0 259 : - 7672803328 333475840 1439936512 5939011584 199507968 93806592 : 140688591 5113020 142640 0 0 0 : 106.540870 ]
[106.541s][info][gc       ] [HUGEPAGESTAT 0 0 0 - 20840 0 0 : 612352 0 0 : 106.540870 ]
[106.541s][info][gc       ] [OBJCREAT 233362034 25313 12335104 : 106.540951 ]
[106.541s][info][gc       ] [HMSV All : 0 0 70 0 0 0 0 0 : 4986 0 0 0 : 106.540966 ]
[106.541s][info][gc       ] [HMSP 9 : 41100 0 : 106.540966 ]
[106.542s][info][gc       ] [VMAC 65530 166 24 430 620 : 106.541626 ]
[106.764s][info][gc       ] [GPGC-H  2781.6 373.3 0.1 0.0 : 13.4 : 0.000 0.000 : 0.000 0.000 0.827 1.507 : 0.000 0.000 0.000 0.000 1.939 0.602 : 0.000 : 84.453 : 796 1796 28 0 : 2267 : 4608 4424 : 106.763705 : 9 Next_heuristic_check_may_be_too_late ]
[106.766s][info][safepoint] Application time: 0.2254929 seconds
[106.767s][info][safepoint] Total time for which application threads were stopped: 0.0001986 seconds, Stopping threads took: 0.0000005 seconds
[106.767s][info][gc       ] [SPS 0.000 0.003 0.003 0.007 0.000 0.001 0.000 0.170 0.020 0.199 NewGC_pause1 106.766037 ]
[106.829s][info][safepoint] Application time: 0.0629118 seconds
[106.830s][info][safepoint] Total time for which application threads were stopped: 0.0001636 seconds, Stopping threads took: 0.0000005 seconds
[106.830s][info][gc       ] [SPS 0.000 0.001 0.000 0.007 0.000 0.001 0.000 0.132 0.022 0.164 NewGC_pause2 106.829112 ]
[106.831s][info][safepoint] Application time: 0.0017718 seconds
[106.831s][info][safepoint] Total time for which application threads were stopped: 0.0002173 seconds, Stopping threads took: 0.0000005 seconds
[106.832s][info][gc       ] [SPS 0.000 0.000 0.000 0.007 0.000 0.001 0.000 0.172 0.036 0.217 NewGC_pause3 106.831102 ]
[106.833s][info][safepoint] Application time: 0.0013428 seconds
[106.833s][info][safepoint] Total time for which application threads were stopped: 0.0001655 seconds, Stopping threads took: 0.0000005 seconds
[106.833s][info][gc       ] [GC New Max 279-262 : 5120 3002 2204 5120 - - 1046 56 2 2 - : 196 1796 28 184 994 : 192 4 800 800 0 : 0 1 96 0 98 - 0 : 0.223497 2827.8 0.0 0.068960 2871.2 0.0 : 3 --c 0000 : 23 0 0.000 0.000 0 0.000 0.000 0 0.000 0.000 : 106.764062 106.765838 0.000145 106.828949 0.000131 106.830884 0.000116 106.832444 0.000087 : 106.833022 ]
[106.833s][info][gc       ] [SYSINFO 7577 191 89 0 7042 0 20 0 0 5745 : - - - - - - - - : 0 7168 : 2.22 1.22 1.45 : 278178 4215500 : 0 0 : 27 0 : 1547 2 0 259 : - 7672803328 333475840 1439936512 5939011584 199507968 93806592 : 140688591 5113480 142710 0 0 0 : 106.833349 ]
[106.833s][info][gc       ] [HUGEPAGESTAT 0 0 0 - 20840 0 0 : 612352 0 0 : 106.833349 ]
[106.833s][info][gc       ] [OBJCREAT 234183293 25313 12335104 : 106.833399 ]
[106.833s][info][gc       ] [HMSV All : 0 0 70 0 0 0 0 0 : 4986 0 0 0 : 106.833417 ]
[106.833s][info][gc       ] [HMSP 9 : 41100 0 : 106.833417 ]
[106.833s][info][gc       ] [SPS 0.000 0.002 0.002 0.007 0.001 0.001 0.000 0.126 0.031 0.166 NewGC_pause4 106.832610 ]
[106.834s][info][gc       ] [VMAC 65530 166 24 430 620 : 106.834493 ]
[107.076s][info][gc       ] [GPGC-H  2781.6 373.3 0.1 0.0 : 13.4 : 0.000 0.000 : 0.000 0.000 0.817 1.507 : 0.000 0.000 0.000 0.000 1.915 0.602 : 0.000 : 83.635 : 830 1796 28 0 : 2267 : 4608 4424 : 107.076345 : 9 Next_heuristic_check_may_be_too_late ]
[107.079s][info][safepoint] Application time: 0.2460857 seconds
[107.080s][info][safepoint] Total time for which application threads were stopped: 0.0002475 seconds, Stopping threads took: 0.0000006 seconds
[107.080s][info][gc       ] [SPS 0.000 0.022 0.004 0.009 0.001 0.001 0.001 0.199 0.038 0.248 NewGC_pause1 107.078944 ]
[107.143s][info][safepoint] Application time: 0.0636926 seconds
[107.143s][info][safepoint] Total time for which application threads were stopped: 0.0001638 seconds, Stopping threads took: 0.0000005 seconds
[107.143s][info][gc       ] [SPS 0.000 0.001 0.000 0.008 0.000 0.001 0.000 0.139 0.015 0.164 NewGC_pause2 107.142800 ]
[107.144s][info][safepoint] Application time: 0.0014040 seconds
[107.145s][info][safepoint] Total time for which application threads were stopped: 0.0001073 seconds, Stopping threads took: 0.0000005 seconds
[107.145s][info][gc       ] [SPS 0.000 0.000 0.000 0.008 0.001 0.001 0.000 0.082 0.016 0.107 NewGC_pause3 107.144311 ]
[107.146s][info][safepoint] Application time: 0.0011377 seconds
[107.146s][info][safepoint] Total time for which application threads were stopped: 0.0001298 seconds, Stopping threads took: 0.0000005 seconds
[107.146s][info][gc       ] [SPS 0.000 0.002 0.002 0.007 0.000 0.001 0.000 0.101 0.020 0.130 NewGC_pause4 107.145579 ]
[107.146s][info][gc       ] [GC New Max 280-263 : 5120 3034 2204 5120 - - 1046 56 2 2 - : 196 1796 28 184 1026 : 192 4 833 833 0 : 0 1 96 0 98 - 0 : 0.243876 2607.9 0.0 0.068953 2842.5 0.0 : 3 --c 0000 : 23 0 0.000 0.000 0 0.000 0.000 0 0.000 0.000 : 107.076898 107.078696 0.000131 107.142636 0.000143 107.144204 0.000085 107.145449 0.000104 : 107.145851 ]
[107.146s][info][gc       ] [SYSINFO 7577 191 89 0 7042 0 20 0 0 5745 : - - - - - - - - : 0 7168 : 2.22 1.22 1.45 : 278178 4215500 : 0 0 : 27 0 : 1547 4 0 259 : - 7672803328 333475840 1439936512 5939011584 199507968 93806592 : 140688591 5113970 142760 0 0 0 : 107.146109 ]
[107.146s][info][gc       ] [HUGEPAGESTAT 0 0 0 - 20840 0 0 : 612352 0 0 : 107.146109 ]
[107.146s][info][gc       ] [OBJCREAT 235005829 25313 12335104 : 107.146173 ]
[107.146s][info][gc       ] [HMSV All : 0 0 70 0 0 0 0 0 : 4986 0 0 0 : 107.146190 ]
[107.146s][info][gc       ] [HMSP 9 : 41100 0 : 107.146190 ]
[107.147s][info][gc       ] [VMAC 65530 166 24 430 620 : 107.146693 ]
[107.389s][info][gc       ] [GPGC-H  2781.6 373.3 0.1 0.0 : 13.4 : 0.000 0.000 : 0.000 0.000 0.806 1.507 : 0.000 0.000 0.000 0.000 1.890 0.602 : 0.000 : 82.751 : 848 1796 28 0 : 2267 : 4608 4424 : 107.388786 : 9 Next_heuristic_check_may_be_too_late ]
[107.391s][info][safepoint] Application time: 0.2455763 seconds
[107.392s][info][safepoint] Total time for which application threads were stopped: 0.0002679 seconds, Stopping threads took: 0.0000005 seconds
[107.393s][info][gc       ] [SPS 0.000 0.003 0.004 0.008 0.000 0.001 0.000 0.220 0.039 0.268 NewGC_pause1 107.391424 ]
[107.462s][info][safepoint] Application time: 0.0699706 seconds
[107.462s][info][safepoint] Total time for which application threads were stopped: 0.0002128 seconds, Stopping threads took: 0.0000005 seconds
[107.463s][info][gc       ] [SPS 0.000 0.001 0.000 0.007 0.000 0.001 0.000 0.171 0.033 0.212 NewGC_pause2 107.461607 ]
[107.464s][info][safepoint] Application time: 0.0022695 seconds
[107.464s][info][safepoint] Total time for which application threads were stopped: 0.0001718 seconds, Stopping threads took: 0.0000005 seconds
[107.465s][info][gc       ] [SPS 0.000 0.000 0.000 0.007 0.000 0.001 0.000 0.123 0.040 0.172 NewGC_pause3 107.464048 ]
[107.465s][info][safepoint] Application time: 0.0010755 seconds
[107.466s][info][safepoint] Total time for which application threads were stopped: 0.0001101 seconds, Stopping threads took: 0.0000005 seconds
[107.466s][info][gc       ] [SPS 0.000 0.003 0.002 0.007 0.001 0.001 0.000 0.069 0.033 0.110 NewGC_pause4 107.465234 ]
[107.466s][info][gc       ] [GC New Max 281-264 : 5120 3048 2200 5120 - - 1046 56 2 2 - : 192 1796 28 184 1040 : 188 4 852 852 0 : 0 1 94 0 96 - 0 : 0.243606 2684.7 0.0 0.076059 2550.7 0.0 : 3 --c 0000 : 23 0 0.000 0.000 0 0.000 0.000 0 0.000 0.000 : 107.389458 107.391156 0.000134 107.461395 0.000119 107.463877 0.000076 107.465124 0.000069 : 107.465516 ]
[107.466s][info][gc       ] [SYSINFO 7577 191 89 0 7042 0 20 0 0 5745 : - - - - - - - - : 0 7168 : 2.22 1.22 1.45 : 278178 4215500 : 0 0 : 27 0 : 1547 2 0 259 : - 7672803328 333475840 1439936512 5939011584 199507968 93806592 : 140688591 5114480 142860 0 0 0 : 107.465767 ]
[107.466s][info][gc       ] [HUGEPAGESTAT 0 0 0 - 20840 0 0 : 612352 0 0 : 107.465767 ]
[107.466s][info][gc       ] [OBJCREAT 235845179 25313 12335104 : 107.465828 ]
[107.466s][info][gc       ] [HMSV All : 0 0 70 0 0 0 0 0 : 4986 0 0 0 : 107.465845 ]
[107.466s][info][gc       ] [HMSP 9 : 41100 0 : 107.465845 ]
[107.466s][info][gc       ] [VMAC 65530 166 24 430 620 : 107.466340 ]
[107.689s][info][gc       ] [GPGC-H  2781.6 373.3 0.1 0.0 : 13.4 : 0.000 0.000 : 0.000 0.000 0.795 1.507 : 0.000 0.000 0.000 0.000 1.865 0.602 : 0.000 : 81.887 : 816 1796 28 0 : 2267 : 4608 4424 : 107.688863 : 9 Next_heuristic_check_may_be_too_late ]
[107.691s][info][safepoint] Application time: 0.2257750 seconds
[107.692s][info][safepoint] Total time for which application threads were stopped: 0.0003330 seconds, Stopping threads took: 0.0000005 seconds
[107.692s][info][gc       ] [SPS 0.000 0.003 0.004 0.008 0.001 0.001 0.000 0.278 0.045 0.333 NewGC_pause1 107.691342 ]
[107.773s][info][safepoint] Application time: 0.0818039 seconds
[107.774s][info][safepoint] Total time for which application threads were stopped: 0.0001190 seconds, Stopping threads took: 0.0000005 seconds
[107.774s][info][gc       ] [SPS 0.000 0.001 0.000 0.007 0.000 0.001 0.000 0.095 0.015 0.119 NewGC_pause2 107.773265 ]
[107.775s][info][safepoint] Application time: 0.0012267 seconds
[107.775s][info][safepoint] Total time for which application threads were stopped: 0.0001268 seconds, Stopping threads took: 0.0000005 seconds
[107.775s][info][gc       ] [SPS 0.000 0.000 0.000 0.007 0.001 0.001 0.000 0.101 0.017 0.127 NewGC_pause3 107.774619 ]
[107.776s][info][safepoint] Application time: 0.0013172 seconds
[107.777s][info][safepoint] Total time for which application threads were stopped: 0.0001538 seconds, Stopping threads took: 0.0000005 seconds
[107.777s][info][gc       ] [SPS 0.000 0.003 0.002 0.007 0.000 0.001 0.000 0.115 0.031 0.154 NewGC_pause4 107.776090 ]
[107.777s][info][gc       ] [GC New Max 282-265 : 5120 3078 2262 5120 - - 1046 56 2 2 - : 254 1796 28 184 1070 : 250 4 819 819 0 : 0 1 125 0 127 - 0 : 0.223766 2788.6 0.0 0.087119 2938.5 0.0 : 3 --c 0000 : 23 0 0.000 0.000 0 0.000 0.000 0 0.000 0.000 : 107.689282 107.691010 0.000199 107.773146 0.000099 107.774492 0.000104 107.775936 0.000117 : 107.776401 ]
[107.777s][info][gc       ] [SYSINFO 7577 191 89 0 7042 0 20 0 0 5745 : - - - - - - - - : 0 7168 : 2.22 1.22 1.45 : 278178 4215500 : 0 0 : 27 0 : 1547 4 0 259 : - 7672803328 333475840 1439936512 5939011584 199507968 93806592 : 140688591 5115000 142940 0 0 0 : 107.776668 ]
[107.777s][info][gc       ] [HUGEPAGESTAT 0 0 0 - 20840 0 0 : 612352 0 0 : 107.776668 ]
[107.777s][info][gc       ] [OBJCREAT 236716448 25313 12335104 : 107.776748 ]
[107.777s][info][gc       ] [HMSV All : 0 0 70 0 0 0 0 0 : 4986 0 0 0 : 107.776766 ]
[107.777s][info][gc       ] [HMSP 9 : 41100 0 : 107.776766 ]
[107.777s][info][gc       ] [VMAC 65530 166 24 430 620 : 107.777346 ]
[107.999s][info][gc       ] [GPGC-H  2781.6 373.3 0.1 0.0 : 13.4 : 0.000 0.000 : 0.000 0.000 0.785 1.507 : 0.000 0.000 0.000 0.000 1.841 0.602 : 0.000 : 81.119 : 862 1796 28 0 : 2267 : 4608 4424 : 107.998625 : 9 Next_heuristic_check_may_be_too_late ]
[108.002s][info][safepoint] Application time: 0.2251071 seconds
[108.002s][info][safepoint] Total time for which application threads were stopped: 0.0003681 seconds, Stopping threads took: 0.0000005 seconds
[108.002s][info][gc       ] [SPS 0.000 0.003 0.003 0.007 0.001 0.001 0.000 0.331 0.028 0.368 NewGC_pause1 108.001566 ]
[108.078s][info][safepoint] Application time: 0.0765621 seconds
[108.079s][info][safepoint] Total time for which application threads were stopped: 0.0002166 seconds, Stopping threads took: 0.0000005 seconds
[108.079s][info][gc       ] [SPS 0.000 0.001 0.000 0.016 0.000 0.001 0.000 0.154 0.045 0.217 NewGC_pause2 108.078345 ]
[108.081s][info][safepoint] Application time: 0.0020884 seconds
[108.081s][info][safepoint] Total time for which application threads were stopped: 0.0001089 seconds, Stopping threads took: 0.0000005 seconds
[108.081s][info][gc       ] [SPS 0.000 0.000 0.000 0.007 0.000 0.001 0.000 0.078 0.022 0.109 NewGC_pause3 108.080542 ]
[108.082s][info][safepoint] Application time: 0.0014750 seconds
[108.082s][info][safepoint] Total time for which application threads were stopped: 0.0001490 seconds, Stopping threads took: 0.0000005 seconds
[108.083s][info][gc       ] [SPS 0.000 0.003 0.002 0.007 0.000 0.001 0.000 0.111 0.030 0.149 NewGC_pause4 108.082166 ]
[108.083s][info][gc       ] [GC New Max 283-266 : 5120 3060 2194 5120 - - 1046 56 2 2 - : 186 1796 28 184 1052 : 184 2 868 868 0 : 0 0 92 0 93 - 0 : 0.222844 2737.3 0.0 0.083224 2283.0 0.0 : 3 --c 0000 : 23 0 0.000 0.000 0 0.000 0.000 0 0.000 0.000 : 107.999246 108.001197 0.000293 108.078128 0.000101 108.080433 0.000078 108.082017 0.000068 : 108.082469 ]
[108.083s][info][gc       ] [SYSINFO 7577 191 89 0 7042 0 20 0 0 5745 : - - - - - - - - : 0 7168 : 2.22 1.22 1.45 : 278178 4215500 : 0 0 : 27 0 : 1547 3 0 259 : - 7672803328 333475840 1439936512 5939011584 199507968 93806592 : 140688591 5115510 143030 0 0 0 : 108.082813 ]
[108.083s][info][gc       ] [HUGEPAGESTAT 0 0 0 - 20840 0 0 : 612352 0 0 : 108.082813 ]
[108.083s][info][gc       ] [OBJCREAT 237508604 25313 12335104 : 108.082913 ]
[108.083s][info][gc       ] [HMSV All : 0 0 70 0 0 0 0 0 : 4986 0 0 0 : 108.082934 ]
[108.083s][info][gc       ] [HMSP 9 : 41100 0 : 108.082934 ]
[108.083s][info][gc       ] [VMAC 65530 166 24 430 620 : 108.083457 ]
[108.326s][info][gc       ] [GPGC-H  2766.6 373.3 0.1 0.0 : 13.4 : 0.000 0.000 : 0.000 0.000 0.775 1.507 : 0.000 0.000 0.000 0.000 1.818 0.602 : 0.000 : 80.361 : 834 1796 28 0 : 2267 : 4608 4424 : 108.325536 : 9 Next_heuristic_check_may_be_too_late ]
[108.328s][info][safepoint] Application time: 0.2454212 seconds
[108.328s][info][safepoint] Total time for which application threads were stopped: 0.0001700 seconds, Stopping threads took: 0.0000005 seconds
[108.329s][info][gc       ] [SPS 0.000 0.004 0.004 0.008 0.000 0.001 0.000 0.141 0.020 0.170 NewGC_pause1 108.327757 ]
[108.399s][info][safepoint] Application time: 0.0714255 seconds
[108.400s][info][safepoint] Total time for which application threads were stopped: 0.0001360 seconds, Stopping threads took: 0.0000005 seconds
[108.400s][info][gc       ] [SPS 0.000 0.001 0.000 0.008 0.001 0.001 0.000 0.109 0.018 0.136 NewGC_pause2 108.399319 ]
[108.401s][info][safepoint] Application time: 0.0018598 seconds
[108.402s][info][safepoint] Total time for which application threads were stopped: 0.0002026 seconds, Stopping threads took: 0.0000005 seconds
[108.402s][info][gc       ] [SPS 0.000 0.000 0.000 0.008 0.001 0.001 0.000 0.165 0.028 0.203 NewGC_pause3 108.401382 ]
[108.402s][info][safepoint] Application time: 0.0010100 seconds
[108.403s][info][safepoint] Total time for which application threads were stopped: 0.0000891 seconds, Stopping threads took: 0.0000005 seconds
[108.403s][info][gc       ] [SPS 0.000 0.003 0.002 0.008 0.000 0.001 0.000 0.058 0.022 0.089 NewGC_pause4 108.402481 ]
[108.403s][info][gc       ] [GC New Max 284-267 : 5120 3068 2234 5120 - - 1046 56 2 2 - : 226 1796 28 184 1060 : 222 4 836 836 0 : 0 1 111 0 113 - 0 : 0.243547 2660.7 0.0 0.076907 2964.6 0.0 : 3 --c 0000 : 23 0 0.000 0.000 0 0.000 0.000 0 0.000 0.000 : 108.326016 108.327587 0.000144 108.399183 0.000113 108.401179 0.000080 108.402392 0.000065 : 108.402923 ]
[108.403s][info][gc       ] [SYSINFO 7577 191 89 0 7042 0 20 0 0 5745 : - - - - - - - - : 0 7168 : 2.22 1.22 1.45 : 278178 4215500 : 0 0 : 27 0 : 1547 4 0 259 : - 7672803328 333475840 1439936512 5939011584 199507968 93806592 : 140688591 5116020 143090 0 0 0 : 108.403215 ]
[108.403s][info][gc       ] [HUGEPAGESTAT 0 0 0 - 20840 0 0 : 612352 0 0 : 108.403215 ]
[108.403s][info][gc       ] [OBJCREAT 238375157 25313 12335104 : 108.403270 ]
[108.403s][info][gc       ] [HMSV All : 0 0 70 0 0 0 0 0 : 4986 0 0 0 : 108.403289 ]
[108.403s][info][gc       ] [HMSP 9 : 41100 0 : 108.403289 ]
[108.404s][info][gc       ] [VMAC 65530 166 24 430 620 : 108.404242 ]
[108.646s][info][gc       ] [GPGC-H  2766.6 373.3 0.1 0.0 : 13.4 : 0.000 0.000 : 0.000 0.000 0.765 1.507 : 0.000 0.000 0.000 0.000 1.794 0.602 : 0.000 : 79.533 : 878 1796 28 0 : 2267 : 4608 4424 : 108.645808 : 9 Next_heuristic_check_may_be_too_late ]
[108.648s][info][safepoint] Application time: 0.2455977 seconds
[108.649s][info][safepoint] Total time for which application threads were stopped: 0.0003221 seconds, Stopping threads took: 0.0000006 seconds
[108.649s][info][gc       ] [SPS 0.000 0.005 0.008 0.010 0.001 0.001 0.001 0.274 0.036 0.322 NewGC_pause1 108.648401 ]
[108.731s][info][safepoint] Application time: 0.0825381 seconds
[108.731s][info][safepoint] Total time for which application threads were stopped: 0.0001614 seconds, Stopping threads took: 0.0000005 seconds
[108.732s][info][gc       ] [SPS 0.000 0.001 0.000 0.008 0.001 0.001 0.001 0.128 0.023 0.161 NewGC_pause2 108.731101 ]
[108.733s][info][safepoint] Application time: 0.0014612 seconds
[108.733s][info][safepoint] Total time for which application threads were stopped: 0.0001240 seconds, Stopping threads took: 0.0000005 seconds
[108.733s][info][gc       ] [SPS 0.000 0.000 0.000 0.008 0.000 0.001 0.000 0.096 0.018 0.124 NewGC_pause3 108.732686 ]
[108.734s][info][safepoint] Application time: 0.0011859 seconds
[108.734s][info][safepoint] Total time for which application threads were stopped: 0.0001938 seconds, Stopping threads took: 0.0000006 seconds
[108.735s][info][gc       ] [SPS 0.000 0.003 0.002 0.008 0.001 0.001 0.000 0.164 0.020 0.194 NewGC_pause4 108.734066 ]
[108.735s][info][gc       ] [GC New Max 285-268 : 5120 3134 2254 5120 - - 1046 56 2 2 - : 246 1796 28 184 1126 : 242 4 882 882 0 : 0 1 121 0 123 - 0 : 0.243451 2678.2 0.0 0.087937 2842.9 0.0 : 3 --c 0000 : 23 0 0.000 0.000 0 0.000 0.000 0 0.000 0.000 : 108.646374 108.648079 0.000244 108.730939 0.000077 108.732562 0.000100 108.733872 0.000134 : 108.734311 ]
[108.735s][info][gc       ] [SYSINFO 7577 191 89 0 7042 0 20 0 0 5745 : - - - - - - - - : 0 7168 : 2.22 1.22 1.45 : 278178 4215500 : 0 0 : 27 0 : 1547 2 0 259 : - 7672803328 333475840 1439936512 5939011584 199643136 93806592 : 140688591 5116590 143200 0 0 0 : 108.734614 ]
[108.735s][info][gc       ] [HUGEPAGESTAT 0 0 0 - 20840 0 0 : 612352 0 0 : 108.734614 ]
[108.735s][info][gc       ] [OBJCREAT 239269703 25313 12335104 : 108.734699 ]
[108.735s][info][gc       ] [HMSV All : 0 0 70 0 0 0 0 0 : 4986 0 0 0 : 108.734718 ]
[108.735s][info][gc       ] [HMSP 9 : 41100 0 : 108.734718 ]
[108.735s][info][gc       ] [VMAC 65530 166 24 430 620 : 108.735310 ]
[108.957s][info][gc       ] [GPGC-H  2766.6 339.5 0.1 0.0 : 12.2 : 0.000 0.000 : 0.000 0.000 0.755 1.507 : 0.000 0.000 0.000 0.000 1.769 0.602 : 0.000 : 78.727 : 858 1796 28 0 : 2267 : 4608 4424 : 108.956822 : 9 Next_heuristic_check_may_be_too_late ]
[108.960s][info][safepoint] Application time: 0.2255206 seconds
[108.961s][info][safepoint] Total time for which application threads were stopped: 0.0003787 seconds, Stopping threads took: 0.0000005 seconds
[108.961s][info][gc       ] [SPS 0.000 0.004 0.004 0.008 0.001 0.001 0.001 0.336 0.033 0.379 NewGC_pause1 108.959965 ]
[109.034s][info][safepoint] Application time: 0.0738994 seconds
[109.034s][info][safepoint] Total time for which application threads were stopped: 0.0000760 seconds, Stopping threads took: 0.0000005 seconds
[109.035s][info][gc       ] [SPS 0.000 0.001 0.000 0.007 0.000 0.001 0.000 0.051 0.016 0.076 NewGC_pause2 109.033941 ]
[109.036s][info][safepoint] Application time: 0.0015460 seconds
[109.036s][info][safepoint] Total time for which application threads were stopped: 0.0001330 seconds, Stopping threads took: 0.0000005 seconds
[109.036s][info][gc       ] [SPS 0.000 0.000 0.000 0.007 0.000 0.001 0.000 0.109 0.015 0.133 NewGC_pause3 109.035620 ]
[109.037s][info][safepoint] Application time: 0.0009718 seconds
[109.037s][info][safepoint] Total time for which application threads were stopped: 0.0001140 seconds, Stopping threads took: 0.0000005 seconds
[109.037s][info][gc       ] [SPS 0.000 0.002 0.002 0.007 0.001 0.001 0.001 0.090 0.016 0.114 NewGC_pause4 109.036706 ]
[109.037s][info][gc       ] [GC New Max 286-269 : 5120 3092 2236 5120 - - 1046 56 2 2 - : 226 1796 28 184 1084 : 224 2 861 861 0 : 0 1 112 0 113 - 0 : 0.223142 2751.6 0.0 0.079573 2840.2 0.0 : 3 --c 0000 : 23 0 0.000 0.000 0 0.000 0.000 0 0.000 0.000 : 108.957453 108.959587 0.000339 109.033865 0.000054 109.035487 0.000114 109.036592 0.000095 : 109.037026 ]
[109.037s][info][gc       ] [SYSINFO 7577 191 89 0 7042 0 20 0 0 5745 : - - - - - - - - : 0 7168 : 2.22 1.22 1.45 : 278178 4215500 : 0 0 : 27 0 : 1547 2 0 259 : - 7672803328 333475840 1439936512 5939011584 199643136 93806592 : 140688591 5117110 143270 0 0 0 : 109.037394 ]
[109.037s][info][gc       ] [HUGEPAGESTAT 0 0 0 - 20840 0 0 : 612352 0 0 : 109.037394 ]
[109.037s][info][gc       ] [OBJCREAT 240101846 25313 12335104 : 109.037477 ]
[109.037s][info][gc       ] [HMSV All : 0 0 70 0 0 0 0 0 : 4986 0 0 0 : 109.037502 ]
[109.038s][info][gc       ] [HMSP 9 : 41100 0 : 109.037502 ]
[109.038s][info][gc       ] [VMAC 65530 166 24 430 620 : 109.038055 ]
[109.260s][info][gc       ] [GPGC-H  2766.6 339.5 0.1 0.0 : 12.2 : 0.000 0.000 : 0.000 0.000 0.745 1.507 : 0.000 0.000 0.000 0.000 1.748 0.602 : 0.000 : 77.999 : 838 1796 28 0 : 2267 : 4608 4424 : 109.259808 : 9 Next_heuristic_check_may_be_too_late ]
[109.262s][info][safepoint] Application time: 0.2251697 seconds
[109.262s][info][safepoint] Total time for which application threads were stopped: 0.0003021 seconds, Stopping threads took: 0.0000005 seconds
[109.263s][info][gc       ] [SPS 0.000 0.031 0.004 0.008 0.000 0.001 0.000 0.275 0.017 0.302 NewGC_pause1 109.262178 ]
[109.349s][info][safepoint] Application time: 0.0864408 seconds
[109.349s][info][safepoint] Total time for which application threads were stopped: 0.0001560 seconds, Stopping threads took: 0.0000005 seconds
[109.350s][info][gc       ] [SPS 0.000 0.001 0.000 0.008 0.001 0.001 0.000 0.121 0.025 0.156 NewGC_pause2 109.348775 ]
[109.350s][info][safepoint] Application time: 0.0015260 seconds
[109.351s][info][safepoint] Total time for which application threads were stopped: 0.0001624 seconds, Stopping threads took: 0.0000005 seconds
[109.351s][info][gc       ] [SPS 0.000 0.000 0.000 0.007 0.001 0.001 0.000 0.121 0.033 0.162 NewGC_pause3 109.350463 ]
[109.352s][info][safepoint] Application time: 0.0013571 seconds
[109.352s][info][safepoint] Total time for which application threads were stopped: 0.0002007 seconds, Stopping threads took: 0.0000005 seconds
[109.353s][info][gc       ] [SPS 0.000 0.003 0.002 0.007 0.000 0.001 0.000 0.159 0.032 0.201 NewGC_pause4 109.352021 ]
[109.353s][info][gc       ] [GC New Max 287-270 : 5120 3020 2180 5120 - - 1046 56 2 2 - : 172 1796 28 184 1012 : 168 4 842 842 0 : 0 1 84 0 86 - 0 : 0.223265 2750.1 0.0 0.092007 1891.2 0.0 : 3 --c 0000 : 23 0 0.000 0.000 0 0.000 0.000 0 0.000 0.000 : 109.260291 109.261876 0.000280 109.348619 0.000083 109.350301 0.000072 109.351821 0.000073 : 109.352298 ]
[109.353s][info][gc       ] [SYSINFO 7577 191 89 0 7042 0 20 0 0 5745 : - - - - - - - - : 0 7168 : 2.22 1.22 1.45 : 278178 4215500 : 0 0 : 27 0 : 1547 2 0 259 : - 7672803328 333475840 1439936512 5939011584 199643136 93806592 : 140688591 5117640 143420 0 0 0 : 109.352614 ]
[109.353s][info][gc       ] [HUGEPAGESTAT 0 0 0 - 20840 0 0 : 612352 0 0 : 109.352614 ]
[109.353s][info][gc       ] [OBJCREAT 240879395 25313 12335104 : 109.352680 ]
[109.353s][info][gc       ] [HMSV All : 0 0 70 0 0 0 0 0 : 4986 0 0 0 : 109.352700 ]
[109.353s][info][gc       ] [HMSP 9 : 41100 0 : 109.352700 ]
[109.353s][info][gc       ] [VMAC 65530 166 24 430 620 : 109.353253 ]
[109.575s][info][gc       ] [GPGC-H  2766.6 339.5 0.1 0.0 : 12.2 : 0.000 0.000 : 0.000 0.000 0.736 1.507 : 0.000 0.000 0.000 0.000 1.725 0.602 : 0.000 : 77.293 : 780 1796 28 0 : 2267 : 4608 4424 : 109.574963 : 9 Next_heuristic_check_may_be_too_late ]
[109.578s][info][safepoint] Application time: 0.2254764 seconds
[109.578s][info][safepoint] Total time for which application threads were stopped: 0.0001974 seconds, Stopping threads took: 0.0000006 seconds
[109.579s][info][gc       ] [SPS 0.000 0.004 0.002 0.008 0.001 0.001 0.001 0.168 0.019 0.197 NewGC_pause1 109.577696 ]
[109.653s][info][safepoint] Application time: 0.0755782 seconds
[109.654s][info][safepoint] Total time for which application threads were stopped: 0.0001793 seconds, Stopping threads took: 0.0000005 seconds
[109.654s][info][gc       ] [SPS 0.000 0.001 0.000 0.007 0.000 0.001 0.000 0.147 0.024 0.179 NewGC_pause2 109.653453 ]
[109.656s][info][safepoint] Application time: 0.0022521 seconds
[109.656s][info][safepoint] Total time for which application threads were stopped: 0.0001850 seconds, Stopping threads took: 0.0000005 seconds
[109.657s][info][gc       ] [SPS 0.000 0.000 0.000 0.007 0.000 0.001 0.000 0.144 0.033 0.185 NewGC_pause3 109.655890 ]
[109.657s][info][safepoint] Application time: 0.0010933 seconds
[109.658s][info][safepoint] Total time for which application threads were stopped: 0.0001480 seconds, Stopping threads took: 0.0000005 seconds
[109.658s][info][gc       ] [GC New Max 288-271 : 5120 3032 2248 5120 - - 1046 56 2 2 - : 240 1796 28 184 1024 : 238 2 786 786 0 : 0 0 119 0 120 - 0 : 0.223331 2731.4 0.0 0.081883 2979.9 0.0 : 3 --c 0000 : 23 0 0.000 0.000 0 0.000 0.000 0 0.000 0.000 : 109.575630 109.577498 0.000138 109.653274 0.000107 109.655705 0.000065 109.656984 0.000074 : 109.657513 ]
[109.658s][info][gc       ] [SYSINFO 7577 191 89 0 7042 0 20 0 0 5745 : - - - - - - - - : 0 7168 : 2.13 1.21 1.45 : 278178 4215500 : 0 0 : 27 0 : 1547 2 0 259 : - 7672803328 333475840 1439936512 5939011584 199643136 93806592 : 140688591 5118140 143490 0 0 0 : 109.657750 ]
[109.658s][info][gc       ] [HUGEPAGESTAT 0 0 0 - 20840 0 0 : 612352 0 0 : 109.657750 ]
[109.658s][info][gc       ] [OBJCREAT 241725838 25313 12335104 : 109.657816 ]
[109.658s][info][gc       ] [HMSV All : 0 0 70 0 0 0 0 0 : 4986 0 0 0 : 109.657832 ]
[109.658s][info][gc       ] [HMSP 9 : 41100 0 : 109.657832 ]
[109.658s][info][gc       ] [SPS 0.000 0.003 0.002 0.007 0.001 0.001 0.000 0.111 0.029 0.148 NewGC_pause4 109.657132 ]
[109.658s][info][gc       ] [VMAC 65530 166 24 430 620 : 109.658398 ]
[109.900s][info][gc       ] [GPGC-H  2766.6 339.5 0.1 0.0 : 12.2 : 0.000 0.000 : 0.000 0.000 0.727 1.507 : 0.000 0.000 0.000 0.000 1.704 0.602 : 0.000 : 76.586 : 888 1796 28 0 : 2267 : 4608 4424 : 109.900215 : 9 Next_heuristic_check_may_be_too_late ]
[109.903s][info][safepoint] Application time: 0.2458017 seconds
[109.904s][info][safepoint] Total time for which application threads were stopped: 0.0001373 seconds, Stopping threads took: 0.0000005 seconds
[109.904s][info][gc       ] [SPS 0.000 0.030 0.003 0.008 0.000 0.001 0.001 0.110 0.017 0.137 NewGC_pause1 109.903071 ]
[109.974s][info][safepoint] Application time: 0.0703287 seconds
[109.974s][info][safepoint] Total time for which application threads were stopped: 0.0001151 seconds, Stopping threads took: 0.0000006 seconds
[109.974s][info][gc       ] [SPS 0.000 0.001 0.000 0.009 0.001 0.001 0.001 0.088 0.016 0.115 NewGC_pause2 109.973515 ]
[109.975s][info][safepoint] Application time: 0.0017187 seconds
[109.976s][info][safepoint] Total time for which application threads were stopped: 0.0001003 seconds, Stopping threads took: 0.0000005 seconds
[109.976s][info][gc       ] [SPS 0.000 0.001 0.000 0.008 0.001 0.001 0.000 0.053 0.038 0.100 NewGC_pause3 109.975334 ]
[109.977s][info][safepoint] Application time: 0.0010866 seconds
[109.977s][info][safepoint] Total time for which application threads were stopped: 0.0001389 seconds, Stopping threads took: 0.0000005 seconds
[109.977s][info][gc       ] [SPS 0.000 0.003 0.002 0.007 0.000 0.001 0.000 0.105 0.026 0.139 NewGC_pause4 109.976560 ]
[109.977s][info][gc       ] [GC New Max 289-272 : 5120 3082 2194 5120 - - 1046 56 2 2 - : 186 1796 28 184 1074 : 182 4 891 891 0 : 0 1 91 0 93 - 0 : 0.243417 2670.3 0.0 0.075990 2447.7 0.0 : 3 --c 0000 : 23 0 0.000 0.000 0 0.000 0.000 0 0.000 0.000 : 109.900929 109.902934 0.000114 109.973400 0.000095 109.975234 0.000055 109.976421 0.000108 : 109.976919 ]
[109.977s][info][gc       ] [SYSINFO 7577 191 89 0 7042 0 20 0 0 5745 : - - - - - - - - : 0 7168 : 2.13 1.21 1.45 : 278178 4215500 : 0 0 : 27 0 : 1547 3 0 259 : - 7672803328 333475840 1439936512 5939011584 199643136 93806592 : 140688591 5118650 143520 0 0 0 : 109.977245 ]
[109.977s][info][gc       ] [HUGEPAGESTAT 0 0 0 - 20840 0 0 : 612352 0 0 : 109.977245 ]
[109.977s][info][gc       ] [OBJCREAT 242552032 25313 12335104 : 109.977315 ]
[109.977s][info][gc       ] [HMSV All : 0 0 70 0 0 0 0 0 : 4986 0 0 0 : 109.977331 ]
[109.977s][info][gc       ] [HMSP 9 : 41100 0 : 109.977331 ]
[109.978s][info][gc       ] [VMAC 65530 166 24 430 620 : 109.977873 ]
[110.200s][info][gc       ] [GPGC-H  2766.6 339.5 0.1 0.0 : 12.2 : 0.000 0.000 : 0.000 0.000 0.717 1.507 : 0.000 0.000 0.000 0.000 1.682 0.602 : 0.000 : 75.813 : 824 1796 28 0 : 2267 : 4608 4424 : 110.199756 : 9 Next_heuristic_check_may_be_too_late ]
[110.202s][info][safepoint] Application time: 0.2255222 seconds
[110.203s][info][safepoint] Total time for which application threads were stopped: 0.0003260 seconds, Stopping threads took: 0.0000005 seconds
[110.204s][info][gc       ] [SPS 0.000 0.003 0.003 0.008 0.000 0.001 0.000 0.277 0.039 0.326 NewGC_pause1 110.202408 ]
[110.279s][info][safepoint] Application time: 0.0762589 seconds
[110.280s][info][safepoint] Total time for which application threads were stopped: 0.0001916 seconds, Stopping threads took: 0.0000005 seconds
[110.280s][info][gc       ] [SPS 0.000 0.001 0.000 0.007 0.000 0.001 0.001 0.158 0.024 0.191 NewGC_pause2 110.278859 ]
[110.282s][info][safepoint] Application time: 0.0027650 seconds
[110.282s][info][safepoint] Total time for which application threads were stopped: 0.0001586 seconds, Stopping threads took: 0.0000005 seconds
[110.282s][info][gc       ] [SPS 0.000 0.000 0.000 0.007 0.001 0.001 0.000 0.122 0.028 0.159 NewGC_pause3 110.281782 ]
[110.283s][info][safepoint] Application time: 0.0014546 seconds
[110.284s][info][safepoint] Total time for which application threads were stopped: 0.0001589 seconds, Stopping threads took: 0.0000005 seconds
[110.284s][info][gc       ] [SPS 0.000 0.002 0.002 0.007 0.001 0.001 0.000 0.121 0.029 0.159 NewGC_pause4 110.283396 ]
[110.284s][info][gc       ] [GC New Max 290-273 : 5120 3082 2254 5120 - - 1046 56 2 2 - : 246 1796 28 184 1074 : 242 4 830 830 0 : 0 1 121 0 123 - 0 : 0.223415 2864.6 0.0 0.083416 2997.0 0.0 : 3 --c 0000 : 23 0 0.000 0.000 0 0.000 0.000 0 0.000 0.000 : 110.200334 110.202082 0.000271 110.278667 0.000116 110.281624 0.000074 110.283237 0.000086 : 110.283749 ]
[110.284s][info][gc       ] [SYSINFO 7577 191 89 0 7042 0 20 0 0 5745 : - - - - - - - - : 0 7168 : 2.13 1.21 1.45 : 278178 4215500 : 0 0 : 27 0 : 1547 2 0 259 : - 7672803328 333475840 1439936512 5939011584 199643136 93806592 : 140688591 5119170 143630 0 0 0 : 110.284015 ]
[110.284s][info][gc       ] [HUGEPAGESTAT 0 0 0 - 20840 0 0 : 612352 0 0 : 110.284015 ]
[110.284s][info][gc       ] [OBJCREAT 243432186 25313 12335104 : 110.284063 ]
[110.284s][info][gc       ] [HMSV All : 0 0 70 0 0 0 0 0 : 4986 0 0 0 : 110.284100 ]
[110.284s][info][gc       ] [HMSP 9 : 41100 0 : 110.284100 ]
[110.285s][info][gc       ] [VMAC 65530 166 24 430 620 : 110.284755 ]
[110.507s][info][gc       ] [GPGC-H  2754.8 339.5 0.1 0.0 : 12.2 : 0.000 0.000 : 0.000 0.000 0.708 1.507 : 0.000 0.000 0.000 0.000 1.661 0.602 : 0.000 : 75.128 : 974 1796 28 0 : 2267 : 4608 4424 : 110.507476 : 9 Next_heuristic_check_may_be_too_late ]
[110.511s][info][safepoint] Application time: 0.2270814 seconds
[110.512s][info][safepoint] Total time for which application threads were stopped: 0.0001906 seconds, Stopping threads took: 0.0000005 seconds
[110.512s][info][gc       ] [SPS 0.000 0.004 0.011 0.008 0.001 0.001 0.000 0.160 0.020 0.191 NewGC_pause1 110.510668 ]
[110.665s][info][safepoint] Application time: 0.1537998 seconds
[110.665s][info][safepoint] Total time for which application threads were stopped: 0.0002165 seconds, Stopping threads took: 0.0000005 seconds
[110.666s][info][gc       ] [SPS 0.000 0.001 0.000 0.008 0.001 0.001 0.000 0.165 0.042 0.216 NewGC_pause2 110.664685 ]
[110.668s][info][safepoint] Application time: 0.0029701 seconds
[110.668s][info][safepoint] Total time for which application threads were stopped: 0.0001993 seconds, Stopping threads took: 0.0000005 seconds
[110.669s][info][gc       ] [SPS 0.000 0.000 0.000 0.007 0.000 0.001 0.000 0.156 0.034 0.199 NewGC_pause3 110.667854 ]
[110.670s][info][safepoint] Application time: 0.0020705 seconds
[110.671s][info][safepoint] Total time for which application threads were stopped: 0.0002218 seconds, Stopping threads took: 0.0000004 seconds
[110.671s][info][gc       ] [SPS 0.000 0.003 0.002 0.007 0.000 0.001 0.000 0.167 0.047 0.222 NewGC_pause4 110.670147 ]
[110.671s][info][gc       ] [GC New Max 291-274 : 5120 4024 3264 5120 - - 1046 56 2 2 - : 1256 1796 28 184 2016 : 1240 12 774 774 0 : 0 1 512 0 530 - 98 : 0.224340 3325.3 0.0 0.162515 6362.5 0.0 : 3 --c 0000 : 23 0 0.000 0.000 0 0.000 0.000 0 0.000 0.000 : 110.508090 110.510478 0.000166 110.664468 0.000135 110.667655 0.000108 110.669925 0.000119 : 110.670605 ]
[110.671s][info][gc       ] [SYSINFO 7577 191 89 0 7042 0 20 0 0 5745 : - - - - - - - - : 0 7168 : 2.13 1.21 1.45 : 278178 4215500 : 0 0 : 27 0 : 1547 2 0 259 : - 7672803328 333475840 1439936512 5939011584 199643136 93806592 : 140688591 5120020 143770 0 0 0 : 110.670919 ]
[110.671s][info][gc       ] [HUGEPAGESTAT 0 0 0 - 20840 0 0 : 612352 0 0 : 110.670919 ]
[110.671s][info][gc       ] [OBJCREAT 245192697 25313 12335104 : 110.670985 ]
[110.671s][info][gc       ] [HMSV All : 0 0 79 0 0 0 0 0 : 4986 0 0 0 : 110.671004 ]
[110.671s][info][gc       ] [HMSP 9 : 41100 0 : 110.671004 ]
[110.672s][info][gc       ] [VMAC 65530 166 24 430 620 : 110.671977 ]
[110.734s][info][gc       ] [GPGC-H  2754.8 339.5 0.1 0.0 : 12.2 : 0.000 0.000 : 0.000 0.000 0.698 1.507 : 0.000 0.000 0.000 0.000 1.635 0.602 : 0.000 : 74.541 : 1674 1796 28 0 : 2267 : 4608 4424 : 110.733818 : 9 Next_heuristic_check_may_be_too_late ]
[110.738s][info][safepoint] Application time: 0.0669231 seconds
[110.738s][info][safepoint] Total time for which application threads were stopped: 0.0004328 seconds, Stopping threads took: 0.0000005 seconds
[110.738s][info][gc       ] [SPS 0.000 0.003 0.003 0.008 0.001 0.001 0.000 0.382 0.041 0.433 NewGC_pause1 110.737503 ]
[111.412s][info][safepoint] Application time: 0.6740391 seconds
[111.412s][info][safepoint] Total time for which application threads were stopped: 0.0000993 seconds, Stopping threads took: 0.0000005 seconds
[111.413s][info][gc       ] [SPS 0.000 0.001 0.000 0.008 0.001 0.001 0.000 0.069 0.020 0.099 NewGC_pause2 111.411642 ]
[111.414s][info][safepoint] Application time: 0.0017171 seconds
[111.414s][info][safepoint] Total time for which application threads were stopped: 0.0001913 seconds, Stopping threads took: 0.0000007 seconds
[111.414s][info][gc       ] [SPS 0.000 0.001 0.000 0.015 0.001 0.001 0.000 0.150 0.025 0.191 NewGC_pause3 111.413550 ]
[111.415s][info][safepoint] Application time: 0.0011843 seconds
[111.415s][info][safepoint] Total time for which application threads were stopped: 0.0000881 seconds, Stopping threads took: 0.0000005 seconds
[111.415s][info][gc       ] [SPS 0.000 0.003 0.002 0.008 0.001 0.001 0.000 0.055 0.024 0.088 NewGC_pause4 111.414822 ]
[111.416s][info][gc       ] [GC New Max 292-275 : 5120 4154 4036 5120 - - 1047 56 2 2 - : 2028 1796 28 184 2146 : 2015 11 124 124 0 : 0 2 229 0 922 - 92 : 0.063817 6612.6 0.0 0.680833 690.3 0.0 : 3 --c 0000 : 23 0 0.000 0.000 0 0.000 0.000 0 0.000 0.000 : 110.734422 110.737070 0.000357 111.411542 0.000072 111.413359 0.000125 111.414734 0.000057 : 111.415255 ]
[111.416s][info][gc       ] [SYSINFO 7577 191 89 0 7042 0 20 0 0 5745 : - - - - - - - - : 0 7168 : 2.13 1.21 1.45 : 278178 4215508 : 0 0 : 27 0 : 1547 2 0 259 : - 7672803328 333475840 1439936512 5939011584 199643136 93806592 : 140688591 5122770 143800 0 0 0 : 111.415743 ]
[111.416s][info][gc       ] [HUGEPAGESTAT 0 0 0 - 20840 0 0 : 612352 0 0 : 111.415743 ]
[111.416s][info][gc       ] [OBJCREAT 246076589 25313 12335104 : 111.415831 ]
[111.416s][info][gc       ] [HMSV All : 0 0 80 0 0 0 0 0 : 4986 0 0 0 : 111.415852 ]
[111.416s][info][gc       ] [HMSP 9 : 41100 0 : 111.415852 ]
[111.416s][info][gc       ] [VMAC 65530 166 24 430 620 : 111.416347 ]
[111.477s][info][gc       ] [GPGC-H  2754.8 300.0 0.1 0.0 : 10.7 : 0.000 0.000 : 0.000 0.000 0.698 1.507 : 0.000 0.000 0.000 0.000 1.635 0.602 : 0.000 : 91.430 : 2198 1796 28 0 : 2267 : 4608 4424 : 111.476745 : 8 May_exceed_heap_occupancy_target ]
[111.485s][info][safepoint] Application time: 0.0695975 seconds
[111.485s][info][safepoint] Total time for which application threads were stopped: 0.0004195 seconds, Stopping threads took: 0.0000009 seconds
[111.486s][info][gc       ] [SPS 0.000 0.001 0.008 0.014 0.001 0.001 0.001 0.370 0.032 0.419 NewGC_pause1 111.484840 ]
[112.359s][info][safepoint] Application time: 0.8740054 seconds
[112.359s][info][safepoint] Total time for which application threads were stopped: 0.0000670 seconds, Stopping threads took: 0.0000004 seconds
[112.360s][info][gc       ] [SPS 0.000 0.001 0.000 0.006 0.000 0.001 0.000 0.043 0.016 0.067 NewGC_pause2 112.358912 ]
[112.360s][info][safepoint] Application time: 0.0011857 seconds
[112.360s][info][safepoint] Total time for which application threads were stopped: 0.0000665 seconds, Stopping threads took: 0.0000068 seconds
[112.360s][info][gc       ] [SPS 0.000 0.000 0.000 0.006 0.007 0.002 0.006 0.042 0.004 0.066 NewGC_pause3 112.360164 ]
[112.363s][info][safepoint] Application time: 0.0024970 seconds
[112.379s][info][safepoint] Total time for which application threads were stopped: 0.0008034 seconds, Stopping threads took: 0.0000008 seconds
[112.380s][info][gc       ] [SPS 0.000 0.001 0.000 0.012 0.001 0.001 0.001 0.773 0.017 0.804 OldGC_pause2 112.363465 ]
[112.380s][info][safepoint] Application time: 0.0164698 seconds
[112.380s][info][safepoint] Total time for which application threads were stopped: 0.0001720 seconds, Stopping threads took: 0.0000005 seconds
[112.381s][info][gc       ] [SPS 0.000 0.001 0.000 0.009 0.001 0.001 0.000 0.134 0.027 0.172 OldGC_pause3 112.380107 ]
[112.389s][info][safepoint] Application time: 0.0087402 seconds
[112.389s][info][safepoint] Total time for which application threads were stopped: 0.0001961 seconds, Stopping threads took: 0.0000006 seconds
[112.389s][info][gc       ] [SPS 0.000 0.005 0.003 0.009 0.001 0.001 0.000 0.137 0.048 0.196 NewGC_pause4 112.389044 ]
[112.567s][info][gc       ] [GC NTO Max 293-276 : 5120 4962 4734 5120 - - 1047 56 2 2 - : 2726 1796 28 184 2954 : 2506 7 437 437 93 : 0 307 372 0 1308 - 55 : 0.061991 2774.6 0.0 1.089570 800.3 0.0 : 3 --c 0000 : 23 11629 0.000 0.001 0 0.000 0.000 11629 0.000 0.001 : 111.477246 111.484420 0.000374 112.358845 0.000045 112.360098 0.000059 112.388847 0.000079 : 112.566816 ]
[112.567s][info][gc       ] [SYSINFO 7577 191 89 0 7042 0 20 0 0 5745 : - - - - - - - - : 0 7168 : 2.13 1.21 1.45 : 278178 4215508 : 0 0 : 27 0 : 1547 3 0 259 : - 7672803328 333475840 1439936512 5939011584 199643136 93806592 : 140688591 5126740 143970 0 0 0 : 112.567115 ]
[112.567s][info][gc       ] [HUGEPAGESTAT 0 0 0 - 20840 0 0 : 612352 0 0 : 112.567115 ]
[112.567s][info][gc       ] [OBJCREAT 247122746 25379 12335104 : 112.567176 ]
[112.567s][info][gc       ] [HMSV All : 0 0 80 0 0 0 0 0 : 4986 0 0 0 : 112.567208 ]
[112.567s][info][gc       ] [HMSP 9 : 41100 0 : 112.567208 ]
[112.568s][info][gc       ] [GPGC-H  2672.9 300.0 0.1 0.0 : 10.7 : 0.000 0.000 : 0.000 0.000 1.089 1.507 : 0.000 0.000 0.000 0.000 1.635 0.602 : 0.000 : 94.617 : 2730 1796 28 0 : 2267 : 4608 4424 : 112.568069 : 3 Heap_use_exceeded_committed ]
[112.568s][info][gc       ] [VMAC 65530 166 24 430 620 : 112.567756 ]
[112.571s][info][safepoint] Application time: 0.1813750 seconds
[112.571s][info][safepoint] Total time for which application threads were stopped: 0.0000939 seconds, Stopping threads took: 0.0000005 seconds
[112.571s][info][gc       ] [SPS 0.000 0.003 0.002 0.007 0.001 0.001 0.000 0.062 0.023 0.094 OldGC_pause4 112.570513 ]
[112.572s][info][gc       ] [GC Old Max 294-18 : 5120 4962 2958 5120 - - 1047 56 2 2 - : 2738 10 26 184 1826 : 26 8 1788 1788 0 : 0 4 0 0 18 - 0 : 10.262162 4.7 0.2 1.091928 0.0 0.0 : 1 --c 0000 : 23   -    -    -    -    -    -    -    -    -  : 111.479464 111.484420 0.000374 112.362661 0.000782 112.379935 0.000093 112.570419 0.000061 : 112.571393 ]
[112.572s][info][gc       ] [SYSINFO 7577 191 89 0 7042 0 20 0 0 5745 : - - - - - - - - : 0 7168 : 2.13 1.21 1.45 : 278178 4215508 : 0 0 : 27 0 : 1547 2 0 259 : - 7672803328 333475840 1439936512 5939011584 199643136 93806592 : 140688591 5126760 143970 0 0 0 : 112.571608 ]
[112.572s][info][gc       ] [HUGEPAGESTAT 0 0 0 - 20840 0 0 : 612352 0 0 : 112.571608 ]
[112.572s][info][gc       ] [OBJCREAT 247134641 25379 12335104 : 112.571655 ]
[112.572s][info][gc       ] [HMSV All : 0 0 80 0 0 0 0 0 : 4986 0 0 0 : 112.571675 ]
[112.572s][info][gc       ] [HMSP 9 : 41100 0 : 112.571675 ]
[112.572s][info][gc       ] [COMPSTATS 1 : 5 0 : 4 0 : 0 0 : 523 4 0 0 0 0 : 0 0 0 0 0 0 : 194 197 21 : 527 0 0 0 0 0 0 : 527 0 0 0 0 0 0 ]
[112.572s][info][gc       ] [COMPSTATS 2 : 5 0 : 1 0 : 0 0 : 133 9 0 0 0 0 : 0 0 0 0 0 0 : 62012 62071 10930 : 76 38 28 0 0 0 0 : 17 102 17 3 3 0 0 ]
[112.572s][info][gc       ] [DEOPTSTATS 1 : 1 0 : 0 0 : 0 0 : 0 0 : 0 12 : 0 0 : 0 0 : 0 0 : 0 0 : 0 0 : 0 0 : 0 0 : 0 0 : 0 0 : 0 0 : 0 0 : 0 0 : 0 0 : 0 0 : 0 0 : 0 0 : 0 0 : 0 0 : 0 0 : 0 0 : 0 0 : 0 0 : 0 0 : 0 0 : 0 0 : 6 0 : 0 0 : 0 0 : 0 0 : 0 0 : 0 0 : 0 0 : 0 0 : 0 0 : 0 0 : 0 0 : 0 0 ]
[112.572s][info][gc       ] [DEOPTSTATS 2 : 0 0 : 0 0 : 0 0 : 0 0 : 0 0 : 0 0 : 0 13 : 0 0 : 0 0 : 0 0 : 0 0 : 0 0 : 0 0 : 0 0 : 0 0 : 0 0 : 0 0 : 0 0 : 0 0 : 0 0 : 0 1 : 0 0 : 0 0 : 0 0 : 0 0 : 0 0 : 0 0 : 0 0 : 0 0 : 0 0 : 4 0 : 0 0 : 0 0 : 0 0 : 0 1 : 0 0 : 0 0 : 0 0 : 0 0 : 0 5 : 0 0 : 0 0 ]
[112.572s][info][gc       ] [VMAC 65530 166 24 430 620 : 112.572158 ]
[112.573s][info][gc       ] [CCF 0 0 0 0 36 229376: 2976256 : 380 196608 : 3 49152 : 317 311808 :  515 624640 : 118 412160 : 0 0 : 14 1146880 : 1 2048]
[112.575s][info][safepoint] Application time: 0.0045058 seconds
[112.575s][info][safepoint] Total time for which application threads were stopped: 0.0001413 seconds, Stopping threads took: 0.0000006 seconds
[112.576s][info][gc       ] [SPS 0.000 0.002 0.002 0.007 0.001 0.001 0.000 0.106 0.027 0.141 NewGC_pause1 112.575160 ]
[113.468s][info][safepoint] Application time: 0.8925104 seconds
[113.468s][info][safepoint] Total time for which application threads were stopped: 0.0001191 seconds, Stopping threads took: 0.0000005 seconds
[113.468s][info][gc       ] [SPS 0.000 0.001 0.000 0.006 0.000 0.001 0.001 0.087 0.025 0.119 NewGC_pause2 113.467790 ]
[113.470s][info][safepoint] Application time: 0.0015421 seconds
[113.470s][info][safepoint] Total time for which application threads were stopped: 0.0002179 seconds, Stopping threads took: 0.0000005 seconds
[113.470s][info][gc       ] [SPS 0.000 0.000 0.000 0.007 0.000 0.001 0.000 0.159 0.051 0.218 NewGC_pause3 113.469550 ]
[113.489s][info][safepoint] Application time: 0.0194452 seconds
[113.490s][info][safepoint] Total time for which application threads were stopped: 0.0001574 seconds, Stopping threads took: 0.0000005 seconds
[113.490s][info][gc       ] [SPS 0.000 0.004 0.007 0.008 0.001 0.001 0.000 0.106 0.041 0.158 NewGC_pause4 113.489153 ]
[113.712s][info][gc       ] [GC New Max 295-277 : 5120 4742 4422 5120 - - 1047 56 2 2 - : 3746 466 26 184 4502 : 3523 7 974 974 0 : 228 1 879 0 1818 - 55 : 0.005700 2806.9 0.0 1.139246 2078.6 0.0 : 3 --c 0000 : 23 473 0.000 0.000 0 0.000 0.000 473 0.000 0.000 : 112.572517 112.575018 0.000110 113.467670 0.000081 113.469332 0.000096 113.488995 0.000081 : 113.711762 ]
[113.712s][info][gc       ] [SYSINFO 7577 191 89 0 7042 0 20 0 0 5745 : - - - - - - - - : 0 7168 : 2.13 1.21 1.45 : 278178 4215508 : 0 0 : 27 0 : 1547 2 0 259 : - 7672803328 333475840 1439936512 5939011584 199643136 93806592 : 140688591 5131250 144070 0 0 0 : 113.712137 ]
[113.712s][info][gc       ] [HUGEPAGESTAT 0 0 0 - 20840 0 0 : 612352 0 0 : 113.712137 ]
[113.712s][info][gc       ] [OBJCREAT 249485017 25379 12754944 : 113.712200 ]
[113.712s][info][gc       ] [HMSV All : 0 0 80 0 0 0 0 0 : 4986 0 0 0 : 113.712220 ]
[113.712s][info][gc       ] [HMSP 9 : 41100 0 : 113.712220 ]
[113.713s][info][gc       ] [GPGC-H  2668.3 287.7 0.1 0.0 : 9.7 : 0.000 0.000 : 0.000 0.000 1.087 1.338 : 0.000 0.000 0.000 0.000 1.810 0.463 : 0.000 : 99.851 : 3750 466 26 0 : 2267 : 4608 4424 : 113.712949 : 11 Old_headroom_use_exceeded_trigger ]
[113.713s][info][gc       ] [VMAC 65530 166 24 430 620 : 113.713066 ]
[113.719s][info][safepoint] Application time: 0.2292031 seconds
[113.719s][info][safepoint] Total time for which application threads were stopped: 0.0002602 seconds, Stopping threads took: 0.0000005 seconds
[113.719s][info][gc       ] [SPS 0.000 0.001 0.007 0.008 0.000 0.001 0.000 0.211 0.040 0.260 NewGC_pause1 113.718616 ]
[114.258s][info][safepoint] Application time: 0.5395331 seconds
[114.259s][info][safepoint] Total time for which application threads were stopped: 0.0000685 seconds, Stopping threads took: 0.0000005 seconds
[114.259s][info][gc       ] [SPS 0.000 0.001 0.000 0.006 0.000 0.001 0.000 0.055 0.005 0.068 NewGC_pause2 114.258218 ]
[114.260s][info][safepoint] Application time: 0.0017896 seconds
[114.261s][info][safepoint] Total time for which application threads were stopped: 0.0001300 seconds, Stopping threads took: 0.0000004 seconds
[114.261s][info][gc       ] [SPS 0.000 0.001 0.000 0.007 0.000 0.001 0.000 0.105 0.016 0.130 NewGC_pause3 114.260137 ]
[114.287s][info][safepoint] Application time: 0.0264454 seconds
[114.287s][info][safepoint] Total time for which application threads were stopped: 0.0001690 seconds, Stopping threads took: 0.0000005 seconds
[114.288s][info][gc       ] [SPS 0.000 0.015 0.007 0.008 0.001 0.001 0.000 0.129 0.030 0.169 NewGC_pause4 114.286752 ]
[114.770s][info][gc       ] [GC NTO Max 296-278 : 5120 4850 3662 5120 - - 1047 56 2 2 - : 2234 1218 26 184 4174 : 1735 5 2437 2437 25 : 376 0 207 0 1117 - 0 : 0.001577 2537.1 0.0 1.056075 1558.6 0.0 : 3 --c 0001 : 23 5582 0.000 0.001 0 0.000 0.000 5582 0.000 0.001 : 113.713339 113.718356 0.000175 114.258149 0.000055 114.260007 0.000110 114.286583 0.000087 : 114.769414 ]
[114.770s][info][gc       ] [SYSINFO 7577 191 89 0 7042 0 20 0 0 5745 : - - - - - - - - : 0 7168 : 2.36 1.28 1.47 : 278178 4215508 : 0 0 : 27 0 : 1547 3 0 259 : - 7672803328 333475840 1439936512 5939011584 199643136 93806592 : 140688591 5135200 144090 0 0 0 : 114.769728 ]
[114.770s][info][gc       ] [HUGEPAGESTAT 0 0 0 - 20840 0 0 : 612352 0 0 : 114.769728 ]
[114.770s][info][gc       ] [OBJCREAT 251123952 25379 13524992 : 114.769787 ]
[114.770s][info][gc       ] [HMSV All : 0 0 80 0 0 0 0 0 : 4986 0 0 0 : 114.769811 ]
[114.770s][info][gc       ] [HMSP 9 : 41100 0 : 114.769811 ]
[114.771s][info][gc       ] [VMAC 65530 166 24 430 620 : 114.770549 ]
[114.771s][info][gc       ] [GPGC-H  2630.2 287.7 0.1 0.0 : 9.7 : 0.000 0.000 : 0.000 0.000 1.075 1.338 : 0.000 0.000 0.000 0.000 2.319 0.463 : 0.000 : 99.851 : 2234 1218 26 0 : 2267 : 4608 4424 : 114.770738 : 8 May_exceed_heap_occupancy_target ]
[114.771s][info][safepoint] Application time: 0.4828551 seconds
[114.771s][info][safepoint] Total time for which application threads were stopped: 0.0012063 seconds, Stopping threads took: 0.0000004 seconds
[114.772s][info][gc       ] [SPS 0.000 0.001 0.000 0.017 0.000 0.001 0.000 1.143 0.044 1.206 OldGC_pause2 114.770814 ]
[114.775s][info][safepoint] Application time: 0.0042322 seconds
[114.776s][info][safepoint] Total time for which application threads were stopped: 0.0002445 seconds, Stopping threads took: 0.0000014 seconds
[114.776s][info][gc       ] [SPS 0.015 0.001 0.000 0.060 0.001 0.002 0.001 0.143 0.037 0.244 OldGC_pause3 114.775291 ]
[114.784s][info][safepoint] Application time: 0.0081522 seconds
[114.784s][info][safepoint] Total time for which application threads were stopped: 0.0002727 seconds, Stopping threads took: 0.0000005 seconds
[114.784s][info][gc       ] [SPS 0.000 5.175 0.003 0.007 0.001 0.001 0.000 0.234 0.029 0.273 NewGC_pause1 114.783716 ]
[115.144s][info][safepoint] Application time: 0.3599108 seconds
[115.145s][info][safepoint] Total time for which application threads were stopped: 0.0002162 seconds, Stopping threads took: 0.0000005 seconds
[115.145s][info][gc       ] [SPS 0.000 0.001 0.000 0.008 0.000 0.001 0.000 0.165 0.046 0.221 NewGC_pause2 115.143848 ]
[115.146s][info][safepoint] Application time: 0.0022901 seconds
[115.146s][info][safepoint] Total time for which application threads were stopped: 0.0000664 seconds, Stopping threads took: 0.0000005 seconds
[115.147s][info][gc       ] [SPS 0.000 0.000 0.000 0.008 0.000 0.001 0.000 0.051 0.006 0.067 NewGC_pause3 115.146200 ]
[115.165s][info][safepoint] Application time: 0.0184882 seconds
[115.165s][info][safepoint] Total time for which application threads were stopped: 0.0001816 seconds, Stopping threads took: 0.0000040 seconds
[115.166s][info][gc       ] [SPS 0.000 0.005 0.007 0.011 0.004 0.001 0.001 0.130 0.034 0.181 NewGC_pause4 115.164870 ]
[115.425s][info][gc       ] [GC New Max 298-279 : 5120 4726 3772 5120 - - 1047 56 2 2 - : 1866 1696 26 184 3298 : 1607 5 1689 1689 1 : 239 0 518 0 933 - 0 : 0.005996 1667.6 0.0 0.648875 2746.3 0.0 : 3 --c 0000 : 23 583 0.000 0.000 0 0.000 0.000 583 0.000 0.000 : 114.775411 114.783443 0.000232 115.143627 0.000055 115.146133 0.000053 115.164688 0.000076 : 115.424286 ]
[115.425s][info][gc       ] [SYSINFO 7577 191 89 0 7042 0 20 0 0 5745 : - - - - - - - - : 0 7168 : 2.36 1.28 1.47 : 278178 4215508 : 0 0 : 27 0 : 1547 2 0 259 : - 7672803328 333475840 1439936512 5939011584 199643136 93806592 : 140688591 5137770 144150 0 0 0 : 115.424554 ]
[115.425s][info][gc       ] [HUGEPAGESTAT 0 0 0 - 20840 0 0 : 612352 0 0 : 115.424554 ]
[115.425s][info][gc       ] [OBJCREAT 252900878 25379 13981696 : 115.424609 ]
[115.425s][info][gc       ] [HMSV All : 0 0 80 0 0 0 0 0 : 4986 0 0 0 : 115.424633 ]
[115.425s][info][gc       ] [HMSP 9 : 41100 0 : 115.424633 ]
[115.425s][info][gc       ] [VMAC 65530 166 24 430 620 : 115.425174 ]
[115.425s][info][gc       ] [GPGC-H  2651.3 287.7 0.1 0.0 : 9.7 : 0.000 0.000 : 0.000 0.000 1.054 1.338 : 0.000 0.000 0.000 0.000 2.319 0.463 : 0.000 : 99.846 : 1868 1696 26 0 : 2267 : 4608 4424 : 115.425206 : 8 May_exceed_heap_occupancy_target ]
[115.428s][info][safepoint] Application time: 0.2628487 seconds
[115.428s][info][safepoint] Total time for which application threads were stopped: 0.0001129 seconds, Stopping threads took: 0.0000005 seconds
[115.428s][info][gc       ] [SPS 0.000 0.003 0.006 0.008 0.001 0.001 0.000 0.077 0.026 0.113 OldGC_pause4 115.427831 ]
[115.433s][info][safepoint] Application time: 0.0047125 seconds
[115.433s][info][safepoint] Total time for which application threads were stopped: 0.0001542 seconds, Stopping threads took: 0.0000005 seconds
[115.433s][info][gc       ] [SPS 0.000 0.407 0.003 0.007 0.001 0.001 0.000 0.126 0.019 0.154 NewGC_pause1 115.432698 ]
[115.598s][info][gc       ] [GC Old Max 297-19 : 5120 4850 4090 5120 - - 1047 56 2 2 - : 2192 1686 28 184 1728 : 1707 13 2 2 0 : 0 6 615 2 802 - 55 : 1.143623 358.5 0.0 1.882536 636.4 0.0 : 1 --c 0000 : 23   -    -    -    -    -    -    -    -    -  : 113.715015 113.718356 0.000175 114.769607 0.001103 114.775046 0.000179 115.427718 0.000073 : 115.597551 ]
[115.598s][info][gc       ] [SYSINFO 7577 191 89 0 7042 0 20 0 0 5745 : - - - - - - - - : 0 7168 : 2.36 1.28 1.47 : 278178 4215508 : 0 0 : 27 0 : 1547 5 0 259 : - 7672803328 333475840 1439936512 5939011584 199643136 93806592 : 140688591 5138400 144210 0 0 0 : 115.597963 ]
[115.598s][info][gc       ] [HUGEPAGESTAT 0 0 0 - 20840 0 0 : 612352 0 0 : 115.597963 ]
[115.598s][info][gc       ] [OBJCREAT 253223934 25379 13981696 : 115.598053 ]
[115.598s][info][gc       ] [HMSV All : 0 0 80 0 0 0 0 0 : 4986 0 0 0 : 115.598088 ]
[115.598s][info][gc       ] [HMSP 9 : 41100 0 : 115.598088 ]
[115.598s][info][gc       ] [COMPSTATS 1 : 5 0 : 4 0 : 0 0 : 523 4 0 0 0 0 : 0 0 0 0 0 0 : 194 197 21 : 527 0 0 0 0 0 0 : 527 0 0 0 0 0 0 ]
[115.598s][info][gc       ] [COMPSTATS 2 : 5 0 : 1 0 : 0 0 : 133 9 0 0 0 0 : 0 0 0 0 0 0 : 62012 62071 10930 : 76 38 28 0 0 0 0 : 17 102 17 3 3 0 0 ]
[115.598s][info][gc       ] [DEOPTSTATS 1 : 1 0 : 0 0 : 0 0 : 0 0 : 0 12 : 0 0 : 0 0 : 0 0 : 0 0 : 0 0 : 0 0 : 0 0 : 0 0 : 0 0 : 0 0 : 0 0 : 0 0 : 0 0 : 0 0 : 0 0 : 0 0 : 0 0 : 0 0 : 0 0 : 0 0 : 0 0 : 0 0 : 0 0 : 0 0 : 0 0 : 6 0 : 0 0 : 0 0 : 0 0 : 0 0 : 0 0 : 0 0 : 0 0 : 0 0 : 0 0 : 0 0 : 0 0 ]
[115.598s][info][gc       ] [DEOPTSTATS 2 : 0 0 : 0 0 : 0 0 : 0 0 : 0 0 : 0 0 : 0 13 : 0 0 : 0 0 : 0 0 : 0 0 : 0 0 : 0 0 : 0 0 : 0 0 : 0 0 : 0 0 : 0 0 : 0 0 : 0 0 : 0 1 : 0 0 : 0 0 : 0 0 : 0 0 : 0 0 : 0 0 : 0 0 : 0 0 : 0 0 : 4 0 : 0 0 : 0 0 : 0 0 : 0 1 : 0 0 : 0 0 : 0 0 : 0 0 : 0 5 : 0 0 : 0 0 ]
[115.599s][info][gc       ] [VMAC 65530 166 24 430 620 : 115.598963 ]
[115.599s][info][gc       ] [CCF 0 0 0 0 36 229376: 2976256 : 380 196608 : 3 49152 : 317 311808 :  515 624640 : 118 412160 : 0 0 : 14 1146880 : 1 2048]
[115.644s][info][safepoint] Application time: 0.2115670 seconds
[115.645s][info][safepoint] Total time for which application threads were stopped: 0.0000820 seconds, Stopping threads took: 0.0000006 seconds
[115.645s][info][gc       ] [SPS 0.000 0.001 0.000 0.009 0.001 0.001 0.001 0.054 0.017 0.082 NewGC_pause2 115.644347 ]
[115.646s][info][safepoint] Application time: 0.0012489 seconds
[115.646s][info][safepoint] Total time for which application threads were stopped: 0.0000873 seconds, Stopping threads took: 0.0000005 seconds
[115.646s][info][gc       ] [SPS 0.000 0.001 0.000 0.008 0.000 0.001 0.000 0.062 0.015 0.087 NewGC_pause3 115.645683 ]
[115.659s][info][safepoint] Application time: 0.0132131 seconds
[115.659s][info][safepoint] Total time for which application threads were stopped: 0.0000915 seconds, Stopping threads took: 0.0000019 seconds
[115.660s][info][gc       ] [SPS 0.000 0.004 0.006 0.015 0.002 0.001 0.000 0.053 0.021 0.091 NewGC_pause4 115.658988 ]
[115.755s][info][gc       ] [GC New Max 299-280 : 5120 4222 2710 5120 - - 1047 56 2 2 - : 712 1786 28 184 2324 : 537 4 1785 1785 0 : 50 1 219 0 356 - 0 : 0.005594 2502.5 0.0 0.324576 2206.0 0.0 : 3 --c 0000 : 23 0 0.000 0.000 0 0.000 0.000 0 0.000 0.000 : 115.429880 115.432544 0.000132 115.644265 0.000056 115.645597 0.000067 115.658897 0.000066 : 115.754456 ]
[115.755s][info][gc       ] [SYSINFO 7577 191 89 0 7042 0 20 0 0 5745 : - - - - - - - - : 0 7168 : 2.36 1.28 1.47 : 278178 4215508 : 0 0 : 27 0 : 1547 2 0 259 : - 7672803328 333475840 1439936512 5939011584 199643136 93806592 : 140688591 5139020 144310 0 0 0 : 115.754773 ]
[115.755s][info][gc       ] [HUGEPAGESTAT 0 0 0 - 20840 0 0 : 612352 0 0 : 115.754773 ]
[115.755s][info][gc       ] [OBJCREAT 253626330 25379 14084096 : 115.754836 ]
[115.755s][info][gc       ] [HMSV All : 0 0 80 0 0 0 0 0 : 4986 0 0 0 : 115.754853 ]
[115.755s][info][gc       ] [HMSP 9 : 41100 0 : 115.754853 ]
[115.755s][info][gc       ] [VMAC 65530 166 24 430 620 : 115.755340 ]
[115.755s][info][gc       ] [GPGC-H  2651.3 635.5 0.1 0.0 : 8.8 : 0.000 0.000 : 0.000 0.000 1.040 1.882 : 0.000 0.000 0.000 0.000 2.319 0.445 : 0.000 : 99.841 : 716 1786 28 0 : 2267 : 4608 4424 : 115.755486 : 9 Next_heuristic_check_may_be_too_late ]
[115.757s][info][safepoint] Application time: 0.0980532 seconds
[115.757s][info][safepoint] Total time for which application threads were stopped: 0.0001853 seconds, Stopping threads took: 0.0000005 seconds
[115.758s][info][gc       ] [SPS 0.000 0.003 0.003 0.008 0.001 0.001 0.000 0.150 0.026 0.185 NewGC_pause1 115.757227 ]
[115.848s][info][safepoint] Application time: 0.0909970 seconds
[115.849s][info][safepoint] Total time for which application threads were stopped: 0.0001041 seconds, Stopping threads took: 0.0000004 seconds
[115.849s][info][gc       ] [SPS 0.000 0.001 0.000 0.008 0.000 0.001 0.000 0.069 0.025 0.104 NewGC_pause2 115.848328 ]
[115.850s][info][safepoint] Application time: 0.0014437 seconds
[115.850s][info][safepoint] Total time for which application threads were stopped: 0.0001669 seconds, Stopping threads took: 0.0000005 seconds
[115.851s][info][gc       ] [SPS 0.000 0.000 0.000 0.008 0.000 0.001 0.000 0.126 0.032 0.167 NewGC_pause3 115.849939 ]
[115.851s][info][safepoint] Application time: 0.0011360 seconds
[115.852s][info][safepoint] Total time for which application threads were stopped: 0.0001593 seconds, Stopping threads took: 0.0000046 seconds
[115.852s][info][gc       ] [SPS 0.000 0.003 0.002 0.008 0.005 0.001 0.000 0.116 0.030 0.159 NewGC_pause4 115.851234 ]
[115.852s][info][gc       ] [GC New Max 300-281 : 5120 2972 2256 5120 - - 1047 56 2 2 - : 258 1786 28 184 974 : 256 4 718 718 0 : 0 1 128 0 129 - 0 : 0.001412 2833.4 0.0 0.095622 2719.0 0.0 : 3 --c 0000 : 23 0 0.000 0.000 0 0.000 0.000 0 0.000 0.000 : 115.755868 115.757042 0.000111 115.848224 0.000057 115.849772 0.000054 115.851075 0.000065 : 115.851490 ]
[115.852s][info][gc       ] [SYSINFO 7577 191 89 0 7042 0 20 0 0 5745 : - - - - - - - - : 0 7168 : 2.36 1.28 1.47 : 278178 4215508 : 0 0 : 27 0 : 1547 3 0 259 : - 7672803328 333475840 1439936512 5939011584 199643136 93806592 : 140688591 5139390 144310 0 0 0 : 115.851793 ]
[115.852s][info][gc       ] [HUGEPAGESTAT 0 0 0 - 20840 0 0 : 612352 0 0 : 115.851793 ]
[115.852s][info][gc       ] [OBJCREAT 253886637 25379 14084096 : 115.851859 ]
[115.852s][info][gc       ] [HMSV All : 0 0 80 0 0 0 0 0 : 4986 0 0 0 : 115.851876 ]
[115.852s][info][gc       ] [HMSP 9 : 41100 0 : 115.851876 ]
[115.853s][info][gc       ] [VMAC 65530 166 24 430 620 : 115.852811 ]
[116.074s][info][gc       ] [GPGC-H  2651.3 635.5 0.1 0.0 : 8.8 : 0.000 0.000 : 0.000 0.000 1.035 1.882 : 0.000 0.000 0.000 0.000 2.317 0.445 : 0.000 : 99.836 : 868 1786 28 0 : 2267 : 4608 4424 : 116.074299 : 9 Next_heuristic_check_may_be_too_late ]
[116.077s][info][safepoint] Application time: 0.2256463 seconds
[116.078s][info][safepoint] Total time for which application threads were stopped: 0.0003029 seconds, Stopping threads took: 0.0000005 seconds
[116.078s][info][gc       ] [SPS 0.000 0.003 0.005 0.008 0.000 0.001 0.000 0.266 0.027 0.303 NewGC_pause1 116.077184 ]
[116.149s][info][safepoint] Application time: 0.0718012 seconds
[116.150s][info][safepoint] Total time for which application threads were stopped: 0.0003411 seconds, Stopping threads took: 0.0000009 seconds
[116.150s][info][gc       ] [SPS 0.000 0.002 0.000 0.013 0.001 0.001 0.001 0.288 0.036 0.341 NewGC_pause2 116.149326 ]
[116.151s][info][safepoint] Application time: 0.0018244 seconds
[116.152s][info][safepoint] Total time for which application threads were stopped: 0.0001683 seconds, Stopping threads took: 0.0000005 seconds
[116.152s][info][gc       ] [SPS 0.000 0.000 0.000 0.008 0.001 0.001 0.000 0.131 0.028 0.168 NewGC_pause3 116.151319 ]
[116.153s][info][safepoint] Application time: 0.0013588 seconds
[116.153s][info][safepoint] Total time for which application threads were stopped: 0.0001756 seconds, Stopping threads took: 0.0000006 seconds
[116.153s][info][gc       ] [SPSH lock suspend gclocker notify wait resuspend cleanup op_time wakeup total(ms) op_name end(s) ]
[116.153s][info][gc       ] [SPS 0.000 0.007 0.002 0.008 0.001 0.001 0.000 0.121 0.044 0.176 NewGC_pause4 116.152854 ]
[116.153s][info][gc       ] [GCH                          : heap usage MB                                                        : gens MB                        : heap info MB                : pages                              : intercycle               intracycle               : gc            : threads  delay       failed      paced       : gc    pause 1   pause 2   pause 3   pause 4   : end]
[116.153s][info][gc       ] [GCH type label tot_ct-cyc_ct : max peak cur pcommit ppause upause rss codec_cap codec monitors jsys : new old perm internal gen-peak : live frag found cllctd lmtd : prom reloc noreloc rspike sm md lg : sec alloc-rate perm-rate sec alloc-rate perm-rate : thrds md diag : tot      cnt avg max cnt avg max cnt avg max : start start dur start dur start dur start dur : end]
[116.153s][info][gc       ] [SYSINFOH sysMemUsed cacheActiveFile cacheInactiveFile cacheActiveAnon cacheInactiveAnon swapCached buffers unevictable mlocked mapped : totalSysZingMemAcrossPartitions sysZingMemTot sysZingReservableUsed sysZingReservableTot sysZingContMemUsed sysZingContMemTot sysZingPPMemUsed sysZingPPMemTot : swapUsed swapMax : load1 load5 load15 : pageIn pageOut : swapPageIn swapPageOut : majorFaults cMajorFaults : processes procsRunning procsBlocked procsTotal : cgMem_limit_bytes cgMem_usage_bytes cgMem_max_usage_bytes cgMem_total_rss_bytes cgMem_total_shmem_bytes cgMem_total_active_file_bytes cgMem_total_inactive_file_bytes : cgCPU_usage_ms cgCPU_user_usage_ms cgCPU_system_usage_ms cgCPU_throttle_nof_periods cgCPU_throttle_nof_throttle cgCPU_throttle_throttled_ms : end(s) ]
[116.153s][info][gc       ] [HUGEPAGESTATH compact_stall compact_success compact_fail compact_pages_moved thp_fault_alloc thp_fault_fallback thp_file_alloc : anon_huge_pages shmem_pmd_mapped shmem_huge_pages : end(s) ]
[116.153s][info][gc       ] [OBJCREATH newGen(kB) permGen(kB) oldGen(kB) : end(s)]
[116.153s][info][gc       ] [VMACH vmaMax vmaStack vmaHeap vmaOther vmaCount : end(s)]
[116.153s][info][gc       ] [HMSVH gen : maps mapStomps mapReuses mapMisses cacheHits cacheMisses cachePartFlushes cacheFullFlushes : watermark cached cachedMin cachedMax : end(s)]
[116.153s][info][gc       ] [HMSPH maps : mapped unmapped : end(s)]
[116.153s][info][gc       ] [GPGC-HH Model MB/sec . .             : KIDRate : EstTime secs : Throttled GC Threads EstTime secs                    : CPU EstTime secs                                                      : Pause EstTime secs : EstTime percent : Sizes MB . .        : KIDCount  : Target MB   : Time(secs) : Heuristic ]
[116.153s][info][gc       ] [GPGC-HH NewGen OldGen PermGen Direct : KID/sec : NewGC OldGC  : NewGC_Model1 OldGC_Model1 NewGC_Model2 OldGC_Model2  : NewCPU OldCPU NewCPU_Model1 OldCPU_Model1 NewCPU_Model2 OldCPU_Model2 : NewGC_pause1       : NewGC_time      : New Old Perm Direct : KID       : Heap NewGen : Time       : ReasonCode ReasonString ]
[116.153s][info][gc       ] [COMPSTATSH      : Threads      : CompQueue   : StashQueue  : CompileCounts                                                                                                : StashCounts                                                                                              : TotalTimes ms                         : WaitTimes Histogram                                               : CompileTimes Histogram ]
[116.153s][info][gc       ] [COMPSTATSH Tier : Total Active : Peak Active : Peak Active : FullMethodCompiles OSRMethodCompiles MethodFailToInstall OSRFailToInstall FullMethodEvicted OSRMethodEvicted : MethodStashCompiles OSRStashCompiles MethodStashFailed OSRStashFailed MethodStashEvicted OSRStashEvicted : CPUTime WallClockTime WaitInQueueTime : 0-9 10-99 100-999 1000-9999 10000-99999 100000-999999 1000000-INF : 0-9 10-99 100-999 1000-9999 10000-99999 100000-999999 1000000-INF ]
[116.153s][info][gc       ] [DEOPTSTATSH : deoptimization : deoptimization_frame : deopt_on_throw : unloaded : cha : non_static_final_fields : unreached_if : unreached_call : athrow : null_check : div0_check : range_check : range_check_widened : cast_check : unhandled : predicate : loop_limit_check : array_store_check : uninitialized : unloaded_array_class : unexpected_klass_mono : unexpected_klass_bi : unexpected_klass_tri : unexpected_null_cast : intrinsic_check : Reason_fast_intrinsic_check : install_async_ex : new_exception : jvmti : static_in_clinit : stuck_in_loop : tier1_patch_volatile_field : too_many_compiles : deopt_a_lot : uncounted_loop_speculation_failed : loop_nest_speculation_failed : inacc_field_null_rcvr : new_gen_oop_assumption_failed : Reason_devirt_no_profile : unreached_jump : effectively_final_fields : unreached_switch_case ]
[116.153s][info][gc       ] [DEOPTSTATSH Tier : Entr NonEntr : Entr NonEntr : Entr NonEntr : Entr NonEntr : Entr NonEntr : Entr NonEntr : Entr NonEntr : Entr NonEntr : Entr NonEntr : Entr NonEntr : Entr NonEntr : Entr NonEntr : Entr NonEntr : Entr NonEntr : Entr NonEntr : Entr NonEntr : Entr NonEntr : Entr NonEntr : Entr NonEntr : Entr NonEntr : Entr NonEntr : Entr NonEntr : Entr NonEntr : Entr NonEntr : Entr NonEntr : Entr NonEntr : Entr NonEntr : Entr NonEntr : Entr NonEntr : Entr NonEntr : Entr NonEntr : Entr NonEntr : Entr NonEntr : Entr NonEntr : Entr NonEntr : Entr NonEntr : Entr NonEntr : Entr NonEntr : Entr NonEntr : Entr NonEntr : Entr NonEntr : Entr NonEntr ]
[116.157s][info][gc       ] [CCFH queuedForFlush queuedForFlushSize flushed flushedSize freedTotal freedTotalSize : bytesAllTypes : c2i2cAdapters c2i2cAdaptersBytes : methodStubs methodStubsBytes : nativeWrappers nativeWrappersBytes : tier1Compiles tier1CompilesBytes : tier2Compiles tier2CompilesBytes : objMonitors objMonitorsBytes : vtables vtablesBytes : mhAdapters mhAdaptersBytes ]
[116.158s][info][gc       ] [GC New Max 301-282 : 5120 3058 2190 5120 - - 1047 56 2 2 - : 192 1786 28 184 1060 : 188 4 871 871 0 : 0 1 94 0 96 - 0 : 0.223370 2739.9 0.0 0.078313 2451.7 0.0 : 3 --c 0000 : 23 0 0.000 0.000 0 0.000 0.000 0 0.000 0.000 : 116.074860 116.076881 0.000223 116.148985 0.000171 116.151151 0.000097 116.152678 0.000070 : 116.153173 ]
[116.158s][info][gc       ] [SYSINFO 7577 191 89 0 7042 0 20 0 0 5745 : - - - - - - - - : 0 7168 : 2.36 1.28 1.47 : 278178 4215532 : 0 0 : 27 0 : 1547 2 0 259 : - 7672803328 333475840 1439936512 5939011584 199643136 93806592 : 140688591 5139880 144380 0 0 0 : 116.158033 ]
[116.158s][info][gc       ] [HUGEPAGESTAT 0 0 0 - 20840 0 0 : 612352 0 0 : 116.158033 ]
[116.158s][info][gc       ] [OBJCREAT 254693181 25379 14084096 : 116.158118 ]
[116.158s][info][gc       ] [HMSV All : 0 0 80 0 0 0 0 0 : 4986 0 0 0 : 116.158147 ]
[116.158s][info][gc       ] [HMSP 9 : 41100 0 : 116.158147 ]
[116.159s][info][gc       ] [VMAC 65530 166 24 430 620 : 116.158891 ]
[116.400s][info][gc       ] [GPGC-H  2651.3 635.5 0.1 0.0 : 8.8 : 0.000 0.000 : 0.000 0.000 1.022 1.882 : 0.000 0.000 0.000 0.000 2.301 0.445 : 0.000 : 98.813 : 824 1786 28 0 : 2267 : 4608 4424 : 116.400417 : 9 Next_heuristic_check_may_be_too_late ]
[116.403s][info][safepoint] Application time: 0.2502036 seconds
[116.404s][info][safepoint] Total time for which application threads were stopped: 0.0003366 seconds, Stopping threads took: 0.0000005 seconds
[116.404s][info][gc       ] [SPS 0.000 0.005 0.004 0.009 0.001 0.001 0.001 0.293 0.033 0.337 NewGC_pause1 116.403394 ]
[116.480s][info][safepoint] Application time: 0.0760185 seconds
[116.480s][info][safepoint] Total time for which application threads were stopped: 0.0002130 seconds, Stopping threads took: 0.0000005 seconds
[116.481s][info][gc       ] [SPS 0.000 0.001 0.000 0.008 0.001 0.001 0.001 0.173 0.031 0.213 NewGC_pause2 116.479626 ]
[116.482s][info][safepoint] Application time: 0.0022707 seconds
[116.482s][info][safepoint] Total time for which application threads were stopped: 0.0001523 seconds, Stopping threads took: 0.0000006 seconds
[116.483s][info][gc       ] [SPS 0.000 0.000 0.000 0.009 0.001 0.001 0.000 0.116 0.026 0.152 NewGC_pause3 116.482049 ]
[116.483s][info][safepoint] Application time: 0.0011038 seconds
[116.483s][info][safepoint] Total time for which application threads were stopped: 0.0000959 seconds, Stopping threads took: 0.0000005 seconds
[116.484s][info][gc       ] [SPS 0.000 0.003 0.002 0.007 0.001 0.001 0.000 0.070 0.017 0.096 NewGC_pause4 116.483249 ]
[116.484s][info][gc       ] [GC New Max 302-283 : 5120 3046 2220 5120 - - 1047 56 2 2 - : 222 1786 28 184 1048 : 218 4 829 829 0 : 0 1 109 0 111 - 0 : 0.247792 2558.6 0.0 0.082589 2712.2 0.0 : 3 --c 0000 : 23 0 0.000 0.000 0 0.000 0.000 0 0.000 0.000 : 116.400965 116.403058 0.000174 116.479413 0.000121 116.481896 0.000076 116.483153 0.000073 : 116.483553 ]
[116.484s][info][gc       ] [SYSINFO 7577 191 89 0 7042 0 20 0 0 5745 : - - - - - - - - : 0 7168 : 2.36 1.28 1.47 : 278178 4215532 : 0 0 : 27 0 : 1547 4 0 259 : - 7672803328 333475840 1439936512 5939011584 199643136 93806592 : 140688591 5140410 144390 0 0 0 : 116.483844 ]
[116.484s][info][gc       ] [HUGEPAGESTAT 0 0 0 - 20840 0 0 : 612352 0 0 : 116.483844 ]
[116.484s][info][gc       ] [OBJCREAT 255531127 25379 14084096 : 116.483903 ]
[116.484s][info][gc       ] [HMSV All : 0 0 80 0 0 0 0 0 : 4986 0 0 0 : 116.483924 ]
[116.484s][info][gc       ] [HMSP 9 : 41100 0 : 116.483924 ]
[116.484s][info][gc       ] [VMAC 65530 166 24 430 620 : 116.484432 ]
[116.706s][info][gc       ] [GPGC-H  2651.3 635.5 0.1 0.0 : 8.8 : 0.000 0.000 : 0.000 0.000 1.008 1.882 : 0.000 0.000 0.000 0.000 2.276 0.445 : 0.000 : 97.694 : 824 1786 28 0 : 2267 : 4608 4424 : 116.705513 : 9 Next_heuristic_check_may_be_too_late ]
[116.708s][info][safepoint] Application time: 0.2246086 seconds
[116.709s][info][safepoint] Total time for which application threads were stopped: 0.0002931 seconds, Stopping threads took: 0.0000006 seconds
[116.709s][info][gc       ] [SPS 0.000 0.005 0.005 0.029 0.001 0.001 0.001 0.224 0.037 0.293 NewGC_pause1 116.708151 ]
[116.781s][info][safepoint] Application time: 0.0724612 seconds
[116.781s][info][safepoint] Total time for which application threads were stopped: 0.0000902 seconds, Stopping threads took: 0.0000005 seconds
[116.781s][info][gc       ] [SPS 0.000 0.001 0.000 0.007 0.000 0.001 0.000 0.064 0.017 0.090 NewGC_pause2 116.780702 ]
[116.782s][info][safepoint] Application time: 0.0012162 seconds
[116.782s][info][safepoint] Total time for which application threads were stopped: 0.0000658 seconds, Stopping threads took: 0.0000005 seconds
[116.783s][info][gc       ] [SPS 0.000 0.001 0.000 0.007 0.001 0.001 0.000 0.039 0.018 0.066 NewGC_pause3 116.781984 ]
[116.783s][info][safepoint] Application time: 0.0013432 seconds
[116.784s][info][safepoint] Total time for which application threads were stopped: 0.0000725 seconds, Stopping threads took: 0.0000005 seconds
[116.784s][info][gc       ] [GC New Max 303-284 : 5120 3004 2180 5120 - - 1047 56 2 2 - : 182 1786 28 184 1006 : 180 4 827 827 0 : 0 1 90 0 91 - 0 : 0.222452 2706.2 0.0 0.077700 2368.1 0.0 : 3 --c 0000 : 23 0 0.000 0.000 0 0.000 0.000 0 0.000 0.000 : 116.706005 116.707858 0.000201 116.780612 0.000069 116.781918 0.000043 116.783328 0.000050 : 116.783705 ]
[116.784s][info][gc       ] [SYSINFO 7577 191 89 0 7042 0 20 0 0 5745 : - - - - - - - - : 0 7168 : 2.36 1.28 1.47 : 278178 4215532 : 0 0 : 27 0 : 1547 2 0 259 : - 7672803328 333475840 1439936512 5939011584 199643136 93806592 : 140688591 5140920 144430 0 0 0 : 116.784028 ]
[116.784s][info][gc       ] [HUGEPAGESTAT 0 0 0 - 20840 0 0 : 612352 0 0 : 116.784028 ]
[116.784s][info][gc       ] [OBJCREAT 256309407 25379 14084096 : 116.784084 ]
[116.784s][info][gc       ] [HMSV All : 0 0 80 0 0 0 0 0 : 4986 0 0 0 : 116.784100 ]
[116.784s][info][gc       ] [HMSP 9 : 41100 0 : 116.784100 ]
[116.784s][info][gc       ] [SPS 0.000 0.003 0.022 0.008 0.001 0.001 0.000 0.045 0.018 0.072 NewGC_pause4 116.783400 ]
[116.785s][info][gc       ] [VMAC 65530 166 24 430 620 : 116.784675 ]
[117.006s][info][gc       ] [GPGC-H  2651.3 635.5 0.1 0.0 : 8.8 : 0.000 0.000 : 0.000 0.000 0.995 1.882 : 0.000 0.000 0.000 0.000 2.249 0.445 : 0.000 : 96.705 : 806 1786 28 0 : 2267 : 4608 4424 : 117.005746 : 9 Next_heuristic_check_may_be_too_late ]
[117.009s][info][safepoint] Application time: 0.2249447 seconds
[117.009s][info][safepoint] Total time for which application threads were stopped: 0.0003497 seconds, Stopping threads took: 0.0000106 seconds
[117.010s][info][gc       ] [SPS 0.000 0.019 0.010 0.010 0.011 0.002 0.001 0.289 0.038 0.350 NewGC_pause1 117.008695 ]
[117.077s][info][safepoint] Application time: 0.0678263 seconds
[117.077s][info][safepoint] Total time for which application threads were stopped: 0.0002459 seconds, Stopping threads took: 0.0000005 seconds
[117.078s][info][gc       ] [SPS 0.000 0.001 0.000 0.007 0.000 0.001 0.000 0.184 0.053 0.246 NewGC_pause2 117.076767 ]
[117.079s][info][safepoint] Application time: 0.0023446 seconds
[117.080s][info][safepoint] Total time for which application threads were stopped: 0.0002374 seconds, Stopping threads took: 0.0000005 seconds
[117.080s][info][gc       ] [SPS 0.000 0.000 0.000 0.009 0.001 0.001 0.000 0.180 0.048 0.238 NewGC_pause3 117.079349 ]
[117.081s][info][safepoint] Application time: 0.0012662 seconds
[117.081s][info][safepoint] Total time for which application threads were stopped: 0.0001941 seconds, Stopping threads took: 0.0000005 seconds
[117.081s][info][gc       ] [SPS 0.000 0.002 0.002 0.007 0.000 0.001 0.000 0.160 0.025 0.194 NewGC_pause4 117.080810 ]
[117.082s][info][gc       ] [GC New Max 304-285 : 5120 3008 2202 5120 - - 1047 56 2 2 - : 204 1786 28 184 1010 : 200 4 809 809 0 : 0 1 100 0 102 - 0 : 0.222667 2802.4 0.0 0.074837 2752.6 0.0 : 3 --c 0000 : 23 0 0.000 0.000 0 0.000 0.000 0 0.000 0.000 : 117.006372 117.008345 0.000203 117.076521 0.000089 117.079112 0.000176 117.080615 0.000127 : 117.081209 ]
[117.082s][info][gc       ] [SYSINFO 7577 191 89 0 7042 0 20 0 0 5745 : - - - - - - - - : 0 7168 : 2.36 1.28 1.47 : 278178 4215532 : 0 0 : 27 0 : 1547 2 0 259 : - 7672803328 333475840 1439936512 5939011584 199643136 93806592 : 140688591 5141400 144540 0 0 0 : 117.081483 ]
[117.082s][info][gc       ] [HUGEPAGESTAT 0 0 0 - 20840 0 0 : 612352 0 0 : 117.081483 ]
[117.082s][info][gc       ] [OBJCREAT 257133625 25379 14084096 : 117.081560 ]
[117.082s][info][gc       ] [HMSV All : 0 0 80 0 0 0 0 0 : 4986 0 0 0 : 117.081577 ]
[117.082s][info][gc       ] [HMSP 9 : 41100 0 : 117.081577 ]
[117.082s][info][gc       ] [VMAC 65530 166 24 430 620 : 117.082163 ]
[117.324s][info][gc       ] [GPGC-H  2635.9 635.5 0.1 0.0 : 8.8 : 0.000 0.000 : 0.000 0.000 0.982 1.882 : 0.000 0.000 0.000 0.000 2.221 0.445 : 0.000 : 95.728 : 852 1786 28 0 : 2267 : 4608 4424 : 117.324456 : 9 Next_heuristic_check_may_be_too_late ]
[117.327s][info][safepoint] Application time: 0.2457496 seconds
[117.327s][info][safepoint] Total time for which application threads were stopped: 0.0003528 seconds, Stopping threads took: 0.0000005 seconds
[117.328s][info][gc       ] [SPS 0.000 0.003 0.005 0.008 0.001 0.001 0.000 0.315 0.029 0.353 NewGC_pause1 117.326912 ]
[117.399s][info][safepoint] Application time: 0.0714685 seconds
[117.399s][info][safepoint] Total time for which application threads were stopped: 0.0001644 seconds, Stopping threads took: 0.0000005 seconds
[117.399s][info][gc       ] [SPS 0.000 0.002 0.000 0.008 0.000 0.001 0.000 0.130 0.024 0.164 NewGC_pause2 117.398545 ]
[117.401s][info][safepoint] Application time: 0.0019813 seconds
[117.401s][info][safepoint] Total time for which application threads were stopped: 0.0002270 seconds, Stopping threads took: 0.0000008 seconds
[117.401s][info][gc       ] [SPS 0.000 0.001 0.000 0.020 0.001 0.001 0.000 0.176 0.029 0.227 NewGC_pause3 117.400754 ]
[117.402s][info][safepoint] Application time: 0.0012849 seconds
[117.403s][info][safepoint] Total time for which application threads were stopped: 0.0001460 seconds, Stopping threads took: 0.0000005 seconds
[117.403s][info][gc       ] [GC New Max 305-286 : 5120 3012 2160 5120 - - 1047 56 2 2 - : 162 1786 28 184 1014 : 158 4 855 855 0 : 0 1 79 0 81 - 0 : 0.243772 2666.4 0.0 0.077532 2089.5 0.0 : 3 --c 0000 : 23 0 0.000 0.000 0 0.000 0.000 0 0.000 0.000 : 117.324981 117.326559 0.000279 117.398381 0.000071 117.400527 0.000095 117.402039 0.000059 : 117.402513 ]
[117.403s][info][gc       ] [SYSINFO 7577 191 89 0 7042 0 20 0 0 5745 : - - - - - - - - : 0 7168 : 2.36 1.28 1.47 : 278178 4215532 : 0 0 : 27 0 : 1547 2 0 259 : - 7672803328 333475840 1439936512 5939011584 199643136 93806592 : 140688591 5141920 144600 0 0 0 : 117.402945 ]
[117.403s][info][gc       ] [HUGEPAGESTAT 0 0 0 - 20840 0 0 : 612352 0 0 : 117.402945 ]
[117.403s][info][gc       ] [OBJCREAT 257935923 25379 14084096 : 117.403016 ]
[117.403s][info][gc       ] [HMSV All : 0 0 80 0 0 0 0 0 : 4986 0 0 0 : 117.403034 ]
[117.403s][info][gc       ] [HMSP 9 : 41100 0 : 117.403034 ]
[117.403s][info][gc       ] [SPS 0.000 0.003 0.002 0.007 0.000 0.001 0.000 0.107 0.030 0.146 NewGC_pause4 117.402185 ]
[117.404s][info][gc       ] [VMAC 65530 166 24 430 620 : 117.403606 ]
[117.645s][info][gc       ] [GPGC-H  2635.9 635.5 0.1 0.0 : 8.8 : 0.000 0.000 : 0.000 0.000 0.969 1.882 : 0.000 0.000 0.000 0.000 2.191 0.445 : 0.000 : 94.673 : 818 1786 28 0 : 2267 : 4608 4424 : 117.645471 : 9 Next_heuristic_check_may_be_too_late ]
[117.648s][info][safepoint] Application time: 0.2453114 seconds
[117.648s][info][safepoint] Total time for which application threads were stopped: 0.0002266 seconds, Stopping threads took: 0.0000005 seconds
[117.649s][info][gc       ] [SPS 0.000 0.005 0.003 0.009 0.001 0.001 0.001 0.186 0.030 0.226 NewGC_pause1 117.647723 ]
[117.715s][info][safepoint] Application time: 0.0671002 seconds
[117.715s][info][safepoint] Total time for which application threads were stopped: 0.0000871 seconds, Stopping threads took: 0.0000005 seconds
[117.716s][info][gc       ] [SPS 0.000 0.001 0.000 0.007 0.000 0.001 0.000 0.060 0.018 0.087 NewGC_pause2 117.714911 ]
[117.716s][info][safepoint] Application time: 0.0014516 seconds
[117.717s][info][safepoint] Total time for which application threads were stopped: 0.0000958 seconds, Stopping threads took: 0.0000005 seconds
[117.717s][info][gc       ] [SPS 0.000 0.001 0.000 0.008 0.000 0.001 0.000 0.069 0.017 0.096 NewGC_pause3 117.716458 ]
[117.718s][info][safepoint] Application time: 0.0011204 seconds
[117.718s][info][safepoint] Total time for which application threads were stopped: 0.0000774 seconds, Stopping threads took: 0.0000005 seconds
[117.718s][info][gc       ] [GC New Max 306-287 : 5120 2968 2150 5120 - - 1047 56 2 2 - : 152 1786 28 184 970 : 148 4 821 821 0 : 0 1 74 0 76 - 0 : 0.243394 2695.2 0.0 0.072038 2137.8 0.0 : 3 --c 0000 : 23 0 0.000 0.000 0 0.000 0.000 0 0.000 0.000 : 117.645907 117.647497 0.000190 117.714824 0.000063 117.716362 0.000072 117.717579 0.000054 : 117.717945 ]
[117.718s][info][gc       ] [SYSINFO 7577 191 89 0 7042 0 20 0 0 5745 : - - - - - - - - : 0 7168 : 2.36 1.28 1.47 : 278178 4215532 : 0 0 : 27 0 : 1547 3 0 259 : - 7672803328 333475840 1439936512 5939011584 199643136 93806592 : 140688591 5142410 144610 0 0 0 : 117.718293 ]
[117.718s][info][gc       ] [HUGEPAGESTAT 0 0 0 - 20840 0 0 : 612352 0 0 : 117.718293 ]
[117.718s][info][gc       ] [OBJCREAT 258737755 25379 14084096 : 117.718361 ]
[117.718s][info][gc       ] [HMSV All : 0 0 80 0 0 0 0 0 : 4986 0 0 0 : 117.718377 ]
[117.718s][info][gc       ] [HMSP 9 : 41100 0 : 117.718377 ]
[117.718s][info][gc       ] [SPS 0.000 0.003 0.002 0.008 0.000 0.001 0.000 0.050 0.018 0.077 NewGC_pause4 117.717656 ]
[117.719s][info][gc       ] [VMAC 65530 166 24 430 620 : 117.719462 ]
[117.941s][info][gc       ] [GPGC-H  2635.9 579.3 0.1 0.0 : 8.0 : 0.000 0.000 : 0.000 0.000 0.956 1.882 : 0.000 0.000 0.000 0.000 2.162 0.445 : 0.000 : 93.634 : 780 1786 28 0 : 2267 : 4608 4424 : 117.941063 : 9 Next_heuristic_check_may_be_too_late ]
[117.943s][info][safepoint] Application time: 0.2255967 seconds
[117.944s][info][safepoint] Total time for which application threads were stopped: 0.0001380 seconds, Stopping threads took: 0.0000005 seconds
[117.945s][info][gc       ] [SPS 0.000 0.003 0.003 0.008 0.001 0.001 0.001 0.108 0.020 0.138 NewGC_pause1 117.943391 ]
[118.008s][info][safepoint] Application time: 0.0647185 seconds
[118.009s][info][safepoint] Total time for which application threads were stopped: 0.0002023 seconds, Stopping threads took: 0.0000005 seconds
[118.009s][info][gc       ] [SPS 0.000 0.001 0.000 0.008 0.000 0.001 0.000 0.172 0.021 0.202 NewGC_pause2 118.008312 ]
[118.010s][info][safepoint] Application time: 0.0017694 seconds
[118.011s][info][safepoint] Total time for which application threads were stopped: 0.0001607 seconds, Stopping threads took: 0.0000005 seconds
[118.011s][info][gc       ] [SPS 0.000 0.000 0.000 0.007 0.000 0.001 0.000 0.111 0.041 0.161 NewGC_pause3 118.010242 ]
[118.012s][info][safepoint] Application time: 0.0012936 seconds
[118.012s][info][safepoint] Total time for which application threads were stopped: 0.0001858 seconds, Stopping threads took: 0.0000005 seconds
[118.013s][info][gc       ] [SPS 0.000 0.003 0.002 0.007 0.001 0.001 0.000 0.144 0.033 0.186 NewGC_pause4 118.011722 ]
[118.012s][info][gc       ] [GC New Max 307-288 : 5120 2960 2180 5120 - - 1047 56 2 2 - : 182 1786 28 184 962 : 178 4 784 784 0 : 0 1 89 0 91 - 0 : 0.223575 2808.9 0.0 0.070569 2635.7 0.0 : 3 --c 0000 : 23 0 0.000 0.000 0 0.000 0.000 0 0.000 0.000 : 117.941520 117.943253 0.000110 118.008110 0.000105 118.010081 0.000068 118.011536 0.000084 : 118.012089 ]
[118.012s][info][gc       ] [SYSINFO 7577 191 89 0 7042 0 20 0 0 5745 : - - - - - - - - : 0 7168 : 2.36 1.28 1.47 : 278178 4215532 : 0 0 : 27 0 : 1547 2 0 259 : - 7672803328 333475840 1439936512 5939011584 199643136 93806592 : 140688591 5142900 144620 0 0 0 : 118.012368 ]
[118.012s][info][gc       ] [HUGEPAGESTAT 0 0 0 - 20840 0 0 : 612352 0 0 : 118.012368 ]
[118.012s][info][gc       ] [OBJCREAT 259542653 25379 14084096 : 118.012427 ]
[118.012s][info][gc       ] [HMSV All : 0 0 80 0 0 0 0 0 : 4986 0 0 0 : 118.012443 ]
[118.012s][info][gc       ] [HMSP 9 : 41100 0 : 118.012443 ]
[118.013s][info][gc       ] [VMAC 65530 166 24 430 620 : 118.013411 ]
[118.236s][info][gc       ] [GPGC-H  2635.9 579.3 0.1 0.0 : 8.0 : 0.000 0.000 : 0.000 0.000 0.944 1.882 : 0.000 0.000 0.000 0.000 2.135 0.445 : 0.000 : 92.694 : 804 1786 28 0 : 2267 : 4608 4424 : 118.235885 : 9 Next_heuristic_check_may_be_too_late ]
[118.238s][info][safepoint] Application time: 0.2263216 seconds
[118.239s][info][safepoint] Total time for which application threads were stopped: 0.0003489 seconds, Stopping threads took: 0.0000005 seconds
[118.239s][info][gc       ] [SPS 0.000 0.004 0.003 0.008 0.000 0.001 0.000 0.312 0.027 0.349 NewGC_pause1 118.238392 ]
[118.311s][info][safepoint] Application time: 0.0725669 seconds
[118.312s][info][safepoint] Total time for which application threads were stopped: 0.0002484 seconds, Stopping threads took: 0.0000005 seconds
[118.312s][info][gc       ] [SPS 0.000 0.001 0.000 0.007 0.001 0.001 0.000 0.214 0.025 0.249 NewGC_pause2 118.311208 ]
[118.313s][info][safepoint] Application time: 0.0018930 seconds
[118.314s][info][safepoint] Total time for which application threads were stopped: 0.0001869 seconds, Stopping threads took: 0.0000005 seconds
[118.314s][info][gc       ] [SPS 0.000 0.000 0.000 0.007 0.000 0.001 0.000 0.154 0.025 0.187 NewGC_pause3 118.313288 ]
[118.315s][info][safepoint] Application time: 0.0017695 seconds
[118.316s][info][safepoint] Total time for which application threads were stopped: 0.0002013 seconds, Stopping threads took: 0.0000005 seconds
[118.316s][info][gc       ] [SPS 0.000 0.002 0.002 0.007 0.000 0.001 0.000 0.149 0.044 0.202 NewGC_pause4 118.315259 ]
[118.316s][info][gc       ] [GC New Max 308-289 : 5120 3016 2216 5120 - - 1047 56 2 2 - : 218 1786 28 184 1018 : 212 4 807 807 0 : 0 1 106 0 109 - 0 : 0.224256 2782.5 0.0 0.079215 2752.0 0.0 : 3 --c 0000 : 23 0 0.000 0.000 0 0.000 0.000 0 0.000 0.000 : 118.236345 118.238043 0.000307 118.310959 0.000182 118.313101 0.000110 118.315057 0.000113 : 118.315560 ]
[118.316s][info][gc       ] [SYSINFO 7577 191 89 0 7042 0 20 0 0 5745 : - - - - - - - - : 0 7168 : 2.36 1.28 1.47 : 278178 4215532 : 0 0 : 27 0 : 1547 2 0 259 : - 7672803328 333475840 1439936512 5939011584 199643136 93806592 : 140688591 5143420 144620 0 0 0 : 118.315819 ]
[118.316s][info][gc       ] [HUGEPAGESTAT 0 0 0 - 20840 0 0 : 612352 0 0 : 118.315819 ]
[118.316s][info][gc       ] [OBJCREAT 260376952 25379 14084096 : 118.315894 ]
[118.316s][info][gc       ] [HMSV All : 0 0 80 0 0 0 0 0 : 4986 0 0 0 : 118.315917 ]
[118.316s][info][gc       ] [HMSP 9 : 41100 0 : 118.315917 ]
[118.317s][info][gc       ] [VMAC 65530 166 24 430 620 : 118.316556 ]
[118.538s][info][gc       ] [GPGC-H  2635.9 579.3 0.1 0.0 : 8.0 : 0.000 0.000 : 0.000 0.000 0.932 1.882 : 0.000 0.000 0.000 0.000 2.108 0.445 : 0.000 : 91.766 : 860 1786 28 0 : 2267 : 4608 4424 : 118.538369 : 9 Next_heuristic_check_may_be_too_late ]
[118.541s][info][safepoint] Application time: 0.2254360 seconds
[118.541s][info][safepoint] Total time for which application threads were stopped: 0.0001578 seconds, Stopping threads took: 0.0000005 seconds
[118.542s][info][gc       ] [SPS 0.000 0.003 0.002 0.007 0.001 0.001 0.000 0.128 0.021 0.158 NewGC_pause1 118.540853 ]
[118.609s][info][safepoint] Application time: 0.0677426 seconds
[118.609s][info][safepoint] Total time for which application threads were stopped: 0.0001914 seconds, Stopping threads took: 0.0000006 seconds
[118.610s][info][gc       ] [SPS 0.000 0.001 0.000 0.019 0.001 0.001 0.000 0.146 0.024 0.192 NewGC_pause2 118.608787 ]
[118.611s][info][safepoint] Application time: 0.0021087 seconds
[118.611s][info][safepoint] Total time for which application threads were stopped: 0.0001587 seconds, Stopping threads took: 0.0000005 seconds
[118.612s][info][gc       ] [SPS 0.000 0.000 0.000 0.007 0.000 0.001 0.000 0.127 0.024 0.159 NewGC_pause3 118.611055 ]
[118.612s][info][safepoint] Application time: 0.0011270 seconds
[118.613s][info][safepoint] Total time for which application threads were stopped: 0.0001397 seconds, Stopping threads took: 0.0000005 seconds
[118.613s][info][gc       ] [SPS 0.000 0.002 0.002 0.007 0.000 0.001 0.000 0.105 0.026 0.140 NewGC_pause4 118.612322 ]
[118.613s][info][gc       ] [GC New Max 309-290 : 5120 3030 2168 5120 - - 1047 56 2 2 - : 170 1786 28 184 1032 : 166 4 865 865 0 : 0 1 83 0 85 - 0 : 0.223270 2884.4 0.0 0.073905 2327.3 0.0 : 3 --c 0000 : 23 0 0.000 0.000 0 0.000 0.000 0 0.000 0.000 : 118.538830 118.540695 0.000127 118.608596 0.000103 118.610896 0.000081 118.612182 0.000067 : 118.612735 ]
[118.613s][info][gc       ] [SYSINFO 7577 191 89 0 7042 0 20 0 0 5745 : - - - - - - - - : 0 7168 : 2.36 1.28 1.47 : 278178 4215532 : 0 0 : 27 0 : 1547 2 0 259 : - 7672803328 333475840 1439936512 5939011584 199643136 93806592 : 140688591 5143880 144670 0 0 0 : 118.613304 ]
[118.613s][info][gc       ] [HUGEPAGESTAT 0 0 0 - 20840 0 0 : 612352 0 0 : 118.613304 ]
[118.613s][info][gc       ] [OBJCREAT 261187470 25379 14084096 : 118.613448 ]
[118.613s][info][gc       ] [HMSV All : 0 0 80 0 0 0 0 0 : 4986 0 0 0 : 118.613485 ]
[118.613s][info][gc       ] [HMSP 9 : 41100 0 : 118.613485 ]
[118.614s][info][gc       ] [VMAC 65530 166 24 430 620 : 118.614047 ]
[118.857s][info][gc       ] [GPGC-H  2635.9 579.3 0.1 0.0 : 8.0 : 0.000 0.000 : 0.000 0.000 0.920 1.882 : 0.000 0.000 0.000 0.000 2.081 0.445 : 0.000 : 90.854 : 784 1786 28 0 : 2267 : 4608 4424 : 118.856991 : 9 Next_heuristic_check_may_be_too_late ]
[118.860s][info][safepoint] Application time: 0.2472623 seconds
[118.860s][info][safepoint] Total time for which application threads were stopped: 0.0003097 seconds, Stopping threads took: 0.0000005 seconds
[118.861s][info][gc       ] [SPS 0.000 0.003 0.005 0.008 0.001 0.001 0.000 0.254 0.045 0.310 NewGC_pause1 118.859894 ]
[118.921s][info][safepoint] Application time: 0.0612822 seconds
[118.922s][info][safepoint] Total time for which application threads were stopped: 0.0002436 seconds, Stopping threads took: 0.0000005 seconds
[118.922s][info][gc       ] [SPS 0.000 0.001 0.000 0.007 0.001 0.001 0.000 0.209 0.025 0.244 NewGC_pause2 118.921420 ]
[118.924s][info][safepoint] Application time: 0.0020855 seconds
[118.924s][info][safepoint] Total time for which application threads were stopped: 0.0001770 seconds, Stopping threads took: 0.0000005 seconds
[118.924s][info][gc       ] [SPS 0.004 0.000 0.000 0.007 0.001 0.001 0.000 0.140 0.028 0.177 NewGC_pause3 118.923682 ]
[118.925s][info][safepoint] Application time: 0.0013201 seconds
[118.926s][info][safepoint] Total time for which application threads were stopped: 0.0002210 seconds, Stopping threads took: 0.0000008 seconds
[118.926s][info][gc       ] [GC New Max 310-291 : 5120 2972 2186 5120 - - 1047 56 2 2 - : 188 1786 28 184 974 : 184 4 789 789 0 : 0 1 92 0 94 - 0 : 0.244977 2514.5 0.0 0.067922 2797.3 0.0 : 3 --c 0000 : 23 0 0.000 0.000 0 0.000 0.000 0 0.000 0.000 : 118.857712 118.859584 0.000248 118.921176 0.000168 118.923505 0.000087 118.925003 0.000142 : 118.925633 ]
[118.926s][info][gc       ] [SYSINFO 7577 191 89 0 7042 0 20 0 0 5745 : - - - - - - - - : 0 7168 : 2.36 1.28 1.47 : 278178 4215532 : 0 0 : 27 0 : 1547 2 0 259 : - 7672803328 333475840 1439936512 5939011584 199643136 93806592 : 140688591 5144370 144740 0 0 0 : 118.925942 ]
[118.926s][info][gc       ] [HUGEPAGESTAT 0 0 0 - 20840 0 0 : 612352 0 0 : 118.925942 ]
[118.926s][info][gc       ] [OBJCREAT 261984100 25379 14084096 : 118.925996 ]
[118.926s][info][gc       ] [HMSV All : 0 0 80 0 0 0 0 0 : 4986 0 0 0 : 118.926018 ]
[118.926s][info][gc       ] [HMSP 9 : 41100 0 : 118.926018 ]
[118.926s][info][gc       ] [SPS 0.000 0.003 0.002 0.019 0.001 0.001 0.000 0.167 0.032 0.221 NewGC_pause4 118.925224 ]
[118.927s][info][gc       ] [VMAC 65530 166 24 430 620 : 118.926884 ]
[119.148s][info][gc       ] [GPGC-H  2632.4 579.3 0.1 0.0 : 8.0 : 0.000 0.000 : 0.000 0.000 0.908 1.882 : 0.000 0.000 0.000 0.000 2.054 0.445 : 0.000 : 89.861 : 802 1786 28 0 : 2267 : 4608 4424 : 119.148319 : 9 Next_heuristic_check_may_be_too_late ]
[119.151s][info][safepoint] Application time: 0.2255661 seconds
[119.152s][info][safepoint] Total time for which application threads were stopped: 0.0002047 seconds, Stopping threads took: 0.0000005 seconds
[119.152s][info][gc       ] [SPS 0.000 0.023 0.003 0.008 0.001 0.001 0.000 0.136 0.059 0.205 NewGC_pause1 119.150995 ]
[119.224s][info][safepoint] Application time: 0.0731153 seconds
[119.225s][info][safepoint] Total time for which application threads were stopped: 0.0001279 seconds, Stopping threads took: 0.0000005 seconds
[119.225s][info][gc       ] [SPS 0.000 0.001 0.000 0.007 0.000 0.001 0.000 0.103 0.016 0.128 NewGC_pause2 119.224238 ]
[119.226s][info][safepoint] Application time: 0.0017081 seconds
[119.226s][info][safepoint] Total time for which application threads were stopped: 0.0001190 seconds, Stopping threads took: 0.0000005 seconds
[119.227s][info][gc       ] [SPS 0.000 0.000 0.000 0.007 0.001 0.001 0.000 0.095 0.016 0.119 NewGC_pause3 119.226065 ]
[119.227s][info][safepoint] Application time: 0.0011227 seconds
[119.228s][info][safepoint] Total time for which application threads were stopped: 0.0001762 seconds, Stopping threads took: 0.0000005 seconds
[119.228s][info][gc       ] [SPS 0.000 0.002 0.002 0.007 0.001 0.001 0.000 0.138 0.030 0.176 NewGC_pause4 119.227365 ]
[119.228s][info][gc       ] [GC New Max 311-292 : 5120 3014 2212 5120 - - 1047 56 2 2 - : 214 1786 28 184 1016 : 210 4 805 805 0 : 0 1 105 0 107 - 0 : 0.223375 2757.7 0.0 0.078535 2724.9 0.0 : 3 --c 0000 : 23 0 0.000 0.000 0 0.000 0.000 0 0.000 0.000 : 119.149008 119.150790 0.000115 119.224110 0.000106 119.225946 0.000098 119.227188 0.000100 : 119.227544 ]
[119.228s][info][gc       ] [SYSINFO 7577 191 89 0 7042 0 20 0 0 5745 : - - - - - - - - : 0 7168 : 2.36 1.28 1.47 : 278178 4215532 : 0 0 : 27 0 : 1547 2 0 259 : - 7672803328 333475840 1439936512 5939011584 199643136 93806592 : 140688591 5144860 144780 0 0 0 : 119.227801 ]
[119.228s][info][gc       ] [HUGEPAGESTAT 0 0 0 - 20840 0 0 : 612352 0 0 : 119.227801 ]
[119.228s][info][gc       ] [OBJCREAT 262806561 25379 14084096 : 119.227860 ]
[119.228s][info][gc       ] [HMSV All : 0 0 80 0 0 0 0 0 : 4986 0 0 0 : 119.227878 ]
[119.228s][info][gc       ] [HMSP 9 : 41100 0 : 119.227878 ]
[119.229s][info][gc       ] [VMAC 65530 166 24 430 620 : 119.228761 ]
[119.451s][info][gc       ] [GPGC-H  2632.4 579.3 0.1 0.0 : 8.0 : 0.000 0.000 : 0.000 0.000 0.897 1.882 : 0.000 0.000 0.000 0.000 2.027 0.445 : 0.000 : 88.977 : 828 1786 28 0 : 2267 : 4608 4424 : 119.450756 : 9 Next_heuristic_check_may_be_too_late ]
[119.453s][info][safepoint] Application time: 0.2256640 seconds
[119.454s][info][safepoint] Total time for which application threads were stopped: 0.0001815 seconds, Stopping threads took: 0.0000005 seconds
[119.454s][info][gc       ] [SPS 0.000 0.003 0.004 0.008 0.001 0.001 0.000 0.148 0.024 0.182 NewGC_pause1 119.453210 ]
[119.523s][info][safepoint] Application time: 0.0698132 seconds
[119.524s][info][safepoint] Total time for which application threads were stopped: 0.0001940 seconds, Stopping threads took: 0.0000005 seconds
[119.524s][info][gc       ] [SPS 0.000 0.001 0.000 0.007 0.001 0.001 0.000 0.166 0.019 0.194 NewGC_pause2 119.523218 ]
[119.526s][info][safepoint] Application time: 0.0022473 seconds
[119.526s][info][safepoint] Total time for which application threads were stopped: 0.0001772 seconds, Stopping threads took: 0.0000005 seconds
[119.526s][info][gc       ] [SPS 0.000 0.000 0.000 0.007 0.001 0.001 0.000 0.128 0.041 0.177 NewGC_pause3 119.525642 ]
[119.527s][info][safepoint] Application time: 0.0014093 seconds
[119.527s][info][safepoint] Total time for which application threads were stopped: 0.0001424 seconds, Stopping threads took: 0.0000005 seconds
[119.528s][info][gc       ] [SPS 0.000 0.002 0.002 0.007 0.001 0.001 0.000 0.104 0.030 0.143 NewGC_pause4 119.527194 ]
[119.528s][info][gc       ] [GC New Max 312-293 : 5120 3042 2212 5120 - - 1047 56 2 2 - : 214 1786 28 184 1044 : 210 4 832 832 0 : 0 1 105 0 107 - 0 : 0.223697 2744.8 0.0 0.076225 2859.9 0.0 : 3 --c 0000 : 23 0 0.000 0.000 0 0.000 0.000 0 0.000 0.000 : 119.451240 119.453029 0.000132 119.523024 0.000110 119.525465 0.000083 119.527052 0.000066 : 119.527466 ]
[119.528s][info][gc       ] [SYSINFO 7577 191 89 0 7042 0 20 0 0 5745 : - - - - - - - - : 0 7168 : 2.25 1.27 1.47 : 278178 4215532 : 0 0 : 27 0 : 1547 2 0 259 : - 7672803328 333475840 1439936512 5939011584 199643136 93806592 : 140688591 5145360 144830 0 0 0 : 119.527723 ]
[119.528s][info][gc       ] [HUGEPAGESTAT 0 0 0 - 20840 0 0 : 612352 0 0 : 119.527723 ]
[119.528s][info][gc       ] [OBJCREAT 263631902 25379 14084096 : 119.527786 ]
[119.528s][info][gc       ] [HMSV All : 0 0 80 0 0 0 0 0 : 4986 0 0 0 : 119.527804 ]
[119.528s][info][gc       ] [HMSP 9 : 41100 0 : 119.527804 ]
[119.528s][info][gc       ] [VMAC 65530 166 24 430 620 : 119.528338 ]
[119.750s][info][gc       ] [GPGC-H  2632.4 579.3 0.1 0.0 : 8.0 : 0.000 0.000 : 0.000 0.000 0.885 1.882 : 0.000 0.000 0.000 0.000 2.002 0.445 : 0.000 : 88.102 : 846 1786 28 0 : 2267 : 4608 4424 : 119.750150 : 9 Next_heuristic_check_may_be_too_late ]
[119.753s][info][safepoint] Application time: 0.2255449 seconds
[119.754s][info][safepoint] Total time for which application threads were stopped: 0.0002933 seconds, Stopping threads took: 0.0000009 seconds
[119.754s][info][gc       ] [SPS 0.000 0.004 0.004 0.012 0.001 0.001 0.001 0.252 0.027 0.293 NewGC_pause1 119.753033 ]
[119.816s][info][safepoint] Application time: 0.0631116 seconds
[119.817s][info][safepoint] Total time for which application threads were stopped: 0.0001933 seconds, Stopping threads took: 0.0000005 seconds
[119.817s][info][gc       ] [SPS 0.000 0.001 0.000 0.016 0.001 0.001 0.000 0.149 0.027 0.193 NewGC_pause2 119.816338 ]
[119.819s][info][safepoint] Application time: 0.0020475 seconds
[119.819s][info][safepoint] Total time for which application threads were stopped: 0.0001747 seconds, Stopping threads took: 0.0000006 seconds
[119.819s][info][gc       ] [SPS 0.000 0.000 0.000 0.008 0.001 0.001 0.000 0.141 0.024 0.175 NewGC_pause3 119.818560 ]
[119.820s][info][safepoint] Application time: 0.0015463 seconds
[119.820s][info][safepoint] Total time for which application threads were stopped: 0.0001734 seconds, Stopping threads took: 0.0000005 seconds
[119.821s][info][gc       ] [SPS 0.000 0.004 0.002 0.008 0.001 0.001 0.000 0.139 0.025 0.174 NewGC_pause4 119.820280 ]
[119.821s][info][gc       ] [GC New Max 313-294 : 5120 3032 2184 5120 - - 1047 56 2 2 - : 186 1786 28 184 1034 : 180 4 852 852 0 : 0 1 90 0 93 - 0 : 0.223301 2839.2 0.0 0.069893 2718.5 0.0 : 3 --c 0000 : 23 0 0.000 0.000 0 0.000 0.000 0 0.000 0.000 : 119.750767 119.752739 0.000175 119.816145 0.000118 119.818385 0.000111 119.820106 0.000106 : 119.820659 ]
[119.821s][info][gc       ] [SYSINFO 7577 191 89 0 7042 0 20 0 0 5745 : - - - - - - - - : 0 7168 : 2.25 1.27 1.47 : 278178 4215532 : 0 0 : 27 0 : 1547 2 0 259 : - 7672803328 333475840 1439936512 5939011584 199643136 93806592 : 140688591 5145830 144840 0 0 0 : 119.820958 ]
[119.821s][info][gc       ] [HUGEPAGESTAT 0 0 0 - 20840 0 0 : 612352 0 0 : 119.820958 ]
[119.821s][info][gc       ] [OBJCREAT 264444938 25379 14084096 : 119.821014 ]
[119.821s][info][gc       ] [HMSV All : 0 0 80 0 0 0 0 0 : 4986 0 0 0 : 119.821033 ]
[119.821s][info][gc       ] [HMSP 9 : 41100 0 : 119.821033 ]
[119.822s][info][gc       ] [VMAC 65530 166 24 430 620 : 119.821747 ]
[120.044s][info][gc       ] [GPGC-H  2632.4 526.6 0.1 0.0 : 7.3 : 0.000 0.000 : 0.000 0.000 0.874 1.882 : 0.000 0.000 0.000 0.000 1.977 0.445 : 0.000 : 87.237 : 800 1786 28 0 : 2267 : 4608 4424 : 120.043685 : 9 Next_heuristic_check_may_be_too_late ]
[120.046s][info][safepoint] Application time: 0.2257142 seconds
[120.047s][info][safepoint] Total time for which application threads were stopped: 0.0001354 seconds, Stopping threads took: 0.0000005 seconds
[120.047s][info][gc       ] [SPS 0.000 0.003 0.003 0.007 0.000 0.001 0.000 0.106 0.020 0.135 NewGC_pause1 120.046130 ]
[120.105s][info][safepoint] Application time: 0.0584315 seconds
[120.105s][info][safepoint] Total time for which application threads were stopped: 0.0001901 seconds, Stopping threads took: 0.0000005 seconds
[120.106s][info][gc       ] [SPS 0.000 0.001 0.000 0.007 0.000 0.001 0.000 0.154 0.027 0.191 NewGC_pause2 120.104752 ]
[120.107s][info][safepoint] Application time: 0.0021937 seconds
[120.107s][info][safepoint] Total time for which application threads were stopped: 0.0001707 seconds, Stopping threads took: 0.0000005 seconds
[120.108s][info][gc       ] [SPS 0.000 0.000 0.000 0.007 0.000 0.001 0.000 0.136 0.027 0.171 NewGC_pause3 120.107116 ]
[120.109s][info][safepoint] Application time: 0.0012337 seconds
[120.109s][info][safepoint] Total time for which application threads were stopped: 0.0001635 seconds, Stopping threads took: 0.0000005 seconds
[120.109s][info][gc       ] [SPS 0.000 0.003 0.002 0.008 0.001 0.001 0.000 0.108 0.047 0.164 NewGC_pause4 120.108513 ]
[120.109s][info][gc       ] [GC New Max 314-295 : 5120 2984 2178 5120 - - 1047 56 2 2 - : 180 1786 28 184 986 : 178 4 806 806 0 : 0 1 89 0 90 - 0 : 0.223624 2754.6 0.0 0.064540 2850.9 0.0 : 3 --c 0000 : 23 0 0.000 0.000 0 0.000 0.000 0 0.000 0.000 : 120.044283 120.045995 0.000108 120.104561 0.000115 120.106945 0.000101 120.108350 0.000065 : 120.108824 ]
[120.109s][info][gc       ] [SYSINFO 7577 191 89 0 7042 0 20 0 0 5745 : - - - - - - - - : 0 7168 : 2.25 1.27 1.47 : 278178 4215532 : 0 0 : 27 0 : 1547 4 0 259 : - 7672803328 333475840 1439936512 5939011584 199643136 93806592 : 140688591 5146310 144900 0 0 0 : 120.109136 ]
[120.109s][info][gc       ] [HUGEPAGESTAT 0 0 0 - 20840 0 0 : 612352 0 0 : 120.109136 ]
[120.109s][info][gc       ] [OBJCREAT 265238001 25379 14084096 : 120.109221 ]
[120.109s][info][gc       ] [HMSV All : 0 0 80 0 0 0 0 0 : 4986 0 0 0 : 120.109237 ]
[120.109s][info][gc       ] [HMSP 9 : 41100 0 : 120.109237 ]
[120.110s][info][gc       ] [VMAC 65530 166 24 430 620 : 120.109847 ]
[120.312s][info][gc       ] [GPGC-H  2632.4 526.6 0.1 0.0 : 7.3 : 0.000 0.000 : 0.000 0.000 0.864 1.882 : 0.000 0.000 0.000 0.000 1.953 0.445 : 0.000 : 86.379 : 788 1786 28 0 : 2267 : 4608 4424 : 120.312175 : 9 Next_heuristic_check_may_be_too_late ]
[120.315s][info][safepoint] Application time: 0.2061313 seconds
[120.316s][info][safepoint] Total time for which application threads were stopped: 0.0003807 seconds, Stopping threads took: 0.0000005 seconds
[120.316s][info][gc       ] [SPS 0.000 0.003 0.003 0.008 0.001 0.001 0.001 0.342 0.029 0.381 NewGC_pause1 120.315026 ]
[120.368s][info][safepoint] Application time: 0.0532318 seconds
[120.369s][info][safepoint] Total time for which application threads were stopped: 0.0001884 seconds, Stopping threads took: 0.0000005 seconds
[120.370s][info][gc       ] [SPS 0.000 0.001 0.000 0.007 0.000 0.001 0.000 0.154 0.025 0.189 NewGC_pause2 120.368446 ]
[120.371s][info][safepoint] Application time: 0.0025384 seconds
[120.371s][info][safepoint] Total time for which application threads were stopped: 0.0001730 seconds, Stopping threads took: 0.0000005 seconds
[120.372s][info][gc       ] [SPS 0.000 0.000 0.000 0.007 0.001 0.001 0.000 0.140 0.024 0.173 NewGC_pause3 120.371158 ]
[120.373s][info][safepoint] Application time: 0.0011844 seconds
[120.373s][info][safepoint] Total time for which application threads were stopped: 0.0001859 seconds, Stopping threads took: 0.0000005 seconds
[120.373s][info][gc       ] [SPS 0.000 0.003 0.002 0.007 0.001 0.001 0.000 0.152 0.025 0.186 NewGC_pause4 120.372528 ]
[120.373s][info][gc       ] [GC New Max 315-296 : 5120 2944 2154 5120 - - 1047 56 2 2 - : 156 1786 28 184 946 : 152 4 793 793 0 : 0 1 76 0 78 - 0 : 0.203993 2990.3 0.0 0.060036 2631.8 0.0 : 5 --c 0000 : 23 0 0.000 0.000 0 0.000 0.000 0 0.000 0.000 : 120.312817 120.314645 0.000299 120.368258 0.000108 120.370984 0.000108 120.372342 0.000113 : 120.372853 ]
[120.373s][info][gc       ] [SYSINFO 7577 191 89 0 7042 0 20 0 0 5745 : - - - - - - - - : 0 7168 : 2.25 1.27 1.47 : 278178 4215532 : 0 0 : 27 0 : 1547 3 0 259 : - 7672803328 333475840 1439936512 5939011584 199643136 93806592 : 140688591 5146800 144940 0 0 0 : 120.373112 ]
[120.373s][info][gc       ] [HUGEPAGESTAT 0 0 0 - 20840 0 0 : 612352 0 0 : 120.373112 ]
[120.373s][info][gc       ] [OBJCREAT 265996459 25379 14084096 : 120.373179 ]
[120.373s][info][gc       ] [HMSV All : 0 0 80 0 0 0 0 0 : 4986 0 0 0 : 120.373194 ]
[120.373s][info][gc       ] [HMSP 9 : 41100 0 : 120.373194 ]
[120.374s][info][gc       ] [VMAC 65530 166 24 430 620 : 120.373814 ]
[121.100s][info][gc       ] [GPGC-H  2632.4 526.6 0.1 0.0 : 7.3 : 0.000 0.000 : 0.060 0.000 0.864 1.882 : 0.000 0.000 0.198 0.000 1.953 0.445 : 0.000 : 86.186 : 2302 1786 30 0 : 2267 : 4608 4424 : 121.100089 : 9 Next_heuristic_check_may_be_too_late ]
[121.104s][info][safepoint] Application time: 0.7311648 seconds
[121.105s][info][safepoint] Total time for which application threads were stopped: 0.0003831 seconds, Stopping threads took: 0.0000005 seconds
[121.105s][info][gc       ] [SPS 0.000 0.024 0.004 0.008 0.000 0.001 0.000 0.345 0.029 0.383 NewGC_pause1 121.104076 ]
[121.157s][info][safepoint] Application time: 0.0525248 seconds
[121.157s][info][safepoint] Total time for which application threads were stopped: 0.0001897 seconds, Stopping threads took: 0.0000097 seconds
[121.158s][info][gc       ] [SPS 0.000 0.001 0.000 0.006 0.010 0.007 0.006 0.137 0.024 0.190 NewGC_pause2 121.156791 ]
[121.159s][info][safepoint] Application time: 0.0020949 seconds
[121.159s][info][safepoint] Total time for which application threads were stopped: 0.0001135 seconds, Stopping threads took: 0.0000007 seconds
[121.160s][info][gc       ] [SPS 0.000 0.001 0.000 0.011 0.001 0.001 0.001 0.073 0.027 0.113 NewGC_pause3 121.158999 ]
[121.161s][info][safepoint] Application time: 0.0016867 seconds
[121.161s][info][safepoint] Total time for which application threads were stopped: 0.0002245 seconds, Stopping threads took: 0.0000008 seconds
[121.161s][info][gc       ] [SPS 0.000 0.004 0.003 0.011 0.001 0.001 0.001 0.176 0.035 0.225 NewGC_pause4 121.160911 ]
[121.161s][info][gc       ] [GC New Max 316-297 : 5120 4474 2168 5120 - - 1047 56 2 2 - : 168 1786 30 184 2474 : 162 4 2310 2310 0 : 0 1 81 0 84 - 0 : 0.727971 2950.7 2.7 0.060360 2882.7 0.0 : 5 --c 0000 : 23 0 0.000 0.000 0 0.000 0.000 0 0.000 0.000 : 121.100824 121.103693 0.000298 121.156601 0.000114 121.158886 0.000073 121.160686 0.000126 : 121.161184 ]
[121.162s][info][gc       ] [SYSINFO 7577 191 89 0 7042 0 20 0 0 5745 : - - - - - - - - : 0 7168 : 2.25 1.27 1.47 : 278178 4215532 : 0 0 : 27 0 : 1547 2 0 259 : - 7672803328 333475840 1439936512 5939011584 199643136 93806592 : 140688591 5147830 145000 0 0 0 : 121.161461 ]
[121.162s][info][gc       ] [HUGEPAGESTAT 0 0 0 - 20840 0 0 : 612352 0 0 : 121.161461 ]
[121.162s][info][gc       ] [OBJCREAT 268296183 25379 14084096 : 121.161517 ]
[121.162s][info][gc       ] [HMSV All : 0 0 80 0 0 0 0 0 : 4986 0 0 0 : 121.161535 ]
[121.162s][info][gc       ] [HMSP 9 : 41100 0 : 121.161535 ]
[121.162s][info][gc       ] [VMAC 65530 166 24 430 620 : 121.162009 ]
[121.908s][info][gc       ] [GPGC-H  2766.8 514.6 0.1 0.0 : 7.1 : 0.000 0.000 : 0.060 0.000 0.864 1.882 : 0.000 0.000 0.210 0.000 1.953 0.445 : 0.000 : 85.474 : 2324 1786 30 0 : 2267 : 4608 4424 : 121.908473 : 9 Next_heuristic_check_may_be_too_late ]
[121.912s][info][safepoint] Application time: 0.7512068 seconds
[121.913s][info][safepoint] Total time for which application threads were stopped: 0.0003614 seconds, Stopping threads took: 0.0000005 seconds
[121.913s][info][gc       ] [SPS 0.000 0.003 0.003 0.008 0.001 0.001 0.000 0.313 0.038 0.361 NewGC_pause1 121.912479 ]
[121.966s][info][safepoint] Application time: 0.0538011 seconds
[121.967s][info][safepoint] Total time for which application threads were stopped: 0.0001643 seconds, Stopping threads took: 0.0000005 seconds
[121.968s][info][gc       ] [SPS 0.000 0.001 0.000 0.007 0.000 0.001 0.000 0.132 0.024 0.165 NewGC_pause2 121.966445 ]
[121.969s][info][safepoint] Application time: 0.0024318 seconds
[121.969s][info][safepoint] Total time for which application threads were stopped: 0.0002234 seconds, Stopping threads took: 0.0000005 seconds
[121.970s][info][gc       ] [SPS 0.000 0.000 0.000 0.007 0.001 0.001 0.000 0.197 0.018 0.223 NewGC_pause3 121.969100 ]
[121.971s][info][safepoint] Application time: 0.0018346 seconds
[121.971s][info][safepoint] Total time for which application threads were stopped: 0.0001821 seconds, Stopping threads took: 0.0000005 seconds
[121.972s][info][gc       ] [SPS 0.000 0.002 0.002 0.007 0.001 0.001 0.000 0.148 0.026 0.182 NewGC_pause4 121.971117 ]
[121.972s][info][gc       ] [GC New Max 317-298 : 5120 4492 2164 5120 - - 1047 56 2 2 - : 164 1786 30 184 2492 : 158 4 2332 2332 0 : 0 1 79 0 82 - 0 : 0.747956 2885.2 0.0 0.062430 2723.0 0.0 : 5 --c 0000 : 23 0 0.000 0.000 0 0.000 0.000 0 0.000 0.000 : 121.909140 121.912118 0.000279 121.966281 0.000085 121.968877 0.000117 121.970935 0.000151 : 121.971570 ]
[121.972s][info][gc       ] [SYSINFO 7577 191 89 0 7042 0 20 0 0 5745 : - - - - - - - - : 0 7168 : 2.25 1.27 1.47 : 278178 4215552 : 0 0 : 32 0 : 1547 4 0 259 : - 7672803328 333475840 1439936512 5939011584 199643136 93806592 : 140688591 5148890 145120 0 0 0 : 121.971827 ]
[121.972s][info][gc       ] [HUGEPAGESTAT 0 0 0 - 20840 0 0 : 612352 0 0 : 121.971827 ]
[121.972s][info][gc       ] [OBJCREAT 270602254 25379 14084096 : 121.971889 ]
[121.972s][info][gc       ] [HMSV All : 0 0 80 0 0 0 0 0 : 4986 0 0 0 : 121.971907 ]
[121.972s][info][gc       ] [HMSP 9 : 41100 0 : 121.971907 ]
[121.972s][info][gc       ] [VMAC 65530 166 24 430 620 : 121.972499 ]
[122.698s][info][gc       ] [GPGC-H  2766.8 514.6 0.1 0.0 : 7.1 : 0.000 0.000 : 0.062 0.000 0.864 1.882 : 0.000 0.000 0.214 0.000 1.953 0.445 : 0.000 : 84.749 : 2274 1786 30 0 : 2267 : 4608 4424 : 122.698494 : 9 Next_heuristic_check_may_be_too_late ]
[122.703s][info][safepoint] Application time: 0.7310419 seconds
[122.703s][info][safepoint] Total time for which application threads were stopped: 0.0004923 seconds, Stopping threads took: 0.0000005 seconds
[122.704s][info][gc       ] [SPS 0.000 0.004 0.003 0.010 0.001 0.001 0.001 0.441 0.040 0.492 NewGC_pause1 122.702652 ]
[122.754s][info][safepoint] Application time: 0.0507658 seconds
[122.754s][info][safepoint] Total time for which application threads were stopped: 0.0002414 seconds, Stopping threads took: 0.0000008 seconds
[122.755s][info][gc       ] [SPS 0.000 0.001 0.000 0.011 0.001 0.001 0.001 0.193 0.036 0.242 NewGC_pause2 122.753659 ]
[122.756s][info][safepoint] Application time: 0.0024906 seconds
[122.757s][info][safepoint] Total time for which application threads were stopped: 0.0001612 seconds, Stopping threads took: 0.0000005 seconds
[122.757s][info][gc       ] [SPS 0.000 0.000 0.000 0.008 0.000 0.001 0.000 0.128 0.024 0.161 NewGC_pause3 122.756311 ]
[122.758s][info][safepoint] Application time: 0.0016626 seconds
[122.758s][info][safepoint] Total time for which application threads were stopped: 0.0001484 seconds, Stopping threads took: 0.0000005 seconds
[122.759s][info][gc       ] [SPS 0.000 0.003 0.002 0.007 0.001 0.001 0.000 0.112 0.027 0.148 NewGC_pause4 122.758122 ]
[122.759s][info][gc       ] [GC New Max 318-299 : 5120 4440 2162 5120 - - 1047 56 2 2 - : 162 1786 30 184 2440 : 156 4 2282 2282 0 : 0 1 78 0 81 - 0 : 0.727542 2902.9 0.0 0.059307 2832.7 0.0 : 5 --c 0000 : 23 0 0.000 0.000 0 0.000 0.000 0 0.000 0.000 : 122.699112 122.702159 0.000388 122.753418 0.000136 122.756150 0.000069 122.757974 0.000072 : 122.758419 ]
[122.759s][info][gc       ] [SYSINFO 7577 191 89 0 7042 0 20 0 0 5745 : - - - - - - - - : 0 7168 : 2.25 1.27 1.47 : 278178 4215552 : 0 0 : 32 0 : 1547 2 0 259 : - 7672803328 333475840 1439936512 5939011584 199643136 93806592 : 140688591 5149890 145210 0 0 0 : 122.758678 ]
[122.759s][info][gc       ] [HUGEPAGESTAT 0 0 0 - 20840 0 0 : 612352 0 0 : 122.758678 ]
[122.759s][info][gc       ] [OBJCREAT 272862873 25379 14084096 : 122.758745 ]
[122.759s][info][gc       ] [HMSV All : 0 0 80 0 0 0 0 0 : 4986 0 0 0 : 122.758771 ]
[122.759s][info][gc       ] [HMSP 9 : 41100 0 : 122.758771 ]
[122.759s][info][gc       ] [VMAC 65530 166 24 430 620 : 122.759330 ]
[123.506s][info][gc       ] [GPGC-H  2783.2 514.6 0.1 0.0 : 7.1 : 0.000 0.000 : 0.062 0.000 0.864 1.882 : 0.000 0.000 0.214 0.000 1.953 0.445 : 0.000 : 84.050 : 2318 1786 30 0 : 2267 : 4608 4424 : 123.505954 : 9 Next_heuristic_check_may_be_too_late ]
[123.510s][info][safepoint] Application time: 0.7518529 seconds
[123.511s][info][safepoint] Total time for which application threads were stopped: 0.0002721 seconds, Stopping threads took: 0.0000005 seconds
[123.512s][info][gc       ] [SPS 0.000 0.027 0.008 0.008 0.001 0.001 0.000 0.235 0.027 0.272 NewGC_pause1 123.510247 ]
[123.566s][info][safepoint] Application time: 0.0552351 seconds
[123.566s][info][safepoint] Total time for which application threads were stopped: 0.0002059 seconds, Stopping threads took: 0.0000005 seconds
[123.567s][info][gc       ] [SPS 0.000 0.001 0.000 0.007 0.000 0.001 0.000 0.174 0.024 0.206 NewGC_pause2 123.565689 ]
[123.568s][info][safepoint] Application time: 0.0020249 seconds
[123.568s][info][safepoint] Total time for which application threads were stopped: 0.0001706 seconds, Stopping threads took: 0.0000005 seconds
[123.568s][info][gc       ] [SPS 0.000 0.000 0.000 0.007 0.000 0.001 0.000 0.134 0.028 0.171 NewGC_pause3 123.567884 ]
[123.570s][info][safepoint] Application time: 0.0015179 seconds
[123.570s][info][safepoint] Total time for which application threads were stopped: 0.0001859 seconds, Stopping threads took: 0.0000005 seconds
[123.570s][info][gc       ] [SPS 0.000 0.007 0.002 0.007 0.000 0.001 0.000 0.150 0.027 0.186 NewGC_pause4 123.569588 ]
[123.570s][info][gc       ] [GC New Max 319-300 : 5120 4474 2152 5120 - - 1047 56 2 2 - : 152 1786 30 184 2474 : 146 4 2327 2327 0 : 0 1 73 0 76 - 0 : 0.748050 2884.8 0.0 0.063508 2487.9 0.0 : 5 --c 0000 : 23 0 0.000 0.000 0 0.000 0.000 0 0.000 0.000 : 123.506469 123.509975 0.000202 123.565483 0.000109 123.567714 0.000063 123.569402 0.000109 : 123.569977 ]
[123.570s][info][gc       ] [SYSINFO 7577 191 89 0 7042 0 20 0 0 5745 : - - - - - - - - : 0 7168 : 2.25 1.27 1.47 : 278178 4215552 : 0 0 : 32 0 : 1547 3 0 259 : - 7672803328 333475840 1439936512 5939011584 199643136 93806592 : 140688591 5150990 145310 0 0 0 : 123.570251 ]
[123.570s][info][gc       ] [HUGEPAGESTAT 0 0 0 - 20840 0 0 : 612352 0 0 : 123.570251 ]
[123.570s][info][gc       ] [OBJCREAT 275157608 25379 14084096 : 123.570316 ]
[123.570s][info][gc       ] [HMSV All : 0 0 80 0 0 0 0 0 : 4986 0 0 0 : 123.570335 ]
[123.570s][info][gc       ] [HMSP 9 : 41100 0 : 123.570335 ]
[123.571s][info][gc       ] [VMAC 65530 166 24 430 620 : 123.571280 ]
[124.338s][info][gc       ] [GPGC-H  2783.2 502.8 0.1 0.0 : 7.0 : 0.000 0.000 : 0.063 0.000 0.864 1.882 : 0.000 0.000 0.214 0.000 1.953 0.445 : 0.000 : 83.339 : 2316 1786 30 0 : 2267 : 4608 4424 : 124.337579 : 9 Next_heuristic_check_may_be_too_late ]
[124.342s][info][safepoint] Application time: 0.7720186 seconds
[124.343s][info][safepoint] Total time for which application threads were stopped: 0.0003936 seconds, Stopping threads took: 0.0000005 seconds
[124.343s][info][gc       ] [SPS 0.000 0.007 0.005 0.007 0.001 0.001 0.000 0.354 0.030 0.394 NewGC_pause1 124.342001 ]
[124.396s][info][safepoint] Application time: 0.0539900 seconds
[124.397s][info][safepoint] Total time for which application threads were stopped: 0.0001905 seconds, Stopping threads took: 0.0000005 seconds
[124.397s][info][gc       ] [SPS 0.000 0.001 0.000 0.007 0.000 0.004 0.000 0.152 0.025 0.191 NewGC_pause2 124.396181 ]
[124.399s][info][safepoint] Application time: 0.0023986 seconds
[124.399s][info][safepoint] Total time for which application threads were stopped: 0.0001465 seconds, Stopping threads took: 0.0000005 seconds
[124.399s][info][gc       ] [SPS 0.000 0.000 0.000 0.007 0.000 0.001 0.000 0.107 0.031 0.147 NewGC_pause3 124.398727 ]
[124.400s][info][safepoint] Application time: 0.0015659 seconds
[124.401s][info][safepoint] Total time for which application threads were stopped: 0.0001930 seconds, Stopping threads took: 0.0000005 seconds
[124.401s][info][gc       ] [SPS 0.000 0.007 0.002 0.007 0.000 0.001 0.000 0.156 0.029 0.193 NewGC_pause4 124.400486 ]
[124.401s][info][gc       ] [GC New Max 320-301 : 5120 4488 2174 5120 - - 1047 56 2 2 - : 174 1786 30 184 2488 : 168 4 2319 2319 0 : 0 1 84 0 87 - 0 : 0.768208 2816.9 0.0 0.062715 2806.3 0.0 : 5 --c 0000 : 23 0 0.000 0.000 0 0.000 0.000 0 0.000 0.000 : 124.338185 124.341607 0.000316 124.395991 0.000120 124.398580 0.000066 124.400292 0.000121 : 124.400900 ]
[124.401s][info][gc       ] [SYSINFO 7577 191 89 0 7042 0 20 0 0 5745 : - - - - - - - - : 0 7168 : 2.15 1.27 1.46 : 278178 4215552 : 0 0 : 32 0 : 1547 2 0 259 : - 7672803328 333475840 1439936512 5939011584 199643136 93806592 : 140688591 5152060 145420 0 0 0 : 124.401180 ]
[124.401s][info][gc       ] [HUGEPAGESTAT 0 0 0 - 20840 0 0 : 612352 0 0 : 124.401180 ]
[124.401s][info][gc       ] [OBJCREAT 277476117 25379 14084096 : 124.401259 ]
[124.401s][info][gc       ] [HMSV All : 0 0 80 0 0 0 0 0 : 4986 0 0 0 : 124.401277 ]
[124.401s][info][gc       ] [HMSP 9 : 41100 0 : 124.401277 ]
[124.402s][info][gc       ] [VMAC 65530 166 24 430 620 : 124.401828 ]
[124.947s][info][gc       ] [GPGC-H  2783.2 502.8 0.1 0.0 : 7.0 : 0.000 0.000 : 0.063 0.000 0.864 1.882 : 0.000 0.000 0.216 0.000 1.953 0.445 : 0.000 : 82.615 : 2304 1786 30 0 : 2267 : 4608 4424 : 124.947296 : 9 Next_heuristic_check_may_be_too_late ]
[124.952s][info][safepoint] Application time: 0.5509004 seconds
[124.952s][info][safepoint] Total time for which application threads were stopped: 0.0002696 seconds, Stopping threads took: 0.0000005 seconds
[124.953s][info][gc       ] [SPS 0.000 0.003 0.004 0.008 0.000 0.001 0.000 0.227 0.033 0.269 NewGC_pause1 124.951656 ]
[125.197s][info][safepoint] Application time: 0.2448379 seconds
[125.197s][info][safepoint] Total time for which application threads were stopped: 0.0000727 seconds, Stopping threads took: 0.0000005 seconds
[125.198s][info][gc       ] [SPS 0.000 0.001 0.000 0.008 0.000 0.001 0.000 0.056 0.007 0.073 NewGC_pause2 125.196567 ]
[125.199s][info][safepoint] Application time: 0.0020221 seconds
[125.199s][info][safepoint] Total time for which application threads were stopped: 0.0000805 seconds, Stopping threads took: 0.0000005 seconds
[125.199s][info][gc       ] [SPS 0.000 0.000 0.000 0.006 0.000 0.001 0.000 0.051 0.022 0.081 NewGC_pause3 125.198669 ]
[125.200s][info][safepoint] Application time: 0.0014182 seconds
[125.200s][info][safepoint] Total time for which application threads were stopped: 0.0000806 seconds, Stopping threads took: 0.0000005 seconds
[125.201s][info][gc       ] [SPS 0.000 0.003 0.002 0.007 0.001 0.001 0.000 0.051 0.021 0.081 NewGC_pause4 125.200168 ]
[125.201s][info][gc       ] [GC New Max 321-302 : 5120 4954 3392 5120 - - 1047 56 2 2 - : 1392 1786 30 184 2954 : 1376 7 1573 1573 0 : 0 0 320 0 634 - 62 : 0.547042 3893.7 0.0 0.252604 2612.8 0.0 : 5 --c 0000 : 23 7332 0.000 0.001 0 0.000 0.000 7332 0.000 0.001 : 124.947942 124.951386 0.000227 125.196494 0.000059 125.198589 0.000043 125.200088 0.000055 : 125.200546 ]
[125.201s][info][gc       ] [SYSINFO 7577 191 89 0 7042 0 20 0 0 5745 : - - - - - - - - : 0 7168 : 2.15 1.27 1.46 : 278178 4215552 : 0 0 : 32 0 : 1547 3 0 259 : - 7672803328 333475840 1439936512 5939011584 199643136 93806592 : 140688591 5154090 145440 0 0 0 : 125.200806 ]
[125.201s][info][gc       ] [HUGEPAGESTAT 0 0 0 - 20840 0 0 : 612352 0 0 : 125.200806 ]
[125.201s][info][gc       ] [OBJCREAT 280242285 25379 14084096 : 125.200856 ]
[125.201s][info][gc       ] [HMSV All : 0 0 89 0 0 0 0 0 : 4986 0 0 0 : 125.200876 ]
[125.201s][info][gc       ] [HMSP 9 : 41100 0 : 125.200876 ]
[125.201s][info][gc       ] [VMAC 65530 166 24 430 620 : 125.201366 ]
[125.201s][info][gc       ] [GPGC-H  3127.0 502.8 0.1 0.0 : 7.0 : 0.000 0.000 : 0.252 0.000 0.864 1.882 : 0.000 0.000 0.400 0.000 1.953 0.445 : 0.000 : 82.146 : 1400 1786 30 0 : 2267 : 4608 4424 : 125.201358 : 8 May_exceed_heap_occupancy_target ]
[125.207s][info][safepoint] Application time: 0.0059787 seconds
[125.209s][info][safepoint] Total time for which application threads were stopped: 0.0003698 seconds, Stopping threads took: 0.0000005 seconds
[125.219s][info][gc       ] [SPS 0.000 0.001 0.002 0.007 0.001 0.001 0.000 0.333 0.028 0.370 NewGC_pause1 125.206517 ]
[125.607s][info][safepoint] Application time: 0.4006963 seconds
[125.608s][info][safepoint] Total time for which application threads were stopped: 0.0001345 seconds, Stopping threads took: 0.0000005 seconds
[125.608s][info][gc       ] [SPS 0.000 0.001 0.000 0.008 0.000 0.001 0.001 0.105 0.021 0.135 NewGC_pause2 125.607348 ]
[125.609s][info][safepoint] Application time: 0.0017765 seconds
[125.629s][info][safepoint] Total time for which application threads were stopped: 0.0002670 seconds, Stopping threads took: 0.0000005 seconds
[125.630s][info][gc       ] [SPS 0.000 0.001 0.000 0.007 0.000 0.001 0.000 0.237 0.021 0.267 NewGC_pause3 125.609392 ]
[125.631s][info][safepoint] Application time: 0.0209264 seconds
[125.631s][info][safepoint] Total time for which application threads were stopped: 0.0002799 seconds, Stopping threads took: 0.0000010 seconds
[125.631s][info][gc       ] [SPS 0.000 0.243 0.009 0.014 0.001 0.002 0.001 0.227 0.035 0.280 NewGC_pause4 125.630598 ]
[125.645s][info][gc       ] [GC NTO Max 322-303 : 5120 4120 4120 5120 - - 1047 56 2 2 - : 2120 1786 30 184 2132 : 2011 14 59 59 0 : 0 35 325 0 968 - 92 : 0.001399 8578.8 0.0 0.442524 1726.5 0.0 : 8 --c 0000 : 23 0 0.000 0.000 0 0.000 0.000 0 0.000 0.000 : 125.201945 125.206147 0.000271 125.607214 0.000112 125.609125 0.000227 125.630318 0.000170 : 125.644469 ]
[125.645s][info][gc       ] [SYSINFO 7577 191 89 0 7042 0 20 0 0 5745 : - - - - - - - - : 0 7168 : 2.15 1.27 1.46 : 278178 4215552 : 0 0 : 32 0 : 1547 5 0 259 : - 7672938496 333475840 1440071680 5939011584 199643136 93806592 : 140688591 5157010 145450 0 0 0 : 125.644916 ]
[125.645s][info][gc       ] [HUGEPAGESTAT 0 0 0 - 20840 0 0 : 612352 0 0 : 125.644916 ]
[125.645s][info][gc       ] [OBJCREAT 281012502 25444 14084096 : 125.645046 ]
[125.645s][info][gc       ] [HMSV All : 0 0 90 0 0 0 0 0 : 5062 0 0 0 : 125.645072 ]
[125.645s][info][gc       ] [HMSP 9 : 41100 0 : 125.645072 ]
[125.646s][info][gc       ] [VMAC 65530 166 24 430 620 : 125.645767 ]
[125.707s][info][gc       ] [GPGC-H  3127.0 502.8 0.1 0.0 : 7.0 : 0.442 0.000 : 0.255 0.000 0.864 1.882 : 2.200 0.000 0.400 0.000 1.953 0.445 : 0.000 : 99.685 : 2300 1786 30 0 : 2267 : 4608 4424 : 125.706893 : 8 May_exceed_heap_occupancy_target ]
[125.713s][info][safepoint] Application time: 0.0814941 seconds
[125.713s][info][safepoint] Total time for which application threads were stopped: 0.0006233 seconds, Stopping threads took: 0.0000005 seconds
[125.713s][info][gc       ] [SPS 0.000 0.029 0.004 0.008 0.001 0.001 0.001 0.576 0.037 0.623 NewGC_pause1 125.712716 ]
[126.275s][info][safepoint] Application time: 0.5617254 seconds
[126.275s][info][safepoint] Total time for which application threads were stopped: 0.0000636 seconds, Stopping threads took: 0.0000005 seconds
[126.275s][info][gc       ] [SPS 0.000 0.001 0.000 0.008 0.000 0.001 0.000 0.049 0.005 0.063 NewGC_pause2 126.274505 ]
[126.276s][info][safepoint] Application time: 0.0014312 seconds
[126.276s][info][safepoint] Total time for which application threads were stopped: 0.0000576 seconds, Stopping threads took: 0.0000005 seconds
[126.276s][info][gc       ] [SPS 0.000 0.001 0.000 0.008 0.000 0.001 0.000 0.044 0.004 0.058 NewGC_pause3 126.275994 ]
[126.294s][info][safepoint] Application time: 0.0177032 seconds
[126.294s][info][safepoint] Total time for which application threads were stopped: 0.0000845 seconds, Stopping threads took: 0.0000005 seconds
[126.295s][info][gc       ] [SPS 0.000 0.099 0.007 0.008 0.000 0.001 0.000 0.056 0.018 0.084 NewGC_pause4 126.293782 ]
[126.414s][info][gc       ] [GC New Max 324-304 : 5120 5004 4712 5120 - - 1047 56 2 2 - : 2712 1786 30 184 3004 : 2457 8 535 535 94 : 0 305 347 0 1301 - 55 : 0.062948 2891.3 0.0 0.706221 1206.4 0.0 : 5 --c 0000 : 23 12333 0.000 0.000 0 0.000 0.000 12333 0.000 0.000 : 125.707416 125.712093 0.000480 126.274441 0.000053 126.275936 0.000047 126.293697 0.000061 : 126.413637 ]
[126.414s][info][gc       ] [SYSINFO 7577 191 89 0 7042 0 20 0 0 5745 : - - - - - - - - : 0 7168 : 2.15 1.27 1.46 : 278178 4215612 : 0 0 : 32 0 : 1547 4 0 259 : - 7672938496 333475840 1440071680 5939011584 199643136 93806592 : 140688591 5163240 145480 0 0 0 : 126.413929 ]
[126.414s][info][gc       ] [HUGEPAGESTAT 0 0 0 - 20840 0 0 : 612352 0 0 : 126.413929 ]
[126.414s][info][gc       ] [OBJCREAT 282049560 25444 14084096 : 126.413983 ]
[126.414s][info][gc       ] [HMSV All : 0 0 90 0 0 0 0 0 : 5062 0 0 0 : 126.414044 ]
[126.414s][info][gc       ] [HMSP 9 : 41100 0 : 126.414044 ]
[126.415s][info][gc       ] [VMAC 65530 166 24 430 620 : 126.414607 ]
[126.415s][info][gc       ] [GPGC-H  3145.1 488.0 0.1 0.0 : 6.7 : 0.446 0.000 : 0.706 0.000 0.864 1.882 : 2.200 0.000 1.030 0.000 1.953 0.445 : 0.000 : 99.615 : 2714 1786 30 0 : 2267 : 4608 4424 : 126.414731 : 3 Heap_use_exceeded_committed ]
[126.415s][info][safepoint] Application time: 0.1200858 seconds
[126.416s][info][safepoint] Total time for which application threads were stopped: 0.0009329 seconds, Stopping threads took: 0.0000005 seconds
[126.416s][info][gc       ] [SPS 0.000 0.001 0.000 0.008 0.001 0.001 0.000 0.883 0.040 0.933 OldGC_pause2 126.414801 ]
[126.419s][info][safepoint] Application time: 0.0038254 seconds
[126.419s][info][safepoint] Total time for which application threads were stopped: 0.0000951 seconds, Stopping threads took: 0.0000006 seconds
[126.419s][info][gc       ] [SPS 0.000 0.001 0.000 0.009 0.001 0.001 0.000 0.059 0.025 0.095 OldGC_pause3 126.418721 ]
[126.423s][info][safepoint] Application time: 0.0041303 seconds
[126.423s][info][safepoint] Total time for which application threads were stopped: 0.0001830 seconds, Stopping threads took: 0.0000007 seconds
[126.424s][info][gc       ] [SPS 0.000 0.264 0.003 0.009 0.001 0.001 0.000 0.153 0.020 0.183 NewGC_pause1 126.423035 ]
[126.796s][info][safepoint] Application time: 0.3732783 seconds
[126.797s][info][safepoint] Total time for which application threads were stopped: 0.0000972 seconds, Stopping threads took: 0.0000005 seconds
[126.797s][info][gc       ] [SPS 0.000 0.001 0.000 0.007 0.001 0.001 0.000 0.065 0.024 0.097 NewGC_pause2 126.796410 ]
[126.798s][info][safepoint] Application time: 0.0018018 seconds
[126.799s][info][safepoint] Total time for which application threads were stopped: 0.0001600 seconds, Stopping threads took: 0.0000005 seconds
[126.799s][info][gc       ] [SPS 0.000 0.000 0.000 0.006 0.000 0.001 0.000 0.128 0.024 0.160 NewGC_pause3 126.798372 ]
[126.803s][info][safepoint] Application time: 0.0042154 seconds
[126.803s][info][safepoint] Total time for which application threads were stopped: 0.0001608 seconds, Stopping threads took: 0.0000005 seconds
[126.803s][info][gc       ] [SPS 0.000 0.003 0.002 0.007 0.001 0.001 0.000 0.122 0.030 0.161 NewGC_pause4 126.802749 ]
[126.822s][info][gc       ] [GC New Max 325-305 : 5120 4968 4140 5120 - - 1047 56 2 2 - : 2140 1786 30 184 2968 : 2005 14 952 952 0 : 0 63 120 0 1015 - 55 : 0.005765 2081.7 0.0 0.402639 705.3 0.0 : 8 --c 0000 : 23 6365 0.000 0.001 0 0.000 0.000 6365 0.000 0.001 : 126.419402 126.422852 0.000138 126.796313 0.000058 126.798212 0.000051 126.802588 0.000061 : 126.822041 ]
[126.822s][info][gc       ] [SYSINFO 7577 191 89 0 7042 0 20 0 0 5745 : - - - - - - - - : 0 7168 : 2.15 1.27 1.46 : 278178 4215612 : 0 0 : 32 0 : 1547 2 0 259 : - 7672938496 333475840 1440071680 5939011584 199643136 93806592 : 140688591 5166700 145510 0 0 0 : 126.822344 ]
[126.822s][info][gc       ] [HUGEPAGESTAT 0 0 0 - 20840 0 0 : 612352 0 0 : 126.822344 ]
[126.822s][info][gc       ] [OBJCREAT 282349323 25444 14084096 : 126.822423 ]
[126.822s][info][gc       ] [HMSV All : 0 0 90 0 0 0 0 0 : 5062 0 0 0 : 126.822441 ]
[126.822s][info][gc       ] [HMSP 9 : 41100 0 : 126.822441 ]
[126.823s][info][gc       ] [VMAC 65530 166 24 430 620 : 126.823094 ]
[126.824s][info][gc       ] [GPGC-H  3146.7 488.0 0.1 0.0 : 6.7 : 0.442 0.000 : 0.713 0.000 0.864 1.882 : 2.605 0.000 1.030 0.000 1.953 0.445 : 0.000 : 99.615 : 2144 1786 30 0 : 2267 : 4608 4424 : 126.823568 : 8 May_exceed_heap_occupancy_target ]
[126.826s][info][safepoint] Application time: 0.0231007 seconds
[126.826s][info][safepoint] Total time for which application threads were stopped: 0.0001891 seconds, Stopping threads took: 0.0000005 seconds
[126.827s][info][gc       ] [SPS 0.000 0.003 0.005 0.009 0.001 0.001 0.000 0.135 0.043 0.189 OldGC_pause4 126.826039 ]
[126.831s][info][gc       ] [GC Old Max 323-20 : 5120 5004 4156 5120 - - 1047 56 2 2 - : 2160 1784 28 184 1826 : 1798 11 1 1 0 : 0 8 0 1 851 - 55 : 9.606144 10.4 0.2 1.626478 0.0 0.0 : 3 --c 0000 : 23   -    -    -    -    -    -    -    -    -  : 125.203695 125.206147 0.000271 126.413868 0.000882 126.418626 0.000063 126.825850 0.000064 : 126.830174 ]
[126.831s][info][gc       ] [SYSINFO 7577 191 89 0 7042 0 20 0 0 5745 : - - - - - - - - : 0 7168 : 2.15 1.27 1.46 : 278178 4215612 : 0 0 : 32 0 : 1547 4 0 259 : - 7672938496 333475840 1440071680 5939011584 199643136 93806592 : 140688591 5166800 145510 0 0 0 : 126.830503 ]
[126.831s][info][gc       ] [HUGEPAGESTAT 0 0 0 - 20840 0 0 : 612352 0 0 : 126.830503 ]
[126.831s][info][gc       ] [OBJCREAT 282369145 25444 14084096 : 126.830549 ]
[126.831s][info][gc       ] [HMSV All : 0 0 90 0 0 0 0 0 : 5062 0 0 0 : 126.830566 ]
[126.831s][info][gc       ] [HMSP 9 : 41100 0 : 126.830566 ]
[126.831s][info][gc       ] [COMPSTATS 1 : 5 0 : 1 0 : 0 0 : 525 4 0 0 0 0 : 0 0 0 0 0 0 : 194 197 21 : 529 0 0 0 0 0 0 : 529 0 0 0 0 0 0 ]
[126.831s][info][gc       ] [COMPSTATS 2 : 5 0 : 1 0 : 0 0 : 133 9 0 0 0 0 : 0 0 0 0 0 0 : 62012 62071 10930 : 76 38 28 0 0 0 0 : 17 102 17 3 3 0 0 ]
[126.831s][info][gc       ] [DEOPTSTATS 1 : 1 0 : 0 0 : 0 0 : 0 0 : 0 12 : 0 0 : 0 0 : 0 0 : 0 0 : 0 0 : 0 0 : 0 0 : 0 0 : 0 0 : 0 0 : 0 0 : 0 0 : 0 0 : 0 0 : 0 0 : 0 0 : 0 0 : 0 0 : 0 0 : 0 0 : 0 0 : 0 0 : 0 0 : 0 0 : 0 0 : 6 0 : 0 0 : 0 0 : 0 0 : 0 0 : 0 0 : 0 0 : 0 0 : 0 0 : 0 0 : 0 0 : 0 0 ]
[126.831s][info][gc       ] [DEOPTSTATS 2 : 0 0 : 0 0 : 0 0 : 0 0 : 0 0 : 0 0 : 0 13 : 0 0 : 0 0 : 0 0 : 0 0 : 0 0 : 0 0 : 0 0 : 0 0 : 0 0 : 0 0 : 0 0 : 0 0 : 0 0 : 0 1 : 0 0 : 0 0 : 0 0 : 0 0 : 0 0 : 0 0 : 0 0 : 0 0 : 0 0 : 4 0 : 0 0 : 0 0 : 0 0 : 0 1 : 0 0 : 0 0 : 0 0 : 0 0 : 0 5 : 0 0 : 0 0 ]
[126.832s][info][gc       ] [CCF 0 0 0 0 36 229376: 2977792 : 380 196608 : 3 49152 : 317 311808 :  517 626176 : 118 412160 : 0 0 : 14 1146880 : 1 2048]
[126.831s][info][gc       ] [VMAC 65530 166 24 430 620 : 126.831019 ]
[126.833s][info][safepoint] Application time: 0.0065855 seconds
[126.833s][info][safepoint] Total time for which application threads were stopped: 0.0003039 seconds, Stopping threads took: 0.0000005 seconds
[126.833s][info][gc       ] [SPS 0.000 2.095 0.003 0.016 0.001 0.001 0.000 0.248 0.038 0.304 NewGC_pause1 126.832928 ]
[127.204s][info][safepoint] Application time: 0.3704844 seconds
[127.204s][info][safepoint] Total time for which application threads were stopped: 0.0000844 seconds, Stopping threads took: 0.0000005 seconds
[127.204s][info][gc       ] [SPS 0.000 0.001 0.000 0.008 0.001 0.001 0.001 0.055 0.019 0.084 NewGC_pause2 127.203497 ]
[127.205s][info][safepoint] Application time: 0.0012578 seconds
[127.205s][info][safepoint] Total time for which application threads were stopped: 0.0000992 seconds, Stopping threads took: 0.0000005 seconds
[127.205s][info][gc       ] [SPS 0.000 0.001 0.000 0.009 0.001 0.001 0.000 0.062 0.026 0.099 NewGC_pause3 127.204854 ]
[127.216s][info][safepoint] Application time: 0.0109455 seconds
[127.217s][info][safepoint] Total time for which application threads were stopped: 0.0002949 seconds, Stopping threads took: 0.0000007 seconds
[127.217s][info][gc       ] [SPS 0.000 0.005 0.006 0.012 0.001 0.001 0.001 0.256 0.024 0.295 NewGC_pause4 127.216095 ]
[127.297s][info][gc       ] [GC New Max 326-306 : 5120 4810 4596 5120 - - 1047 56 2 2 - : 2600 1784 28 184 2814 : 2411 16 388 388 0 : 0 239 323 0 1245 - 55 : 0.005468 2926.1 0.0 0.469401 1691.5 0.0 : 8 --c 0000 : 23 3067 0.000 0.000 0 0.000 0.000 3067 0.000 0.000 : 126.827509 126.832624 0.000236 127.203413 0.000059 127.204755 0.000070 127.215800 0.000260 : 127.296910 ]
[127.297s][info][gc       ] [SYSINFO 7577 191 89 0 7042 0 20 0 0 5745 : - - - - - - - - : 0 7168 : 2.15 1.27 1.46 : 278178 4215612 : 0 0 : 32 0 : 1547 2 0 259 : - 7672938496 333475840 1440071680 5939011584 199643136 93806592 : 140688591 5170930 145550 0 0 0 : 127.297222 ]
[127.297s][info][gc       ] [HUGEPAGESTAT 0 0 0 - 20840 0 0 : 612352 0 0 : 127.297222 ]
[127.297s][info][gc       ] [OBJCREAT 283153211 25444 14084096 : 127.297281 ]
[127.297s][info][gc       ] [HMSV All : 0 0 90 0 0 0 0 0 : 5062 0 0 0 : 127.297299 ]
[127.297s][info][gc       ] [HMSP 9 : 41100 0 : 127.297299 ]
[127.298s][info][gc       ] [VMAC 65530 166 24 430 620 : 127.297797 ]
[127.298s][info][gc       ] [GPGC-H  3140.9 488.0 0.1 0.0 : 6.7 : 0.469 0.000 : 0.720 1.626 0.864 1.882 : 2.898 0.000 1.030 2.196 1.953 0.445 : 0.000 : 99.614 : 2604 1784 28 0 : 2267 : 4608 4424 : 127.298289 : 9 Next_heuristic_check_may_be_too_late ]
[127.303s][info][safepoint] Application time: 0.0864223 seconds
[127.303s][info][safepoint] Total time for which application threads were stopped: 0.0002766 seconds, Stopping threads took: 0.0000005 seconds
[127.303s][info][gc       ] [SPS 0.000 0.004 0.003 0.008 0.000 0.001 0.000 0.249 0.018 0.276 NewGC_pause1 127.302794 ]
[127.664s][info][safepoint] Application time: 0.3611296 seconds
[127.664s][info][safepoint] Total time for which application threads were stopped: 0.0001051 seconds, Stopping threads took: 0.0000007 seconds
[127.665s][info][gc       ] [SPS 0.000 0.001 0.000 0.017 0.001 0.001 0.001 0.067 0.019 0.105 NewGC_pause2 127.664029 ]
[127.665s][info][safepoint] Application time: 0.0012847 seconds
[127.666s][info][safepoint] Total time for which application threads were stopped: 0.0000565 seconds, Stopping threads took: 0.0000005 seconds
[127.666s][info][gc       ] [SPS 0.000 0.000 0.000 0.007 0.001 0.001 0.000 0.044 0.004 0.056 NewGC_pause3 127.665370 ]
[127.678s][info][safepoint] Application time: 0.0123518 seconds
[127.678s][info][safepoint] Total time for which application threads were stopped: 0.0001264 seconds, Stopping threads took: 0.0000006 seconds
[127.678s][info][gc       ] [SPS 0.000 0.007 0.004 0.009 0.001 0.001 0.000 0.094 0.022 0.126 NewGC_pause4 127.677848 ]
[128.034s][info][gc       ] [GC New Max 327-307 : 5120 4918 4780 5120 - - 1047 56 2 2 - : 2006 2562 28 184 2922 : 2080 2 827 827 20 : 389 0 155 0 1003 - 0 : 0.002211 2714.3 0.0 0.734918 1344.4 0.0 : 8 --c 0000 : 23 8540 0.000 0.000 0 0.000 0.000 8540 0.000 0.000 : 127.299120 127.302517 0.000253 127.663924 0.000081 127.665313 0.000047 127.677722 0.000097 : 128.034039 ]
[128.034s][info][gc       ] [SYSINFO 7577 191 89 0 7042 0 20 0 0 5745 : - - - - - - - - : 0 7168 : 2.15 1.27 1.46 : 278178 4215612 : 0 0 : 32 0 : 1547 2 0 259 : - 7672938496 333475840 1440071680 5939011584 199643136 93806592 : 140688591 5175950 145570 0 0 0 : 128.034326 ]
[128.034s][info][gc       ] [HUGEPAGESTAT 0 0 0 - 20840 0 0 : 612352 0 0 : 128.034326 ]
[128.034s][info][gc       ] [OBJCREAT 284145806 25444 14815232 : 128.034392 ]
[128.034s][info][gc       ] [HMSV All : 0 0 90 0 0 0 0 0 : 5062 0 0 0 : 128.034413 ]
[128.034s][info][gc       ] [HMSP 9 : 41100 0 : 128.034413 ]
[128.035s][info][gc       ] [VMAC 65530 166 24 430 620 : 128.035009 ]
[128.035s][info][gc       ] [GPGC-H  3126.6 488.0 0.1 0.0 : 6.7 : 0.478 0.000 : 0.727 1.626 0.864 1.882 : 3.213 0.000 1.030 2.196 1.953 0.445 : 0.000 : 99.700 : 2010 2562 28 0 : 2267 : 4608 4424 : 128.035283 : 3 Heap_use_exceeded_committed ]
[128.041s][info][safepoint] Application time: 0.3633758 seconds
[128.042s][info][safepoint] Total time for which application threads were stopped: 0.0001705 seconds, Stopping threads took: 0.0000005 seconds
[128.042s][info][gc       ] [SPS 0.001 0.001 0.005 0.008 0.001 0.001 0.000 0.137 0.023 0.170 NewGC_pause1 128.041395 ]
[128.348s][info][safepoint] Application time: 0.3061355 seconds
[128.348s][info][safepoint] Total time for which application threads were stopped: 0.0000980 seconds, Stopping threads took: 0.0000005 seconds
[128.348s][info][gc       ] [SPS 0.000 0.002 0.000 0.007 0.001 0.001 0.000 0.070 0.019 0.098 NewGC_pause2 128.347628 ]
[128.349s][info][safepoint] Application time: 0.0012447 seconds
[128.349s][info][safepoint] Total time for which application threads were stopped: 0.0000608 seconds, Stopping threads took: 0.0000005 seconds
[128.349s][info][gc       ] [SPS 0.000 0.000 0.000 0.007 0.000 0.001 0.000 0.048 0.004 0.060 NewGC_pause3 128.348934 ]
[128.351s][info][safepoint] Application time: 0.0012958 seconds
[128.351s][info][safepoint] Total time for which application threads were stopped: 0.0008148 seconds, Stopping threads took: 0.0000008 seconds
[128.352s][info][gc       ] [SPS 0.000 0.001 0.000 0.014 0.001 0.001 0.001 0.777 0.021 0.815 OldGC_pause2 128.351045 ]
[128.354s][info][safepoint] Application time: 0.0023925 seconds
[128.354s][info][safepoint] Total time for which application threads were stopped: 0.0000817 seconds, Stopping threads took: 0.0000005 seconds
[128.354s][info][gc       ] [SPS 0.000 0.001 0.000 0.009 0.001 0.001 0.000 0.053 0.017 0.082 OldGC_pause3 128.353519 ]
[128.362s][info][safepoint] Application time: 0.0083608 seconds
[128.362s][info][safepoint] Total time for which application threads were stopped: 0.0000977 seconds, Stopping threads took: 0.0000007 seconds
[128.363s][info][gc       ] [SPS 0.000 0.003 0.003 0.009 0.001 0.001 0.000 0.063 0.024 0.098 NewGC_pause4 128.361978 ]
[128.520s][info][gc       ] [GC NTO Max 328-308 : 5120 4952 4266 5120 - - 1047 56 2 2 - : 830 3224 28 184 2178 : 1162 3 1014 1014 1 : 331 0 80 0 415 - 0 : 0.001773 3383.7 0.0 0.484342 1003.4 0.0 : 8 --c 0000 : 23 5031 0.000 0.000 0 0.000 0.000 5031 0.000 0.000 : 128.035812 128.041225 0.000136 128.347531 0.000072 128.348874 0.000050 128.361880 0.000066 : 128.520154 ]
[128.520s][info][gc       ] [SYSINFO 7577 191 89 0 7042 0 20 0 0 5745 : - - - - - - - - : 0 7168 : 2.15 1.27 1.46 : 278178 4215612 : 0 0 : 32 0 : 1547 2 0 259 : - 7673073664 333475840 1440206848 5939011584 199643136 93806592 : 140688591 5180920 145810 0 0 0 : 128.520441 ]
[128.520s][info][gc       ] [HUGEPAGESTAT 0 0 0 - 20840 0 0 : 612352 0 0 : 128.520441 ]
[128.520s][info][gc       ] [OBJCREAT 284638479 25444 15493120 : 128.520498 ]
[128.521s][info][gc       ] [HMSV All : 0 0 90 0 0 0 0 0 : 5062 0 0 0 : 128.520519 ]
[128.521s][info][gc       ] [HMSP 9 : 41100 0 : 128.520519 ]
[128.521s][info][gc       ] [VMAC 65530 166 24 430 620 : 128.521047 ]
[128.521s][info][gc       ] [GPGC-H  3119.3 653.2 0.1 0.0 : 6.6 : 0.478 0.000 : 0.734 1.626 0.864 1.882 : 3.285 0.000 1.030 2.196 1.953 0.445 : 0.000 : 99.700 : 834 3224 28 0 : 2267 : 4608 4424 : 128.521126 : 8 May_exceed_heap_occupancy_target ]
[128.524s][info][safepoint] Application time: 0.1619304 seconds
[128.524s][info][safepoint] Total time for which application threads were stopped: 0.0001330 seconds, Stopping threads took: 0.0000033 seconds
[128.525s][info][gc       ] [SPS 0.000 0.002 0.005 0.008 0.003 0.001 0.000 0.096 0.024 0.133 OldGC_pause4 128.524041 ]
[128.525s][info][gc       ] [GC Old Max 329-21 : 5120 4952 2504 5120 - - 1047 56 2 2 - : 844 1446 30 184 3258 : 1456 25 1779 1779 0 : 0 7 331 0 683 - 55 : 1.207653 591.2 0.0 0.487115 1359.0 0.0 : 4 --c 0000 : 23   -    -    -    -    -    -    -    -    -  : 128.037827 128.041225 0.000136 128.350230 0.000788 128.353437 0.000059 128.523908 0.000076 : 128.524942 ]
[128.525s][info][gc       ] [SYSINFO 7577 191 89 0 7042 0 20 0 0 5745 : - - - - - - - - : 0 7168 : 2.15 1.27 1.46 : 278178 4215612 : 0 0 : 32 0 : 1547 2 0 259 : - 7673073664 333475840 1440206848 5939011584 199643136 93806592 : 140688591 5180920 145810 0 0 0 : 128.525200 ]
[128.525s][info][gc       ] [HUGEPAGESTAT 0 0 0 - 20840 0 0 : 612352 0 0 : 128.525200 ]
[128.525s][info][gc       ] [OBJCREAT 284652355 25444 15493120 : 128.525256 ]
[128.525s][info][gc       ] [HMSV All : 0 0 90 0 0 0 0 0 : 5062 0 0 0 : 128.525274 ]
[128.525s][info][gc       ] [HMSP 9 : 41100 0 : 128.525274 ]
[128.525s][info][gc       ] [COMPSTATS 1 : 5 0 : 1 0 : 0 0 : 525 4 0 0 0 0 : 0 0 0 0 0 0 : 194 197 21 : 529 0 0 0 0 0 0 : 529 0 0 0 0 0 0 ]
[128.525s][info][gc       ] [COMPSTATS 2 : 5 0 : 1 0 : 0 0 : 133 9 0 0 0 0 : 0 0 0 0 0 0 : 62012 62071 10930 : 76 38 28 0 0 0 0 : 17 102 17 3 3 0 0 ]
[128.525s][info][gc       ] [DEOPTSTATS 1 : 1 0 : 0 0 : 0 0 : 0 0 : 0 12 : 0 0 : 0 0 : 0 0 : 0 0 : 0 0 : 0 0 : 0 0 : 0 0 : 0 0 : 0 0 : 0 0 : 0 0 : 0 0 : 0 0 : 0 0 : 0 0 : 0 0 : 0 0 : 0 0 : 0 0 : 0 0 : 0 0 : 0 0 : 0 0 : 0 0 : 6 0 : 0 0 : 0 0 : 0 0 : 0 0 : 0 0 : 0 0 : 0 0 : 0 0 : 0 0 : 0 0 : 0 0 ]
[128.525s][info][gc       ] [DEOPTSTATS 2 : 0 0 : 0 0 : 0 0 : 0 0 : 0 0 : 0 0 : 0 13 : 0 0 : 0 0 : 0 0 : 0 0 : 0 0 : 0 0 : 0 0 : 0 0 : 0 0 : 0 0 : 0 0 : 0 0 : 0 0 : 0 1 : 0 0 : 0 0 : 0 0 : 0 0 : 0 0 : 0 0 : 0 0 : 0 0 : 0 0 : 4 0 : 0 0 : 0 0 : 0 0 : 0 1 : 0 0 : 0 0 : 0 0 : 0 0 : 0 5 : 0 0 : 0 0 ]
[128.526s][info][gc       ] [VMAC 65530 166 24 430 620 : 128.525837 ]
[128.526s][info][gc       ] [CCF 0 0 0 0 36 229376: 2977792 : 380 196608 : 3 49152 : 317 311808 :  517 626176 : 118 412160 : 0 0 : 14 1146880 : 1 2048]
[128.527s][info][safepoint] Application time: 0.0030994 seconds
[128.528s][info][safepoint] Total time for which application threads were stopped: 0.0001822 seconds, Stopping threads took: 0.0000006 seconds
[128.528s][info][gc       ] [SPS 0.000 0.002 0.002 0.007 0.001 0.001 0.000 0.155 0.019 0.182 NewGC_pause1 128.527323 ]
[128.709s][info][safepoint] Application time: 0.1818666 seconds
[128.710s][info][safepoint] Total time for which application threads were stopped: 0.0000844 seconds, Stopping threads took: 0.0000005 seconds
[128.710s][info][gc       ] [SPS 0.000 0.001 0.000 0.007 0.000 0.001 0.001 0.059 0.016 0.084 NewGC_pause2 128.709274 ]
[128.711s][info][safepoint] Application time: 0.0013443 seconds
[128.711s][info][safepoint] Total time for which application threads were stopped: 0.0001358 seconds, Stopping threads took: 0.0000008 seconds
[128.711s][info][gc       ] [SPS 0.000 0.001 0.000 0.012 0.001 0.001 0.001 0.096 0.025 0.136 NewGC_pause3 128.710755 ]
[128.725s][info][safepoint] Application time: 0.0144632 seconds
[128.726s][info][safepoint] Total time for which application threads were stopped: 0.0000898 seconds, Stopping threads took: 0.0000006 seconds
[128.726s][info][gc       ] [SPS 0.000 0.004 0.007 0.009 0.001 0.001 0.001 0.057 0.021 0.090 NewGC_pause4 128.725308 ]
[128.829s][info][gc       ] [GC New Max 330-309 : 5120 4274 2696 5120 - - 1047 56 2 2 - : 720 1760 30 184 1280 : 779 3 501 501 1 : 157 0 216 0 360 - 0 : 0.005516 2900.6 0.0 0.302793 2265.6 0.0 : 8 --c 0000 : 23 0 0.000 0.000 0 0.000 0.000 0 0.000 0.000 : 128.525670 128.527141 0.000157 128.709190 0.000065 128.710619 0.000101 128.725218 0.000062 : 128.828463 ]
[128.829s][info][gc       ] [SYSINFO 7577 191 89 0 7042 0 20 0 0 5745 : - - - - - - - - : 0 7168 : 2.15 1.27 1.46 : 278178 4215612 : 0 0 : 32 0 : 1547 2 0 259 : - 7673073664 333475840 1440206848 5939011584 199643136 93806592 : 140688591 5183410 145920 0 0 0 : 128.828885 ]
[128.829s][info][gc       ] [HUGEPAGESTAT 0 0 0 - 20840 0 0 : 612352 0 0 : 128.828885 ]
[128.829s][info][gc       ] [OBJCREAT 285335110 25444 15794176 : 128.828978 ]
[128.829s][info][gc       ] [HMSV All : 0 0 90 0 0 0 0 0 : 5062 0 0 0 : 128.829013 ]
[128.829s][info][gc       ] [HMSP 9 : 41100 0 : 128.829013 ]
[128.830s][info][gc       ] [VMAC 65530 166 24 430 620 : 128.829570 ]
[128.830s][info][gc       ] [GPGC-H  3119.3 653.2 0.1 0.0 : 6.6 : 0.477 0.487 : 0.741 1.643 0.864 1.882 : 3.285 0.805 1.030 2.196 1.953 0.445 : 0.000 : 99.699 : 724 1760 30 0 : 2267 : 4608 4424 : 128.829908 : 9 Next_heuristic_check_may_be_too_late ]
[128.832s][info][safepoint] Application time: 0.1065610 seconds
[128.832s][info][safepoint] Total time for which application threads were stopped: 0.0002585 seconds, Stopping threads took: 0.0000005 seconds
[128.832s][info][gc       ] [SPS 0.000 0.003 0.004 0.008 0.001 0.001 0.000 0.229 0.020 0.259 NewGC_pause1 128.832127 ]
[128.934s][info][safepoint] Application time: 0.1017924 seconds
[128.934s][info][safepoint] Total time for which application threads were stopped: 0.0000708 seconds, Stopping threads took: 0.0000004 seconds
[128.935s][info][gc       ] [SPS 0.000 0.001 0.000 0.007 0.000 0.001 0.000 0.045 0.016 0.071 NewGC_pause2 128.933990 ]
[128.935s][info][safepoint] Application time: 0.0013462 seconds
[128.936s][info][safepoint] Total time for which application threads were stopped: 0.0000700 seconds, Stopping threads took: 0.0000005 seconds
[128.936s][info][gc       ] [SPS 0.000 0.001 0.000 0.007 0.001 0.001 0.000 0.045 0.016 0.070 NewGC_pause3 128.935407 ]
[128.939s][info][safepoint] Application time: 0.0038542 seconds
[128.940s][info][safepoint] Total time for which application threads were stopped: 0.0000936 seconds, Stopping threads took: 0.0000005 seconds
[128.940s][info][gc       ] [SPS 0.000 0.004 0.006 0.009 0.001 0.001 0.000 0.061 0.022 0.093 NewGC_pause4 128.939355 ]
[128.958s][info][gc       ] [GC New Max 331-310 : 5120 2900 2256 5120 - - 1047 56 2 2 - : 246 1796 30 184 926 : 231 4 692 692 0 : 18 1 98 0 123 - 0 : 0.001854 3235.4 0.0 0.126874 1954.7 0.0 : 8 --c 0000 : 23 0 0.000 0.000 0 0.000 0.000 0 0.000 0.000 : 128.830317 128.831869 0.000232 128.933920 0.000048 128.935337 0.000048 128.939261 0.000066 : 128.957191 ]
[128.958s][info][gc       ] [SYSINFO 7577 191 89 0 7042 0 20 0 0 5745 : - - - - - - - - : 0 7168 : 2.15 1.27 1.46 : 278178 4215612 : 0 0 : 32 0 : 1547 2 0 259 : - 7673073664 333475840 1440206848 5939011584 199643136 93806592 : 140688591 5184350 145970 0 0 0 : 128.957476 ]
[128.958s][info][gc       ] [HUGEPAGESTAT 0 0 0 - 20840 0 0 : 612352 0 0 : 128.957476 ]
[128.958s][info][gc       ] [OBJCREAT 285583846 25444 15831040 : 128.957537 ]
[128.958s][info][gc       ] [HMSV All : 0 0 90 0 0 0 0 0 : 5062 0 0 0 : 128.957559 ]
[128.958s][info][gc       ] [HMSP 9 : 41100 0 : 128.957559 ]
[128.958s][info][gc       ] [VMAC 65530 166 24 430 620 : 128.958078 ]
[129.180s][info][gc       ] [GPGC-H  3119.3 653.2 0.1 0.0 : 6.6 : 0.476 0.487 : 0.748 1.643 0.864 1.882 : 3.284 0.805 1.030 2.196 1.953 0.445 : 0.000 : 99.697 : 880 1796 30 0 : 2267 : 4608 4424 : 129.179907 : 9 Next_heuristic_check_may_be_too_late ]
[129.183s][info][safepoint] Application time: 0.2435929 seconds
[129.184s][info][safepoint] Total time for which application threads were stopped: 0.0002345 seconds, Stopping threads took: 0.0000039 seconds
[129.184s][info][gc       ] [SPS 0.000 0.003 0.005 0.008 0.004 0.001 0.000 0.194 0.028 0.235 NewGC_pause1 129.183182 ]
[129.244s][info][safepoint] Application time: 0.0603914 seconds
[129.244s][info][safepoint] Total time for which application threads were stopped: 0.0002003 seconds, Stopping threads took: 0.0000005 seconds
[129.245s][info][gc       ] [SPS 0.000 0.001 0.000 0.008 0.001 0.001 0.000 0.155 0.036 0.201 NewGC_pause2 129.243775 ]
[129.247s][info][safepoint] Application time: 0.0026004 seconds
[129.247s][info][safepoint] Total time for which application threads were stopped: 0.0001489 seconds, Stopping threads took: 0.0000005 seconds
[129.247s][info][gc       ] [SPS 0.000 0.000 0.000 0.007 0.000 0.001 0.000 0.113 0.028 0.149 NewGC_pause3 129.246524 ]
[129.250s][info][safepoint] Application time: 0.0029375 seconds
[129.250s][info][safepoint] Total time for which application threads were stopped: 0.0002442 seconds, Stopping threads took: 0.0000005 seconds
[129.250s][info][gc       ] [SPS 0.000 0.004 0.002 0.007 0.001 0.001 0.000 0.195 0.040 0.244 NewGC_pause4 129.249705 ]
[129.251s][info][gc       ] [GC New Max 332-311 : 5120 3056 2176 5120 - - 1047 56 2 2 - : 166 1796 30 184 1046 : 158 6 885 885 0 : 0 1 79 0 83 - 0 : 0.223311 2848.0 0.0 0.069729 2409.3 0.0 : 8 --c 0000 : 23 0 0.000 0.000 0 0.000 0.000 0 0.000 0.000 : 129.180502 129.182948 0.000124 129.243574 0.000122 129.246375 0.000067 129.249461 0.000150 : 129.250230 ]
[129.251s][info][gc       ] [SYSINFO 7577 191 89 0 7042 0 20 0 0 5745 : - - - - - - - - : 0 7168 : 2.15 1.27 1.46 : 278178 4215612 : 0 0 : 32 0 : 1547 2 0 259 : - 7673073664 333475840 1440206848 5939011584 199643136 93806592 : 140688591 5185080 146010 0 0 0 : 129.250486 ]
[129.251s][info][gc       ] [HUGEPAGESTAT 0 0 0 - 20840 0 0 : 612352 0 0 : 129.250486 ]
[129.251s][info][gc       ] [OBJCREAT 286380707 25444 15831040 : 129.250534 ]
[129.251s][info][gc       ] [HMSV All : 0 0 90 0 0 0 0 0 : 5062 0 0 0 : 129.250552 ]
[129.251s][info][gc       ] [HMSP 9 : 41100 0 : 129.250552 ]
[129.251s][info][gc       ] [VMAC 65530 166 24 430 620 : 129.251069 ]
[129.514s][info][gc       ] [GPGC-H  3119.3 653.2 0.1 0.0 : 6.6 : 0.475 0.487 : 0.755 1.643 0.864 1.882 : 3.280 0.805 1.030 2.196 1.953 0.445 : 0.000 : 99.441 : 820 1796 30 0 : 2267 : 4608 4424 : 129.513736 : 9 Next_heuristic_check_may_be_too_late ]
[129.517s][info][safepoint] Application time: 0.2671195 seconds
[129.518s][info][safepoint] Total time for which application threads were stopped: 0.0001877 seconds, Stopping threads took: 0.0000005 seconds
[129.518s][info][gc       ] [SPS 0.000 0.003 0.004 0.008 0.000 0.001 0.000 0.157 0.021 0.188 NewGC_pause1 129.517013 ]
[129.570s][info][safepoint] Application time: 0.0525130 seconds
[129.570s][info][safepoint] Total time for which application threads were stopped: 0.0001904 seconds, Stopping threads took: 0.0000005 seconds
[129.571s][info][gc       ] [SPS 0.001 0.001 0.000 0.007 0.001 0.001 0.000 0.157 0.025 0.191 NewGC_pause2 129.569717 ]
[129.573s][info][safepoint] Application time: 0.0027050 seconds
[129.573s][info][safepoint] Total time for which application threads were stopped: 0.0001439 seconds, Stopping threads took: 0.0000005 seconds
[129.573s][info][gc       ] [SPS 0.000 0.000 0.000 0.007 0.000 0.001 0.000 0.111 0.025 0.144 NewGC_pause3 129.572566 ]
[129.574s][info][safepoint] Application time: 0.0014129 seconds
[129.575s][info][safepoint] Total time for which application threads were stopped: 0.0001656 seconds, Stopping threads took: 0.0000005 seconds
[129.575s][info][gc       ] [SPS 0.000 0.014 0.003 0.007 0.001 0.001 0.000 0.130 0.027 0.166 NewGC_pause4 129.574144 ]
[129.576s][info][gc       ] [VMAC 65530 166 24 430 620 : 129.575516 ]
[129.575s][info][gc       ] [GC New Max 333-312 : 5120 2986 2168 5120 - - 1047 56 2 2 - : 158 1796 30 184 976 : 152 4 823 823 0 : 0 1 76 0 79 - 0 : 0.264084 2484.1 0.0 0.060335 2618.7 0.0 : 8 --c 0000 : 23 0 0.000 0.000 0 0.000 0.000 0 0.000 0.000 : 129.514315 129.516825 0.000156 129.569526 0.000124 129.572421 0.000068 129.573978 0.000067 : 129.574649 ]
[129.575s][info][gc       ] [SYSINFO 7577 191 89 0 7042 0 20 0 0 5745 : - - - - - - - - : 0 7168 : 2.06 1.26 1.46 : 278178 4215612 : 0 0 : 32 0 : 1547 2 0 259 : - 7673073664 333475840 1440206848 5939011584 199643136 93806592 : 140688591 5185730 146050 0 0 0 : 129.574911 ]
[129.575s][info][gc       ] [HUGEPAGESTAT 0 0 0 - 20840 0 0 : 612352 0 0 : 129.574911 ]
[129.575s][info][gc       ] [OBJCREAT 287185109 25444 15831040 : 129.574987 ]
[129.575s][info][gc       ] [HMSV All : 0 0 90 0 0 0 0 0 : 5062 0 0 0 : 129.575004 ]
[129.575s][info][gc       ] [HMSP 9 : 41100 0 : 129.575004 ]
[129.799s][info][gc       ] [GPGC-H  3119.3 653.2 0.1 0.0 : 6.6 : 0.473 0.487 : 0.762 1.643 0.864 1.882 : 3.273 0.805 1.030 2.196 1.953 0.445 : 0.000 : 99.138 : 784 1796 30 0 : 2267 : 4608 4424 : 129.799110 : 9 Next_heuristic_check_may_be_too_late ]
[129.802s][info][safepoint] Application time: 0.2278416 seconds
[129.803s][info][safepoint] Total time for which application threads were stopped: 0.0003748 seconds, Stopping threads took: 0.0000005 seconds
[129.803s][info][gc       ] [SPS 0.000 0.003 0.003 0.008 0.001 0.001 0.000 0.331 0.034 0.375 NewGC_pause1 129.802361 ]
[129.850s][info][safepoint] Application time: 0.0477392 seconds
[129.851s][info][safepoint] Total time for which application threads were stopped: 0.0001350 seconds, Stopping threads took: 0.0000005 seconds
[129.851s][info][gc       ] [SPS 0.000 0.001 0.000 0.008 0.000 0.001 0.000 0.107 0.019 0.135 NewGC_pause2 129.850235 ]
[129.853s][info][safepoint] Application time: 0.0022662 seconds
[129.853s][info][safepoint] Total time for which application threads were stopped: 0.0002013 seconds, Stopping threads took: 0.0000005 seconds
[129.853s][info][gc       ] [SPS 0.000 0.000 0.000 0.008 0.001 0.001 0.000 0.165 0.026 0.201 NewGC_pause3 129.852703 ]
[129.854s][info][safepoint] Application time: 0.0015420 seconds
[129.855s][info][safepoint] Total time for which application threads were stopped: 0.0001340 seconds, Stopping threads took: 0.0000005 seconds
[129.855s][info][gc       ] [SPS 0.000 0.002 0.002 0.007 0.000 0.001 0.000 0.109 0.017 0.134 NewGC_pause4 129.854379 ]
[129.855s][info][gc       ] [GC New Max 334-313 : 5120 2908 2124 5120 - - 1047 56 2 2 - : 114 1796 30 184 898 : 110 4 788 788 0 : 0 1 55 0 57 - 0 : 0.225001 2791.1 0.0 0.055442 2092.3 0.0 : 8 --c 0000 : 23 0 0.000 0.000 0 0.000 0.000 0 0.000 0.000 : 129.799650 129.801986 0.000296 129.850100 0.000110 129.852501 0.000172 129.854245 0.000114 : 129.855092 ]
[129.855s][info][gc       ] [SYSINFO 7577 191 89 0 7042 0 20 0 0 5745 : - - - - - - - - : 0 7168 : 2.06 1.26 1.46 : 278178 4215612 : 0 0 : 32 0 : 1547 2 0 259 : - 7673073664 333475840 1440206848 5939011584 199643136 93806592 : 140688591 5186330 146100 0 0 0 : 129.855359 ]
[129.855s][info][gc       ] [HUGEPAGESTAT 0 0 0 - 20840 0 0 : 612352 0 0 : 129.855359 ]
[129.855s][info][gc       ] [OBJCREAT 287922869 25444 15831040 : 129.855407 ]
[129.855s][info][gc       ] [HMSV All : 0 0 90 0 0 0 0 0 : 5062 0 0 0 : 129.855425 ]
[129.855s][info][gc       ] [HMSP 9 : 41100 0 : 129.855425 ]
[129.856s][info][gc       ] [VMAC 65530 166 24 430 620 : 129.856048 ]
[130.078s][info][gc       ] [GPGC-H  3119.3 653.2 0.1 0.0 : 6.6 : 0.472 0.487 : 0.770 1.643 0.864 1.882 : 3.265 0.805 1.030 2.196 1.953 0.445 : 0.000 : 98.882 : 776 1796 30 0 : 2267 : 4608 4424 : 130.078177 : 9 Next_heuristic_check_may_be_too_late ]
[130.081s][info][safepoint] Application time: 0.2266779 seconds
[130.082s][info][safepoint] Total time for which application threads were stopped: 0.0003775 seconds, Stopping threads took: 0.0000005 seconds
[130.082s][info][gc       ] [SPS 0.000 0.004 0.003 0.008 0.001 0.001 0.000 0.343 0.026 0.378 NewGC_pause1 130.081435 ]
[130.132s][info][safepoint] Application time: 0.0499159 seconds
[130.132s][info][safepoint] Total time for which application threads were stopped: 0.0001891 seconds, Stopping threads took: 0.0000005 seconds
[130.133s][info][gc       ] [SPS 0.000 0.001 0.000 0.007 0.000 0.001 0.000 0.156 0.025 0.190 NewGC_pause2 130.131541 ]
[130.134s][info][safepoint] Application time: 0.0019104 seconds
[130.134s][info][safepoint] Total time for which application threads were stopped: 0.0001401 seconds, Stopping threads took: 0.0000005 seconds
[130.134s][info][gc       ] [SPS 0.000 0.000 0.000 0.007 0.000 0.001 0.000 0.101 0.031 0.140 NewGC_pause3 130.133591 ]
[130.135s][info][safepoint] Application time: 0.0014741 seconds
[130.136s][info][safepoint] Total time for which application threads were stopped: 0.0002175 seconds, Stopping threads took: 0.0000005 seconds
[130.136s][info][gc       ] [SPS 0.000 0.003 0.002 0.009 0.001 0.001 0.000 0.166 0.041 0.218 NewGC_pause4 130.135282 ]
[130.136s][info][gc       ] [GC New Max 335-314 : 5120 2938 2162 5120 - - 1047 56 2 2 - : 152 1796 30 184 928 : 146 4 781 781 0 : 0 1 73 0 76 - 0 : 0.223697 2959.4 0.0 0.057272 2723.9 0.0 : 8 --c 0000 : 23 0 0.000 0.000 0 0.000 0.000 0 0.000 0.000 : 130.078789 130.081057 0.000297 130.131351 0.000119 130.133451 0.000051 130.135065 0.000126 : 130.136060 ]
[130.136s][info][gc       ] [SYSINFO 7577 191 89 0 7042 0 20 0 0 5745 : - - - - - - - - : 0 7168 : 2.06 1.26 1.46 : 278178 4215612 : 0 0 : 32 0 : 1547 2 0 259 : - 7673073664 333475840 1440206848 5939011584 199643136 93806592 : 140688591 5186940 146130 0 0 0 : 130.136324 ]
[130.136s][info][gc       ] [HUGEPAGESTAT 0 0 0 - 20840 0 0 : 612352 0 0 : 130.136324 ]
[130.136s][info][gc       ] [OBJCREAT 288730935 25444 15831040 : 130.136376 ]
[130.136s][info][gc       ] [HMSV All : 0 0 90 0 0 0 0 0 : 5062 0 0 0 : 130.136395 ]
[130.136s][info][gc       ] [HMSP 9 : 41100 0 : 130.136395 ]
[130.137s][info][gc       ] [VMAC 65530 166 24 430 620 : 130.136946 ]
[130.379s][info][gc       ] [GPGC-H  3103.1 653.2 0.1 0.0 : 6.6 : 0.471 0.487 : 0.777 1.643 0.864 1.882 : 3.256 0.805 1.030 2.196 1.953 0.445 : 0.000 : 98.627 : 784 1796 30 0 : 2267 : 4608 4424 : 130.379206 : 9 Next_heuristic_check_may_be_too_late ]
[130.382s][info][safepoint] Application time: 0.2468784 seconds
[130.383s][info][safepoint] Total time for which application threads were stopped: 0.0001798 seconds, Stopping threads took: 0.0000008 seconds
[130.383s][info][gc       ] [SPS 0.000 0.004 0.007 0.012 0.001 0.002 0.001 0.144 0.021 0.180 NewGC_pause1 130.382341 ]
[130.429s][info][safepoint] Application time: 0.0469058 seconds
[130.430s][info][safepoint] Total time for which application threads were stopped: 0.0001305 seconds, Stopping threads took: 0.0000006 seconds
[130.430s][info][gc       ] [SPS 0.000 0.001 0.000 0.008 0.001 0.001 0.001 0.102 0.018 0.130 NewGC_pause2 130.429377 ]
[130.432s][info][safepoint] Application time: 0.0023146 seconds
[130.432s][info][safepoint] Total time for which application threads were stopped: 0.0002031 seconds, Stopping threads took: 0.0000005 seconds
[130.433s][info][gc       ] [SPS 0.000 0.001 0.000 0.008 0.001 0.001 0.000 0.157 0.037 0.203 NewGC_pause3 130.431895 ]
[130.433s][info][safepoint] Application time: 0.0014370 seconds
[130.434s][info][safepoint] Total time for which application threads were stopped: 0.0001627 seconds, Stopping threads took: 0.0000005 seconds
[130.434s][info][gc       ] [SPS 0.000 0.003 0.002 0.007 0.000 0.001 0.000 0.116 0.038 0.163 NewGC_pause4 130.433495 ]
[130.434s][info][gc       ] [GC New Max 336-315 : 5120 2900 2114 5120 - - 1047 56 2 2 - : 104 1796 30 184 890 : 100 4 788 788 0 : 0 1 50 0 52 - 0 : 0.243710 2601.4 0.0 0.054155 1957.3 0.0 : 8 --c 0000 : 23 0 0.000 0.000 0 0.000 0.000 0 0.000 0.000 : 130.379770 130.382161 0.000151 130.429247 0.000106 130.431692 0.000056 130.433332 0.000076 : 130.433926 ]
[130.434s][info][gc       ] [SYSINFO 7577 191 89 0 7042 0 20 0 0 5745 : - - - - - - - - : 0 7168 : 2.06 1.26 1.46 : 278178 4215612 : 0 0 : 32 0 : 1547 3 0 259 : - 7673073664 333475840 1440206848 5939011584 199643136 93806592 : 140688591 5187590 146180 0 0 0 : 130.434288 ]
[130.434s][info][gc       ] [HUGEPAGESTAT 0 0 0 - 20840 0 0 : 612352 0 0 : 130.434288 ]
[130.434s][info][gc       ] [OBJCREAT 289464492 25444 15831040 : 130.434348 ]
[130.434s][info][gc       ] [HMSV All : 0 0 90 0 0 0 0 0 : 5062 0 0 0 : 130.434367 ]
[130.434s][info][gc       ] [HMSP 9 : 41100 0 : 130.434367 ]
[130.435s][info][gc       ] [VMAC 65530 166 24 430 620 : 130.434974 ]
[130.677s][info][gc       ] [GPGC-H  3103.1 642.0 0.1 0.0 : 6.4 : 0.469 0.487 : 0.784 1.643 0.864 1.882 : 3.246 0.805 1.030 2.196 1.953 0.445 : 0.000 : 98.351 : 742 1796 30 0 : 2267 : 4608 4424 : 130.677464 : 9 Next_heuristic_check_may_be_too_late ]
[130.680s][info][safepoint] Application time: 0.2462811 seconds
[130.681s][info][safepoint] Total time for which application threads were stopped: 0.0002601 seconds, Stopping threads took: 0.0000005 seconds
[130.681s][info][gc       ] [SPS 0.000 0.003 0.003 0.008 0.001 0.001 0.000 0.232 0.018 0.260 NewGC_pause1 130.680036 ]
[130.730s][info][safepoint] Application time: 0.0494437 seconds
[130.730s][info][safepoint] Total time for which application threads were stopped: 0.0000801 seconds, Stopping threads took: 0.0000005 seconds
[130.730s][info][gc       ] [SPS 0.000 0.001 0.000 0.008 0.000 0.001 0.001 0.043 0.027 0.080 NewGC_pause2 130.729560 ]
[130.731s][info][safepoint] Application time: 0.0016934 seconds
[130.732s][info][safepoint] Total time for which application threads were stopped: 0.0000770 seconds, Stopping threads took: 0.0000005 seconds
[130.732s][info][gc       ] [SPS 0.000 0.001 0.000 0.008 0.000 0.001 0.000 0.045 0.023 0.077 NewGC_pause3 130.731331 ]
[130.733s][info][safepoint] Application time: 0.0012212 seconds
[130.733s][info][safepoint] Total time for which application threads were stopped: 0.0000839 seconds, Stopping threads took: 0.0000005 seconds
[130.733s][info][gc       ] [SPS 0.000 0.003 0.002 0.007 0.000 0.001 0.000 0.053 0.022 0.084 NewGC_pause4 130.732636 ]
[130.733s][info][gc       ] [GC New Max 337-316 : 5120 2894 2156 5120 - - 1047 56 2 2 - : 144 1796 32 184 882 : 140 4 743 743 0 : 0 1 70 0 72 - 0 : 0.243808 2616.8 0.0 0.055349 2601.7 36.1 : 8 --c 0000 : 23 0 0.000 0.000 0 0.000 0.000 0 0.000 0.000 : 130.677734 130.679776 0.000236 130.729480 0.000047 130.731254 0.000048 130.732552 0.000055 : 130.733082 ]
[130.733s][info][gc       ] [SYSINFO 7577 191 89 0 7042 0 20 0 0 5745 : - - - - - - - - : 0 7168 : 2.06 1.26 1.46 : 278178 4215612 : 0 0 : 32 0 : 1547 4 0 259 : - 7673073664 333475840 1440206848 5939011584 199643136 93806592 : 140688591 5188210 146220 0 0 0 : 130.733354 ]
[130.733s][info][gc       ] [HUGEPAGESTAT 0 0 0 - 20840 0 0 : 612352 0 0 : 130.733354 ]
[130.733s][info][gc       ] [OBJCREAT 290237527 25444 15831040 : 130.733403 ]
[130.733s][info][gc       ] [HMSV All : 0 0 90 0 0 0 0 0 : 5062 0 0 0 : 130.733420 ]
[130.733s][info][gc       ] [HMSP 9 : 41100 0 : 130.733420 ]
[130.734s][info][gc       ] [VMAC 65530 166 24 430 620 : 130.733937 ]
[130.996s][info][gc       ] [GPGC-H  3103.1 642.0 0.1 0.0 : 6.4 : 0.468 0.487 : 0.791 1.643 0.864 1.882 : 3.236 0.805 1.030 2.196 1.953 0.445 : 0.000 : 98.076 : 782 1796 32 0 : 2267 : 4608 4424 : 130.996194 : 9 Next_heuristic_check_may_be_too_late ]
[131.000s][info][safepoint] Application time: 0.2670493 seconds
[131.001s][info][safepoint] Total time for which application threads were stopped: 0.0004239 seconds, Stopping threads took: 0.0000009 seconds
[131.001s][info][gc       ] [SPS 0.000 0.004 0.004 0.042 0.001 0.001 0.001 0.335 0.044 0.424 NewGC_pause1 131.000110 ]
[131.050s][info][safepoint] Application time: 0.0498263 seconds
[131.051s][info][safepoint] Total time for which application threads were stopped: 0.0000837 seconds, Stopping threads took: 0.0000005 seconds
[131.051s][info][gc       ] [SPS 0.000 0.001 0.000 0.007 0.001 0.001 0.000 0.055 0.019 0.084 NewGC_pause2 131.050019 ]
[131.052s][info][safepoint] Application time: 0.0022412 seconds
[131.053s][info][safepoint] Total time for which application threads were stopped: 0.0000786 seconds, Stopping threads took: 0.0000005 seconds
[131.053s][info][gc       ] [SPS 0.000 0.001 0.000 0.008 0.001 0.001 0.000 0.046 0.023 0.079 NewGC_pause3 131.052339 ]
[131.054s][info][safepoint] Application time: 0.0013324 seconds
[131.054s][info][safepoint] Total time for which application threads were stopped: 0.0000747 seconds, Stopping threads took: 0.0000005 seconds
[131.054s][info][gc       ] [SPS 0.000 0.002 0.002 0.007 0.001 0.001 0.000 0.050 0.016 0.075 NewGC_pause4 131.053746 ]
[131.055s][info][gc       ] [GC New Max 338-317 : 5120 2892 2110 5120 - - 1047 56 2 2 - : 98 1796 32 184 880 : 94 4 787 787 0 : 0 1 47 0 49 - 0 : 0.263896 2425.2 0.0 0.057283 1745.7 0.0 : 8 --c 0000 : 23 0 0.000 0.000 0 0.000 0.000 0 0.000 0.000 : 130.996978 130.999686 0.000313 131.049936 0.000059 131.052261 0.000050 131.053672 0.000054 : 131.054261 ]
[131.055s][info][gc       ] [SYSINFO 7577 191 89 0 7042 0 20 0 0 5745 : - - - - - - - - : 0 7168 : 2.06 1.26 1.46 : 278178 4215612 : 0 0 : 32 0 : 1547 2 0 259 : - 7673073664 333475840 1440206848 5939011584 199643136 93806592 : 140688591 5188860 146250 0 0 0 : 131.054560 ]
[131.055s][info][gc       ] [HUGEPAGESTAT 0 0 0 - 20840 0 0 : 612352 0 0 : 131.054560 ]
[131.055s][info][gc       ] [OBJCREAT 290970213 25444 15831040 : 131.054618 ]
[131.055s][info][gc       ] [HMSV All : 0 0 90 0 0 0 0 0 : 5062 0 0 0 : 131.054635 ]
[131.055s][info][gc       ] [HMSP 9 : 41100 0 : 131.054635 ]
[131.055s][info][gc       ] [VMAC 65530 166 24 430 620 : 131.055197 ]
[131.297s][info][gc       ] [GPGC-H  3103.1 642.0 0.1 0.0 : 6.4 : 0.466 0.487 : 0.798 1.643 0.864 1.882 : 3.225 0.805 1.030 2.196 1.953 0.445 : 0.000 : 97.778 : 756 1796 32 0 : 2267 : 4608 4424 : 131.296992 : 9 Next_heuristic_check_may_be_too_late ]
[131.301s][info][safepoint] Application time: 0.2465246 seconds
[131.301s][info][safepoint] Total time for which application threads were stopped: 0.0002444 seconds, Stopping threads took: 0.0000005 seconds
[131.301s][info][gc       ] [SPS 0.000 0.003 0.003 0.008 0.001 0.001 0.000 0.209 0.026 0.244 NewGC_pause1 131.300516 ]
[131.351s][info][safepoint] Application time: 0.0501982 seconds
[131.352s][info][safepoint] Total time for which application threads were stopped: 0.0002403 seconds, Stopping threads took: 0.0000006 seconds
[131.352s][info][gc       ] [SPS 0.000 0.001 0.000 0.009 0.001 0.001 0.001 0.191 0.038 0.241 NewGC_pause2 131.350955 ]
[131.354s][info][safepoint] Application time: 0.0025162 seconds
[131.354s][info][safepoint] Total time for which application threads were stopped: 0.0001456 seconds, Stopping threads took: 0.0000005 seconds
[131.355s][info][gc       ] [SPS 0.000 0.000 0.000 0.007 0.000 0.001 0.000 0.113 0.026 0.148 NewGC_pause3 131.353619 ]
[131.355s][info][safepoint] Application time: 0.0014466 seconds
[131.356s][info][safepoint] Total time for which application threads were stopped: 0.0001824 seconds, Stopping threads took: 0.0000005 seconds
[131.356s][info][gc       ] [SPSH lock suspend gclocker notify wait resuspend cleanup op_time wakeup total(ms) op_name end(s) ]
[131.356s][info][gc       ] [SPS 0.000 0.003 0.002 0.007 0.001 0.001 0.000 0.148 0.026 0.183 NewGC_pause4 131.355248 ]
[131.356s][info][gc       ] [GC New Max 339-318 : 5120 2890 2132 5120 - - 1047 56 2 2 - : 120 1796 32 184 878 : 116 4 762 762 0 : 0 1 58 0 60 - 0 : 0.243469 2710.8 0.0 0.057913 2141.1 0.0 : 8 --c 0000 : 23 0 0.000 0.000 0 0.000 0.000 0 0.000 0.000 : 131.297730 131.300271 0.000166 131.350714 0.000110 131.353471 0.000071 131.355065 0.000117 : 131.355643 ]
[131.356s][info][gc       ] [SYSINFO 7577 191 89 0 7042 0 20 0 0 5745 : - - - - - - - - : 0 7168 : 2.06 1.26 1.46 : 278178 4215612 : 0 0 : 32 0 : 1547 2 0 259 : - 7673073664 333475840 1440206848 5939011584 199643136 93806592 : 140688591 5189460 146270 0 0 0 : 131.355879 ]
[131.356s][info][gc       ] [HUGEPAGESTAT 0 0 0 - 20840 0 0 : 612352 0 0 : 131.355879 ]
[131.356s][info][gc       ] [OBJCREAT 291745799 25444 15831040 : 131.355928 ]
[131.356s][info][gc       ] [HMSV All : 0 0 90 0 0 0 0 0 : 5062 0 0 0 : 131.355945 ]
[131.356s][info][gc       ] [HMSP 9 : 41100 0 : 131.355945 ]
[131.357s][info][gc       ] [VMAC 65530 166 24 430 620 : 131.356556 ]
[131.600s][info][gc       ] [GPGC-H  3103.1 642.0 0.1 0.0 : 6.4 : 0.465 0.487 : 0.805 1.643 0.864 1.882 : 3.214 0.805 1.030 2.196 1.953 0.445 : 0.000 : 97.505 : 786 1796 32 0 : 2267 : 4608 4424 : 131.599758 : 9 Next_heuristic_check_may_be_too_late ]
[131.603s][info][safepoint] Application time: 0.2471678 seconds
[131.603s][info][safepoint] Total time for which application threads were stopped: 0.0003381 seconds, Stopping threads took: 0.0000005 seconds
[131.604s][info][gc       ] [SPS 0.000 0.003 0.003 0.008 0.001 0.001 0.000 0.300 0.028 0.338 NewGC_pause1 131.602754 ]
[131.653s][info][safepoint] Application time: 0.0505099 seconds
[131.654s][info][safepoint] Total time for which application threads were stopped: 0.0002132 seconds, Stopping threads took: 0.0000007 seconds
[131.655s][info][gc       ] [SPS 0.000 0.001 0.000 0.011 0.001 0.001 0.001 0.177 0.023 0.213 NewGC_pause2 131.653477 ]
[131.656s][info][safepoint] Application time: 0.0025760 seconds
[131.657s][info][safepoint] Total time for which application threads were stopped: 0.0001618 seconds, Stopping threads took: 0.0000005 seconds
[131.657s][info][gc       ] [SPS 0.000 0.000 0.000 0.007 0.000 0.001 0.000 0.128 0.025 0.162 NewGC_pause3 131.656215 ]
[131.658s][info][safepoint] Application time: 0.0017145 seconds
[131.658s][info][safepoint] Total time for which application threads were stopped: 0.0002275 seconds, Stopping threads took: 0.0000005 seconds
[131.659s][info][gc       ] [SPS 0.000 0.003 0.002 0.007 0.000 0.001 0.000 0.193 0.026 0.228 NewGC_pause4 131.658157 ]
[131.659s][info][gc       ] [GC New Max 340-319 : 5120 2936 2152 5120 - - 1047 56 2 2 - : 140 1796 32 184 924 : 134 4 789 789 0 : 0 1 67 0 70 - 0 : 0.244519 2723.7 0.0 0.058546 2425.4 0.0 : 8 --c 0000 : 23 0 0.000 0.000 0 0.000 0.000 0 0.000 0.000 : 131.600162 131.602416 0.000262 131.653264 0.000135 131.656053 0.000085 131.657929 0.000151 : 131.658708 ]
[131.659s][info][gc       ] [SYSINFO 7577 191 89 0 7042 0 20 0 0 5745 : - - - - - - - - : 0 7168 : 2.06 1.26 1.46 : 278178 4215612 : 0 0 : 32 0 : 1547 2 0 259 : - 7673073664 333475840 1440206848 5939011584 199643136 93806592 : 140688591 5190120 146280 0 0 0 : 131.659283 ]
[131.659s][info][gc       ] [HUGEPAGESTAT 0 0 0 - 20840 0 0 : 612352 0 0 : 131.659283 ]
[131.659s][info][gc       ] [OBJCREAT 292546458 25444 15831040 : 131.659390 ]
[131.659s][info][gc       ] [HMSV All : 0 0 90 0 0 0 0 0 : 5062 0 0 0 : 131.659414 ]
[131.659s][info][gc       ] [HMSP 9 : 41100 0 : 131.659414 ]
[131.660s][info][gc       ] [VMAC 65530 166 24 430 620 : 131.660143 ]
[131.903s][info][gc       ] [GPGC-H  3103.1 642.0 0.1 0.0 : 6.4 : 0.463 0.487 : 0.812 1.643 0.864 1.882 : 3.204 0.805 1.030 2.196 1.953 0.445 : 0.000 : 97.232 : 814 1796 32 0 : 2267 : 4608 4424 : 131.902569 : 9 Next_heuristic_check_may_be_too_late ]
[131.906s][info][safepoint] Application time: 0.2474001 seconds
[131.907s][info][safepoint] Total time for which application threads were stopped: 0.0002332 seconds, Stopping threads took: 0.0000006 seconds
[131.907s][info][gc       ] [SPS 0.000 0.004 0.027 0.008 0.001 0.001 0.000 0.198 0.025 0.233 NewGC_pause1 131.905791 ]
[131.955s][info][safepoint] Application time: 0.0487780 seconds
[131.956s][info][safepoint] Total time for which application threads were stopped: 0.0002513 seconds, Stopping threads took: 0.0000005 seconds
[131.956s][info][gc       ] [SPS 0.000 0.001 0.000 0.009 0.001 0.001 0.000 0.173 0.061 0.244 NewGC_pause2 131.954826 ]
[131.958s][info][safepoint] Application time: 0.0027829 seconds
[131.958s][info][safepoint] Total time for which application threads were stopped: 0.0001565 seconds, Stopping threads took: 0.0000005 seconds
[131.958s][info][gc       ] [SPS 0.000 0.000 0.000 0.007 0.000 0.001 0.000 0.123 0.024 0.157 NewGC_pause3 131.957765 ]
[131.959s][info][safepoint] Application time: 0.0015265 seconds
[131.960s][info][safepoint] Total time for which application threads were stopped: 0.0001185 seconds, Stopping threads took: 0.0000005 seconds
[131.960s][info][gc       ] [SPS 0.000 0.003 0.002 0.007 0.001 0.001 0.000 0.073 0.037 0.119 NewGC_pause4 131.959411 ]
[131.961s][info][gc       ] [GC New Max 341-320 : 5120 2964 2148 5120 - - 1047 56 2 2 - : 136 1796 32 184 952 : 132 4 819 819 0 : 0 1 66 0 68 - 0 : 0.244365 2758.2 0.0 0.057079 2452.8 0.0 : 8 --c 0000 : 23 0 0.000 0.000 0 0.000 0.000 0 0.000 0.000 : 131.903073 131.905557 0.000119 131.954582 0.000142 131.957609 0.000081 131.959292 0.000068 : 131.960152 ]
[131.961s][info][gc       ] [SYSINFO 7577 191 89 0 7042 0 20 0 0 5745 : - - - - - - - - : 0 7168 : 2.06 1.26 1.46 : 278178 4215612 : 0 0 : 32 0 : 1547 2 0 259 : - 7673073664 333475840 1440206848 5939011584 199643136 93806592 : 140688591 5190790 146290 0 0 0 : 131.960515 ]
[131.961s][info][gc       ] [HUGEPAGESTAT 0 0 0 - 20840 0 0 : 612352 0 0 : 131.960515 ]
[131.961s][info][gc       ] [OBJCREAT 293354250 25444 15831040 : 131.960578 ]
[131.961s][info][gc       ] [HMSV All : 0 0 90 0 0 0 0 0 : 5062 0 0 0 : 131.960595 ]
[131.961s][info][gc       ] [HMSP 9 : 41100 0 : 131.960595 ]
[131.961s][info][gc       ] [VMAC 65530 166 24 430 620 : 131.961222 ]
[132.184s][info][gc       ] [GPGC-H  3103.1 642.0 0.1 0.0 : 6.4 : 0.462 0.487 : 0.819 1.643 0.864 1.882 : 3.194 0.805 1.030 2.196 1.953 0.445 : 0.000 : 96.960 : 780 1796 32 0 : 2267 : 4608 4424 : 132.183884 : 9 Next_heuristic_check_may_be_too_late ]
[132.187s][info][safepoint] Application time: 0.2272390 seconds
[132.188s][info][safepoint] Total time for which application threads were stopped: 0.0003923 seconds, Stopping threads took: 0.0000005 seconds
[132.188s][info][gc       ] [SPS 0.000 0.003 0.005 0.007 0.000 0.001 0.000 0.353 0.030 0.392 NewGC_pause1 132.187042 ]
[132.236s][info][safepoint] Application time: 0.0492355 seconds
[132.237s][info][safepoint] Total time for which application threads were stopped: 0.0001965 seconds, Stopping threads took: 0.0000006 seconds
[132.237s][info][gc       ] [SPS 0.000 0.002 0.000 0.008 0.001 0.001 0.000 0.157 0.029 0.197 NewGC_pause2 132.236475 ]
[132.239s][info][safepoint] Application time: 0.0020373 seconds
[132.239s][info][safepoint] Total time for which application threads were stopped: 0.0001684 seconds, Stopping threads took: 0.0000005 seconds
[132.239s][info][gc       ] [SPS 0.000 0.001 0.000 0.008 0.001 0.001 0.000 0.135 0.025 0.168 NewGC_pause3 132.238680 ]
[132.240s][info][safepoint] Application time: 0.0015075 seconds
[132.241s][info][safepoint] Total time for which application threads were stopped: 0.0001840 seconds, Stopping threads took: 0.0000005 seconds
[132.241s][info][gc       ] [SPS 0.000 0.003 0.002 0.007 0.001 0.001 0.000 0.152 0.024 0.184 NewGC_pause4 132.240372 ]
[132.241s][info][gc       ] [GC New Max 342-321 : 5120 2918 2138 5120 - - 1047 56 2 2 - : 126 1796 32 184 906 : 120 4 785 785 0 : 0 1 60 0 63 - 0 : 0.224316 2879.9 0.0 0.056442 2267.8 0.0 : 8 --c 0000 : 23 0 0.000 0.000 0 0.000 0.000 0 0.000 0.000 : 132.184467 132.186650 0.000300 132.236278 0.000080 132.238512 0.000088 132.240188 0.000105 : 132.240909 ]
[132.241s][info][gc       ] [SYSINFO 7577 191 89 0 7042 0 20 0 0 5745 : - - - - - - - - : 0 7168 : 2.06 1.26 1.46 : 278178 4215628 : 0 0 : 32 0 : 1547 2 0 259 : - 7673073664 333475840 1440206848 5939011584 199643136 93806592 : 140688591 5191450 146320 0 0 0 : 132.241161 ]
[132.241s][info][gc       ] [HUGEPAGESTAT 0 0 0 - 20840 0 0 : 612352 0 0 : 132.241161 ]
[132.241s][info][gc       ] [OBJCREAT 294119170 25444 15831040 : 132.241223 ]
[132.241s][info][gc       ] [HMSV All : 0 0 90 0 0 0 0 0 : 5062 0 0 0 : 132.241242 ]
[132.241s][info][gc       ] [HMSP 9 : 41100 0 : 132.241242 ]
[132.242s][info][gc       ] [VMAC 65530 166 24 430 620 : 132.241841 ]
[132.485s][info][gc       ] [GPGC-H  3089.4 642.0 0.1 0.0 : 6.4 : 0.461 0.487 : 0.826 1.643 0.864 1.882 : 3.185 0.805 1.030 2.196 1.953 0.445 : 0.000 : 96.711 : 788 1796 32 0 : 2267 : 4608 4424 : 132.484799 : 9 Next_heuristic_check_may_be_too_late ]
[132.489s][info][safepoint] Application time: 0.2475693 seconds
[132.489s][info][safepoint] Total time for which application threads were stopped: 0.0008578 seconds, Stopping threads took: 0.0000005 seconds
[132.490s][info][gc       ] [SPS 0.000 0.004 0.003 0.009 0.001 0.001 0.001 0.827 0.020 0.858 NewGC_pause1 132.488799 ]
[132.540s][info][safepoint] Application time: 0.0509617 seconds
[132.541s][info][safepoint] Total time for which application threads were stopped: 0.0002406 seconds, Stopping threads took: 0.0000005 seconds
[132.541s][info][gc       ] [SPS 0.000 0.001 0.000 0.007 0.000 0.001 0.000 0.196 0.036 0.241 NewGC_pause2 132.540002 ]
[132.543s][info][safepoint] Application time: 0.0024109 seconds
[132.543s][info][safepoint] Total time for which application threads were stopped: 0.0001523 seconds, Stopping threads took: 0.0000005 seconds
[132.543s][info][gc       ] [SPS 0.000 0.000 0.000 0.007 0.001 0.001 0.000 0.116 0.028 0.152 NewGC_pause3 132.542565 ]
[132.544s][info][safepoint] Application time: 0.0013469 seconds
[132.544s][info][safepoint] Total time for which application threads were stopped: 0.0001763 seconds, Stopping threads took: 0.0000005 seconds
[132.545s][info][gc       ] [SPS 0.000 0.003 0.002 0.007 0.000 0.001 0.000 0.143 0.025 0.176 NewGC_pause4 132.544088 ]
[132.545s][info][gc       ] [GC New Max 343-322 : 5120 2960 2172 5120 - - 1047 56 2 2 - : 158 1796 32 184 948 : 154 4 792 792 0 : 0 1 77 0 80 - 0 : 0.244292 2709.9 0.0 0.059320 2731.0 0.0 : 8 --c 0000 : 23 0 0.000 0.000 0 0.000 0.000 0 0.000 0.000 : 132.485201 132.487942 0.000829 132.539761 0.000163 132.542413 0.000079 132.543912 0.000110 : 132.544521 ]
[132.545s][info][gc       ] [SYSINFO 7577 191 89 0 7042 0 20 0 0 5745 : - - - - - - - - : 0 7168 : 2.06 1.26 1.46 : 278178 4215628 : 0 0 : 32 0 : 1547 2 0 259 : - 7673073664 333475840 1440206848 5939011584 199643136 93806592 : 140688591 5192110 146350 0 0 0 : 132.544794 ]
[132.545s][info][gc       ] [HUGEPAGESTAT 0 0 0 - 20840 0 0 : 612352 0 0 : 132.544794 ]
[132.545s][info][gc       ] [OBJCREAT 294936063 25444 15831040 : 132.544844 ]
[132.545s][info][gc       ] [HMSV All : 0 0 90 0 0 0 0 0 : 5062 0 0 0 : 132.544860 ]
[132.545s][info][gc       ] [HMSP 9 : 41100 0 : 132.544860 ]
[132.545s][info][gc       ] [VMAC 65530 166 24 430 620 : 132.545429 ]
[132.788s][info][gc       ] [GPGC-H  3089.4 627.2 0.1 0.0 : 6.3 : 0.459 0.487 : 0.833 1.643 0.864 1.882 : 3.175 0.805 1.030 2.196 1.953 0.445 : 0.000 : 96.441 : 828 1796 32 0 : 2267 : 4608 4424 : 132.788040 : 9 Next_heuristic_check_may_be_too_late ]
[132.792s][info][safepoint] Application time: 0.2477209 seconds
[132.793s][info][safepoint] Total time for which application threads were stopped: 0.0002288 seconds, Stopping threads took: 0.0000006 seconds
[132.793s][info][gc       ] [SPS 0.000 0.003 0.003 0.008 0.001 0.001 0.000 0.190 0.029 0.229 NewGC_pause1 132.792038 ]
[132.844s][info][safepoint] Application time: 0.0514135 seconds
[132.844s][info][safepoint] Total time for which application threads were stopped: 0.0001972 seconds, Stopping threads took: 0.0000005 seconds
[132.845s][info][gc       ] [SPS 0.000 0.001 0.000 0.007 0.001 0.001 0.000 0.164 0.024 0.197 NewGC_pause2 132.843649 ]
[132.847s][info][safepoint] Application time: 0.0027632 seconds
[132.847s][info][safepoint] Total time for which application threads were stopped: 0.0001999 seconds, Stopping threads took: 0.0000005 seconds
[132.848s][info][gc       ] [SPS 0.000 0.000 0.000 0.007 0.000 0.001 0.000 0.167 0.024 0.200 NewGC_pause3 132.846612 ]
[132.848s][info][safepoint] Application time: 0.0014544 seconds
[132.849s][info][safepoint] Total time for which application threads were stopped: 0.0002270 seconds, Stopping threads took: 0.0000005 seconds
[132.849s][info][gc       ] [SPS 0.000 0.003 0.002 0.007 0.001 0.001 0.000 0.194 0.024 0.227 NewGC_pause4 132.848294 ]
[132.849s][info][gc       ] [GC New Max 344-323 : 5120 2976 2146 5120 - - 1047 56 2 2 - : 134 1796 32 184 964 : 128 4 835 835 0 : 0 1 64 0 67 - 0 : 0.243965 2754.5 0.0 0.060428 2283.7 0.0 : 8 --c 0000 : 23 0 0.000 0.000 0 0.000 0.000 0 0.000 0.000 : 132.788486 132.791809 0.000119 132.843452 0.000113 132.846412 0.000089 132.848067 0.000152 : 132.848914 ]
[132.849s][info][gc       ] [SYSINFO 7577 191 89 0 7042 0 20 0 0 5745 : - - - - - - - - : 0 7168 : 2.06 1.26 1.46 : 278178 4215628 : 0 0 : 32 0 : 1547 2 0 259 : - 7673073664 333475840 1440206848 5939011584 199643136 93806592 : 140688591 5192780 146390 0 0 0 : 132.849250 ]
[132.849s][info][gc       ] [HUGEPAGESTAT 0 0 0 - 20840 0 0 : 612352 0 0 : 132.849250 ]
[132.849s][info][gc       ] [OBJCREAT 295736236 25444 15831040 : 132.849307 ]
[132.849s][info][gc       ] [HMSV All : 0 0 90 0 0 0 0 0 : 5062 0 0 0 : 132.849324 ]
[132.849s][info][gc       ] [HMSP 9 : 41100 0 : 132.849324 ]
[132.850s][info][gc       ] [VMAC 65530 166 24 430 620 : 132.850042 ]
[133.072s][info][gc       ] [GPGC-H  3089.4 627.2 0.1 0.0 : 6.3 : 0.458 0.487 : 0.840 1.643 0.864 1.882 : 3.165 0.805 1.030 2.196 1.953 0.445 : 0.000 : 96.172 : 766 1796 32 0 : 2267 : 4608 4424 : 133.071936 : 9 Next_heuristic_check_may_be_too_late ]
[133.075s][info][safepoint] Application time: 0.2266288 seconds
[133.076s][info][safepoint] Total time for which application threads were stopped: 0.0003442 seconds, Stopping threads took: 0.0000005 seconds
[133.077s][info][gc       ] [SPS 0.000 0.004 0.003 0.008 0.001 0.001 0.000 0.298 0.036 0.344 NewGC_pause1 133.075267 ]
[133.126s][info][safepoint] Application time: 0.0503344 seconds
[133.127s][info][safepoint] Total time for which application threads were stopped: 0.0001580 seconds, Stopping threads took: 0.0000005 seconds
[133.127s][info][gc       ] [SPS 0.000 0.002 0.000 0.007 0.001 0.001 0.000 0.125 0.024 0.158 NewGC_pause2 133.125760 ]
[133.129s][info][safepoint] Application time: 0.0029813 seconds
[133.129s][info][safepoint] Total time for which application threads were stopped: 0.0001498 seconds, Stopping threads took: 0.0000005 seconds
[133.130s][info][gc       ] [SPS 0.000 0.000 0.000 0.007 0.000 0.001 0.000 0.118 0.024 0.150 NewGC_pause3 133.128891 ]
[133.130s][info][safepoint] Application time: 0.0014127 seconds
[133.131s][info][safepoint] Total time for which application threads were stopped: 0.0001267 seconds, Stopping threads took: 0.0000005 seconds
[133.131s][info][gc       ] [SPS 0.000 0.003 0.002 0.007 0.000 0.001 0.000 0.089 0.029 0.127 NewGC_pause4 133.130430 ]
[133.131s][info][gc       ] [GC New Max 345-324 : 5120 2918 2150 5120 - - 1047 56 2 2 - : 138 1796 32 184 906 : 134 4 771 771 0 : 0 1 67 0 69 - 0 : 0.223535 2836.2 0.0 0.058347 2399.4 0.0 : 8 --c 0000 : 23 0 0.000 0.000 0 0.000 0.000 0 0.000 0.000 : 133.072449 133.074923 0.000300 133.125602 0.000089 133.128741 0.000081 133.130304 0.000090 : 133.130796 ]
[133.131s][info][gc       ] [SYSINFO 7577 191 89 0 7042 0 20 0 0 5745 : - - - - - - - - : 0 7168 : 2.06 1.26 1.46 : 278178 4215628 : 0 0 : 32 0 : 1547 2 0 259 : - 7673073664 333475840 1440206848 5939011584 199643136 93806592 : 140688591 5193440 146390 0 0 0 : 133.131071 ]
[133.131s][info][gc       ] [HUGEPAGESTAT 0 0 0 - 20840 0 0 : 612352 0 0 : 133.131071 ]
[133.131s][info][gc       ] [OBJCREAT 296502475 25444 15831040 : 133.131120 ]
[133.131s][info][gc       ] [HMSV All : 0 0 90 0 0 0 0 0 : 5062 0 0 0 : 133.131138 ]
[133.131s][info][gc       ] [HMSP 9 : 41100 0 : 133.131138 ]
[133.132s][info][gc       ] [VMAC 65530 166 24 430 620 : 133.131730 ]
[133.375s][info][gc       ] [GPGC-H  3089.4 627.2 0.1 0.0 : 6.3 : 0.457 0.487 : 0.847 1.643 0.864 1.882 : 3.155 0.805 1.030 2.196 1.953 0.445 : 0.000 : 95.927 : 776 1796 32 0 : 2267 : 4608 4424 : 133.375100 : 9 Next_heuristic_check_may_be_too_late ]
[133.378s][info][safepoint] Application time: 0.2475204 seconds
[133.379s][info][safepoint] Total time for which application threads were stopped: 0.0004249 seconds, Stopping threads took: 0.0000005 seconds
[133.379s][info][gc       ] [SPS 0.000 0.003 0.002 0.007 0.001 0.001 0.000 0.389 0.027 0.425 NewGC_pause1 133.378376 ]
[133.428s][info][safepoint] Application time: 0.0494881 seconds
[133.429s][info][safepoint] Total time for which application threads were stopped: 0.0001922 seconds, Stopping threads took: 0.0000005 seconds
[133.429s][info][gc       ] [SPS 0.000 0.001 0.000 0.007 0.001 0.001 0.000 0.149 0.034 0.192 NewGC_pause2 133.428056 ]
[133.431s][info][safepoint] Application time: 0.0024546 seconds
[133.431s][info][safepoint] Total time for which application threads were stopped: 0.0001400 seconds, Stopping threads took: 0.0000005 seconds
[133.432s][info][gc       ] [SPS 0.000 0.000 0.000 0.007 0.000 0.001 0.000 0.107 0.024 0.140 NewGC_pause3 133.430651 ]
[133.432s][info][safepoint] Application time: 0.0014516 seconds
[133.433s][info][safepoint] Total time for which application threads were stopped: 0.0001419 seconds, Stopping threads took: 0.0000005 seconds
[133.433s][info][gc       ] [SPS 0.000 0.003 0.002 0.007 0.001 0.001 0.000 0.105 0.028 0.142 NewGC_pause4 133.432245 ]
[133.433s][info][gc       ] [GC New Max 346-325 : 5120 2904 2124 5120 - - 1047 56 2 2 - : 112 1796 32 184 892 : 108 4 782 782 0 : 0 1 54 0 56 - 0 : 0.244996 2612.3 0.0 0.056855 2040.3 0.0 : 8 --c 0000 : 23 0 0.000 0.000 0 0.000 0.000 0 0.000 0.000 : 133.375792 133.377951 0.000351 133.427864 0.000106 133.430511 0.000068 133.432103 0.000072 : 133.432647 ]
[133.433s][info][gc       ] [SYSINFO 7577 191 89 0 7042 0 20 0 0 5745 : - - - - - - - - : 0 7168 : 2.06 1.26 1.46 : 278178 4215628 : 0 0 : 32 0 : 1547 3 0 259 : - 7673073664 333475840 1440206848 5939011584 199643136 93806592 : 140688591 5194050 146420 0 0 0 : 133.432946 ]
[133.433s][info][gc       ] [HUGEPAGESTAT 0 0 0 - 20840 0 0 : 612352 0 0 : 133.432946 ]
[133.433s][info][gc       ] [OBJCREAT 297252247 25444 15831040 : 133.433001 ]
[133.433s][info][gc       ] [HMSV All : 0 0 90 0 0 0 0 0 : 5062 0 0 0 : 133.433019 ]
[133.433s][info][gc       ] [HMSP 9 : 41100 0 : 133.433019 ]
[133.434s][info][gc       ] [VMAC 65530 166 24 430 620 : 133.433559 ]
[133.656s][info][gc       ] [GPGC-H  3089.4 627.2 0.1 0.0 : 6.3 : 0.455 0.487 : 0.847 1.643 0.864 1.882 : 3.145 0.805 1.030 2.196 1.953 0.445 : 0.000 : 95.658 : 740 1796 32 0 : 2267 : 4608 4424 : 133.656214 : 9 Next_heuristic_check_may_be_too_late ]
[133.659s][info][safepoint] Application time: 0.2266417 seconds
[133.660s][info][safepoint] Total time for which application threads were stopped: 0.0002490 seconds, Stopping threads took: 0.0000006 seconds
[133.660s][info][gc       ] [SPS 0.000 0.005 0.003 0.010 0.001 0.001 0.001 0.215 0.057 0.284 NewGC_pause1 133.659171 ]
[133.709s][info][safepoint] Application time: 0.0497569 seconds
[133.710s][info][safepoint] Total time for which application threads were stopped: 0.0000917 seconds, Stopping threads took: 0.0000005 seconds
[133.710s][info][gc       ] [SPS 0.000 0.001 0.000 0.008 0.001 0.001 0.000 0.063 0.019 0.092 NewGC_pause2 133.708986 ]
[133.711s][info][safepoint] Application time: 0.0019838 seconds
[133.711s][info][safepoint] Total time for which application threads were stopped: 0.0000833 seconds, Stopping threads took: 0.0000005 seconds
[133.712s][info][gc       ] [SPS 0.000 0.000 0.000 0.021 0.000 0.001 0.000 0.045 0.016 0.083 NewGC_pause3 133.711054 ]
[133.712s][info][safepoint] Application time: 0.0012653 seconds
[133.713s][info][safepoint] Total time for which application threads were stopped: 0.0000747 seconds, Stopping threads took: 0.0000005 seconds
[133.713s][info][gc       ] [SPS 0.000 0.003 0.002 0.007 0.000 0.001 0.000 0.049 0.017 0.075 NewGC_pause4 133.712394 ]
[133.713s][info][gc       ] [GC New Max 347-326 : 5120 2874 2136 5120 - - 1047 56 2 2 - : 124 1796 32 184 862 : 120 4 742 742 0 : 0 1 60 0 62 - 0 : 0.224044 2803.0 0.0 0.056191 2242.4 0.0 : 8 --c 0000 : 23 0 0.000 0.000 0 0.000 0.000 0 0.000 0.000 : 133.656692 133.658887 0.000215 133.708895 0.000066 133.710970 0.000060 133.712319 0.000051 : 133.712882 ]
[133.713s][info][gc       ] [SYSINFO 7577 191 89 0 7042 0 20 0 0 5745 : - - - - - - - - : 0 7168 : 2.06 1.26 1.46 : 278178 4215628 : 0 0 : 32 0 : 1547 2 0 259 : - 7673073664 333475840 1440206848 5939011584 199643136 93806592 : 140688591 5194610 146510 0 0 0 : 133.713136 ]
[133.713s][info][gc       ] [HUGEPAGESTAT 0 0 0 - 20840 0 0 : 612352 0 0 : 133.713136 ]
[133.713s][info][gc       ] [OBJCREAT 297995787 25444 15831040 : 133.713184 ]
[133.713s][info][gc       ] [HMSV All : 0 0 90 0 0 0 0 0 : 5062 0 0 0 : 133.713202 ]
[133.713s][info][gc       ] [HMSP 9 : 41100 0 : 133.713202 ]
[133.714s][info][gc       ] [VMAC 65530 166 24 430 620 : 133.713828 ]
[133.976s][info][gc       ] [GPGC-H  3089.4 627.2 0.1 0.0 : 6.3 : 0.454 0.487 : 0.847 1.643 0.864 1.882 : 3.136 0.805 1.030 2.196 1.953 0.445 : 0.000 : 95.414 : 794 1796 32 0 : 2267 : 4608 4424 : 133.975602 : 9 Next_heuristic_check_may_be_too_late ]
[133.979s][info][safepoint] Application time: 0.2662214 seconds
[133.980s][info][safepoint] Total time for which application threads were stopped: 0.0003478 seconds, Stopping threads took: 0.0000005 seconds
[133.980s][info][gc       ] [SPS 0.000 0.003 0.006 0.008 0.001 0.001 0.000 0.311 0.027 0.348 NewGC_pause1 133.978963 ]
[134.028s][info][safepoint] Application time: 0.0488476 seconds
[134.029s][info][safepoint] Total time for which application threads were stopped: 0.0001628 seconds, Stopping threads took: 0.0000005 seconds
[134.029s][info][gc       ] [SPS 0.000 0.001 0.000 0.007 0.000 0.001 0.000 0.131 0.024 0.163 NewGC_pause2 134.027974 ]
[134.031s][info][safepoint] Application time: 0.0024065 seconds
[134.031s][info][safepoint] Total time for which application threads were stopped: 0.0003057 seconds, Stopping threads took: 0.0000005 seconds
[134.032s][info][gc       ] [SPS 0.000 0.000 0.000 0.007 0.000 0.001 0.000 0.193 0.105 0.307 NewGC_pause3 134.030687 ]
[134.033s][info][safepoint] Application time: 0.0016279 seconds
[134.033s][info][safepoint] Total time for which application threads were stopped: 0.0001882 seconds, Stopping threads took: 0.0000005 seconds
[134.033s][info][gc       ] [SPS 0.000 0.003 0.002 0.007 0.001 0.001 0.000 0.144 0.041 0.194 NewGC_pause4 134.032508 ]
[134.033s][info][gc       ] [GC New Max 348-327 : 5120 2922 2128 5120 - - 1047 56 2 2 - : 114 1796 32 184 908 : 110 4 798 798 0 : 0 1 55 0 58 - 0 : 0.263284 2544.8 0.0 0.056936 2072.5 0.0 : 8 --c 0000 : 23 0 0.000 0.000 0 0.000 0.000 0 0.000 0.000 : 133.976167 133.978615 0.000278 134.027811 0.000070 134.030380 0.000057 134.032314 0.000114 : 134.033103 ]
[134.033s][info][gc       ] [SYSINFO 7577 191 89 0 7042 0 20 0 0 5745 : - - - - - - - - : 0 7168 : 2.06 1.26 1.46 : 278178 4215628 : 0 0 : 32 0 : 1547 2 0 259 : - 7673073664 333475840 1440206848 5939011584 199643136 93806592 : 140688591 5195240 146520 0 0 0 : 134.033379 ]
[134.033s][info][gc       ] [HUGEPAGESTAT 0 0 0 - 20840 0 0 : 612352 0 0 : 134.033379 ]
[134.033s][info][gc       ] [OBJCREAT 298776869 25444 15831040 : 134.033433 ]
[134.033s][info][gc       ] [HMSV All : 0 0 90 0 0 0 0 0 : 5062 0 0 0 : 134.033450 ]
[134.033s][info][gc       ] [HMSP 9 : 41100 0 : 134.033450 ]
[134.034s][info][gc       ] [VMAC 65530 166 24 430 620 : 134.034021 ]
[134.256s][info][gc       ] [GPGC-H  3089.4 627.2 0.1 0.0 : 6.3 : 0.452 0.487 : 0.847 1.643 0.864 1.882 : 3.126 0.805 1.030 2.196 1.953 0.445 : 0.000 : 95.127 : 758 1796 32 0 : 2267 : 4608 4424 : 134.256270 : 9 Next_heuristic_check_may_be_too_late ]
[134.260s][info][safepoint] Application time: 0.2270972 seconds
[134.261s][info][safepoint] Total time for which application threads were stopped: 0.0002762 seconds, Stopping threads took: 0.0000005 seconds
[134.261s][info][gc       ] [SPS 0.000 0.003 0.005 0.008 0.000 0.001 0.000 0.243 0.024 0.276 NewGC_pause1 134.259878 ]
[134.312s][info][safepoint] Application time: 0.0521009 seconds
[134.313s][info][safepoint] Total time for which application threads were stopped: 0.0001152 seconds, Stopping threads took: 0.0000005 seconds
[134.313s][info][gc       ] [SPS 0.000 0.001 0.000 0.007 0.001 0.001 0.000 0.091 0.015 0.115 NewGC_pause2 134.312094 ]
[134.314s][info][safepoint] Application time: 0.0022418 seconds
[134.315s][info][safepoint] Total time for which application threads were stopped: 0.0001335 seconds, Stopping threads took: 0.0000005 seconds
[134.315s][info][gc       ] [SPS 0.000 0.000 0.000 0.008 0.001 0.001 0.000 0.110 0.015 0.133 NewGC_pause3 134.314470 ]
[134.316s][info][safepoint] Application time: 0.0013649 seconds
[134.316s][info][safepoint] Total time for which application threads were stopped: 0.0001326 seconds, Stopping threads took: 0.0000005 seconds
[134.317s][info][gc       ] [SPS 0.000 0.003 0.002 0.007 0.001 0.001 0.000 0.108 0.016 0.133 NewGC_pause4 134.315967 ]
[134.317s][info][gc       ] [GC New Max 349-328 : 5120 2894 2136 5120 - - 1047 56 2 2 - : 124 1796 32 184 882 : 120 4 762 762 0 : 0 1 60 0 62 - 0 : 0.223724 2887.5 0.0 0.059714 2110.1 0.0 : 8 --c 0000 : 23 0 0.000 0.000 0 0.000 0.000 0 0.000 0.000 : 134.256827 134.259602 0.000243 134.311979 0.000097 134.314336 0.000115 134.315835 0.000113 : 134.316541 ]
[134.317s][info][gc       ] [SYSINFO 7577 191 89 0 7042 0 20 0 0 5745 : - - - - - - - - : 0 7168 : 2.06 1.26 1.46 : 278178 4215628 : 0 0 : 32 0 : 1547 2 0 259 : - 7673073664 333475840 1440206848 5939011584 199643136 93806592 : 140688591 5195890 146530 0 0 0 : 134.316793 ]
[134.317s][info][gc       ] [HUGEPAGESTAT 0 0 0 - 20840 0 0 : 612352 0 0 : 134.316793 ]
[134.317s][info][gc       ] [OBJCREAT 299538785 25444 15831040 : 134.316844 ]
[134.317s][info][gc       ] [HMSV All : 0 0 90 0 0 0 0 0 : 5062 0 0 0 : 134.316861 ]
[134.317s][info][gc       ] [HMSP 9 : 41100 0 : 134.316861 ]
[134.317s][info][gc       ] [VMAC 65530 166 24 430 620 : 134.317472 ]
[134.540s][info][gc       ] [GPGC-H  3077.1 627.2 0.1 0.0 : 6.3 : 0.451 0.487 : 0.847 1.643 0.864 1.882 : 3.116 0.805 1.030 2.196 1.953 0.445 : 0.000 : 94.885 : 742 1796 32 0 : 2267 : 4608 4424 : 134.540148 : 9 Next_heuristic_check_may_be_too_late ]
[134.544s][info][safepoint] Application time: 0.2275735 seconds
[134.545s][info][safepoint] Total time for which application threads were stopped: 0.0003843 seconds, Stopping threads took: 0.0000009 seconds
[134.545s][info][gc       ] [SPS 0.000 0.006 0.005 0.013 0.001 0.001 0.001 0.336 0.032 0.384 NewGC_pause1 134.543926 ]
[134.592s][info][safepoint] Application time: 0.0479477 seconds
[134.592s][info][safepoint] Total time for which application threads were stopped: 0.0001236 seconds, Stopping threads took: 0.0000005 seconds
[134.593s][info][gc       ] [SPS 0.000 0.001 0.000 0.007 0.000 0.001 0.001 0.099 0.015 0.124 NewGC_pause2 134.591997 ]
[134.594s][info][safepoint] Application time: 0.0019968 seconds
[134.594s][info][safepoint] Total time for which application threads were stopped: 0.0001522 seconds, Stopping threads took: 0.0000005 seconds
[134.595s][info][gc       ] [SPS 0.000 0.001 0.000 0.007 0.000 0.001 0.000 0.119 0.024 0.152 NewGC_pause3 134.594146 ]
[134.596s][info][safepoint] Application time: 0.0013494 seconds
[134.596s][info][safepoint] Total time for which application threads were stopped: 0.0002312 seconds, Stopping threads took: 0.0000008 seconds
[134.596s][info][gc       ] [SPS 0.000 0.003 0.002 0.048 0.001 0.001 0.000 0.154 0.027 0.231 NewGC_pause4 134.595727 ]
[134.597s][info][gc       ] [VMAC 65530 166 24 430 620 : 134.596979 ]
[134.596s][info][gc       ] [GC New Max 350-329 : 5120 2876 2132 5120 - - 1047 56 2 2 - : 120 1796 32 184 864 : 116 4 747 747 0 : 0 1 58 0 60 - 0 : 0.224303 2764.1 0.0 0.055307 2205.8 0.0 : 8 --c 0000 : 23 0 0.000 0.000 0 0.000 0.000 0 0.000 0.000 : 134.540844 134.543542 0.000258 134.591873 0.000103 134.593994 0.000051 134.595496 0.000152 : 134.596151 ]
[134.596s][info][gc       ] [SYSINFO 7577 191 89 0 7042 0 20 0 0 5745 : - - - - - - - - : 0 7168 : 1.97 1.26 1.46 : 278178 4215628 : 0 0 : 32 0 : 1547 2 0 259 : - 7673073664 333475840 1440206848 5939011584 199643136 93806592 : 140688591 5196500 146530 0 0 0 : 134.596418 ]
[134.596s][info][gc       ] [HUGEPAGESTAT 0 0 0 - 20840 0 0 : 612352 0 0 : 134.596418 ]
[134.596s][info][gc       ] [OBJCREAT 300273410 25444 15831040 : 134.596466 ]
[134.596s][info][gc       ] [HMSV All : 0 0 90 0 0 0 0 0 : 5062 0 0 0 : 134.596484 ]
[134.596s][info][gc       ] [HMSP 9 : 41100 0 : 134.596484 ]
[134.840s][info][gc       ] [GPGC-H  3077.1 612.5 0.1 0.0 : 6.1 : 0.450 0.487 : 0.847 1.643 0.864 1.882 : 3.107 0.805 1.030 2.196 1.953 0.445 : 0.000 : 94.643 : 798 1796 32 0 : 2267 : 4608 4424 : 134.840432 : 9 Next_heuristic_check_may_be_too_late ]
[134.844s][info][safepoint] Application time: 0.2475799 seconds
[134.844s][info][safepoint] Total time for which application threads were stopped: 0.0003801 seconds, Stopping threads took: 0.0000005 seconds
[134.845s][info][gc       ] [SPS 0.000 0.003 0.004 0.008 0.001 0.001 0.000 0.342 0.028 0.380 NewGC_pause1 134.843687 ]
[134.895s][info][safepoint] Application time: 0.0509231 seconds
[134.895s][info][safepoint] Total time for which application threads were stopped: 0.0001901 seconds, Stopping threads took: 0.0000005 seconds
[134.896s][info][gc       ] [SPS 0.000 0.001 0.000 0.007 0.001 0.001 0.000 0.154 0.027 0.190 NewGC_pause2 134.894801 ]
[134.898s][info][safepoint] Application time: 0.0027887 seconds
[134.898s][info][safepoint] Total time for which application threads were stopped: 0.0001402 seconds, Stopping threads took: 0.0000005 seconds
[134.899s][info][gc       ] [SPS 0.000 0.000 0.000 0.007 0.000 0.001 0.000 0.107 0.024 0.140 NewGC_pause3 134.897729 ]
[134.899s][info][safepoint] Application time: 0.0013699 seconds
[134.900s][info][safepoint] Total time for which application threads were stopped: 0.0002894 seconds, Stopping threads took: 0.0000005 seconds
[134.900s][info][gc       ] [SPS 0.000 0.003 0.002 0.008 0.001 0.001 0.000 0.254 0.026 0.289 NewGC_pause4 134.899389 ]
[134.901s][info][gc       ] [GC New Max 351-330 : 5120 2968 2170 5120 - - 1047 56 2 2 - : 158 1796 32 184 956 : 152 4 803 803 0 : 0 1 76 0 79 - 0 : 0.244935 2776.2 0.0 0.059299 2698.2 0.0 : 8 --c 0000 : 23 0 0.000 0.000 0 0.000 0.000 0 0.000 0.000 : 134.841087 134.843307 0.000299 134.894610 0.000108 134.897589 0.000067 134.899099 0.000208 : 134.900385 ]
[134.901s][info][gc       ] [SYSINFO 7577 191 89 0 7042 0 20 0 0 5745 : - - - - - - - - : 0 7168 : 1.97 1.26 1.46 : 278178 4215628 : 0 0 : 32 0 : 1547 2 0 259 : - 7673073664 333475840 1440206848 5939011584 199643136 93806592 : 140688591 5197200 146530 0 0 0 : 134.900966 ]
[134.901s][info][gc       ] [HUGEPAGESTAT 0 0 0 - 20840 0 0 : 612352 0 0 : 134.900966 ]
[134.901s][info][gc       ] [OBJCREAT 301107908 25444 15831040 : 134.901014 ]
[134.901s][info][gc       ] [HMSV All : 0 0 90 0 0 0 0 0 : 5062 0 0 0 : 134.901031 ]
[134.901s][info][gc       ] [HMSP 9 : 41100 0 : 134.901031 ]
[134.902s][info][gc       ] [VMAC 65530 166 24 430 620 : 134.901547 ]
[135.124s][info][gc       ] [GPGC-H  3077.1 612.5 0.1 0.0 : 6.1 : 0.448 0.487 : 0.847 1.643 0.864 1.882 : 3.097 0.805 1.030 2.196 1.953 0.445 : 0.000 : 94.379 : 794 1796 32 0 : 2267 : 4608 4424 : 135.123999 : 9 Next_heuristic_check_may_be_too_late ]
[135.127s][info][safepoint] Application time: 0.2274922 seconds
[135.128s][info][safepoint] Total time for which application threads were stopped: 0.0002214 seconds, Stopping threads took: 0.0000004 seconds
[135.128s][info][gc       ] [SPS 0.000 0.003 0.002 0.007 0.000 0.001 0.000 0.186 0.026 0.222 NewGC_pause1 135.127103 ]
[135.177s][info][safepoint] Application time: 0.0494735 seconds
[135.177s][info][safepoint] Total time for which application threads were stopped: 0.0000899 seconds, Stopping threads took: 0.0000005 seconds
[135.178s][info][gc       ] [SPS 0.000 0.001 0.000 0.007 0.001 0.001 0.000 0.064 0.017 0.090 NewGC_pause2 135.176666 ]
[135.179s][info][safepoint] Application time: 0.0022392 seconds
[135.179s][info][safepoint] Total time for which application threads were stopped: 0.0001802 seconds, Stopping threads took: 0.0000005 seconds
[135.180s][info][gc       ] [SPS 0.000 0.000 0.000 0.008 0.000 0.001 0.000 0.138 0.032 0.180 NewGC_pause3 135.179086 ]
[135.181s][info][safepoint] Application time: 0.0014693 seconds
[135.181s][info][safepoint] Total time for which application threads were stopped: 0.0001507 seconds, Stopping threads took: 0.0000005 seconds
[135.181s][info][gc       ] [SPS 0.000 0.003 0.002 0.007 0.001 0.001 0.000 0.124 0.018 0.151 NewGC_pause4 135.180706 ]
[135.182s][info][gc       ] [GC New Max 352-331 : 5120 2938 2144 5120 - - 1047 56 2 2 - : 132 1796 32 184 926 : 128 4 798 798 0 : 0 1 64 0 66 - 0 : 0.224178 2846.0 0.0 0.056735 2361.8 0.0 : 8 --c 0000 : 23 0 0.000 0.000 0 0.000 0.000 0 0.000 0.000 : 135.124563 135.126881 0.000131 135.176576 0.000067 135.178905 0.000136 135.180555 0.000128 : 135.181298 ]
[135.182s][info][gc       ] [SYSINFO 7577 191 89 0 7042 0 20 0 0 5745 : - - - - - - - - : 0 7168 : 1.97 1.26 1.46 : 278178 4215628 : 0 0 : 32 0 : 1547 2 0 259 : - 7673073664 333475840 1440206848 5939011584 199643136 93806592 : 140688591 5197740 146570 0 0 0 : 135.181556 ]
[135.182s][info][gc       ] [HUGEPAGESTAT 0 0 0 - 20840 0 0 : 612352 0 0 : 135.181556 ]
[135.182s][info][gc       ] [OBJCREAT 301871522 25444 15831040 : 135.181627 ]
[135.182s][info][gc       ] [HMSV All : 0 0 90 0 0 0 0 0 : 5062 0 0 0 : 135.181643 ]
[135.182s][info][gc       ] [HMSP 9 : 41100 0 : 135.181643 ]
[135.182s][info][gc       ] [VMAC 65530 166 24 430 620 : 135.182207 ]
[135.404s][info][gc       ] [GPGC-H  3077.1 612.5 0.1 0.0 : 6.1 : 0.447 0.487 : 0.847 1.643 0.864 1.882 : 3.088 0.805 1.030 2.196 1.953 0.445 : 0.000 : 94.139 : 784 1796 32 0 : 2267 : 4608 4424 : 135.404445 : 9 Next_heuristic_check_may_be_too_late ]
[135.408s][info][safepoint] Application time: 0.2267637 seconds
[135.409s][info][safepoint] Total time for which application threads were stopped: 0.0004021 seconds, Stopping threads took: 0.0000005 seconds
[135.409s][info][gc       ] [SPS 0.000 0.003 0.003 0.008 0.001 0.001 0.000 0.352 0.041 0.402 NewGC_pause1 135.407872 ]
[135.459s][info][safepoint] Application time: 0.0508827 seconds
[135.459s][info][safepoint] Total time for which application threads were stopped: 0.0000898 seconds, Stopping threads took: 0.0000005 seconds
[135.460s][info][gc       ] [SPS 0.000 0.001 0.000 0.008 0.001 0.001 0.000 0.058 0.022 0.090 NewGC_pause2 135.458845 ]
[135.462s][info][safepoint] Application time: 0.0026407 seconds
[135.462s][info][safepoint] Total time for which application threads were stopped: 0.0001781 seconds, Stopping threads took: 0.0000005 seconds
[135.462s][info][gc       ] [SPS 0.000 0.000 0.000 0.007 0.000 0.001 0.000 0.142 0.027 0.178 NewGC_pause3 135.461663 ]
[135.463s][info][safepoint] Application time: 0.0012682 seconds
[135.463s][info][safepoint] Total time for which application threads were stopped: 0.0001897 seconds, Stopping threads took: 0.0000005 seconds
[135.464s][info][gc       ] [SPS 0.000 0.003 0.002 0.007 0.000 0.001 0.000 0.140 0.042 0.190 NewGC_pause4 135.463121 ]
[135.464s][info][gc       ] [GC New Max 353-332 : 5120 2916 2130 5120 - - 1047 56 2 2 - : 118 1796 32 184 904 : 112 4 791 791 0 : 0 1 56 0 59 - 0 : 0.223738 2923.1 0.0 0.058907 2071.1 0.0 : 8 --c 0000 : 23 0 0.000 0.000 0 0.000 0.000 0 0.000 0.000 : 135.405037 135.407470 0.000317 135.458755 0.000055 135.461485 0.000072 135.462932 0.000090 : 135.463943 ]
[135.464s][info][gc       ] [SYSINFO 7577 191 89 0 7042 0 20 0 0 5745 : - - - - - - - - : 0 7168 : 1.97 1.26 1.46 : 278178 4215628 : 0 0 : 32 0 : 1547 2 0 259 : - 7673073664 333475840 1440206848 5939011584 199643136 93806592 : 140688591 5198310 146650 0 0 0 : 135.464244 ]
[135.464s][info][gc       ] [HUGEPAGESTAT 0 0 0 - 20840 0 0 : 612352 0 0 : 135.464244 ]
[135.464s][info][gc       ] [OBJCREAT 302639734 25444 15831040 : 135.464292 ]
[135.464s][info][gc       ] [HMSV All : 0 0 90 0 0 0 0 0 : 5062 0 0 0 : 135.464314 ]
[135.464s][info][gc       ] [HMSP 9 : 41100 0 : 135.464314 ]
[135.465s][info][gc       ] [VMAC 65530 166 24 430 620 : 135.464932 ]
[135.688s][info][gc       ] [GPGC-H  3077.1 612.5 0.1 0.0 : 6.1 : 0.446 0.487 : 0.847 1.643 0.864 1.882 : 3.079 0.805 1.030 2.196 1.953 0.445 : 0.000 : 93.900 : 766 1796 32 0 : 2267 : 4608 4424 : 135.687704 : 9 Next_heuristic_check_may_be_too_late ]
[135.691s][info][safepoint] Application time: 0.2272856 seconds
[135.691s][info][safepoint] Total time for which application threads were stopped: 0.0002991 seconds, Stopping threads took: 0.0000005 seconds
[135.692s][info][gc       ] [SPS 0.000 0.004 0.003 0.009 0.001 0.001 0.001 0.256 0.032 0.299 NewGC_pause1 135.690706 ]
[135.740s][info][safepoint] Application time: 0.0490277 seconds
[135.740s][info][safepoint] Total time for which application threads were stopped: 0.0001538 seconds, Stopping threads took: 0.0000007 seconds
[135.741s][info][gc       ] [SPS 0.000 0.001 0.000 0.011 0.001 0.001 0.001 0.110 0.030 0.154 NewGC_pause2 135.739888 ]
[135.742s][info][safepoint] Application time: 0.0022047 seconds
[135.743s][info][safepoint] Total time for which application threads were stopped: 0.0002033 seconds, Stopping threads took: 0.0000005 seconds
[135.743s][info][gc       ] [SPS 0.000 0.000 0.000 0.008 0.001 0.001 0.000 0.165 0.028 0.203 NewGC_pause3 135.742296 ]
[135.744s][info][safepoint] Application time: 0.0011407 seconds
[135.744s][info][safepoint] Total time for which application threads were stopped: 0.0001852 seconds, Stopping threads took: 0.0000005 seconds
[135.744s][info][gc       ] [GC New Max 354-333 : 5120 2890 2124 5120 - - 1047 56 2 2 - : 112 1796 32 184 878 : 108 4 770 770 0 : 0 1 54 0 56 - 0 : 0.224218 2899.0 0.0 0.055865 2040.7 0.0 : 8 --c 0000 : 23 0 0.000 0.000 0 0.000 0.000 0 0.000 0.000 : 135.688162 135.690407 0.000223 135.739734 0.000102 135.742093 0.000081 135.743437 0.000072 : 135.744026 ]
[135.744s][info][gc       ] [SYSINFO 7577 191 89 0 7042 0 20 0 0 5745 : - - - - - - - - : 0 7168 : 1.97 1.26 1.46 : 278178 4215628 : 0 0 : 32 0 : 1547 2 0 259 : - 7673073664 333475840 1440206848 5939011584 199643136 93806592 : 140688591 5198910 146750 0 0 0 : 135.744267 ]
[135.744s][info][gc       ] [HUGEPAGESTAT 0 0 0 - 20840 0 0 : 612352 0 0 : 135.744267 ]
[135.744s][info][gc       ] [OBJCREAT 303393032 25444 15831040 : 135.744326 ]
[135.744s][info][gc       ] [HMSV All : 0 0 90 0 0 0 0 0 : 5062 0 0 0 : 135.744344 ]
[135.744s][info][gc       ] [HMSP 9 : 41100 0 : 135.744344 ]
[135.744s][info][gc       ] [SPS 0.000 0.002 0.002 0.007 0.001 0.001 0.000 0.149 0.028 0.185 NewGC_pause4 135.743622 ]
[135.745s][info][gc       ] [VMAC 65530 166 24 430 620 : 135.744965 ]
[135.967s][info][gc       ] [GPGC-H  3077.1 612.5 0.1 0.0 : 6.1 : 0.445 0.487 : 0.847 1.643 0.864 1.882 : 3.070 0.805 1.030 2.196 1.953 0.445 : 0.000 : 93.661 : 746 1796 32 0 : 2267 : 4608 4424 : 135.967136 : 9 Next_heuristic_check_may_be_too_late ]
[135.971s][info][safepoint] Application time: 0.2268962 seconds
[135.971s][info][safepoint] Total time for which application threads were stopped: 0.0003782 seconds, Stopping threads took: 0.0000005 seconds
[135.972s][info][gc       ] [SPS 0.000 0.005 0.003 0.008 0.001 0.001 0.000 0.341 0.027 0.378 NewGC_pause1 135.970897 ]
[136.022s][info][safepoint] Application time: 0.0507080 seconds
[136.022s][info][safepoint] Total time for which application threads were stopped: 0.0002032 seconds, Stopping threads took: 0.0000005 seconds
[136.023s][info][gc       ] [SPS 0.001 0.001 0.000 0.007 0.000 0.001 0.000 0.162 0.033 0.203 NewGC_pause2 136.021808 ]
[136.024s][info][safepoint] Application time: 0.0025249 seconds
[136.025s][info][safepoint] Total time for which application threads were stopped: 0.0001657 seconds, Stopping threads took: 0.0000005 seconds
[136.025s][info][gc       ] [SPS 0.000 0.000 0.000 0.007 0.000 0.001 0.000 0.134 0.023 0.166 NewGC_pause3 136.024499 ]
[136.026s][info][safepoint] Application time: 0.0014729 seconds
[136.026s][info][safepoint] Total time for which application threads were stopped: 0.0001997 seconds, Stopping threads took: 0.0000005 seconds
[136.027s][info][gc       ] [SPS 0.000 0.003 0.002 0.007 0.001 0.001 0.000 0.166 0.025 0.200 NewGC_pause4 136.026172 ]
[136.027s][info][gc       ] [GC New Max 355-334 : 5120 2902 2154 5120 - - 1047 56 2 2 - : 142 1796 32 184 890 : 136 4 752 752 0 : 0 1 68 0 71 - 0 : 0.223667 2843.5 0.0 0.059131 2469.1 0.0 : 8 --c 0000 : 23 0 0.000 0.000 0 0.000 0.000 0 0.000 0.000 : 135.967693 135.970519 0.000302 136.021605 0.000122 136.024333 0.000102 136.025972 0.000114 : 136.026824 ]
[136.027s][info][gc       ] [SYSINFO 7577 191 89 0 7042 0 20 0 0 5745 : - - - - - - - - : 0 7168 : 1.97 1.26 1.46 : 278178 4215628 : 0 0 : 32 0 : 1547 2 0 259 : - 7673073664 333475840 1440206848 5939011584 199643136 93806592 : 140688591 5199500 146810 0 0 0 : 136.027077 ]
[136.027s][info][gc       ] [HUGEPAGESTAT 0 0 0 - 20840 0 0 : 612352 0 0 : 136.027077 ]
[136.027s][info][gc       ] [OBJCREAT 304166955 25444 15831040 : 136.027142 ]
[136.027s][info][gc       ] [HMSV All : 0 0 90 0 0 0 0 0 : 5062 0 0 0 : 136.027161 ]
[136.027s][info][gc       ] [HMSP 9 : 41100 0 : 136.027161 ]
[136.028s][info][gc       ] [VMAC 65530 166 24 430 620 : 136.027713 ]
[136.250s][info][gc       ] [GPGC-H  3077.1 612.5 0.1 0.0 : 6.1 : 0.443 0.487 : 0.847 1.643 0.864 1.882 : 3.061 0.805 1.030 2.196 1.953 0.445 : 0.000 : 93.424 : 794 1796 32 0 : 2267 : 4608 4424 : 136.250331 : 9 Next_heuristic_check_may_be_too_late ]
[136.253s][info][safepoint] Application time: 0.2267719 seconds
[136.254s][info][safepoint] Total time for which application threads were stopped: 0.0002620 seconds, Stopping threads took: 0.0000006 seconds
[136.254s][info][gc       ] [SPS 0.000 0.004 0.003 0.010 0.001 0.001 0.001 0.215 0.036 0.262 NewGC_pause1 136.253206 ]
[136.305s][info][safepoint] Application time: 0.0515145 seconds
[136.306s][info][safepoint] Total time for which application threads were stopped: 0.0001973 seconds, Stopping threads took: 0.0000006 seconds
[136.306s][info][gc       ] [SPS 0.000 0.001 0.000 0.009 0.001 0.001 0.000 0.157 0.029 0.197 NewGC_pause2 136.304918 ]
[136.308s][info][safepoint] Application time: 0.0027162 seconds
[136.308s][info][safepoint] Total time for which application threads were stopped: 0.0001843 seconds, Stopping threads took: 0.0000005 seconds
[136.308s][info][gc       ] [SPS 0.000 0.000 0.000 0.008 0.001 0.001 0.000 0.149 0.026 0.184 NewGC_pause3 136.307818 ]
[136.310s][info][safepoint] Application time: 0.0016934 seconds
[136.310s][info][safepoint] Total time for which application threads were stopped: 0.0001988 seconds, Stopping threads took: 0.0000005 seconds
[136.310s][info][gc       ] [SPS 0.000 0.003 0.002 0.008 0.001 0.001 0.000 0.147 0.042 0.199 NewGC_pause4 136.309711 ]
[136.311s][info][gc       ] [VMAC 65530 166 24 430 620 : 136.311154 ]
[136.310s][info][gc       ] [GC New Max 356-335 : 5120 2926 2130 5120 - - 1047 56 2 2 - : 118 1796 32 184 914 : 114 4 798 798 0 : 0 1 57 0 59 - 0 : 0.224180 2917.3 0.0 0.059147 2028.8 0.0 : 8 --c 0000 : 23 0 0.000 0.000 0 0.000 0.000 0 0.000 0.000 : 136.251004 136.252944 0.000202 136.304721 0.000118 136.307634 0.000105 136.309512 0.000074 : 136.310151 ]
[136.310s][info][gc       ] [SYSINFO 7577 191 89 0 7042 0 20 0 0 5745 : - - - - - - - - : 0 7168 : 1.97 1.26 1.46 : 278178 4215628 : 0 0 : 32 0 : 1547 2 0 259 : - 7673073664 333475840 1440206848 5939011584 199643136 93806592 : 140688591 5200150 146870 0 0 0 : 136.310412 ]
[136.310s][info][gc       ] [HUGEPAGESTAT 0 0 0 - 20840 0 0 : 612352 0 0 : 136.310412 ]
[136.310s][info][gc       ] [OBJCREAT 304934221 25444 15831040 : 136.310465 ]
[136.310s][info][gc       ] [HMSV All : 0 0 90 0 0 0 0 0 : 5062 0 0 0 : 136.310485 ]
[136.310s][info][gc       ] [HMSP 9 : 41100 0 : 136.310485 ]
[136.535s][info][gc       ] [GPGC-H  3067.1 612.5 0.1 0.0 : 6.1 : 0.442 0.487 : 0.847 1.643 0.864 1.882 : 3.052 0.805 1.030 2.196 1.953 0.445 : 0.000 : 93.187 : 758 1796 32 0 : 2267 : 4608 4424 : 136.535328 : 9 Next_heuristic_check_may_be_too_late ]
[136.539s][info][safepoint] Application time: 0.2283160 seconds
[136.539s][info][safepoint] Total time for which application threads were stopped: 0.0004731 seconds, Stopping threads took: 0.0000006 seconds
[136.540s][info][gc       ] [SPS 0.000 0.005 0.004 0.009 0.001 0.001 0.000 0.435 0.027 0.473 NewGC_pause1 136.538501 ]
[136.591s][info][safepoint] Application time: 0.0521810 seconds
[136.591s][info][safepoint] Total time for which application threads were stopped: 0.0001392 seconds, Stopping threads took: 0.0000006 seconds
[136.592s][info][gc       ] [SPS 0.000 0.001 0.000 0.008 0.001 0.001 0.000 0.108 0.021 0.139 NewGC_pause2 136.590821 ]
[136.593s][info][safepoint] Application time: 0.0023127 seconds
[136.594s][info][safepoint] Total time for which application threads were stopped: 0.0002010 seconds, Stopping threads took: 0.0000005 seconds
[136.594s][info][gc       ] [SPS 0.000 0.000 0.000 0.008 0.000 0.001 0.000 0.155 0.037 0.201 NewGC_pause3 136.593335 ]
[136.595s][info][safepoint] Application time: 0.0016721 seconds
[136.596s][info][safepoint] Total time for which application threads were stopped: 0.0001913 seconds, Stopping threads took: 0.0000005 seconds
[136.596s][info][gc       ] [SPS 0.000 0.003 0.002 0.007 0.000 0.001 0.000 0.153 0.029 0.191 NewGC_pause4 136.595198 ]
[136.596s][info][gc       ] [GC New Max 357-336 : 5120 2916 2158 5120 - - 1047 56 2 2 - : 146 1796 32 184 904 : 140 4 763 763 0 : 0 1 70 0 73 - 0 : 0.225607 2836.8 0.0 0.060053 2497.8 0.0 : 8 --c 0000 : 23 0 0.000 0.000 0 0.000 0.000 0 0.000 0.000 : 136.535758 136.538028 0.000405 136.590682 0.000108 136.593134 0.000123 136.595007 0.000119 : 136.595811 ]
[136.596s][info][gc       ] [SYSINFO 7577 191 89 0 7042 0 20 0 0 5745 : - - - - - - - - : 0 7168 : 1.97 1.26 1.46 : 278178 4215628 : 0 0 : 32 0 : 1547 2 0 259 : - 7673073664 333475840 1440206848 5939011584 199643136 93806592 : 140688591 5200760 146930 0 0 0 : 136.596073 ]
[136.596s][info][gc       ] [HUGEPAGESTAT 0 0 0 - 20840 0 0 : 612352 0 0 : 136.596073 ]
[136.596s][info][gc       ] [OBJCREAT 305716563 25444 15831040 : 136.596122 ]
[136.596s][info][gc       ] [HMSV All : 0 0 90 0 0 0 0 0 : 5062 0 0 0 : 136.596152 ]
[136.596s][info][gc       ] [HMSP 9 : 41100 0 : 136.596152 ]
[136.597s][info][gc       ] [VMAC 65530 166 24 430 620 : 136.596722 ]
[136.839s][info][gc       ] [GPGC-H  3067.1 598.4 0.1 0.0 : 6.0 : 0.441 0.487 : 0.847 1.643 0.864 1.882 : 3.043 0.805 1.030 2.196 1.953 0.445 : 0.000 : 92.949 : 790 1796 32 0 : 2267 : 4608 4424 : 136.839012 : 9 Next_heuristic_check_may_be_too_late ]
[136.843s][info][safepoint] Application time: 0.2476216 seconds
[136.844s][info][safepoint] Total time for which application threads were stopped: 0.0005179 seconds, Stopping threads took: 0.0000013 seconds
[136.845s][info][gc       ] [SPS 0.000 0.005 0.005 0.032 0.001 0.002 0.001 0.422 0.061 0.518 NewGC_pause1 136.843339 ]
[136.892s][info][safepoint] Application time: 0.0486950 seconds
[136.893s][info][safepoint] Total time for which application threads were stopped: 0.0002352 seconds, Stopping threads took: 0.0000005 seconds
[136.894s][info][gc       ] [SPS 0.000 0.001 0.000 0.008 0.000 0.001 0.000 0.192 0.034 0.235 NewGC_pause2 136.892269 ]
[136.895s][info][safepoint] Application time: 0.0026162 seconds
[136.895s][info][safepoint] Total time for which application threads were stopped: 0.0001626 seconds, Stopping threads took: 0.0000005 seconds
[136.896s][info][gc       ] [SPS 0.000 0.000 0.000 0.007 0.001 0.001 0.000 0.124 0.035 0.168 NewGC_pause3 136.895053 ]
[136.897s][info][safepoint] Application time: 0.0014418 seconds
[136.897s][info][safepoint] Total time for which application threads were stopped: 0.0001750 seconds, Stopping threads took: 0.0000005 seconds
[136.897s][info][gc       ] [SPS 0.000 0.002 0.002 0.007 0.000 0.001 0.000 0.143 0.023 0.175 NewGC_pause4 136.896664 ]
[136.897s][info][gc       ] [GC New Max 358-337 : 5120 2930 2140 5120 - - 1047 56 2 2 - : 128 1796 32 184 918 : 124 4 794 794 0 : 0 1 62 0 64 - 0 : 0.243885 2648.8 0.0 0.057481 2261.6 0.0 : 8 --c 0000 : 23 0 0.000 0.000 0 0.000 0.000 0 0.000 0.000 : 136.839696 136.842820 0.000400 136.892033 0.000113 136.894885 0.000075 136.896489 0.000108 : 136.897177 ]
[136.898s][info][gc       ] [SYSINFO 7577 191 89 0 7042 0 20 0 0 5745 : - - - - - - - - : 0 7168 : 1.97 1.26 1.46 : 278178 4215628 : 0 0 : 32 0 : 1547 2 0 259 : - 7673073664 333475840 1440206848 5939011584 199643136 93806592 : 140688591 5201410 146990 0 0 0 : 136.897460 ]
[136.898s][info][gc       ] [HUGEPAGESTAT 0 0 0 - 20840 0 0 : 612352 0 0 : 136.897460 ]
[136.898s][info][gc       ] [OBJCREAT 306482444 25444 15831040 : 136.897532 ]
[136.898s][info][gc       ] [HMSV All : 0 0 90 0 0 0 0 0 : 5062 0 0 0 : 136.897548 ]
[136.898s][info][gc       ] [HMSP 9 : 41100 0 : 136.897548 ]
[136.898s][info][gc       ] [VMAC 65530 166 24 430 620 : 136.898054 ]
[137.121s][info][gc       ] [GPGC-H  3067.1 598.4 0.1 0.0 : 6.0 : 0.440 0.487 : 0.847 1.643 0.864 1.882 : 3.033 0.805 1.030 2.196 1.953 0.445 : 0.000 : 92.692 : 802 1796 32 0 : 2267 : 4608 4424 : 137.120787 : 9 Next_heuristic_check_may_be_too_late ]
[137.124s][info][safepoint] Application time: 0.2275327 seconds
[137.125s][info][safepoint] Total time for which application threads were stopped: 0.0002232 seconds, Stopping threads took: 0.0000005 seconds
[137.126s][info][gc       ] [SPS 0.000 0.003 0.003 0.008 0.001 0.001 0.001 0.187 0.026 0.223 NewGC_pause1 137.124421 ]
[137.176s][info][safepoint] Application time: 0.0515852 seconds
[137.177s][info][safepoint] Total time for which application threads were stopped: 0.0001731 seconds, Stopping threads took: 0.0000005 seconds
[137.178s][info][gc       ] [SPS 0.000 0.001 0.000 0.007 0.000 0.001 0.000 0.141 0.023 0.173 NewGC_pause2 137.176179 ]
[137.179s][info][safepoint] Application time: 0.0026165 seconds
[137.179s][info][safepoint] Total time for which application threads were stopped: 0.0001703 seconds, Stopping threads took: 0.0000005 seconds
[137.180s][info][gc       ] [SPS 0.000 0.000 0.000 0.007 0.000 0.001 0.000 0.139 0.023 0.171 NewGC_pause3 137.178966 ]
[137.180s][info][safepoint] Application time: 0.0013324 seconds
[137.181s][info][safepoint] Total time for which application threads were stopped: 0.0001905 seconds, Stopping threads took: 0.0000005 seconds
[137.181s][info][gc       ] [SPS 0.000 0.002 0.002 0.007 0.001 0.001 0.000 0.158 0.024 0.191 NewGC_pause4 137.180489 ]
[137.181s][info][gc       ] [GC New Max 359-338 : 5120 2962 2158 5120 - - 1047 56 2 2 - : 146 1796 32 184 950 : 140 4 808 808 0 : 0 1 70 0 73 - 0 : 0.224088 3016.7 0.0 0.059798 2508.4 0.0 : 8 --c 0000 : 23 0 0.000 0.000 0 0.000 0.000 0 0.000 0.000 : 137.121266 137.124197 0.000122 137.176006 0.000106 137.178796 0.000107 137.180299 0.000114 : 137.181064 ]
[137.181s][info][gc       ] [SYSINFO 7577 191 89 0 7042 0 20 0 0 5745 : - - - - - - - - : 0 7168 : 1.97 1.26 1.46 : 278178 4215628 : 0 0 : 32 0 : 1547 2 0 259 : - 7673073664 333475840 1440206848 5939011584 199643136 93806592 : 140688591 5202060 147040 0 0 0 : 137.181370 ]
[137.181s][info][gc       ] [HUGEPAGESTAT 0 0 0 - 20840 0 0 : 612352 0 0 : 137.181370 ]
[137.181s][info][gc       ] [OBJCREAT 307299931 25444 15831040 : 137.181420 ]
[137.181s][info][gc       ] [HMSV All : 0 0 90 0 0 0 0 0 : 5062 0 0 0 : 137.181437 ]
[137.181s][info][gc       ] [HMSP 9 : 41100 0 : 137.181437 ]
[137.182s][info][gc       ] [VMAC 65530 166 24 430 620 : 137.181943 ]
[137.404s][info][gc       ] [GPGC-H  3067.1 598.4 0.1 0.0 : 6.0 : 0.438 0.487 : 0.847 1.643 0.864 1.882 : 3.024 0.805 1.030 2.196 1.953 0.445 : 0.000 : 92.458 : 798 1796 32 0 : 2267 : 4608 4424 : 137.403895 : 9 Next_heuristic_check_may_be_too_late ]
[137.407s][info][safepoint] Application time: 0.2262475 seconds
[137.408s][info][safepoint] Total time for which application threads were stopped: 0.0003822 seconds, Stopping threads took: 0.0000005 seconds
[137.408s][info][gc       ] [SPS 0.000 0.003 0.003 0.007 0.001 0.001 0.000 0.331 0.041 0.382 NewGC_pause1 137.407119 ]
[137.459s][info][safepoint] Application time: 0.0512961 seconds
[137.459s][info][safepoint] Total time for which application threads were stopped: 0.0001763 seconds, Stopping threads took: 0.0000008 seconds
[137.460s][info][gc       ] [SPS 0.000 0.001 0.000 0.012 0.001 0.001 0.001 0.138 0.024 0.176 NewGC_pause2 137.458592 ]
[137.461s][info][safepoint] Application time: 0.0022345 seconds
[137.461s][info][safepoint] Total time for which application threads were stopped: 0.0000988 seconds, Stopping threads took: 0.0000005 seconds
[137.462s][info][gc       ] [SPS 0.000 0.000 0.000 0.008 0.001 0.001 0.000 0.070 0.019 0.099 NewGC_pause3 137.460925 ]
[137.463s][info][safepoint] Application time: 0.0014356 seconds
[137.463s][info][safepoint] Total time for which application threads were stopped: 0.0001977 seconds, Stopping threads took: 0.0000005 seconds
[137.463s][info][gc       ] [SPS 0.000 0.002 0.002 0.007 0.001 0.001 0.000 0.158 0.031 0.198 NewGC_pause4 137.462558 ]
[137.463s][info][gc       ] [GC New Max 360-339 : 5120 2956 2156 5120 - - 1047 56 2 2 - : 144 1796 32 184 944 : 140 4 802 802 0 : 0 1 70 0 72 - 0 : 0.223469 2926.6 0.0 0.058396 2500.2 0.0 : 8 --c 0000 : 23 0 0.000 0.000 0 0.000 0.000 0 0.000 0.000 : 137.404533 137.406737 0.000294 137.458415 0.000068 137.460826 0.000065 137.462361 0.000088 : 137.462929 ]
[137.463s][info][gc       ] [SYSINFO 7577 191 89 0 7042 0 20 0 0 5745 : - - - - - - - - : 0 7168 : 1.97 1.26 1.46 : 278178 4215628 : 0 0 : 32 0 : 1547 2 0 259 : - 7673073664 333475840 1440206848 5939011584 199643136 93806592 : 140688591 5202680 147060 0 0 0 : 137.463187 ]
[137.463s][info][gc       ] [HUGEPAGESTAT 0 0 0 - 20840 0 0 : 612352 0 0 : 137.463187 ]
[137.463s][info][gc       ] [OBJCREAT 308091123 25444 15831040 : 137.463236 ]
[137.463s][info][gc       ] [HMSV All : 0 0 90 0 0 0 0 0 : 5062 0 0 0 : 137.463252 ]
[137.463s][info][gc       ] [HMSP 9 : 41100 0 : 137.463252 ]
[137.464s][info][gc       ] [VMAC 65530 166 24 430 620 : 137.463852 ]
[137.666s][info][gc       ] [GPGC-H  3067.1 598.4 0.1 0.0 : 6.0 : 0.437 0.487 : 0.847 1.643 0.864 1.882 : 3.016 0.805 1.030 2.196 1.953 0.445 : 0.000 : 92.224 : 762 1796 32 0 : 2267 : 4608 4424 : 137.666303 : 9 Next_heuristic_check_may_be_too_late ]
[137.669s][info][safepoint] Application time: 0.2063392 seconds
[137.670s][info][safepoint] Total time for which application threads were stopped: 0.0003359 seconds, Stopping threads took: 0.0000006 seconds
[137.670s][info][gc       ] [SPS 0.000 0.004 0.002 0.008 0.001 0.001 0.000 0.300 0.026 0.336 NewGC_pause1 137.669234 ]
[137.720s][info][safepoint] Application time: 0.0510000 seconds
[137.721s][info][safepoint] Total time for which application threads were stopped: 0.0001393 seconds, Stopping threads took: 0.0000005 seconds
[137.722s][info][gc       ] [SPS 0.000 0.002 0.000 0.008 0.001 0.001 0.000 0.103 0.026 0.139 NewGC_pause2 137.720373 ]
[137.723s][info][safepoint] Application time: 0.0025121 seconds
[137.723s][info][safepoint] Total time for which application threads were stopped: 0.0000952 seconds, Stopping threads took: 0.0000007 seconds
[137.724s][info][gc       ] [SPS 0.000 0.001 0.000 0.020 0.001 0.001 0.000 0.054 0.018 0.095 NewGC_pause3 137.722981 ]
[137.724s][info][safepoint] Application time: 0.0012907 seconds
[137.725s][info][safepoint] Total time for which application threads were stopped: 0.0001438 seconds, Stopping threads took: 0.0000005 seconds
[137.725s][info][gc       ] [SPS 0.000 0.003 0.002 0.007 0.000 0.001 0.000 0.110 0.025 0.144 NewGC_pause4 137.724415 ]
[137.725s][info][gc       ] [GC New Max 361-340 : 5120 2910 2146 5120 - - 1047 56 2 2 - : 134 1796 32 184 898 : 128 4 768 768 0 : 0 1 64 0 67 - 0 : 0.203804 3042.1 0.0 0.058331 2365.8 0.0 : 8 --c 0000 : 23 0 0.000 0.000 0 0.000 0.000 0 0.000 0.000 : 137.666733 137.668898 0.000212 137.720234 0.000057 137.722885 0.000070 137.724271 0.000056 : 137.725064 ]
[137.725s][info][gc       ] [SYSINFO 7577 191 89 0 7042 0 20 0 0 5745 : - - - - - - - - : 0 7168 : 1.97 1.26 1.46 : 278178 4215628 : 0 0 : 32 0 : 1547 2 0 259 : - 7673073664 333475840 1440206848 5939011584 199643136 93806592 : 140688591 5203250 147080 0 0 0 : 137.725310 ]
[137.725s][info][gc       ] [HUGEPAGESTAT 0 0 0 - 20840 0 0 : 612352 0 0 : 137.725310 ]
[137.725s][info][gc       ] [OBJCREAT 308840894 25444 15831040 : 137.725374 ]
[137.725s][info][gc       ] [HMSV All : 0 0 90 0 0 0 0 0 : 5062 0 0 0 : 137.725391 ]
[137.725s][info][gc       ] [HMSP 9 : 41100 0 : 137.725391 ]
[137.726s][info][gc       ] [VMAC 65530 166 24 430 620 : 137.726044 ]
[137.948s][info][gc       ] [GPGC-H  3067.1 598.4 0.1 0.0 : 6.0 : 0.436 0.487 : 0.847 1.643 0.864 1.882 : 3.007 0.805 1.030 2.196 1.953 0.445 : 0.000 : 92.013 : 780 1796 32 0 : 2267 : 4608 4424 : 137.947609 : 9 Next_heuristic_check_may_be_too_late ]
[137.951s][info][safepoint] Application time: 0.2260199 seconds
[137.951s][info][safepoint] Total time for which application threads were stopped: 0.0001832 seconds, Stopping threads took: 0.0000006 seconds
[137.951s][info][gc       ] [SPS 0.000 0.003 0.004 0.008 0.001 0.001 0.000 0.154 0.019 0.183 NewGC_pause1 137.950619 ]
[138.000s][info][safepoint] Application time: 0.0493075 seconds
[138.001s][info][safepoint] Total time for which application threads were stopped: 0.0001622 seconds, Stopping threads took: 0.0000005 seconds
[138.001s][info][gc       ] [SPS 0.000 0.001 0.000 0.008 0.000 0.001 0.000 0.128 0.024 0.162 NewGC_pause2 138.000088 ]
[138.003s][info][safepoint] Application time: 0.0024311 seconds
[138.003s][info][safepoint] Total time for which application threads were stopped: 0.0001862 seconds, Stopping threads took: 0.0000005 seconds
[138.003s][info][gc       ] [SPS 0.000 0.000 0.000 0.007 0.000 0.001 0.000 0.152 0.026 0.187 NewGC_pause3 138.002706 ]
[138.005s][info][safepoint] Application time: 0.0015770 seconds
[138.005s][info][safepoint] Total time for which application threads were stopped: 0.0002307 seconds, Stopping threads took: 0.0000005 seconds
[138.005s][info][gc       ] [SPS 0.000 0.003 0.002 0.007 0.001 0.001 0.000 0.196 0.025 0.231 NewGC_pause4 138.004514 ]
[138.006s][info][gc       ] [VMAC 65530 166 24 430 620 : 138.005875 ]
[138.005s][info][gc       ] [GC New Max 362-341 : 5120 2934 2156 5120 - - 1047 56 2 2 - : 144 1796 32 184 922 : 140 4 782 782 0 : 0 1 70 0 72 - 0 : 0.223214 2894.1 0.0 0.056705 2574.7 0.0 : 8 --c 0000 : 23 0 0.000 0.000 0 0.000 0.000 0 0.000 0.000 : 137.948278 137.950435 0.000160 137.999926 0.000092 138.002520 0.000107 138.004283 0.000129 : 138.004983 ]
[138.005s][info][gc       ] [SYSINFO 7577 191 89 0 7042 0 20 0 0 5745 : - - - - - - - - : 0 7168 : 1.97 1.26 1.46 : 278178 4215628 : 0 0 : 32 0 : 1547 2 0 259 : - 7673073664 333475840 1440206848 5939011584 199643136 93806592 : 140688591 5203850 147130 0 0 0 : 138.005244 ]
[138.005s][info][gc       ] [HUGEPAGESTAT 0 0 0 - 20840 0 0 : 612352 0 0 : 138.005244 ]
[138.005s][info][gc       ] [OBJCREAT 309626679 25444 15831040 : 138.005308 ]
[138.005s][info][gc       ] [HMSV All : 0 0 90 0 0 0 0 0 : 5062 0 0 0 : 138.005326 ]
[138.005s][info][gc       ] [HMSP 9 : 41100 0 : 138.005326 ]
[138.209s][info][gc       ] [GPGC-H  3067.1 598.4 0.1 0.0 : 6.0 : 0.435 0.487 : 0.847 1.643 0.864 1.882 : 2.999 0.805 1.030 2.196 1.953 0.445 : 0.000 : 91.781 : 782 1796 32 0 : 2267 : 4608 4424 : 138.209062 : 9 Next_heuristic_check_may_be_too_late ]
[138.212s][info][safepoint] Application time: 0.2075819 seconds
[138.213s][info][safepoint] Total time for which application threads were stopped: 0.0003473 seconds, Stopping threads took: 0.0000005 seconds
[138.214s][info][gc       ] [SPS 0.000 0.003 0.005 0.009 0.001 0.001 0.000 0.309 0.028 0.348 NewGC_pause1 138.212443 ]
[138.259s][info][safepoint] Application time: 0.0461464 seconds
[138.259s][info][safepoint] Total time for which application threads were stopped: 0.0001979 seconds, Stopping threads took: 0.0000005 seconds
[138.260s][info][gc       ] [SPS 0.000 0.001 0.000 0.007 0.001 0.001 0.000 0.165 0.024 0.198 NewGC_pause2 138.258788 ]
[138.262s][info][safepoint] Application time: 0.0027403 seconds
[138.262s][info][safepoint] Total time for which application threads were stopped: 0.0002034 seconds, Stopping threads took: 0.0000005 seconds
[138.263s][info][gc       ] [SPS 0.000 0.000 0.000 0.007 0.000 0.001 0.000 0.159 0.035 0.203 NewGC_pause3 138.261731 ]
[138.263s][info][safepoint] Application time: 0.0013258 seconds
[138.264s][info][safepoint] Total time for which application threads were stopped: 0.0001460 seconds, Stopping threads took: 0.0000005 seconds
[138.264s][info][gc       ] [SPS 0.000 0.003 0.002 0.007 0.001 0.001 0.000 0.110 0.027 0.146 NewGC_pause4 138.263203 ]
[138.264s][info][gc       ] [GC New Max 363-342 : 5120 2922 2136 5120 - - 1047 56 2 2 - : 124 1796 32 184 910 : 120 4 790 790 0 : 0 1 60 0 62 - 0 : 0.204611 3127.9 0.0 0.054032 2406.0 0.0 : 8 --c 0000 : 23 0 0.000 0.000 0 0.000 0.000 0 0.000 0.000 : 138.209594 138.212096 0.000251 138.258590 0.000135 138.261528 0.000073 138.263057 0.000067 : 138.263626 ]
[138.264s][info][gc       ] [SYSINFO 7577 191 89 0 7042 0 20 0 0 5745 : - - - - - - - - : 0 7168 : 1.97 1.26 1.46 : 278178 4215628 : 0 0 : 32 0 : 1547 2 0 259 : - 7673073664 333475840 1440206848 5939011584 199643136 93806592 : 140688591 5204430 147160 0 0 0 : 138.263853 ]
[138.264s][info][gc       ] [HUGEPAGESTAT 0 0 0 - 20840 0 0 : 612352 0 0 : 138.263853 ]
[138.264s][info][gc       ] [OBJCREAT 310385953 25444 15831040 : 138.263901 ]
[138.264s][info][gc       ] [HMSV All : 0 0 90 0 0 0 0 0 : 5062 0 0 0 : 138.263919 ]
[138.264s][info][gc       ] [HMSP 9 : 41100 0 : 138.263919 ]
[138.264s][info][gc       ] [VMAC 65530 166 24 430 620 : 138.264417 ]
[138.487s][info][gc       ] [GPGC-H  3059.2 598.4 0.1 0.0 : 6.0 : 0.434 0.487 : 0.847 1.643 0.864 1.882 : 2.991 0.805 1.030 2.196 1.953 0.445 : 0.000 : 91.570 : 786 1796 32 0 : 2267 : 4608 4424 : 138.487341 : 9 Next_heuristic_check_may_be_too_late ]
[138.490s][info][safepoint] Application time: 0.2269206 seconds
[138.491s][info][safepoint] Total time for which application threads were stopped: 0.0002019 seconds, Stopping threads took: 0.0000009 seconds
[138.491s][info][gc       ] [SPS 0.000 0.005 0.004 0.010 0.001 0.001 0.001 0.155 0.034 0.202 NewGC_pause1 138.490326 ]
[138.543s][info][safepoint] Application time: 0.0522121 seconds
[138.543s][info][safepoint] Total time for which application threads were stopped: 0.0001569 seconds, Stopping threads took: 0.0000005 seconds
[138.544s][info][gc       ] [SPS 0.000 0.002 0.000 0.008 0.001 0.001 0.000 0.123 0.024 0.157 NewGC_pause2 138.542695 ]
[138.545s][info][safepoint] Application time: 0.0024987 seconds
[138.546s][info][safepoint] Total time for which application threads were stopped: 0.0002325 seconds, Stopping threads took: 0.0000005 seconds
[138.546s][info][gc       ] [SPS 0.000 0.001 0.000 0.008 0.001 0.001 0.000 0.182 0.041 0.233 NewGC_pause3 138.545427 ]
[138.547s][info][safepoint] Application time: 0.0014664 seconds
[138.547s][info][safepoint] Total time for which application threads were stopped: 0.0001820 seconds, Stopping threads took: 0.0000005 seconds
[138.548s][info][gc       ] [SPS 0.000 0.003 0.002 0.007 0.000 0.001 0.000 0.129 0.044 0.182 NewGC_pause4 138.547075 ]
[138.548s][info][gc       ] [GC New Max 364-343 : 5120 2974 2186 5120 - - 1047 56 2 2 - : 174 1796 32 184 962 : 168 4 793 793 0 : 0 1 84 0 87 - 0 : 0.224247 2961.0 0.0 0.059637 2984.7 0.0 : 8 --c 0000 : 23 0 0.000 0.000 0 0.000 0.000 0 0.000 0.000 : 138.487873 138.490124 0.000162 138.542538 0.000053 138.545194 0.000066 138.546893 0.000061 : 138.547510 ]
[138.548s][info][gc       ] [SYSINFO 7577 191 89 0 7042 0 20 0 0 5745 : - - - - - - - - : 0 7168 : 1.97 1.26 1.46 : 278178 4215628 : 0 0 : 32 0 : 1547 3 0 259 : - 7673073664 333475840 1440206848 5939011584 199643136 93806592 : 140688591 5205090 147210 0 0 0 : 138.547759 ]
[138.548s][info][gc       ] [HUGEPAGESTAT 0 0 0 - 20840 0 0 : 612352 0 0 : 138.547759 ]
[138.548s][info][gc       ] [OBJCREAT 311221780 25444 15831040 : 138.547811 ]
[138.548s][info][gc       ] [HMSV All : 0 0 90 0 0 0 0 0 : 5062 0 0 0 : 138.547833 ]
[138.548s][info][gc       ] [HMSP 9 : 41100 0 : 138.547833 ]
[138.548s][info][gc       ] [VMAC 65530 166 24 430 620 : 138.548352 ]
[138.750s][info][gc       ] [GPGC-H  3059.2 584.7 0.1 0.0 : 5.9 : 0.432 0.487 : 0.847 1.643 0.864 1.882 : 2.982 0.805 1.030 2.196 1.953 0.445 : 0.000 : 91.339 : 840 1796 32 0 : 2267 : 4608 4424 : 138.750284 : 9 Next_heuristic_check_may_be_too_late ]
[138.753s][info][safepoint] Application time: 0.2059658 seconds
[138.754s][info][safepoint] Total time for which application threads were stopped: 0.0002848 seconds, Stopping threads took: 0.0000005 seconds
[138.754s][info][gc       ] [SPS 0.000 0.005 0.005 0.009 0.001 0.001 0.019 0.239 0.018 0.285 NewGC_pause1 138.753326 ]
[138.805s][info][safepoint] Application time: 0.0510790 seconds
[138.805s][info][safepoint] Total time for which application threads were stopped: 0.0001910 seconds, Stopping threads took: 0.0000005 seconds
[138.806s][info][gc       ] [SPS 0.000 0.001 0.000 0.008 0.001 0.001 0.000 0.136 0.045 0.191 NewGC_pause2 138.804596 ]
[138.807s][info][safepoint] Application time: 0.0020336 seconds
[138.807s][info][safepoint] Total time for which application threads were stopped: 0.0001429 seconds, Stopping threads took: 0.0000005 seconds
[138.807s][info][gc       ] [SPS 0.000 0.000 0.000 0.008 0.001 0.001 0.000 0.110 0.024 0.143 NewGC_pause3 138.806773 ]
[138.808s][info][safepoint] Application time: 0.0014014 seconds
[138.809s][info][safepoint] Total time for which application threads were stopped: 0.0001968 seconds, Stopping threads took: 0.0000005 seconds
[138.809s][info][gc       ] [SPS 0.000 0.003 0.002 0.007 0.001 0.001 0.000 0.133 0.055 0.197 NewGC_pause4 138.808371 ]
[138.809s][info][gc       ] [GC New Max 365-344 : 5120 3010 2170 5120 - - 1047 56 2 2 - : 158 1796 32 184 998 : 152 4 844 844 0 : 0 1 76 0 79 - 0 : 0.203243 3286.7 0.0 0.058048 2756.3 0.0 : 8 --c 0000 : 23 0 0.000 0.000 0 0.000 0.000 0 0.000 0.000 : 138.750754 138.753041 0.000262 138.804405 0.000079 138.806630 0.000067 138.808174 0.000099 : 138.808802 ]
[138.809s][info][gc       ] [SYSINFO 7577 191 89 0 7042 0 20 0 0 5745 : - - - - - - - - : 0 7168 : 1.97 1.26 1.46 : 278178 4215628 : 0 0 : 32 0 : 1547 2 0 259 : - 7673073664 333475840 1440206848 5939011584 199643136 93806592 : 140688591 5205730 147220 0 0 0 : 138.809111 ]
[138.809s][info][gc       ] [HUGEPAGESTAT 0 0 0 - 20840 0 0 : 612352 0 0 : 138.809111 ]
[138.809s][info][gc       ] [OBJCREAT 312038878 25444 15831040 : 138.809168 ]
[138.809s][info][gc       ] [HMSV All : 0 0 90 0 0 0 0 0 : 5062 0 0 0 : 138.809184 ]
[138.809s][info][gc       ] [HMSP 9 : 41100 0 : 138.809184 ]
[138.810s][info][gc       ] [VMAC 65530 166 24 430 620 : 138.809706 ]
[139.011s][info][gc       ] [GPGC-H  3059.2 584.7 0.1 0.0 : 5.9 : 0.431 0.487 : 0.847 1.643 0.864 1.882 : 2.974 0.805 1.030 2.196 1.953 0.445 : 0.000 : 91.130 : 820 1796 32 0 : 2267 : 4608 4424 : 139.011461 : 9 Next_heuristic_check_may_be_too_late ]
[139.015s][info][safepoint] Application time: 0.2060962 seconds
[139.015s][info][safepoint] Total time for which application threads were stopped: 0.0003410 seconds, Stopping threads took: 0.0000005 seconds
[139.016s][info][gc       ] [SPS 0.000 0.004 0.002 0.029 0.001 0.001 0.000 0.283 0.027 0.341 NewGC_pause1 139.014809 ]
[139.066s][info][safepoint] Application time: 0.0513132 seconds
[139.067s][info][safepoint] Total time for which application threads were stopped: 0.0001648 seconds, Stopping threads took: 0.0000005 seconds
[139.067s][info][gc       ] [SPS 0.000 0.001 0.000 0.008 0.000 0.001 0.000 0.131 0.025 0.165 NewGC_pause2 139.066287 ]
[139.069s][info][safepoint] Application time: 0.0022019 seconds
[139.069s][info][safepoint] Total time for which application threads were stopped: 0.0000805 seconds, Stopping threads took: 0.0000005 seconds
[139.069s][info][gc       ] [SPS 0.000 0.000 0.000 0.007 0.000 0.001 0.000 0.052 0.020 0.081 NewGC_pause3 139.068569 ]
[139.070s][info][safepoint] Application time: 0.0014409 seconds
[139.070s][info][safepoint] Total time for which application threads were stopped: 0.0001902 seconds, Stopping threads took: 0.0000005 seconds
[139.071s][info][gc       ] [SPS 0.000 0.002 0.002 0.007 0.000 0.001 0.000 0.154 0.027 0.190 NewGC_pause4 139.070200 ]
[139.071s][info][gc       ] [GC New Max 366-345 : 5120 3008 2188 5120 - - 1047 56 2 2 - : 176 1796 32 184 996 : 170 4 825 825 0 : 0 1 85 0 88 - 0 : 0.203273 3266.5 0.0 0.058468 3044.4 0.0 : 8 --c 0000 : 23 0 0.000 0.000 0 0.000 0.000 0 0.000 0.000 : 139.012075 139.014468 0.000258 139.066122 0.000068 139.068488 0.000049 139.070010 0.000090 : 139.070543 ]
[139.071s][info][gc       ] [SYSINFO 7577 191 89 0 7042 0 20 0 0 5745 : - - - - - - - - : 0 7168 : 1.97 1.26 1.46 : 278178 4215628 : 0 0 : 32 0 : 1547 2 0 259 : - 7673073664 333475840 1440206848 5939011584 199643136 93806592 : 140688591 5206380 147240 0 0 0 : 139.070845 ]
[139.071s][info][gc       ] [HUGEPAGESTAT 0 0 0 - 20840 0 0 : 612352 0 0 : 139.070845 ]
[139.071s][info][gc       ] [OBJCREAT 312874532 25444 15831040 : 139.070912 ]
[139.071s][info][gc       ] [HMSV All : 0 0 90 0 0 0 0 0 : 5062 0 0 0 : 139.070927 ]
[139.071s][info][gc       ] [HMSP 9 : 41100 0 : 139.070927 ]
[139.071s][info][gc       ] [VMAC 65530 166 24 430 620 : 139.071481 ]
[139.273s][info][gc       ] [GPGC-H  3059.2 584.7 0.1 0.0 : 5.9 : 0.430 0.487 : 0.847 1.643 0.864 1.882 : 2.966 0.805 1.030 2.196 1.953 0.445 : 0.000 : 90.923 : 802 1796 32 0 : 2267 : 4608 4424 : 139.273097 : 9 Next_heuristic_check_may_be_too_late ]
[139.277s][info][safepoint] Application time: 0.2064793 seconds
[139.278s][info][safepoint] Total time for which application threads were stopped: 0.0002838 seconds, Stopping threads took: 0.0000008 seconds
[139.278s][info][gc       ] [SPS 0.000 0.006 0.005 0.016 0.001 0.001 0.001 0.210 0.056 0.284 NewGC_pause1 139.276964 ]
[139.327s][info][safepoint] Application time: 0.0494545 seconds
[139.327s][info][safepoint] Total time for which application threads were stopped: 0.0001353 seconds, Stopping threads took: 0.0000005 seconds
[139.328s][info][gc       ] [SPS 0.000 0.001 0.000 0.008 0.000 0.001 0.000 0.108 0.017 0.135 NewGC_pause2 139.326554 ]
[139.330s][info][safepoint] Application time: 0.0030080 seconds
[139.330s][info][safepoint] Total time for which application threads were stopped: 0.0001327 seconds, Stopping threads took: 0.0000005 seconds
[139.331s][info][gc       ] [SPS 0.000 0.000 0.000 0.007 0.000 0.001 0.000 0.100 0.024 0.133 NewGC_pause3 139.329695 ]
[139.331s][info][safepoint] Application time: 0.0014047 seconds
[139.332s][info][safepoint] Total time for which application threads were stopped: 0.0001727 seconds, Stopping threads took: 0.0000063 seconds
[139.332s][info][gc       ] [SPS 0.000 0.003 0.002 0.007 0.006 0.012 0.000 0.122 0.026 0.173 NewGC_pause4 139.331272 ]
[139.332s][info][gc       ] [GC New Max 367-346 : 5120 2934 2134 5120 - - 1047 56 2 2 - : 122 1796 32 184 922 : 116 4 805 805 0 : 0 1 58 0 61 - 0 : 0.202937 3094.6 0.0 0.058490 2085.8 0.0 : 8 --c 0000 : 23 0 0.000 0.000 0 0.000 0.000 0 0.000 0.000 : 139.273480 139.276680 0.000211 139.326418 0.000075 139.329562 0.000053 139.331099 0.000090 : 139.331970 ]
[139.332s][info][gc       ] [SYSINFO 7577 191 89 0 7042 0 20 0 0 5745 : - - - - - - - - : 0 7168 : 1.97 1.26 1.46 : 278178 4215628 : 0 0 : 32 0 : 1547 2 0 259 : - 7673073664 333475840 1440206848 5939011584 199643136 93806592 : 140688591 5206990 147250 0 0 0 : 139.332257 ]
[139.332s][info][gc       ] [HUGEPAGESTAT 0 0 0 - 20840 0 0 : 612352 0 0 : 139.332257 ]
[139.332s][info][gc       ] [OBJCREAT 313615783 25444 15831040 : 139.332305 ]
[139.332s][info][gc       ] [HMSV All : 0 0 90 0 0 0 0 0 : 5062 0 0 0 : 139.332324 ]
[139.332s][info][gc       ] [HMSP 9 : 41100 0 : 139.332324 ]
[139.333s][info][gc       ] [VMAC 65530 166 24 430 620 : 139.332883 ]
[139.415s][info][gc       ] [GPGC-H  3059.2 584.7 0.1 0.0 : 5.9 : 0.429 0.487 : 0.847 1.643 0.864 1.882 : 2.958 0.805 1.030 2.196 1.953 0.445 : 0.000 : 90.716 : 802 1796 32 0 : 2267 : 4608 4424 : 139.414948 : 9 Next_heuristic_check_may_be_too_late ]
[139.418s][info][safepoint] Application time: 0.0864710 seconds
[139.419s][info][safepoint] Total time for which application threads were stopped: 0.0002783 seconds, Stopping threads took: 0.0000005 seconds
[139.419s][info][gc       ] [SPS 0.000 0.004 0.031 0.008 0.001 0.001 0.000 0.249 0.020 0.278 NewGC_pause1 139.418022 ]
[139.561s][info][safepoint] Application time: 0.1429775 seconds
[139.562s][info][safepoint] Total time for which application threads were stopped: 0.0001283 seconds, Stopping threads took: 0.0000005 seconds
[139.562s][info][gc       ] [SPS 0.000 0.001 0.000 0.008 0.001 0.001 0.001 0.102 0.017 0.128 NewGC_pause2 139.561127 ]
[139.563s][info][safepoint] Application time: 0.0020125 seconds
[139.563s][info][safepoint] Total time for which application threads were stopped: 0.0001172 seconds, Stopping threads took: 0.0000005 seconds
[139.564s][info][gc       ] [SPS 0.000 0.001 0.000 0.007 0.000 0.001 0.000 0.093 0.015 0.117 NewGC_pause3 139.563257 ]
[139.566s][info][safepoint] Application time: 0.0026467 seconds
[139.566s][info][safepoint] Total time for which application threads were stopped: 0.0001297 seconds, Stopping threads took: 0.0000015 seconds
[139.566s][info][gc       ] [SPS 0.000 0.003 0.002 0.008 0.001 0.001 0.000 0.100 0.018 0.130 NewGC_pause4 139.566034 ]
[139.567s][info][gc       ] [GC New Max 368-347 : 5120 3416 3196 5120 - - 1047 56 2 2 - : 1184 1796 32 184 1404 : 1175 12 225 225 0 : 0 2 294 0 513 - 79 : 0.083464 8195.2 0.0 0.151210 3954.8 0.0 : 8 --c 0000 : 23 0 0.000 0.000 0 0.000 0.000 0 0.000 0.000 : 139.415434 139.417743 0.000253 139.560999 0.000108 139.563140 0.000098 139.565904 0.000107 : 139.566644 ]
[139.567s][info][gc       ] [SYSINFO 7577 191 89 0 7042 0 20 0 0 5745 : - - - - - - - - : 0 7168 : 2.29 1.34 1.48 : 278178 4215628 : 0 0 : 32 0 : 1547 3 0 259 : - 7673073664 333475840 1440206848 5939011584 199643136 93806592 : 140688591 5208310 147250 0 0 0 : 139.566944 ]
[139.567s][info][gc       ] [HUGEPAGESTAT 0 0 0 - 20840 0 0 : 612352 0 0 : 139.566944 ]
[139.567s][info][gc       ] [OBJCREAT 314879202 25444 15831040 : 139.566996 ]
[139.567s][info][gc       ] [HMSV All : 0 0 99 0 0 0 0 0 : 5062 0 0 0 : 139.567015 ]
[139.567s][info][gc       ] [HMSP 9 : 41100 0 : 139.567015 ]
[139.568s][info][gc       ] [VMAC 65530 166 24 430 620 : 139.567722 ]
[139.688s][info][gc       ] [GPGC-H  3059.2 584.7 0.1 0.0 : 5.9 : 0.428 0.487 : 0.847 1.643 0.864 1.882 : 2.951 0.805 1.030 2.196 1.953 0.445 : 0.000 : 90.645 : 1614 1796 32 0 : 2267 : 4608 4424 : 139.688490 : 8 May_exceed_heap_occupancy_target ]
[139.695s][info][safepoint] Application time: 0.1285150 seconds
[139.695s][info][safepoint] Total time for which application threads were stopped: 0.0003272 seconds, Stopping threads took: 0.0000005 seconds
[139.696s][info][gc       ] [SPS 0.000 0.001 0.003 0.007 0.000 0.001 0.000 0.296 0.022 0.327 NewGC_pause1 139.694876 ]
[140.118s][info][safepoint] Application time: 0.4225224 seconds
[140.118s][info][safepoint] Total time for which application threads were stopped: 0.0001027 seconds, Stopping threads took: 0.0000005 seconds
[140.118s][info][gc       ] [SPS 0.000 0.001 0.000 0.007 0.000 0.001 0.000 0.058 0.036 0.103 NewGC_pause2 140.117502 ]
[140.119s][info][safepoint] Application time: 0.0012877 seconds
[140.119s][info][safepoint] Total time for which application threads were stopped: 0.0001753 seconds, Stopping threads took: 0.0000005 seconds
[140.120s][info][gc       ] [SPS 0.000 0.001 0.000 0.007 0.000 0.001 0.000 0.140 0.027 0.176 NewGC_pause3 140.118965 ]
[140.121s][info][safepoint] Application time: 0.0021937 seconds
[140.122s][info][safepoint] Total time for which application threads were stopped: 0.0002304 seconds, Stopping threads took: 0.0000005 seconds
[140.123s][info][gc       ] [SPS 0.000 0.275 0.003 0.007 0.001 0.001 0.000 0.196 0.026 0.230 NewGC_pause4 140.121389 ]
[140.123s][info][gc       ] [GC NTO Max 369-348 : 5120 4110 4030 5120 - - 1047 56 2 2 - : 2018 1796 32 184 2098 : 2003 11 85 85 0 : 0 2 230 0 917 - 92 : 0.122232 3534.3 0.0 0.433360 1121.5 0.0 : 8 --c 0000 : 23 0 0.000 0.000 0 0.000 0.000 0 0.000 0.000 : 139.688876 139.694549 0.000275 140.117399 0.000056 140.118789 0.000088 140.121158 0.000154 : 140.122236 ]
[140.123s][info][gc       ] [SYSINFO 7577 191 89 0 7042 0 20 0 0 5745 : - - - - - - - - : 0 7168 : 2.29 1.34 1.48 : 278178 4215628 : 0 0 : 32 0 : 1547 6 0 259 : - 7673073664 333475840 1440206848 5939011584 199643136 93806592 : 140688591 5211450 147360 0 0 0 : 140.122571 ]
[140.123s][info][gc       ] [HUGEPAGESTAT 0 0 0 - 20840 0 0 : 612352 0 0 : 140.122571 ]
[140.123s][info][gc       ] [OBJCREAT 315792765 25508 15831040 : 140.122625 ]
[140.123s][info][gc       ] [HMSV All : 0 0 100 0 0 0 0 0 : 5062 0 0 0 : 140.122648 ]
[140.123s][info][gc       ] [HMSP 9 : 41100 0 : 140.122648 ]
[140.124s][info][gc       ] [VMAC 65530 166 24 430 620 : 140.123966 ]
[140.185s][info][gc       ] [GPGC-H  3059.2 584.7 0.1 0.0 : 5.9 : 0.433 0.487 : 0.847 1.643 0.864 1.882 : 2.938 0.805 1.030 2.196 1.953 0.445 : 0.000 : 90.564 : 2196 1796 32 0 : 2267 : 4608 4424 : 140.184887 : 8 May_exceed_heap_occupancy_target ]
[140.190s][info][safepoint] Application time: 0.0682631 seconds
[140.191s][info][safepoint] Total time for which application threads were stopped: 0.0004415 seconds, Stopping threads took: 0.0000006 seconds
[140.191s][info][gc       ] [SPS 0.000 0.208 0.005 0.009 0.001 0.001 0.001 0.382 0.048 0.442 NewGC_pause1 140.190094 ]
[140.600s][info][safepoint] Application time: 0.4097514 seconds
[140.600s][info][safepoint] Total time for which application threads were stopped: 0.0000693 seconds, Stopping threads took: 0.0000005 seconds
[140.601s][info][gc       ] [SPS 0.000 0.001 0.000 0.009 0.001 0.001 0.001 0.053 0.005 0.069 NewGC_pause2 140.599914 ]
[140.602s][info][safepoint] Application time: 0.0015132 seconds
[140.602s][info][safepoint] Total time for which application threads were stopped: 0.0000932 seconds, Stopping threads took: 0.0000005 seconds
[140.602s][info][gc       ] [SPS 0.000 0.001 0.000 0.008 0.000 0.001 0.000 0.063 0.020 0.093 NewGC_pause3 140.601521 ]
[140.618s][info][safepoint] Application time: 0.0161108 seconds
[140.618s][info][safepoint] Total time for which application threads were stopped: 0.0001083 seconds, Stopping threads took: 0.0000006 seconds
[140.619s][info][gc       ] [SPS 0.001 0.079 0.007 0.009 0.001 0.001 0.000 0.074 0.024 0.108 NewGC_pause4 140.617741 ]
[140.738s][info][gc       ] [GC New Max 371-349 : 5120 4822 4696 5120 - - 1047 56 2 2 - : 2682 1796 34 184 2810 : 2366 14 434 434 93 : 0 310 302 0 1286 - 55 : 0.063220 2847.2 0.0 0.551755 1486.2 3.6 : 8 --c 0000 : 23 3463 0.000 0.000 0 0.000 0.000 3463 0.000 0.000 : 140.185456 140.189652 0.000348 140.599845 0.000057 140.601428 0.000069 140.617632 0.000076 : 140.737210 ]
[140.738s][info][gc       ] [SYSINFO 7577 191 89 0 7042 0 20 0 0 5745 : - - - - - - - - : 0 7168 : 2.29 1.34 1.48 : 278178 4215628 : 0 0 : 32 0 : 1547 3 0 259 : - 7673073664 333475840 1440206848 5939011584 199643136 93806592 : 140688591 5218740 147510 0 0 0 : 140.737541 ]
[140.738s][info][gc       ] [HUGEPAGESTAT 0 0 0 - 20840 0 0 : 612352 0 0 : 140.737541 ]
[140.738s][info][gc       ] [OBJCREAT 316783224 25508 15831040 : 140.737603 ]
[140.738s][info][gc       ] [HMSV All : 0 0 100 0 0 0 0 0 : 5062 0 0 0 : 140.737624 ]
[140.738s][info][gc       ] [HMSP 9 : 41100 0 : 140.737624 ]
[140.738s][info][safepoint] Application time: 0.1196817 seconds
[140.738s][info][gc       ] [VMAC 65530 166 24 430 620 : 140.738218 ]
[140.738s][info][gc       ] [GPGC-H  3048.6 570.6 0.1 0.0 : 5.7 : 0.551 0.487 : 0.847 1.643 0.864 1.882 : 2.938 0.805 1.030 2.196 1.953 0.445 : 0.000 : 90.558 : 2682 1796 34 0 : 2267 : 4608 4424 : 140.738300 : 3 Heap_use_exceeded_committed ]
[140.739s][info][safepoint] Total time for which application threads were stopped: 0.0006856 seconds, Stopping threads took: 0.0000005 seconds
[140.739s][info][gc       ] [SPS 0.000 0.001 0.000 0.008 0.000 0.001 0.000 0.640 0.036 0.685 OldGC_pause2 140.738108 ]
[140.741s][info][safepoint] Application time: 0.0025984 seconds
[140.741s][info][safepoint] Total time for which application threads were stopped: 0.0000665 seconds, Stopping threads took: 0.0000005 seconds
[140.741s][info][gc       ] [SPS 0.000 0.000 0.000 0.007 0.001 0.001 0.000 0.042 0.016 0.066 OldGC_pause3 140.740773 ]
[140.747s][info][safepoint] Application time: 0.0063966 seconds
[140.748s][info][safepoint] Total time for which application threads were stopped: 0.0001560 seconds, Stopping threads took: 0.0000007 seconds
[140.748s][info][gc       ] [SPS 0.000 0.003 0.002 0.009 0.001 0.001 0.000 0.123 0.022 0.156 NewGC_pause1 140.747326 ]
[141.097s][info][safepoint] Application time: 0.3497374 seconds
[141.098s][info][safepoint] Total time for which application threads were stopped: 0.0000854 seconds, Stopping threads took: 0.0000006 seconds
[141.098s][info][gc       ] [SPS 0.000 0.001 0.000 0.009 0.001 0.001 0.000 0.054 0.021 0.085 NewGC_pause2 141.097149 ]
[141.099s][info][safepoint] Application time: 0.0020837 seconds
[141.100s][info][safepoint] Total time for which application threads were stopped: 0.0000770 seconds, Stopping threads took: 0.0000005 seconds
[141.100s][info][gc       ] [SPS 0.000 0.001 0.000 0.006 0.000 0.001 0.000 0.065 0.004 0.077 NewGC_pause3 141.099309 ]
[141.104s][info][safepoint] Application time: 0.0042291 seconds
[141.104s][info][safepoint] Total time for which application threads were stopped: 0.0000996 seconds, Stopping threads took: 0.0000006 seconds
[141.104s][info][gc       ] [SPS 0.000 0.005 0.003 0.009 0.001 0.001 0.000 0.069 0.020 0.099 NewGC_pause4 141.103638 ]
[141.126s][info][gc       ] [GC New Max 372-350 : 5120 4914 4124 5120 - - 1047 56 2 2 - : 2110 1796 34 184 2900 : 1965 14 921 921 0 : 0 73 100 0 1000 - 55 : 0.006042 1986.2 0.0 0.382366 680.0 0.0 : 8 --c 0000 : 23 6225 0.000 0.000 0 0.000 0.000 6225 0.000 0.000 : 140.743252 140.747170 0.000126 141.097063 0.000057 141.099233 0.000068 141.103539 0.000073 : 141.125618 ]
[141.126s][info][gc       ] [SYSINFO 7577 191 89 0 7042 0 20 0 0 5745 : - - - - - - - - : 0 7168 : 2.29 1.34 1.48 : 278178 4215628 : 0 0 : 32 0 : 1547 2 0 259 : - 7673073664 333475840 1440206848 5939011584 199643136 93806592 : 140688591 5221920 147600 0 0 0 : 141.125918 ]
[141.126s][info][gc       ] [HUGEPAGESTAT 0 0 0 - 20840 0 0 : 612352 0 0 : 141.125918 ]
[141.126s][info][gc       ] [OBJCREAT 317057852 25508 15831040 : 141.125993 ]
[141.126s][info][gc       ] [HMSV All : 0 0 100 0 0 0 0 0 : 5062 0 0 0 : 141.126014 ]
[141.126s][info][gc       ] [HMSP 9 : 41100 0 : 141.126014 ]
[141.127s][info][gc       ] [VMAC 65530 166 24 430 620 : 141.126580 ]
[141.127s][info][gc       ] [GPGC-H  3038.2 570.6 0.1 0.0 : 5.7 : 0.551 0.487 : 0.847 1.643 0.864 1.882 : 2.934 0.805 1.030 2.196 1.953 0.445 : 0.000 : 99.728 : 2112 1796 34 0 : 2267 : 4608 4424 : 141.126796 : 8 May_exceed_heap_occupancy_target ]
[141.130s][info][safepoint] Application time: 0.0259938 seconds
[141.130s][info][safepoint] Total time for which application threads were stopped: 0.0002421 seconds, Stopping threads took: 0.0000005 seconds
[141.131s][info][gc       ] [SPS 0.000 0.003 0.004 0.007 0.001 0.001 0.000 0.211 0.022 0.242 OldGC_pause4 141.129874 ]
[141.137s][info][safepoint] Application time: 0.0064690 seconds
[141.137s][info][gc       ] [GC Old Max 370-22 : 5120 4914 4140 5120 - - 1049 56 2 2 - : 2136 1786 34 184 1848 : 1798 21 2 2 0 : 0 17 1 3 855 - 55 : 11.166785 29.6 0.2 1.444879 0.0 1.4 : 4 --c 0000 : 23   -    -    -    -    -    -    -    -    -  : 139.691727 139.694549 0.000275 140.737422 0.000641 140.740706 0.000046 141.129632 0.000219 : 141.136606 ]
[141.137s][info][gc       ] [SYSINFO 7577 191 89 0 7042 0 20 0 0 5745 : - - - - - - - - : 0 7168 : 2.29 1.34 1.48 : 278178 4215628 : 0 0 : 32 0 : 1547 7 0 259 : - 7673073664 333475840 1440206848 5939011584 199643136 93806592 : 140688591 5221950 147620 0 0 0 : 141.136833 ]
[141.137s][info][gc       ] [HUGEPAGESTAT 0 0 0 - 20840 0 0 : 612352 0 0 : 141.136833 ]
[141.137s][info][gc       ] [OBJCREAT 317082494 25508 15831040 : 141.136882 ]
[141.137s][info][gc       ] [HMSV All : 0 0 100 0 0 0 0 0 : 5062 0 0 0 : 141.136900 ]
[141.137s][info][gc       ] [HMSP 9 : 41100 0 : 141.136900 ]
[141.137s][info][gc       ] [COMPSTATS 1 : 5 0 : 1 0 : 0 0 : 527 4 0 0 0 0 : 0 0 0 0 0 0 : 197 200 21 : 531 0 0 0 0 0 0 : 531 0 0 0 0 0 0 ]
[141.137s][info][gc       ] [COMPSTATS 2 : 5 0 : 1 0 : 0 0 : 133 9 0 0 0 0 : 0 0 0 0 0 0 : 62012 62071 10930 : 76 38 28 0 0 0 0 : 17 102 17 3 3 0 0 ]
[141.137s][info][gc       ] [DEOPTSTATS 1 : 1 0 : 0 0 : 0 0 : 0 0 : 0 12 : 0 0 : 0 0 : 0 0 : 0 0 : 0 0 : 0 0 : 0 0 : 0 0 : 0 0 : 0 0 : 0 0 : 0 0 : 0 0 : 0 0 : 0 0 : 0 0 : 0 0 : 0 0 : 0 0 : 0 0 : 0 0 : 0 0 : 0 0 : 0 0 : 0 0 : 6 0 : 0 0 : 0 0 : 0 0 : 0 0 : 0 0 : 0 0 : 0 0 : 0 0 : 0 0 : 0 0 : 0 0 ]
[141.137s][info][gc       ] [DEOPTSTATS 2 : 0 0 : 0 0 : 0 0 : 0 0 : 0 0 : 0 0 : 0 13 : 0 0 : 0 0 : 0 0 : 0 0 : 0 0 : 0 0 : 0 0 : 0 0 : 0 0 : 0 0 : 0 0 : 0 0 : 0 0 : 0 1 : 0 0 : 0 0 : 0 0 : 0 0 : 0 0 : 0 0 : 0 0 : 0 0 : 0 0 : 4 0 : 0 0 : 0 0 : 0 0 : 0 1 : 0 0 : 0 0 : 0 0 : 0 0 : 0 5 : 0 0 : 0 0 ]
[141.137s][info][safepoint] Total time for which application threads were stopped: 0.0001597 seconds, Stopping threads took: 0.0000005 seconds
[141.137s][info][gc       ] [VMAC 65530 166 24 430 620 : 141.137434 ]
[141.138s][info][gc       ] [CCF 0 0 0 0 36 229376: 2982912 : 380 196608 : 3 49152 : 317 311808 :  519 631296 : 118 412160 : 0 0 : 14 1146880 : 1 2048]
[141.138s][info][gc       ] [SPS 0.000 0.926 0.002 0.008 0.001 0.001 0.000 0.119 0.031 0.160 NewGC_pause1 141.136503 ]
[141.483s][info][safepoint] Application time: 0.3468139 seconds
[141.484s][info][safepoint] Total time for which application threads were stopped: 0.0000804 seconds, Stopping threads took: 0.0000005 seconds
[141.484s][info][gc       ] [SPS 0.000 0.001 0.000 0.008 0.001 0.001 0.001 0.051 0.019 0.081 NewGC_pause2 141.483398 ]
[141.485s][info][safepoint] Application time: 0.0016661 seconds
[141.485s][info][safepoint] Total time for which application threads were stopped: 0.0000942 seconds, Stopping threads took: 0.0000004 seconds
[141.485s][info][gc       ] [SPS 0.000 0.000 0.000 0.007 0.000 0.001 0.000 0.061 0.025 0.094 NewGC_pause3 141.485158 ]
[141.496s][info][safepoint] Application time: 0.0112305 seconds
[141.497s][info][safepoint] Total time for which application threads were stopped: 0.0001020 seconds, Stopping threads took: 0.0000005 seconds
[141.497s][info][gc       ] [SPS 0.000 0.004 0.004 0.011 0.000 0.001 0.000 0.067 0.022 0.102 NewGC_pause4 141.496491 ]
[141.568s][info][gc       ] [GC New Max 373-351 : 5120 4764 4568 5120 - - 1049 56 2 2 - : 2564 1786 34 184 2760 : 2393 14 356 356 0 : 0 241 314 0 1227 - 55 : 0.005904 2371.3 0.0 0.436656 1745.1 0.0 : 8 --c 0000 : 23 1651 0.000 0.000 0 0.000 0.000 1651 0.000 0.000 : 141.131522 141.136343 0.000119 141.483317 0.000052 141.485064 0.000067 141.496389 0.000073 : 141.568178 ]
[141.569s][info][gc       ] [SYSINFO 7577 191 89 0 7042 0 20 0 0 5745 : - - - - - - - - : 0 7168 : 2.29 1.34 1.48 : 278178 4215628 : 0 0 : 32 0 : 1547 2 0 259 : - 7673073664 333475840 1440206848 5939011584 199643136 93806592 : 140688591 5225760 147660 0 0 0 : 141.568464 ]
[141.569s][info][gc       ] [HUGEPAGESTAT 0 0 0 - 20840 0 0 : 612352 0 0 : 141.568464 ]
[141.569s][info][gc       ] [OBJCREAT 317825561 25508 15831040 : 141.568524 ]
[141.569s][info][gc       ] [HMSV All : 0 0 100 0 0 0 0 0 : 5062 0 0 0 : 141.568545 ]
[141.569s][info][gc       ] [HMSP 9 : 41100 0 : 141.568545 ]
[141.569s][info][gc       ] [VMAC 65530 166 24 430 620 : 141.569101 ]
[141.569s][info][gc       ] [GPGC-H  3033.1 570.6 0.1 0.0 : 5.7 : 0.550 1.445 : 0.847 1.659 0.864 1.882 : 2.934 1.618 1.030 2.196 1.953 0.445 : 0.000 : 99.727 : 2566 1786 34 0 : 2267 : 4608 4424 : 141.569257 : 9 Next_heuristic_check_may_be_too_late ]
[141.573s][info][safepoint] Application time: 0.0759267 seconds
[141.573s][info][safepoint] Total time for which application threads were stopped: 0.0001446 seconds, Stopping threads took: 0.0000005 seconds
[141.573s][info][gc       ] [SPS 0.000 0.004 0.005 0.007 0.000 0.001 0.000 0.115 0.020 0.144 NewGC_pause1 141.572562 ]
[141.937s][info][safepoint] Application time: 0.3640512 seconds
[141.937s][info][safepoint] Total time for which application threads were stopped: 0.0001400 seconds, Stopping threads took: 0.0000004 seconds
[141.938s][info][gc       ] [SPS 0.000 0.001 0.000 0.006 0.000 0.001 0.001 0.115 0.016 0.140 NewGC_pause2 141.936753 ]
[141.939s][info][safepoint] Application time: 0.0024974 seconds
[141.940s][info][safepoint] Total time for which application threads were stopped: 0.0000852 seconds, Stopping threads took: 0.0000004 seconds
[141.940s][info][gc       ] [SPS 0.000 0.000 0.000 0.008 0.000 0.001 0.000 0.054 0.022 0.085 NewGC_pause3 141.939336 ]
[141.953s][info][safepoint] Application time: 0.0132696 seconds
[141.953s][info][safepoint] Total time for which application threads were stopped: 0.0001834 seconds, Stopping threads took: 0.0000006 seconds
[141.954s][info][gc       ] [SPS 0.000 0.004 0.005 0.009 0.001 0.001 0.000 0.128 0.045 0.184 NewGC_pause4 141.952789 ]
[142.107s][info][gc       ] [GC New Max 374-352 : 5120 4896 4444 5120 - - 1049 56 2 2 - : 1768 2458 34 184 2892 : 2089 6 790 790 19 : 336 0 160 0 829 - 55 : 0.001465 1365.5 0.0 0.536748 1199.8 0.0 : 8 --c 0000 : 23 5712 0.000 0.000 0 0.000 0.000 5712 0.000 0.000 : 141.569642 141.572418 0.000118 141.936614 0.000117 141.939251 0.000051 141.952606 0.000089 : 142.106391 ]
[142.107s][info][gc       ] [SYSINFO 7577 191 89 0 7042 0 20 0 0 5745 : - - - - - - - - : 0 7168 : 2.29 1.34 1.48 : 278178 4215628 : 0 0 : 32 0 : 1547 2 0 259 : - 7673073664 333475840 1440206848 5939011584 199643136 93806592 : 140688591 5230280 147730 0 0 0 : 142.106862 ]
[142.107s][info][gc       ] [HUGEPAGESTAT 0 0 0 - 20840 0 0 : 612352 0 0 : 142.106862 ]
[142.107s][info][gc       ] [OBJCREAT 318470117 25508 16447488 : 142.106963 ]
[142.107s][info][gc       ] [HMSV All : 0 0 100 0 0 0 0 0 : 5062 0 0 0 : 142.106985 ]
[142.107s][info][gc       ] [HMSP 9 : 41100 0 : 142.106985 ]
[142.107s][info][gc       ] [VMAC 65530 166 24 430 620 : 142.107496 ]
[142.108s][info][gc       ] [GPGC-H  3024.3 570.6 0.1 0.0 : 5.7 : 0.550 1.445 : 0.847 1.659 0.864 1.882 : 3.290 1.618 1.030 2.196 1.953 0.445 : 0.000 : 99.728 : 1772 2458 34 0 : 2267 : 4608 4424 : 142.108092 : 11 Old_headroom_use_exceeded_trigger ]
[142.114s][info][safepoint] Application time: 0.1611827 seconds
[142.114s][info][safepoint] Total time for which application threads were stopped: 0.0001933 seconds, Stopping threads took: 0.0000009 seconds
[142.115s][info][gc       ] [SPS 0.001 0.002 0.008 0.015 0.001 0.002 0.001 0.148 0.027 0.193 NewGC_pause1 142.114166 ]
[142.428s][info][safepoint] Application time: 0.3139769 seconds
[142.429s][info][safepoint] Total time for which application threads were stopped: 0.0000807 seconds, Stopping threads took: 0.0000005 seconds
[142.429s][info][gc       ] [SPS 0.000 0.002 0.000 0.007 0.001 0.001 0.000 0.053 0.019 0.081 NewGC_pause2 142.428223 ]
[142.430s][info][safepoint] Application time: 0.0012273 seconds
[142.430s][info][safepoint] Total time for which application threads were stopped: 0.0000551 seconds, Stopping threads took: 0.0000005 seconds
[142.430s][info][gc       ] [SPS 0.000 0.001 0.000 0.007 0.001 0.001 0.000 0.042 0.004 0.055 NewGC_pause3 142.429506 ]
[142.445s][info][safepoint] Application time: 0.0156677 seconds
[142.446s][info][safepoint] Total time for which application threads were stopped: 0.0001344 seconds, Stopping threads took: 0.0000006 seconds
[142.446s][info][gc       ] [SPS 0.001 0.048 0.008 0.009 0.001 0.001 0.000 0.101 0.022 0.134 NewGC_pause4 142.445308 ]
[142.775s][info][gc       ] [GC NTO Max 375-353 : 5120 4848 4774 5120 - - 1055 56 2 2 - : 1316 3240 34 184 2172 : 1496 2 674 674 5 : 391 0 194 0 658 - 0 : 0.002561 2342.5 0.0 0.666102 1474.2 0.0 : 8 --c 0001 : 23 6366 0.000 0.001 0 0.000 0.000 6366 0.000 0.001 : 142.108952 142.113973 0.000156 142.428143 0.000054 142.429451 0.000046 142.445174 0.000106 : 142.775054 ]
[142.775s][info][gc       ] [SYSINFO 7582 191 89 0 7047 0 20 0 0 5745 : - - - - - - - - : 0 7168 : 2.29 1.34 1.48 : 278178 4215628 : 0 0 : 32 0 : 1547 4 0 259 : - 7679426560 333475840 1446559744 5939011584 199643136 93806592 : 140688591 5235850 147810 0 0 0 : 142.775352 ]
[142.775s][info][gc       ] [HUGEPAGESTAT 0 0 0 - 20840 0 0 : 612352 0 0 : 142.775352 ]
[142.775s][info][gc       ] [OBJCREAT 319456500 25573 17248256 : 142.775416 ]
[142.775s][info][gc       ] [HMSV All : 0 0 100 0 0 0 0 0 : 5062 0 0 0 : 142.775434 ]
[142.775s][info][gc       ] [HMSP 9 : 41100 0 : 142.775434 ]
[142.776s][info][safepoint] Application time: 0.3300335 seconds
[142.776s][info][safepoint] Total time for which application threads were stopped: 0.0008217 seconds, Stopping threads took: 0.0000005 seconds
[142.776s][info][gc       ] [GPGC-H  3050.3 679.1 0.1 0.0 : 5.6 : 0.549 1.445 : 0.847 1.659 0.864 1.882 : 3.619 1.618 1.030 2.196 1.953 0.445 : 0.000 : 99.727 : 1318 3240 34 0 : 2267 : 4608 4424 : 142.776168 : 3 Heap_use_exceeded_committed ]
[142.776s][info][gc       ] [VMAC 65530 166 24 430 620 : 142.776403 ]
[142.777s][info][gc       ] [SPS 0.000 0.001 0.000 0.008 0.000 0.001 0.000 0.781 0.032 0.822 OldGC_pause2 142.776163 ]
[142.779s][info][safepoint] Application time: 0.0030332 seconds
[142.780s][info][safepoint] Total time for which application threads were stopped: 0.0001684 seconds, Stopping threads took: 0.0000005 seconds
[142.780s][info][gc       ] [SPS 0.000 0.000 0.000 0.007 0.000 0.001 0.000 0.133 0.026 0.168 OldGC_pause3 142.779365 ]
[142.784s][info][safepoint] Application time: 0.0041716 seconds
[142.784s][info][safepoint] Total time for which application threads were stopped: 0.0002058 seconds, Stopping threads took: 0.0000005 seconds
[142.785s][info][gc       ] [SPS 0.000 0.141 0.002 0.007 0.000 0.001 0.000 0.172 0.025 0.206 NewGC_pause1 142.783743 ]
[142.971s][info][safepoint] Application time: 0.1870913 seconds
[142.971s][info][safepoint] Total time for which application threads were stopped: 0.0000612 seconds, Stopping threads took: 0.0000005 seconds
[142.972s][info][gc       ] [SPS 0.000 0.001 0.000 0.006 0.000 0.001 0.000 0.049 0.005 0.061 NewGC_pause2 142.970895 ]
[142.972s][info][safepoint] Application time: 0.0013862 seconds
[142.973s][info][safepoint] Total time for which application threads were stopped: 0.0000784 seconds, Stopping threads took: 0.0000005 seconds
[142.973s][info][gc       ] [SPS 0.000 0.001 0.000 0.006 0.000 0.001 0.000 0.045 0.026 0.078 NewGC_pause3 142.972360 ]
[142.988s][info][safepoint] Application time: 0.0154686 seconds
[142.989s][info][safepoint] Total time for which application threads were stopped: 0.0001140 seconds, Stopping threads took: 0.0000004 seconds
[142.989s][info][gc       ] [SPS 0.000 0.004 0.006 0.008 0.000 0.001 0.000 0.084 0.020 0.114 NewGC_pause4 142.987943 ]
[143.094s][info][gc       ] [GC New Max 377-354 : 5120 4910 4184 5120 - - 1055 56 2 2 - : 416 3550 34 184 1452 : 456 3 994 994 1 : 155 0 59 0 208 - 0 : 0.006065 2308.4 0.0 0.312308 1223.2 0.0 : 8 --c 0000 : 23 2798 0.000 0.000 0 0.000 0.000 2798 0.000 0.000 : 142.781119 142.783537 0.000127 142.970834 0.000050 142.972282 0.000046 142.987829 0.000083 : 143.093426 ]
[143.094s][info][gc       ] [SYSINFO 7582 191 89 0 7047 0 20 0 0 5745 : - - - - - - - - : 0 7168 : 2.29 1.34 1.48 : 278178 4215628 : 0 0 : 32 0 : 1547 2 0 259 : - 7679426560 333475840 1446559744 5939011584 199643136 93806592 : 140688591 5238520 147950 0 0 0 : 143.093716 ]
[143.094s][info][gc       ] [HUGEPAGESTAT 0 0 0 - 20840 0 0 : 612352 0 0 : 143.093716 ]
[143.094s][info][gc       ] [OBJCREAT 319850758 25573 17545216 : 143.093773 ]
[143.094s][info][gc       ] [HMSV All : 0 0 100 0 0 0 0 0 : 5062 0 0 0 : 143.093793 ]
[143.094s][info][gc       ] [HMSP 9 : 41100 0 : 143.093793 ]
[143.094s][info][gc       ] [VMAC 65530 166 24 430 620 : 143.094331 ]
[143.095s][info][gc       ] [GPGC-H  3058.6 679.1 0.1 0.0 : 5.6 : 0.548 1.445 : 0.847 1.659 0.864 1.882 : 3.618 1.618 1.030 2.196 1.953 0.445 : 0.000 : 99.726 : 418 3550 34 0 : 2267 : 4608 4424 : 143.094764 : 8 May_exceed_heap_occupancy_target ]
[143.097s][info][safepoint] Application time: 0.1088896 seconds
[143.097s][info][safepoint] Total time for which application threads were stopped: 0.0000773 seconds, Stopping threads took: 0.0000005 seconds
[143.097s][info][gc       ] [SPSH lock suspend gclocker notify wait resuspend cleanup op_time wakeup total(ms) op_name end(s) ]
[143.097s][info][gc       ] [SPS 0.000 0.003 0.004 0.008 0.000 0.001 0.001 0.049 0.019 0.077 OldGC_pause4 143.096910 ]
[143.098s][info][gc       ] [GC Old Max 376-23 : 5120 4910 2412 5120 - - 1055 56 2 2 - : 428 1770 30 184 3588 : 1779 37 1780 1780 0 : 0 8 546 0 845 - 55 : 0.974007 618.1 0.0 0.987596 1085.5 0.0 : 4 --c 0000 : 23   -    -    -    -    -    -    -    -    -  : 142.110613 142.113973 0.000156 142.775342 0.000780 142.779197 0.000069 143.096833 0.000054 : 143.098209 ]
[143.098s][info][gc       ] [SYSINFO 7582 191 89 0 7047 0 20 0 0 5745 : - - - - - - - - : 0 7168 : 2.29 1.34 1.48 : 278178 4215628 : 0 0 : 32 0 : 1547 2 0 259 : - 7679426560 333475840 1446559744 5939011584 199643136 93806592 : 140688591 5238520 147950 0 0 0 : 143.098438 ]
[143.098s][info][gc       ] [HUGEPAGESTAT 0 0 0 - 20840 0 0 : 612352 0 0 : 143.098438 ]
[143.098s][info][gc       ] [OBJCREAT 319864634 25573 17545216 : 143.098485 ]
[143.099s][info][gc       ] [HMSV All : 0 0 100 0 0 0 0 0 : 5062 0 0 0 : 143.098503 ]
[143.099s][info][gc       ] [HMSP 9 : 41100 0 : 143.098503 ]
[143.099s][info][gc       ] [COMPSTATS 1 : 5 0 : 1 0 : 0 0 : 527 4 0 0 0 0 : 0 0 0 0 0 0 : 197 200 21 : 531 0 0 0 0 0 0 : 531 0 0 0 0 0 0 ]
[143.099s][info][gc       ] [COMPSTATS 2 : 5 0 : 1 0 : 0 0 : 133 9 0 0 0 0 : 0 0 0 0 0 0 : 62012 62071 10930 : 76 38 28 0 0 0 0 : 17 102 17 3 3 0 0 ]
[143.099s][info][gc       ] [DEOPTSTATS 1 : 1 0 : 0 0 : 0 0 : 0 0 : 0 12 : 0 0 : 0 0 : 0 0 : 0 0 : 0 0 : 0 0 : 0 0 : 0 0 : 0 0 : 0 0 : 0 0 : 0 0 : 0 0 : 0 0 : 0 0 : 0 0 : 0 0 : 0 0 : 0 0 : 0 0 : 0 0 : 0 0 : 0 0 : 0 0 : 0 0 : 6 0 : 0 0 : 0 0 : 0 0 : 0 0 : 0 0 : 0 0 : 0 0 : 0 0 : 0 0 : 0 0 : 0 0 ]
[143.099s][info][gc       ] [DEOPTSTATS 2 : 0 0 : 0 0 : 0 0 : 0 0 : 0 0 : 0 0 : 0 13 : 0 0 : 0 0 : 0 0 : 0 0 : 0 0 : 0 0 : 0 0 : 0 0 : 0 0 : 0 0 : 0 0 : 0 0 : 0 0 : 0 1 : 0 0 : 0 0 : 0 0 : 0 0 : 0 0 : 0 0 : 0 0 : 0 0 : 0 0 : 4 0 : 0 0 : 0 0 : 0 0 : 0 1 : 0 0 : 0 0 : 0 0 : 0 0 : 0 5 : 0 0 : 0 0 ]
[143.099s][info][gc       ] [VMAC 65530 166 24 430 620 : 143.099083 ]
[143.100s][info][gc       ] [CCF 0 0 0 0 36 229376: 2982912 : 380 196608 : 3 49152 : 317 311808 :  519 631296 : 118 412160 : 0 0 : 14 1146880 : 1 2048]
[143.100s][info][safepoint] Application time: 0.0033640 seconds
[143.101s][info][safepoint] Total time for which application threads were stopped: 0.0001306 seconds, Stopping threads took: 0.0000005 seconds
[143.101s][info][gc       ] [SPS 0.000 0.287 0.002 0.007 0.001 0.001 0.000 0.104 0.018 0.130 NewGC_pause1 143.100404 ]
[143.203s][info][safepoint] Application time: 0.1020033 seconds
[143.203s][info][safepoint] Total time for which application threads were stopped: 0.0000904 seconds, Stopping threads took: 0.0000006 seconds
[143.203s][info][gc       ] [SPS 0.000 0.001 0.000 0.008 0.001 0.001 0.000 0.053 0.028 0.090 NewGC_pause2 143.202498 ]
[143.204s][info][safepoint] Application time: 0.0011970 seconds
[143.204s][info][safepoint] Total time for which application threads were stopped: 0.0000679 seconds, Stopping threads took: 0.0000005 seconds
[143.204s][info][gc       ] [SPS 0.000 0.000 0.000 0.007 0.000 0.001 0.000 0.044 0.016 0.068 NewGC_pause3 143.203763 ]
[143.208s][info][safepoint] Application time: 0.0039658 seconds
[143.209s][info][safepoint] Total time for which application threads were stopped: 0.0001330 seconds, Stopping threads took: 0.0000005 seconds
[143.209s][info][gc       ] [SPS 0.000 0.004 0.006 0.008 0.001 0.001 0.000 0.101 0.022 0.133 NewGC_pause4 143.207862 ]
[143.230s][info][gc       ] [GC New Max 378-355 : 5120 4190 2320 5120 - - 1055 56 2 2 - : 300 1806 30 184 676 : 277 4 396 396 0 : 18 1 121 0 150 - 0 : 0.005176 2704.6 0.0 0.131250 2301.0 0.0 : 8 --c 0000 : 23 0 0.000 0.000 0 0.000 0.000 0 0.000 0.000 : 143.098603 143.100274 0.000108 143.202408 0.000056 143.203696 0.000046 143.207730 0.000105 : 143.229853 ]
[143.230s][info][gc       ] [SYSINFO 7583 191 89 0 7048 0 20 0 0 5745 : - - - - - - - - : 0 7168 : 2.29 1.34 1.48 : 278178 4215628 : 0 0 : 32 0 : 1547 2 0 259 : - 7679426560 333475840 1446559744 5939011584 199643136 93806592 : 140688591 5239610 148030 0 0 0 : 143.230135 ]
[143.230s][info][gc       ] [HUGEPAGESTAT 0 0 0 - 20840 0 0 : 612352 0 0 : 143.230135 ]
[143.230s][info][gc       ] [OBJCREAT 320166444 25573 17582080 : 143.230198 ]
[143.230s][info][gc       ] [HMSV All : 0 0 100 0 0 0 0 0 : 5062 0 0 0 : 143.230216 ]
[143.230s][info][gc       ] [HMSP 9 : 41100 0 : 143.230216 ]
[143.231s][info][gc       ] [VMAC 65530 166 24 430 620 : 143.230704 ]
[143.231s][info][gc       ] [GPGC-H  3058.6 679.1 0.1 0.0 : 5.6 : 0.547 1.435 : 0.847 1.675 0.864 1.882 : 3.617 1.612 1.030 2.196 1.953 0.445 : 0.000 : 99.724 : 304 1806 30 0 : 2267 : 4608 4424 : 143.230830 : 9 Next_heuristic_check_may_be_too_late ]
[143.233s][info][safepoint] Application time: 0.0245299 seconds
[143.233s][info][safepoint] Total time for which application threads were stopped: 0.0001355 seconds, Stopping threads took: 0.0000005 seconds
[143.233s][info][gc       ] [SPS 0.000 0.003 0.005 0.008 0.000 0.001 0.000 0.107 0.019 0.135 NewGC_pause1 143.232528 ]
[143.286s][info][safepoint] Application time: 0.0533764 seconds
[143.286s][info][safepoint] Total time for which application threads were stopped: 0.0000675 seconds, Stopping threads took: 0.0000005 seconds
[143.287s][info][gc       ] [SPS 0.000 0.001 0.000 0.007 0.000 0.001 0.000 0.042 0.016 0.067 NewGC_pause2 143.285972 ]
[143.287s][info][safepoint] Application time: 0.0011872 seconds
[143.287s][info][safepoint] Total time for which application threads were stopped: 0.0000685 seconds, Stopping threads took: 0.0000005 seconds
[143.288s][info][gc       ] [SPS 0.000 0.000 0.000 0.008 0.001 0.001 0.000 0.043 0.016 0.068 NewGC_pause3 143.287227 ]
[143.289s][info][safepoint] Application time: 0.0012689 seconds
[143.289s][info][safepoint] Total time for which application threads were stopped: 0.0000745 seconds, Stopping threads took: 0.0000005 seconds
[143.289s][info][gc       ] [SPS 0.000 0.003 0.002 0.007 0.001 0.001 0.000 0.048 0.017 0.074 NewGC_pause4 143.288571 ]
[143.289s][info][gc       ] [GC New Max 379-356 : 5120 2450 2148 5120 - - 1055 56 2 2 - : 128 1806 30 184 430 : 122 4 306 306 0 : 0 1 61 0 64 - 0 : 0.001366 2928.8 0.0 0.057875 2246.2 0.0 : 8 --c 0000 : 23 0 0.000 0.000 0 0.000 0.000 0 0.000 0.000 : 143.231219 143.232392 0.000112 143.285904 0.000046 143.287159 0.000047 143.288497 0.000052 : 143.289093 ]
[143.289s][info][gc       ] [SYSINFO 7583 191 89 0 7048 0 20 0 0 5745 : - - - - - - - - : 0 7168 : 2.29 1.34 1.48 : 278178 4215628 : 0 0 : 32 0 : 1547 2 0 259 : - 7679426560 333475840 1446559744 5939011584 199643136 93806592 : 140688591 5240050 148060 0 0 0 : 143.289347 ]
[143.289s][info][gc       ] [HUGEPAGESTAT 0 0 0 - 20840 0 0 : 612352 0 0 : 143.289347 ]
[143.289s][info][gc       ] [OBJCREAT 320295720 25573 17582080 : 143.289395 ]
[143.289s][info][gc       ] [HMSV All : 0 0 100 0 0 0 0 0 : 5062 0 0 0 : 143.289412 ]
[143.289s][info][gc       ] [HMSP 9 : 41100 0 : 143.289412 ]
[143.290s][info][gc       ] [VMAC 65530 166 24 430 620 : 143.289902 ]
[143.511s][info][gc       ] [GPGC-H  3058.6 679.1 0.1 0.0 : 5.6 : 0.547 1.435 : 0.847 1.675 0.864 1.882 : 3.616 1.612 1.030 2.196 1.953 0.445 : 0.000 : 99.722 : 744 1806 30 0 : 2267 : 4608 4424 : 143.511468 : 9 Next_heuristic_check_may_be_too_late ]
[143.516s][info][safepoint] Application time: 0.2270448 seconds
[143.517s][info][safepoint] Total time for which application threads were stopped: 0.0003960 seconds, Stopping threads took: 0.0000005 seconds
[143.517s][info][gc       ] [SPS 0.000 0.004 0.005 0.008 0.001 0.001 0.000 0.366 0.020 0.396 NewGC_pause1 143.516012 ]
[143.562s][info][safepoint] Application time: 0.0453019 seconds
[143.562s][info][safepoint] Total time for which application threads were stopped: 0.0001906 seconds, Stopping threads took: 0.0000005 seconds
[143.563s][info][gc       ] [SPS 0.000 0.001 0.000 0.007 0.001 0.001 0.000 0.159 0.023 0.191 NewGC_pause2 143.561505 ]
[143.564s][info][safepoint] Application time: 0.0024545 seconds
[143.564s][info][safepoint] Total time for which application threads were stopped: 0.0002184 seconds, Stopping threads took: 0.0000005 seconds
[143.565s][info][gc       ] [SPS 0.000 0.000 0.000 0.007 0.000 0.001 0.000 0.187 0.024 0.219 NewGC_pause3 143.564178 ]
[143.566s][info][safepoint] Application time: 0.0018101 seconds
[143.567s][info][safepoint] Total time for which application threads were stopped: 0.0001878 seconds, Stopping threads took: 0.0000005 seconds
[143.567s][info][gc       ] [SPS 0.000 0.003 0.002 0.007 0.000 0.001 0.000 0.155 0.024 0.188 NewGC_pause4 143.566176 ]
[143.567s][info][gc       ] [GC New Max 380-357 : 5120 2876 2128 5120 - - 1056 56 2 2 - : 106 1806 30 184 856 : 102 2 752 752 0 : 0 1 51 0 53 - 0 : 0.223235 2768.4 0.0 0.054554 2053.0 0.0 : 8 --c 0000 : 23 0 0.000 0.000 0 0.000 0.000 0 0.000 0.000 : 143.512328 143.515616 0.000375 143.561314 0.000090 143.563959 0.000154 143.565988 0.000124 : 143.566882 ]
[143.567s][info][gc       ] [SYSINFO 7583 191 89 0 7048 0 20 0 0 5745 : - - - - - - - - : 0 7168 : 2.29 1.34 1.48 : 278178 4215628 : 0 0 : 32 0 : 1547 3 0 259 : - 7679426560 333475840 1446559744 5939011584 199643136 93806592 : 140688591 5240670 148080 0 0 0 : 143.567162 ]
[143.567s][info][gc       ] [HUGEPAGESTAT 0 0 0 - 20840 0 0 : 612352 0 0 : 143.567162 ]
[143.567s][info][gc       ] [OBJCREAT 321019961 25573 17582080 : 143.567232 ]
[143.567s][info][gc       ] [HMSV All : 0 0 100 0 0 0 0 0 : 5062 0 0 0 : 143.567253 ]
[143.567s][info][gc       ] [HMSP 9 : 41100 0 : 143.567253 ]
[143.568s][info][gc       ] [VMAC 65530 166 24 430 620 : 143.567809 ]
[143.790s][info][gc       ] [GPGC-H  3058.6 679.1 0.1 0.0 : 5.6 : 0.545 1.435 : 0.847 1.675 0.864 1.882 : 3.609 1.612 1.030 2.196 1.953 0.445 : 0.000 : 99.466 : 742 1806 30 0 : 2267 : 4608 4424 : 143.790457 : 9 Next_heuristic_check_may_be_too_late ]
[143.793s][info][safepoint] Application time: 0.2270473 seconds
[143.794s][info][safepoint] Total time for which application threads were stopped: 0.0002135 seconds, Stopping threads took: 0.0000006 seconds
[143.795s][info][gc       ] [SPS 0.000 0.003 0.004 0.008 0.001 0.001 0.001 0.175 0.028 0.214 NewGC_pause1 143.793437 ]
[143.839s][info][safepoint] Application time: 0.0453299 seconds
[143.840s][info][safepoint] Total time for which application threads were stopped: 0.0002025 seconds, Stopping threads took: 0.0000006 seconds
[143.840s][info][gc       ] [SPS 0.000 0.001 0.000 0.009 0.001 0.001 0.001 0.160 0.031 0.203 NewGC_pause2 143.838969 ]
[143.842s][info][safepoint] Application time: 0.0026109 seconds
[143.842s][info][safepoint] Total time for which application threads were stopped: 0.0001934 seconds, Stopping threads took: 0.0000005 seconds
[143.842s][info][gc       ] [SPS 0.000 0.000 0.000 0.025 0.000 0.001 0.000 0.143 0.024 0.194 NewGC_pause3 143.841774 ]
[143.843s][info][safepoint] Application time: 0.0013441 seconds
[143.844s][info][safepoint] Total time for which application threads were stopped: 0.0001584 seconds, Stopping threads took: 0.0000005 seconds
[143.844s][info][gc       ] [SPS 0.000 0.003 0.002 0.007 0.001 0.001 0.000 0.123 0.027 0.159 NewGC_pause4 143.843276 ]
[143.844s][info][gc       ] [GC New Max 381-358 : 5120 2896 2152 5120 - - 1056 56 2 2 - : 132 1806 30 184 876 : 128 4 747 747 0 : 0 1 64 0 66 - 0 : 0.224078 2847.2 0.0 0.052904 2532.9 0.0 : 8 --c 0000 : 23 0 0.000 0.000 0 0.000 0.000 0 0.000 0.000 : 143.790959 143.793223 0.000140 143.838767 0.000123 143.841580 0.000128 143.843118 0.000087 : 143.843863 ]
[143.844s][info][gc       ] [SYSINFO 7583 191 89 0 7048 0 20 0 0 5745 : - - - - - - - - : 0 7168 : 2.29 1.34 1.48 : 278178 4215628 : 0 0 : 32 0 : 1547 3 0 259 : - 7679426560 333475840 1446559744 5939011584 199643136 93806592 : 140688591 5241240 148120 0 0 0 : 143.844156 ]
[143.844s][info][gc       ] [HUGEPAGESTAT 0 0 0 - 20840 0 0 : 612352 0 0 : 143.844156 ]
[143.844s][info][gc       ] [OBJCREAT 321784894 25573 17582080 : 143.844207 ]
[143.844s][info][gc       ] [HMSV All : 0 0 100 0 0 0 0 0 : 5062 0 0 0 : 143.844220 ]
[143.844s][info][gc       ] [HMSP 9 : 41100 0 : 143.844220 ]
[143.845s][info][gc       ] [VMAC 65530 166 24 430 620 : 143.844703 ]
[144.088s][info][gc       ] [GPGC-H  3058.6 679.1 0.1 0.0 : 5.6 : 0.543 1.435 : 0.847 1.675 0.864 1.882 : 3.600 1.612 1.030 2.196 1.953 0.445 : 0.000 : 99.209 : 764 1806 30 0 : 2267 : 4608 4424 : 144.087545 : 9 Next_heuristic_check_may_be_too_late ]
[144.091s][info][safepoint] Application time: 0.2474708 seconds
[144.092s][info][safepoint] Total time for which application threads were stopped: 0.0004398 seconds, Stopping threads took: 0.0000012 seconds
[144.092s][info][gc       ] [SPS 0.000 0.003 0.003 0.008 0.001 0.001 0.000 0.397 0.033 0.440 NewGC_pause1 144.091187 ]
[144.136s][info][safepoint] Application time: 0.0442548 seconds
[144.136s][info][safepoint] Total time for which application threads were stopped: 0.0001613 seconds, Stopping threads took: 0.0000005 seconds
[144.137s][info][gc       ] [SPS 0.000 0.001 0.000 0.007 0.000 0.001 0.000 0.129 0.024 0.162 NewGC_pause2 144.135604 ]
[144.138s][info][safepoint] Application time: 0.0025868 seconds
[144.139s][info][safepoint] Total time for which application threads were stopped: 0.0001746 seconds, Stopping threads took: 0.0000005 seconds
[144.139s][info][gc       ] [SPS 0.000 0.000 0.000 0.007 0.000 0.001 0.000 0.142 0.024 0.175 NewGC_pause3 144.138365 ]
[144.140s][info][safepoint] Application time: 0.0016746 seconds
[144.141s][info][safepoint] Total time for which application threads were stopped: 0.0002001 seconds, Stopping threads took: 0.0000005 seconds
[144.141s][info][gc       ] [SPS 0.000 0.002 0.002 0.007 0.000 0.001 0.000 0.166 0.025 0.200 NewGC_pause4 144.140240 ]
[144.141s][info][gc       ] [GC New Max 382-359 : 5120 2890 2126 5120 - - 1056 56 2 2 - : 106 1806 30 184 870 : 102 4 767 767 0 : 0 1 51 0 53 - 0 : 0.244232 2595.9 0.0 0.052535 2017.7 0.0 : 8 --c 0000 : 23 0 0.000 0.000 0 0.000 0.000 0 0.000 0.000 : 144.088095 144.090747 0.000345 144.135442 0.000087 144.138190 0.000095 144.140040 0.000113 : 144.140630 ]
[144.141s][info][gc       ] [SYSINFO 7583 191 89 0 7048 0 20 0 0 5745 : - - - - - - - - : 0 7168 : 2.29 1.34 1.48 : 278178 4215628 : 0 0 : 32 0 : 1547 2 0 259 : - 7679426560 333475840 1446559744 5939011584 199643136 93806592 : 140688591 5241850 148200 0 0 0 : 144.140905 ]
[144.141s][info][gc       ] [HUGEPAGESTAT 0 0 0 - 20840 0 0 : 612352 0 0 : 144.140905 ]
[144.141s][info][gc       ] [OBJCREAT 322518321 25573 17582080 : 144.140997 ]
[144.141s][info][gc       ] [HMSV All : 0 0 100 0 0 0 0 0 : 5062 0 0 0 : 144.141013 ]
[144.141s][info][gc       ] [HMSP 9 : 41100 0 : 144.141013 ]
[144.142s][info][gc       ] [VMAC 65530 166 24 430 620 : 144.141579 ]
[144.384s][info][gc       ] [GPGC-H  3058.6 679.1 0.1 0.0 : 5.6 : 0.542 1.435 : 0.847 1.675 0.864 1.882 : 3.589 1.612 1.030 2.196 1.953 0.445 : 0.000 : 98.930 : 766 1806 30 0 : 2267 : 4608 4424 : 144.383718 : 9 Next_heuristic_check_may_be_too_late ]
[144.387s][info][safepoint] Application time: 0.2463817 seconds
[144.387s][info][safepoint] Total time for which application threads were stopped: 0.0003709 seconds, Stopping threads took: 0.0000005 seconds
[144.388s][info][gc       ] [SPS 0.000 0.003 0.003 0.008 0.000 0.001 0.000 0.332 0.029 0.371 NewGC_pause1 144.386993 ]
[144.437s][info][safepoint] Application time: 0.0499268 seconds
[144.438s][info][safepoint] Total time for which application threads were stopped: 0.0001814 seconds, Stopping threads took: 0.0000005 seconds
[144.438s][info][gc       ] [SPS 0.000 0.001 0.000 0.007 0.000 0.001 0.000 0.148 0.025 0.182 NewGC_pause2 144.437101 ]
[144.440s][info][safepoint] Application time: 0.0025992 seconds
[144.440s][info][safepoint] Total time for which application threads were stopped: 0.0001755 seconds, Stopping threads took: 0.0000005 seconds
[144.441s][info][gc       ] [SPS 0.000 0.000 0.000 0.007 0.000 0.001 0.000 0.143 0.024 0.176 NewGC_pause3 144.439876 ]
[144.442s][info][safepoint] Application time: 0.0014233 seconds
[144.442s][info][safepoint] Total time for which application threads were stopped: 0.0002481 seconds, Stopping threads took: 0.0000005 seconds
[144.442s][info][gc       ] [SPS 0.000 0.004 0.002 0.007 0.001 0.001 0.000 0.203 0.037 0.248 NewGC_pause4 144.441548 ]
[144.442s][info][gc       ] [GC New Max 383-360 : 5120 2938 2170 5120 - - 1056 56 2 2 - : 150 1806 30 184 918 : 146 4 772 772 0 : 0 1 73 0 75 - 0 : 0.243544 2718.2 0.0 0.057793 2664.7 0.0 : 8 --c 0000 : 23 0 0.000 0.000 0 0.000 0.000 0 0.000 0.000 : 144.384174 144.386622 0.000280 144.436920 0.000110 144.439700 0.000104 144.441299 0.000160 : 144.441967 ]
[144.442s][info][gc       ] [SYSINFO 7583 191 89 0 7048 0 20 0 0 5745 : - - - - - - - - : 0 7168 : 2.27 1.35 1.48 : 278178 4215628 : 0 0 : 32 0 : 1547 2 0 259 : - 7679426560 333475840 1446559744 5939011584 199643136 93806592 : 140688591 5242470 148280 0 0 0 : 144.442239 ]
[144.442s][info][gc       ] [HUGEPAGESTAT 0 0 0 - 20840 0 0 : 612352 0 0 : 144.442239 ]
[144.442s][info][gc       ] [OBJCREAT 323323905 25573 17582080 : 144.442313 ]
[144.442s][info][gc       ] [HMSV All : 0 0 100 0 0 0 0 0 : 5062 0 0 0 : 144.442330 ]
[144.442s][info][gc       ] [HMSP 9 : 41100 0 : 144.442330 ]
[144.443s][info][gc       ] [VMAC 65530 166 24 430 620 : 144.442849 ]
[144.686s][info][gc       ] [GPGC-H  3058.6 679.1 0.1 0.0 : 5.6 : 0.540 1.435 : 0.847 1.675 0.864 1.882 : 3.578 1.612 1.030 2.196 1.953 0.445 : 0.000 : 98.653 : 766 1806 30 0 : 2267 : 4608 4424 : 144.686116 : 9 Next_heuristic_check_may_be_too_late ]
[144.690s][info][safepoint] Application time: 0.2474474 seconds
[144.690s][info][safepoint] Total time for which application threads were stopped: 0.0005266 seconds, Stopping threads took: 0.0000005 seconds
[144.691s][info][gc       ] [SPS 0.000 0.004 0.004 0.008 0.001 0.001 0.000 0.489 0.028 0.527 NewGC_pause1 144.689522 ]
[144.735s][info][safepoint] Application time: 0.0451876 seconds
[144.736s][info][safepoint] Total time for which application threads were stopped: 0.0001896 seconds, Stopping threads took: 0.0000005 seconds
[144.736s][info][gc       ] [SPS 0.000 0.001 0.000 0.007 0.000 0.001 0.000 0.158 0.023 0.190 NewGC_pause2 144.734899 ]
[144.738s][info][safepoint] Application time: 0.0027825 seconds
[144.738s][info][safepoint] Total time for which application threads were stopped: 0.0001832 seconds, Stopping threads took: 0.0000005 seconds
[144.738s][info][gc       ] [SPS 0.000 0.000 0.000 0.007 0.000 0.001 0.000 0.152 0.023 0.183 NewGC_pause3 144.737865 ]
[144.739s][info][safepoint] Application time: 0.0013545 seconds
[144.740s][info][safepoint] Total time for which application threads were stopped: 0.0002514 seconds, Stopping threads took: 0.0000007 seconds
[144.741s][info][gc       ] [SPS 0.000 0.004 0.003 0.010 0.001 0.001 0.000 0.212 0.026 0.251 NewGC_pause4 144.739471 ]
[144.740s][info][gc       ] [GC New Max 384-361 : 5120 2912 2146 5120 - - 1056 56 2 2 - : 124 1806 30 184 892 : 120 2 771 771 0 : 0 1 60 0 62 - 0 : 0.244704 2525.5 0.0 0.053325 2362.9 0.0 : 8 --c 0000 : 23 0 0.000 0.000 0 0.000 0.000 0 0.000 0.000 : 144.686671 144.688995 0.000447 144.734710 0.000106 144.737682 0.000105 144.739220 0.000135 : 144.739996 ]
[144.740s][info][gc       ] [SYSINFO 7583 191 89 0 7048 0 20 0 0 5745 : - - - - - - - - : 0 7168 : 2.27 1.35 1.48 : 278178 4215628 : 0 0 : 32 0 : 1547 2 0 259 : - 7679426560 333475840 1446559744 5939011584 199643136 93806592 : 140688591 5243060 148340 0 0 0 : 144.740248 ]
[144.740s][info][gc       ] [HUGEPAGESTAT 0 0 0 - 20840 0 0 : 612352 0 0 : 144.740248 ]
[144.740s][info][gc       ] [OBJCREAT 324063278 25573 17582080 : 144.740297 ]
[144.740s][info][gc       ] [HMSV All : 0 0 100 0 0 0 0 0 : 5062 0 0 0 : 144.740319 ]
[144.740s][info][gc       ] [HMSP 9 : 41100 0 : 144.740319 ]
[144.741s][info][gc       ] [VMAC 65530 166 24 430 620 : 144.740872 ]
[144.984s][info][gc       ] [GPGC-H  3045.5 667.3 0.1 0.0 : 5.5 : 0.538 1.435 : 0.847 1.675 0.864 1.882 : 3.566 1.612 1.030 2.196 1.953 0.445 : 0.000 : 98.375 : 786 1806 30 0 : 2267 : 4608 4424 : 144.983872 : 9 Next_heuristic_check_may_be_too_late ]
[144.988s][info][safepoint] Application time: 0.2477725 seconds
[144.988s][info][safepoint] Total time for which application threads were stopped: 0.0003047 seconds, Stopping threads took: 0.0000005 seconds
[144.989s][info][gc       ] [SPS 0.000 0.004 0.006 0.008 0.000 0.001 0.000 0.269 0.026 0.305 NewGC_pause1 144.987549 ]
[145.032s][info][safepoint] Application time: 0.0444638 seconds
[145.033s][info][safepoint] Total time for which application threads were stopped: 0.0001936 seconds, Stopping threads took: 0.0000005 seconds
[145.033s][info][gc       ] [SPS 0.000 0.001 0.000 0.008 0.000 0.001 0.000 0.160 0.024 0.194 NewGC_pause2 145.032206 ]
[145.035s][info][safepoint] Application time: 0.0027298 seconds
[145.035s][info][safepoint] Total time for which application threads were stopped: 0.0001958 seconds, Stopping threads took: 0.0000005 seconds
[145.036s][info][gc       ] [SPS 0.000 0.000 0.000 0.007 0.000 0.001 0.000 0.163 0.024 0.196 NewGC_pause3 145.035132 ]
[145.037s][info][safepoint] Application time: 0.0016595 seconds
[145.037s][info][safepoint] Total time for which application threads were stopped: 0.0002164 seconds, Stopping threads took: 0.0000015 seconds
[145.038s][info][gc       ] [SPS 0.000 0.005 0.004 0.018 0.001 0.002 0.001 0.169 0.024 0.216 NewGC_pause4 145.037008 ]
[145.038s][info][gc       ] [GC New Max 385-362 : 5120 2946 2156 5120 - - 1056 56 2 2 - : 136 1806 30 184 926 : 132 2 794 794 0 : 0 0 66 0 68 - 0 : 0.244571 2715.0 0.0 0.053151 2671.6 0.0 : 8 --c 0000 : 23 0 0.000 0.000 0 0.000 0.000 0 0.000 0.000 : 144.984567 144.987244 0.000250 145.032013 0.000090 145.034936 0.000109 145.036792 0.000150 : 145.037719 ]
[145.038s][info][gc       ] [SYSINFO 7583 191 89 0 7048 0 20 0 0 5745 : - - - - - - - - : 0 7168 : 2.27 1.35 1.48 : 278178 4215628 : 0 0 : 32 0 : 1547 2 0 259 : - 7679426560 333475840 1446559744 5939011584 199643136 93806592 : 140688591 5243620 148400 0 0 0 : 145.038002 ]
[145.038s][info][gc       ] [HUGEPAGESTAT 0 0 0 - 20840 0 0 : 612352 0 0 : 145.038002 ]
[145.038s][info][gc       ] [OBJCREAT 324858958 25573 17582080 : 145.038051 ]
[145.038s][info][gc       ] [HMSV All : 0 0 100 0 0 0 0 0 : 5062 0 0 0 : 145.038073 ]
[145.038s][info][gc       ] [HMSP 9 : 41100 0 : 145.038073 ]
[145.039s][info][gc       ] [VMAC 65530 166 24 430 620 : 145.038715 ]
[145.261s][info][gc       ] [GPGC-H  3045.5 667.3 0.1 0.0 : 5.5 : 0.537 1.435 : 0.847 1.675 0.864 1.882 : 3.555 1.612 1.030 2.196 1.953 0.445 : 0.000 : 98.099 : 774 1806 30 0 : 2267 : 4608 4424 : 145.260719 : 9 Next_heuristic_check_may_be_too_late ]
[145.264s][info][safepoint] Application time: 0.2266328 seconds
[145.265s][info][safepoint] Total time for which application threads were stopped: 0.0002672 seconds, Stopping threads took: 0.0000005 seconds
[145.265s][info][gc       ] [SPS 0.000 0.003 0.003 0.008 0.001 0.001 0.000 0.219 0.039 0.267 NewGC_pause1 145.263909 ]
[145.310s][info][safepoint] Application time: 0.0458200 seconds
[145.311s][info][safepoint] Total time for which application threads were stopped: 0.0002045 seconds, Stopping threads took: 0.0000005 seconds
[145.311s][info][gc       ] [SPS 0.000 0.001 0.000 0.007 0.001 0.001 0.000 0.153 0.042 0.205 NewGC_pause2 145.309933 ]
[145.313s][info][safepoint] Application time: 0.0026236 seconds
[145.313s][info][safepoint] Total time for which application threads were stopped: 0.0002100 seconds, Stopping threads took: 0.0000006 seconds
[145.314s][info][gc       ] [SPS 0.000 0.000 0.000 0.008 0.001 0.001 0.000 0.172 0.028 0.210 NewGC_pause3 145.312767 ]
[145.315s][info][safepoint] Application time: 0.0015496 seconds
[145.315s][info][safepoint] Total time for which application threads were stopped: 0.0001776 seconds, Stopping threads took: 0.0000006 seconds
[145.315s][info][gc       ] [SPS 0.000 0.003 0.002 0.008 0.001 0.001 0.000 0.133 0.034 0.178 NewGC_pause4 145.314494 ]
[145.315s][info][gc       ] [GC New Max 386-363 : 5120 2928 2154 5120 - - 1056 56 2 2 - : 134 1806 30 184 908 : 128 4 779 779 0 : 0 1 64 0 67 - 0 : 0.223583 2862.5 0.0 0.053739 2530.7 0.0 : 8 --c 0000 : 23 0 0.000 0.000 0 0.000 0.000 0 0.000 0.000 : 145.261302 145.263641 0.000131 145.309729 0.000122 145.312557 0.000131 145.314316 0.000086 : 145.315041 ]
[145.315s][info][gc       ] [SYSINFO 7583 191 89 0 7048 0 20 0 0 5745 : - - - - - - - - : 0 7168 : 2.27 1.35 1.48 : 278178 4215628 : 0 0 : 32 0 : 1547 2 0 259 : - 7679426560 333475840 1446559744 5939011584 199643136 93806592 : 140688591 5244210 148440 0 0 0 : 145.315288 ]
[145.315s][info][gc       ] [HUGEPAGESTAT 0 0 0 - 20840 0 0 : 612352 0 0 : 145.315288 ]
[145.315s][info][gc       ] [OBJCREAT 325627637 25573 17582080 : 145.315345 ]
[145.315s][info][gc       ] [HMSV All : 0 0 100 0 0 0 0 0 : 5062 0 0 0 : 145.315367 ]
[145.315s][info][gc       ] [HMSP 9 : 41100 0 : 145.315367 ]
[145.316s][info][gc       ] [VMAC 65530 166 24 430 620 : 145.316105 ]
[145.538s][info][gc       ] [GPGC-H  3045.5 667.3 0.1 0.0 : 5.5 : 0.535 1.435 : 0.847 1.675 0.864 1.882 : 3.545 1.612 1.030 2.196 1.953 0.445 : 0.000 : 97.847 : 756 1806 30 0 : 2267 : 4608 4424 : 145.538250 : 9 Next_heuristic_check_may_be_too_late ]
[145.542s][info][safepoint] Application time: 0.2268404 seconds
[145.542s][info][safepoint] Total time for which application threads were stopped: 0.0002939 seconds, Stopping threads took: 0.0000005 seconds
[145.542s][info][gc       ] [SPS 0.000 0.003 0.004 0.008 0.001 0.001 0.000 0.261 0.023 0.294 NewGC_pause1 145.541629 ]
[145.590s][info][safepoint] Application time: 0.0478374 seconds
[145.590s][info][safepoint] Total time for which application threads were stopped: 0.0001994 seconds, Stopping threads took: 0.0000005 seconds
[145.591s][info][gc       ] [SPS 0.000 0.001 0.000 0.007 0.000 0.001 0.000 0.167 0.024 0.199 NewGC_pause2 145.589666 ]
[145.594s][info][safepoint] Application time: 0.0041259 seconds
[145.594s][info][safepoint] Total time for which application threads were stopped: 0.0001838 seconds, Stopping threads took: 0.0000005 seconds
[145.595s][info][gc       ] [SPS 0.000 0.000 0.000 0.008 0.000 0.001 0.000 0.150 0.024 0.184 NewGC_pause3 145.593975 ]
[145.596s][info][safepoint] Application time: 0.0016653 seconds
[145.596s][info][safepoint] Total time for which application threads were stopped: 0.0001904 seconds, Stopping threads took: 0.0000005 seconds
[145.596s][info][gc       ] [SPS 0.000 0.003 0.002 0.007 0.000 0.001 0.000 0.153 0.028 0.190 NewGC_pause4 145.595831 ]
[145.597s][info][gc       ] [GC New Max 387-364 : 5120 2924 2168 5120 - - 1056 56 2 2 - : 148 1806 30 184 904 : 144 4 761 761 0 : 0 1 72 0 74 - 0 : 0.224024 2785.4 0.0 0.057312 2617.3 0.0 : 8 --c 0000 : 23 0 0.000 0.000 0 0.000 0.000 0 0.000 0.000 : 145.539065 145.541335 0.000261 145.589466 0.000125 145.593791 0.000113 145.595641 0.000114 : 145.596377 ]
[145.597s][info][gc       ] [SYSINFO 7583 191 89 0 7048 0 20 0 0 5745 : - - - - - - - - : 0 7168 : 2.27 1.35 1.48 : 278178 4215628 : 0 0 : 32 0 : 1547 2 0 259 : - 7679426560 333475840 1446559744 5939011584 199643136 93806592 : 140688591 5244800 148460 0 0 0 : 145.596642 ]
[145.597s][info][gc       ] [HUGEPAGESTAT 0 0 0 - 20840 0 0 : 612352 0 0 : 145.596642 ]
[145.597s][info][gc       ] [OBJCREAT 326395790 25573 17582080 : 145.596712 ]
[145.597s][info][gc       ] [HMSV All : 0 0 100 0 0 0 0 0 : 5062 0 0 0 : 145.596732 ]
[145.597s][info][gc       ] [HMSP 9 : 41100 0 : 145.596732 ]
[145.597s][info][gc       ] [VMAC 65530 166 24 430 620 : 145.597389 ]
[145.820s][info][gc       ] [GPGC-H  3045.5 667.3 0.1 0.0 : 5.5 : 0.534 1.435 : 0.847 1.675 0.864 1.882 : 3.534 1.612 1.030 2.196 1.953 0.445 : 0.000 : 97.595 : 780 1806 32 0 : 2267 : 4608 4424 : 145.819781 : 9 Next_heuristic_check_may_be_too_late ]
[145.823s][info][safepoint] Application time: 0.2264618 seconds
[145.823s][info][safepoint] Total time for which application threads were stopped: 0.0002859 seconds, Stopping threads took: 0.0000005 seconds
[145.823s][info][gc       ] [SPS 0.000 0.004 0.002 0.008 0.001 0.001 0.000 0.250 0.027 0.286 NewGC_pause1 145.822579 ]
[145.865s][info][safepoint] Application time: 0.0425832 seconds
[145.866s][info][safepoint] Total time for which application threads were stopped: 0.0002121 seconds, Stopping threads took: 0.0000005 seconds
[145.866s][info][gc       ] [SPS 0.000 0.001 0.000 0.008 0.000 0.001 0.000 0.167 0.036 0.212 NewGC_pause2 145.865375 ]
[145.868s][info][safepoint] Application time: 0.0024401 seconds
[145.868s][info][safepoint] Total time for which application threads were stopped: 0.0001824 seconds, Stopping threads took: 0.0000005 seconds
[145.869s][info][gc       ] [SPS 0.000 0.000 0.000 0.007 0.000 0.001 0.000 0.140 0.034 0.183 NewGC_pause3 145.867997 ]
[145.870s][info][safepoint] Application time: 0.0018040 seconds
[145.870s][info][safepoint] Total time for which application threads were stopped: 0.0001696 seconds, Stopping threads took: 0.0000005 seconds
[145.871s][info][gc       ] [SPS 0.000 0.003 0.002 0.007 0.000 0.001 0.000 0.137 0.024 0.170 NewGC_pause4 145.869971 ]
[145.871s][info][gc       ] [GC New Max 388-365 : 5120 2904 2126 5120 - - 1056 56 2 2 - : 104 1806 32 184 882 : 98 4 783 783 0 : 0 1 49 0 52 - 0 : 0.223729 2833.8 8.9 0.050732 2050.0 0.0 : 8 --c 0000 : 23 0 0.000 0.000 0 0.000 0.000 0 0.000 0.000 : 145.820106 145.822293 0.000213 145.865163 0.000106 145.867815 0.000107 145.869801 0.000105 : 145.870838 ]
[145.871s][info][gc       ] [SYSINFO 7583 191 89 0 7048 0 20 0 0 5745 : - - - - - - - - : 0 7168 : 2.27 1.35 1.48 : 278178 4215628 : 0 0 : 32 0 : 1547 2 0 259 : - 7679426560 333475840 1446559744 5939011584 199643136 93806592 : 140688591 5245400 148470 0 0 0 : 145.871107 ]
[145.871s][info][gc       ] [HUGEPAGESTAT 0 0 0 - 20840 0 0 : 612352 0 0 : 145.871107 ]
[145.871s][info][gc       ] [OBJCREAT 327125000 25573 17582080 : 145.871177 ]
[145.871s][info][gc       ] [HMSV All : 0 0 100 0 0 0 0 0 : 5062 0 0 0 : 145.871196 ]
[145.871s][info][gc       ] [HMSP 9 : 41100 0 : 145.871196 ]
[145.872s][info][gc       ] [VMAC 65530 166 24 430 620 : 145.871765 ]
[146.094s][info][gc       ] [GPGC-H  3045.5 667.3 0.1 0.0 : 5.5 : 0.532 1.435 : 0.847 1.675 0.864 1.882 : 3.524 1.612 1.030 2.196 1.953 0.445 : 0.000 : 97.345 : 734 1806 32 0 : 2267 : 4608 4424 : 146.093938 : 9 Next_heuristic_check_may_be_too_late ]
[146.097s][info][safepoint] Application time: 0.2271281 seconds
[146.098s][info][safepoint] Total time for which application threads were stopped: 0.0002442 seconds, Stopping threads took: 0.0000005 seconds
[146.098s][info][gc       ] [SPS 0.000 0.004 0.004 0.008 0.001 0.001 0.000 0.213 0.022 0.244 NewGC_pause1 146.097344 ]
[146.143s][info][safepoint] Application time: 0.0455909 seconds
[146.144s][info][safepoint] Total time for which application threads were stopped: 0.0001913 seconds, Stopping threads took: 0.0000005 seconds
[146.144s][info][gc       ] [SPS 0.000 0.001 0.000 0.007 0.000 0.001 0.000 0.159 0.024 0.191 NewGC_pause2 146.143126 ]
[146.146s][info][safepoint] Application time: 0.0026631 seconds
[146.146s][info][safepoint] Total time for which application threads were stopped: 0.0001771 seconds, Stopping threads took: 0.0000005 seconds
[146.147s][info][gc       ] [SPS 0.000 0.000 0.000 0.007 0.000 0.001 0.000 0.143 0.025 0.177 NewGC_pause3 146.145966 ]
[146.148s][info][safepoint] Application time: 0.0017129 seconds
[146.148s][info][safepoint] Total time for which application threads were stopped: 0.0002125 seconds, Stopping threads took: 0.0000005 seconds
[146.148s][info][gc       ] [SPS 0.000 0.002 0.002 0.007 0.000 0.001 0.000 0.179 0.025 0.213 NewGC_pause4 146.147892 ]
[146.149s][info][gc       ] [GC New Max 389-366 : 5120 2896 2160 5120 - - 1056 56 2 2 - : 138 1806 32 184 874 : 134 4 739 739 0 : 0 1 67 0 69 - 0 : 0.223783 2815.2 0.0 0.053706 2644.0 0.0 : 8 --c 0000 : 23 0 0.000 0.000 0 0.000 0.000 0 0.000 0.000 : 146.094621 146.097099 0.000212 146.142935 0.000109 146.145789 0.000107 146.147679 0.000145 : 146.148327 ]
[146.149s][info][gc       ] [SYSINFO 7583 191 89 0 7048 0 20 0 0 5745 : - - - - - - - - : 0 7168 : 2.27 1.35 1.48 : 278178 4215640 : 0 0 : 32 0 : 1547 3 0 259 : - 7679426560 333475840 1446559744 5939011584 199643136 93806592 : 140688591 5245960 148500 0 0 0 : 146.148600 ]
[146.149s][info][gc       ] [HUGEPAGESTAT 0 0 0 - 20840 0 0 : 612352 0 0 : 146.148600 ]
[146.149s][info][gc       ] [OBJCREAT 327891443 25573 17582080 : 146.148649 ]
[146.149s][info][gc       ] [HMSV All : 0 0 100 0 0 0 0 0 : 5062 0 0 0 : 146.148675 ]
[146.149s][info][gc       ] [HMSP 9 : 41100 0 : 146.148675 ]
[146.149s][info][gc       ] [VMAC 65530 166 24 430 620 : 146.149251 ]
[146.392s][info][gc       ] [GPGC-H  3045.5 667.3 0.1 0.0 : 5.5 : 0.531 1.435 : 0.847 1.675 0.864 1.882 : 3.513 1.612 1.030 2.196 1.953 0.445 : 0.000 : 97.095 : 764 1806 32 0 : 2267 : 4608 4424 : 146.392057 : 9 Next_heuristic_check_may_be_too_late ]
[146.395s][info][safepoint] Application time: 0.2466863 seconds
[146.396s][info][safepoint] Total time for which application threads were stopped: 0.0003510 seconds, Stopping threads took: 0.0000005 seconds
[146.396s][info][gc       ] [SPS 0.000 0.003 0.003 0.008 0.001 0.001 0.000 0.317 0.024 0.351 NewGC_pause1 146.394929 ]
[146.439s][info][safepoint] Application time: 0.0442828 seconds
[146.440s][info][safepoint] Total time for which application threads were stopped: 0.0002347 seconds, Stopping threads took: 0.0000005 seconds
[146.441s][info][gc       ] [SPS 0.000 0.001 0.000 0.010 0.000 0.001 0.000 0.189 0.034 0.235 NewGC_pause2 146.439447 ]
[146.442s][info][safepoint] Application time: 0.0026051 seconds
[146.443s][info][safepoint] Total time for which application threads were stopped: 0.0001797 seconds, Stopping threads took: 0.0000005 seconds
[146.443s][info][gc       ] [SPS 0.000 0.000 0.000 0.007 0.000 0.001 0.000 0.147 0.024 0.180 NewGC_pause3 146.442232 ]
[146.444s][info][safepoint] Application time: 0.0016574 seconds
[146.445s][info][safepoint] Total time for which application threads were stopped: 0.0002071 seconds, Stopping threads took: 0.0000006 seconds
[146.445s][info][gc       ] [SPS 0.000 0.004 0.002 0.008 0.001 0.001 0.000 0.157 0.041 0.207 NewGC_pause4 146.444097 ]
[146.446s][info][gc       ] [GC New Max 390-367 : 5120 2922 2158 5120 - - 1056 56 2 2 - : 136 1806 32 184 900 : 132 2 768 768 0 : 0 0 66 0 68 - 0 : 0.244155 2572.1 0.0 0.052768 2615.2 0.0 : 8 --c 0000 : 23 0 0.000 0.000 0 0.000 0.000 0 0.000 0.000 : 146.392482 146.394578 0.000313 146.439212 0.000128 146.442052 0.000110 146.443889 0.000081 : 146.445250 ]
[146.446s][info][gc       ] [SYSINFO 7583 191 89 0 7048 0 20 0 0 5745 : - - - - - - - - : 0 7168 : 2.27 1.35 1.48 : 278178 4215640 : 0 0 : 32 0 : 1547 2 0 259 : - 7679426560 333475840 1446559744 5939011584 199643136 93806592 : 140688591 5246600 148500 0 0 0 : 146.445588 ]
[146.446s][info][gc       ] [HUGEPAGESTAT 0 0 0 - 20840 0 0 : 612352 0 0 : 146.445588 ]
[146.446s][info][gc       ] [OBJCREAT 328650269 25573 17582080 : 146.445655 ]
[146.446s][info][gc       ] [HMSV All : 0 0 100 0 0 0 0 0 : 5062 0 0 0 : 146.445675 ]
[146.446s][info][gc       ] [HMSP 9 : 41100 0 : 146.445675 ]
[146.446s][info][gc       ] [VMAC 65530 166 24 430 620 : 146.446247 ]
[146.669s][info][gc       ] [GPGC-H  3045.5 667.3 0.1 0.0 : 5.5 : 0.529 1.435 : 0.847 1.675 0.864 1.882 : 3.502 1.612 1.030 2.196 1.953 0.445 : 0.000 : 96.824 : 768 1806 32 0 : 2267 : 4608 4424 : 146.669327 : 9 Next_heuristic_check_may_be_too_late ]
[146.673s][info][safepoint] Application time: 0.2284917 seconds
[146.674s][info][safepoint] Total time for which application threads were stopped: 0.0004922 seconds, Stopping threads took: 0.0000008 seconds
[146.674s][info][gc       ] [SPS 0.000 0.005 0.004 0.011 0.001 0.002 0.001 0.436 0.042 0.492 NewGC_pause1 146.673081 ]
[146.721s][info][safepoint] Application time: 0.0477492 seconds
[146.722s][info][safepoint] Total time for which application threads were stopped: 0.0001599 seconds, Stopping threads took: 0.0000005 seconds
[146.722s][info][gc       ] [SPS 0.000 0.001 0.000 0.008 0.000 0.001 0.000 0.125 0.026 0.160 NewGC_pause2 146.720990 ]
[146.724s][info][safepoint] Application time: 0.0029512 seconds
[146.725s][info][safepoint] Total time for which application threads were stopped: 0.0003650 seconds, Stopping threads took: 0.0000013 seconds
[146.725s][info][gc       ] [SPS 0.000 0.001 0.000 0.019 0.001 0.002 0.001 0.281 0.061 0.365 NewGC_pause3 146.724307 ]
[146.726s][info][safepoint] Application time: 0.0017067 seconds
[146.727s][info][safepoint] Total time for which application threads were stopped: 0.0003765 seconds, Stopping threads took: 0.0000013 seconds
[146.727s][info][gc       ] [GC New Max 391-368 : 5120 2912 2142 5120 - - 1056 56 2 2 - : 120 1806 32 184 890 : 114 4 775 775 0 : 0 1 57 0 60 - 0 : 0.224750 2820.9 0.0 0.056856 2180.9 0.0 : 8 --c 0000 : 23 0 0.000 0.000 0 0.000 0.000 0 0.000 0.000 : 146.670000 146.672589 0.000374 146.720830 0.000089 146.723942 0.000135 146.726014 0.000184 : 146.726856 ]
[146.727s][info][gc       ] [SYSINFO 7583 191 89 0 7048 0 20 0 0 5745 : - - - - - - - - : 0 7168 : 2.27 1.35 1.48 : 278178 4215640 : 0 0 : 32 0 : 1547 2 0 259 : - 7679426560 333475840 1446559744 5939011584 199643136 93806592 : 140688591 5247210 148530 0 0 0 : 146.727115 ]
[146.727s][info][gc       ] [HUGEPAGESTAT 0 0 0 - 20840 0 0 : 612352 0 0 : 146.727115 ]
[146.727s][info][gc       ] [OBJCREAT 329399521 25573 17582080 : 146.727165 ]
[146.727s][info][gc       ] [HMSV All : 0 0 100 0 0 0 0 0 : 5062 0 0 0 : 146.727201 ]
[146.727s][info][gc       ] [HMSP 9 : 41100 0 : 146.727201 ]
[146.727s][info][gc       ] [SPS 0.000 0.006 0.004 0.019 0.001 0.002 0.001 0.293 0.061 0.377 NewGC_pause4 146.726390 ]
[146.728s][info][gc       ] [VMAC 65530 166 24 430 620 : 146.727806 ]
[146.950s][info][gc       ] [GPGC-H  3045.5 652.0 0.1 0.0 : 5.3 : 0.527 1.435 : 0.847 1.675 0.864 1.882 : 3.492 1.612 1.030 2.196 1.953 0.445 : 0.000 : 96.575 : 738 1806 32 0 : 2267 : 4608 4424 : 146.949726 : 9 Next_heuristic_check_may_be_too_late ]
[146.953s][info][safepoint] Application time: 0.2259555 seconds
[146.953s][info][safepoint] Total time for which application threads were stopped: 0.0002337 seconds, Stopping threads took: 0.0000005 seconds
[146.953s][info][gc       ] [SPS 0.000 0.003 0.003 0.008 0.001 0.001 0.000 0.192 0.032 0.234 NewGC_pause1 146.952580 ]
[146.997s][info][safepoint] Application time: 0.0445406 seconds
[146.998s][info][safepoint] Total time for which application threads were stopped: 0.0001957 seconds, Stopping threads took: 0.0000005 seconds
[146.999s][info][gc       ] [SPS 0.000 0.001 0.000 0.007 0.000 0.001 0.000 0.164 0.023 0.196 NewGC_pause2 146.997316 ]
[147.000s][info][safepoint] Application time: 0.0027420 seconds
[147.001s][info][safepoint] Total time for which application threads were stopped: 0.0002481 seconds, Stopping threads took: 0.0000005 seconds
[147.001s][info][gc       ] [SPS 0.000 0.000 0.000 0.007 0.000 0.001 0.000 0.205 0.035 0.248 NewGC_pause3 147.000306 ]
[147.002s][info][safepoint] Application time: 0.0013391 seconds
[147.002s][info][safepoint] Total time for which application threads were stopped: 0.0001670 seconds, Stopping threads took: 0.0000005 seconds
[147.003s][info][gc       ] [SPS 0.000 0.003 0.002 0.007 0.000 0.001 0.000 0.133 0.026 0.167 NewGC_pause4 147.001812 ]
[147.003s][info][gc       ] [GC New Max 392-369 : 5120 2866 2128 5120 - - 1056 56 2 2 - : 106 1806 32 184 844 : 100 4 743 743 0 : 0 1 50 0 53 - 0 : 0.223429 2774.9 0.0 0.052016 2076.3 0.0 : 8 --c 0000 : 23 0 0.000 0.000 0 0.000 0.000 0 0.000 0.000 : 146.950285 146.952346 0.000194 146.997120 0.000106 147.000058 0.000106 147.001645 0.000084 : 147.002301 ]
[147.003s][info][gc       ] [SYSINFO 7583 191 89 0 7048 0 20 0 0 5745 : - - - - - - - - : 0 7168 : 2.27 1.35 1.48 : 278178 4215640 : 0 0 : 32 0 : 1547 4 0 259 : - 7679426560 333475840 1446559744 5939011584 199643136 93806592 : 140688591 5247780 148570 0 0 0 : 147.002614 ]
[147.003s][info][gc       ] [HUGEPAGESTAT 0 0 0 - 20840 0 0 : 612352 0 0 : 147.002614 ]
[147.003s][info][gc       ] [OBJCREAT 330120242 25573 17582080 : 147.002663 ]
[147.003s][info][gc       ] [HMSV All : 0 0 100 0 0 0 0 0 : 5062 0 0 0 : 147.002683 ]
[147.003s][info][gc       ] [HMSP 9 : 41100 0 : 147.002683 ]
[147.003s][info][gc       ] [VMAC 65530 166 24 430 620 : 147.003294 ]
[147.226s][info][gc       ] [GPGC-H  3035.6 652.0 0.1 0.0 : 5.3 : 0.526 1.435 : 0.847 1.675 0.864 1.882 : 3.481 1.612 1.030 2.196 1.953 0.445 : 0.000 : 96.328 : 742 1806 32 0 : 2267 : 4608 4424 : 147.225744 : 9 Next_heuristic_check_may_be_too_late ]
[147.229s][info][safepoint] Application time: 0.2267886 seconds
[147.230s][info][safepoint] Total time for which application threads were stopped: 0.0001810 seconds, Stopping threads took: 0.0000006 seconds
[147.230s][info][gc       ] [SPS 0.000 0.004 0.005 0.009 0.001 0.001 0.001 0.148 0.021 0.181 NewGC_pause1 147.228782 ]
[147.275s][info][safepoint] Application time: 0.0464517 seconds
[147.276s][info][safepoint] Total time for which application threads were stopped: 0.0001689 seconds, Stopping threads took: 0.0000005 seconds
[147.276s][info][gc       ] [SPS 0.000 0.001 0.000 0.008 0.001 0.001 0.000 0.135 0.024 0.169 NewGC_pause2 147.275403 ]
[147.278s][info][safepoint] Application time: 0.0022815 seconds
[147.278s][info][safepoint] Total time for which application threads were stopped: 0.0002090 seconds, Stopping threads took: 0.0000005 seconds
[147.278s][info][gc       ] [SPS 0.000 0.000 0.000 0.008 0.001 0.001 0.000 0.175 0.025 0.209 NewGC_pause3 147.277894 ]
[147.280s][info][safepoint] Application time: 0.0016579 seconds
[147.280s][info][safepoint] Total time for which application threads were stopped: 0.0001889 seconds, Stopping threads took: 0.0000005 seconds
[147.280s][info][gc       ] [SPS 0.000 0.003 0.002 0.008 0.001 0.001 0.000 0.156 0.024 0.189 NewGC_pause4 147.279741 ]
[147.280s][info][gc       ] [GC New Max 393-370 : 5120 2872 2130 5120 - - 1056 56 2 2 - : 108 1806 32 184 850 : 102 4 746 746 0 : 0 1 51 0 54 - 0 : 0.223991 2848.3 0.0 0.053831 2043.4 0.0 : 8 --c 0000 : 23 0 0.000 0.000 0 0.000 0.000 0 0.000 0.000 : 147.226292 147.228601 0.000150 147.275234 0.000082 147.277684 0.000135 147.279551 0.000098 : 147.280123 ]
[147.280s][info][gc       ] [SYSINFO 7583 191 89 0 7048 0 20 0 0 5745 : - - - - - - - - : 0 7168 : 2.27 1.35 1.48 : 278178 4215640 : 0 0 : 32 0 : 1547 2 0 259 : - 7679426560 333475840 1446559744 5939011584 199643136 93806592 : 140688591 5248360 148590 0 0 0 : 147.280384 ]
[147.280s][info][gc       ] [HUGEPAGESTAT 0 0 0 - 20840 0 0 : 612352 0 0 : 147.280384 ]
[147.280s][info][gc       ] [OBJCREAT 330860340 25573 17582080 : 147.280448 ]
[147.280s][info][gc       ] [HMSV All : 0 0 100 0 0 0 0 0 : 5062 0 0 0 : 147.280469 ]
[147.280s][info][gc       ] [HMSP 9 : 41100 0 : 147.280469 ]
[147.281s][info][gc       ] [VMAC 65530 166 24 430 620 : 147.281041 ]
[147.504s][info][gc       ] [GPGC-H  3035.6 652.0 0.1 0.0 : 5.3 : 0.524 1.435 : 0.847 1.675 0.864 1.882 : 3.471 1.612 1.030 2.196 1.953 0.445 : 0.000 : 96.081 : 768 1806 32 0 : 2267 : 4608 4424 : 147.504222 : 9 Next_heuristic_check_may_be_too_late ]
[147.507s][info][safepoint] Application time: 0.2271533 seconds
[147.508s][info][safepoint] Total time for which application threads were stopped: 0.0002715 seconds, Stopping threads took: 0.0000005 seconds
[147.508s][info][gc       ] [SPS 0.000 0.004 0.005 0.008 0.001 0.001 0.000 0.242 0.019 0.271 NewGC_pause1 147.507166 ]
[147.555s][info][safepoint] Application time: 0.0473211 seconds
[147.555s][info][safepoint] Total time for which application threads were stopped: 0.0001255 seconds, Stopping threads took: 0.0000005 seconds
[147.556s][info][gc       ] [SPS 0.000 0.001 0.000 0.007 0.001 0.001 0.000 0.102 0.015 0.125 NewGC_pause2 147.554612 ]
[147.557s][info][safepoint] Application time: 0.0022069 seconds
[147.557s][info][safepoint] Total time for which application threads were stopped: 0.0001159 seconds, Stopping threads took: 0.0000005 seconds
[147.558s][info][gc       ] [SPS 0.000 0.001 0.000 0.007 0.000 0.001 0.000 0.093 0.014 0.116 NewGC_pause3 147.556935 ]
[147.559s][info][safepoint] Application time: 0.0015250 seconds
[147.559s][info][safepoint] Total time for which application threads were stopped: 0.0001497 seconds, Stopping threads took: 0.0000005 seconds
[147.559s][info][gc       ] [SPS 0.000 0.003 0.002 0.007 0.001 0.001 0.000 0.125 0.016 0.150 NewGC_pause4 147.558610 ]
[147.560s][info][gc       ] [GC New Max 394-371 : 5120 2900 2132 5120 - - 1056 56 2 2 - : 110 1806 32 184 878 : 106 4 771 771 0 : 0 1 53 0 55 - 0 : 0.224685 2946.4 0.0 0.054430 2020.9 0.0 : 8 --c 0000 : 23 0 0.000 0.000 0 0.000 0.000 0 0.000 0.000 : 147.504808 147.506894 0.000248 147.554487 0.000108 147.556819 0.000098 147.558460 0.000130 : 147.559238 ]
[147.560s][info][gc       ] [SYSINFO 7583 191 89 0 7048 0 20 0 0 5745 : - - - - - - - - : 0 7168 : 2.27 1.35 1.48 : 278178 4215640 : 0 0 : 32 0 : 1547 2 0 259 : - 7679426560 333475840 1446559744 5939011584 199643136 93806592 : 140688591 5248960 148610 0 0 0 : 147.559553 ]
[147.560s][info][gc       ] [HUGEPAGESTAT 0 0 0 - 20840 0 0 : 612352 0 0 : 147.559553 ]
[147.560s][info][gc       ] [OBJCREAT 331627311 25573 17582080 : 147.559610 ]
[147.560s][info][gc       ] [HMSV All : 0 0 100 0 0 0 0 0 : 5062 0 0 0 : 147.559633 ]
[147.560s][info][gc       ] [HMSP 9 : 41100 0 : 147.559633 ]
[147.560s][info][gc       ] [VMAC 65530 166 24 430 620 : 147.560161 ]
[147.802s][info][gc       ] [GPGC-H  3035.6 652.0 0.1 0.0 : 5.3 : 0.523 1.435 : 0.847 1.675 0.864 1.882 : 3.461 1.612 1.030 2.196 1.953 0.445 : 0.000 : 95.835 : 744 1806 32 0 : 2267 : 4608 4424 : 147.802204 : 9 Next_heuristic_check_may_be_too_late ]
[147.805s][info][safepoint] Application time: 0.2464622 seconds
[147.806s][info][safepoint] Total time for which application threads were stopped: 0.0001901 seconds, Stopping threads took: 0.0000010 seconds
[147.806s][info][gc       ] [SPS 0.000 0.006 0.006 0.015 0.001 0.002 0.001 0.151 0.021 0.190 NewGC_pause1 147.805263 ]
[147.853s][info][safepoint] Application time: 0.0477828 seconds
[147.854s][info][safepoint] Total time for which application threads were stopped: 0.0001665 seconds, Stopping threads took: 0.0000005 seconds
[147.854s][info][gc       ] [SPS 0.000 0.001 0.000 0.007 0.000 0.001 0.000 0.132 0.026 0.167 NewGC_pause2 147.853212 ]
[147.856s][info][safepoint] Application time: 0.0024098 seconds
[147.856s][info][safepoint] Total time for which application threads were stopped: 0.0001877 seconds, Stopping threads took: 0.0000005 seconds
[147.857s][info][gc       ] [SPS 0.000 0.000 0.000 0.007 0.000 0.001 0.000 0.154 0.024 0.188 NewGC_pause3 147.855810 ]
[147.857s][info][safepoint] Application time: 0.0013716 seconds
[147.858s][info][safepoint] Total time for which application threads were stopped: 0.0001945 seconds, Stopping threads took: 0.0000005 seconds
[147.858s][info][gc       ] [SPS 0.000 0.003 0.002 0.007 0.001 0.001 0.000 0.150 0.036 0.195 NewGC_pause4 147.857376 ]
[147.858s][info][gc       ] [GC New Max 395-372 : 5120 2878 2134 5120 - - 1056 56 2 2 - : 112 1806 32 184 856 : 106 4 748 748 0 : 0 1 53 0 56 - 0 : 0.243650 2610.3 0.0 0.055048 2070.9 0.0 : 8 --c 0000 : 23 0 0.000 0.000 0 0.000 0.000 0 0.000 0.000 : 147.802888 147.805073 0.000160 147.853046 0.000094 147.855622 0.000106 147.857181 0.000118 : 147.857936 ]
[147.858s][info][gc       ] [SYSINFO 7583 191 89 0 7048 0 20 0 0 5745 : - - - - - - - - : 0 7168 : 2.27 1.35 1.48 : 278178 4215640 : 0 0 : 32 0 : 1547 3 0 259 : - 7679426560 333475840 1446559744 5939011584 199643136 93806592 : 140688591 5249580 148620 0 0 0 : 147.858211 ]
[147.858s][info][gc       ] [HUGEPAGESTAT 0 0 0 - 20840 0 0 : 612352 0 0 : 147.858211 ]
[147.858s][info][gc       ] [OBJCREAT 332367410 25573 17582080 : 147.858260 ]
[147.858s][info][gc       ] [HMSV All : 0 0 100 0 0 0 0 0 : 5062 0 0 0 : 147.858280 ]
[147.858s][info][gc       ] [HMSP 9 : 41100 0 : 147.858280 ]
[147.859s][info][gc       ] [VMAC 65530 166 24 430 620 : 147.858827 ]
[148.101s][info][gc       ] [GPGC-H  3035.6 652.0 0.1 0.0 : 5.3 : 0.521 1.435 : 0.847 1.675 0.864 1.882 : 3.450 1.612 1.030 2.196 1.953 0.445 : 0.000 : 95.568 : 762 1806 32 0 : 2267 : 4608 4424 : 148.100961 : 9 Next_heuristic_check_may_be_too_late ]
[148.104s][info][safepoint] Application time: 0.2463996 seconds
[148.105s][info][safepoint] Total time for which application threads were stopped: 0.0003295 seconds, Stopping threads took: 0.0000006 seconds
[148.106s][info][gc       ] [SPS 0.000 0.005 0.005 0.009 0.001 0.001 0.001 0.295 0.023 0.330 NewGC_pause1 148.104105 ]
[148.151s][info][safepoint] Application time: 0.0465943 seconds
[148.151s][info][safepoint] Total time for which application threads were stopped: 0.0002143 seconds, Stopping threads took: 0.0000005 seconds
[148.152s][info][gc       ] [SPS 0.000 0.001 0.000 0.007 0.000 0.001 0.000 0.164 0.041 0.214 NewGC_pause2 148.150914 ]
[148.153s][info][safepoint] Application time: 0.0020858 seconds
[148.154s][info][safepoint] Total time for which application threads were stopped: 0.0002444 seconds, Stopping threads took: 0.0000008 seconds
[148.154s][info][gc       ] [SPS 0.000 0.000 0.000 0.020 0.001 0.001 0.000 0.156 0.067 0.245 NewGC_pause3 148.153245 ]
[148.155s][info][safepoint] Application time: 0.0016127 seconds
[148.155s][info][safepoint] Total time for which application threads were stopped: 0.0001739 seconds, Stopping threads took: 0.0000006 seconds
[148.156s][info][gc       ] [SPS 0.000 0.003 0.002 0.008 0.001 0.001 0.000 0.139 0.025 0.174 NewGC_pause4 148.155031 ]
[148.156s][info][gc       ] [GC New Max 396-373 : 5120 2924 2164 5120 - - 1056 56 2 2 - : 142 1806 32 184 902 : 136 4 765 765 0 : 0 1 68 0 71 - 0 : 0.243521 2677.4 0.0 0.054034 2628.0 0.0 : 8 --c 0000 : 23 0 0.000 0.000 0 0.000 0.000 0 0.000 0.000 : 148.101457 148.103776 0.000270 148.150700 0.000135 148.153000 0.000097 148.154857 0.000077 : 148.155491 ]
[148.156s][info][gc       ] [SYSINFO 7583 191 89 0 7048 0 20 0 0 5745 : - - - - - - - - : 0 7168 : 2.27 1.35 1.48 : 278178 4215640 : 0 0 : 32 0 : 1547 2 0 259 : - 7679426560 333475840 1446559744 5939011584 199643136 93806592 : 140688591 5250200 148660 0 0 0 : 148.156075 ]
[148.156s][info][gc       ] [HUGEPAGESTAT 0 0 0 - 20840 0 0 : 612352 0 0 : 148.156075 ]
[148.156s][info][gc       ] [OBJCREAT 333156313 25573 17582080 : 148.156258 ]
[148.156s][info][gc       ] [HMSV All : 0 0 100 0 0 0 0 0 : 5062 0 0 0 : 148.156294 ]
[148.156s][info][gc       ] [HMSP 9 : 41100 0 : 148.156294 ]
[148.157s][info][gc       ] [VMAC 65530 166 24 430 620 : 148.156806 ]
[148.379s][info][gc       ] [GPGC-H  3035.6 652.0 0.1 0.0 : 5.3 : 0.520 1.435 : 0.847 1.675 0.864 1.882 : 3.439 1.612 1.030 2.196 1.953 0.445 : 0.000 : 95.303 : 804 1806 32 0 : 2267 : 4608 4424 : 148.379061 : 9 Next_heuristic_check_may_be_too_late ]
[148.382s][info][safepoint] Application time: 0.2268014 seconds
[148.383s][info][safepoint] Total time for which application threads were stopped: 0.0003550 seconds, Stopping threads took: 0.0000005 seconds
[148.383s][info][gc       ] [SPS 0.000 0.003 0.004 0.007 0.001 0.001 0.000 0.319 0.027 0.355 NewGC_pause1 148.382188 ]
[148.428s][info][safepoint] Application time: 0.0453402 seconds
[148.428s][info][safepoint] Total time for which application threads were stopped: 0.0001814 seconds, Stopping threads took: 0.0000005 seconds
[148.429s][info][gc       ] [SPS 0.000 0.002 0.000 0.007 0.000 0.001 0.000 0.149 0.023 0.181 NewGC_pause2 148.427710 ]
[148.430s][info][safepoint] Application time: 0.0024120 seconds
[148.431s][info][safepoint] Total time for which application threads were stopped: 0.0001857 seconds, Stopping threads took: 0.0000005 seconds
[148.431s][info][gc       ] [SPS 0.000 0.000 0.000 0.007 0.000 0.001 0.000 0.151 0.026 0.186 NewGC_pause3 148.430308 ]
[148.432s][info][safepoint] Application time: 0.0014388 seconds
[148.432s][info][safepoint] Total time for which application threads were stopped: 0.0002473 seconds, Stopping threads took: 0.0000016 seconds
[148.433s][info][gc       ] [SPS 0.000 0.006 0.005 0.023 0.002 0.003 0.001 0.194 0.025 0.247 NewGC_pause4 148.431994 ]
[148.433s][info][gc       ] [GC New Max 397-374 : 5120 2938 2136 5120 - - 1056 56 2 2 - : 114 1806 32 184 916 : 108 4 807 807 0 : 0 1 54 0 57 - 0 : 0.223932 2956.2 0.0 0.053137 2183.0 0.0 : 8 --c 0000 : 23 0 0.000 0.000 0 0.000 0.000 0 0.000 0.000 : 148.379424 148.381833 0.000283 148.427528 0.000104 148.430122 0.000105 148.431747 0.000171 : 148.432561 ]
[148.433s][info][gc       ] [SYSINFO 7583 191 89 0 7048 0 20 0 0 5745 : - - - - - - - - : 0 7168 : 2.27 1.35 1.48 : 278178 4215640 : 0 0 : 32 0 : 1547 3 0 259 : - 7679426560 333475840 1446559744 5939011584 199643136 93806592 : 140688591 5250790 148740 0 0 0 : 148.432794 ]
[148.433s][info][gc       ] [HUGEPAGESTAT 0 0 0 - 20840 0 0 : 612352 0 0 : 148.432794 ]
[148.433s][info][gc       ] [OBJCREAT 333924724 25573 17582080 : 148.432843 ]
[148.433s][info][gc       ] [HMSV All : 0 0 100 0 0 0 0 0 : 5062 0 0 0 : 148.432866 ]
[148.433s][info][gc       ] [HMSP 9 : 41100 0 : 148.432866 ]
[148.433s][info][gc       ] [VMAC 65530 166 24 430 620 : 148.433476 ]
[148.696s][info][gc       ] [GPGC-H  3035.6 652.0 0.1 0.0 : 5.3 : 0.518 1.435 : 0.847 1.675 0.864 1.882 : 3.429 1.612 1.030 2.196 1.953 0.445 : 0.000 : 95.059 : 774 1806 32 0 : 2267 : 4608 4424 : 148.696183 : 9 Next_heuristic_check_may_be_too_late ]
[148.699s][info][safepoint] Application time: 0.2667579 seconds
[148.699s][info][safepoint] Total time for which application threads were stopped: 0.0001500 seconds, Stopping threads took: 0.0000006 seconds
[148.700s][info][gc       ] [SPS 0.000 0.005 0.002 0.009 0.001 0.001 0.001 0.120 0.019 0.150 NewGC_pause1 148.698902 ]
[148.745s][info][safepoint] Application time: 0.0457404 seconds
[148.746s][info][safepoint] Total time for which application threads were stopped: 0.0002387 seconds, Stopping threads took: 0.0000007 seconds
[148.746s][info][gc       ] [SPS 0.000 0.001 0.000 0.011 0.001 0.001 0.001 0.190 0.035 0.239 NewGC_pause2 148.744881 ]
[148.748s][info][safepoint] Application time: 0.0025705 seconds
[148.748s][info][safepoint] Total time for which application threads were stopped: 0.0001713 seconds, Stopping threads took: 0.0000005 seconds
[148.748s][info][gc       ] [SPS 0.000 0.000 0.000 0.007 0.000 0.001 0.000 0.138 0.024 0.171 NewGC_pause3 148.747623 ]
[148.749s][info][safepoint] Application time: 0.0014168 seconds
[148.750s][info][safepoint] Total time for which application threads were stopped: 0.0001915 seconds, Stopping threads took: 0.0000008 seconds
[148.750s][info][gc       ] [SPS 0.000 0.003 0.002 0.010 0.001 0.001 0.000 0.152 0.027 0.191 NewGC_pause4 148.749232 ]
[148.750s][info][gc       ] [GC New Max 398-375 : 5120 2904 2128 5120 - - 1056 56 2 2 - : 106 1806 32 184 882 : 102 4 778 778 0 : 0 1 51 0 53 - 0 : 0.263947 2508.1 0.0 0.053183 2030.7 0.0 : 8 --c 0000 : 23 0 0.000 0.000 0 0.000 0.000 0 0.000 0.000 : 148.696508 148.698752 0.000123 148.744643 0.000131 148.747452 0.000107 148.749040 0.000111 : 148.749691 ]
[148.750s][info][gc       ] [SYSINFO 7583 191 89 0 7048 0 20 0 0 5745 : - - - - - - - - : 0 7168 : 2.27 1.35 1.48 : 278178 4215640 : 0 0 : 32 0 : 1547 2 0 259 : - 7679426560 333475840 1446559744 5939011584 199643136 93806592 : 140688591 5251420 148820 0 0 0 : 148.749942 ]
[148.750s][info][gc       ] [HUGEPAGESTAT 0 0 0 - 20840 0 0 : 612352 0 0 : 148.749942 ]
[148.750s][info][gc       ] [OBJCREAT 334688067 25573 17582080 : 148.749992 ]
[148.750s][info][gc       ] [HMSV All : 0 0 100 0 0 0 0 0 : 5062 0 0 0 : 148.750010 ]
[148.750s][info][gc       ] [HMSP 9 : 41100 0 : 148.750010 ]
[148.751s][info][gc       ] [VMAC 65530 166 24 430 620 : 148.750528 ]
[148.993s][info][gc       ] [GPGC-H  3035.6 637.1 0.1 0.0 : 5.2 : 0.516 1.435 : 0.847 1.675 0.864 1.882 : 3.417 1.612 1.030 2.196 1.953 0.445 : 0.000 : 94.773 : 774 1806 32 0 : 2267 : 4608 4424 : 148.993434 : 9 Next_heuristic_check_may_be_too_late ]
[148.996s][info][safepoint] Application time: 0.2467825 seconds
[148.997s][info][safepoint] Total time for which application threads were stopped: 0.0002512 seconds, Stopping threads took: 0.0000005 seconds
[148.997s][info][gc       ] [SPS 0.000 0.004 0.004 0.008 0.001 0.001 0.000 0.215 0.026 0.251 NewGC_pause1 148.996266 ]
[149.044s][info][safepoint] Application time: 0.0475147 seconds
[149.045s][info][safepoint] Total time for which application threads were stopped: 0.0001883 seconds, Stopping threads took: 0.0000005 seconds
[149.045s][info][gc       ] [SPS 0.000 0.001 0.000 0.008 0.001 0.001 0.000 0.152 0.026 0.188 NewGC_pause2 149.043969 ]
[149.047s][info][safepoint] Application time: 0.0024140 seconds
[149.047s][info][safepoint] Total time for which application threads were stopped: 0.0001846 seconds, Stopping threads took: 0.0000005 seconds
[149.047s][info][gc       ] [SPS 0.000 0.000 0.000 0.008 0.000 0.001 0.000 0.150 0.025 0.185 NewGC_pause3 149.046568 ]
[149.048s][info][safepoint] Application time: 0.0014082 seconds
[149.048s][info][safepoint] Total time for which application threads were stopped: 0.0001585 seconds, Stopping threads took: 0.0000005 seconds
[149.049s][info][gc       ] [SPS 0.000 0.003 0.002 0.007 0.001 0.001 0.000 0.121 0.028 0.159 NewGC_pause4 149.048135 ]
[149.049s][info][gc       ] [GC New Max 399-376 : 5120 2914 2138 5120 - - 1056 56 2 2 - : 116 1806 32 184 892 : 112 4 779 779 0 : 0 1 56 0 58 - 0 : 0.244245 2743.1 0.0 0.054705 2157.0 0.0 : 8 --c 0000 : 23 0 0.000 0.000 0 0.000 0.000 0 0.000 0.000 : 148.993936 148.996015 0.000209 149.043781 0.000109 149.046383 0.000051 149.047976 0.000062 : 149.048641 ]
[149.049s][info][gc       ] [SYSINFO 7583 191 89 0 7048 0 20 0 0 5745 : - - - - - - - - : 0 7168 : 2.27 1.35 1.48 : 278178 4215640 : 0 0 : 32 0 : 1547 4 0 259 : - 7679426560 333475840 1446559744 5939011584 199643136 93806592 : 140688591 5252050 148820 0 0 0 : 149.048970 ]
[149.049s][info][gc       ] [HUGEPAGESTAT 0 0 0 - 20840 0 0 : 612352 0 0 : 149.048970 ]
[149.049s][info][gc       ] [OBJCREAT 335468849 25573 17582080 : 149.049031 ]
[149.049s][info][gc       ] [HMSV All : 0 0 100 0 0 0 0 0 : 5062 0 0 0 : 149.049053 ]
[149.049s][info][gc       ] [HMSP 9 : 41100 0 : 149.049053 ]
[149.050s][info][gc       ] [VMAC 65530 166 24 430 620 : 149.050386 ]
[149.272s][info][gc       ] [GPGC-H  3024.3 637.1 0.1 0.0 : 5.2 : 0.515 1.435 : 0.847 1.675 0.864 1.882 : 3.406 1.612 1.030 2.196 1.953 0.445 : 0.000 : 94.509 : 744 1806 32 0 : 2267 : 4608 4424 : 149.271619 : 9 Next_heuristic_check_may_be_too_late ]
[149.274s][info][safepoint] Application time: 0.2259562 seconds
[149.275s][info][safepoint] Total time for which application threads were stopped: 0.0002573 seconds, Stopping threads took: 0.0000005 seconds
[149.275s][info][gc       ] [SPS 0.000 0.004 0.005 0.008 0.001 0.001 0.000 0.211 0.036 0.257 NewGC_pause1 149.274348 ]
[149.320s][info][safepoint] Application time: 0.0454275 seconds
[149.321s][info][safepoint] Total time for which application threads were stopped: 0.0002007 seconds, Stopping threads took: 0.0000005 seconds
[149.321s][info][gc       ] [SPS 0.000 0.001 0.000 0.008 0.000 0.001 0.000 0.155 0.036 0.201 NewGC_pause2 149.319977 ]
[149.322s][info][safepoint] Application time: 0.0022722 seconds
[149.323s][info][safepoint] Total time for which application threads were stopped: 0.0001923 seconds, Stopping threads took: 0.0000005 seconds
[149.323s][info][gc       ] [SPS 0.000 0.001 0.000 0.007 0.001 0.001 0.000 0.148 0.036 0.192 NewGC_pause3 149.322441 ]
[149.324s][info][safepoint] Application time: 0.0013290 seconds
[149.324s][info][safepoint] Total time for which application threads were stopped: 0.0001508 seconds, Stopping threads took: 0.0000005 seconds
[149.325s][info][gc       ] [SPS 0.000 0.003 0.002 0.007 0.000 0.001 0.000 0.117 0.026 0.151 NewGC_pause4 149.323921 ]
[149.325s][info][gc       ] [GC New Max 400-377 : 5120 2874 2132 5120 - - 1056 56 2 2 - : 110 1806 32 184 852 : 106 4 747 747 0 : 0 1 53 0 55 - 0 : 0.223479 2819.1 0.0 0.052297 2103.4 0.0 : 8 --c 0000 : 23 0 0.000 0.000 0 0.000 0.000 0 0.000 0.000 : 149.272121 149.274091 0.000212 149.319776 0.000101 149.322249 0.000108 149.323770 0.000069 : 149.324418 ]
[149.325s][info][gc       ] [SYSINFO 7583 191 89 0 7048 0 20 0 0 5745 : - - - - - - - - : 0 7168 : 2.27 1.35 1.48 : 278178 4215640 : 0 0 : 32 0 : 1547 2 0 259 : - 7679426560 333475840 1446559744 5939011584 199643136 93806592 : 140688591 5252650 148840 0 0 0 : 149.324680 ]
[149.325s][info][gc       ] [HUGEPAGESTAT 0 0 0 - 20840 0 0 : 612352 0 0 : 149.324680 ]
[149.325s][info][gc       ] [OBJCREAT 336199813 25573 17582080 : 149.324729 ]
[149.325s][info][gc       ] [HMSV All : 0 0 100 0 0 0 0 0 : 5062 0 0 0 : 149.324749 ]
[149.325s][info][gc       ] [HMSP 9 : 41100 0 : 149.324749 ]
[149.325s][info][gc       ] [VMAC 65530 166 24 430 620 : 149.325305 ]
[149.588s][info][gc       ] [GPGC-H  3024.3 637.1 0.1 0.0 : 5.2 : 0.513 1.435 : 0.847 1.675 0.864 1.882 : 3.396 1.612 1.030 2.196 1.953 0.445 : 0.000 : 94.269 : 776 1806 32 0 : 2267 : 4608 4424 : 149.588207 : 9 Next_heuristic_check_may_be_too_late ]
[149.592s][info][safepoint] Application time: 0.2674312 seconds
[149.592s][info][safepoint] Total time for which application threads were stopped: 0.0005130 seconds, Stopping threads took: 0.0000009 seconds
[149.593s][info][gc       ] [SPS 0.000 0.006 0.003 0.010 0.001 0.001 0.001 0.455 0.045 0.513 NewGC_pause1 149.591866 ]
[149.641s][info][safepoint] Application time: 0.0488647 seconds
[149.642s][info][safepoint] Total time for which application threads were stopped: 0.0002016 seconds, Stopping threads took: 0.0000005 seconds
[149.642s][info][gc       ] [SPS 0.000 0.001 0.000 0.009 0.001 0.001 0.000 0.167 0.024 0.202 NewGC_pause2 149.640932 ]
[149.644s][info][safepoint] Application time: 0.0026213 seconds
[149.644s][info][safepoint] Total time for which application threads were stopped: 0.0001964 seconds, Stopping threads took: 0.0000005 seconds
[149.644s][info][gc       ] [SPS 0.000 0.000 0.000 0.007 0.001 0.001 0.000 0.163 0.025 0.197 NewGC_pause3 149.643750 ]
[149.646s][info][safepoint] Application time: 0.0017608 seconds
[149.646s][info][safepoint] Total time for which application threads were stopped: 0.0001943 seconds, Stopping threads took: 0.0000005 seconds
[149.647s][info][gc       ] [SPS 0.000 0.003 0.002 0.008 0.001 0.001 0.000 0.156 0.029 0.194 NewGC_pause4 149.645705 ]
[149.647s][info][gc       ] [GC New Max 401-378 : 5120 2912 2138 5120 - - 1056 56 2 2 - : 116 1806 32 184 890 : 110 4 780 780 0 : 0 1 55 0 58 - 0 : 0.264646 2524.1 0.0 0.057365 2057.0 0.0 : 8 --c 0000 : 23 0 0.000 0.000 0 0.000 0.000 0 0.000 0.000 : 149.589064 149.591353 0.000389 149.640731 0.000086 149.643553 0.000108 149.645511 0.000113 : 149.646429 ]
[149.647s][info][gc       ] [SYSINFO 7583 191 89 0 7048 0 20 0 0 5745 : - - - - - - - - : 0 7168 : 2.17 1.34 1.48 : 278178 4215640 : 0 0 : 32 0 : 1547 2 0 259 : - 7679426560 333475840 1446559744 5939011584 199643136 93806592 : 140688591 5253310 148850 0 0 0 : 149.646699 ]
[149.647s][info][gc       ] [HUGEPAGESTAT 0 0 0 - 20840 0 0 : 612352 0 0 : 149.646699 ]
[149.647s][info][gc       ] [OBJCREAT 336977610 25573 17582080 : 149.646751 ]
[149.647s][info][gc       ] [HMSV All : 0 0 100 0 0 0 0 0 : 5062 0 0 0 : 149.646770 ]
[149.647s][info][gc       ] [HMSP 9 : 41100 0 : 149.646770 ]
[149.647s][info][gc       ] [VMAC 65530 166 24 430 620 : 149.647329 ]
[149.911s][info][gc       ] [GPGC-H  3024.3 637.1 0.1 0.0 : 5.2 : 0.512 1.435 : 0.847 1.675 0.864 1.882 : 3.385 1.612 1.030 2.196 1.953 0.445 : 0.000 : 93.985 : 754 1806 32 0 : 2267 : 4608 4424 : 149.910720 : 9 Next_heuristic_check_may_be_too_late ]
[149.914s][info][safepoint] Application time: 0.2678178 seconds
[149.914s][info][safepoint] Total time for which application threads were stopped: 0.0003778 seconds, Stopping threads took: 0.0000005 seconds
[149.915s][info][gc       ] [SPS 0.000 0.003 0.002 0.008 0.001 0.001 0.000 0.342 0.026 0.378 NewGC_pause1 149.913901 ]
[149.959s][info][safepoint] Application time: 0.0452145 seconds
[149.960s][info][safepoint] Total time for which application threads were stopped: 0.0002202 seconds, Stopping threads took: 0.0000005 seconds
[149.961s][info][gc       ] [SPS 0.000 0.001 0.000 0.008 0.001 0.001 0.000 0.187 0.024 0.220 NewGC_pause2 149.959336 ]
[149.962s][info][safepoint] Application time: 0.0025592 seconds
[149.962s][info][safepoint] Total time for which application threads were stopped: 0.0001752 seconds, Stopping threads took: 0.0000005 seconds
[149.963s][info][gc       ] [SPS 0.000 0.000 0.000 0.007 0.000 0.001 0.000 0.143 0.024 0.175 NewGC_pause3 149.962070 ]
[149.964s][info][safepoint] Application time: 0.0018337 seconds
[149.965s][info][safepoint] Total time for which application threads were stopped: 0.0002196 seconds, Stopping threads took: 0.0000005 seconds
[149.965s][info][gc       ] [SPS 0.000 0.003 0.002 0.007 0.000 0.001 0.000 0.186 0.026 0.220 NewGC_pause4 149.964124 ]
[149.966s][info][gc       ] [GC New Max 402-379 : 5120 2910 2152 5120 - - 1056 56 2 2 - : 130 1806 32 184 888 : 126 2 762 762 0 : 0 0 63 0 65 - 0 : 0.264959 2415.5 0.0 0.053749 2530.3 0.0 : 8 --c 0000 : 23 0 0.000 0.000 0 0.000 0.000 0 0.000 0.000 : 149.911387 149.913523 0.000305 149.959116 0.000135 149.961895 0.000111 149.963904 0.000137 : 149.965136 ]
[149.966s][info][gc       ] [SYSINFO 7583 191 89 0 7048 0 20 0 0 5745 : - - - - - - - - : 0 7168 : 2.17 1.34 1.48 : 278178 4215640 : 0 0 : 32 0 : 1547 2 0 259 : - 7679426560 333475840 1446559744 5939011584 199643136 93806592 : 140688591 5253920 148900 0 0 0 : 149.965512 ]
[149.966s][info][gc       ] [HUGEPAGESTAT 0 0 0 - 20840 0 0 : 612352 0 0 : 149.965512 ]
[149.966s][info][gc       ] [OBJCREAT 337747318 25573 17582080 : 149.965593 ]
[149.966s][info][gc       ] [HMSV All : 0 0 100 0 0 0 0 0 : 5062 0 0 0 : 149.965617 ]
[149.966s][info][gc       ] [HMSP 9 : 41100 0 : 149.965617 ]
[149.966s][info][gc       ] [VMAC 65530 166 24 430 620 : 149.966224 ]
[150.208s][info][gc       ] [GPGC-H  3024.3 637.1 0.1 0.0 : 5.2 : 0.510 1.435 : 0.847 1.675 0.864 1.882 : 3.373 1.612 1.030 2.196 1.953 0.445 : 0.000 : 93.702 : 768 1806 32 0 : 2267 : 4608 4424 : 150.208170 : 9 Next_heuristic_check_may_be_too_late ]
[150.211s][info][safepoint] Application time: 0.2466138 seconds
[150.211s][info][safepoint] Total time for which application threads were stopped: 0.0002287 seconds, Stopping threads took: 0.0000005 seconds
[150.212s][info][gc       ] [SPS 0.000 0.003 0.004 0.009 0.001 0.001 0.000 0.200 0.017 0.229 NewGC_pause1 150.210967 ]
[150.257s][info][safepoint] Application time: 0.0458297 seconds
[150.258s][info][safepoint] Total time for which application threads were stopped: 0.0002491 seconds, Stopping threads took: 0.0000005 seconds
[150.258s][info][gc       ] [SPS 0.000 0.001 0.000 0.007 0.000 0.001 0.000 0.206 0.035 0.249 NewGC_pause2 150.257046 ]
[150.260s][info][safepoint] Application time: 0.0024900 seconds
[150.260s][info][safepoint] Total time for which application threads were stopped: 0.0001745 seconds, Stopping threads took: 0.0000005 seconds
[150.260s][info][gc       ] [SPS 0.000 0.000 0.000 0.007 0.001 0.001 0.000 0.141 0.025 0.175 NewGC_pause3 150.259710 ]
[150.262s][info][safepoint] Application time: 0.0022755 seconds
[150.263s][info][safepoint] Total time for which application threads were stopped: 0.0001978 seconds, Stopping threads took: 0.0000005 seconds
[150.263s][info][gc       ] [SPS 0.000 0.003 0.002 0.007 0.001 0.001 0.000 0.164 0.025 0.198 NewGC_pause4 150.262184 ]
[150.263s][info][gc       ] [GC New Max 403-380 : 5120 2924 2154 5120 - - 1056 56 2 2 - : 132 1806 32 184 900 : 128 2 774 774 0 : 0 0 64 0 66 - 0 : 0.243620 2627.0 0.0 0.053961 2520.3 0.0 : 8 --c 0000 : 23 0 0.000 0.000 0 0.000 0.000 0 0.000 0.000 : 150.208756 150.210738 0.000203 150.256796 0.000149 150.259536 0.000106 150.261986 0.000129 : 150.262717 ]
[150.263s][info][gc       ] [SYSINFO 7583 191 89 0 7048 0 20 0 0 5745 : - - - - - - - - : 0 7168 : 2.17 1.34 1.48 : 278178 4215640 : 0 0 : 32 0 : 1547 2 0 259 : - 7679426560 333475840 1446559744 5939011584 199643136 93806592 : 140688591 5254550 148940 0 0 0 : 150.263067 ]
[150.263s][info][gc       ] [HUGEPAGESTAT 0 0 0 - 20840 0 0 : 612352 0 0 : 150.263067 ]
[150.263s][info][gc       ] [OBJCREAT 338512620 25573 17582080 : 150.263139 ]
[150.263s][info][gc       ] [HMSV All : 0 0 100 0 0 0 0 0 : 5062 0 0 0 : 150.263156 ]
[150.263s][info][gc       ] [HMSP 9 : 41100 0 : 150.263156 ]
[150.264s][info][gc       ] [VMAC 65530 166 24 430 620 : 150.264198 ]
[150.486s][info][gc       ] [GPGC-H  3024.3 637.1 0.1 0.0 : 5.2 : 0.508 1.435 : 0.847 1.675 0.864 1.882 : 3.363 1.612 1.030 2.196 1.953 0.445 : 0.000 : 93.442 : 764 1806 32 0 : 2267 : 4608 4424 : 150.486309 : 9 Next_heuristic_check_may_be_too_late ]
[150.489s][info][safepoint] Application time: 0.2271744 seconds
[150.490s][info][safepoint] Total time for which application threads were stopped: 0.0001371 seconds, Stopping threads took: 0.0000005 seconds
[150.490s][info][gc       ] [SPS 0.000 0.003 0.003 0.007 0.000 0.001 0.007 0.104 0.019 0.137 NewGC_pause1 150.489496 ]
[150.536s][info][safepoint] Application time: 0.0460412 seconds
[150.537s][info][safepoint] Total time for which application threads were stopped: 0.0003362 seconds, Stopping threads took: 0.0000013 seconds
[150.537s][info][gc       ] [SPS 0.000 0.002 0.000 0.019 0.001 0.002 0.001 0.247 0.066 0.337 NewGC_pause2 150.535874 ]
[150.539s][info][safepoint] Application time: 0.0029605 seconds
[150.540s][info][safepoint] Total time for which application threads were stopped: 0.0003028 seconds, Stopping threads took: 0.0000006 seconds
[150.540s][info][gc       ] [SPS 0.000 0.001 0.000 0.009 0.001 0.001 0.000 0.242 0.050 0.303 NewGC_pause3 150.539137 ]
[150.542s][info][safepoint] Application time: 0.0021814 seconds
[150.542s][info][safepoint] Total time for which application threads were stopped: 0.0002411 seconds, Stopping threads took: 0.0000007 seconds
[150.543s][info][gc       ] [SPS 0.000 0.003 0.002 0.009 0.001 0.001 0.000 0.199 0.031 0.241 NewGC_pause4 150.541560 ]
[150.543s][info][gc       ] [GC New Max 404-381 : 5120 2902 2138 5120 - - 1056 56 2 2 - : 116 1806 32 184 880 : 110 4 769 769 0 : 0 1 55 0 58 - 0 : 0.224148 2828.5 0.0 0.055426 2129.0 0.0 : 8 --c 0000 : 23 0 0.000 0.000 0 0.000 0.000 0 0.000 0.000 : 150.486866 150.489358 0.000112 150.535537 0.000193 150.538834 0.000172 150.541319 0.000163 : 150.542292 ]
[150.543s][info][gc       ] [SYSINFO 7583 191 89 0 7048 0 20 0 0 5745 : - - - - - - - - : 0 7168 : 2.17 1.34 1.48 : 278178 4215640 : 0 0 : 32 0 : 1547 3 0 259 : - 7679426560 333475840 1446559744 5939011584 199643136 93806592 : 140688591 5255090 148970 0 0 0 : 150.542657 ]
[150.543s][info][gc       ] [HUGEPAGESTAT 0 0 0 - 20840 0 0 : 612352 0 0 : 150.542657 ]
[150.543s][info][gc       ] [OBJCREAT 339257764 25573 17582080 : 150.542728 ]
[150.543s][info][gc       ] [HMSV All : 0 0 100 0 0 0 0 0 : 5062 0 0 0 : 150.542752 ]
[150.543s][info][gc       ] [HMSP 9 : 41100 0 : 150.542752 ]
[150.544s][info][gc       ] [VMAC 65530 166 24 430 620 : 150.543559 ]
[150.787s][info][gc       ] [GPGC-H  3024.3 637.1 0.1 0.0 : 5.2 : 0.507 1.435 : 0.847 1.675 0.864 1.882 : 3.353 1.612 1.030 2.196 1.953 0.445 : 0.000 : 93.205 : 738 1806 32 0 : 2267 : 4608 4424 : 150.786824 : 9 Next_heuristic_check_may_be_too_late ]
[150.790s][info][safepoint] Application time: 0.2481514 seconds
[150.790s][info][safepoint] Total time for which application threads were stopped: 0.0003567 seconds, Stopping threads took: 0.0000004 seconds
[150.791s][info][gc       ] [SPS 0.000 0.003 0.002 0.007 0.000 0.001 0.000 0.320 0.028 0.357 NewGC_pause1 150.790068 ]
[150.838s][info][safepoint] Application time: 0.0478516 seconds
[150.839s][info][safepoint] Total time for which application threads were stopped: 0.0001958 seconds, Stopping threads took: 0.0000005 seconds
[150.839s][info][gc       ] [SPS 0.000 0.001 0.000 0.007 0.000 0.001 0.001 0.163 0.024 0.196 NewGC_pause2 150.838116 ]
[150.841s][info][safepoint] Application time: 0.0026146 seconds
[150.841s][info][safepoint] Total time for which application threads were stopped: 0.0001751 seconds, Stopping threads took: 0.0000005 seconds
[150.842s][info][gc       ] [SPS 0.000 0.000 0.000 0.007 0.000 0.001 0.000 0.142 0.024 0.175 NewGC_pause3 150.840905 ]
[150.843s][info][safepoint] Application time: 0.0015199 seconds
[150.843s][info][safepoint] Total time for which application threads were stopped: 0.0002296 seconds, Stopping threads took: 0.0000006 seconds
[150.844s][info][gc       ] [SPS 0.000 0.003 0.002 0.009 0.001 0.001 0.000 0.194 0.025 0.230 NewGC_pause4 150.842655 ]
[150.844s][info][gc       ] [GC New Max 405-382 : 5120 2872 2130 5120 - - 1056 56 2 2 - : 108 1806 32 184 850 : 106 2 744 744 0 : 0 0 53 0 54 - 0 : 0.245267 2544.2 0.0 0.055713 2010.3 0.0 : 8 --c 0000 : 23 0 0.000 0.000 0 0.000 0.000 0 0.000 0.000 : 150.787559 150.789711 0.000285 150.837920 0.000108 150.840730 0.000109 150.842425 0.000151 : 150.843272 ]
[150.844s][info][gc       ] [SYSINFO 7583 191 89 0 7048 0 20 0 0 5745 : - - - - - - - - : 0 7168 : 2.17 1.34 1.48 : 278178 4215640 : 0 0 : 32 0 : 1547 2 0 259 : - 7679426560 333475840 1446559744 5939011584 199643136 93806592 : 140688591 5255710 149010 0 0 0 : 150.843591 ]
[150.844s][info][gc       ] [HUGEPAGESTAT 0 0 0 - 20840 0 0 : 612352 0 0 : 150.843591 ]
[150.844s][info][gc       ] [OBJCREAT 339987797 25573 17582080 : 150.843641 ]
[150.844s][info][gc       ] [HMSV All : 0 0 100 0 0 0 0 0 : 5062 0 0 0 : 150.843660 ]
[150.844s][info][gc       ] [HMSP 9 : 41100 0 : 150.843660 ]
[150.844s][info][gc       ] [VMAC 65530 166 24 430 620 : 150.844325 ]
[151.068s][info][gc       ] [GPGC-H  3012.1 622.2 0.1 0.0 : 5.1 : 0.505 1.435 : 0.847 1.675 0.864 1.882 : 3.342 1.612 1.030 2.196 1.953 0.445 : 0.000 : 92.946 : 754 1806 32 0 : 2267 : 4608 4424 : 151.067718 : 9 Next_heuristic_check_may_be_too_late ]
[151.071s][info][safepoint] Application time: 0.2278734 seconds
[151.071s][info][safepoint] Total time for which application threads were stopped: 0.0003866 seconds, Stopping threads took: 0.0000005 seconds
[151.072s][info][gc       ] [SPS 0.000 0.004 0.002 0.008 0.001 0.001 0.000 0.336 0.040 0.387 NewGC_pause1 151.070915 ]
[151.116s][info][safepoint] Application time: 0.0450658 seconds
[151.117s][info][safepoint] Total time for which application threads were stopped: 0.0002003 seconds, Stopping threads took: 0.0000005 seconds
[151.117s][info][gc       ] [SPS 0.000 0.001 0.000 0.008 0.001 0.001 0.000 0.164 0.026 0.200 NewGC_pause2 151.116182 ]
[151.119s][info][safepoint] Application time: 0.0026420 seconds
[151.119s][info][safepoint] Total time for which application threads were stopped: 0.0001743 seconds, Stopping threads took: 0.0000005 seconds
[151.120s][info][gc       ] [SPS 0.000 0.000 0.000 0.008 0.000 0.001 0.000 0.142 0.024 0.174 NewGC_pause3 151.118998 ]
[151.121s][info][safepoint] Application time: 0.0015744 seconds
[151.121s][info][safepoint] Total time for which application threads were stopped: 0.0001524 seconds, Stopping threads took: 0.0000005 seconds
[151.121s][info][gc       ] [SPS 0.000 0.003 0.002 0.008 0.001 0.001 0.000 0.125 0.018 0.153 NewGC_pause4 151.120725 ]
[151.122s][info][gc       ] [GC New Max 406-383 : 5120 2886 2128 5120 - - 1056 56 2 2 - : 104 1806 32 184 864 : 102 2 762 762 0 : 0 0 51 0 53 - 0 : 0.225101 2878.7 0.0 0.052916 2078.8 0.0 : 8 --c 0000 : 23 0 0.000 0.000 0 0.000 0.000 0 0.000 0.000 : 151.068374 151.070529 0.000291 151.115981 0.000115 151.118823 0.000108 151.120572 0.000129 : 151.121290 ]
[151.122s][info][gc       ] [SYSINFO 7583 191 89 0 7048 0 20 0 0 5745 : - - - - - - - - : 0 7168 : 2.17 1.34 1.48 : 278178 4215640 : 0 0 : 32 0 : 1547 3 0 259 : - 7679426560 333475840 1446559744 5939011584 199643136 93806592 : 140688591 5256280 149090 0 0 0 : 151.121571 ]
[151.122s][info][gc       ] [HUGEPAGESTAT 0 0 0 - 20840 0 0 : 612352 0 0 : 151.121571 ]
[151.122s][info][gc       ] [OBJCREAT 340737333 25573 17582080 : 151.121628 ]
[151.122s][info][gc       ] [HMSV All : 0 0 100 0 0 0 0 0 : 5062 0 0 0 : 151.121646 ]
[151.122s][info][gc       ] [HMSP 9 : 41100 0 : 151.121646 ]
[151.122s][info][gc       ] [VMAC 65530 166 24 430 620 : 151.122119 ]
[151.365s][info][gc       ] [GPGC-H  3012.1 622.2 0.1 0.0 : 5.1 : 0.504 1.435 : 0.847 1.675 0.864 1.882 : 3.332 1.612 1.030 2.196 1.953 0.445 : 0.000 : 92.709 : 752 1806 32 0 : 2267 : 4608 4424 : 151.364756 : 9 Next_heuristic_check_may_be_too_late ]
[151.368s][info][safepoint] Application time: 0.2467474 seconds
[151.368s][info][safepoint] Total time for which application threads were stopped: 0.0002854 seconds, Stopping threads took: 0.0000006 seconds
[151.369s][info][gc       ] [SPS 0.000 0.005 0.005 0.010 0.001 0.001 0.001 0.247 0.026 0.285 NewGC_pause1 151.367758 ]
[151.415s][info][safepoint] Application time: 0.0468203 seconds
[151.415s][info][safepoint] Total time for which application threads were stopped: 0.0002287 seconds, Stopping threads took: 0.0000005 seconds
[151.416s][info][gc       ] [SPS 0.000 0.001 0.000 0.007 0.000 0.001 0.000 0.196 0.024 0.229 NewGC_pause2 151.414807 ]
[151.417s][info][safepoint] Application time: 0.0021445 seconds
[151.417s][info][safepoint] Total time for which application threads were stopped: 0.0001982 seconds, Stopping threads took: 0.0000006 seconds
[151.418s][info][gc       ] [SPS 0.000 0.001 0.000 0.009 0.001 0.001 0.006 0.152 0.029 0.198 NewGC_pause3 151.417150 ]
[151.419s][info][safepoint] Application time: 0.0017154 seconds
[151.419s][info][safepoint] Total time for which application threads were stopped: 0.0000975 seconds, Stopping threads took: 0.0000005 seconds
[151.419s][info][gc       ] [SPS 0.000 0.003 0.002 0.008 0.001 0.001 0.000 0.066 0.021 0.098 NewGC_pause4 151.418963 ]
[151.420s][info][gc       ] [GC New Max 407-384 : 5120 2890 2138 5120 - - 1056 56 2 2 - : 116 1806 32 184 868 : 110 4 756 756 0 : 0 1 55 0 58 - 0 : 0.244015 2663.8 0.0 0.054248 2175.2 0.0 : 8 --c 0000 : 23 0 0.000 0.000 0 0.000 0.000 0 0.000 0.000 : 151.365305 151.367473 0.000252 151.414578 0.000167 151.416952 0.000101 151.418865 0.000069 : 151.419552 ]
[151.420s][info][gc       ] [SYSINFO 7583 191 89 0 7048 0 20 0 0 5745 : - - - - - - - - : 0 7168 : 2.17 1.34 1.48 : 278178 4215640 : 0 0 : 32 0 : 1547 2 0 259 : - 7679426560 333475840 1446559744 5939011584 199643136 93806592 : 140688591 5256880 149160 0 0 0 : 151.419954 ]
[151.420s][info][gc       ] [HUGEPAGESTAT 0 0 0 - 20840 0 0 : 612352 0 0 : 151.419954 ]
[151.420s][info][gc       ] [OBJCREAT 341495184 25573 17582080 : 151.420019 ]
[151.420s][info][gc       ] [HMSV All : 0 0 100 0 0 0 0 0 : 5062 0 0 0 : 151.420037 ]
[151.420s][info][gc       ] [HMSP 9 : 41100 0 : 151.420037 ]
[151.421s][info][gc       ] [VMAC 65530 166 24 430 620 : 151.420561 ]
[151.683s][info][gc       ] [GPGC-H  3012.1 622.2 0.1 0.0 : 5.1 : 0.502 1.435 : 0.847 1.675 0.864 1.882 : 3.322 1.612 1.030 2.196 1.953 0.445 : 0.000 : 92.452 : 782 1806 32 0 : 2267 : 4608 4424 : 151.683015 : 9 Next_heuristic_check_may_be_too_late ]
[151.686s][info][safepoint] Application time: 0.2668016 seconds
[151.687s][info][safepoint] Total time for which application threads were stopped: 0.0004201 seconds, Stopping threads took: 0.0000006 seconds
[151.687s][info][gc       ] [SPS 0.000 0.004 0.005 0.009 0.001 0.001 0.001 0.379 0.029 0.420 NewGC_pause1 151.686185 ]
[151.731s][info][safepoint] Application time: 0.0449795 seconds
[151.732s][info][safepoint] Total time for which application threads were stopped: 0.0002781 seconds, Stopping threads took: 0.0000034 seconds
[151.733s][info][gc       ] [SPS 0.000 0.001 0.000 0.021 0.003 0.002 0.001 0.201 0.050 0.278 NewGC_pause2 151.731443 ]
[151.734s][info][safepoint] Application time: 0.0025121 seconds
[151.734s][info][safepoint] Total time for which application threads were stopped: 0.0001123 seconds, Stopping threads took: 0.0000008 seconds
[151.735s][info][gc       ] [SPS 0.000 0.001 0.000 0.010 0.001 0.001 0.000 0.071 0.029 0.112 NewGC_pause3 151.734067 ]
[151.736s][info][safepoint] Application time: 0.0014354 seconds
[151.736s][info][safepoint] Total time for which application threads were stopped: 0.0001084 seconds, Stopping threads took: 0.0000005 seconds
[151.736s][info][gc       ] [SPS 0.000 0.003 0.002 0.008 0.001 0.001 0.000 0.070 0.029 0.108 NewGC_pause4 151.735611 ]
[151.737s][info][gc       ] [GC New Max 408-385 : 5120 2900 2114 5120 - - 1056 56 2 2 - : 92 1806 32 184 878 : 90 2 788 788 0 : 0 0 45 0 46 - 0 : 0.263838 2531.9 0.0 0.052828 1817.2 0.0 : 8 --c 0000 : 23 0 0.000 0.000 0 0.000 0.000 0 0.000 0.000 : 151.683391 151.685765 0.000308 151.731165 0.000180 151.733955 0.000067 151.735503 0.000077 : 151.736219 ]
[151.737s][info][gc       ] [SYSINFO 7583 191 89 0 7048 0 20 0 0 5745 : - - - - - - - - : 0 7168 : 2.17 1.34 1.48 : 278178 4215672 : 0 0 : 37 0 : 1547 2 0 259 : - 7679426560 333475840 1446559744 5939011584 199643136 93806592 : 140688591 5257540 149190 0 0 0 : 151.736488 ]
[151.737s][info][gc       ] [HUGEPAGESTAT 0 0 0 - 20840 0 0 : 612352 0 0 : 151.736488 ]
[151.737s][info][gc       ] [OBJCREAT 342252237 25573 17582080 : 151.736543 ]
[151.737s][info][gc       ] [HMSV All : 0 0 100 0 0 0 0 0 : 5062 0 0 0 : 151.736560 ]
[151.737s][info][gc       ] [HMSP 9 : 41100 0 : 151.736560 ]
[151.737s][info][gc       ] [VMAC 65530 166 24 430 620 : 151.737100 ]
[151.979s][info][gc       ] [GPGC-H  3012.1 622.2 0.1 0.0 : 5.1 : 0.501 1.435 : 0.847 1.675 0.864 1.882 : 3.311 1.612 1.030 2.196 1.953 0.445 : 0.000 : 92.176 : 762 1806 32 0 : 2267 : 4608 4424 : 151.978897 : 9 Next_heuristic_check_may_be_too_late ]
[151.982s][info][safepoint] Application time: 0.2461665 seconds
[151.983s][info][safepoint] Total time for which application threads were stopped: 0.0003472 seconds, Stopping threads took: 0.0000008 seconds
[151.983s][info][gc       ] [SPS 0.000 0.004 0.006 0.013 0.001 0.001 0.001 0.304 0.028 0.347 NewGC_pause1 151.982125 ]
[152.027s][info][safepoint] Application time: 0.0446909 seconds
[152.028s][info][safepoint] Total time for which application threads were stopped: 0.0002423 seconds, Stopping threads took: 0.0000005 seconds
[152.028s][info][gc       ] [SPS 0.000 0.001 0.000 0.008 0.000 0.001 0.000 0.207 0.025 0.242 NewGC_pause2 152.027059 ]
[152.030s][info][safepoint] Application time: 0.0024228 seconds
[152.030s][info][safepoint] Total time for which application threads were stopped: 0.0001743 seconds, Stopping threads took: 0.0000005 seconds
[152.031s][info][gc       ] [SPS 0.000 0.000 0.000 0.007 0.000 0.001 0.000 0.142 0.024 0.175 NewGC_pause3 152.029656 ]
[152.031s][info][safepoint] Application time: 0.0014416 seconds
[152.031s][info][safepoint] Total time for which application threads were stopped: 0.0001804 seconds, Stopping threads took: 0.0000005 seconds
[152.032s][info][gc       ] [SPS 0.000 0.002 0.002 0.007 0.001 0.001 0.000 0.145 0.027 0.181 NewGC_pause4 152.031278 ]
[152.032s][info][gc       ] [GC New Max 409-386 : 5120 2910 2148 5120 - - 1056 56 2 2 - : 126 1806 32 184 888 : 122 4 766 766 0 : 0 1 61 0 63 - 0 : 0.243205 2763.1 0.0 0.052404 2442.5 0.0 : 8 --c 0000 : 23 0 0.000 0.000 0 0.000 0.000 0 0.000 0.000 : 151.979424 151.981778 0.000308 152.026816 0.000144 152.029481 0.000106 152.031097 0.000106 : 152.031828 ]
[152.032s][info][gc       ] [SYSINFO 7583 191 89 0 7048 0 20 0 0 5745 : - - - - - - - - : 0 7168 : 2.17 1.34 1.48 : 278178 4215672 : 0 0 : 37 0 : 1547 3 0 259 : - 7679426560 333475840 1446559744 5939011584 199643136 93806592 : 140688591 5258140 149200 0 0 0 : 152.032074 ]
[152.032s][info][gc       ] [HUGEPAGESTAT 0 0 0 - 20840 0 0 : 612352 0 0 : 152.032074 ]
[152.032s][info][gc       ] [OBJCREAT 343043602 25573 17582080 : 152.032122 ]
[152.032s][info][gc       ] [HMSV All : 0 0 100 0 0 0 0 0 : 5062 0 0 0 : 152.032138 ]
[152.032s][info][gc       ] [HMSP 9 : 41100 0 : 152.032138 ]
[152.033s][info][gc       ] [VMAC 65530 166 24 430 620 : 152.032735 ]
[152.255s][info][gc       ] [GPGC-H  3012.1 622.2 0.1 0.0 : 5.1 : 0.499 1.435 : 0.847 1.675 0.864 1.882 : 3.300 1.612 1.030 2.196 1.953 0.445 : 0.000 : 91.922 : 780 1806 32 0 : 2267 : 4608 4424 : 152.254622 : 9 Next_heuristic_check_may_be_too_late ]
[152.258s][info][safepoint] Application time: 0.2261536 seconds
[152.258s][info][safepoint] Total time for which application threads were stopped: 0.0004679 seconds, Stopping threads took: 0.0000007 seconds
[152.258s][info][gc       ] [SPS 0.000 0.004 0.004 0.034 0.001 0.001 0.001 0.392 0.039 0.468 NewGC_pause1 152.257900 ]
[152.304s][info][safepoint] Application time: 0.0458443 seconds
[152.304s][info][safepoint] Total time for which application threads were stopped: 0.0001652 seconds, Stopping threads took: 0.0000005 seconds
[152.305s][info][gc       ] [SPS 0.000 0.001 0.000 0.007 0.000 0.001 0.000 0.133 0.023 0.165 NewGC_pause2 152.303909 ]
[152.307s][info][safepoint] Application time: 0.0025919 seconds
[152.307s][info][safepoint] Total time for which application threads were stopped: 0.0001735 seconds, Stopping threads took: 0.0000005 seconds
[152.307s][info][gc       ] [SPS 0.000 0.000 0.000 0.007 0.000 0.001 0.000 0.141 0.024 0.174 NewGC_pause3 152.306675 ]
[152.309s][info][safepoint] Application time: 0.0016905 seconds
[152.309s][info][safepoint] Total time for which application threads were stopped: 0.0001368 seconds, Stopping threads took: 0.0000005 seconds
[152.309s][info][gc       ] [SPS 0.000 0.003 0.002 0.007 0.000 0.001 0.000 0.108 0.020 0.137 NewGC_pause4 152.308502 ]
[152.309s][info][gc       ] [GC New Max 410-387 : 5120 2922 2140 5120 - - 1056 56 2 2 - : 118 1806 32 184 900 : 114 4 787 787 0 : 0 1 57 0 59 - 0 : 0.223509 2935.0 0.0 0.053750 2269.8 0.0 : 8 --c 0000 : 23 0 0.000 0.000 0 0.000 0.000 0 0.000 0.000 : 152.255337 152.257432 0.000369 152.303745 0.000087 152.306501 0.000098 152.308365 0.000111 : 152.309088 ]
[152.309s][info][gc       ] [SYSINFO 7583 191 89 0 7048 0 20 0 0 5745 : - - - - - - - - : 0 7168 : 2.17 1.34 1.48 : 278178 4215672 : 0 0 : 37 0 : 1547 2 0 259 : - 7679426560 333475840 1446559744 5939011584 199643136 93806592 : 140688591 5258700 149220 0 0 0 : 152.309363 ]
[152.309s][info][gc       ] [HUGEPAGESTAT 0 0 0 - 20840 0 0 : 612352 0 0 : 152.309363 ]
[152.309s][info][gc       ] [OBJCREAT 343813973 25573 17582080 : 152.309412 ]
[152.309s][info][gc       ] [HMSV All : 0 0 100 0 0 0 0 0 : 5062 0 0 0 : 152.309418 ]
[152.309s][info][gc       ] [HMSP 9 : 41100 0 : 152.309418 ]
[152.310s][info][gc       ] [VMAC 65530 166 24 430 620 : 152.309966 ]
[152.552s][info][gc       ] [GPGC-H  3012.1 622.2 0.1 0.0 : 5.1 : 0.498 1.435 : 0.847 1.675 0.864 1.882 : 3.290 1.612 1.030 2.196 1.953 0.445 : 0.000 : 91.690 : 782 1806 32 0 : 2267 : 4608 4424 : 152.552230 : 9 Next_heuristic_check_may_be_too_late ]
[152.556s][info][safepoint] Application time: 0.2467083 seconds
[152.556s][info][safepoint] Total time for which application threads were stopped: 0.0004360 seconds, Stopping threads took: 0.0000007 seconds
[152.556s][info][gc       ] [SPS 0.000 0.004 0.005 0.011 0.001 0.001 0.001 0.384 0.038 0.436 NewGC_pause1 152.555647 ]
[152.601s][info][safepoint] Application time: 0.0450972 seconds
[152.602s][info][safepoint] Total time for which application threads were stopped: 0.0002168 seconds, Stopping threads took: 0.0000005 seconds
[152.602s][info][gc       ] [SPS 0.000 0.001 0.000 0.008 0.001 0.001 0.000 0.176 0.031 0.217 NewGC_pause2 152.600961 ]
[152.604s][info][safepoint] Application time: 0.0028249 seconds
[152.604s][info][safepoint] Total time for which application threads were stopped: 0.0001895 seconds, Stopping threads took: 0.0000005 seconds
[152.605s][info][gc       ] [SPS 0.000 0.000 0.000 0.007 0.001 0.001 0.000 0.154 0.026 0.190 NewGC_pause3 152.603976 ]
[152.606s][info][safepoint] Application time: 0.0013059 seconds
[152.606s][info][safepoint] Total time for which application threads were stopped: 0.0002170 seconds, Stopping threads took: 0.0000005 seconds
[152.606s][info][gc       ] [SPS 0.000 0.003 0.002 0.008 0.001 0.001 0.000 0.181 0.026 0.217 NewGC_pause4 152.605499 ]
[152.606s][info][gc       ] [GC New Max 411-388 : 5120 2920 2136 5120 - - 1056 56 2 2 - : 114 1806 32 184 898 : 108 4 788 788 0 : 0 1 54 0 57 - 0 : 0.243751 2732.3 0.0 0.053112 2221.7 0.0 : 8 --c 0000 : 23 0 0.000 0.000 0 0.000 0.000 0 0.000 0.000 : 152.552838 152.555211 0.000317 152.600744 0.000132 152.603786 0.000114 152.605282 0.000131 : 152.605951 ]
[152.607s][info][gc       ] [SYSINFO 7583 191 89 0 7048 0 20 0 0 5745 : - - - - - - - - : 0 7168 : 2.17 1.34 1.48 : 278178 4215672 : 0 0 : 37 0 : 1547 2 0 259 : - 7679426560 333475840 1446559744 5939011584 199643136 93806592 : 140688591 5259320 149270 0 0 0 : 152.606440 ]
[152.607s][info][gc       ] [HUGEPAGESTAT 0 0 0 - 20840 0 0 : 612352 0 0 : 152.606440 ]
[152.607s][info][gc       ] [OBJCREAT 344591104 25573 17582080 : 152.606529 ]
[152.607s][info][gc       ] [HMSV All : 0 0 100 0 0 0 0 0 : 5062 0 0 0 : 152.606557 ]
[152.607s][info][gc       ] [HMSP 9 : 41100 0 : 152.606557 ]
[152.607s][info][gc       ] [VMAC 65530 166 24 430 620 : 152.607160 ]
[152.829s][info][gc       ] [GPGC-H  3012.1 622.2 0.1 0.0 : 5.1 : 0.496 1.435 : 0.847 1.675 0.864 1.882 : 3.280 1.612 1.030 2.196 1.953 0.445 : 0.000 : 91.437 : 758 1806 32 0 : 2267 : 4608 4424 : 152.829229 : 9 Next_heuristic_check_may_be_too_late ]
[152.832s][info][safepoint] Application time: 0.2266187 seconds
[152.833s][info][safepoint] Total time for which application threads were stopped: 0.0001944 seconds, Stopping threads took: 0.0000005 seconds
[152.833s][info][gc       ] [SPS 0.000 0.004 0.006 0.009 0.001 0.001 0.000 0.143 0.040 0.194 NewGC_pause1 152.832312 ]
[152.878s][info][safepoint] Application time: 0.0450186 seconds
[152.878s][info][safepoint] Total time for which application threads were stopped: 0.0001902 seconds, Stopping threads took: 0.0000005 seconds
[152.879s][info][gc       ] [SPS 0.000 0.001 0.000 0.007 0.000 0.001 0.000 0.158 0.023 0.190 NewGC_pause2 152.877521 ]
[152.880s][info][safepoint] Application time: 0.0024060 seconds
[152.880s][info][safepoint] Total time for which application threads were stopped: 0.0001922 seconds, Stopping threads took: 0.0000005 seconds
[152.881s][info][gc       ] [SPS 0.000 0.000 0.000 0.008 0.001 0.001 0.000 0.158 0.025 0.192 NewGC_pause3 152.880119 ]
[152.882s][info][safepoint] Application time: 0.0014988 seconds
[152.882s][info][safepoint] Total time for which application threads were stopped: 0.0002441 seconds, Stopping threads took: 0.0000015 seconds
[152.882s][info][gc       ] [SPS 0.000 0.006 0.004 0.019 0.001 0.003 0.001 0.182 0.037 0.244 NewGC_pause4 152.881863 ]
[152.883s][info][gc       ] [GC New Max 412-389 : 5120 2920 2164 5120 - - 1056 56 2 2 - : 142 1806 32 184 898 : 136 4 761 761 0 : 0 1 68 0 71 - 0 : 0.223913 2876.1 0.0 0.052345 2751.0 0.0 : 8 --c 0000 : 23 0 0.000 0.000 0 0.000 0.000 0 0.000 0.000 : 152.829864 152.832118 0.000123 152.877331 0.000107 152.879927 0.000121 152.881619 0.000150 : 152.882209 ]
[152.883s][info][gc       ] [SYSINFO 7583 191 89 0 7048 0 20 0 0 5745 : - - - - - - - - : 0 7168 : 2.17 1.34 1.48 : 278178 4215672 : 0 0 : 37 0 : 1547 3 0 259 : - 7679426560 333475840 1446559744 5939011584 199643136 93806592 : 140688591 5259920 149300 0 0 0 : 152.882505 ]
[152.883s][info][gc       ] [HUGEPAGESTAT 0 0 0 - 20840 0 0 : 612352 0 0 : 152.882505 ]
[152.883s][info][gc       ] [OBJCREAT 345369880 25573 17582080 : 152.882561 ]
[152.883s][info][gc       ] [HMSV All : 0 0 100 0 0 0 0 0 : 5062 0 0 0 : 152.882593 ]
[152.883s][info][gc       ] [HMSP 9 : 41100 0 : 152.882593 ]
[152.884s][info][gc       ] [VMAC 65530 166 24 430 620 : 152.884159 ]
[153.106s][info][gc       ] [GPGC-H  3001.8 607.7 0.1 0.0 : 5.0 : 0.495 1.435 : 0.847 1.675 0.864 1.882 : 3.271 1.612 1.030 2.196 1.953 0.445 : 0.000 : 91.206 : 772 1806 32 0 : 2267 : 4608 4424 : 153.105717 : 9 Next_heuristic_check_may_be_too_late ]
[153.109s][info][safepoint] Application time: 0.2268997 seconds
[153.110s][info][safepoint] Total time for which application threads were stopped: 0.0003776 seconds, Stopping threads took: 0.0000009 seconds
[153.110s][info][gc       ] [SPS 0.000 0.005 0.004 0.013 0.001 0.002 0.001 0.331 0.031 0.378 NewGC_pause1 153.109140 ]
[153.155s][info][safepoint] Application time: 0.0459550 seconds
[153.156s][info][safepoint] Total time for which application threads were stopped: 0.0001895 seconds, Stopping threads took: 0.0000005 seconds
[153.157s][info][gc       ] [SPS 0.000 0.001 0.000 0.007 0.000 0.001 0.000 0.157 0.023 0.190 NewGC_pause2 153.155285 ]
[153.158s][info][safepoint] Application time: 0.0027636 seconds
[153.159s][info][safepoint] Total time for which application threads were stopped: 0.0001943 seconds, Stopping threads took: 0.0000005 seconds
[153.159s][info][gc       ] [SPS 0.000 0.000 0.000 0.007 0.000 0.001 0.000 0.160 0.025 0.194 NewGC_pause3 153.158243 ]
[153.160s][info][safepoint] Application time: 0.0015866 seconds
[153.160s][info][safepoint] Total time for which application threads were stopped: 0.0002016 seconds, Stopping threads took: 0.0000005 seconds
[153.160s][info][gc       ] [SPS 0.000 0.003 0.002 0.007 0.000 0.001 0.000 0.168 0.025 0.202 NewGC_pause4 153.160031 ]
[153.161s][info][gc       ] [GC New Max 413-390 : 5120 2940 2164 5120 - - 1056 56 2 2 - : 142 1806 32 184 918 : 138 4 779 779 0 : 0 1 69 0 71 - 0 : 0.224026 2821.1 0.0 0.054412 2683.2 0.0 : 8 --c 0000 : 23 0 0.000 0.000 0 0.000 0.000 0 0.000 0.000 : 153.106235 153.108763 0.000323 153.155095 0.000109 153.158049 0.000111 153.159830 0.000134 : 153.160647 ]
[153.161s][info][gc       ] [SYSINFO 7583 191 89 0 7048 0 20 0 0 5745 : - - - - - - - - : 0 7168 : 2.17 1.34 1.48 : 278178 4215672 : 0 0 : 37 0 : 1547 3 0 259 : - 7679426560 333475840 1446559744 5939011584 199643136 93806592 : 140688591 5260500 149350 0 0 0 : 153.160957 ]
[153.161s][info][gc       ] [HUGEPAGESTAT 0 0 0 - 20840 0 0 : 612352 0 0 : 153.160957 ]
[153.161s][info][gc       ] [OBJCREAT 346142380 25573 17582080 : 153.161007 ]
[153.161s][info][gc       ] [HMSV All : 0 0 100 0 0 0 0 0 : 5062 0 0 0 : 153.161026 ]
[153.161s][info][gc       ] [HMSP 9 : 41100 0 : 153.161026 ]
[153.162s][info][gc       ] [VMAC 65530 166 24 430 620 : 153.161687 ]
[153.404s][info][gc       ] [GPGC-H  3001.8 607.7 0.1 0.0 : 5.0 : 0.493 1.435 : 0.847 1.675 0.864 1.882 : 3.261 1.612 1.030 2.196 1.953 0.445 : 0.000 : 90.976 : 806 1806 32 0 : 2267 : 4608 4424 : 153.403880 : 9 Next_heuristic_check_may_be_too_late ]
[153.407s][info][safepoint] Application time: 0.2466184 seconds
[153.407s][info][safepoint] Total time for which application threads were stopped: 0.0003009 seconds, Stopping threads took: 0.0000005 seconds
[153.407s][info][gc       ] [SPS 0.000 0.004 0.005 0.008 0.000 0.001 0.000 0.263 0.028 0.301 NewGC_pause1 153.406951 ]
[153.453s][info][safepoint] Application time: 0.0455710 seconds
[153.453s][info][safepoint] Total time for which application threads were stopped: 0.0002011 seconds, Stopping threads took: 0.0000005 seconds
[153.454s][info][gc       ] [SPS 0.000 0.001 0.000 0.007 0.000 0.001 0.000 0.168 0.024 0.201 NewGC_pause2 153.452723 ]
[153.456s][info][safepoint] Application time: 0.0026398 seconds
[153.456s][info][safepoint] Total time for which application threads were stopped: 0.0001767 seconds, Stopping threads took: 0.0000005 seconds
[153.456s][info][gc       ] [SPS 0.000 0.000 0.000 0.007 0.000 0.001 0.000 0.143 0.025 0.177 NewGC_pause3 153.455540 ]
[153.457s][info][safepoint] Application time: 0.0016448 seconds
[153.458s][info][safepoint] Total time for which application threads were stopped: 0.0001841 seconds, Stopping threads took: 0.0000005 seconds
[153.458s][info][gc       ] [SPS 0.000 0.003 0.002 0.007 0.001 0.001 0.000 0.150 0.025 0.184 NewGC_pause4 153.457369 ]
[153.458s][info][gc       ] [GC New Max 414-391 : 5120 2944 2136 5120 - - 1056 56 2 2 - : 114 1806 32 184 922 : 108 4 812 812 0 : 0 1 54 0 57 - 0 : 0.243874 2730.9 0.0 0.053436 2208.3 0.0 : 8 --c 0000 : 23 0 0.000 0.000 0 0.000 0.000 0 0.000 0.000 : 153.404521 153.406650 0.000222 153.452522 0.000113 153.455363 0.000105 153.457185 0.000112 : 153.457957 ]
[153.458s][info][gc       ] [SYSINFO 7583 191 89 0 7048 0 20 0 0 5745 : - - - - - - - - : 0 7168 : 2.17 1.34 1.48 : 278178 4215672 : 0 0 : 37 0 : 1547 2 0 259 : - 7679426560 333475840 1446559744 5939011584 199643136 93806592 : 140688591 5261170 149390 0 0 0 : 153.458219 ]
[153.458s][info][gc       ] [HUGEPAGESTAT 0 0 0 - 20840 0 0 : 612352 0 0 : 153.458219 ]
[153.458s][info][gc       ] [OBJCREAT 346915827 25573 17582080 : 153.458269 ]
[153.458s][info][gc       ] [HMSV All : 0 0 100 0 0 0 0 0 : 5062 0 0 0 : 153.458288 ]
[153.458s][info][gc       ] [HMSP 9 : 41100 0 : 153.458288 ]
[153.459s][info][gc       ] [VMAC 65530 166 24 430 620 : 153.458855 ]
[153.702s][info][gc       ] [GPGC-H  3001.8 607.7 0.1 0.0 : 5.0 : 0.492 1.435 : 0.847 1.675 0.864 1.882 : 3.251 1.612 1.030 2.196 1.953 0.445 : 0.000 : 90.726 : 748 1806 32 0 : 2267 : 4608 4424 : 153.701534 : 9 Next_heuristic_check_may_be_too_late ]
[153.706s][info][safepoint] Application time: 0.2479349 seconds
[153.706s][info][safepoint] Total time for which application threads were stopped: 0.0005144 seconds, Stopping threads took: 0.0000008 seconds
[153.707s][info][gc       ] [SPS 0.000 0.005 0.006 0.013 0.001 0.003 0.001 0.437 0.061 0.514 NewGC_pause1 153.705818 ]
[153.751s][info][safepoint] Application time: 0.0453105 seconds
[153.752s][info][safepoint] Total time for which application threads were stopped: 0.0002081 seconds, Stopping threads took: 0.0000005 seconds
[153.752s][info][gc       ] [SPSH lock suspend gclocker notify wait resuspend cleanup op_time wakeup total(ms) op_name end(s) ]
[153.752s][info][gc       ] [SPS 0.000 0.001 0.000 0.007 0.001 0.001 0.000 0.176 0.023 0.208 NewGC_pause2 153.751337 ]
[153.754s][info][safepoint] Application time: 0.0025388 seconds
[153.754s][info][safepoint] Total time for which application threads were stopped: 0.0002130 seconds, Stopping threads took: 0.0000005 seconds
[153.755s][info][gc       ] [SPS 0.000 0.001 0.000 0.010 0.001 0.001 0.000 0.157 0.044 0.213 NewGC_pause3 153.754089 ]
[153.755s][info][safepoint] Application time: 0.0011545 seconds
[153.756s][info][safepoint] Total time for which application threads were stopped: 0.0002134 seconds, Stopping threads took: 0.0000007 seconds
[153.756s][info][gc       ] [SPS 0.000 0.003 0.002 0.030 0.001 0.001 0.000 0.157 0.024 0.214 NewGC_pause4 153.755457 ]
[153.756s][info][gc       ] [GC New Max 415-392 : 5120 2876 2126 5120 - - 1056 56 2 2 - : 104 1806 32 184 854 : 100 4 753 753 0 : 0 1 50 0 52 - 0 : 0.244448 2601.8 0.0 0.053599 1977.7 0.0 : 8 --c 0000 : 23 0 0.000 0.000 0 0.000 0.000 0 0.000 0.000 : 153.702405 153.705304 0.000392 153.751129 0.000123 153.753876 0.000117 153.755244 0.000132 : 153.756004 ]
[153.756s][info][gc       ] [SYSINFO 7583 191 89 0 7048 0 20 0 0 5745 : - - - - - - - - : 0 7168 : 2.17 1.34 1.48 : 278178 4215672 : 0 0 : 37 0 : 1547 2 0 259 : - 7679426560 333475840 1446559744 5939011584 199643136 93806592 : 140688591 5261800 149400 0 0 0 : 153.756258 ]
[153.756s][info][gc       ] [HUGEPAGESTAT 0 0 0 - 20840 0 0 : 612352 0 0 : 153.756258 ]
[153.756s][info][gc       ] [OBJCREAT 347652523 25573 17582080 : 153.756308 ]
[153.756s][info][gc       ] [HMSV All : 0 0 100 0 0 0 0 0 : 5062 0 0 0 : 153.756326 ]
[153.756s][info][gc       ] [HMSP 9 : 41100 0 : 153.756326 ]
[153.757s][info][gc       ] [VMAC 65530 166 24 430 620 : 153.756791 ]
[154.000s][info][gc       ] [GPGC-H  3001.8 607.7 0.1 0.0 : 5.0 : 0.490 1.435 : 0.847 1.675 0.864 1.882 : 3.240 1.612 1.030 2.196 1.953 0.445 : 0.000 : 90.476 : 780 1806 32 0 : 2267 : 4608 4424 : 153.999772 : 9 Next_heuristic_check_may_be_too_late ]
[154.003s][info][safepoint] Application time: 0.2471874 seconds
[154.004s][info][safepoint] Total time for which application threads were stopped: 0.0003711 seconds, Stopping threads took: 0.0000005 seconds
[154.004s][info][gc       ] [SPS 0.000 0.003 0.003 0.008 0.001 0.001 0.000 0.335 0.027 0.371 NewGC_pause1 154.003016 ]
[154.047s][info][safepoint] Application time: 0.0439359 seconds
[154.048s][info][safepoint] Total time for which application threads were stopped: 0.0002522 seconds, Stopping threads took: 0.0000005 seconds
[154.049s][info][gc       ] [SPS 0.000 0.001 0.000 0.007 0.000 0.001 0.000 0.189 0.054 0.252 NewGC_pause2 154.047204 ]
[154.050s][info][safepoint] Application time: 0.0029934 seconds
[154.051s][info][safepoint] Total time for which application threads were stopped: 0.0001942 seconds, Stopping threads took: 0.0000005 seconds
[154.051s][info][gc       ] [SPS 0.000 0.001 0.000 0.007 0.000 0.001 0.000 0.163 0.023 0.194 NewGC_pause3 154.050392 ]
[154.052s][info][safepoint] Application time: 0.0016087 seconds
[154.053s][info][safepoint] Total time for which application threads were stopped: 0.0001916 seconds, Stopping threads took: 0.0000005 seconds
[154.053s][info][gc       ] [SPS 0.000 0.003 0.014 0.007 0.000 0.001 0.000 0.156 0.027 0.192 NewGC_pause4 154.052192 ]
[154.053s][info][gc       ] [GC New Max 416-393 : 5120 2910 2128 5120 - - 1056 56 2 2 - : 106 1806 32 184 888 : 102 4 785 785 0 : 0 1 51 0 53 - 0 : 0.244319 2775.1 0.0 0.052454 2058.9 0.0 : 8 --c 0000 : 23 0 0.000 0.000 0 0.000 0.000 0 0.000 0.000 : 154.000322 154.002645 0.000288 154.046952 0.000125 154.050198 0.000111 154.052001 0.000116 : 154.052776 ]
[154.053s][info][gc       ] [SYSINFO 7583 191 89 0 7048 0 20 0 0 5745 : - - - - - - - - : 0 7168 : 2.17 1.34 1.48 : 278178 4215672 : 0 0 : 37 0 : 1547 2 0 259 : - 7679426560 333475840 1446559744 5939011584 199643136 93806592 : 140688591 5262410 149400 0 0 0 : 154.053030 ]
[154.053s][info][gc       ] [HUGEPAGESTAT 0 0 0 - 20840 0 0 : 612352 0 0 : 154.053030 ]
[154.053s][info][gc       ] [OBJCREAT 348430862 25573 17582080 : 154.053096 ]
[154.053s][info][gc       ] [HMSV All : 0 0 100 0 0 0 0 0 : 5062 0 0 0 : 154.053115 ]
[154.053s][info][gc       ] [HMSP 9 : 41100 0 : 154.053115 ]
[154.054s][info][gc       ] [VMAC 65530 166 24 430 620 : 154.053647 ]
[154.135s][info][gc       ] [GPGC-H  3001.8 607.7 0.1 0.0 : 5.0 : 0.489 1.435 : 0.847 1.675 0.864 1.882 : 3.230 1.612 1.030 2.196 1.953 0.445 : 0.000 : 90.227 : 738 1806 32 0 : 2267 : 4608 4424 : 154.135253 : 9 Next_heuristic_check_may_be_too_late ]
[154.139s][info][safepoint] Application time: 0.0864117 seconds
[154.140s][info][safepoint] Total time for which application threads were stopped: 0.0004590 seconds, Stopping threads took: 0.0000006 seconds
[154.140s][info][gc       ] [SPS 0.000 0.005 0.006 0.010 0.001 0.001 0.001 0.416 0.030 0.459 NewGC_pause1 154.139064 ]
[154.277s][info][safepoint] Application time: 0.1376419 seconds
[154.277s][info][safepoint] Total time for which application threads were stopped: 0.0002118 seconds, Stopping threads took: 0.0000006 seconds
[154.278s][info][gc       ] [SPS 0.000 0.001 0.000 0.008 0.001 0.001 0.000 0.168 0.034 0.212 NewGC_pause2 154.276918 ]
[154.279s][info][safepoint] Application time: 0.0019042 seconds
[154.279s][info][safepoint] Total time for which application threads were stopped: 0.0001777 seconds, Stopping threads took: 0.0000006 seconds
[154.280s][info][gc       ] [SPS 0.000 0.001 0.000 0.008 0.001 0.001 0.000 0.140 0.027 0.178 NewGC_pause3 154.279000 ]
[154.281s][info][safepoint] Application time: 0.0016485 seconds
[154.281s][info][safepoint] Total time for which application threads were stopped: 0.0001587 seconds, Stopping threads took: 0.0000005 seconds
[154.281s][info][gc       ] [SPS 0.000 0.003 0.002 0.007 0.001 0.001 0.000 0.124 0.026 0.159 NewGC_pause4 154.280807 ]
[154.282s][info][gc       ] [GC New Max 417-394 : 5120 3278 3046 5120 - - 1056 56 2 2 - : 1024 1806 32 184 1256 : 1005 10 249 249 0 : 0 2 260 0 470 - 42 : 0.083135 7602.1 0.0 0.145337 3646.7 0.0 : 8 --c 0000 : 23 0 0.000 0.000 0 0.000 0.000 0 0.000 0.000 : 154.135911 154.138604 0.000373 154.276706 0.000106 154.278822 0.000107 154.280648 0.000076 : 154.281249 ]
[154.282s][info][gc       ] [SYSINFO 7583 191 89 0 7048 0 20 0 0 5745 : - - - - - - - - : 0 7168 : 2.17 1.34 1.48 : 278178 4215672 : 0 0 : 37 0 : 1547 2 0 259 : - 7679426560 333475840 1446559744 5939011584 199643136 93806592 : 140688591 5263610 149440 0 0 0 : 154.281533 ]
[154.282s][info][gc       ] [HUGEPAGESTAT 0 0 0 - 20840 0 0 : 612352 0 0 : 154.281533 ]
[154.282s][info][gc       ] [OBJCREAT 349574231 25573 17582080 : 154.281586 ]
[154.282s][info][gc       ] [HMSV All : 0 0 108 0 0 0 0 0 : 5062 0 0 0 : 154.281604 ]
[154.282s][info][gc       ] [HMSP 9 : 41100 0 : 154.281604 ]
[154.282s][info][gc       ] [VMAC 65530 166 24 430 620 : 154.282163 ]
[154.524s][info][gc       ] [GPGC-H  3001.8 607.7 0.1 0.0 : 5.0 : 0.488 1.435 : 0.847 1.675 0.864 1.882 : 3.223 1.612 1.030 2.196 1.953 0.445 : 0.000 : 90.157 : 1548 1806 32 0 : 2267 : 4608 4424 : 154.523844 : 9 Next_heuristic_check_may_be_too_late ]
[154.528s][info][safepoint] Application time: 0.2463981 seconds
[154.528s][info][safepoint] Total time for which application threads were stopped: 0.0003257 seconds, Stopping threads took: 0.0000005 seconds
[154.529s][info][gc       ] [SPS 0.000 0.004 0.004 0.009 0.001 0.001 0.000 0.287 0.028 0.326 NewGC_pause1 154.527531 ]
[154.900s][info][safepoint] Application time: 0.3719577 seconds
[154.900s][info][safepoint] Total time for which application threads were stopped: 0.0001225 seconds, Stopping threads took: 0.0000008 seconds
[154.901s][info][gc       ] [SPS 0.000 0.002 0.000 0.011 0.001 0.001 0.001 0.076 0.032 0.123 NewGC_pause2 154.899612 ]
[154.902s][info][safepoint] Application time: 0.0023447 seconds
[154.903s][info][safepoint] Total time for which application threads were stopped: 0.0001858 seconds, Stopping threads took: 0.0000008 seconds
[154.903s][info][gc       ] [SPS 0.000 0.001 0.000 0.012 0.001 0.001 0.001 0.141 0.030 0.186 NewGC_pause3 154.902142 ]
[154.905s][info][safepoint] Application time: 0.0025130 seconds
[154.905s][info][safepoint] Total time for which application threads were stopped: 0.0001424 seconds, Stopping threads took: 0.0000008 seconds
[154.906s][info][gc       ] [SPS 0.000 0.004 0.003 0.012 0.001 0.001 0.000 0.098 0.030 0.142 NewGC_pause4 154.904798 ]
[154.907s][info][gc       ] [GC New Max 418-395 : 5120 4124 4044 5120 - - 1056 56 2 2 - : 2022 1806 32 184 2102 : 2008 10 85 85 0 : 0 2 268 0 919 - 92 : 0.243095 2172.0 0.0 0.381618 1451.7 0.0 : 8 --c 0000 : 23 0 0.000 0.000 0 0.000 0.000 0 0.000 0.000 : 154.524344 154.527205 0.000248 154.899489 0.000080 154.901956 0.000145 154.904655 0.000102 : 154.905963 ]
[154.907s][info][gc       ] [SYSINFO 7583 191 89 0 7048 0 20 0 0 5745 : - - - - - - - - : 0 7168 : 2.07 1.34 1.48 : 278178 4215672 : 0 0 : 37 0 : 1547 2 0 259 : - 7679426560 333475840 1446559744 5939011584 199643136 93806592 : 140688591 5266400 149570 0 0 0 : 154.906470 ]
[154.907s][info][gc       ] [HUGEPAGESTAT 0 0 0 - 20840 0 0 : 612352 0 0 : 154.906470 ]
[154.907s][info][gc       ] [OBJCREAT 350648432 25573 17582080 : 154.906551 ]
[154.907s][info][gc       ] [HMSV All : 0 0 110 0 0 0 0 0 : 5062 0 0 0 : 154.906581 ]
[154.907s][info][gc       ] [HMSP 9 : 41100 0 : 154.906581 ]
[154.907s][info][gc       ] [VMAC 65530 166 24 430 620 : 154.907495 ]
[155.009s][info][gc       ] [GPGC-H  3001.8 593.6 0.1 0.0 : 4.9 : 0.487 1.435 : 0.847 1.675 0.864 1.882 : 3.205 1.612 1.030 2.196 1.953 0.445 : 0.000 : 89.948 : 2194 1806 32 0 : 2267 : 4608 4424 : 155.008762 : 8 May_exceed_heap_occupancy_target ]
[155.016s][info][safepoint] Application time: 0.1110700 seconds
[155.017s][info][safepoint] Total time for which application threads were stopped: 0.0005929 seconds, Stopping threads took: 0.0000009 seconds
[155.018s][info][gc       ] [SPS 0.000 0.001 0.005 0.012 0.001 0.011 0.001 0.527 0.041 0.593 NewGC_pause1 155.016461 ]
[155.418s][info][safepoint] Application time: 0.4010215 seconds
[155.418s][info][safepoint] Total time for which application threads were stopped: 0.0001500 seconds, Stopping threads took: 0.0000005 seconds
[155.418s][info][gc       ] [SPS 0.000 0.001 0.000 0.006 0.000 0.001 0.000 0.127 0.015 0.149 NewGC_pause2 155.417633 ]
[155.419s][info][safepoint] Application time: 0.0013560 seconds
[155.419s][info][safepoint] Total time for which application threads were stopped: 0.0000960 seconds, Stopping threads took: 0.0000005 seconds
[155.420s][info][gc       ] [SPS 0.000 0.001 0.000 0.006 0.000 0.001 0.000 0.084 0.005 0.096 NewGC_pause3 155.419085 ]
[155.421s][info][safepoint] Application time: 0.0013344 seconds
[155.421s][info][safepoint] Total time for which application threads were stopped: 0.0007924 seconds, Stopping threads took: 0.0000005 seconds
[155.422s][info][gc       ] [SPS 0.000 0.001 0.000 0.009 0.001 0.001 0.000 0.747 0.035 0.793 OldGC_pause2 155.421212 ]
[155.424s][info][safepoint] Application time: 0.0022393 seconds
[155.424s][info][safepoint] Total time for which application threads were stopped: 0.0001733 seconds, Stopping threads took: 0.0000005 seconds
[155.424s][info][gc       ] [SPS 0.000 0.001 0.000 0.013 0.001 0.001 0.000 0.134 0.025 0.173 OldGC_pause3 155.423625 ]
[155.434s][info][safepoint] Application time: 0.0099763 seconds
[155.434s][info][safepoint] Total time for which application threads were stopped: 0.0002468 seconds, Stopping threads took: 0.0000005 seconds
[155.435s][info][gc       ] [SPS 0.000 0.003 0.004 0.008 0.001 0.001 0.000 0.197 0.040 0.247 NewGC_pause4 155.433848 ]
[155.528s][info][gc       ] [GC NTO Max 419-396 : 5120 4832 4704 5120 - - 1056 56 2 2 - : 2682 1806 32 184 2810 : 2368 14 433 433 93 : 0 308 303 0 1286 - 55 : 0.103535 1661.3 0.0 0.518181 1590.2 0.0 : 8 --c 0000 : 23 3902 0.000 0.000 0 0.000 0.000 3902 0.000 0.000 : 155.009497 155.015868 0.000494 155.417483 0.000130 155.418989 0.000086 155.433601 0.000117 : 155.527678 ]
[155.528s][info][gc       ] [SYSINFO 7583 191 89 0 7048 0 20 0 0 5745 : - - - - - - - - : 0 7168 : 2.07 1.34 1.48 : 278178 4215672 : 0 0 : 37 0 : 1547 2 0 259 : - 7679426560 333475840 1446559744 5939011584 199643136 93806592 : 140688591 5270920 149690 0 0 0 : 155.527985 ]
[155.528s][info][gc       ] [HUGEPAGESTAT 0 0 0 - 20840 0 0 : 612352 0 0 : 155.527985 ]
[155.528s][info][gc       ] [OBJCREAT 351641303 25638 17582080 : 155.528052 ]
[155.528s][info][gc       ] [HMSV All : 0 0 110 0 0 0 0 0 : 5062 0 0 0 : 155.528073 ]
[155.528s][info][gc       ] [HMSP 9 : 41100 0 : 155.528073 ]
[155.529s][info][gc       ] [GPGC-H  2989.3 593.6 0.1 0.0 : 4.9 : 0.518 1.435 : 0.847 1.675 0.864 1.882 : 3.205 1.612 1.030 2.196 1.953 0.445 : 0.000 : 89.900 : 2686 1806 32 0 : 2267 : 4608 4424 : 155.529113 : 3 Heap_use_exceeded_committed ]
[155.530s][info][gc       ] [VMAC 65530 166 24 430 620 : 155.529659 ]
[155.531s][info][safepoint] Application time: 0.0970063 seconds
[155.531s][info][safepoint] Total time for which application threads were stopped: 0.0000863 seconds, Stopping threads took: 0.0000005 seconds
[155.532s][info][gc       ] [SPS 0.000 0.003 0.004 0.008 0.001 0.001 0.000 0.056 0.021 0.086 OldGC_pause4 155.530940 ]
[155.532s][info][gc       ] [GC Old Max 420-24 : 5120 4832 2918 5120 - - 1056 56 2 2 - : 2692 10 32 184 1844 : 26 13 1799 1799 0 : 0 7 0 0 21 - 0 : 11.914435 3.0 0.2 0.519423 0.0 0.0 : 4 --c 0000 : 23   -    -    -    -    -    -    -    -    -  : 155.012644 155.015868 0.000494 155.420419 0.000749 155.423451 0.000118 155.530854 0.000059 : 155.532067 ]
[155.532s][info][gc       ] [SYSINFO 7583 191 89 0 7048 0 20 0 0 5745 : - - - - - - - - : 0 7168 : 2.07 1.34 1.48 : 278178 4215672 : 0 0 : 37 0 : 1547 2 0 259 : - 7679426560 333475840 1446559744 5939011584 199643136 93806592 : 140688591 5270940 149690 0 0 0 : 155.532323 ]
[155.532s][info][gc       ] [HUGEPAGESTAT 0 0 0 - 20840 0 0 : 612352 0 0 : 155.532323 ]
[155.532s][info][gc       ] [OBJCREAT 351649232 25638 17582080 : 155.532377 ]
[155.532s][info][gc       ] [HMSV All : 0 0 110 0 0 0 0 0 : 5062 0 0 0 : 155.532393 ]
[155.532s][info][gc       ] [HMSP 9 : 41100 0 : 155.532393 ]
[155.532s][info][gc       ] [COMPSTATS 1 : 5 0 : 1 0 : 0 0 : 530 4 0 0 0 0 : 0 0 0 0 0 0 : 198 201 21 : 534 0 0 0 0 0 0 : 534 0 0 0 0 0 0 ]
[155.532s][info][gc       ] [COMPSTATS 2 : 5 0 : 1 0 : 0 0 : 133 9 0 0 0 0 : 0 0 0 0 0 0 : 62012 62071 10930 : 76 38 28 0 0 0 0 : 17 102 17 3 3 0 0 ]
[155.532s][info][gc       ] [DEOPTSTATS 1 : 1 0 : 0 0 : 0 0 : 0 0 : 0 12 : 0 0 : 0 0 : 0 0 : 0 0 : 0 0 : 0 0 : 0 0 : 0 0 : 0 0 : 0 0 : 0 0 : 0 0 : 0 0 : 0 0 : 0 0 : 0 0 : 0 0 : 0 0 : 0 0 : 0 0 : 0 0 : 0 0 : 0 0 : 0 0 : 0 0 : 6 0 : 0 0 : 0 0 : 0 0 : 0 0 : 0 0 : 0 0 : 0 0 : 0 0 : 0 0 : 0 0 : 0 0 ]
[155.532s][info][gc       ] [DEOPTSTATS 2 : 0 0 : 0 0 : 0 0 : 0 0 : 0 0 : 0 0 : 0 13 : 0 0 : 0 0 : 0 0 : 0 0 : 0 0 : 0 0 : 0 0 : 0 0 : 0 0 : 0 0 : 0 0 : 0 0 : 0 0 : 0 1 : 0 0 : 0 0 : 0 0 : 0 0 : 0 0 : 0 0 : 0 0 : 0 0 : 0 0 : 4 0 : 0 0 : 0 0 : 0 0 : 0 1 : 0 0 : 0 0 : 0 0 : 0 0 : 0 5 : 0 0 : 0 0 ]
[155.533s][info][gc       ] [CCF 0 0 0 0 36 229376: 2984960 : 380 196608 : 3 49152 : 317 311808 :  522 633344 : 118 412160 : 0 0 : 14 1146880 : 1 2048]
[155.534s][info][gc       ] [VMAC 65530 166 24 430 620 : 155.533663 ]
[155.537s][info][safepoint] Application time: 0.0055650 seconds
[155.537s][info][safepoint] Total time for which application threads were stopped: 0.0004067 seconds, Stopping threads took: 0.0000005 seconds
[155.538s][info][gc       ] [SPS 0.000 0.002 0.002 0.008 0.001 0.001 0.000 0.358 0.039 0.407 NewGC_pause1 155.536912 ]
[155.912s][info][safepoint] Application time: 0.3753121 seconds
[155.913s][info][safepoint] Total time for which application threads were stopped: 0.0002108 seconds, Stopping threads took: 0.0000005 seconds
[155.913s][info][gc       ] [SPS 0.000 0.002 0.000 0.007 0.000 0.001 0.000 0.159 0.043 0.211 NewGC_pause2 155.912436 ]
[155.914s][info][safepoint] Application time: 0.0017463 seconds
[155.915s][info][safepoint] Total time for which application threads were stopped: 0.0001592 seconds, Stopping threads took: 0.0000005 seconds
[155.915s][info][gc       ] [SPS 0.000 0.001 0.000 0.008 0.000 0.001 0.000 0.116 0.034 0.159 NewGC_pause3 155.914341 ]
[155.919s][info][safepoint] Application time: 0.0041293 seconds
[155.919s][info][safepoint] Total time for which application threads were stopped: 0.0001838 seconds, Stopping threads took: 0.0000005 seconds
[155.920s][info][gc       ] [SPS 0.000 0.003 0.002 0.007 0.001 0.001 0.000 0.150 0.025 0.184 NewGC_pause4 155.918654 ]
[155.943s][info][gc       ] [GC New Max 421-397 : 5120 4708 2974 5120 - - 1056 56 2 2 - : 2748 10 32 184 3536 : 2597 12 926 926 0 : 0 75 417 0 1319 - 55 : 0.005844 2053.6 0.0 0.409279 2194.1 0.0 : 8 --c 0000 : 23 0 0.000 0.000 0 0.000 0.000 0 0.000 0.000 : 155.533522 155.536506 0.000309 155.912225 0.000104 155.914182 0.000075 155.918470 0.000109 : 155.942801 ]
[155.943s][info][gc       ] [SYSINFO 7583 191 89 0 7048 0 20 0 0 5745 : - - - - - - - - : 0 7168 : 2.07 1.34 1.48 : 278178 4215672 : 0 0 : 37 0 : 1547 2 0 259 : - 7679426560 333475840 1446559744 5939011584 199643136 93806592 : 140688591 5274580 149860 0 0 0 : 155.943103 ]
[155.943s][info][gc       ] [HUGEPAGESTAT 0 0 0 - 20840 0 0 : 612352 0 0 : 155.943103 ]
[155.943s][info][gc       ] [OBJCREAT 352540652 25638 17582080 : 155.943164 ]
[155.943s][info][gc       ] [HMSV All : 0 0 110 0 0 0 0 0 : 5062 0 0 0 : 155.943183 ]
[155.943s][info][gc       ] [HMSP 9 : 41100 0 : 155.943183 ]
[155.944s][info][gc       ] [GPGC-H  2989.3 593.6 0.1 0.0 : 4.9 : 0.517 1.312 : 0.847 1.691 0.864 1.882 : 3.200 1.533 1.030 2.196 1.953 0.445 : 0.000 : 99.552 : 2750 10 32 0 : 2267 : 4608 4424 : 155.943765 : 9 Next_heuristic_check_may_be_too_late ]
[155.944s][info][gc       ] [VMAC 65530 166 24 430 620 : 155.943777 ]
[155.947s][info][safepoint] Application time: 0.0281995 seconds
[155.947s][info][safepoint] Total time for which application threads were stopped: 0.0002814 seconds, Stopping threads took: 0.0000005 seconds
[155.948s][info][gc       ] [SPS 0.000 0.003 0.006 0.008 0.000 0.001 0.000 0.243 0.029 0.281 NewGC_pause1 155.947135 ]
[156.264s][info][safepoint] Application time: 0.3169189 seconds
[156.265s][info][safepoint] Total time for which application threads were stopped: 0.0001584 seconds, Stopping threads took: 0.0000008 seconds
[156.266s][info][gc       ] [SPS 0.000 0.001 0.000 0.012 0.001 0.001 0.001 0.118 0.026 0.158 NewGC_pause2 156.264213 ]
[156.267s][info][safepoint] Application time: 0.0025826 seconds
[156.267s][info][safepoint] Total time for which application threads were stopped: 0.0001842 seconds, Stopping threads took: 0.0000005 seconds
[156.268s][info][gc       ] [SPS 0.000 0.000 0.000 0.008 0.001 0.001 0.000 0.158 0.016 0.184 NewGC_pause3 156.266980 ]
[156.270s][info][safepoint] Application time: 0.0024952 seconds
[156.270s][info][safepoint] Total time for which application threads were stopped: 0.0001559 seconds, Stopping threads took: 0.0000005 seconds
[156.270s][info][gc       ] [SPS 0.000 0.003 0.002 0.007 0.001 0.001 0.000 0.115 0.033 0.156 NewGC_pause4 156.269631 ]
[156.272s][info][gc       ] [GC New Max 422-398 : 5120 3836 2950 5120 - - 1056 56 2 2 - : 2722 10 32 184 3610 : 2621 14 977 977 0 : 0 10 427 0 1306 - 55 : 0.001219 1641.0 0.0 0.327596 2649.6 0.0 : 8 --c 0000 : 23 0 0.000 0.000 0 0.000 0.000 0 0.000 0.000 : 155.944020 155.946854 0.000235 156.264055 0.000122 156.266795 0.000165 156.269475 0.000109 : 156.271616 ]
[156.272s][info][gc       ] [SYSINFO 7583 191 89 0 7048 0 20 0 0 5745 : - - - - - - - - : 0 7168 : 2.07 1.34 1.48 : 278178 4215672 : 0 0 : 37 0 : 1547 2 0 259 : - 7679426560 333475840 1446559744 5939011584 199643136 93806592 : 140688591 5277480 149910 0 0 0 : 156.271883 ]
[156.272s][info][gc       ] [HUGEPAGESTAT 0 0 0 - 20840 0 0 : 612352 0 0 : 156.271883 ]
[156.272s][info][gc       ] [OBJCREAT 353404005 25638 17582080 : 156.271934 ]
[156.272s][info][gc       ] [HMSV All : 0 0 110 0 0 0 0 0 : 5062 0 0 0 : 156.271954 ]
[156.272s][info][gc       ] [HMSP 9 : 41100 0 : 156.271954 ]
[156.272s][info][gc       ] [VMAC 65530 166 24 430 620 : 156.272460 ]
[156.455s][info][gc       ] [GPGC-H  2989.3 593.6 0.1 0.0 : 4.9 : 0.517 1.312 : 0.847 1.691 0.864 1.882 : 3.197 1.533 1.030 2.196 1.953 0.445 : 0.000 : 99.629 : 3152 10 32 0 : 2267 : 4608 4424 : 156.454635 : 9 Next_heuristic_check_may_be_too_late ]
[156.460s][info][safepoint] Application time: 0.1898893 seconds
[156.460s][info][safepoint] Total time for which application threads were stopped: 0.0002716 seconds, Stopping threads took: 0.0000006 seconds
[156.461s][info][gc       ] [SPS 0.000 0.004 0.005 0.008 0.001 0.001 0.000 0.218 0.043 0.272 NewGC_pause1 156.459792 ]
[156.778s][info][safepoint] Application time: 0.3179077 seconds
[156.778s][info][safepoint] Total time for which application threads were stopped: 0.0001429 seconds, Stopping threads took: 0.0000006 seconds
[156.779s][info][gc       ] [SPS 0.000 0.001 0.000 0.009 0.001 0.001 0.000 0.112 0.020 0.143 NewGC_pause2 156.777843 ]
[156.780s][info][safepoint] Application time: 0.0021037 seconds
[156.780s][info][safepoint] Total time for which application threads were stopped: 0.0001738 seconds, Stopping threads took: 0.0000007 seconds
[156.781s][info][gc       ] [SPS 0.000 0.001 0.000 0.017 0.001 0.001 0.000 0.139 0.016 0.174 NewGC_pause3 156.780120 ]
[156.794s][info][safepoint] Application time: 0.0133179 seconds
[156.794s][info][safepoint] Total time for which application threads were stopped: 0.0001750 seconds, Stopping threads took: 0.0000008 seconds
[156.794s][info][gc       ] [SPS 0.000 0.004 0.006 0.021 0.001 0.001 0.001 0.092 0.058 0.175 NewGC_pause4 156.793614 ]
[156.952s][info][gc       ] [GC New Max 423-399 : 5120 4110 3084 5120 - - 1056 56 2 2 - : 2200 666 32 184 3884 : 2489 4 1381 1381 47 : 328 0 361 0 1045 - 55 : 0.183509 2343.2 0.0 0.496750 2077.5 0.0 : 8 --c 0000 : 23 0 0.000 0.000 0 0.000 0.000 0 0.000 0.000 : 156.455125 156.459521 0.000219 156.777700 0.000117 156.779947 0.000155 156.793439 0.000110 : 156.951875 ]
[156.952s][info][gc       ] [SYSINFO 7583 191 89 0 7048 0 20 0 0 5745 : - - - - - - - - : 0 7168 : 2.07 1.34 1.48 : 278178 4215720 : 0 0 : 37 0 : 1547 2 0 259 : - 7679426560 333475840 1446559744 5939011584 199643136 93806592 : 140688591 5282030 149970 0 0 0 : 156.952156 ]
[156.952s][info][gc       ] [HUGEPAGESTAT 0 0 0 - 20840 0 0 : 612352 0 0 : 156.952156 ]
[156.952s][info][gc       ] [OBJCREAT 354852382 25638 18186240 : 156.952214 ]
[156.952s][info][gc       ] [HMSV All : 0 0 110 0 0 0 0 0 : 5062 0 0 0 : 156.952234 ]
[156.952s][info][gc       ] [HMSP 9 : 41100 0 : 156.952234 ]
[156.953s][info][gc       ] [GPGC-H  2989.3 586.5 0.0 0.0 : 4.7 : 0.516 1.312 : 0.847 1.691 0.864 1.882 : 3.197 1.533 1.030 2.196 1.953 0.445 : 0.000 : 99.421 : 2204 666 32 0 : 2267 : 4608 4424 : 156.952807 : 8 May_exceed_heap_occupancy_target ]
[156.953s][info][gc       ] [VMAC 65530 166 24 430 620 : 156.952847 ]
[156.957s][info][safepoint] Application time: 0.1633033 seconds
[156.957s][info][safepoint] Total time for which application threads were stopped: 0.0001769 seconds, Stopping threads took: 0.0000005 seconds
[156.957s][info][gc       ] [SPS 0.000 0.001 0.006 0.009 0.001 0.001 0.000 0.144 0.021 0.177 NewGC_pause1 156.957094 ]
[157.247s][info][safepoint] Application time: 0.2894532 seconds
[157.247s][info][safepoint] Total time for which application threads were stopped: 0.0001042 seconds, Stopping threads took: 0.0000006 seconds
[157.248s][info][gc       ] [SPS 0.000 0.001 0.000 0.008 0.001 0.001 0.000 0.076 0.019 0.104 NewGC_pause2 157.246651 ]
[157.250s][info][safepoint] Application time: 0.0027427 seconds
[157.250s][info][safepoint] Total time for which application threads were stopped: 0.0001077 seconds, Stopping threads took: 0.0000010 seconds
[157.250s][info][gc       ] [SPS 0.000 0.001 0.000 0.013 0.001 0.001 0.001 0.061 0.031 0.108 NewGC_pause3 157.249502 ]
[157.267s][info][safepoint] Application time: 0.0173619 seconds
[157.268s][info][safepoint] Total time for which application threads were stopped: 0.0001059 seconds, Stopping threads took: 0.0000006 seconds
[157.271s][info][gc       ] [SPS 0.000 0.036 0.007 0.009 0.001 0.001 0.001 0.060 0.035 0.106 NewGC_pause4 157.266970 ]
[157.601s][info][gc       ] [GC NTO Max 424-400 : 5120 3746 3474 5120 - - 1056 56 2 2 - : 1836 1422 32 184 2864 : 1782 4 1080 1080 13 : 378 0 327 0 918 - 0 : 0.001163 3440.6 0.0 0.647949 2237.8 0.0 : 8 --c 0000 : 23 0 0.000 0.000 0 0.000 0.000 0 0.000 0.000 : 156.953037 156.956917 0.000148 157.246547 0.000079 157.249394 0.000065 157.266864 0.000066 : 157.600987 ]
[157.601s][info][gc       ] [SYSINFO 7583 191 89 0 7049 0 20 0 0 5745 : - - - - - - - - : 0 7168 : 2.07 1.34 1.48 : 278178 4215720 : 0 0 : 37 0 : 1547 3 0 259 : - 7679561728 333475840 1446694912 5939011584 199643136 93806592 : 140688591 5287670 150090 0 0 0 : 157.601327 ]
[157.601s][info][gc       ] [HUGEPAGESTAT 0 0 0 - 20840 0 0 : 612352 0 0 : 157.601327 ]
[157.601s][info][gc       ] [OBJCREAT 356292059 25638 18960384 : 157.601395 ]
[157.601s][info][gc       ] [HMSV All : 0 0 110 0 0 0 0 0 : 5062 0 0 0 : 157.601418 ]
[157.601s][info][gc       ] [HMSP 9 : 41100 0 : 157.601418 ]
[157.602s][info][gc       ] [VMAC 65530 166 24 430 620 : 157.602181 ]
[157.603s][info][gc       ] [GPGC-H  2969.0 586.5 0.0 0.0 : 4.7 : 0.516 1.312 : 0.847 1.691 0.864 1.882 : 3.427 1.533 1.030 2.196 1.953 0.445 : 0.000 : 99.821 : 1838 1422 32 0 : 2267 : 4608 4424 : 157.602522 : 8 May_exceed_heap_occupancy_target ]
[157.603s][info][safepoint] Application time: 0.3344325 seconds
[157.603s][info][safepoint] Total time for which application threads were stopped: 0.0011282 seconds, Stopping threads took: 0.0000005 seconds
[157.604s][info][gc       ] [SPS 0.000 0.001 0.000 0.008 0.001 0.001 0.000 1.078 0.041 1.128 OldGC_pause2 157.602531 ]
[157.607s][info][safepoint] Application time: 0.0047310 seconds
[157.608s][info][safepoint] Total time for which application threads were stopped: 0.0001001 seconds, Stopping threads took: 0.0000006 seconds
[157.609s][info][gc       ] [SPS 0.000 0.001 0.000 0.012 0.001 0.001 0.000 0.063 0.024 0.101 OldGC_pause3 157.607363 ]
[157.611s][info][safepoint] Application time: 0.0033442 seconds
[157.612s][info][safepoint] Total time for which application threads were stopped: 0.0004293 seconds, Stopping threads took: 0.0000006 seconds
[157.612s][info][gc       ] [SPS 0.000 1.740 0.003 0.009 0.001 0.001 0.000 0.360 0.059 0.430 NewGC_pause1 157.611136 ]
[157.782s][info][safepoint] Application time: 0.1703482 seconds
[157.782s][info][safepoint] Total time for which application threads were stopped: 0.0001560 seconds, Stopping threads took: 0.0000005 seconds
[157.783s][info][gc       ] [SPS 0.000 0.002 0.000 0.008 0.001 0.001 0.001 0.128 0.018 0.156 NewGC_pause2 157.781640 ]
[157.784s][info][safepoint] Application time: 0.0018395 seconds
[157.784s][info][safepoint] Total time for which application threads were stopped: 0.0001135 seconds, Stopping threads took: 0.0000005 seconds
[157.784s][info][gc       ] [SPS 0.000 0.001 0.000 0.009 0.001 0.001 0.000 0.075 0.028 0.113 NewGC_pause3 157.783593 ]
[157.798s][info][safepoint] Application time: 0.0142031 seconds
[157.798s][info][safepoint] Total time for which application threads were stopped: 0.0001998 seconds, Stopping threads took: 0.0000006 seconds
[157.799s][info][gc       ] [SPS 0.000 0.005 0.007 0.008 0.001 0.001 0.000 0.158 0.032 0.200 NewGC_pause4 157.797996 ]
[157.899s][info][gc       ] [GC New Max 426-401 : 5120 3914 2696 5120 - - 1056 56 2 2 - : 716 1764 32 184 2276 : 801 2 1474 1474 0 : 171 0 211 0 358 - 0 : 0.005185 1928.6 0.0 0.292686 2309.6 0.0 : 8 --c 0000 : 23 0 0.000 0.000 0 0.000 0.000 0 0.000 0.000 : 157.606172 157.610706 0.000297 157.781484 0.000132 157.783480 0.000085 157.797797 0.000069 : 157.898858 ]
[157.899s][info][gc       ] [SYSINFO 7583 191 89 0 7049 0 20 0 0 5745 : - - - - - - - - : 0 7168 : 2.07 1.34 1.48 : 278178 4215720 : 0 0 : 37 0 : 1547 2 0 259 : - 7679561728 333475840 1446694912 5939011584 199643136 93806592 : 140688591 5290140 150210 0 0 0 : 157.899186 ]
[157.899s][info][gc       ] [HUGEPAGESTAT 0 0 0 - 20840 0 0 : 612352 0 0 : 157.899186 ]
[157.899s][info][gc       ] [OBJCREAT 356971331 25638 19279872 : 157.899248 ]
[157.899s][info][gc       ] [HMSV All : 0 0 110 0 0 0 0 0 : 5062 0 0 0 : 157.899270 ]
[157.899s][info][gc       ] [HMSP 9 : 41100 0 : 157.899270 ]
[157.900s][info][gc       ] [VMAC 65530 166 24 430 620 : 157.899824 ]
[157.903s][info][safepoint] Application time: 0.1048073 seconds
[157.903s][info][safepoint] Total time for which application threads were stopped: 0.0001110 seconds, Stopping threads took: 0.0000006 seconds
[157.903s][info][gc       ] [SPS 0.000 0.003 0.003 0.009 0.001 0.001 0.000 0.061 0.039 0.111 OldGC_pause4 157.902915 ]
[157.908s][info][gc       ] [GC Old Max 425-25 : 5120 4110 2710 5120 - - 1056 56 2 2 - : 740 1756 30 184 1810 : 1772 29 2 2 0 : 0 12 549 2 838 - 55 : 1.422549 414.7 0.0 0.952563 1121.2 0.0 : 4 --c 0000 : 23   -    -    -    -    -    -    -    -    -  : 156.954616 156.956917 0.000148 157.601403 0.001075 157.607262 0.000068 157.902804 0.000065 : 157.907178 ]
[157.908s][info][gc       ] [SYSINFO 7583 191 89 0 7049 0 20 0 0 5745 : - - - - - - - - : 0 7168 : 2.07 1.34 1.48 : 278178 4215720 : 0 0 : 37 0 : 1547 2 0 259 : - 7679561728 333475840 1446694912 5939011584 199643136 93806592 : 140688591 5290140 150210 0 0 0 : 157.907452 ]
[157.908s][info][gc       ] [HUGEPAGESTAT 0 0 0 - 20840 0 0 : 612352 0 0 : 157.907452 ]
[157.908s][info][gc       ] [OBJCREAT 356993136 25638 19279872 : 157.907569 ]
[157.908s][info][gc       ] [HMSV All : 0 0 110 0 0 0 0 0 : 5062 0 0 0 : 157.907589 ]
[157.908s][info][gc       ] [HMSP 9 : 41100 0 : 157.907589 ]
[157.908s][info][gc       ] [COMPSTATS 1 : 5 0 : 1 0 : 0 0 : 530 4 0 0 0 0 : 0 0 0 0 0 0 : 198 201 21 : 534 0 0 0 0 0 0 : 534 0 0 0 0 0 0 ]
[157.908s][info][gc       ] [COMPSTATS 2 : 5 0 : 1 0 : 0 0 : 133 9 0 0 0 0 : 0 0 0 0 0 0 : 62012 62071 10930 : 76 38 28 0 0 0 0 : 17 102 17 3 3 0 0 ]
[157.908s][info][gc       ] [DEOPTSTATS 1 : 1 0 : 0 0 : 0 0 : 0 0 : 0 12 : 0 0 : 0 0 : 0 0 : 0 0 : 0 0 : 0 0 : 0 0 : 0 0 : 0 0 : 0 0 : 0 0 : 0 0 : 0 0 : 0 0 : 0 0 : 0 0 : 0 0 : 0 0 : 0 0 : 0 0 : 0 0 : 0 0 : 0 0 : 0 0 : 0 0 : 6 0 : 0 0 : 0 0 : 0 0 : 0 0 : 0 0 : 0 0 : 0 0 : 0 0 : 0 0 : 0 0 : 0 0 ]
[157.908s][info][gc       ] [DEOPTSTATS 2 : 0 0 : 0 0 : 0 0 : 0 0 : 0 0 : 0 0 : 0 13 : 0 0 : 0 0 : 0 0 : 0 0 : 0 0 : 0 0 : 0 0 : 0 0 : 0 0 : 0 0 : 0 0 : 0 0 : 0 0 : 0 1 : 0 0 : 0 0 : 0 0 : 0 0 : 0 0 : 0 0 : 0 0 : 0 0 : 0 0 : 4 0 : 0 0 : 0 0 : 0 0 : 0 1 : 0 0 : 0 0 : 0 0 : 0 0 : 0 5 : 0 0 : 0 0 ]
[157.909s][info][gc       ] [CCF 0 0 0 0 36 229376: 2984960 : 380 196608 : 3 49152 : 317 311808 :  522 633344 : 118 412160 : 0 0 : 14 1146880 : 1 2048]
[157.908s][info][gc       ] [VMAC 65530 166 24 430 620 : 157.908108 ]
[158.081s][info][gc       ] [GPGC-H  2969.0 586.5 0.0 0.0 : 4.7 : 0.514 1.302 : 0.847 1.708 0.864 1.882 : 3.425 1.518 1.030 2.196 1.953 0.445 : 0.000 : 99.820 : 1204 1756 30 0 : 2267 : 4608 4424 : 158.081280 : 9 Next_heuristic_check_may_be_too_late ]
[158.085s][info][safepoint] Application time: 0.1819302 seconds
[158.086s][info][safepoint] Total time for which application threads were stopped: 0.0002006 seconds, Stopping threads took: 0.0000007 seconds
[158.086s][info][gc       ] [SPS 0.000 0.004 0.006 0.011 0.001 0.001 0.001 0.160 0.027 0.201 NewGC_pause1 158.085046 ]
[158.192s][info][safepoint] Application time: 0.1068382 seconds
[158.193s][info][safepoint] Total time for which application threads were stopped: 0.0002388 seconds, Stopping threads took: 0.0000009 seconds
[158.193s][info][gc       ] [SPS 0.005 0.001 0.000 0.036 0.001 0.001 0.001 0.171 0.029 0.239 NewGC_pause2 158.192123 ]
[158.194s][info][safepoint] Application time: 0.0021419 seconds
[158.195s][info][safepoint] Total time for which application threads were stopped: 0.0001157 seconds, Stopping threads took: 0.0000005 seconds
[158.195s][info][gc       ] [SPS 0.000 0.000 0.000 0.007 0.000 0.001 0.000 0.089 0.018 0.116 NewGC_pause3 158.194381 ]
[158.200s][info][safepoint] Application time: 0.0057132 seconds
[158.201s][info][safepoint] Total time for which application threads were stopped: 0.0001673 seconds, Stopping threads took: 0.0000005 seconds
[158.201s][info][gc       ] [SPS 0.000 0.004 0.007 0.008 0.001 0.001 0.000 0.126 0.031 0.167 NewGC_pause4 158.200262 ]
[158.226s][info][gc       ] [GC New Max 427-402 : 5120 3398 2312 5120 - - 1056 56 2 2 - : 294 1804 30 184 1428 : 263 4 1162 1162 0 : 24 1 108 0 147 - 0 : 0.183256 2673.8 0.0 0.143400 2078.1 0.0 : 8 --c 0000 : 23 0 0.000 0.000 0 0.000 0.000 0 0.000 0.000 : 158.082114 158.084845 0.000166 158.191884 0.000121 158.194265 0.000093 158.200094 0.000062 : 158.225514 ]
[158.226s][info][gc       ] [SYSINFO 7583 191 89 0 7049 0 20 0 0 5745 : - - - - - - - - : 0 7168 : 2.07 1.34 1.48 : 278178 4215720 : 0 0 : 37 0 : 1547 2 0 259 : - 7679561728 333475840 1446694912 5939011584 199643136 93806592 : 140688591 5291500 150250 0 0 0 : 158.225783 ]
[158.226s][info][gc       ] [HUGEPAGESTAT 0 0 0 - 20840 0 0 : 612352 0 0 : 158.225783 ]
[158.226s][info][gc       ] [OBJCREAT 357749282 25638 19329024 : 158.225838 ]
[158.226s][info][gc       ] [HMSV All : 0 0 110 0 0 0 0 0 : 5062 0 0 0 : 158.225856 ]
[158.226s][info][gc       ] [HMSP 9 : 41100 0 : 158.225856 ]
[158.226s][info][gc       ] [VMAC 65530 166 24 430 620 : 158.226366 ]
[158.428s][info][gc       ] [GPGC-H  2969.0 586.5 0.0 0.0 : 4.7 : 0.513 1.302 : 0.847 1.708 0.864 1.882 : 3.422 1.518 1.030 2.196 1.953 0.445 : 0.000 : 99.610 : 868 1804 30 0 : 2267 : 4608 4424 : 158.428228 : 9 Next_heuristic_check_may_be_too_late ]
[158.432s][info][safepoint] Application time: 0.2312499 seconds
[158.432s][info][safepoint] Total time for which application threads were stopped: 0.0003581 seconds, Stopping threads took: 0.0000005 seconds
[158.433s][info][gc       ] [SPS 0.000 0.022 0.002 0.007 0.001 0.001 0.001 0.327 0.022 0.358 NewGC_pause1 158.431870 ]
[158.490s][info][safepoint] Application time: 0.0582719 seconds
[158.491s][info][safepoint] Total time for which application threads were stopped: 0.0001830 seconds, Stopping threads took: 0.0000004 seconds
[158.492s][info][gc       ] [SPS 0.000 0.001 0.000 0.007 0.000 0.001 0.000 0.152 0.022 0.183 NewGC_pause2 158.490325 ]
[158.493s][info][safepoint] Application time: 0.0026423 seconds
[158.493s][info][safepoint] Total time for which application threads were stopped: 0.0001814 seconds, Stopping threads took: 0.0000005 seconds
[158.494s][info][gc       ] [SPS 0.000 0.000 0.000 0.007 0.001 0.001 0.000 0.150 0.023 0.181 NewGC_pause3 158.493149 ]
[158.495s][info][safepoint] Application time: 0.0017090 seconds
[158.495s][info][safepoint] Total time for which application threads were stopped: 0.0001405 seconds, Stopping threads took: 0.0000005 seconds
[158.496s][info][gc       ] [SPS 0.000 0.003 0.002 0.007 0.000 0.001 0.000 0.106 0.026 0.141 NewGC_pause4 158.494998 ]
[158.496s][info][gc       ] [GC New Max 428-403 : 5120 3028 2158 5120 - - 1056 56 2 2 - : 140 1804 30 184 1010 : 134 4 874 874 0 : 0 1 67 0 70 - 0 : 0.203548 2829.8 0.0 0.066787 2156.1 0.0 : 8 --c 0000 : 23 0 0.000 0.000 0 0.000 0.000 0 0.000 0.000 : 158.429062 158.431512 0.000273 158.490142 0.000116 158.492967 0.000107 158.494858 0.000069 : 158.495849 ]
[158.496s][info][gc       ] [SYSINFO 7583 191 89 0 7049 0 20 0 0 5745 : - - - - - - - - : 0 7168 : 2.07 1.34 1.48 : 278178 4215720 : 0 0 : 37 0 : 1547 2 0 259 : - 7679561728 333475840 1446694912 5939011584 199643136 93806592 : 140688591 5292170 150260 0 0 0 : 158.496126 ]
[158.496s][info][gc       ] [HUGEPAGESTAT 0 0 0 - 20840 0 0 : 612352 0 0 : 158.496126 ]
[158.496s][info][gc       ] [OBJCREAT 358461351 25638 19329024 : 158.496188 ]
[158.496s][info][gc       ] [HMSV All : 0 0 110 0 0 0 0 0 : 5062 0 0 0 : 158.496206 ]
[158.496s][info][gc       ] [HMSP 9 : 41100 0 : 158.496206 ]
[158.497s][info][gc       ] [VMAC 65530 166 24 430 620 : 158.496843 ]
[158.739s][info][gc       ] [GPGC-H  2969.0 586.5 0.0 0.0 : 4.7 : 0.511 1.302 : 0.847 1.708 0.864 1.882 : 3.418 1.518 1.030 2.196 1.953 0.445 : 0.000 : 99.376 : 794 1804 30 0 : 2267 : 4608 4424 : 158.739172 : 9 Next_heuristic_check_may_be_too_late ]
[158.742s][info][safepoint] Application time: 0.2470128 seconds
[158.743s][info][safepoint] Total time for which application threads were stopped: 0.0003812 seconds, Stopping threads took: 0.0000005 seconds
[158.743s][info][gc       ] [SPS 0.000 0.004 0.002 0.008 0.001 0.001 0.000 0.343 0.029 0.381 NewGC_pause1 158.742393 ]
[158.788s][info][safepoint] Application time: 0.0456309 seconds
[158.789s][info][safepoint] Total time for which application threads were stopped: 0.0002120 seconds, Stopping threads took: 0.0000005 seconds
[158.790s][info][gc       ] [SPS 0.000 0.001 0.000 0.007 0.000 0.001 0.000 0.180 0.024 0.212 NewGC_pause2 158.788236 ]
[158.791s][info][safepoint] Application time: 0.0029636 seconds
[158.792s][info][safepoint] Total time for which application threads were stopped: 0.0001820 seconds, Stopping threads took: 0.0000005 seconds
[158.792s][info][gc       ] [SPS 0.000 0.000 0.000 0.007 0.001 0.001 0.000 0.150 0.024 0.182 NewGC_pause3 158.791381 ]
[158.793s][info][safepoint] Application time: 0.0014805 seconds
[158.793s][info][safepoint] Total time for which application threads were stopped: 0.0001785 seconds, Stopping threads took: 0.0000005 seconds
[158.794s][info][gc       ] [SPS 0.000 0.002 0.002 0.007 0.000 0.001 0.000 0.146 0.024 0.179 NewGC_pause4 158.793040 ]
[158.794s][info][gc       ] [GC New Max 429-404 : 5120 2934 2138 5120 - - 1056 56 2 2 - : 120 1804 30 184 916 : 116 4 799 799 0 : 0 1 58 0 60 - 0 : 0.244057 2687.9 0.0 0.053612 2275.6 0.0 : 8 --c 0000 : 23 0 0.000 0.000 0 0.000 0.000 0 0.000 0.000 : 158.739906 158.742011 0.000309 158.788024 0.000132 158.791199 0.000108 158.792862 0.000112 : 158.793517 ]
[158.794s][info][gc       ] [SYSINFO 7583 191 89 0 7049 0 20 0 0 5745 : - - - - - - - - : 0 7168 : 2.07 1.34 1.48 : 278178 4215720 : 0 0 : 37 0 : 1547 2 0 259 : - 7679561728 333475840 1446694912 5939011584 199643136 93806592 : 140688591 5292780 150270 0 0 0 : 158.793754 ]
[158.794s][info][gc       ] [HUGEPAGESTAT 0 0 0 - 20840 0 0 : 612352 0 0 : 158.793754 ]
[158.794s][info][gc       ] [OBJCREAT 359233701 25638 19329024 : 158.793804 ]
[158.794s][info][gc       ] [HMSV All : 0 0 110 0 0 0 0 0 : 5062 0 0 0 : 158.793822 ]
[158.794s][info][gc       ] [HMSP 9 : 41100 0 : 158.793822 ]
[158.794s][info][gc       ] [VMAC 65530 166 24 430 620 : 158.794392 ]
[159.037s][info][gc       ] [GPGC-H  2969.0 585.8 0.0 0.0 : 4.6 : 0.510 1.302 : 0.847 1.708 0.864 1.882 : 3.412 1.518 1.030 2.196 1.953 0.445 : 0.000 : 99.097 : 784 1804 30 0 : 2267 : 4608 4424 : 159.037023 : 9 Next_heuristic_check_may_be_too_late ]
[159.040s][info][safepoint] Application time: 0.2467953 seconds
[159.041s][info][safepoint] Total time for which application threads were stopped: 0.0002230 seconds, Stopping threads took: 0.0000006 seconds
[159.041s][info][gc       ] [SPS 0.000 0.003 0.004 0.009 0.001 0.001 0.000 0.176 0.037 0.223 NewGC_pause1 159.040059 ]
[159.088s][info][safepoint] Application time: 0.0479360 seconds
[159.089s][info][safepoint] Total time for which application threads were stopped: 0.0002106 seconds, Stopping threads took: 0.0000005 seconds
[159.090s][info][gc       ] [SPS 0.000 0.001 0.000 0.008 0.001 0.001 0.000 0.177 0.025 0.211 NewGC_pause2 159.088206 ]
[159.091s][info][safepoint] Application time: 0.0027177 seconds
[159.092s][info][safepoint] Total time for which application threads were stopped: 0.0001828 seconds, Stopping threads took: 0.0000005 seconds
[159.092s][info][gc       ] [SPS 0.000 0.000 0.000 0.007 0.000 0.001 0.000 0.148 0.026 0.183 NewGC_pause3 159.091106 ]
[159.093s][info][safepoint] Application time: 0.0014178 seconds
[159.093s][info][safepoint] Total time for which application threads were stopped: 0.0001882 seconds, Stopping threads took: 0.0000005 seconds
[159.093s][info][gc       ] [SPS 0.000 0.003 0.002 0.007 0.000 0.001 0.000 0.155 0.024 0.188 NewGC_pause4 159.092712 ]
[159.094s][info][gc       ] [GC New Max 430-405 : 5120 2944 2160 5120 - - 1056 56 2 2 - : 142 1804 30 184 926 : 138 4 789 789 0 : 0 1 69 0 71 - 0 : 0.244167 2727.6 0.0 0.055684 2586.0 0.0 : 8 --c 0000 : 23 0 0.000 0.000 0 0.000 0.000 0 0.000 0.000 : 159.037684 159.039836 0.000141 159.087995 0.000116 159.090923 0.000103 159.092524 0.000122 : 159.093368 ]
[159.094s][info][gc       ] [SYSINFO 7583 191 89 0 7049 0 20 0 0 5745 : - - - - - - - - : 0 7168 : 2.07 1.34 1.48 : 278178 4215720 : 0 0 : 37 0 : 1547 2 0 259 : - 7679561728 333475840 1446694912 5939011584 199643136 93806592 : 140688591 5293370 150290 0 0 0 : 159.093684 ]
[159.094s][info][gc       ] [HUGEPAGESTAT 0 0 0 - 20840 0 0 : 612352 0 0 : 159.093684 ]
[159.094s][info][gc       ] [OBJCREAT 360034524 25638 19329024 : 159.093753 ]
[159.094s][info][gc       ] [HMSV All : 0 0 110 0 0 0 0 0 : 5062 0 0 0 : 159.093787 ]
[159.094s][info][gc       ] [HMSP 9 : 41100 0 : 159.093787 ]
[159.094s][info][gc       ] [VMAC 65530 166 24 430 620 : 159.094396 ]
[159.337s][info][gc       ] [GPGC-H  2969.0 585.8 0.0 0.0 : 4.6 : 0.508 1.302 : 0.847 1.708 0.864 1.882 : 3.402 1.518 1.030 2.196 1.953 0.445 : 0.000 : 98.818 : 810 1804 30 0 : 2267 : 4608 4424 : 159.336778 : 9 Next_heuristic_check_may_be_too_late ]
[159.340s][info][safepoint] Application time: 0.2472528 seconds
[159.341s][info][safepoint] Total time for which application threads were stopped: 0.0004120 seconds, Stopping threads took: 0.0000005 seconds
[159.341s][info][gc       ] [SPS 0.000 0.003 0.003 0.008 0.001 0.001 0.000 0.374 0.029 0.412 NewGC_pause1 159.340378 ]
[159.385s][info][safepoint] Application time: 0.0448114 seconds
[159.386s][info][safepoint] Total time for which application threads were stopped: 0.0001909 seconds, Stopping threads took: 0.0000005 seconds
[159.387s][info][gc       ] [SPS 0.000 0.001 0.000 0.008 0.001 0.001 0.000 0.147 0.034 0.191 NewGC_pause2 159.385380 ]
[159.388s][info][safepoint] Application time: 0.0027433 seconds
[159.389s][info][safepoint] Total time for which application threads were stopped: 0.0001736 seconds, Stopping threads took: 0.0000005 seconds
[159.389s][info][gc       ] [SPS 0.000 0.000 0.000 0.007 0.000 0.001 0.000 0.141 0.024 0.174 NewGC_pause3 159.388297 ]
[159.390s][info][safepoint] Application time: 0.0015272 seconds
[159.390s][info][safepoint] Total time for which application threads were stopped: 0.0001734 seconds, Stopping threads took: 0.0000005 seconds
[159.391s][info][gc       ] [SPS 0.000 0.003 0.002 0.007 0.000 0.001 0.000 0.138 0.027 0.174 NewGC_pause4 159.389998 ]
[159.391s][info][gc       ] [GC New Max 431-406 : 5120 2966 2152 5120 - - 1056 56 2 2 - : 132 1804 30 184 948 : 130 0 818 818 0 : 0 0 65 0 66 - 0 : 0.243997 2745.9 0.0 0.053016 2603.0 0.0 : 8 --c 0000 : 23 0 0.000 0.000 0 0.000 0.000 0 0.000 0.000 : 159.337366 159.339966 0.000321 159.385189 0.000111 159.388123 0.000109 159.389824 0.000091 : 159.390381 ]
[159.391s][info][gc       ] [SYSINFO 7583 191 89 0 7049 0 20 0 0 5745 : - - - - - - - - : 0 7168 : 2.07 1.34 1.48 : 278178 4215720 : 0 0 : 37 0 : 1547 2 0 259 : - 7679561728 333475840 1446694912 5939011584 199643136 93806592 : 140688591 5293980 150310 0 0 0 : 159.390659 ]
[159.391s][info][gc       ] [HUGEPAGESTAT 0 0 0 - 20840 0 0 : 612352 0 0 : 159.390659 ]
[159.391s][info][gc       ] [OBJCREAT 360835833 25638 19329024 : 159.390759 ]
[159.391s][info][gc       ] [HMSV All : 0 0 110 0 0 0 0 0 : 5062 0 0 0 : 159.390827 ]
[159.391s][info][gc       ] [HMSP 9 : 41100 0 : 159.390827 ]
[159.391s][info][gc       ] [VMAC 65530 166 24 430 620 : 159.391401 ]
[159.614s][info][gc       ] [GPGC-H  2958.3 585.8 0.0 0.0 : 4.6 : 0.507 1.302 : 0.847 1.708 0.864 1.882 : 3.392 1.518 1.030 2.196 1.953 0.445 : 0.000 : 98.541 : 758 1804 30 0 : 2267 : 4608 4424 : 159.614042 : 9 Next_heuristic_check_may_be_too_late ]
[159.617s][info][safepoint] Application time: 0.2266227 seconds
[159.617s][info][safepoint] Total time for which application threads were stopped: 0.0003288 seconds, Stopping threads took: 0.0000005 seconds
[159.618s][info][gc       ] [SPS 0.000 0.003 0.002 0.007 0.001 0.001 0.000 0.291 0.029 0.329 NewGC_pause1 159.616950 ]
[159.664s][info][safepoint] Application time: 0.0464644 seconds
[159.664s][info][safepoint] Total time for which application threads were stopped: 0.0002017 seconds, Stopping threads took: 0.0000005 seconds
[159.665s][info][gc       ] [SPS 0.000 0.001 0.000 0.007 0.000 0.001 0.000 0.169 0.024 0.202 NewGC_pause2 159.663616 ]
[159.666s][info][safepoint] Application time: 0.0023129 seconds
[159.666s][info][safepoint] Total time for which application threads were stopped: 0.0001017 seconds, Stopping threads took: 0.0000005 seconds
[159.667s][info][gc       ] [SPS 0.000 0.000 0.000 0.007 0.000 0.001 0.000 0.073 0.019 0.102 NewGC_pause3 159.666031 ]
[159.668s][info][safepoint] Application time: 0.0017303 seconds
[159.668s][info][safepoint] Total time for which application threads were stopped: 0.0001329 seconds, Stopping threads took: 0.0000005 seconds
[159.669s][info][gc       ] [SPS 0.000 0.003 0.002 0.007 0.000 0.001 0.000 0.106 0.019 0.133 NewGC_pause4 159.667894 ]
[159.669s][info][gc       ] [GC New Max 432-407 : 5120 2916 2156 5120 - - 1056 56 2 2 - : 138 1804 30 184 898 : 136 4 763 763 0 : 0 1 68 0 69 - 0 : 0.224184 2792.4 0.0 0.053781 2640.4 0.0 : 8 --c 0000 : 23 0 0.000 0.000 0 0.000 0.000 0 0.000 0.000 : 159.614565 159.616621 0.000211 159.663415 0.000114 159.665929 0.000070 159.667761 0.000107 : 159.668346 ]
[159.669s][info][gc       ] [SYSINFO 7583 191 89 0 7049 0 20 0 0 5745 : - - - - - - - - : 0 7168 : 2.63 1.46 1.52 : 278178 4215720 : 0 0 : 37 0 : 1547 3 0 259 : - 7679561728 333475840 1446694912 5939011584 199643136 93806592 : 140688591 5294590 150320 0 0 0 : 159.668721 ]
[159.669s][info][gc       ] [HUGEPAGESTAT 0 0 0 - 20840 0 0 : 612352 0 0 : 159.668721 ]
[159.669s][info][gc       ] [OBJCREAT 361596123 25638 19329024 : 159.668775 ]
[159.669s][info][gc       ] [HMSV All : 0 0 110 0 0 0 0 0 : 5062 0 0 0 : 159.668792 ]
[159.669s][info][gc       ] [HMSP 9 : 41100 0 : 159.668792 ]
[159.669s][info][gc       ] [VMAC 65530 166 24 430 620 : 159.669331 ]
[159.912s][info][gc       ] [GPGC-H  2958.3 585.8 0.0 0.0 : 4.6 : 0.505 1.302 : 0.847 1.708 0.864 1.882 : 3.382 1.518 1.030 2.196 1.953 0.445 : 0.000 : 98.287 : 782 1804 30 0 : 2267 : 4608 4424 : 159.911953 : 9 Next_heuristic_check_may_be_too_late ]
[159.915s][info][safepoint] Application time: 0.2466595 seconds
[159.915s][info][safepoint] Total time for which application threads were stopped: 0.0002250 seconds, Stopping threads took: 0.0000005 seconds
[159.916s][info][gc       ] [SPS 0.000 0.003 0.004 0.009 0.001 0.001 0.000 0.187 0.027 0.225 NewGC_pause1 159.914779 ]
[159.961s][info][safepoint] Application time: 0.0458032 seconds
[159.961s][info][safepoint] Total time for which application threads were stopped: 0.0001223 seconds, Stopping threads took: 0.0000005 seconds
[159.962s][info][gc       ] [SPS 0.000 0.001 0.000 0.007 0.000 0.001 0.000 0.095 0.018 0.122 NewGC_pause2 159.960704 ]
[159.963s][info][safepoint] Application time: 0.0022108 seconds
[159.963s][info][safepoint] Total time for which application threads were stopped: 0.0001263 seconds, Stopping threads took: 0.0000005 seconds
[159.963s][info][gc       ] [SPS 0.000 0.001 0.000 0.008 0.001 0.001 0.000 0.102 0.015 0.126 NewGC_pause3 159.963042 ]
[159.965s][info][safepoint] Application time: 0.0015116 seconds
[159.965s][info][safepoint] Total time for which application threads were stopped: 0.0001229 seconds, Stopping threads took: 0.0000005 seconds
[159.965s][info][gc       ] [SPS 0.000 0.003 0.002 0.007 0.000 0.001 0.000 0.095 0.019 0.123 NewGC_pause4 159.964676 ]
[159.966s][info][gc       ] [GC New Max 433-408 : 5120 2940 2158 5120 - - 1056 56 2 2 - : 138 1804 30 184 922 : 134 4 786 786 0 : 0 1 67 0 70 - 0 : 0.244136 2646.1 0.0 0.052699 2656.6 0.0 : 8 --c 0000 : 23 0 0.000 0.000 0 0.000 0.000 0 0.000 0.000 : 159.912481 159.914554 0.000183 159.960582 0.000099 159.962915 0.000108 159.964553 0.000098 : 159.965180 ]
[159.966s][info][gc       ] [SYSINFO 7583 191 89 0 7049 0 20 0 0 5745 : - - - - - - - - : 0 7168 : 2.63 1.46 1.52 : 278178 4215720 : 0 0 : 37 0 : 1547 3 0 259 : - 7679561728 333475840 1446694912 5939011584 199643136 93806592 : 140688591 5295250 150330 0 0 0 : 159.965471 ]
[159.966s][info][gc       ] [HUGEPAGESTAT 0 0 0 - 20840 0 0 : 612352 0 0 : 159.965471 ]
[159.966s][info][gc       ] [OBJCREAT 362373750 25638 19329024 : 159.965537 ]
[159.966s][info][gc       ] [HMSV All : 0 0 110 0 0 0 0 0 : 5062 0 0 0 : 159.965553 ]
[159.966s][info][gc       ] [HMSP 9 : 41100 0 : 159.965553 ]
[159.966s][info][gc       ] [VMAC 65530 166 24 430 620 : 159.966062 ]
[160.209s][info][gc       ] [GPGC-H  2958.3 585.8 0.0 0.0 : 4.6 : 0.504 1.302 : 0.847 1.708 0.864 1.882 : 3.372 1.518 1.030 2.196 1.953 0.445 : 0.000 : 98.011 : 752 1804 30 0 : 2267 : 4608 4424 : 160.208751 : 9 Next_heuristic_check_may_be_too_late ]
[160.212s][info][safepoint] Application time: 0.2472522 seconds
[160.212s][info][safepoint] Total time for which application threads were stopped: 0.0001817 seconds, Stopping threads took: 0.0000005 seconds
[160.213s][info][gc       ] [SPS 0.000 0.003 0.004 0.007 0.001 0.001 0.000 0.140 0.033 0.182 NewGC_pause1 160.212111 ]
[160.259s][info][safepoint] Application time: 0.0461748 seconds
[160.259s][info][safepoint] Total time for which application threads were stopped: 0.0002166 seconds, Stopping threads took: 0.0000005 seconds
[160.260s][info][gc       ] [SPS 0.000 0.001 0.000 0.007 0.001 0.001 0.000 0.183 0.024 0.217 NewGC_pause2 160.258502 ]
[160.262s][info][safepoint] Application time: 0.0029465 seconds
[160.262s][info][safepoint] Total time for which application threads were stopped: 0.0001883 seconds, Stopping threads took: 0.0000005 seconds
[160.262s][info][gc       ] [SPS 0.000 0.000 0.000 0.008 0.001 0.001 0.000 0.153 0.026 0.188 NewGC_pause3 160.261637 ]
[160.263s][info][safepoint] Application time: 0.0015598 seconds
[160.264s][info][safepoint] Total time for which application threads were stopped: 0.0002131 seconds, Stopping threads took: 0.0000005 seconds
[160.264s][info][gc       ] [GC New Max 434-409 : 5120 2904 2148 5120 - - 1056 56 2 2 - : 130 1804 30 184 886 : 126 4 758 758 0 : 0 1 63 0 65 - 0 : 0.244231 2514.0 0.0 0.054417 2499.2 0.0 : 8 --c 0000 : 23 0 0.000 0.000 0 0.000 0.000 0 0.000 0.000 : 160.209411 160.211929 0.000111 160.258286 0.000113 160.261449 0.000111 160.263197 0.000132 : 160.263829 ]
[160.264s][info][gc       ] [SYSINFO 7581 191 89 0 7047 0 20 0 0 5745 : - - - - - - - - : 0 7168 : 2.63 1.46 1.52 : 278178 4215720 : 0 0 : 37 0 : 1547 2 0 259 : - 7676362752 333475840 1443495936 5939011584 199643136 93806592 : 140688591 5295870 150330 0 0 0 : 160.264073 ]
[160.264s][info][gc       ] [HUGEPAGESTAT 0 0 0 - 20840 0 0 : 612352 0 0 : 160.264073 ]
[160.264s][info][gc       ] [OBJCREAT 363113544 25638 19329024 : 160.264139 ]
[160.264s][info][gc       ] [HMSV All : 0 0 110 0 0 0 0 0 : 5062 0 0 0 : 160.264156 ]
[160.264s][info][gc       ] [HMSP 9 : 41100 0 : 160.264156 ]
[160.264s][info][gc       ] [SPS 0.000 0.003 0.002 0.008 0.001 0.001 0.000 0.178 0.026 0.213 NewGC_pause4 160.263410 ]
[160.265s][info][gc       ] [VMAC 65530 166 24 430 620 : 160.264793 ]
[160.487s][info][gc       ] [GPGC-H  2958.3 585.8 0.0 0.0 : 4.6 : 0.502 1.302 : 0.847 1.708 0.864 1.882 : 3.361 1.518 1.030 2.196 1.953 0.445 : 0.000 : 97.736 : 774 1804 30 0 : 2267 : 4608 4424 : 160.486986 : 9 Next_heuristic_check_may_be_too_late ]
[160.490s][info][safepoint] Application time: 0.2263415 seconds
[160.491s][info][safepoint] Total time for which application threads were stopped: 0.0002480 seconds, Stopping threads took: 0.0000005 seconds
[160.491s][info][gc       ] [SPS 0.000 0.003 0.002 0.007 0.001 0.001 0.001 0.201 0.038 0.248 NewGC_pause1 160.490000 ]
[160.536s][info][safepoint] Application time: 0.0458717 seconds
[160.537s][info][safepoint] Total time for which application threads were stopped: 0.0002398 seconds, Stopping threads took: 0.0000005 seconds
[160.537s][info][gc       ] [SPS 0.000 0.001 0.000 0.008 0.001 0.001 0.000 0.193 0.038 0.240 NewGC_pause2 160.536112 ]
[160.539s][info][safepoint] Application time: 0.0025427 seconds
[160.539s][info][safepoint] Total time for which application threads were stopped: 0.0001561 seconds, Stopping threads took: 0.0000005 seconds
[160.540s][info][gc       ] [SPS 0.000 0.000 0.000 0.007 0.001 0.001 0.000 0.107 0.040 0.156 NewGC_pause3 160.538811 ]
[160.540s][info][safepoint] Application time: 0.0013793 seconds
[160.541s][info][safepoint] Total time for which application threads were stopped: 0.0001853 seconds, Stopping threads took: 0.0000005 seconds
[160.541s][info][gc       ] [SPS 0.000 0.002 0.002 0.007 0.001 0.001 0.000 0.145 0.032 0.186 NewGC_pause4 160.540375 ]
[160.541s][info][gc       ] [GC New Max 435-410 : 5120 2932 2158 5120 - - 1056 56 2 2 - : 140 1804 30 184 914 : 134 4 778 778 0 : 0 1 67 0 70 - 0 : 0.223544 2880.9 0.0 0.053501 2691.5 0.0 : 8 --c 0000 : 23 0 0.000 0.000 0 0.000 0.000 0 0.000 0.000 : 160.487373 160.489752 0.000130 160.535872 0.000132 160.538654 0.000070 160.540190 0.000105 : 160.540874 ]
[160.541s][info][gc       ] [SYSINFO 7581 191 89 0 7047 0 20 0 0 5745 : - - - - - - - - : 0 7168 : 2.63 1.46 1.52 : 278178 4215720 : 0 0 : 37 0 : 1547 2 0 259 : - 7676362752 333475840 1443495936 5939011584 199643136 93806592 : 140688591 5296490 150350 0 0 0 : 160.541151 ]
[160.541s][info][gc       ] [HUGEPAGESTAT 0 0 0 - 20840 0 0 : 612352 0 0 : 160.541151 ]
[160.541s][info][gc       ] [OBJCREAT 363893137 25638 19329024 : 160.541205 ]
[160.541s][info][gc       ] [HMSV All : 0 0 110 0 0 0 0 0 : 5062 0 0 0 : 160.541223 ]
[160.541s][info][gc       ] [HMSP 9 : 41100 0 : 160.541223 ]
[160.542s][info][gc       ] [VMAC 65530 166 24 430 620 : 160.541768 ]
[160.765s][info][gc       ] [GPGC-H  2958.3 585.8 0.0 0.0 : 4.6 : 0.501 1.302 : 0.847 1.708 0.864 1.882 : 3.351 1.518 1.030 2.196 1.953 0.445 : 0.000 : 97.486 : 766 1804 32 0 : 2267 : 4608 4424 : 160.764986 : 9 Next_heuristic_check_may_be_too_late ]
[160.769s][info][safepoint] Application time: 0.2279302 seconds
[160.769s][info][safepoint] Total time for which application threads were stopped: 0.0003744 seconds, Stopping threads took: 0.0000005 seconds
[160.770s][info][gc       ] [SPS 0.000 0.003 0.002 0.007 0.000 0.001 0.000 0.340 0.026 0.374 NewGC_pause1 160.768680 ]
[160.815s][info][safepoint] Application time: 0.0459052 seconds
[160.816s][info][safepoint] Total time for which application threads were stopped: 0.0002175 seconds, Stopping threads took: 0.0000005 seconds
[160.816s][info][gc       ] [SPS 0.000 0.001 0.000 0.007 0.000 0.001 0.000 0.186 0.023 0.218 NewGC_pause2 160.814803 ]
[160.818s][info][safepoint] Application time: 0.0028123 seconds
[160.818s][info][safepoint] Total time for which application threads were stopped: 0.0001625 seconds, Stopping threads took: 0.0000005 seconds
[160.818s][info][gc       ] [SPS 0.000 0.000 0.000 0.007 0.000 0.001 0.000 0.130 0.024 0.163 NewGC_pause3 160.817778 ]
[160.819s][info][safepoint] Application time: 0.0014011 seconds
[160.820s][info][safepoint] Total time for which application threads were stopped: 0.0001998 seconds, Stopping threads took: 0.0000005 seconds
[160.820s][info][gc       ] [SPS 0.000 0.012 0.002 0.009 0.001 0.001 0.000 0.163 0.026 0.200 NewGC_pause4 160.819379 ]
[160.820s][info][gc       ] [GC New Max 436-411 : 5120 2918 2152 5120 - - 1056 56 2 2 - : 132 1804 32 184 898 : 126 4 771 771 0 : 0 1 63 0 66 - 0 : 0.224597 2787.2 8.9 0.054555 2492.9 0.0 : 8 --c 0000 : 23 0 0.000 0.000 0 0.000 0.000 0 0.000 0.000 : 160.765471 160.768306 0.000292 160.814585 0.000125 160.817615 0.000086 160.819179 0.000099 : 160.820025 ]
[160.820s][info][gc       ] [SYSINFO 7581 191 89 0 7047 0 20 0 0 5745 : - - - - - - - - : 0 7168 : 2.63 1.46 1.52 : 278178 4215720 : 0 0 : 37 0 : 1547 3 0 259 : - 7676362752 333475840 1443495936 5939011584 199643136 93806592 : 140688591 5297080 150370 0 0 0 : 160.820271 ]
[160.820s][info][gc       ] [HUGEPAGESTAT 0 0 0 - 20840 0 0 : 610304 0 0 : 160.820271 ]
[160.820s][info][gc       ] [OBJCREAT 364648090 25638 19329024 : 160.820322 ]
[160.820s][info][gc       ] [HMSV All : 0 0 110 0 0 0 0 0 : 5062 0 0 0 : 160.820341 ]
[160.820s][info][gc       ] [HMSP 9 : 41100 0 : 160.820341 ]
[160.821s][info][gc       ] [VMAC 65530 166 24 430 620 : 160.820923 ]
[161.043s][info][gc       ] [GPGC-H  2958.3 572.4 0.0 0.0 : 4.5 : 0.499 1.302 : 0.847 1.708 0.864 1.882 : 3.341 1.518 1.030 2.196 1.953 0.445 : 0.000 : 97.235 : 778 1804 32 0 : 2267 : 4608 4424 : 161.043275 : 9 Next_heuristic_check_may_be_too_late ]
[161.047s][info][safepoint] Application time: 0.2269664 seconds
[161.047s][info][safepoint] Total time for which application threads were stopped: 0.0002651 seconds, Stopping threads took: 0.0000060 seconds
[161.048s][info][gc       ] [SPS 0.000 0.005 0.002 0.007 0.006 0.001 0.000 0.221 0.030 0.266 NewGC_pause1 161.046611 ]
[161.092s][info][safepoint] Application time: 0.0456911 seconds
[161.093s][info][safepoint] Total time for which application threads were stopped: 0.0001784 seconds, Stopping threads took: 0.0000005 seconds
[161.094s][info][gc       ] [SPS 0.000 0.001 0.000 0.007 0.000 0.001 0.000 0.145 0.024 0.178 NewGC_pause2 161.092480 ]
[161.095s][info][safepoint] Application time: 0.0023727 seconds
[161.095s][info][safepoint] Total time for which application threads were stopped: 0.0001418 seconds, Stopping threads took: 0.0000005 seconds
[161.096s][info][gc       ] [SPS 0.000 0.000 0.000 0.008 0.001 0.001 0.000 0.110 0.023 0.142 NewGC_pause3 161.094995 ]
[161.096s][info][safepoint] Application time: 0.0012525 seconds
[161.097s][info][safepoint] Total time for which application threads were stopped: 0.0001632 seconds, Stopping threads took: 0.0000006 seconds
[161.097s][info][gc       ] [SPS 0.000 0.003 0.002 0.007 0.001 0.001 0.000 0.126 0.028 0.163 NewGC_pause4 161.096411 ]
[161.097s][info][gc       ] [GC New Max 437-412 : 5120 2938 2158 5120 - - 1056 56 2 2 - : 138 1804 32 184 918 : 134 4 782 782 0 : 0 1 67 0 69 - 0 : 0.223692 2887.9 0.0 0.053160 2671.2 0.0 : 8 --c 0000 : 23 0 0.000 0.000 0 0.000 0.000 0 0.000 0.000 : 161.043717 161.046346 0.000228 161.092302 0.000054 161.094853 0.000054 161.096248 0.000058 : 161.096877 ]
[161.097s][info][gc       ] [SYSINFO 7581 191 89 0 7047 0 20 0 0 5745 : - - - - - - - - : 0 7168 : 2.63 1.46 1.52 : 278178 4215720 : 0 0 : 37 0 : 1547 2 0 259 : - 7676362752 333475840 1443495936 5939011584 199643136 93806592 : 140688591 5297690 150380 0 0 0 : 161.097147 ]
[161.097s][info][gc       ] [HUGEPAGESTAT 0 0 0 - 20840 0 0 : 610304 0 0 : 161.097147 ]
[161.097s][info][gc       ] [OBJCREAT 365429897 25638 19329024 : 161.097198 ]
[161.097s][info][gc       ] [HMSV All : 0 0 110 0 0 0 0 0 : 5062 0 0 0 : 161.097215 ]
[161.097s][info][gc       ] [HMSP 9 : 41100 0 : 161.097215 ]
[161.098s][info][gc       ] [VMAC 65530 166 24 430 620 : 161.097752 ]
[161.321s][info][gc       ] [GPGC-H  2958.3 572.4 0.0 0.0 : 4.5 : 0.498 1.302 : 0.847 1.708 0.864 1.882 : 3.331 1.518 1.030 2.196 1.953 0.445 : 0.000 : 96.986 : 752 1804 32 0 : 2267 : 4608 4424 : 161.320595 : 9 Next_heuristic_check_may_be_too_late ]
[161.325s][info][safepoint] Application time: 0.2278485 seconds
[161.325s][info][safepoint] Total time for which application threads were stopped: 0.0004191 seconds, Stopping threads took: 0.0000007 seconds
[161.326s][info][gc       ] [SPS 0.000 0.005 0.005 0.010 0.001 0.001 0.000 0.362 0.045 0.419 NewGC_pause1 161.324679 ]
[161.370s][info][safepoint] Application time: 0.0453644 seconds
[161.371s][info][safepoint] Total time for which application threads were stopped: 0.0001272 seconds, Stopping threads took: 0.0000005 seconds
[161.371s][info][gc       ] [SPS 0.000 0.001 0.000 0.008 0.000 0.001 0.000 0.102 0.016 0.127 NewGC_pause2 161.370170 ]
[161.373s][info][safepoint] Application time: 0.0023303 seconds
[161.373s][info][safepoint] Total time for which application threads were stopped: 0.0001284 seconds, Stopping threads took: 0.0000005 seconds
[161.373s][info][gc       ] [SPS 0.000 0.000 0.000 0.007 0.000 0.001 0.000 0.103 0.017 0.128 NewGC_pause3 161.372629 ]
[161.374s][info][safepoint] Application time: 0.0013694 seconds
[161.374s][info][safepoint] Total time for which application threads were stopped: 0.0001248 seconds, Stopping threads took: 0.0000005 seconds
[161.375s][info][gc       ] [SPS 0.000 0.003 0.019 0.007 0.000 0.001 0.000 0.100 0.017 0.125 NewGC_pause4 161.374124 ]
[161.375s][info][gc       ] [GC New Max 438-413 : 5120 2894 2140 5120 - - 1056 56 2 2 - : 120 1804 32 184 874 : 116 4 756 756 0 : 0 1 58 0 60 - 0 : 0.224323 2737.1 0.0 0.053594 2313.7 0.0 : 8 --c 0000 : 23 0 0.000 0.000 0 0.000 0.000 0 0.000 0.000 : 161.321200 161.324260 0.000340 161.370043 0.000108 161.372501 0.000108 161.373999 0.000105 : 161.374794 ]
[161.375s][info][gc       ] [SYSINFO 7581 191 89 0 7047 0 20 0 0 5745 : - - - - - - - - : 0 7168 : 2.63 1.46 1.52 : 278178 4215720 : 0 0 : 37 0 : 1547 2 0 259 : - 7676362752 333475840 1443495936 5939011584 199643136 93806592 : 140688591 5298300 150380 0 0 0 : 161.375044 ]
[161.375s][info][gc       ] [HUGEPAGESTAT 0 0 0 - 20840 0 0 : 610304 0 0 : 161.375044 ]
[161.375s][info][gc       ] [OBJCREAT 366159539 25638 19329024 : 161.375092 ]
[161.375s][info][gc       ] [HMSV All : 0 0 110 0 0 0 0 0 : 5062 0 0 0 : 161.375109 ]
[161.375s][info][gc       ] [HMSP 9 : 41100 0 : 161.375109 ]
[161.377s][info][gc       ] [VMAC 65530 166 24 430 620 : 161.376526 ]
[161.618s][info][gc       ] [GPGC-H  2950.4 572.4 0.0 0.0 : 4.5 : 0.496 1.302 : 0.847 1.708 0.864 1.882 : 3.322 1.518 1.030 2.196 1.953 0.445 : 0.000 : 96.737 : 780 1804 32 0 : 2267 : 4608 4424 : 161.618196 : 9 Next_heuristic_check_may_be_too_late ]
[161.621s][info][safepoint] Application time: 0.2467322 seconds
[161.622s][info][safepoint] Total time for which application threads were stopped: 0.0003310 seconds, Stopping threads took: 0.0000005 seconds
[161.622s][info][gc       ] [SPS 0.000 0.003 0.003 0.007 0.000 0.001 0.000 0.298 0.024 0.331 NewGC_pause1 161.621187 ]
[161.666s][info][safepoint] Application time: 0.0447990 seconds
[161.667s][info][safepoint] Total time for which application threads were stopped: 0.0002025 seconds, Stopping threads took: 0.0000005 seconds
[161.667s][info][gc       ] [SPS 0.000 0.001 0.000 0.007 0.001 0.001 0.000 0.170 0.024 0.202 NewGC_pause2 161.666189 ]
[161.669s][info][safepoint] Application time: 0.0027393 seconds
[161.670s][info][safepoint] Total time for which application threads were stopped: 0.0001420 seconds, Stopping threads took: 0.0000005 seconds
[161.670s][info][gc       ] [SPS 0.000 0.000 0.000 0.007 0.000 0.001 0.000 0.110 0.023 0.142 NewGC_pause3 161.669070 ]
[161.671s][info][safepoint] Application time: 0.0017879 seconds
[161.671s][info][safepoint] Total time for which application threads were stopped: 0.0001788 seconds, Stopping threads took: 0.0000005 seconds
[161.672s][info][gc       ] [SPS 0.000 0.003 0.002 0.007 0.000 0.001 0.000 0.144 0.027 0.179 NewGC_pause4 161.671037 ]
[161.672s][info][gc       ] [GC New Max 439-414 : 5120 2936 2156 5120 - - 1056 56 2 2 - : 136 1804 32 184 916 : 130 4 785 785 0 : 0 1 65 0 68 - 0 : 0.243917 2714.0 0.0 0.052797 2613.8 0.0 : 8 --c 0000 : 23 0 0.000 0.000 0 0.000 0.000 0 0.000 0.000 : 161.618711 161.620856 0.000270 161.665986 0.000110 161.668928 0.000054 161.670858 0.000104 : 161.671508 ]
[161.672s][info][gc       ] [SYSINFO 7581 191 89 0 7047 0 20 0 0 5745 : - - - - - - - - : 0 7168 : 2.63 1.46 1.52 : 278178 4215720 : 0 0 : 37 0 : 1547 2 0 259 : - 7676362752 333475840 1443495936 5939011584 199643136 93806592 : 140688591 5298970 150400 0 0 0 : 161.671845 ]
[161.672s][info][gc       ] [HUGEPAGESTAT 0 0 0 - 20840 0 0 : 610304 0 0 : 161.671845 ]
[161.672s][info][gc       ] [OBJCREAT 366950300 25638 19329024 : 161.671908 ]
[161.672s][info][gc       ] [HMSV All : 0 0 110 0 0 0 0 0 : 5062 0 0 0 : 161.671926 ]
[161.672s][info][gc       ] [HMSP 9 : 41100 0 : 161.671926 ]
[161.673s][info][gc       ] [VMAC 65530 166 24 430 620 : 161.672504 ]
[161.916s][info][gc       ] [GPGC-H  2950.4 572.4 0.0 0.0 : 4.5 : 0.495 1.302 : 0.847 1.708 0.864 1.882 : 3.311 1.518 1.030 2.196 1.953 0.445 : 0.000 : 96.466 : 798 1804 32 0 : 2267 : 4608 4424 : 161.916048 : 9 Next_heuristic_check_may_be_too_late ]
[161.919s][info][safepoint] Application time: 0.2474166 seconds
[161.919s][info][safepoint] Total time for which application threads were stopped: 0.0003500 seconds, Stopping threads took: 0.0000006 seconds
[161.920s][info][gc       ] [SPS 0.000 0.004 0.003 0.008 0.001 0.001 0.000 0.314 0.026 0.350 NewGC_pause1 161.918804 ]
[161.964s][info][safepoint] Application time: 0.0448830 seconds
[161.965s][info][safepoint] Total time for which application threads were stopped: 0.0001660 seconds, Stopping threads took: 0.0000005 seconds
[161.965s][info][gc       ] [SPS 0.000 0.001 0.000 0.008 0.000 0.001 0.000 0.132 0.024 0.166 NewGC_pause2 161.963853 ]
[161.967s][info][safepoint] Application time: 0.0026098 seconds
[161.967s][info][safepoint] Total time for which application threads were stopped: 0.0001541 seconds, Stopping threads took: 0.0000005 seconds
[161.967s][info][gc       ] [SPS 0.000 0.000 0.000 0.007 0.000 0.001 0.000 0.119 0.026 0.154 NewGC_pause3 161.966617 ]
[161.968s][info][safepoint] Application time: 0.0012955 seconds
[161.968s][info][safepoint] Total time for which application threads were stopped: 0.0001812 seconds, Stopping threads took: 0.0000005 seconds
[161.969s][info][gc       ] [SPS 0.000 0.003 0.002 0.007 0.000 0.001 0.000 0.146 0.027 0.181 NewGC_pause4 161.968094 ]
[161.969s][info][gc       ] [GC New Max 440-415 : 5120 2926 2126 5120 - - 1056 56 2 2 - : 106 1804 32 184 906 : 102 4 802 802 0 : 0 1 51 0 53 - 0 : 0.244940 2710.9 0.0 0.052195 2069.2 0.0 : 8 --c 0000 : 23 0 0.000 0.000 0 0.000 0.000 0 0.000 0.000 : 161.916448 161.918454 0.000280 161.963687 0.000076 161.966463 0.000054 161.967913 0.000079 : 161.968643 ]
[161.969s][info][gc       ] [SYSINFO 7581 191 89 0 7047 0 20 0 0 5745 : - - - - - - - - : 0 7168 : 2.63 1.46 1.52 : 278178 4215720 : 0 0 : 37 0 : 1547 2 0 259 : - 7676362752 333475840 1443495936 5939011584 199643136 93806592 : 140688591 5299540 150410 0 0 0 : 161.968919 ]
[161.969s][info][gc       ] [HUGEPAGESTAT 0 0 0 - 20840 0 0 : 610304 0 0 : 161.968919 ]
[161.969s][info][gc       ] [OBJCREAT 367715743 25638 19329024 : 161.968967 ]
[161.969s][info][gc       ] [HMSV All : 0 0 110 0 0 0 0 0 : 5062 0 0 0 : 161.968983 ]
[161.969s][info][gc       ] [HMSP 9 : 41100 0 : 161.968983 ]
[161.970s][info][gc       ] [VMAC 65530 166 24 430 620 : 161.969614 ]
[162.191s][info][gc       ] [GPGC-H  2950.4 572.4 0.0 0.0 : 4.5 : 0.493 1.302 : 0.847 1.708 0.864 1.882 : 3.301 1.518 1.030 2.196 1.953 0.445 : 0.000 : 96.196 : 740 1804 32 0 : 2267 : 4608 4424 : 162.191316 : 9 Next_heuristic_check_may_be_too_late ]
[162.195s][info][safepoint] Application time: 0.2263443 seconds
[162.195s][info][safepoint] Total time for which application threads were stopped: 0.0002546 seconds, Stopping threads took: 0.0000005 seconds
[162.196s][info][gc       ] [SPS 0.000 0.003 0.003 0.008 0.001 0.001 0.000 0.208 0.038 0.255 NewGC_pause1 162.194693 ]
[162.241s][info][safepoint] Application time: 0.0458724 seconds
[162.241s][info][safepoint] Total time for which application threads were stopped: 0.0001144 seconds, Stopping threads took: 0.0000005 seconds
[162.242s][info][gc       ] [SPS 0.000 0.001 0.000 0.007 0.001 0.001 0.000 0.085 0.021 0.115 NewGC_pause2 162.240680 ]
[162.244s][info][safepoint] Application time: 0.0027360 seconds
[162.244s][info][safepoint] Total time for which application threads were stopped: 0.0001471 seconds, Stopping threads took: 0.0000008 seconds
[162.244s][info][gc       ] [SPS 0.000 0.001 0.000 0.014 0.001 0.001 0.001 0.084 0.047 0.147 NewGC_pause3 162.243564 ]
[162.245s][info][safepoint] Application time: 0.0013373 seconds
[162.245s][info][safepoint] Total time for which application threads were stopped: 0.0001641 seconds, Stopping threads took: 0.0000008 seconds
[162.246s][info][gc       ] [SPS 0.000 0.003 0.003 0.011 0.001 0.001 0.001 0.087 0.064 0.164 NewGC_pause4 162.245065 ]
[162.246s][info][gc       ] [GC New Max 441-416 : 5120 2864 2124 5120 - - 1056 56 2 2 - : 104 1804 32 184 844 : 100 4 743 743 0 : 0 1 50 0 52 - 0 : 0.223392 2838.1 0.0 0.053411 1984.6 0.0 : 8 --c 0000 : 23 0 0.000 0.000 0 0.000 0.000 0 0.000 0.000 : 162.192035 162.194438 0.000133 162.240566 0.000075 162.243416 0.000074 162.244901 0.000075 : 162.245447 ]
[162.246s][info][gc       ] [SYSINFO 7581 191 89 0 7047 0 20 0 0 5745 : - - - - - - - - : 0 7168 : 2.63 1.46 1.52 : 278178 4215736 : 0 0 : 37 0 : 1547 4 0 259 : - 7676362752 333475840 1443495936 5939011584 199643136 93806592 : 140688591 5300150 150410 0 0 0 : 162.245812 ]
[162.246s][info][gc       ] [HUGEPAGESTAT 0 0 0 - 20840 0 0 : 610304 0 0 : 162.245812 ]
[162.246s][info][gc       ] [OBJCREAT 368446267 25638 19329024 : 162.245888 ]
[162.246s][info][gc       ] [HMSV All : 0 0 110 0 0 0 0 0 : 5062 0 0 0 : 162.245905 ]
[162.246s][info][gc       ] [HMSP 9 : 41100 0 : 162.245905 ]
[162.247s][info][gc       ] [VMAC 65530 166 24 430 620 : 162.246641 ]
[162.489s][info][gc       ] [GPGC-H  2950.4 572.4 0.0 0.0 : 4.5 : 0.492 1.302 : 0.847 1.708 0.864 1.882 : 3.291 1.518 1.030 2.196 1.953 0.445 : 0.000 : 95.951 : 784 1804 32 0 : 2267 : 4608 4424 : 162.488579 : 9 Next_heuristic_check_may_be_too_late ]
[162.492s][info][safepoint] Application time: 0.2462774 seconds
[162.492s][info][safepoint] Total time for which application threads were stopped: 0.0003093 seconds, Stopping threads took: 0.0000005 seconds
[162.493s][info][gc       ] [SPS 0.000 0.003 0.002 0.008 0.001 0.001 0.000 0.271 0.029 0.309 NewGC_pause1 162.491652 ]
[162.536s][info][safepoint] Application time: 0.0438701 seconds
[162.536s][info][safepoint] Total time for which application threads were stopped: 0.0001283 seconds, Stopping threads took: 0.0000005 seconds
[162.537s][info][gc       ] [SPS 0.001 0.001 0.000 0.007 0.000 0.001 0.000 0.104 0.015 0.128 NewGC_pause2 162.535651 ]
[162.538s][info][safepoint] Application time: 0.0022775 seconds
[162.538s][info][safepoint] Total time for which application threads were stopped: 0.0001318 seconds, Stopping threads took: 0.0000005 seconds
[162.539s][info][gc       ] [SPS 0.000 0.000 0.000 0.007 0.001 0.001 0.000 0.107 0.016 0.132 NewGC_pause3 162.538060 ]
[162.540s][info][safepoint] Application time: 0.0014026 seconds
[162.540s][info][safepoint] Total time for which application threads were stopped: 0.0001060 seconds, Stopping threads took: 0.0000005 seconds
[162.540s][info][gc       ] [SPS 0.000 0.002 0.002 0.007 0.000 0.001 0.000 0.070 0.027 0.106 NewGC_pause4 162.539569 ]
[162.540s][info][gc       ] [GC New Max 442-417 : 5120 2916 2132 5120 - - 1056 56 2 2 - : 112 1804 32 184 896 : 108 4 789 789 0 : 0 1 54 0 56 - 0 : 0.243680 2790.5 0.0 0.050911 2278.5 0.0 : 8 --c 0000 : 23 0 0.000 0.000 0 0.000 0.000 0 0.000 0.000 : 162.489127 162.491343 0.000268 162.535523 0.000108 162.537928 0.000111 162.539463 0.000056 : 162.540038 ]
[162.540s][info][gc       ] [SYSINFO 7581 191 89 0 7047 0 20 0 0 5745 : - - - - - - - - : 0 7168 : 2.63 1.46 1.52 : 278178 4215736 : 0 0 : 37 0 : 1547 4 0 259 : - 7676362752 333475840 1443495936 5939011584 199643136 93806592 : 140688591 5300770 150440 0 0 0 : 162.540272 ]
[162.540s][info][gc       ] [HUGEPAGESTAT 0 0 0 - 20840 0 0 : 610304 0 0 : 162.540272 ]
[162.540s][info][gc       ] [OBJCREAT 369234252 25638 19329024 : 162.540320 ]
[162.540s][info][gc       ] [HMSV All : 0 0 110 0 0 0 0 0 : 5062 0 0 0 : 162.540339 ]
[162.540s][info][gc       ] [HMSP 9 : 41100 0 : 162.540339 ]
[162.542s][info][gc       ] [VMAC 65530 166 24 430 620 : 162.541696 ]
[162.784s][info][gc       ] [GPGC-H  2950.4 572.4 0.0 0.0 : 4.5 : 0.491 1.302 : 0.847 1.708 0.864 1.882 : 3.281 1.518 1.030 2.196 1.953 0.445 : 0.000 : 95.683 : 786 1804 32 0 : 2267 : 4608 4424 : 162.783691 : 9 Next_heuristic_check_may_be_too_late ]
[162.787s][info][safepoint] Application time: 0.2469024 seconds
[162.787s][info][safepoint] Total time for which application threads were stopped: 0.0004381 seconds, Stopping threads took: 0.0000005 seconds
[162.788s][info][gc       ] [SPS 0.000 0.003 0.003 0.008 0.000 0.001 0.001 0.400 0.028 0.438 NewGC_pause1 162.786910 ]
[162.831s][info][safepoint] Application time: 0.0443671 seconds
[162.832s][info][safepoint] Total time for which application threads were stopped: 0.0001887 seconds, Stopping threads took: 0.0000005 seconds
[162.833s][info][gc       ] [SPS 0.000 0.001 0.000 0.007 0.000 0.001 0.001 0.155 0.024 0.189 NewGC_pause2 162.831466 ]
[162.834s][info][safepoint] Application time: 0.0023529 seconds
[162.834s][info][safepoint] Total time for which application threads were stopped: 0.0001396 seconds, Stopping threads took: 0.0000005 seconds
[162.835s][info][gc       ] [SPS 0.000 0.000 0.000 0.007 0.000 0.001 0.000 0.105 0.026 0.140 NewGC_pause3 162.833958 ]
[162.836s][info][safepoint] Application time: 0.0014263 seconds
[162.836s][info][safepoint] Total time for which application threads were stopped: 0.0001867 seconds, Stopping threads took: 0.0000005 seconds
[162.836s][info][gc       ] [SPS 0.000 0.003 0.002 0.007 0.000 0.001 0.000 0.153 0.025 0.187 NewGC_pause4 162.835571 ]
[162.836s][info][gc       ] [GC New Max 443-418 : 5120 2910 2122 5120 - - 1056 56 2 2 - : 102 1804 32 184 890 : 96 4 792 792 0 : 0 1 48 0 51 - 0 : 0.244310 2767.0 0.0 0.051758 2048.0 0.0 : 8 --c 0000 : 23 0 0.000 0.000 0 0.000 0.000 0 0.000 0.000 : 162.784348 162.786472 0.000302 162.831277 0.000113 162.833818 0.000065 162.835384 0.000121 : 162.836107 ]
[162.836s][info][gc       ] [SYSINFO 7581 191 89 0 7047 0 20 0 0 5745 : - - - - - - - - : 0 7168 : 2.63 1.46 1.52 : 278178 4215736 : 0 0 : 37 0 : 1547 3 0 259 : - 7676362752 333475840 1443495936 5939011584 199643136 93806592 : 140688591 5301390 150470 0 0 0 : 162.836366 ]
[162.836s][info][gc       ] [HUGEPAGESTAT 0 0 0 - 20840 0 0 : 610304 0 0 : 162.836366 ]
[162.836s][info][gc       ] [OBJCREAT 370007768 25638 19329024 : 162.836430 ]
[162.836s][info][gc       ] [HMSV All : 0 0 110 0 0 0 0 0 : 5062 0 0 0 : 162.836450 ]
[162.836s][info][gc       ] [HMSP 9 : 41100 0 : 162.836450 ]
[162.837s][info][gc       ] [VMAC 65530 166 24 430 620 : 162.836958 ]
[163.080s][info][gc       ] [GPGC-H  2950.4 559.2 0.0 0.0 : 4.4 : 0.489 1.302 : 0.847 1.708 0.864 1.882 : 3.270 1.518 1.030 2.196 1.953 0.445 : 0.000 : 95.416 : 742 1804 32 0 : 2267 : 4608 4424 : 163.079861 : 9 Next_heuristic_check_may_be_too_late ]
[163.084s][info][safepoint] Application time: 0.2477699 seconds
[163.084s][info][safepoint] Total time for which application threads were stopped: 0.0005281 seconds, Stopping threads took: 0.0000008 seconds
[163.085s][info][gc       ] [SPS 0.000 0.004 0.004 0.012 0.001 0.001 0.001 0.471 0.043 0.529 NewGC_pause1 163.083870 ]
[163.129s][info][safepoint] Application time: 0.0451805 seconds
[163.130s][info][safepoint] Total time for which application threads were stopped: 0.0003921 seconds, Stopping threads took: 0.0000005 seconds
[163.131s][info][gc       ] [SPS 0.000 0.001 0.000 0.039 0.001 0.001 0.001 0.292 0.058 0.392 NewGC_pause2 163.129442 ]
[163.132s][info][safepoint] Application time: 0.0026837 seconds
[163.133s][info][safepoint] Total time for which application threads were stopped: 0.0001525 seconds, Stopping threads took: 0.0000005 seconds
[163.133s][info][gc       ] [SPS 0.000 0.000 0.000 0.007 0.000 0.001 0.000 0.119 0.025 0.153 NewGC_pause3 163.132279 ]
[163.134s][info][safepoint] Application time: 0.0015089 seconds
[163.134s][info][safepoint] Total time for which application threads were stopped: 0.0001750 seconds, Stopping threads took: 0.0000005 seconds
[163.135s][info][gc       ] [SPS 0.000 0.003 0.002 0.007 0.000 0.001 0.000 0.069 0.098 0.175 NewGC_pause4 163.133963 ]
[163.135s][info][gc       ] [GC New Max 444-419 : 5120 2858 2116 5120 - - 1056 56 2 2 - : 96 1804 32 184 838 : 90 4 746 746 0 : 0 1 45 0 48 - 0 : 0.244495 2617.6 0.0 0.054208 1844.8 0.0 : 8 --c 0000 : 23 0 0.000 0.000 0 0.000 0.000 0 0.000 0.000 : 163.080602 163.083342 0.000428 163.129050 0.000253 163.132126 0.000084 163.133788 0.000070 : 163.134810 ]
[163.135s][info][gc       ] [SYSINFO 7581 191 89 0 7047 0 20 0 0 5745 : - - - - - - - - : 0 7168 : 2.63 1.46 1.52 : 278178 4215736 : 0 0 : 37 0 : 1547 3 0 259 : - 7676362752 333475840 1443495936 5939011584 199643136 93806592 : 140688591 5302000 150500 0 0 0 : 163.135100 ]
[163.135s][info][gc       ] [HUGEPAGESTAT 0 0 0 - 20840 0 0 : 610304 0 0 : 163.135100 ]
[163.135s][info][gc       ] [OBJCREAT 370739402 25638 19329024 : 163.135155 ]
[163.135s][info][gc       ] [HMSV All : 0 0 110 0 0 0 0 0 : 5062 0 0 0 : 163.135173 ]
[163.135s][info][gc       ] [HMSP 9 : 41100 0 : 163.135173 ]
[163.136s][info][gc       ] [VMAC 65530 166 24 430 620 : 163.135776 ]
[163.379s][info][gc       ] [GPGC-H  2950.4 559.2 0.0 0.0 : 4.4 : 0.488 1.302 : 0.847 1.708 0.864 1.882 : 3.260 1.518 1.030 2.196 1.953 0.445 : 0.000 : 95.150 : 778 1804 32 0 : 2267 : 4608 4424 : 163.378907 : 9 Next_heuristic_check_may_be_too_late ]
[163.382s][info][safepoint] Application time: 0.2476512 seconds
[163.383s][info][safepoint] Total time for which application threads were stopped: 0.0003778 seconds, Stopping threads took: 0.0000005 seconds
[163.383s][info][gc       ] [SPS 0.000 0.003 0.002 0.008 0.001 0.001 0.000 0.342 0.027 0.378 NewGC_pause1 163.381992 ]
[163.429s][info][safepoint] Application time: 0.0467192 seconds
[163.430s][info][safepoint] Total time for which application threads were stopped: 0.0001943 seconds, Stopping threads took: 0.0000005 seconds
[163.430s][info][gc       ] [SPS 0.000 0.001 0.000 0.007 0.001 0.001 0.000 0.161 0.025 0.194 NewGC_pause2 163.428906 ]
[163.432s][info][safepoint] Application time: 0.0028039 seconds
[163.432s][info][safepoint] Total time for which application threads were stopped: 0.0001524 seconds, Stopping threads took: 0.0000005 seconds
[163.433s][info][gc       ] [SPS 0.000 0.000 0.000 0.007 0.000 0.001 0.000 0.117 0.027 0.153 NewGC_pause3 163.431862 ]
[163.433s][info][safepoint] Application time: 0.0013082 seconds
[163.434s][info][safepoint] Total time for which application threads were stopped: 0.0002246 seconds, Stopping threads took: 0.0000005 seconds
[163.434s][info][gc       ] [SPS 0.000 0.003 0.018 0.007 0.001 0.001 0.000 0.177 0.039 0.225 NewGC_pause4 163.433395 ]
[163.434s][info][gc       ] [GC New Max 445-420 : 5120 2944 2164 5120 - - 1056 56 2 2 - : 144 1804 32 184 924 : 140 4 783 783 0 : 0 1 70 0 72 - 0 : 0.244695 2795.3 0.0 0.054410 2683.3 0.0 : 8 --c 0000 : 23 0 0.000 0.000 0 0.000 0.000 0 0.000 0.000 : 163.379505 163.381614 0.000303 163.428711 0.000128 163.431710 0.000065 163.433170 0.000100 : 163.433915 ]
[163.434s][info][gc       ] [SYSINFO 7581 191 89 0 7047 0 20 0 0 5745 : - - - - - - - - : 0 7168 : 2.63 1.46 1.52 : 278178 4215736 : 0 0 : 37 0 : 1547 2 0 259 : - 7676362752 333475840 1443495936 5939011584 199643136 93806592 : 140688591 5302610 150550 0 0 0 : 163.434202 ]
[163.434s][info][gc       ] [HUGEPAGESTAT 0 0 0 - 20840 0 0 : 610304 0 0 : 163.434202 ]
[163.434s][info][gc       ] [OBJCREAT 371563038 25638 19329024 : 163.434269 ]
[163.434s][info][gc       ] [HMSV All : 0 0 110 0 0 0 0 0 : 5062 0 0 0 : 163.434288 ]
[163.434s][info][gc       ] [HMSP 9 : 41100 0 : 163.434288 ]
[163.435s][info][gc       ] [VMAC 65530 166 24 430 620 : 163.434871 ]
[163.677s][info][gc       ] [GPGC-H  2940.9 559.2 0.0 0.0 : 4.4 : 0.486 1.302 : 0.847 1.708 0.864 1.882 : 3.250 1.518 1.030 2.196 1.953 0.445 : 0.000 : 94.885 : 774 1804 32 0 : 2267 : 4608 4424 : 163.677234 : 9 Next_heuristic_check_may_be_too_late ]
[163.681s][info][safepoint] Application time: 0.2469958 seconds
[163.681s][info][safepoint] Total time for which application threads were stopped: 0.0004008 seconds, Stopping threads took: 0.0000171 seconds
[163.682s][info][gc       ] [SPS 0.000 0.003 0.004 0.008 0.017 0.001 0.000 0.331 0.043 0.401 NewGC_pause1 163.680792 ]
[163.727s][info][safepoint] Application time: 0.0463153 seconds
[163.728s][info][safepoint] Total time for which application threads were stopped: 0.0002026 seconds, Stopping threads took: 0.0000005 seconds
[163.728s][info][gc       ] [SPS 0.000 0.001 0.000 0.007 0.000 0.001 0.000 0.169 0.025 0.203 NewGC_pause2 163.727310 ]
[163.730s][info][safepoint] Application time: 0.0023503 seconds
[163.730s][info][safepoint] Total time for which application threads were stopped: 0.0002204 seconds, Stopping threads took: 0.0000007 seconds
[163.731s][info][gc       ] [SPS 0.000 0.000 0.000 0.024 0.001 0.001 0.000 0.156 0.038 0.221 NewGC_pause3 163.729881 ]
[163.732s][info][safepoint] Application time: 0.0017615 seconds
[163.732s][info][safepoint] Total time for which application threads were stopped: 0.0002080 seconds, Stopping threads took: 0.0000005 seconds
[163.733s][info][gc       ] [SPS 0.000 0.003 0.002 0.007 0.000 0.001 0.000 0.175 0.025 0.208 NewGC_pause4 163.731851 ]
[163.733s][info][gc       ] [GC New Max 446-421 : 5120 2936 2162 5120 - - 1056 56 2 2 - : 142 1804 32 184 916 : 136 4 779 779 0 : 0 1 68 0 71 - 0 : 0.243949 2590.7 0.0 0.054825 2626.5 0.0 : 8 --c 0000 : 23 0 0.000 0.000 0 0.000 0.000 0 0.000 0.000 : 163.677864 163.680391 0.000311 163.727107 0.000132 163.729660 0.000142 163.731642 0.000134 : 163.732689 ]
[163.733s][info][gc       ] [SYSINFO 7581 191 89 0 7047 0 20 0 0 5745 : - - - - - - - - : 0 7168 : 2.63 1.46 1.52 : 278178 4215736 : 0 0 : 37 0 : 1547 2 0 259 : - 7676362752 333475840 1443495936 5939011584 199643136 93806592 : 140688591 5303190 150570 0 0 0 : 163.732972 ]
[163.733s][info][gc       ] [HUGEPAGESTAT 0 0 0 - 20840 0 0 : 610304 0 0 : 163.732972 ]
[163.733s][info][gc       ] [OBJCREAT 372329908 25638 19329024 : 163.733023 ]
[163.733s][info][gc       ] [HMSV All : 0 0 110 0 0 0 0 0 : 5062 0 0 0 : 163.733041 ]
[163.733s][info][gc       ] [HMSP 9 : 41100 0 : 163.733041 ]
[163.734s][info][gc       ] [VMAC 65530 166 24 430 620 : 163.733560 ]
[163.956s][info][gc       ] [GPGC-H  2940.9 559.2 0.0 0.0 : 4.4 : 0.485 1.302 : 0.847 1.708 0.864 1.882 : 3.240 1.518 1.030 2.196 1.953 0.445 : 0.000 : 94.621 : 752 1804 32 0 : 2267 : 4608 4424 : 163.956021 : 9 Next_heuristic_check_may_be_too_late ]
[163.959s][info][safepoint] Application time: 0.2271122 seconds
[163.960s][info][safepoint] Total time for which application threads were stopped: 0.0005240 seconds, Stopping threads took: 0.0000008 seconds
[163.960s][info][gc       ] [SPS 0.000 0.004 0.004 0.012 0.001 0.002 0.001 0.444 0.065 0.524 NewGC_pause1 163.959487 ]
[164.004s][info][safepoint] Application time: 0.0441629 seconds
[164.004s][info][safepoint] Total time for which application threads were stopped: 0.0001678 seconds, Stopping threads took: 0.0000005 seconds
[164.005s][info][gc       ] [SPS 0.000 0.001 0.000 0.008 0.001 0.001 0.000 0.133 0.025 0.168 NewGC_pause2 164.003818 ]
[164.006s][info][safepoint] Application time: 0.0022746 seconds
[164.006s][info][safepoint] Total time for which application threads were stopped: 0.0001686 seconds, Stopping threads took: 0.0000005 seconds
[164.007s][info][gc       ] [SPS 0.000 0.000 0.000 0.009 0.000 0.001 0.000 0.134 0.024 0.169 NewGC_pause3 164.006261 ]
[164.008s][info][safepoint] Application time: 0.0016514 seconds
[164.009s][info][safepoint] Total time for which application threads were stopped: 0.0001851 seconds, Stopping threads took: 0.0000005 seconds
[164.009s][info][gc       ] [GC New Max 447-422 : 5120 2878 2124 5120 - - 1056 56 2 2 - : 104 1804 32 184 858 : 100 4 758 758 0 : 0 1 50 0 52 - 0 : 0.224031 2731.8 0.0 0.051852 2082.9 0.0 : 8 --c 0000 : 23 0 0.000 0.000 0 0.000 0.000 0 0.000 0.000 : 163.956719 163.958963 0.000399 164.003650 0.000074 164.006093 0.000083 164.007913 0.000110 : 164.008571 ]
[164.009s][info][gc       ] [SYSINFO 7581 191 89 0 7047 0 20 0 0 5745 : - - - - - - - - : 0 7168 : 2.63 1.46 1.52 : 278178 4215736 : 0 0 : 37 0 : 1547 2 0 259 : - 7676362752 333475840 1443495936 5939011584 199643136 93806592 : 140688591 5303740 150580 0 0 0 : 164.008865 ]
[164.009s][info][gc       ] [HUGEPAGESTAT 0 0 0 - 20840 0 0 : 610304 0 0 : 164.008865 ]
[164.009s][info][gc       ] [OBJCREAT 373042000 25638 19329024 : 164.008931 ]
[164.009s][info][gc       ] [HMSV All : 0 0 110 0 0 0 0 0 : 5062 0 0 0 : 164.008949 ]
[164.009s][info][gc       ] [HMSP 9 : 41100 0 : 164.008949 ]
[164.009s][info][gc       ] [SPS 0.000 0.003 0.002 0.007 0.001 0.001 0.000 0.150 0.027 0.185 NewGC_pause4 164.008098 ]
[164.010s][info][gc       ] [VMAC 65530 166 24 430 620 : 164.009519 ]
[164.252s][info][gc       ] [GPGC-H  2940.9 559.2 0.0 0.0 : 4.4 : 0.483 1.302 : 0.847 1.708 0.864 1.882 : 3.230 1.518 1.030 2.196 1.953 0.445 : 0.000 : 94.380 : 782 1804 32 0 : 2267 : 4608 4424 : 164.251646 : 9 Next_heuristic_check_may_be_too_late ]
[164.255s][info][safepoint] Application time: 0.2462052 seconds
[164.255s][info][safepoint] Total time for which application threads were stopped: 0.0002682 seconds, Stopping threads took: 0.0000005 seconds
[164.256s][info][gc       ] [SPS 0.000 0.003 0.002 0.021 0.001 0.001 0.000 0.219 0.025 0.267 NewGC_pause1 164.254572 ]
[164.300s][info][safepoint] Application time: 0.0453292 seconds
[164.301s][info][safepoint] Total time for which application threads were stopped: 0.0002145 seconds, Stopping threads took: 0.0000005 seconds
[164.301s][info][gc       ] [SPS 0.000 0.001 0.000 0.008 0.000 0.001 0.000 0.169 0.036 0.215 NewGC_pause2 164.300116 ]
[164.303s][info][safepoint] Application time: 0.0027675 seconds
[164.303s][info][safepoint] Total time for which application threads were stopped: 0.0001425 seconds, Stopping threads took: 0.0000005 seconds
[164.304s][info][gc       ] [SPS 0.000 0.000 0.000 0.007 0.000 0.001 0.000 0.101 0.033 0.143 NewGC_pause3 164.303026 ]
[164.305s][info][safepoint] Application time: 0.0013388 seconds
[164.305s][info][safepoint] Total time for which application threads were stopped: 0.0001559 seconds, Stopping threads took: 0.0000004 seconds
[164.305s][info][gc       ] [SPS 0.000 0.003 0.002 0.007 0.000 0.001 0.000 0.119 0.028 0.156 NewGC_pause4 164.304521 ]
[164.305s][info][gc       ] [GC New Max 448-423 : 5120 2940 2160 5120 - - 1056 56 2 2 - : 140 1804 32 184 920 : 134 4 785 785 0 : 0 1 67 0 70 - 0 : 0.243625 2791.2 0.0 0.052838 2649.6 0.0 : 8 --c 0000 : 23 0 0.000 0.000 0 0.000 0.000 0 0.000 0.000 : 164.252196 164.254305 0.000144 164.299901 0.000132 164.302883 0.000066 164.304365 0.000068 : 164.305034 ]
[164.305s][info][gc       ] [SYSINFO 7581 191 89 0 7047 0 20 0 0 5745 : - - - - - - - - : 0 7168 : 2.63 1.46 1.52 : 278178 4215736 : 0 0 : 37 0 : 1547 2 0 259 : - 7676362752 333475840 1443495936 5939011584 199643136 93806592 : 140688591 5304360 150580 0 0 0 : 164.305265 ]
[164.305s][info][gc       ] [HUGEPAGESTAT 0 0 0 - 20840 0 0 : 610304 0 0 : 164.305265 ]
[164.305s][info][gc       ] [OBJCREAT 373854540 25638 19329024 : 164.305312 ]
[164.305s][info][gc       ] [HMSV All : 0 0 110 0 0 0 0 0 : 5062 0 0 0 : 164.305332 ]
[164.305s][info][gc       ] [HMSP 9 : 41100 0 : 164.305332 ]
[164.306s][info][gc       ] [VMAC 65530 166 24 430 620 : 164.305874 ]
[164.529s][info][gc       ] [GPGC-H  2940.9 559.2 0.0 0.0 : 4.4 : 0.482 1.302 : 0.847 1.708 0.864 1.882 : 3.220 1.518 1.030 2.196 1.953 0.445 : 0.000 : 94.118 : 812 1804 32 0 : 2267 : 4608 4424 : 164.529044 : 9 Next_heuristic_check_may_be_too_late ]
[164.532s][info][safepoint] Application time: 0.2276026 seconds
[164.533s][info][safepoint] Total time for which application threads were stopped: 0.0001861 seconds, Stopping threads took: 0.0000005 seconds
[164.534s][info][gc       ] [SPS 0.000 0.003 0.003 0.007 0.001 0.001 0.000 0.148 0.028 0.186 NewGC_pause1 164.532309 ]
[164.579s][info][safepoint] Application time: 0.0462995 seconds
[164.580s][info][safepoint] Total time for which application threads were stopped: 0.0001901 seconds, Stopping threads took: 0.0000005 seconds
[164.580s][info][gc       ] [SPS 0.000 0.001 0.000 0.007 0.000 0.001 0.000 0.157 0.024 0.191 NewGC_pause2 164.578799 ]
[164.582s][info][safepoint] Application time: 0.0027286 seconds
[164.582s][info][safepoint] Total time for which application threads were stopped: 0.0001979 seconds, Stopping threads took: 0.0000005 seconds
[164.583s][info][gc       ] [SPS 0.000 0.000 0.000 0.008 0.001 0.001 0.000 0.164 0.025 0.198 NewGC_pause3 164.581726 ]
[164.584s][info][safepoint] Application time: 0.0019369 seconds
[164.584s][info][safepoint] Total time for which application threads were stopped: 0.0002008 seconds, Stopping threads took: 0.0000005 seconds
[164.585s][info][gc       ] [SPS 0.000 0.003 0.002 0.008 0.001 0.001 0.000 0.166 0.025 0.201 NewGC_pause4 164.583864 ]
[164.585s][info][gc       ] [GC New Max 449-424 : 5120 2974 2160 5120 - - 1056 56 2 2 - : 140 1804 32 184 954 : 134 4 818 818 0 : 0 1 67 0 70 - 0 : 0.224597 3000.9 0.0 0.055135 2611.8 0.0 : 8 --c 0000 : 23 0 0.000 0.000 0 0.000 0.000 0 0.000 0.000 : 164.529631 164.532123 0.000109 164.578609 0.000109 164.581528 0.000130 164.583663 0.000123 : 164.584766 ]
[164.585s][info][gc       ] [SYSINFO 7581 191 89 0 7047 0 20 0 0 5745 : - - - - - - - - : 0 7168 : 2.50 1.46 1.52 : 278178 4215736 : 0 0 : 37 0 : 1547 2 0 259 : - 7676362752 333475840 1443495936 5939011584 199643136 93806592 : 140688591 5304930 150580 0 0 0 : 164.585024 ]
[164.585s][info][gc       ] [HUGEPAGESTAT 0 0 0 - 20840 0 0 : 610304 0 0 : 164.585024 ]
[164.585s][info][gc       ] [OBJCREAT 374663409 25638 19329024 : 164.585092 ]
[164.585s][info][gc       ] [HMSV All : 0 0 110 0 0 0 0 0 : 5062 0 0 0 : 164.585113 ]
[164.585s][info][gc       ] [HMSP 9 : 41100 0 : 164.585113 ]
[164.586s][info][gc       ] [VMAC 65530 166 24 430 620 : 164.585795 ]
[164.869s][info][gc       ] [GPGC-H  2940.9 559.2 0.0 0.0 : 4.4 : 0.480 1.302 : 0.847 1.708 0.864 1.882 : 3.210 1.518 1.030 2.196 1.953 0.445 : 0.000 : 93.878 : 778 1804 32 0 : 2267 : 4608 4424 : 164.868727 : 9 Next_heuristic_check_may_be_too_late ]
[164.872s][info][safepoint] Application time: 0.2876182 seconds
[164.873s][info][safepoint] Total time for which application threads were stopped: 0.0003358 seconds, Stopping threads took: 0.0000005 seconds
[164.873s][info][gc       ] [SPS 0.000 0.029 0.003 0.007 0.000 0.001 0.000 0.300 0.027 0.336 NewGC_pause1 164.871818 ]
[164.917s][info][safepoint] Application time: 0.0451248 seconds
[164.918s][info][safepoint] Total time for which application threads were stopped: 0.0001453 seconds, Stopping threads took: 0.0000005 seconds
[164.918s][info][gc       ] [SPS 0.000 0.001 0.000 0.007 0.000 0.001 0.000 0.112 0.025 0.145 NewGC_pause2 164.917088 ]
[164.920s][info][safepoint] Application time: 0.0029689 seconds
[164.921s][info][safepoint] Total time for which application threads were stopped: 0.0001833 seconds, Stopping threads took: 0.0000005 seconds
[164.921s][info][gc       ] [SPS 0.000 0.000 0.000 0.007 0.000 0.001 0.000 0.150 0.024 0.183 NewGC_pause3 164.920240 ]
[164.922s][info][safepoint] Application time: 0.0015806 seconds
[164.922s][info][safepoint] Total time for which application threads were stopped: 0.0001953 seconds, Stopping threads took: 0.0000005 seconds
[164.923s][info][gc       ] [SPS 0.000 0.003 0.002 0.007 0.000 0.001 0.000 0.162 0.025 0.195 NewGC_pause4 164.922016 ]
[164.923s][info][gc       ] [GC New Max 450-425 : 5120 2908 2130 5120 - - 1056 56 2 2 - : 110 1804 32 184 888 : 104 4 782 782 0 : 0 1 52 0 55 - 0 : 0.284394 2250.4 0.0 0.053449 2095.5 0.0 : 8 --c 0000 : 23 0 0.000 0.000 0 0.000 0.000 0 0.000 0.000 : 164.869160 164.871482 0.000264 164.916943 0.000114 164.920057 0.000106 164.921821 0.000124 : 164.922609 ]
[164.923s][info][gc       ] [SYSINFO 7581 191 89 0 7047 0 20 0 0 5745 : - - - - - - - - : 0 7168 : 2.50 1.46 1.52 : 278178 4215736 : 0 0 : 37 0 : 1547 2 0 259 : - 7676362752 333475840 1443495936 5939011584 199643136 93806592 : 140688591 5305580 150580 0 0 0 : 164.922957 ]
[164.923s][info][gc       ] [HUGEPAGESTAT 0 0 0 - 20840 0 0 : 610304 0 0 : 164.922957 ]
[164.923s][info][gc       ] [OBJCREAT 375407302 25638 19329024 : 164.923021 ]
[164.923s][info][gc       ] [HMSV All : 0 0 110 0 0 0 0 0 : 5062 0 0 0 : 164.923038 ]
[164.923s][info][gc       ] [HMSP 9 : 41100 0 : 164.923038 ]
[164.924s][info][gc       ] [VMAC 65530 166 24 430 620 : 164.923603 ]
[165.207s][info][gc       ] [GPGC-H  2940.9 546.4 0.0 0.0 : 4.3 : 0.479 1.302 : 0.847 1.708 0.864 1.882 : 3.199 1.518 1.030 2.196 1.953 0.445 : 0.000 : 93.574 : 758 1804 32 0 : 2267 : 4608 4424 : 165.206965 : 9 Next_heuristic_check_may_be_too_late ]
[165.211s][info][safepoint] Application time: 0.2881583 seconds
[165.211s][info][safepoint] Total time for which application threads were stopped: 0.0003779 seconds, Stopping threads took: 0.0000006 seconds
[165.212s][info][gc       ] [SPS 0.000 0.004 0.006 0.010 0.001 0.001 0.001 0.315 0.042 0.369 NewGC_pause1 165.210553 ]
[165.256s][info][safepoint] Application time: 0.0450578 seconds
[165.256s][info][safepoint] Total time for which application threads were stopped: 0.0001972 seconds, Stopping threads took: 0.0000005 seconds
[165.257s][info][gc       ] [SPS 0.000 0.001 0.000 0.007 0.001 0.001 0.000 0.164 0.024 0.197 NewGC_pause2 165.255808 ]
[165.259s][info][safepoint] Application time: 0.0028661 seconds
[165.259s][info][safepoint] Total time for which application threads were stopped: 0.0001920 seconds, Stopping threads took: 0.0000005 seconds
[165.260s][info][gc       ] [SPS 0.000 0.000 0.000 0.007 0.000 0.001 0.000 0.157 0.026 0.192 NewGC_pause3 165.258866 ]
[165.261s][info][safepoint] Application time: 0.0017169 seconds
[165.261s][info][safepoint] Total time for which application threads were stopped: 0.0001254 seconds, Stopping threads took: 0.0000005 seconds
[165.261s][info][gc       ] [SPS 0.000 0.003 0.002 0.007 0.000 0.001 0.000 0.101 0.016 0.125 NewGC_pause4 165.260709 ]
[165.262s][info][gc       ] [GC New Max 451-426 : 5120 2886 2128 5120 - - 1056 56 2 2 - : 108 1804 32 184 866 : 104 4 760 760 0 : 0 1 52 0 54 - 0 : 0.285073 2273.1 0.0 0.053642 2050.6 0.0 : 8 --c 0000 : 23 0 0.000 0.000 0 0.000 0.000 0 0.000 0.000 : 165.207682 165.210184 0.000276 165.255611 0.000111 165.258674 0.000119 165.260583 0.000106 : 165.261324 ]
[165.262s][info][gc       ] [SYSINFO 7581 191 89 0 7047 0 20 0 0 5745 : - - - - - - - - : 0 7168 : 2.50 1.46 1.52 : 278178 4215736 : 0 0 : 37 0 : 1547 4 0 259 : - 7676362752 333475840 1443495936 5939011584 199643136 93806592 : 140688591 5306220 150620 0 0 0 : 165.261643 ]
[165.262s][info][gc       ] [HUGEPAGESTAT 0 0 0 - 20840 0 0 : 610304 0 0 : 165.261643 ]
[165.262s][info][gc       ] [OBJCREAT 376158801 25638 19329024 : 165.261751 ]
[165.262s][info][gc       ] [HMSV All : 0 0 110 0 0 0 0 0 : 5062 0 0 0 : 165.261768 ]
[165.262s][info][gc       ] [HMSP 9 : 41100 0 : 165.261768 ]
[165.262s][info][gc       ] [VMAC 65530 166 24 430 620 : 165.262372 ]
[165.505s][info][gc       ] [GPGC-H  2940.9 546.4 0.0 0.0 : 4.3 : 0.477 1.302 : 0.847 1.708 0.864 1.882 : 3.187 1.518 1.030 2.196 1.953 0.445 : 0.000 : 93.270 : 728 1804 32 0 : 2267 : 4608 4424 : 165.505204 : 9 Next_heuristic_check_may_be_too_late ]
[165.508s][info][safepoint] Application time: 0.2473874 seconds
[165.509s][info][safepoint] Total time for which application threads were stopped: 0.0002332 seconds, Stopping threads took: 0.0000005 seconds
[165.509s][info][gc       ] [SPS 0.000 0.003 0.002 0.007 0.001 0.001 0.000 0.206 0.019 0.233 NewGC_pause1 165.508330 ]
[165.554s][info][safepoint] Application time: 0.0451052 seconds
[165.554s][info][safepoint] Total time for which application threads were stopped: 0.0001679 seconds, Stopping threads took: 0.0000005 seconds
[165.555s][info][gc       ] [SPS 0.000 0.001 0.000 0.008 0.000 0.001 0.000 0.133 0.026 0.168 NewGC_pause2 165.553603 ]
[165.556s][info][safepoint] Application time: 0.0023803 seconds
[165.556s][info][safepoint] Total time for which application threads were stopped: 0.0000826 seconds, Stopping threads took: 0.0000005 seconds
[165.557s][info][gc       ] [SPS 0.000 0.001 0.000 0.007 0.000 0.001 0.000 0.054 0.020 0.083 NewGC_pause3 165.556066 ]
[165.558s][info][safepoint] Application time: 0.0015308 seconds
[165.558s][info][safepoint] Total time for which application threads were stopped: 0.0002240 seconds, Stopping threads took: 0.0000005 seconds
[165.559s][info][gc       ] [SPS 0.000 0.016 0.012 0.007 0.000 0.001 0.000 0.188 0.027 0.224 NewGC_pause4 165.557821 ]
[165.559s][info][gc       ] [GC New Max 452-427 : 5120 2860 2130 5120 - - 1056 56 2 2 - : 110 1804 32 184 840 : 106 4 732 732 0 : 0 1 53 0 55 - 0 : 0.244270 2546.4 0.0 0.052853 2119.1 0.0 : 8 --c 0000 : 23 0 0.000 0.000 0 0.000 0.000 0 0.000 0.000 : 165.505593 165.508096 0.000206 165.553435 0.000139 165.555983 0.000050 165.557596 0.000105 : 165.558447 ]
[165.559s][info][gc       ] [SYSINFO 7581 191 89 0 7047 0 20 0 0 5745 : - - - - - - - - : 0 7168 : 2.50 1.46 1.52 : 278178 4215736 : 0 0 : 37 0 : 1547 3 0 259 : - 7676362752 333475840 1443495936 5939011584 199643136 93806592 : 140688591 5306810 150630 0 0 0 : 165.558815 ]
[165.559s][info][gc       ] [HUGEPAGESTAT 0 0 0 - 20840 0 0 : 610304 0 0 : 165.558815 ]
[165.559s][info][gc       ] [OBJCREAT 376885024 25638 19329024 : 165.558911 ]
[165.559s][info][gc       ] [HMSV All : 0 0 110 0 0 0 0 0 : 5062 0 0 0 : 165.558930 ]
[165.559s][info][gc       ] [HMSP 9 : 41100 0 : 165.558930 ]
[165.560s][info][gc       ] [VMAC 65530 166 24 430 620 : 165.559639 ]
[165.782s][info][gc       ] [GPGC-H  2929.6 546.4 0.0 0.0 : 4.3 : 0.476 1.302 : 0.847 1.708 0.864 1.882 : 3.177 1.518 1.030 2.196 1.953 0.445 : 0.000 : 93.012 : 734 1804 32 0 : 2267 : 4608 4424 : 165.782176 : 9 Next_heuristic_check_may_be_too_late ]
[165.785s][info][safepoint] Application time: 0.2272983 seconds
[165.786s][info][safepoint] Total time for which application threads were stopped: 0.0003216 seconds, Stopping threads took: 0.0000005 seconds
[165.787s][info][gc       ] [SPS 0.000 0.003 0.003 0.008 0.001 0.001 0.000 0.274 0.038 0.322 NewGC_pause1 165.785441 ]
[165.830s][info][safepoint] Application time: 0.0445903 seconds
[165.831s][info][safepoint] Total time for which application threads were stopped: 0.0001778 seconds, Stopping threads took: 0.0000007 seconds
[165.832s][info][gc       ] [SPSH lock suspend gclocker notify wait resuspend cleanup op_time wakeup total(ms) op_name end(s) ]
[165.832s][info][gc       ] [SPS 0.000 0.001 0.000 0.010 0.001 0.001 0.001 0.140 0.025 0.178 NewGC_pause2 165.830209 ]
[165.833s][info][safepoint] Application time: 0.0029775 seconds
[165.834s][info][safepoint] Total time for which application threads were stopped: 0.0001795 seconds, Stopping threads took: 0.0000005 seconds
[165.834s][info][gc       ] [SPS 0.000 0.000 0.000 0.007 0.000 0.001 0.000 0.146 0.025 0.180 NewGC_pause3 165.833366 ]
[165.835s][info][safepoint] Application time: 0.0014929 seconds
[165.836s][info][safepoint] Total time for which application threads were stopped: 0.0002593 seconds, Stopping threads took: 0.0000005 seconds
[165.836s][info][gc       ] [SPS 0.000 0.002 0.002 0.007 0.000 0.001 0.000 0.187 0.064 0.259 NewGC_pause4 165.835118 ]
[165.836s][info][gc       ] [GC New Max 453-428 : 5120 2870 2136 5120 - - 1056 56 2 2 - : 116 1804 32 184 850 : 110 4 739 739 0 : 0 1 55 0 58 - 0 : 0.224361 2781.2 0.0 0.052766 2274.2 0.0 : 8 --c 0000 : 23 0 0.000 0.000 0 0.000 0.000 0 0.000 0.000 : 165.782807 165.785119 0.000269 165.830031 0.000073 165.833186 0.000107 165.834859 0.000124 : 165.835574 ]
[165.836s][info][gc       ] [SYSINFO 7581 191 89 0 7047 0 20 0 0 5745 : - - - - - - - - : 0 7168 : 2.50 1.46 1.52 : 278178 4215736 : 0 0 : 37 0 : 1547 2 0 259 : - 7676362752 333475840 1443495936 5939011584 199643136 93806592 : 140688591 5307410 150660 0 0 0 : 165.835956 ]
[165.836s][info][gc       ] [HUGEPAGESTAT 0 0 0 - 20840 0 0 : 610304 0 0 : 165.835956 ]
[165.836s][info][gc       ] [OBJCREAT 377619743 25638 19329024 : 165.836041 ]
[165.836s][info][gc       ] [HMSV All : 0 0 110 0 0 0 0 0 : 5062 0 0 0 : 165.836065 ]
[165.836s][info][gc       ] [HMSP 9 : 41100 0 : 165.836065 ]
[165.837s][info][gc       ] [VMAC 65530 166 24 430 620 : 165.836581 ]
[166.080s][info][gc       ] [GPGC-H  2929.6 546.4 0.0 0.0 : 4.3 : 0.474 1.302 : 0.847 1.708 0.864 1.882 : 3.168 1.518 1.030 2.196 1.953 0.445 : 0.000 : 92.775 : 774 1804 32 0 : 2267 : 4608 4424 : 166.079863 : 9 Next_heuristic_check_may_be_too_late ]
[166.084s][info][safepoint] Application time: 0.2487316 seconds
[166.085s][info][safepoint] Total time for which application threads were stopped: 0.0002694 seconds, Stopping threads took: 0.0000006 seconds
[166.085s][info][gc       ] [SPS 0.000 0.003 0.004 0.007 0.001 0.001 0.000 0.240 0.021 0.270 NewGC_pause1 166.084120 ]
[166.130s][info][safepoint] Application time: 0.0452961 seconds
[166.130s][info][safepoint] Total time for which application threads were stopped: 0.0001949 seconds, Stopping threads took: 0.0000005 seconds
[166.131s][info][gc       ] [SPS 0.000 0.001 0.000 0.007 0.000 0.001 0.000 0.161 0.025 0.195 NewGC_pause2 166.129611 ]
[166.132s][info][safepoint] Application time: 0.0027047 seconds
[166.133s][info][safepoint] Total time for which application threads were stopped: 0.0001593 seconds, Stopping threads took: 0.0000005 seconds
[166.133s][info][gc       ] [SPS 0.000 0.000 0.000 0.007 0.001 0.001 0.000 0.125 0.025 0.159 NewGC_pause3 166.132475 ]
[166.134s][info][safepoint] Application time: 0.0014640 seconds
[166.134s][info][safepoint] Total time for which application threads were stopped: 0.0001478 seconds, Stopping threads took: 0.0000005 seconds
[166.135s][info][gc       ] [SPS 0.000 0.003 0.002 0.007 0.001 0.001 0.000 0.112 0.027 0.148 NewGC_pause4 166.134087 ]
[166.135s][info][gc       ] [GC New Max 454-429 : 5120 2942 2162 5120 - - 1056 56 2 2 - : 142 1804 32 184 922 : 138 4 783 783 0 : 0 1 69 0 71 - 0 : 0.244773 2696.4 0.0 0.054190 2731.1 0.0 : 8 --c 0000 : 23 0 0.000 0.000 0 0.000 0.000 0 0.000 0.000 : 166.080347 166.083850 0.000234 166.129416 0.000117 166.132315 0.000086 166.133939 0.000062 : 166.134537 ]
[166.135s][info][gc       ] [SYSINFO 7581 191 89 0 7047 0 20 0 0 5745 : - - - - - - - - : 0 7168 : 2.50 1.46 1.52 : 278178 4215736 : 0 0 : 37 0 : 1547 3 0 259 : - 7676362752 333475840 1443495936 5939011584 199643136 93806592 : 140688591 5308030 150670 0 0 0 : 166.134798 ]
[166.135s][info][gc       ] [HUGEPAGESTAT 0 0 0 - 20840 0 0 : 610304 0 0 : 166.134798 ]
[166.135s][info][gc       ] [OBJCREAT 378421673 25638 19329024 : 166.134866 ]
[166.135s][info][gc       ] [HMSV All : 0 0 110 0 0 0 0 0 : 5062 0 0 0 : 166.134883 ]
[166.135s][info][gc       ] [HMSP 9 : 41100 0 : 166.134883 ]
[166.135s][info][gc       ] [VMAC 65530 166 24 430 620 : 166.135481 ]
[166.358s][info][gc       ] [GPGC-H  2929.6 546.4 0.0 0.0 : 4.3 : 0.473 1.302 : 0.847 1.708 0.864 1.882 : 3.158 1.518 1.030 2.196 1.953 0.445 : 0.000 : 92.518 : 784 1804 32 0 : 2267 : 4608 4424 : 166.358343 : 9 Next_heuristic_check_may_be_too_late ]
[166.362s][info][safepoint] Application time: 0.2272067 seconds
[166.362s][info][safepoint] Total time for which application threads were stopped: 0.0003787 seconds, Stopping threads took: 0.0000005 seconds
[166.363s][info][gc       ] [SPS 0.000 0.003 0.004 0.008 0.000 0.001 0.000 0.343 0.026 0.379 NewGC_pause1 166.361673 ]
[166.407s][info][safepoint] Application time: 0.0447672 seconds
[166.407s][info][safepoint] Total time for which application threads were stopped: 0.0001834 seconds, Stopping threads took: 0.0000006 seconds
[166.408s][info][gc       ] [SPS 0.000 0.001 0.000 0.017 0.001 0.001 0.000 0.140 0.024 0.184 NewGC_pause2 166.406623 ]
[166.409s][info][safepoint] Application time: 0.0024568 seconds
[166.410s][info][safepoint] Total time for which application threads were stopped: 0.0002518 seconds, Stopping threads took: 0.0000005 seconds
[166.410s][info][gc       ] [SPS 0.000 0.000 0.000 0.009 0.001 0.001 0.000 0.215 0.026 0.252 NewGC_pause3 166.409332 ]
[166.411s][info][safepoint] Application time: 0.0014049 seconds
[166.411s][info][safepoint] Total time for which application threads were stopped: 0.0001711 seconds, Stopping threads took: 0.0000005 seconds
[166.411s][info][gc       ] [SPS 0.000 0.002 0.002 0.007 0.000 0.001 0.000 0.137 0.026 0.171 NewGC_pause4 166.410908 ]
[166.412s][info][gc       ] [GC New Max 455-430 : 5120 2912 2126 5120 - - 1056 56 2 2 - : 106 1804 32 184 892 : 102 4 789 789 0 : 0 1 51 0 53 - 0 : 0.224243 2863.0 0.0 0.052651 2089.2 0.0 : 8 --c 0000 : 23 0 0.000 0.000 0 0.000 0.000 0 0.000 0.000 : 166.358780 166.361294 0.000291 166.406440 0.000117 166.409080 0.000169 166.410737 0.000105 : 166.411431 ]
[166.412s][info][gc       ] [SYSINFO 7581 191 89 0 7047 0 20 0 0 5745 : - - - - - - - - : 0 7168 : 2.50 1.46 1.52 : 278178 4215736 : 0 0 : 37 0 : 1547 2 0 259 : - 7676362752 333475840 1443495936 5939011584 199643136 93806592 : 140688591 5308600 150700 0 0 0 : 166.411700 ]
[166.412s][info][gc       ] [HUGEPAGESTAT 0 0 0 - 20840 0 0 : 610304 0 0 : 166.411700 ]
[166.412s][info][gc       ] [OBJCREAT 379166742 25638 19329024 : 166.411765 ]
[166.412s][info][gc       ] [HMSV All : 0 0 110 0 0 0 0 0 : 5062 0 0 0 : 166.411785 ]
[166.412s][info][gc       ] [HMSP 9 : 41100 0 : 166.411785 ]
[166.412s][info][gc       ] [VMAC 65530 166 24 430 620 : 166.412273 ]
[166.635s][info][gc       ] [GPGC-H  2929.6 546.4 0.0 0.0 : 4.3 : 0.471 1.302 : 0.847 1.708 0.864 1.882 : 3.149 1.518 1.030 2.196 1.953 0.445 : 0.000 : 92.283 : 780 1804 32 0 : 2267 : 4608 4424 : 166.635009 : 9 Next_heuristic_check_may_be_too_late ]
[166.638s][info][safepoint] Application time: 0.2266662 seconds
[166.638s][info][safepoint] Total time for which application threads were stopped: 0.0004484 seconds, Stopping threads took: 0.0000005 seconds
[166.639s][info][gc       ] [SPS 0.000 0.003 0.004 0.008 0.001 0.001 0.000 0.375 0.064 0.448 NewGC_pause1 166.638023 ]
[166.686s][info][safepoint] Application time: 0.0474024 seconds
[166.686s][info][safepoint] Total time for which application threads were stopped: 0.0001929 seconds, Stopping threads took: 0.0000006 seconds
[166.687s][info][gc       ] [SPS 0.000 0.001 0.000 0.009 0.001 0.001 0.000 0.143 0.040 0.193 NewGC_pause2 166.685619 ]
[166.688s][info][safepoint] Application time: 0.0025603 seconds
[166.689s][info][safepoint] Total time for which application threads were stopped: 0.0001696 seconds, Stopping threads took: 0.0000005 seconds
[166.689s][info][gc       ] [SPS 0.000 0.000 0.000 0.007 0.000 0.001 0.000 0.136 0.025 0.170 NewGC_pause3 166.688348 ]
[166.690s][info][safepoint] Application time: 0.0018516 seconds
[166.691s][info][safepoint] Total time for which application threads were stopped: 0.0002376 seconds, Stopping threads took: 0.0000005 seconds
[166.691s][info][gc       ] [SPS 0.000 0.004 0.048 0.009 0.001 0.009 0.000 0.180 0.039 0.238 NewGC_pause4 166.690438 ]
[166.691s][info][gc       ] [GC New Max 456-431 : 5120 2946 2164 5120 - - 1056 56 2 2 - : 144 1804 32 184 926 : 140 4 786 786 0 : 0 1 70 0 72 - 0 : 0.224161 3015.7 0.0 0.055328 2675.0 0.0 : 8 --c 0000 : 23 0 0.000 0.000 0 0.000 0.000 0 0.000 0.000 : 166.635592 166.637575 0.000300 166.685426 0.000069 166.688179 0.000101 166.690200 0.000150 : 166.690920 ]
[166.691s][info][gc       ] [SYSINFO 7581 191 89 0 7047 0 20 0 0 5745 : - - - - - - - - : 0 7168 : 2.50 1.46 1.52 : 278178 4215760 : 0 0 : 37 0 : 1547 3 0 259 : - 7676362752 333475840 1443495936 5939011584 199643136 93806592 : 140688591 5309170 150720 0 0 0 : 166.691294 ]
[166.691s][info][gc       ] [HUGEPAGESTAT 0 0 0 - 20840 0 0 : 610304 0 0 : 166.691294 ]
[166.691s][info][gc       ] [OBJCREAT 379979601 25638 19329024 : 166.691342 ]
[166.691s][info][gc       ] [HMSV All : 0 0 110 0 0 0 0 0 : 5062 0 0 0 : 166.691361 ]
[166.691s][info][gc       ] [HMSP 9 : 41100 0 : 166.691361 ]
[166.692s][info][gc       ] [VMAC 65530 166 24 430 620 : 166.692013 ]
[166.915s][info][gc       ] [GPGC-H  2929.6 546.4 0.0 0.0 : 4.3 : 0.470 1.302 : 0.847 1.708 0.864 1.882 : 3.140 1.518 1.030 2.196 1.953 0.445 : 0.000 : 92.049 : 812 1804 32 0 : 2267 : 4608 4424 : 166.914675 : 9 Next_heuristic_check_may_be_too_late ]
[166.918s][info][safepoint] Application time: 0.2274113 seconds
[166.919s][info][safepoint] Total time for which application threads were stopped: 0.0003030 seconds, Stopping threads took: 0.0000006 seconds
[166.919s][info][gc       ] [SPS 0.000 0.005 0.006 0.010 0.001 0.001 0.001 0.247 0.043 0.303 NewGC_pause1 166.918152 ]
[166.963s][info][safepoint] Application time: 0.0441998 seconds
[166.963s][info][safepoint] Total time for which application threads were stopped: 0.0002132 seconds, Stopping threads took: 0.0000006 seconds
[166.964s][info][gc       ] [SPS 0.000 0.002 0.000 0.008 0.001 0.001 0.000 0.176 0.028 0.213 NewGC_pause2 166.962566 ]
[166.966s][info][safepoint] Application time: 0.0029556 seconds
[166.966s][info][safepoint] Total time for which application threads were stopped: 0.0002067 seconds, Stopping threads took: 0.0000006 seconds
[166.967s][info][gc       ] [SPS 0.000 0.001 0.000 0.009 0.001 0.001 0.000 0.162 0.033 0.207 NewGC_pause3 166.965728 ]
[166.968s][info][safepoint] Application time: 0.0018018 seconds
[166.968s][info][safepoint] Total time for which application threads were stopped: 0.0002275 seconds, Stopping threads took: 0.0000007 seconds
[166.969s][info][gc       ] [SPS 0.000 0.004 0.002 0.009 0.001 0.001 0.000 0.184 0.032 0.228 NewGC_pause4 166.967758 ]
[166.969s][info][gc       ] [GC New Max 457-432 : 5120 2936 2124 5120 - - 1056 56 2 2 - : 104 1804 32 184 916 : 98 4 818 818 0 : 0 1 49 0 52 - 0 : 0.224403 2985.7 0.0 0.053085 2034.5 0.0 : 8 --c 0000 : 23 0 0.000 0.000 0 0.000 0.000 0 0.000 0.000 : 166.915323 166.917850 0.000237 166.962352 0.000116 166.965521 0.000115 166.967530 0.000149 : 166.968408 ]
[166.969s][info][gc       ] [SYSINFO 7581 191 89 0 7047 0 20 0 0 5745 : - - - - - - - - : 0 7168 : 2.50 1.46 1.52 : 278178 4215760 : 0 0 : 37 0 : 1547 3 0 259 : - 7676362752 333475840 1443495936 5939011584 199643136 93806592 : 140688591 5309720 150760 0 0 0 : 166.968730 ]
[166.969s][info][gc       ] [HUGEPAGESTAT 0 0 0 - 20840 0 0 : 610304 0 0 : 166.968730 ]
[166.969s][info][gc       ] [OBJCREAT 380749681 25638 19329024 : 166.968796 ]
[166.969s][info][gc       ] [HMSV All : 0 0 110 0 0 0 0 0 : 5062 0 0 0 : 166.968819 ]
[166.969s][info][gc       ] [HMSP 9 : 41100 0 : 166.968819 ]
[166.970s][info][gc       ] [VMAC 65530 166 24 430 620 : 166.969611 ]
[167.212s][info][gc       ] [GPGC-H  2929.6 533.9 0.0 0.0 : 4.2 : 0.469 1.302 : 0.847 1.708 0.864 1.882 : 3.130 1.518 1.030 2.196 1.953 0.445 : 0.000 : 91.816 : 748 1804 32 0 : 2267 : 4608 4424 : 167.212246 : 9 Next_heuristic_check_may_be_too_late ]
[167.215s][info][safepoint] Application time: 0.2470767 seconds
[167.216s][info][safepoint] Total time for which application threads were stopped: 0.0002585 seconds, Stopping threads took: 0.0000005 seconds
[167.216s][info][gc       ] [SPS 0.000 0.003 0.003 0.008 0.000 0.001 0.000 0.211 0.038 0.259 NewGC_pause1 167.215094 ]
[167.260s][info][safepoint] Application time: 0.0446070 seconds
[167.261s][info][safepoint] Total time for which application threads were stopped: 0.0001854 seconds, Stopping threads took: 0.0000005 seconds
[167.261s][info][gc       ] [SPS 0.000 0.001 0.000 0.007 0.000 0.001 0.000 0.153 0.024 0.186 NewGC_pause2 167.259886 ]
[167.263s][info][safepoint] Application time: 0.0025812 seconds
[167.263s][info][safepoint] Total time for which application threads were stopped: 0.0001407 seconds, Stopping threads took: 0.0000005 seconds
[167.264s][info][gc       ] [SPS 0.000 0.000 0.000 0.007 0.000 0.001 0.000 0.106 0.026 0.141 NewGC_pause3 167.262608 ]
[167.264s][info][safepoint] Application time: 0.0014819 seconds
[167.265s][info][safepoint] Total time for which application threads were stopped: 0.0001625 seconds, Stopping threads took: 0.0000004 seconds
[167.265s][info][gc       ] [SPS 0.000 0.003 0.002 0.007 0.000 0.001 0.000 0.128 0.026 0.163 NewGC_pause4 167.264252 ]
[167.265s][info][gc       ] [GC New Max 458-433 : 5120 2876 2124 5120 - - 1056 56 2 2 - : 104 1804 32 184 856 : 102 2 754 754 0 : 0 0 51 0 52 - 0 : 0.244324 2635.8 0.0 0.052012 2114.9 0.0 : 8 --c 0000 : 23 0 0.000 0.000 0 0.000 0.000 0 0.000 0.000 : 167.212732 167.214834 0.000142 167.259700 0.000121 167.262467 0.000067 167.264090 0.000086 : 167.264744 ]
[167.265s][info][gc       ] [SYSINFO 7581 191 89 0 7047 0 20 0 0 5745 : - - - - - - - - : 0 7168 : 2.50 1.46 1.52 : 278178 4215760 : 0 0 : 37 0 : 1547 2 0 259 : - 7676362752 333475840 1443495936 5939011584 199643136 93806592 : 140688591 5310350 150770 0 0 0 : 167.265015 ]
[167.265s][info][gc       ] [HUGEPAGESTAT 0 0 0 - 20840 0 0 : 610304 0 0 : 167.265015 ]
[167.265s][info][gc       ] [OBJCREAT 381497167 25638 19329024 : 167.265063 ]
[167.265s][info][gc       ] [HMSV All : 0 0 110 0 0 0 0 0 : 5062 0 0 0 : 167.265082 ]
[167.265s][info][gc       ] [HMSP 9 : 41100 0 : 167.265082 ]
[167.266s][info][gc       ] [VMAC 65530 166 24 430 620 : 167.265664 ]
[167.468s][info][gc       ] [GPGC-H  2929.6 533.9 0.0 0.0 : 4.2 : 0.467 1.302 : 0.847 1.708 0.864 1.882 : 3.121 1.518 1.030 2.196 1.953 0.445 : 0.000 : 91.562 : 732 1804 32 0 : 2267 : 4608 4424 : 167.468361 : 9 Next_heuristic_check_may_be_too_late ]
[167.471s][info][safepoint] Application time: 0.2067649 seconds
[167.472s][info][safepoint] Total time for which application threads were stopped: 0.0002311 seconds, Stopping threads took: 0.0000005 seconds
[167.472s][info][gc       ] [SPS 0.000 0.003 0.003 0.008 0.001 0.001 0.000 0.193 0.028 0.231 NewGC_pause1 167.471248 ]
[167.516s][info][safepoint] Application time: 0.0444422 seconds
[167.516s][info][safepoint] Total time for which application threads were stopped: 0.0001071 seconds, Stopping threads took: 0.0000005 seconds
[167.517s][info][gc       ] [SPS 0.000 0.001 0.000 0.007 0.000 0.001 0.000 0.079 0.019 0.107 NewGC_pause2 167.515798 ]
[167.519s][info][safepoint] Application time: 0.0027403 seconds
[167.519s][info][safepoint] Total time for which application threads were stopped: 0.0001553 seconds, Stopping threads took: 0.0000005 seconds
[167.519s][info][gc       ] [SPS 0.000 0.000 0.000 0.007 0.000 0.001 0.000 0.119 0.028 0.155 NewGC_pause3 167.518694 ]
[167.520s][info][safepoint] Application time: 0.0014037 seconds
[167.521s][info][safepoint] Total time for which application threads were stopped: 0.0001124 seconds, Stopping threads took: 0.0000005 seconds
[167.521s][info][gc       ] [SPS 0.000 0.003 0.002 0.007 0.000 0.001 0.000 0.086 0.017 0.112 NewGC_pause4 167.520210 ]
[167.521s][info][gc       ] [GC New Max 459-434 : 5120 2886 2154 5120 - - 1056 56 2 2 - : 134 1804 32 184 866 : 130 4 736 736 0 : 0 1 65 0 67 - 0 : 0.204213 3085.0 0.0 0.051739 2628.6 0.0 : 8 --c 0000 : 23 0 0.000 0.000 0 0.000 0.000 0 0.000 0.000 : 167.468957 167.471017 0.000131 167.515691 0.000076 167.518538 0.000069 167.520097 0.000090 : 167.520696 ]
[167.521s][info][gc       ] [SYSINFO 7581 191 89 0 7047 0 20 0 0 5745 : - - - - - - - - : 0 7168 : 2.50 1.46 1.52 : 278178 4215760 : 0 0 : 37 0 : 1547 2 0 259 : - 7676362752 333475840 1443495936 5939011584 199643136 93806592 : 140688591 5310920 150790 0 0 0 : 167.520930 ]
[167.521s][info][gc       ] [HUGEPAGESTAT 0 0 0 - 20840 0 0 : 610304 0 0 : 167.520930 ]
[167.521s][info][gc       ] [OBJCREAT 382252898 25638 19329024 : 167.520996 ]
[167.521s][info][gc       ] [HMSV All : 0 0 110 0 0 0 0 0 : 5062 0 0 0 : 167.521014 ]
[167.521s][info][gc       ] [HMSP 9 : 41100 0 : 167.521014 ]
[167.522s][info][gc       ] [VMAC 65530 166 24 430 620 : 167.521598 ]
[167.744s][info][gc       ] [GPGC-H  2924.2 533.9 0.0 0.0 : 4.2 : 0.466 1.302 : 0.847 1.708 0.864 1.882 : 3.112 1.518 1.030 2.196 1.953 0.445 : 0.000 : 91.352 : 748 1804 32 0 : 2267 : 4608 4424 : 167.744362 : 9 Next_heuristic_check_may_be_too_late ]
[167.749s][info][safepoint] Application time: 0.2278572 seconds
[167.749s][info][safepoint] Total time for which application threads were stopped: 0.0005410 seconds, Stopping threads took: 0.0000008 seconds
[167.750s][info][gc       ] [SPS 0.000 0.004 0.006 0.013 0.001 0.001 0.001 0.457 0.068 0.542 NewGC_pause1 167.748609 ]
[167.796s][info][safepoint] Application time: 0.0466748 seconds
[167.796s][info][safepoint] Total time for which application threads were stopped: 0.0002730 seconds, Stopping threads took: 0.0000008 seconds
[167.797s][info][gc       ] [SPS 0.000 0.001 0.000 0.012 0.001 0.001 0.001 0.203 0.056 0.273 NewGC_pause2 167.795557 ]
[167.799s][info][safepoint] Application time: 0.0033766 seconds
[167.800s][info][safepoint] Total time for which application threads were stopped: 0.0001544 seconds, Stopping threads took: 0.0000007 seconds
[167.800s][info][gc       ] [SPS 0.000 0.001 0.000 0.010 0.001 0.001 0.001 0.104 0.038 0.155 NewGC_pause3 167.799088 ]
[167.802s][info][safepoint] Application time: 0.0021414 seconds
[167.802s][info][safepoint] Total time for which application threads were stopped: 0.0002719 seconds, Stopping threads took: 0.0000007 seconds
[167.802s][info][gc       ] [SPS 0.000 0.003 0.003 0.010 0.001 0.001 0.000 0.227 0.032 0.272 NewGC_pause4 167.801501 ]
[167.803s][info][gc       ] [GC New Max 460-435 : 5120 2878 2132 5120 - - 1056 56 2 2 - : 112 1804 32 184 858 : 106 4 752 752 0 : 0 1 53 0 56 - 0 : 0.224454 2735.5 0.0 0.057180 2028.7 0.0 : 8 --c 0000 : 23 0 0.000 0.000 0 0.000 0.000 0 0.000 0.000 : 167.745150 167.748067 0.000416 167.795283 0.000166 167.798933 0.000112 167.801229 0.000177 : 167.802330 ]
[167.803s][info][gc       ] [SYSINFO 7581 191 89 0 7047 0 20 0 0 5745 : - - - - - - - - : 0 7168 : 2.50 1.46 1.52 : 278178 4215760 : 0 0 : 37 0 : 1547 2 0 259 : - 7676362752 333475840 1443495936 5939011584 199643136 93806592 : 140688591 5311470 150800 0 0 0 : 167.802736 ]
[167.803s][info][gc       ] [HUGEPAGESTAT 0 0 0 - 20840 0 0 : 610304 0 0 : 167.802736 ]
[167.803s][info][gc       ] [OBJCREAT 382974735 25638 19329024 : 167.802815 ]
[167.803s][info][gc       ] [HMSV All : 0 0 110 0 0 0 0 0 : 5062 0 0 0 : 167.802840 ]
[167.803s][info][gc       ] [HMSP 9 : 41100 0 : 167.802840 ]
[167.804s][info][gc       ] [VMAC 65530 166 24 430 620 : 167.803707 ]
[167.966s][info][gc       ] [GPGC-H  2924.2 533.9 0.0 0.0 : 4.2 : 0.465 1.302 : 0.847 1.708 0.864 1.882 : 3.103 1.518 1.030 2.196 1.953 0.445 : 0.000 : 91.121 : 754 1804 32 0 : 2267 : 4608 4424 : 167.965690 : 9 Next_heuristic_check_may_be_too_late ]
[167.969s][info][safepoint] Application time: 0.1669668 seconds
[167.969s][info][safepoint] Total time for which application threads were stopped: 0.0003498 seconds, Stopping threads took: 0.0000006 seconds
[167.970s][info][gc       ] [SPS 0.000 0.004 0.004 0.008 0.001 0.001 0.000 0.308 0.032 0.350 NewGC_pause1 167.968818 ]
[168.067s][info][safepoint] Application time: 0.0977138 seconds
[168.067s][info][safepoint] Total time for which application threads were stopped: 0.0001287 seconds, Stopping threads took: 0.0000005 seconds
[168.068s][info][gc       ] [SPS 0.000 0.001 0.000 0.007 0.001 0.001 0.000 0.105 0.015 0.129 NewGC_pause2 168.066660 ]
[168.069s][info][safepoint] Application time: 0.0026309 seconds
[168.070s][info][safepoint] Total time for which application threads were stopped: 0.0001491 seconds, Stopping threads took: 0.0000014 seconds
[168.070s][info][gc       ] [SPS 0.000 0.001 0.000 0.019 0.001 0.003 0.001 0.075 0.050 0.149 NewGC_pause3 168.069441 ]
[168.071s][info][safepoint] Application time: 0.0014899 seconds
[168.071s][info][safepoint] Total time for which application threads were stopped: 0.0001438 seconds, Stopping threads took: 0.0000005 seconds
[168.072s][info][gc       ] [SPS 0.000 0.003 0.002 0.007 0.000 0.001 0.000 0.108 0.027 0.144 NewGC_pause4 168.071075 ]
[168.072s][info][gc       ] [GC New Max 461-436 : 5120 3296 2828 5120 - - 1056 56 2 2 - : 808 1804 32 184 1276 : 799 11 473 473 0 : 0 2 255 0 343 - 61 : 0.163772 3944.5 0.0 0.105914 4890.8 0.0 : 8 --c 0000 : 23 0 0.000 0.000 0 0.000 0.000 0 0.000 0.000 : 167.966102 167.968468 0.000275 168.066532 0.000108 168.069292 0.000089 168.070931 0.000056 : 168.072016 ]
[168.072s][info][gc       ] [SYSINFO 7581 191 89 0 7047 0 20 0 0 5745 : - - - - - - - - : 0 7168 : 2.50 1.46 1.52 : 278178 4215760 : 0 0 : 37 0 : 1547 2 0 259 : - 7676362752 333475840 1443495936 5939011584 199643136 93806592 : 140688591 5312470 150820 0 0 0 : 168.072269 ]
[168.072s][info][gc       ] [HUGEPAGESTAT 0 0 0 - 20840 0 0 : 610304 0 0 : 168.072269 ]
[168.072s][info][gc       ] [OBJCREAT 384119681 25638 19329024 : 168.072324 ]
[168.072s][info][gc       ] [HMSV All : 0 0 118 0 0 0 0 0 : 5062 0 0 0 : 168.072341 ]
[168.072s][info][gc       ] [HMSP 9 : 41100 0 : 168.072341 ]
[168.073s][info][gc       ] [VMAC 65530 166 24 430 620 : 168.072794 ]
[168.275s][info][gc       ] [GPGC-H  2924.2 533.9 0.0 0.0 : 4.2 : 0.464 1.302 : 0.847 1.708 0.864 1.882 : 3.094 1.518 1.030 2.196 1.953 0.445 : 0.000 : 90.959 : 1364 1804 32 0 : 2267 : 4608 4424 : 168.274515 : 9 Next_heuristic_check_may_be_too_late ]
[168.279s][info][safepoint] Application time: 0.2075166 seconds
[168.280s][info][safepoint] Total time for which application threads were stopped: 0.0006317 seconds, Stopping threads took: 0.0000009 seconds
[168.280s][info][gc       ] [SPS 0.000 0.005 0.005 0.014 0.001 0.002 0.001 0.561 0.069 0.647 NewGC_pause1 168.279239 ]
[168.633s][info][safepoint] Application time: 0.3538274 seconds
[168.634s][info][safepoint] Total time for which application threads were stopped: 0.0002016 seconds, Stopping threads took: 0.0000005 seconds
[168.634s][info][gc       ] [SPS 0.000 0.002 0.000 0.007 0.000 0.001 0.000 0.170 0.024 0.202 NewGC_pause2 168.633255 ]
[168.636s][info][safepoint] Application time: 0.0025796 seconds
[168.636s][info][safepoint] Total time for which application threads were stopped: 0.0001606 seconds, Stopping threads took: 0.0000005 seconds
[168.637s][info][gc       ] [SPS 0.000 0.000 0.000 0.007 0.001 0.001 0.000 0.124 0.027 0.161 NewGC_pause3 168.635995 ]
[168.638s][info][safepoint] Application time: 0.0017922 seconds
[168.638s][info][safepoint] Total time for which application threads were stopped: 0.0001718 seconds, Stopping threads took: 0.0000005 seconds
[168.639s][info][gc       ] [SPS 0.000 0.003 0.015 0.007 0.000 0.001 0.000 0.138 0.025 0.172 NewGC_pause4 168.637959 ]
[168.639s][info][gc       ] [GC New Max 462-437 : 5120 4164 4046 5120 - - 1056 56 2 2 - : 2026 1804 32 184 2144 : 2011 11 124 124 0 : 0 2 380 0 921 - 92 : 0.203104 2747.4 0.0 0.363795 2149.6 0.0 : 8 --c 0000 : 23 0 0.000 0.000 0 0.000 0.000 0 0.000 0.000 : 168.275120 168.278592 0.000498 168.633053 0.000112 168.635834 0.000086 168.637787 0.000107 : 168.638915 ]
[168.639s][info][gc       ] [SYSINFO 7581 191 89 0 7047 0 20 0 0 5745 : - - - - - - - - : 0 7168 : 2.50 1.46 1.52 : 278178 4215760 : 0 0 : 37 0 : 1547 2 0 259 : - 7676362752 333475840 1443495936 5939011584 199643136 93806592 : 140688591 5315060 150920 0 0 0 : 168.639247 ]
[168.639s][info][gc       ] [HUGEPAGESTAT 0 0 0 - 20840 0 0 : 610304 0 0 : 168.639247 ]
[168.639s][info][gc       ] [OBJCREAT 385450199 25638 19329024 : 168.639297 ]
[168.639s][info][gc       ] [HMSV All : 0 0 120 0 0 0 0 0 : 5062 0 0 0 : 168.639312 ]
[168.639s][info][gc       ] [HMSP 9 : 41100 0 : 168.639312 ]
[168.640s][info][gc       ] [VMAC 65530 166 24 430 620 : 168.640010 ]
[168.721s][info][gc       ] [GPGC-H  2924.2 533.9 0.0 0.0 : 4.2 : 0.463 1.302 : 0.847 1.708 0.864 1.882 : 3.079 1.518 1.030 2.196 1.953 0.445 : 0.000 : 90.785 : 2204 1804 32 0 : 2267 : 4608 4424 : 168.721128 : 8 May_exceed_heap_occupancy_target ]
[168.728s][info][safepoint] Application time: 0.0897764 seconds
[168.729s][info][safepoint] Total time for which application threads were stopped: 0.0003943 seconds, Stopping threads took: 0.0000005 seconds
[168.729s][info][gc       ] [SPS 0.000 0.001 0.003 0.007 0.001 0.001 0.000 0.363 0.022 0.394 NewGC_pause1 168.728130 ]
[169.106s][info][safepoint] Application time: 0.3772384 seconds
[169.106s][info][safepoint] Total time for which application threads were stopped: 0.0002384 seconds, Stopping threads took: 0.0000005 seconds
[169.106s][info][gc       ] [SPS 0.000 0.001 0.000 0.007 0.001 0.001 0.000 0.200 0.029 0.239 NewGC_pause2 169.105607 ]
[169.108s][info][safepoint] Application time: 0.0017571 seconds
[169.108s][info][safepoint] Total time for which application threads were stopped: 0.0001447 seconds, Stopping threads took: 0.0000005 seconds
[169.108s][info][gc       ] [SPS 0.000 0.000 0.000 0.006 0.000 0.001 0.000 0.121 0.016 0.145 NewGC_pause3 169.107509 ]
[169.110s][info][safepoint] Application time: 0.0018491 seconds
[169.111s][info][safepoint] Total time for which application threads were stopped: 0.0008939 seconds, Stopping threads took: 0.0000008 seconds
[169.111s][info][gc       ] [SPS 0.000 0.000 0.000 0.011 0.001 0.001 0.001 0.832 0.048 0.894 OldGC_pause2 169.110252 ]
[169.113s][info][safepoint] Application time: 0.0031431 seconds
[169.116s][info][safepoint] Total time for which application threads were stopped: 0.0001003 seconds, Stopping threads took: 0.0000005 seconds
[169.117s][info][gc       ] [SPS 0.000 0.001 0.000 0.010 0.000 0.001 0.000 0.068 0.020 0.100 OldGC_pause3 169.113495 ]
[169.122s][info][safepoint] Application time: 0.0083056 seconds
[169.122s][info][safepoint] Total time for which application threads were stopped: 0.0001342 seconds, Stopping threads took: 0.0000005 seconds
[169.122s][info][gc       ] [SPS 0.000 0.003 0.005 0.009 0.001 0.001 0.000 0.103 0.021 0.134 NewGC_pause4 169.121935 ]
[169.220s][info][gc       ] [GC NTO Max 463-438 : 5120 4842 4710 5120 - - 1056 56 2 2 - : 2688 1804 32 184 2822 : 2368 11 444 444 93 : 0 310 303 0 1289 - 55 : 0.082743 2175.4 0.0 0.497668 1667.8 0.0 : 8 --c 0000 : 23 4271 0.000 0.000 0 0.000 0.000 4271 0.000 0.000 : 168.721657 168.727735 0.000321 169.105368 0.000202 169.107364 0.000124 169.121801 0.000108 : 169.219325 ]
[169.220s][info][gc       ] [SYSINFO 7581 191 89 0 7047 0 20 0 0 5745 : - - - - - - - - : 0 7168 : 2.50 1.46 1.52 : 278178 4215760 : 0 0 : 37 0 : 1547 2 0 259 : - 7676362752 333475840 1443495936 5939011584 199643136 93806592 : 140688591 5319430 150970 0 0 0 : 169.219621 ]
[169.220s][info][gc       ] [HUGEPAGESTAT 0 0 0 - 20840 0 0 : 610304 0 0 : 169.219621 ]
[169.220s][info][gc       ] [OBJCREAT 386457418 25702 19329024 : 169.219676 ]
[169.220s][info][gc       ] [HMSV All : 0 0 120 0 0 0 0 0 : 5062 0 0 0 : 169.219698 ]
[169.220s][info][gc       ] [HMSP 9 : 41100 0 : 169.219698 ]
[169.221s][info][gc       ] [GPGC-H  2918.0 520.3 0.0 0.0 : 4.1 : 0.497 1.302 : 0.847 1.708 0.864 1.882 : 3.079 1.518 1.030 2.196 1.953 0.445 : 0.000 : 90.751 : 2694 1804 32 0 : 2267 : 4608 4424 : 169.220669 : 3 Heap_use_exceeded_committed ]
[169.220s][info][gc       ] [VMAC 65530 166 24 430 620 : 169.220248 ]
[169.222s][info][safepoint] Application time: 0.1003419 seconds
[169.223s][info][safepoint] Total time for which application threads were stopped: 0.0000837 seconds, Stopping threads took: 0.0000005 seconds
[169.223s][info][gc       ] [SPS 0.000 0.002 0.005 0.008 0.000 0.001 0.000 0.054 0.021 0.084 OldGC_pause4 169.222361 ]
[169.224s][info][gc       ] [GC Old Max 464-26 : 5120 4842 2926 5120 - - 1056 56 2 2 - : 2702 8 32 184 1844 : 26 11 1797 1797 0 : 0 6 0 0 20 - 0 : 10.817304 4.4 0.2 0.498976 0.0 0.0 : 4 --c 0000 : 23   -    -    -    -    -    -    -    -    -  : 168.724482 168.727735 0.000321 169.109358 0.000832 169.113395 0.000072 169.222278 0.000057 : 169.223458 ]
[169.224s][info][gc       ] [SYSINFO 7581 191 89 0 7047 0 20 0 0 5745 : - - - - - - - - : 0 7168 : 2.50 1.46 1.52 : 278178 4215760 : 0 0 : 37 0 : 1547 2 0 259 : - 7676362752 333475840 1443495936 5939011584 199643136 93806592 : 140688591 5319430 150970 0 0 0 : 169.223670 ]
[169.224s][info][gc       ] [HUGEPAGESTAT 0 0 0 - 20840 0 0 : 610304 0 0 : 169.223670 ]
[169.224s][info][gc       ] [OBJCREAT 386467330 25702 19329024 : 169.223719 ]
[169.224s][info][gc       ] [HMSV All : 0 0 120 0 0 0 0 0 : 5062 0 0 0 : 169.223736 ]
[169.224s][info][gc       ] [HMSP 9 : 41100 0 : 169.223736 ]
[169.224s][info][gc       ] [COMPSTATS 1 : 5 0 : 1 0 : 0 0 : 531 4 0 0 0 0 : 0 0 0 0 0 0 : 198 201 21 : 535 0 0 0 0 0 0 : 535 0 0 0 0 0 0 ]
[169.224s][info][gc       ] [COMPSTATS 2 : 5 0 : 1 0 : 0 0 : 133 9 0 0 0 0 : 0 0 0 0 0 0 : 62012 62071 10930 : 76 38 28 0 0 0 0 : 17 102 17 3 3 0 0 ]
[169.224s][info][gc       ] [DEOPTSTATS 1 : 1 0 : 0 0 : 0 0 : 0 0 : 0 12 : 0 0 : 0 0 : 0 0 : 0 0 : 0 0 : 0 0 : 0 0 : 0 0 : 0 0 : 0 0 : 0 0 : 0 0 : 0 0 : 0 0 : 0 0 : 0 0 : 0 0 : 0 0 : 0 0 : 0 0 : 0 0 : 0 0 : 0 0 : 0 0 : 0 0 : 6 0 : 0 0 : 0 0 : 0 0 : 0 0 : 0 0 : 0 0 : 0 0 : 0 0 : 0 0 : 0 0 : 0 0 ]
[169.224s][info][gc       ] [DEOPTSTATS 2 : 0 0 : 0 0 : 0 0 : 0 0 : 0 0 : 0 0 : 0 13 : 0 0 : 0 0 : 0 0 : 0 0 : 0 0 : 0 0 : 0 0 : 0 0 : 0 0 : 0 0 : 0 0 : 0 0 : 0 0 : 0 1 : 0 0 : 0 0 : 0 0 : 0 0 : 0 0 : 0 0 : 0 0 : 0 0 : 0 0 : 4 0 : 0 0 : 0 0 : 0 0 : 0 1 : 0 0 : 0 0 : 0 0 : 0 0 : 0 5 : 0 0 : 0 0 ]
[169.225s][info][gc       ] [CCF 0 0 0 0 36 229376: 2985472 : 380 196608 : 3 49152 : 317 311808 :  523 633856 : 118 412160 : 0 0 : 14 1146880 : 1 2048]
[169.224s][info][gc       ] [VMAC 65530 166 24 430 620 : 169.224307 ]
[169.228s][info][safepoint] Application time: 0.0055455 seconds
[169.228s][info][safepoint] Total time for which application threads were stopped: 0.0001342 seconds, Stopping threads took: 0.0000005 seconds
[169.228s][info][gc       ] [SPS 0.000 0.002 0.002 0.007 0.000 0.001 0.000 0.108 0.018 0.134 NewGC_pause1 169.228041 ]
[169.579s][info][safepoint] Application time: 0.3512828 seconds
[169.580s][info][safepoint] Total time for which application threads were stopped: 0.0001279 seconds, Stopping threads took: 0.0000005 seconds
[169.580s][info][gc       ] [SPS 0.000 0.001 0.000 0.008 0.000 0.001 0.000 0.100 0.018 0.128 NewGC_pause2 169.579452 ]
[169.581s][info][safepoint] Application time: 0.0017626 seconds
[169.582s][info][safepoint] Total time for which application threads were stopped: 0.0001437 seconds, Stopping threads took: 0.0000005 seconds
[169.582s][info][gc       ] [SPS 0.000 0.000 0.000 0.007 0.000 0.001 0.000 0.119 0.016 0.144 NewGC_pause3 169.581358 ]
[169.585s][info][safepoint] Application time: 0.0038949 seconds
[169.586s][info][safepoint] Total time for which application threads were stopped: 0.0001396 seconds, Stopping threads took: 0.0000005 seconds
[169.586s][info][gc       ] [SPS 0.000 0.003 0.002 0.007 0.001 0.001 0.000 0.103 0.028 0.140 NewGC_pause4 169.585393 ]
[169.606s][info][gc       ] [GC New Max 465-439 : 5120 4716 2820 5120 - - 1056 56 2 2 - : 2596 8 32 184 3406 : 2457 15 935 935 0 : 0 68 347 0 1243 - 55 : 0.005769 3120.0 0.0 0.380989 1947.6 0.0 : 8 --c 0000 : 23 0 0.000 0.000 0 0.000 0.000 0 0.000 0.000 : 169.225095 169.227907 0.000110 169.579324 0.000103 169.581215 0.000123 169.585253 0.000107 : 169.606084 ]
[169.606s][info][gc       ] [SYSINFO 7581 191 89 0 7047 0 20 0 0 5745 : - - - - - - - - : 0 7168 : 3.02 1.58 1.56 : 278178 4215760 : 0 0 : 37 0 : 1547 2 0 259 : - 7676362752 333475840 1443495936 5939011584 199643136 93806592 : 140688591 5322710 151070 0 0 0 : 169.606377 ]
[169.606s][info][gc       ] [HUGEPAGESTAT 0 0 0 - 20840 0 0 : 610304 0 0 : 169.606377 ]
[169.606s][info][gc       ] [OBJCREAT 387207184 25702 19329024 : 169.606432 ]
[169.606s][info][gc       ] [HMSV All : 0 0 120 0 0 0 0 0 : 5062 0 0 0 : 169.606454 ]
[169.606s][info][gc       ] [HMSP 9 : 41100 0 : 169.606454 ]
[169.607s][info][gc       ] [GPGC-H  2918.0 520.3 0.0 0.0 : 4.1 : 0.497 1.204 : 0.847 1.724 0.864 1.882 : 3.073 1.434 1.030 2.196 1.953 0.445 : 0.000 : 99.538 : 2600 8 32 0 : 2267 : 4608 4424 : 169.607124 : 9 Next_heuristic_check_may_be_too_late ]
[169.607s][info][gc       ] [VMAC 65530 166 24 430 620 : 169.607020 ]
[169.610s][info][safepoint] Application time: 0.0247944 seconds
[169.611s][info][safepoint] Total time for which application threads were stopped: 0.0002305 seconds, Stopping threads took: 0.0000005 seconds
[169.611s][info][gc       ] [SPS 0.000 0.003 0.004 0.008 0.001 0.001 0.000 0.192 0.029 0.230 NewGC_pause1 169.610418 ]
[169.928s][info][safepoint] Application time: 0.3169495 seconds
[169.928s][info][safepoint] Total time for which application threads were stopped: 0.0001235 seconds, Stopping threads took: 0.0000005 seconds
[169.928s][info][gc       ] [SPS 0.000 0.001 0.000 0.007 0.000 0.001 0.000 0.095 0.020 0.124 NewGC_pause2 169.927491 ]
[169.929s][info][safepoint] Application time: 0.0014872 seconds
[169.929s][info][safepoint] Total time for which application threads were stopped: 0.0000959 seconds, Stopping threads took: 0.0000005 seconds
[169.930s][info][gc       ] [SPS 0.000 0.000 0.000 0.008 0.000 0.001 0.000 0.068 0.018 0.096 NewGC_pause3 169.929075 ]
[169.933s][info][safepoint] Application time: 0.0036260 seconds
[169.933s][info][safepoint] Total time for which application threads were stopped: 0.0001695 seconds, Stopping threads took: 0.0000005 seconds
[169.934s][info][gc       ] [SPS 0.000 0.003 0.002 0.007 0.001 0.001 0.000 0.134 0.026 0.170 NewGC_pause4 169.932870 ]
[169.950s][info][gc       ] [GC New Max 466-440 : 5120 3566 2852 5120 - - 1056 56 2 2 - : 2628 8 32 184 3342 : 2505 14 824 824 0 : 0 55 370 0 1259 - 55 : 0.001277 3131.6 0.0 0.342783 2275.5 0.0 : 8 --c 0000 : 23 0 0.000 0.000 0 0.000 0.000 0 0.000 0.000 : 169.607361 169.610188 0.000172 169.927368 0.000095 169.928979 0.000071 169.932701 0.000072 : 169.950144 ]
[169.950s][info][gc       ] [SYSINFO 7581 191 89 0 7047 0 20 0 0 5745 : - - - - - - - - : 0 7168 : 3.02 1.58 1.56 : 278178 4215760 : 0 0 : 37 0 : 1547 2 0 259 : - 7676362752 333475840 1443495936 5939011584 199643136 93806592 : 140688591 5325740 151070 0 0 0 : 169.950438 ]
[169.950s][info][gc       ] [HUGEPAGESTAT 0 0 0 - 20840 0 0 : 610304 0 0 : 169.950438 ]
[169.950s][info][gc       ] [OBJCREAT 387981898 25702 19329024 : 169.950493 ]
[169.951s][info][gc       ] [HMSV All : 0 0 120 0 0 0 0 0 : 5062 0 0 0 : 169.950515 ]
[169.951s][info][gc       ] [HMSP 9 : 41100 0 : 169.950515 ]
[169.951s][info][gc       ] [VMAC 65530 166 24 430 620 : 169.951086 ]
[170.113s][info][gc       ] [GPGC-H  2918.0 520.3 0.0 0.0 : 4.1 : 0.496 1.204 : 0.847 1.724 0.864 1.882 : 3.070 1.434 1.030 2.196 1.953 0.445 : 0.000 : 99.629 : 3096 8 32 0 : 2267 : 4608 4424 : 170.112841 : 9 Next_heuristic_check_may_be_too_late ]
[170.118s][info][safepoint] Application time: 0.1850608 seconds
[170.119s][info][safepoint] Total time for which application threads were stopped: 0.0004224 seconds, Stopping threads took: 0.0000005 seconds
[170.120s][info][gc       ] [SPS 0.000 0.004 0.006 0.009 0.000 0.001 0.001 0.362 0.050 0.422 NewGC_pause1 170.118354 ]
[170.445s][info][safepoint] Application time: 0.3268748 seconds
[170.446s][info][safepoint] Total time for which application threads were stopped: 0.0000809 seconds, Stopping threads took: 0.0000006 seconds
[170.446s][info][gc       ] [SPS 0.000 0.002 0.000 0.008 0.001 0.001 0.000 0.052 0.019 0.081 NewGC_pause2 170.445310 ]
[170.447s][info][safepoint] Application time: 0.0013505 seconds
[170.447s][info][safepoint] Total time for which application threads were stopped: 0.0000696 seconds, Stopping threads took: 0.0000005 seconds
[170.447s][info][gc       ] [SPS 0.000 0.001 0.000 0.008 0.000 0.001 0.000 0.044 0.016 0.069 NewGC_pause3 170.446730 ]
[170.462s][info][safepoint] Application time: 0.0147177 seconds
[170.462s][info][safepoint] Total time for which application threads were stopped: 0.0000873 seconds, Stopping threads took: 0.0000005 seconds
[170.463s][info][gc       ] [SPS 0.000 0.004 0.007 0.008 0.000 0.001 0.000 0.057 0.020 0.087 NewGC_pause4 170.461535 ]
[170.618s][info][gc       ] [GC New Max 467-441 : 5120 4000 3114 5120 - - 1056 56 2 2 - : 2230 666 32 184 3776 : 2437 6 1326 1326 0 : 329 1 334 0 1060 - 55 : 0.163242 2879.2 0.0 0.504481 2105.1 0.0 : 8 --c 0000 : 23 0 0.000 0.000 0 0.000 0.000 0 0.000 0.000 : 170.113386 170.117931 0.000312 170.445229 0.000055 170.446660 0.000048 170.461448 0.000062 : 170.617867 ]
[170.618s][info][gc       ] [SYSINFO 7581 191 89 0 7047 0 20 0 0 5745 : - - - - - - - - : 0 7168 : 3.02 1.58 1.56 : 278178 4215760 : 0 0 : 37 0 : 1547 2 0 259 : - 7676362752 333475840 1443495936 5939011584 199643136 93806592 : 140688591 5330280 151090 0 0 0 : 170.618135 ]
[170.618s][info][gc       ] [HUGEPAGESTAT 0 0 0 - 20840 0 0 : 610304 0 0 : 170.618135 ]
[170.618s][info][gc       ] [OBJCREAT 389501400 25702 19898368 : 170.618189 ]
[170.618s][info][gc       ] [HMSV All : 0 0 120 0 0 0 0 0 : 5062 0 0 0 : 170.618210 ]
[170.618s][info][gc       ] [HMSP 9 : 41100 0 : 170.618210 ]
[170.619s][info][gc       ] [VMAC 65530 166 24 430 620 : 170.618889 ]
[170.720s][info][gc       ] [GPGC-H  2918.0 520.3 0.0 0.0 : 4.1 : 0.496 1.204 : 0.847 1.724 0.864 1.882 : 3.070 1.434 1.030 2.196 1.953 0.445 : 0.000 : 99.444 : 2554 666 34 0 : 2267 : 4608 4424 : 170.719813 : 8 May_exceed_heap_occupancy_target ]
[170.727s][info][safepoint] Application time: 0.2648119 seconds
[170.728s][info][safepoint] Total time for which application threads were stopped: 0.0005404 seconds, Stopping threads took: 0.0000005 seconds
[170.728s][info][gc       ] [SPS 0.000 0.001 0.003 0.008 0.001 0.001 0.000 0.423 0.108 0.541 NewGC_pause1 170.726888 ]
[171.020s][info][safepoint] Application time: 0.2932259 seconds
[171.021s][info][safepoint] Total time for which application threads were stopped: 0.0001000 seconds, Stopping threads took: 0.0000005 seconds
[171.021s][info][gc       ] [SPS 0.000 0.006 0.000 0.008 0.001 0.001 0.000 0.073 0.017 0.100 NewGC_pause2 171.020214 ]
[171.022s][info][safepoint] Application time: 0.0020279 seconds
[171.023s][info][safepoint] Total time for which application threads were stopped: 0.0002128 seconds, Stopping threads took: 0.0000005 seconds
[171.023s][info][gc       ] [SPS 0.000 0.001 0.000 0.008 0.001 0.001 0.000 0.195 0.008 0.213 NewGC_pause3 171.022455 ]
[171.039s][info][safepoint] Application time: 0.0157173 seconds
[171.039s][info][safepoint] Total time for which application threads were stopped: 0.0003074 seconds, Stopping threads took: 0.0000013 seconds
[171.040s][info][gc       ] [SPS 0.000 0.116 0.009 0.020 0.001 0.002 0.001 0.220 0.063 0.308 NewGC_pause4 171.038480 ]
[171.356s][info][gc       ] [GC NTO Max 468-442 : 5120 4146 3482 5120 - - 1056 56 2 2 - : 1842 1422 34 184 3262 : 1822 3 1438 1438 14 : 378 0 347 0 921 - 0 : 0.102859 3169.4 19.4 0.635118 2298.8 0.0 : 8 --c 0000 : 23 0 0.000 0.000 0 0.000 0.000 0 0.000 0.000 : 170.720725 170.726347 0.000336 171.020114 0.000078 171.022242 0.000080 171.038173 0.000154 : 171.355843 ]
[171.356s][info][gc       ] [SYSINFO 7581 191 89 0 7047 0 20 0 0 5745 : - - - - - - - - : 0 7168 : 3.02 1.58 1.56 : 278178 4215760 : 0 0 : 37 0 : 1547 3 0 259 : - 7676362752 333475840 1443495936 5939011584 199643136 93806592 : 140688591 5335960 151220 0 0 0 : 171.356325 ]
[171.356s][info][gc       ] [HUGEPAGESTAT 0 0 0 - 20840 0 0 : 610304 0 0 : 171.356325 ]
[171.356s][info][gc       ] [OBJCREAT 391271371 25766 20672512 : 171.356421 ]
[171.356s][info][gc       ] [HMSV All : 0 0 120 0 0 0 0 0 : 5062 0 0 0 : 171.356455 ]
[171.356s][info][gc       ] [HMSP 9 : 41100 0 : 171.356455 ]
[171.357s][info][gc       ] [GPGC-H  2900.3 614.0 0.0 0.0 : 4.0 : 0.495 1.204 : 0.847 1.724 0.864 1.882 : 3.364 1.434 1.030 2.196 1.953 0.445 : 0.000 : 99.330 : 1844 1422 34 0 : 2267 : 4608 4424 : 171.357343 : 8 May_exceed_heap_occupancy_target ]
[171.358s][info][gc       ] [VMAC 65530 166 24 430 620 : 171.357588 ]
[171.358s][info][safepoint] Application time: 0.3178126 seconds
[171.359s][info][safepoint] Total time for which application threads were stopped: 0.0013513 seconds, Stopping threads took: 0.0000009 seconds
[171.359s][info][gc       ] [SPS 0.000 0.001 0.000 0.014 0.001 0.001 0.001 1.281 0.054 1.351 OldGC_pause2 171.357644 ]
[171.363s][info][safepoint] Application time: 0.0049900 seconds
[171.363s][info][safepoint] Total time for which application threads were stopped: 0.0003797 seconds, Stopping threads took: 0.0000005 seconds
[171.364s][info][gc       ] [SPS 0.000 0.001 0.000 0.009 0.000 0.001 0.000 0.249 0.120 0.380 OldGC_pause3 171.363014 ]
[171.366s][info][safepoint] Application time: 0.0027659 seconds
[171.367s][info][safepoint] Total time for which application threads were stopped: 0.0004309 seconds, Stopping threads took: 0.0000006 seconds
[171.367s][info][gc       ] [SPS 0.000 0.702 0.003 0.032 0.001 0.001 0.000 0.353 0.044 0.431 NewGC_pause1 171.366211 ]
[171.549s][info][safepoint] Application time: 0.1824052 seconds
[171.549s][info][safepoint] Total time for which application threads were stopped: 0.0002428 seconds, Stopping threads took: 0.0000005 seconds
[171.550s][info][gc       ] [SPS 0.000 0.001 0.000 0.007 0.000 0.001 0.000 0.207 0.027 0.243 NewGC_pause2 171.548859 ]
[171.551s][info][safepoint] Application time: 0.0021906 seconds
[171.552s][info][safepoint] Total time for which application threads were stopped: 0.0002169 seconds, Stopping threads took: 0.0000006 seconds
[171.552s][info][gc       ] [SPS 0.000 0.000 0.000 0.008 0.001 0.001 0.000 0.169 0.038 0.217 NewGC_pause3 171.551267 ]
[171.567s][info][safepoint] Application time: 0.0152278 seconds
[171.567s][info][safepoint] Total time for which application threads were stopped: 0.0001894 seconds, Stopping threads took: 0.0000005 seconds
[171.568s][info][gc       ] [SPS 0.000 0.004 0.007 0.008 0.000 0.001 0.000 0.151 0.028 0.189 NewGC_pause4 171.566684 ]
[171.673s][info][gc       ] [GC New Max 470-443 : 5120 3904 2722 5120 - - 1056 56 2 2 - : 738 1766 34 184 2264 : 781 2 1482 1482 1 : 172 0 201 0 369 - 0 : 0.006201 2257.5 0.0 0.310652 2234.0 0.0 : 8 --c 0000 : 23 0 0.000 0.000 0 0.000 0.000 0 0.000 0.000 : 171.362045 171.365780 0.000334 171.548616 0.000161 171.551050 0.000131 171.566495 0.000118 : 171.672697 ]
[171.673s][info][gc       ] [SYSINFO 7581 191 89 0 7047 0 20 0 0 5745 : - - - - - - - - : 0 7168 : 3.02 1.58 1.56 : 278178 4215760 : 0 0 : 37 0 : 1547 6 0 259 : - 7676362752 333475840 1443495936 5939011584 199643136 93806592 : 140688591 5338630 151380 0 0 0 : 171.673053 ]
[171.673s][info][gc       ] [HUGEPAGESTAT 0 0 0 - 20840 0 0 : 610304 0 0 : 171.673053 ]
[171.673s][info][gc       ] [OBJCREAT 391972830 25766 20992000 : 171.673149 ]
[171.673s][info][gc       ] [HMSV All : 0 0 120 0 0 0 0 0 : 5062 0 0 0 : 171.673174 ]
[171.673s][info][gc       ] [HMSP 9 : 41100 0 : 171.673174 ]
[171.674s][info][gc       ] [VMAC 65530 166 24 430 620 : 171.673644 ]
[171.675s][info][safepoint] Application time: 0.1078751 seconds
[171.675s][info][safepoint] Total time for which application threads were stopped: 0.0001397 seconds, Stopping threads took: 0.0000011 seconds
[171.675s][info][gc       ] [SPS 0.000 0.004 0.018 0.015 0.001 0.002 0.001 0.081 0.040 0.140 OldGC_pause4 171.674699 ]
[171.679s][info][gc       ] [GC Old Max 469-27 : 5120 4146 2724 5120 - - 1056 56 2 2 - : 752 1758 30 184 1816 : 1771 34 3 3 0 : 0 12 550 2 839 - 55 : 1.499773 370.7 1.3 0.955499 1117.7 0.0 : 4 --c 0000 : 23   -    -    -    -    -    -    -    -    -  : 170.723231 170.726347 0.000336 171.356293 0.001280 171.362634 0.000079 171.674560 0.000080 : 171.678730 ]
[171.679s][info][gc       ] [SYSINFO 7581 191 89 0 7047 0 20 0 0 5745 : - - - - - - - - : 0 7168 : 3.02 1.58 1.56 : 278178 4215760 : 0 0 : 37 0 : 1547 2 0 259 : - 7676362752 333475840 1443495936 5939011584 199643136 93806592 : 140688591 5338630 151380 0 0 0 : 171.678966 ]
[171.679s][info][gc       ] [HUGEPAGESTAT 0 0 0 - 20840 0 0 : 610304 0 0 : 171.678966 ]
[171.679s][info][gc       ] [OBJCREAT 391986706 25766 20992000 : 171.679044 ]
[171.679s][info][gc       ] [HMSV All : 0 0 120 0 0 0 0 0 : 5062 0 0 0 : 171.679060 ]
[171.679s][info][gc       ] [HMSP 9 : 41100 0 : 171.679060 ]
[171.679s][info][gc       ] [COMPSTATS 1 : 5 0 : 1 0 : 0 0 : 532 4 0 0 0 0 : 0 0 0 0 0 0 : 198 201 21 : 536 0 0 0 0 0 0 : 536 0 0 0 0 0 0 ]
[171.679s][info][gc       ] [COMPSTATS 2 : 5 0 : 1 0 : 0 0 : 133 9 0 0 0 0 : 0 0 0 0 0 0 : 62012 62071 10930 : 76 38 28 0 0 0 0 : 17 102 17 3 3 0 0 ]
[171.679s][info][gc       ] [DEOPTSTATS 1 : 1 0 : 0 0 : 0 0 : 0 0 : 0 12 : 0 0 : 0 0 : 0 0 : 0 0 : 0 0 : 0 0 : 0 0 : 0 0 : 0 0 : 0 0 : 0 0 : 0 0 : 0 0 : 0 0 : 0 0 : 0 0 : 0 0 : 0 0 : 0 0 : 0 0 : 0 0 : 0 0 : 0 0 : 0 0 : 0 0 : 6 0 : 0 0 : 0 0 : 0 0 : 0 0 : 0 0 : 0 0 : 0 0 : 0 0 : 0 0 : 0 0 : 0 0 ]
[171.679s][info][gc       ] [DEOPTSTATS 2 : 0 0 : 0 0 : 0 0 : 0 0 : 0 0 : 0 0 : 0 13 : 0 0 : 0 0 : 0 0 : 0 0 : 0 0 : 0 0 : 0 0 : 0 0 : 0 0 : 0 0 : 0 0 : 0 0 : 0 0 : 0 1 : 0 0 : 0 0 : 0 0 : 0 0 : 0 0 : 0 0 : 0 0 : 0 0 : 0 0 : 4 0 : 0 0 : 0 0 : 0 0 : 0 1 : 0 0 : 0 0 : 0 0 : 0 0 : 0 5 : 0 0 : 0 0 ]
[171.680s][info][gc       ] [CCF 0 0 0 0 36 229376: 2985984 : 380 196608 : 3 49152 : 317 311808 :  524 634368 : 118 412160 : 0 0 : 14 1146880 : 1 2048]
[171.680s][info][gc       ] [VMAC 65530 166 24 430 620 : 171.679945 ]
[171.835s][info][gc       ] [GPGC-H  2900.3 614.0 0.0 0.0 : 4.0 : 0.494 1.197 : 0.847 1.740 0.864 1.882 : 3.362 1.408 1.030 2.196 1.953 0.445 : 0.000 : 99.330 : 1182 1758 30 0 : 2267 : 4608 4424 : 171.834957 : 9 Next_heuristic_check_may_be_too_late ]
[171.839s][info][safepoint] Application time: 0.1636492 seconds
[171.839s][info][safepoint] Total time for which application threads were stopped: 0.0003733 seconds, Stopping threads took: 0.0000005 seconds
[171.840s][info][gc       ] [SPS 0.001 0.004 0.006 0.008 0.001 0.001 0.000 0.317 0.047 0.373 NewGC_pause1 171.838722 ]
[171.946s][info][safepoint] Application time: 0.1067071 seconds
[171.946s][info][safepoint] Total time for which application threads were stopped: 0.0002141 seconds, Stopping threads took: 0.0000005 seconds
[171.947s][info][gc       ] [SPS 0.000 0.002 0.000 0.008 0.000 0.001 0.000 0.176 0.028 0.214 NewGC_pause2 171.945643 ]
[171.948s][info][safepoint] Application time: 0.0021466 seconds
[171.948s][info][safepoint] Total time for which application threads were stopped: 0.0002023 seconds, Stopping threads took: 0.0000005 seconds
[171.949s][info][gc       ] [SPS 0.000 0.000 0.000 0.007 0.000 0.001 0.000 0.170 0.024 0.202 NewGC_pause3 171.947993 ]
[171.954s][info][safepoint] Application time: 0.0058738 seconds
[171.955s][info][safepoint] Total time for which application threads were stopped: 0.0002435 seconds, Stopping threads took: 0.0000006 seconds
[171.955s][info][gc       ] [SPS 0.000 0.004 0.007 0.009 0.001 0.001 0.000 0.201 0.030 0.243 NewGC_pause4 171.954110 ]
[171.978s][info][gc       ] [GC New Max 471-444 : 5120 3404 2332 5120 - - 1056 56 2 2 - : 312 1806 30 184 1432 : 289 2 1142 1142 0 : 24 0 121 0 156 - 0 : 0.163190 2733.0 0.0 0.141621 2245.4 0.0 : 8 --c 0000 : 23 0 0.000 0.000 0 0.000 0.000 0 0.000 0.000 : 171.835887 171.838349 0.000287 171.945429 0.000127 171.947790 0.000075 171.953867 0.000171 : 171.977508 ]
[171.978s][info][gc       ] [SYSINFO 7581 191 89 0 7047 0 20 0 0 5745 : - - - - - - - - : 0 7168 : 3.02 1.58 1.56 : 278178 4215760 : 0 0 : 37 0 : 1547 2 0 259 : - 7676362752 333475840 1443495936 5939011584 199643136 93806592 : 140688591 5339820 151400 0 0 0 : 171.977796 ]
[171.978s][info][gc       ] [HUGEPAGESTAT 0 0 0 - 20840 0 0 : 610304 0 0 : 171.977796 ]
[171.978s][info][gc       ] [OBJCREAT 392728261 25766 21041152 : 171.977858 ]
[171.978s][info][gc       ] [HMSV All : 0 0 120 0 0 0 0 0 : 5062 0 0 0 : 171.977880 ]
[171.978s][info][gc       ] [HMSP 9 : 41100 0 : 171.977880 ]
[171.978s][info][gc       ] [VMAC 65530 166 24 430 620 : 171.978424 ]
[172.180s][info][gc       ] [GPGC-H  2900.3 614.0 0.0 0.0 : 4.0 : 0.493 1.197 : 0.847 1.740 0.864 1.882 : 3.360 1.408 1.030 2.196 1.953 0.445 : 0.000 : 99.144 : 882 1806 30 0 : 2267 : 4608 4424 : 172.180104 : 9 Next_heuristic_check_may_be_too_late ]
[172.183s][info][safepoint] Application time: 0.2286098 seconds
[172.183s][info][safepoint] Total time for which application threads were stopped: 0.0001751 seconds, Stopping threads took: 0.0000006 seconds
[172.184s][info][gc       ] [SPS 0.000 0.004 0.004 0.008 0.001 0.001 0.000 0.146 0.019 0.175 NewGC_pause1 172.182895 ]
[172.240s][info][safepoint] Application time: 0.0570341 seconds
[172.241s][info][safepoint] Total time for which application threads were stopped: 0.0001934 seconds, Stopping threads took: 0.0000005 seconds
[172.241s][info][gc       ] [SPS 0.000 0.001 0.000 0.008 0.001 0.001 0.001 0.140 0.043 0.193 NewGC_pause2 172.240123 ]
[172.243s][info][safepoint] Application time: 0.0023237 seconds
[172.243s][info][safepoint] Total time for which application threads were stopped: 0.0002079 seconds, Stopping threads took: 0.0000005 seconds
[172.244s][info][gc       ] [SPS 0.000 0.000 0.000 0.007 0.000 0.001 0.000 0.176 0.023 0.208 NewGC_pause3 172.242654 ]
[172.245s][info][safepoint] Application time: 0.0019731 seconds
[172.245s][info][safepoint] Total time for which application threads were stopped: 0.0001820 seconds, Stopping threads took: 0.0000005 seconds
[172.246s][info][gc       ] [SPS 0.000 0.021 0.002 0.007 0.001 0.001 0.000 0.149 0.024 0.182 NewGC_pause4 172.244810 ]
[172.246s][info][gc       ] [GC New Max 472-445 : 5120 3058 2172 5120 - - 1056 56 2 2 - : 152 1806 30 184 1038 : 150 2 888 888 0 : 0 0 75 0 76 - 0 : 0.203098 2816.4 0.0 0.064666 2412.4 0.0 : 8 --c 0000 : 23 0 0.000 0.000 0 0.000 0.000 0 0.000 0.000 : 172.180606 172.182720 0.000149 172.239929 0.000122 172.242446 0.000131 172.244628 0.000109 : 172.245272 ]
[172.246s][info][gc       ] [SYSINFO 7581 191 89 0 7047 0 20 0 0 5745 : - - - - - - - - : 0 7168 : 3.02 1.58 1.56 : 278178 4215760 : 0 0 : 37 0 : 1547 3 0 259 : - 7676362752 333475840 1443495936 5939011584 199643136 93806592 : 140688591 5340500 151400 0 0 0 : 172.245534 ]
[172.246s][info][gc       ] [HUGEPAGESTAT 0 0 0 - 20840 0 0 : 610304 0 0 : 172.245534 ]
[172.246s][info][gc       ] [OBJCREAT 393449327 25766 21041152 : 172.245616 ]
[172.246s][info][gc       ] [HMSV All : 0 0 120 0 0 0 0 0 : 5062 0 0 0 : 172.245634 ]
[172.246s][info][gc       ] [HMSP 9 : 41100 0 : 172.245634 ]
[172.246s][info][gc       ] [VMAC 65530 166 24 430 620 : 172.246212 ]
[172.469s][info][gc       ] [GPGC-H  2900.3 614.0 0.0 0.0 : 4.0 : 0.492 1.197 : 0.847 1.740 0.864 1.882 : 3.356 1.408 1.030 2.196 1.953 0.445 : 0.000 : 98.913 : 786 1806 30 0 : 2267 : 4608 4424 : 172.469317 : 9 Next_heuristic_check_may_be_too_late ]
[172.472s][info][safepoint] Application time: 0.2273548 seconds
[172.473s][info][safepoint] Total time for which application threads were stopped: 0.0002650 seconds, Stopping threads took: 0.0000025 seconds
[172.473s][info][gc       ] [SPS 0.000 0.003 0.005 0.008 0.002 0.001 0.000 0.229 0.025 0.265 NewGC_pause1 172.472430 ]
[172.520s][info][safepoint] Application time: 0.0470701 seconds
[172.520s][info][safepoint] Total time for which application threads were stopped: 0.0002029 seconds, Stopping threads took: 0.0000004 seconds
[172.521s][info][gc       ] [SPS 0.000 0.001 0.000 0.007 0.000 0.001 0.000 0.171 0.023 0.203 NewGC_pause2 172.519703 ]
[172.522s][info][safepoint] Application time: 0.0021306 seconds
[172.522s][info][safepoint] Total time for which application threads were stopped: 0.0001561 seconds, Stopping threads took: 0.0000005 seconds
[172.522s][info][gc       ] [SPS 0.000 0.000 0.000 0.007 0.000 0.001 0.000 0.108 0.040 0.156 NewGC_pause3 172.521990 ]
[172.524s][info][safepoint] Application time: 0.0015585 seconds
[172.524s][info][safepoint] Total time for which application threads were stopped: 0.0001607 seconds, Stopping threads took: 0.0000005 seconds
[172.524s][info][gc       ] [SPS 0.000 0.003 0.002 0.007 0.001 0.001 0.000 0.134 0.018 0.161 NewGC_pause4 172.523709 ]
[172.525s][info][gc       ] [GC New Max 473-446 : 5120 2914 2128 5120 - - 1056 56 2 2 - : 108 1806 30 184 894 : 102 6 789 789 0 : 0 1 51 0 54 - 0 : 0.224554 2823.4 0.0 0.054459 2019.9 0.0 : 8 --c 0000 : 23 0 0.000 0.000 0 0.000 0.000 0 0.000 0.000 : 172.469826 172.472165 0.000205 172.519500 0.000111 172.521833 0.000082 172.523548 0.000138 : 172.524286 ]
[172.525s][info][gc       ] [SYSINFO 7581 191 89 0 7047 0 20 0 0 5745 : - - - - - - - - : 0 7168 : 3.02 1.58 1.56 : 278178 4215760 : 0 0 : 37 0 : 1547 2 0 259 : - 7676362752 333475840 1443495936 5939011584 199643136 93806592 : 140688591 5341100 151400 0 0 0 : 172.524555 ]
[172.525s][info][gc       ] [HUGEPAGESTAT 0 0 0 - 20840 0 0 : 610304 0 0 : 172.524555 ]
[172.525s][info][gc       ] [OBJCREAT 394184740 25766 21041152 : 172.524605 ]
[172.525s][info][gc       ] [HMSV All : 0 0 120 0 0 0 0 0 : 5062 0 0 0 : 172.524624 ]
[172.525s][info][gc       ] [HMSP 9 : 41100 0 : 172.524624 ]
[172.525s][info][gc       ] [VMAC 65530 166 24 430 620 : 172.525201 ]
[172.767s][info][gc       ] [GPGC-H  2900.3 614.0 0.0 0.0 : 4.0 : 0.490 1.197 : 0.847 1.740 0.864 1.882 : 3.350 1.408 1.030 2.196 1.953 0.445 : 0.000 : 98.657 : 772 1806 30 0 : 2267 : 4608 4424 : 172.766898 : 9 Next_heuristic_check_may_be_too_late ]
[172.770s][info][safepoint] Application time: 0.2459818 seconds
[172.770s][info][safepoint] Total time for which application threads were stopped: 0.0002322 seconds, Stopping threads took: 0.0000005 seconds
[172.771s][info][gc       ] [SPS 0.000 0.004 0.003 0.008 0.000 0.001 0.000 0.187 0.036 0.232 NewGC_pause1 172.769923 ]
[172.815s][info][safepoint] Application time: 0.0453100 seconds
[172.816s][info][safepoint] Total time for which application threads were stopped: 0.0001615 seconds, Stopping threads took: 0.0000005 seconds
[172.817s][info][gc       ] [SPS 0.000 0.001 0.000 0.008 0.000 0.001 0.000 0.127 0.025 0.162 NewGC_pause2 172.815395 ]
[172.818s][info][safepoint] Application time: 0.0026258 seconds
[172.818s][info][safepoint] Total time for which application threads were stopped: 0.0001720 seconds, Stopping threads took: 0.0000005 seconds
[172.819s][info][gc       ] [SPS 0.000 0.000 0.000 0.008 0.000 0.001 0.000 0.139 0.024 0.172 NewGC_pause3 172.818193 ]
[172.820s][info][safepoint] Application time: 0.0017743 seconds
[172.820s][info][safepoint] Total time for which application threads were stopped: 0.0001420 seconds, Stopping threads took: 0.0000005 seconds
[172.821s][info][gc       ] [SPS 0.000 0.002 0.002 0.008 0.000 0.001 0.000 0.117 0.015 0.142 NewGC_pause4 172.820109 ]
[172.821s][info][gc       ] [GC New Max 474-447 : 5120 2930 2156 5120 - - 1056 56 2 2 - : 136 1806 30 184 910 : 132 4 777 777 0 : 0 1 66 0 68 - 0 : 0.243300 2737.4 0.0 0.053242 2591.9 0.0 : 8 --c 0000 : 23 0 0.000 0.000 0 0.000 0.000 0 0.000 0.000 : 172.767586 172.769691 0.000190 172.815233 0.000054 172.818020 0.000064 172.819967 0.000123 : 172.820828 ]
[172.821s][info][gc       ] [SYSINFO 7581 191 89 0 7047 0 20 0 0 5745 : - - - - - - - - : 0 7168 : 3.02 1.58 1.56 : 278178 4215760 : 0 0 : 37 0 : 1547 2 0 259 : - 7676362752 333475840 1443495936 5939011584 199643136 93806592 : 140688591 5341790 151400 0 0 0 : 172.821183 ]
[172.821s][info][gc       ] [HUGEPAGESTAT 0 0 0 - 20840 0 0 : 610304 0 0 : 172.821183 ]
[172.821s][info][gc       ] [OBJCREAT 394981026 25766 21041152 : 172.821237 ]
[172.821s][info][gc       ] [HMSV All : 0 0 120 0 0 0 0 0 : 5062 0 0 0 : 172.821256 ]
[172.821s][info][gc       ] [HMSP 9 : 41100 0 : 172.821256 ]
[172.822s][info][gc       ] [VMAC 65530 166 24 430 620 : 172.821869 ]
[173.023s][info][gc       ] [GPGC-H  2900.3 614.0 0.0 0.0 : 4.0 : 0.489 1.197 : 0.847 1.740 0.864 1.882 : 3.342 1.408 1.030 2.196 1.953 0.445 : 0.000 : 98.381 : 750 1806 30 0 : 2267 : 4608 4424 : 173.023063 : 9 Next_heuristic_check_may_be_too_late ]
[173.026s][info][safepoint] Application time: 0.2052175 seconds
[173.026s][info][safepoint] Total time for which application threads were stopped: 0.0001914 seconds, Stopping threads took: 0.0000005 seconds
[173.026s][info][gc       ] [SPS 0.000 0.003 0.005 0.009 0.001 0.001 0.017 0.141 0.023 0.191 NewGC_pause1 173.025518 ]
[173.070s][info][safepoint] Application time: 0.0444619 seconds
[173.071s][info][safepoint] Total time for which application threads were stopped: 0.0001928 seconds, Stopping threads took: 0.0000005 seconds
[173.072s][info][gc       ] [SPS 0.000 0.001 0.000 0.007 0.000 0.001 0.001 0.160 0.023 0.193 NewGC_pause2 173.070173 ]
[173.073s][info][safepoint] Application time: 0.0029774 seconds
[173.074s][info][safepoint] Total time for which application threads were stopped: 0.0001605 seconds, Stopping threads took: 0.0000005 seconds
[173.074s][info][gc       ] [SPS 0.000 0.000 0.000 0.008 0.000 0.001 0.000 0.126 0.026 0.161 NewGC_pause3 173.073311 ]
[173.075s][info][safepoint] Application time: 0.0013800 seconds
[173.075s][info][safepoint] Total time for which application threads were stopped: 0.0002219 seconds, Stopping threads took: 0.0000005 seconds
[173.076s][info][gc       ] [GC New Max 475-448 : 5120 2890 2138 5120 - - 1056 56 2 2 - : 118 1806 30 184 870 : 114 4 755 755 0 : 0 1 57 0 59 - 0 : 0.202599 3040.5 0.0 0.051923 2311.1 0.0 : 8 --c 0000 : 23 0 0.000 0.000 0 0.000 0.000 0 0.000 0.000 : 173.023427 173.025327 0.000159 173.069980 0.000090 173.073150 0.000075 173.074691 0.000075 : 173.075350 ]
[173.076s][info][gc       ] [SYSINFO 7581 191 89 0 7047 0 20 0 0 5745 : - - - - - - - - : 0 7168 : 3.02 1.58 1.56 : 278178 4215760 : 0 0 : 37 0 : 1547 2 0 259 : - 7676362752 333475840 1443495936 5939011584 199643136 93806592 : 140688591 5342370 151480 0 0 0 : 173.075647 ]
[173.076s][info][gc       ] [HUGEPAGESTAT 0 0 0 - 20840 0 0 : 610304 0 0 : 173.075647 ]
[173.076s][info][gc       ] [OBJCREAT 395709741 25766 21041152 : 173.075718 ]
[173.076s][info][gc       ] [HMSV All : 0 0 120 0 0 0 0 0 : 5062 0 0 0 : 173.075734 ]
[173.076s][info][gc       ] [HMSP 9 : 41100 0 : 173.075734 ]
[173.076s][info][gc       ] [SPS 0.000 0.003 0.002 0.008 0.001 0.001 0.000 0.169 0.044 0.222 NewGC_pause4 173.074913 ]
[173.076s][info][gc       ] [VMAC 65530 166 24 430 620 : 173.076405 ]
[173.299s][info][gc       ] [GPGC-H  2900.3 614.0 0.0 0.0 : 4.0 : 0.487 1.197 : 0.847 1.740 0.864 1.882 : 3.333 1.408 1.030 2.196 1.953 0.445 : 0.000 : 98.152 : 756 1806 30 0 : 2267 : 4608 4424 : 173.299060 : 9 Next_heuristic_check_may_be_too_late ]
[173.302s][info][safepoint] Application time: 0.2271123 seconds
[173.303s][info][safepoint] Total time for which application threads were stopped: 0.0003578 seconds, Stopping threads took: 0.0000005 seconds
[173.303s][info][gc       ] [SPS 0.000 0.003 0.004 0.007 0.001 0.001 0.001 0.313 0.036 0.358 NewGC_pause1 173.302383 ]
[173.350s][info][safepoint] Application time: 0.0470245 seconds
[173.350s][info][safepoint] Total time for which application threads were stopped: 0.0002277 seconds, Stopping threads took: 0.0000004 seconds
[173.351s][info][gc       ] [SPS 0.000 0.001 0.000 0.007 0.000 0.001 0.000 0.199 0.020 0.228 NewGC_pause2 173.349636 ]
[173.352s][info][safepoint] Application time: 0.0024145 seconds
[173.353s][info][safepoint] Total time for which application threads were stopped: 0.0001656 seconds, Stopping threads took: 0.0000005 seconds
[173.353s][info][gc       ] [SPS 0.000 0.000 0.000 0.007 0.000 0.001 0.000 0.129 0.028 0.166 NewGC_pause3 173.352216 ]
[173.354s][info][safepoint] Application time: 0.0015209 seconds
[173.354s][info][safepoint] Total time for which application threads were stopped: 0.0001928 seconds, Stopping threads took: 0.0000005 seconds
[173.355s][info][gc       ] [SPS 0.000 0.003 0.002 0.011 0.001 0.001 0.000 0.131 0.049 0.193 NewGC_pause4 173.353930 ]
[173.355s][info][gc       ] [GC New Max 476-449 : 5120 2890 2132 5120 - - 1056 56 2 2 - : 112 1806 30 184 870 : 106 4 763 763 0 : 0 1 53 0 56 - 0 : 0.224346 2852.7 0.0 0.054807 2116.5 0.0 : 8 --c 0000 : 23 0 0.000 0.000 0 0.000 0.000 0 0.000 0.000 : 173.299696 173.302026 0.000289 173.349408 0.000116 173.352050 0.000115 173.353737 0.000087 : 173.354502 ]
[173.355s][info][gc       ] [SYSINFO 7581 191 89 0 7047 0 20 0 0 5745 : - - - - - - - - : 0 7168 : 3.02 1.58 1.56 : 278178 4215760 : 0 0 : 37 0 : 1547 2 0 259 : - 7676362752 333475840 1443495936 5939011584 199643136 93806592 : 140688591 5342980 151490 0 0 0 : 173.354773 ]
[173.355s][info][gc       ] [HUGEPAGESTAT 0 0 0 - 20840 0 0 : 610304 0 0 : 173.354773 ]
[173.355s][info][gc       ] [OBJCREAT 396456266 25766 21041152 : 173.354836 ]
[173.355s][info][gc       ] [HMSV All : 0 0 120 0 0 0 0 0 : 5062 0 0 0 : 173.354855 ]
[173.355s][info][gc       ] [HMSP 9 : 41100 0 : 173.354855 ]
[173.355s][info][gc       ] [VMAC 65530 166 24 430 620 : 173.355367 ]
[173.597s][info][gc       ] [GPGC-H  2891.9 604.0 0.0 0.0 : 3.9 : 0.486 1.197 : 0.847 1.740 0.864 1.882 : 3.323 1.408 1.030 2.196 1.953 0.445 : 0.000 : 97.899 : 760 1806 30 0 : 2267 : 4608 4424 : 173.597294 : 9 Next_heuristic_check_may_be_too_late ]
[173.600s][info][safepoint] Application time: 0.2461818 seconds
[173.601s][info][safepoint] Total time for which application threads were stopped: 0.0002854 seconds, Stopping threads took: 0.0000005 seconds
[173.601s][info][gc       ] [SPS 0.000 0.003 0.003 0.008 0.001 0.001 0.000 0.248 0.028 0.285 NewGC_pause1 173.600398 ]
[173.644s][info][safepoint] Application time: 0.0439230 seconds
[173.645s][info][safepoint] Total time for which application threads were stopped: 0.0000764 seconds, Stopping threads took: 0.0000005 seconds
[173.645s][info][gc       ] [SPS 0.000 0.001 0.000 0.007 0.000 0.001 0.000 0.051 0.016 0.076 NewGC_pause2 173.644397 ]
[173.646s][info][safepoint] Application time: 0.0019867 seconds
[173.647s][info][safepoint] Total time for which application threads were stopped: 0.0001093 seconds, Stopping threads took: 0.0000006 seconds
[173.647s][info][gc       ] [SPS 0.000 0.001 0.000 0.009 0.001 0.001 0.000 0.054 0.045 0.109 NewGC_pause3 173.646493 ]
[173.648s][info][safepoint] Application time: 0.0014868 seconds
[173.648s][info][safepoint] Total time for which application threads were stopped: 0.0001630 seconds, Stopping threads took: 0.0000005 seconds
[173.649s][info][gc       ] [SPS 0.000 0.003 0.002 0.007 0.000 0.001 0.000 0.130 0.025 0.163 NewGC_pause4 173.648143 ]
[173.649s][info][gc       ] [GC New Max 477-450 : 5120 2884 2126 5120 - - 1056 56 2 2 - : 106 1806 30 184 864 : 100 4 762 762 0 : 0 1 50 0 53 - 0 : 0.243345 2671.1 0.0 0.050717 2090.0 0.0 : 8 --c 0000 : 23 0 0.000 0.000 0 0.000 0.000 0 0.000 0.000 : 173.597848 173.600112 0.000219 173.644321 0.000055 173.646384 0.000059 173.647980 0.000076 : 173.648565 ]
[173.649s][info][gc       ] [SYSINFO 7581 191 89 0 7047 0 20 0 0 5745 : - - - - - - - - : 0 7168 : 3.02 1.58 1.56 : 278178 4215760 : 0 0 : 37 0 : 1547 2 0 259 : - 7676362752 333475840 1443495936 5939011584 199643136 93806592 : 140688591 5343560 151500 0 0 0 : 173.648888 ]
[173.649s][info][gc       ] [HUGEPAGESTAT 0 0 0 - 20840 0 0 : 610304 0 0 : 173.648888 ]
[173.649s][info][gc       ] [OBJCREAT 397204143 25766 21041152 : 173.648940 ]
[173.649s][info][gc       ] [HMSV All : 0 0 120 0 0 0 0 0 : 5062 0 0 0 : 173.648956 ]
[173.649s][info][gc       ] [HMSP 9 : 41100 0 : 173.648956 ]
[173.650s][info][gc       ] [VMAC 65530 166 24 430 620 : 173.649525 ]
[173.871s][info][gc       ] [GPGC-H  2891.9 604.0 0.0 0.0 : 3.9 : 0.484 1.197 : 0.847 1.740 0.864 1.882 : 3.313 1.408 1.030 2.196 1.953 0.445 : 0.000 : 97.626 : 752 1806 30 0 : 2267 : 4608 4424 : 173.871421 : 9 Next_heuristic_check_may_be_too_late ]
[173.874s][info][safepoint] Application time: 0.2257531 seconds
[173.874s][info][safepoint] Total time for which application threads were stopped: 0.0001480 seconds, Stopping threads took: 0.0000006 seconds
[173.875s][info][gc       ] [SPS 0.000 0.006 0.005 0.010 0.001 0.001 0.001 0.116 0.019 0.148 NewGC_pause1 173.874044 ]
[173.920s][info][safepoint] Application time: 0.0461749 seconds
[173.921s][info][safepoint] Total time for which application threads were stopped: 0.0002069 seconds, Stopping threads took: 0.0000005 seconds
[173.922s][info][gc       ] [SPS 0.000 0.001 0.000 0.007 0.000 0.001 0.000 0.175 0.023 0.207 NewGC_pause2 173.920426 ]
[173.924s][info][safepoint] Application time: 0.0037667 seconds
[173.925s][info][safepoint] Total time for which application threads were stopped: 0.0002254 seconds, Stopping threads took: 0.0000005 seconds
[173.925s][info][gc       ] [SPS 0.000 0.000 0.000 0.011 0.001 0.001 0.000 0.176 0.037 0.226 NewGC_pause3 173.924419 ]
[173.926s][info][safepoint] Application time: 0.0013842 seconds
[173.926s][info][safepoint] Total time for which application threads were stopped: 0.0001835 seconds, Stopping threads took: 0.0000005 seconds
[173.926s][info][gc       ] [SPS 0.000 0.003 0.002 0.007 0.001 0.001 0.000 0.148 0.027 0.184 NewGC_pause4 173.925986 ]
[173.927s][info][gc       ] [GC New Max 478-451 : 5120 2882 2130 5120 - - 1056 56 2 2 - : 110 1806 30 184 862 : 104 4 757 757 0 : 0 1 52 0 55 - 0 : 0.223279 2902.2 0.0 0.054662 2049.0 0.0 : 8 --c 0000 : 23 0 0.000 0.000 0 0.000 0.000 0 0.000 0.000 : 173.871844 173.873897 0.000121 173.920219 0.000121 173.924193 0.000087 173.925803 0.000058 : 173.926506 ]
[173.927s][info][gc       ] [SYSINFO 7581 191 89 0 7047 0 20 0 0 5745 : - - - - - - - - : 0 7168 : 3.02 1.58 1.56 : 278178 4215760 : 0 0 : 37 0 : 1547 2 0 259 : - 7676362752 333475840 1443495936 5939011584 199643136 93806592 : 140688591 5344180 151520 0 0 0 : 173.926770 ]
[173.927s][info][gc       ] [HUGEPAGESTAT 0 0 0 - 20840 0 0 : 610304 0 0 : 173.926770 ]
[173.927s][info][gc       ] [OBJCREAT 397957180 25766 21041152 : 173.926828 ]
[173.927s][info][gc       ] [HMSV All : 0 0 120 0 0 0 0 0 : 5062 0 0 0 : 173.926849 ]
[173.927s][info][gc       ] [HMSP 9 : 41100 0 : 173.926849 ]
[173.927s][info][gc       ] [VMAC 65530 166 24 430 620 : 173.927361 ]
[174.149s][info][gc       ] [GPGC-H  2891.9 604.0 0.0 0.0 : 3.9 : 0.483 1.197 : 0.847 1.740 0.864 1.882 : 3.303 1.408 1.030 2.196 1.953 0.445 : 0.000 : 97.376 : 754 1806 30 0 : 2267 : 4608 4424 : 174.149197 : 9 Next_heuristic_check_may_be_too_late ]
[174.153s][info][safepoint] Application time: 0.2263288 seconds
[174.153s][info][safepoint] Total time for which application threads were stopped: 0.0003712 seconds, Stopping threads took: 0.0000042 seconds
[174.154s][info][gc       ] [SPS 0.000 0.004 0.004 0.009 0.004 0.001 0.001 0.316 0.041 0.371 NewGC_pause1 174.152687 ]
[174.202s][info][safepoint] Application time: 0.0496226 seconds
[174.203s][info][safepoint] Total time for which application threads were stopped: 0.0001641 seconds, Stopping threads took: 0.0000006 seconds
[174.204s][info][gc       ] [SPS 0.000 0.001 0.000 0.008 0.001 0.001 0.000 0.129 0.025 0.164 NewGC_pause2 174.202474 ]
[174.205s][info][safepoint] Application time: 0.0024366 seconds
[174.205s][info][safepoint] Total time for which application threads were stopped: 0.0001819 seconds, Stopping threads took: 0.0000005 seconds
[174.206s][info][gc       ] [SPS 0.000 0.000 0.000 0.008 0.000 0.001 0.000 0.149 0.023 0.182 NewGC_pause3 174.205092 ]
[174.207s][info][safepoint] Application time: 0.0016918 seconds
[174.207s][info][safepoint] Total time for which application threads were stopped: 0.0001556 seconds, Stopping threads took: 0.0000005 seconds
[174.208s][info][gc       ] [SPS 0.000 0.003 0.002 0.008 0.001 0.001 0.000 0.120 0.027 0.156 NewGC_pause4 174.206940 ]
[174.208s][info][gc       ] [GC New Max 479-452 : 5120 2898 2144 5120 - - 1056 56 2 2 - : 122 1806 30 184 878 : 116 6 759 759 0 : 0 1 58 0 62 - 0 : 0.223212 2894.1 0.0 0.057741 2147.5 0.0 : 8 --c 0000 : 23 0 0.000 0.000 0 0.000 0.000 0 0.000 0.000 : 174.149718 174.152315 0.000268 174.202309 0.000085 174.204910 0.000075 174.206784 0.000060 : 174.207459 ]
[174.208s][info][gc       ] [SYSINFO 7581 191 89 0 7047 0 20 0 0 5745 : - - - - - - - - : 0 7168 : 3.02 1.58 1.56 : 278178 4215760 : 0 0 : 37 0 : 1547 3 0 259 : - 7676362752 333475840 1443495936 5939011584 199643136 93806592 : 140688591 5344800 151520 0 0 0 : 174.207754 ]
[174.208s][info][gc       ] [HUGEPAGESTAT 0 0 0 - 20840 0 0 : 610304 0 0 : 174.207754 ]
[174.208s][info][gc       ] [OBJCREAT 398720343 25766 21041152 : 174.207805 ]
[174.208s][info][gc       ] [HMSV All : 0 0 120 0 0 0 0 0 : 5062 0 0 0 : 174.207821 ]
[174.208s][info][gc       ] [HMSP 9 : 41100 0 : 174.207821 ]
[174.208s][info][gc       ] [VMAC 65530 166 24 430 620 : 174.208338 ]
[174.450s][info][gc       ] [GPGC-H  2891.9 604.0 0.0 0.0 : 3.9 : 0.482 1.197 : 0.847 1.740 0.864 1.882 : 3.293 1.408 1.030 2.196 1.953 0.445 : 0.000 : 97.127 : 788 1806 30 0 : 2267 : 4608 4424 : 174.450246 : 9 Next_heuristic_check_may_be_too_late ]
[174.453s][info][safepoint] Application time: 0.2460551 seconds
[174.454s][info][safepoint] Total time for which application threads were stopped: 0.0002425 seconds, Stopping threads took: 0.0000008 seconds
[174.454s][info][gc       ] [SPS 0.000 0.004 0.005 0.011 0.001 0.001 0.001 0.199 0.030 0.242 NewGC_pause1 174.453238 ]
[174.498s][info][safepoint] Application time: 0.0441552 seconds
[174.498s][info][safepoint] Total time for which application threads were stopped: 0.0001665 seconds, Stopping threads took: 0.0000005 seconds
[174.499s][info][gc       ] [SPS 0.000 0.001 0.000 0.008 0.000 0.001 0.000 0.134 0.023 0.166 NewGC_pause2 174.497559 ]
[174.500s][info][safepoint] Application time: 0.0021721 seconds
[174.500s][info][safepoint] Total time for which application threads were stopped: 0.0001878 seconds, Stopping threads took: 0.0000005 seconds
[174.501s][info][gc       ] [SPS 0.000 0.000 0.000 0.007 0.000 0.001 0.000 0.156 0.023 0.188 NewGC_pause3 174.499919 ]
[174.501s][info][safepoint] Application time: 0.0013045 seconds
[174.502s][info][safepoint] Total time for which application threads were stopped: 0.0002009 seconds, Stopping threads took: 0.0000005 seconds
[174.502s][info][gc       ] [GC New Max 480-453 : 5120 2934 2146 5120 - - 1056 56 2 2 - : 126 1806 30 184 914 : 122 4 792 792 0 : 0 1 61 0 63 - 0 : 0.243332 2737.0 0.0 0.050964 2550.8 0.0 : 8 --c 0000 : 23 0 0.000 0.000 0 0.000 0.000 0 0.000 0.000 : 174.450791 174.452995 0.000198 174.497393 0.000075 174.499731 0.000068 174.501224 0.000076 : 174.501755 ]
[174.502s][info][gc       ] [SYSINFO 7581 191 89 0 7047 0 20 0 0 5745 : - - - - - - - - : 0 7168 : 2.86 1.57 1.55 : 278178 4215760 : 0 0 : 37 0 : 1547 2 0 259 : - 7676362752 333475840 1443495936 5939011584 199643136 93806592 : 140688591 5345400 151520 0 0 0 : 174.502025 ]
[174.502s][info][gc       ] [HUGEPAGESTAT 0 0 0 - 20840 0 0 : 610304 0 0 : 174.502025 ]
[174.502s][info][gc       ] [OBJCREAT 399506141 25766 21041152 : 174.502077 ]
[174.502s][info][gc       ] [HMSV All : 0 0 120 0 0 0 0 0 : 5062 0 0 0 : 174.502094 ]
[174.502s][info][gc       ] [HMSP 9 : 41100 0 : 174.502094 ]
[174.502s][info][gc       ] [SPS 0.000 0.003 0.002 0.007 0.001 0.001 0.000 0.151 0.041 0.201 NewGC_pause4 174.501425 ]
[174.503s][info][gc       ] [VMAC 65530 166 24 430 620 : 174.502576 ]
[174.725s][info][gc       ] [GPGC-H  2891.9 604.0 0.0 0.0 : 3.9 : 0.480 1.197 : 0.847 1.740 0.864 1.882 : 3.283 1.408 1.030 2.196 1.953 0.445 : 0.000 : 96.856 : 762 1806 30 0 : 2267 : 4608 4424 : 174.724894 : 9 Next_heuristic_check_may_be_too_late ]
[174.728s][info][safepoint] Application time: 0.2265697 seconds
[174.729s][info][safepoint] Total time for which application threads were stopped: 0.0002688 seconds, Stopping threads took: 0.0000005 seconds
[174.730s][info][gc       ] [SPS 0.000 0.003 0.003 0.008 0.001 0.001 0.000 0.236 0.023 0.269 NewGC_pause1 174.728264 ]
[174.777s][info][safepoint] Application time: 0.0486974 seconds
[174.778s][info][safepoint] Total time for which application threads were stopped: 0.0001884 seconds, Stopping threads took: 0.0000005 seconds
[174.778s][info][gc       ] [SPS 0.000 0.001 0.000 0.008 0.001 0.001 0.000 0.154 0.024 0.188 NewGC_pause2 174.777150 ]
[174.780s][info][safepoint] Application time: 0.0025082 seconds
[174.780s][info][safepoint] Total time for which application threads were stopped: 0.0001209 seconds, Stopping threads took: 0.0000010 seconds
[174.780s][info][gc       ] [SPS 0.000 0.001 0.000 0.016 0.001 0.002 0.001 0.063 0.038 0.121 NewGC_pause3 174.779779 ]
[174.781s][info][safepoint] Application time: 0.0013636 seconds
[174.782s][info][safepoint] Total time for which application threads were stopped: 0.0002043 seconds, Stopping threads took: 0.0000005 seconds
[174.782s][info][gc       ] [SPS 0.000 0.003 0.002 0.007 0.001 0.001 0.000 0.132 0.064 0.205 NewGC_pause4 174.781347 ]
[174.782s][info][gc       ] [GC New Max 481-454 : 5120 2928 2164 5120 - - 1056 56 2 2 - : 144 1806 30 184 908 : 138 4 768 768 0 : 0 1 69 0 72 - 0 : 0.223945 2848.9 0.0 0.056002 2642.7 0.0 : 8 --c 0000 : 23 0 0.000 0.000 0 0.000 0.000 0 0.000 0.000 : 174.725700 174.727995 0.000238 174.776961 0.000114 174.779658 0.000073 174.781143 0.000057 : 174.781702 ]
[174.782s][info][gc       ] [SYSINFO 7581 191 89 0 7047 0 20 0 0 5745 : - - - - - - - - : 0 7168 : 2.86 1.57 1.55 : 278178 4215760 : 0 0 : 37 0 : 1547 2 0 259 : - 7676362752 333475840 1443495936 5939011584 199643136 93806592 : 140688591 5345970 151540 0 0 0 : 174.781961 ]
[174.782s][info][gc       ] [HUGEPAGESTAT 0 0 0 - 20840 0 0 : 610304 0 0 : 174.781961 ]
[174.782s][info][gc       ] [OBJCREAT 400283245 25766 21041152 : 174.782013 ]
[174.782s][info][gc       ] [HMSV All : 0 0 120 0 0 0 0 0 : 5062 0 0 0 : 174.782032 ]
[174.782s][info][gc       ] [HMSP 9 : 41100 0 : 174.782032 ]
[174.783s][info][gc       ] [VMAC 65530 166 24 430 620 : 174.782550 ]
[175.005s][info][gc       ] [GPGC-H  2891.9 604.0 0.0 0.0 : 3.9 : 0.479 1.197 : 0.847 1.740 0.864 1.882 : 3.273 1.408 1.030 2.196 1.953 0.445 : 0.000 : 96.608 : 778 1806 30 0 : 2267 : 4608 4424 : 175.005452 : 9 Next_heuristic_check_may_be_too_late ]
[175.009s][info][safepoint] Application time: 0.2268633 seconds
[175.009s][info][safepoint] Total time for which application threads were stopped: 0.0002970 seconds, Stopping threads took: 0.0000005 seconds
[175.009s][info][gc       ] [SPS 0.000 0.003 0.003 0.008 0.001 0.001 0.000 0.247 0.040 0.297 NewGC_pause1 175.008508 ]
[175.053s][info][safepoint] Application time: 0.0440003 seconds
[175.053s][info][safepoint] Total time for which application threads were stopped: 0.0001985 seconds, Stopping threads took: 0.0000005 seconds
[175.053s][info][gc       ] [SPS 0.000 0.001 0.000 0.008 0.000 0.001 0.000 0.154 0.036 0.199 NewGC_pause2 175.052707 ]
[175.055s][info][safepoint] Application time: 0.0019778 seconds
[175.055s][info][safepoint] Total time for which application threads were stopped: 0.0002125 seconds, Stopping threads took: 0.0000005 seconds
[175.056s][info][gc       ] [SPS 0.000 0.000 0.000 0.007 0.001 0.001 0.000 0.181 0.023 0.213 NewGC_pause3 175.054897 ]
[175.057s][info][safepoint] Application time: 0.0018003 seconds
[175.057s][info][safepoint] Total time for which application threads were stopped: 0.0001922 seconds, Stopping threads took: 0.0000005 seconds
[175.057s][info][gc       ] [SPS 0.000 0.003 0.002 0.007 0.001 0.001 0.000 0.160 0.024 0.192 NewGC_pause4 175.056890 ]
[175.058s][info][gc       ] [GC New Max 482-455 : 5120 2896 2118 5120 - - 1056 56 2 2 - : 96 1806 30 184 876 : 92 2 783 783 0 : 0 1 46 0 48 - 0 : 0.224201 2827.8 0.0 0.051562 1939.4 0.0 : 8 --c 0000 : 23 0 0.000 0.000 0 0.000 0.000 0 0.000 0.000 : 175.005904 175.008211 0.000215 175.052508 0.000096 175.054684 0.000126 175.056697 0.000113 : 175.057465 ]
[175.058s][info][gc       ] [SYSINFO 7581 191 89 0 7047 0 20 0 0 5745 : - - - - - - - - : 0 7168 : 2.86 1.57 1.55 : 278178 4215760 : 0 0 : 37 0 : 1547 3 0 259 : - 7676362752 333475840 1443495936 5939011584 199643136 93806592 : 140688591 5346520 151550 0 0 0 : 175.057795 ]
[175.058s][info][gc       ] [HUGEPAGESTAT 0 0 0 - 20840 0 0 : 610304 0 0 : 175.057795 ]
[175.058s][info][gc       ] [OBJCREAT 401011744 25766 21041152 : 175.057866 ]
[175.058s][info][gc       ] [HMSV All : 0 0 120 0 0 0 0 0 : 5062 0 0 0 : 175.057883 ]
[175.058s][info][gc       ] [HMSP 9 : 41100 0 : 175.057883 ]
[175.058s][info][gc       ] [VMAC 65530 166 24 430 620 : 175.058449 ]
[175.280s][info][gc       ] [GPGC-H  2891.9 604.0 0.0 0.0 : 3.9 : 0.478 1.197 : 0.847 1.740 0.864 1.882 : 3.264 1.408 1.030 2.196 1.953 0.445 : 0.000 : 96.360 : 724 1806 30 0 : 2267 : 4608 4424 : 175.280015 : 9 Next_heuristic_check_may_be_too_late ]
[175.283s][info][safepoint] Application time: 0.2256961 seconds
[175.283s][info][safepoint] Total time for which application threads were stopped: 0.0002218 seconds, Stopping threads took: 0.0000006 seconds
[175.284s][info][gc       ] [SPS 0.000 0.005 0.006 0.009 0.001 0.001 0.001 0.185 0.026 0.222 NewGC_pause1 175.282808 ]
[175.331s][info][safepoint] Application time: 0.0475528 seconds
[175.331s][info][safepoint] Total time for which application threads were stopped: 0.0002280 seconds, Stopping threads took: 0.0000006 seconds
[175.331s][info][gc       ] [SPS 0.000 0.001 0.000 0.008 0.001 0.001 0.000 0.174 0.044 0.228 NewGC_pause2 175.330589 ]
[175.333s][info][safepoint] Application time: 0.0019912 seconds
[175.333s][info][safepoint] Total time for which application threads were stopped: 0.0001577 seconds, Stopping threads took: 0.0000005 seconds
[175.334s][info][gc       ] [SPS 0.000 0.001 0.000 0.007 0.000 0.001 0.000 0.124 0.025 0.158 NewGC_pause3 175.332738 ]
[175.335s][info][safepoint] Application time: 0.0018623 seconds
[175.335s][info][safepoint] Total time for which application threads were stopped: 0.0001341 seconds, Stopping threads took: 0.0000005 seconds
[175.335s][info][gc       ] [GC New Max 483-456 : 5120 2886 2162 5120 - - 1056 56 2 2 - : 142 1806 30 184 866 : 136 4 728 728 0 : 0 1 68 0 71 - 0 : 0.222993 2816.2 0.0 0.054744 2666.9 0.0 : 8 --c 0000 : 23 0 0.000 0.000 0 0.000 0.000 0 0.000 0.000 : 175.280458 175.282586 0.000164 175.330361 0.000114 175.332580 0.000082 175.334600 0.000061 : 175.335202 ]
[175.335s][info][gc       ] [SYSINFO 7581 191 89 0 7047 0 20 0 0 5745 : - - - - - - - - : 0 7168 : 2.86 1.57 1.55 : 278178 4215760 : 0 0 : 37 0 : 1547 2 0 259 : - 7676362752 333475840 1443495936 5939011584 199643136 93806592 : 140688591 5347130 151550 0 0 0 : 175.335449 ]
[175.335s][info][gc       ] [HUGEPAGESTAT 0 0 0 - 20840 0 0 : 610304 0 0 : 175.335449 ]
[175.335s][info][gc       ] [OBJCREAT 401775577 25766 21041152 : 175.335503 ]
[175.336s][info][gc       ] [HMSV All : 0 0 120 0 0 0 0 0 : 5062 0 0 0 : 175.335520 ]
[175.336s][info][gc       ] [HMSP 9 : 41100 0 : 175.335520 ]
[175.336s][info][gc       ] [SPS 0.000 0.003 0.002 0.007 0.001 0.001 0.000 0.099 0.026 0.134 NewGC_pause4 175.334734 ]
[175.336s][info][gc       ] [VMAC 65530 166 24 430 620 : 175.336106 ]
[175.579s][info][gc       ] [GPGC-H  2885.8 590.2 0.0 0.0 : 3.8 : 0.476 1.197 : 0.847 1.740 0.864 1.882 : 3.254 1.408 1.030 2.196 1.953 0.445 : 0.000 : 96.115 : 790 1806 30 0 : 2267 : 4608 4424 : 175.578613 : 9 Next_heuristic_check_may_be_too_late ]
[175.582s][info][safepoint] Application time: 0.2471122 seconds
[175.583s][info][safepoint] Total time for which application threads were stopped: 0.0003400 seconds, Stopping threads took: 0.0000006 seconds
[175.583s][info][gc       ] [SPS 0.000 0.004 0.005 0.010 0.001 0.001 0.001 0.292 0.036 0.340 NewGC_pause1 175.582187 ]
[175.626s][info][safepoint] Application time: 0.0433865 seconds
[175.626s][info][safepoint] Total time for which application threads were stopped: 0.0001790 seconds, Stopping threads took: 0.0000005 seconds
[175.627s][info][gc       ] [SPS 0.000 0.001 0.000 0.007 0.000 0.001 0.000 0.146 0.023 0.179 NewGC_pause2 175.625753 ]
[175.628s][info][safepoint] Application time: 0.0025458 seconds
[175.629s][info][safepoint] Total time for which application threads were stopped: 0.0001860 seconds, Stopping threads took: 0.0000005 seconds
[175.629s][info][gc       ] [SPS 0.000 0.000 0.000 0.007 0.000 0.001 0.000 0.139 0.039 0.186 NewGC_pause3 175.628485 ]
[175.630s][info][safepoint] Application time: 0.0015561 seconds
[175.631s][info][safepoint] Total time for which application threads were stopped: 0.0002113 seconds, Stopping threads took: 0.0000005 seconds
[175.631s][info][gc       ] [SPS 0.000 0.003 0.002 0.007 0.000 0.001 0.000 0.178 0.025 0.211 NewGC_pause4 175.630252 ]
[175.631s][info][gc       ] [GC New Max 484-457 : 5120 2924 2138 5120 - - 1056 56 2 2 - : 118 1806 30 184 904 : 112 4 793 793 0 : 0 1 56 0 59 - 0 : 0.244187 2661.9 0.0 0.051486 2291.9 0.0 : 8 --c 0000 : 23 0 0.000 0.000 0 0.000 0.000 0 0.000 0.000 : 175.579389 175.581847 0.000295 175.625574 0.000113 175.628298 0.000069 175.630041 0.000125 : 175.630875 ]
[175.631s][info][gc       ] [SYSINFO 7581 191 89 0 7047 0 20 0 0 5745 : - - - - - - - - : 0 7168 : 2.86 1.57 1.55 : 278178 4215760 : 0 0 : 37 0 : 1547 2 0 259 : - 7676362752 333475840 1443495936 5939011584 199643136 93806592 : 140688591 5347760 151550 0 0 0 : 175.631132 ]
[175.631s][info][gc       ] [HUGEPAGESTAT 0 0 0 - 20840 0 0 : 610304 0 0 : 175.631132 ]
[175.631s][info][gc       ] [OBJCREAT 402536615 25766 21041152 : 175.631180 ]
[175.631s][info][gc       ] [HMSV All : 0 0 120 0 0 0 0 0 : 5062 0 0 0 : 175.631200 ]
[175.631s][info][gc       ] [HMSP 9 : 41100 0 : 175.631200 ]
[175.632s][info][gc       ] [VMAC 65530 166 24 430 620 : 175.631760 ]
[175.874s][info][gc       ] [GPGC-H  2885.8 590.2 0.0 0.0 : 3.8 : 0.475 1.197 : 0.847 1.740 0.864 1.882 : 3.244 1.408 1.030 2.196 1.953 0.445 : 0.000 : 95.846 : 786 1806 32 0 : 2267 : 4608 4424 : 175.873845 : 9 Next_heuristic_check_may_be_too_late ]
[175.877s][info][safepoint] Application time: 0.2463717 seconds
[175.878s][info][safepoint] Total time for which application threads were stopped: 0.0003682 seconds, Stopping threads took: 0.0000005 seconds
[175.878s][info][gc       ] [SPS 0.000 0.003 0.004 0.008 0.001 0.001 0.000 0.331 0.027 0.368 NewGC_pause1 175.876992 ]
[175.922s][info][safepoint] Application time: 0.0443987 seconds
[175.922s][info][safepoint] Total time for which application threads were stopped: 0.0001751 seconds, Stopping threads took: 0.0000005 seconds
[175.923s][info][gc       ] [SPS 0.000 0.001 0.000 0.008 0.000 0.001 0.000 0.141 0.025 0.175 NewGC_pause2 175.921566 ]
[175.924s][info][safepoint] Application time: 0.0023481 seconds
[175.925s][info][safepoint] Total time for which application threads were stopped: 0.0002238 seconds, Stopping threads took: 0.0000005 seconds
[175.925s][info][gc       ] [SPS 0.000 0.000 0.000 0.007 0.000 0.001 0.000 0.190 0.025 0.224 NewGC_pause3 175.924138 ]
[175.926s][info][safepoint] Application time: 0.0015388 seconds
[175.926s][info][safepoint] Total time for which application threads were stopped: 0.0001845 seconds, Stopping threads took: 0.0000005 seconds
[175.927s][info][gc       ] [SPS 0.000 0.002 0.002 0.007 0.000 0.001 0.000 0.153 0.024 0.185 NewGC_pause4 175.925862 ]
[175.927s][info][gc       ] [GC New Max 485-458 : 5120 2920 2134 5120 - - 1056 56 2 2 - : 112 1806 32 184 898 : 108 4 790 790 0 : 0 1 54 0 56 - 0 : 0.243404 2752.6 8.2 0.052161 2185.6 0.0 : 8 --c 0000 : 23 0 0.000 0.000 0 0.000 0.000 0 0.000 0.000 : 175.874279 175.876624 0.000295 175.921391 0.000072 175.923914 0.000149 175.925677 0.000107 : 175.926440 ]
[175.927s][info][gc       ] [SYSINFO 7581 191 89 0 7047 0 20 0 0 5745 : - - - - - - - - : 0 7168 : 2.86 1.57 1.55 : 278178 4215760 : 0 0 : 37 0 : 1547 2 0 259 : - 7676362752 333475840 1443495936 5939011584 199643136 93806592 : 140688591 5348350 151560 0 0 0 : 175.926704 ]
[175.927s][info][gc       ] [HUGEPAGESTAT 0 0 0 - 20840 0 0 : 610304 0 0 : 175.926704 ]
[175.927s][info][gc       ] [OBJCREAT 403314048 25766 21041152 : 175.926755 ]
[175.927s][info][gc       ] [HMSV All : 0 0 120 0 0 0 0 0 : 5062 0 0 0 : 175.926774 ]
[175.927s][info][gc       ] [HMSP 9 : 41100 0 : 175.926774 ]
[175.927s][info][gc       ] [VMAC 65530 166 24 430 620 : 175.927301 ]
[176.170s][info][gc       ] [GPGC-H  2885.8 590.2 0.0 0.0 : 3.8 : 0.473 1.197 : 0.847 1.740 0.864 1.882 : 3.234 1.408 1.030 2.196 1.953 0.445 : 0.000 : 95.580 : 786 1806 32 0 : 2267 : 4608 4424 : 176.170231 : 9 Next_heuristic_check_may_be_too_late ]
[176.174s][info][safepoint] Application time: 0.2475382 seconds
[176.174s][info][safepoint] Total time for which application threads were stopped: 0.0004356 seconds, Stopping threads took: 0.0000005 seconds
[176.175s][info][gc       ] [SPS 0.000 0.003 0.002 0.031 0.001 0.001 0.000 0.377 0.026 0.435 NewGC_pause1 176.173836 ]
[176.220s][info][safepoint] Application time: 0.0460408 seconds
[176.221s][info][safepoint] Total time for which application threads were stopped: 0.0001928 seconds, Stopping threads took: 0.0000005 seconds
[176.221s][info][gc       ] [SPS 0.000 0.001 0.000 0.007 0.000 0.001 0.000 0.161 0.023 0.193 NewGC_pause2 176.220070 ]
[176.223s][info][safepoint] Application time: 0.0029351 seconds
[176.224s][info][safepoint] Total time for which application threads were stopped: 0.0001969 seconds, Stopping threads took: 0.0000005 seconds
[176.224s][info][gc       ] [SPS 0.000 0.000 0.000 0.007 0.001 0.001 0.000 0.163 0.025 0.197 NewGC_pause3 176.223202 ]
[176.225s][info][safepoint] Application time: 0.0016599 seconds
[176.225s][info][safepoint] Total time for which application threads were stopped: 0.0001975 seconds, Stopping threads took: 0.0000005 seconds
[176.226s][info][gc       ] [SPS 0.000 0.002 0.002 0.007 0.001 0.001 0.000 0.164 0.025 0.198 NewGC_pause4 176.225059 ]
[176.226s][info][gc       ] [GC New Max 486-459 : 5120 2942 2156 5120 - - 1056 56 2 2 - : 134 1806 32 184 920 : 130 4 791 791 0 : 0 1 65 0 67 - 0 : 0.244276 2759.2 0.0 0.054875 2514.8 0.0 : 8 --c 0000 : 23 0 0.000 0.000 0 0.000 0.000 0 0.000 0.000 : 176.170716 176.173400 0.000340 176.219877 0.000129 176.223004 0.000132 176.224862 0.000132 : 176.225592 ]
[176.226s][info][gc       ] [SYSINFO 7581 191 89 0 7047 0 20 0 0 5745 : - - - - - - - - : 0 7168 : 2.86 1.57 1.55 : 278178 4215772 : 0 0 : 37 0 : 1547 2 0 259 : - 7676362752 333475840 1443495936 5939011584 199643136 93806592 : 140688591 5348990 151590 0 0 0 : 176.226175 ]
[176.226s][info][gc       ] [HUGEPAGESTAT 0 0 0 - 20840 0 0 : 610304 0 0 : 176.226175 ]
[176.226s][info][gc       ] [OBJCREAT 404118669 25766 21041152 : 176.226304 ]
[176.226s][info][gc       ] [HMSV All : 0 0 120 0 0 0 0 0 : 5062 0 0 0 : 176.226346 ]
[176.226s][info][gc       ] [HMSP 9 : 41100 0 : 176.226346 ]
[176.227s][info][gc       ] [VMAC 65530 166 24 430 620 : 176.226893 ]
[176.489s][info][gc       ] [GPGC-H  2885.8 590.2 0.0 0.0 : 3.8 : 0.472 1.197 : 0.847 1.740 0.864 1.882 : 3.224 1.408 1.030 2.196 1.953 0.445 : 0.000 : 95.313 : 802 1806 32 0 : 2267 : 4608 4424 : 176.489260 : 9 Next_heuristic_check_may_be_too_late ]
[176.493s][info][safepoint] Application time: 0.2672009 seconds
[176.493s][info][safepoint] Total time for which application threads were stopped: 0.0003602 seconds, Stopping threads took: 0.0000005 seconds
[176.494s][info][gc       ] [SPS 0.000 0.003 0.003 0.008 0.001 0.001 0.000 0.309 0.041 0.360 NewGC_pause1 176.492620 ]
[176.537s][info][safepoint] Application time: 0.0441316 seconds
[176.538s][info][safepoint] Total time for which application threads were stopped: 0.0001978 seconds, Stopping threads took: 0.0000005 seconds
[176.538s][info][gc       ] [SPS 0.000 0.002 0.000 0.007 0.000 0.001 0.000 0.166 0.023 0.198 NewGC_pause2 176.536950 ]
[176.540s][info][safepoint] Application time: 0.0027531 seconds
[176.540s][info][safepoint] Total time for which application threads were stopped: 0.0002168 seconds, Stopping threads took: 0.0000005 seconds
[176.541s][info][gc       ] [SPS 0.000 0.000 0.000 0.007 0.000 0.001 0.000 0.172 0.037 0.217 NewGC_pause3 176.539920 ]
[176.541s][info][safepoint] Application time: 0.0012978 seconds
[176.542s][info][safepoint] Total time for which application threads were stopped: 0.0001761 seconds, Stopping threads took: 0.0000005 seconds
[176.542s][info][gc       ] [SPS 0.000 0.002 0.002 0.007 0.000 0.001 0.000 0.144 0.024 0.176 NewGC_pause4 176.541394 ]
[176.542s][info][gc       ] [GC New Max 487-460 : 5120 2928 2124 5120 - - 1056 56 2 2 - : 102 1806 32 184 906 : 98 4 808 808 0 : 0 1 49 0 51 - 0 : 0.264355 2534.5 0.0 0.052027 2037.4 0.0 : 8 --c 0000 : 23 0 0.000 0.000 0 0.000 0.000 0 0.000 0.000 : 176.489946 176.492260 0.000265 176.536752 0.000113 176.539703 0.000111 176.541218 0.000112 : 176.541973 ]
[176.542s][info][gc       ] [SYSINFO 7581 191 89 0 7047 0 20 0 0 5745 : - - - - - - - - : 0 7168 : 2.86 1.57 1.55 : 278178 4215772 : 0 0 : 37 0 : 1547 2 0 259 : - 7676362752 333475840 1443495936 5939011584 199643136 93806592 : 140688591 5349630 151590 0 0 0 : 176.542270 ]
[176.542s][info][gc       ] [HUGEPAGESTAT 0 0 0 - 20840 0 0 : 610304 0 0 : 176.542270 ]
[176.542s][info][gc       ] [OBJCREAT 404884474 25766 21041152 : 176.542321 ]
[176.542s][info][gc       ] [HMSV All : 0 0 120 0 0 0 0 0 : 5062 0 0 0 : 176.542338 ]
[176.542s][info][gc       ] [HMSP 9 : 41100 0 : 176.542338 ]
[176.543s][info][gc       ] [VMAC 65530 166 24 430 620 : 176.542921 ]
[176.785s][info][gc       ] [GPGC-H  2885.8 590.2 0.0 0.0 : 3.8 : 0.470 1.197 : 0.847 1.740 0.864 1.882 : 3.213 1.408 1.030 2.196 1.953 0.445 : 0.000 : 95.025 : 750 1806 32 0 : 2267 : 4608 4424 : 176.785204 : 9 Next_heuristic_check_may_be_too_late ]
[176.789s][info][safepoint] Application time: 0.2474307 seconds
[176.790s][info][safepoint] Total time for which application threads were stopped: 0.0005529 seconds, Stopping threads took: 0.0000009 seconds
[176.790s][info][gc       ] [SPS 0.001 0.004 0.004 0.012 0.001 0.002 0.001 0.487 0.051 0.553 NewGC_pause1 176.789378 ]
[176.834s][info][safepoint] Application time: 0.0441693 seconds
[176.834s][info][safepoint] Total time for which application threads were stopped: 0.0001780 seconds, Stopping threads took: 0.0000005 seconds
[176.835s][info][gc       ] [SPS 0.000 0.001 0.000 0.007 0.000 0.001 0.000 0.135 0.033 0.178 NewGC_pause2 176.833725 ]
[176.837s][info][safepoint] Application time: 0.0027550 seconds
[176.837s][info][safepoint] Total time for which application threads were stopped: 0.0002147 seconds, Stopping threads took: 0.0000005 seconds
[176.837s][info][gc       ] [SPS 0.000 0.000 0.000 0.007 0.000 0.001 0.000 0.182 0.023 0.215 NewGC_pause3 176.836695 ]
[176.838s][info][safepoint] Application time: 0.0014355 seconds
[176.839s][info][safepoint] Total time for which application threads were stopped: 0.0001495 seconds, Stopping threads took: 0.0000005 seconds
[176.839s][info][gc       ] [SPS 0.000 0.002 0.002 0.007 0.000 0.001 0.000 0.110 0.031 0.150 NewGC_pause4 176.838280 ]
[176.839s][info][gc       ] [GC New Max 488-461 : 5120 2880 2130 5120 - - 1056 56 2 2 - : 108 1806 32 184 858 : 104 4 755 755 0 : 0 1 52 0 54 - 0 : 0.243959 2664.4 0.0 0.053032 2074.2 0.0 : 8 --c 0000 : 23 0 0.000 0.000 0 0.000 0.000 0 0.000 0.000 : 176.785932 176.788825 0.000491 176.833547 0.000097 176.836480 0.000141 176.838131 0.000105 : 176.838964 ]
[176.839s][info][gc       ] [SYSINFO 7581 191 89 0 7047 0 20 0 0 5745 : - - - - - - - - : 0 7168 : 2.86 1.57 1.55 : 278178 4215772 : 0 0 : 37 0 : 1547 2 0 259 : - 7676362752 333475840 1443495936 5939011584 199643136 93806592 : 140688591 5350210 151590 0 0 0 : 176.839307 ]
[176.839s][info][gc       ] [HUGEPAGESTAT 0 0 0 - 20840 0 0 : 610304 0 0 : 176.839307 ]
[176.839s][info][gc       ] [OBJCREAT 405639680 25766 21041152 : 176.839373 ]
[176.839s][info][gc       ] [HMSV All : 0 0 120 0 0 0 0 0 : 5062 0 0 0 : 176.839390 ]
[176.839s][info][gc       ] [HMSP 9 : 41100 0 : 176.839390 ]
[176.840s][info][gc       ] [VMAC 65530 166 24 430 620 : 176.840031 ]
[177.062s][info][gc       ] [GPGC-H  2885.8 590.2 0.0 0.0 : 3.8 : 0.469 1.197 : 0.847 1.740 0.864 1.882 : 3.203 1.408 1.030 2.196 1.953 0.445 : 0.000 : 94.761 : 776 1806 32 0 : 2267 : 4608 4424 : 177.061691 : 9 Next_heuristic_check_may_be_too_late ]
[177.065s][info][safepoint] Application time: 0.2265887 seconds
[177.066s][info][safepoint] Total time for which application threads were stopped: 0.0002559 seconds, Stopping threads took: 0.0000005 seconds
[177.066s][info][gc       ] [SPS 0.000 0.003 0.005 0.008 0.000 0.001 0.000 0.205 0.041 0.256 NewGC_pause1 177.065125 ]
[177.110s][info][safepoint] Application time: 0.0441516 seconds
[177.110s][info][safepoint] Total time for which application threads were stopped: 0.0002373 seconds, Stopping threads took: 0.0000009 seconds
[177.111s][info][gc       ] [SPS 0.000 0.001 0.000 0.026 0.001 0.002 0.002 0.185 0.022 0.237 NewGC_pause2 177.109514 ]
[177.112s][info][safepoint] Application time: 0.0026897 seconds
[177.113s][info][safepoint] Total time for which application threads were stopped: 0.0001448 seconds, Stopping threads took: 0.0000005 seconds
[177.113s][info][gc       ] [SPS 0.000 0.000 0.000 0.007 0.000 0.001 0.000 0.113 0.024 0.145 NewGC_pause3 177.112349 ]
[177.114s][info][safepoint] Application time: 0.0013926 seconds
[177.114s][info][safepoint] Total time for which application threads were stopped: 0.0001793 seconds, Stopping threads took: 0.0000005 seconds
[177.115s][info][gc       ] [SPS 0.000 0.002 0.002 0.007 0.000 0.001 0.000 0.146 0.024 0.179 NewGC_pause4 177.113921 ]
[177.115s][info][gc       ] [GC New Max 489-462 : 5120 2914 2138 5120 - - 1056 56 2 2 - : 116 1806 32 184 892 : 112 4 781 781 0 : 0 1 56 0 58 - 0 : 0.223387 2999.3 0.0 0.051935 2272.1 0.0 : 8 --c 0000 : 23 0 0.000 0.000 0 0.000 0.000 0 0.000 0.000 : 177.062351 177.064869 0.000122 177.109277 0.000136 177.112204 0.000066 177.113741 0.000108 : 177.114286 ]
[177.115s][info][gc       ] [SYSINFO 7581 191 89 0 7047 0 20 0 0 5745 : - - - - - - - - : 0 7168 : 2.86 1.57 1.55 : 278178 4215772 : 0 0 : 37 0 : 1547 2 0 259 : - 7676362752 333475840 1443495936 5939011584 199643136 93806592 : 140688591 5350800 151590 0 0 0 : 177.114527 ]
[177.115s][info][gc       ] [HUGEPAGESTAT 0 0 0 - 20840 0 0 : 610304 0 0 : 177.114527 ]
[177.115s][info][gc       ] [OBJCREAT 406418224 25766 21041152 : 177.114575 ]
[177.115s][info][gc       ] [HMSV All : 0 0 120 0 0 0 0 0 : 5062 0 0 0 : 177.114592 ]
[177.115s][info][gc       ] [HMSP 9 : 41100 0 : 177.114592 ]
[177.115s][info][gc       ] [VMAC 65530 166 24 430 620 : 177.115174 ]
[177.338s][info][gc       ] [GPGC-H  2885.8 590.2 0.0 0.0 : 3.8 : 0.468 1.197 : 0.847 1.740 0.864 1.882 : 3.193 1.408 1.030 2.196 1.953 0.445 : 0.000 : 94.520 : 794 1806 32 0 : 2267 : 4608 4424 : 177.338191 : 9 Next_heuristic_check_may_be_too_late ]
[177.342s][info][safepoint] Application time: 0.2272478 seconds
[177.342s][info][safepoint] Total time for which application threads were stopped: 0.0003844 seconds, Stopping threads took: 0.0000005 seconds
[177.343s][info][gc       ] [SPS 0.000 0.004 0.002 0.008 0.001 0.001 0.000 0.333 0.042 0.385 NewGC_pause1 177.341553 ]
[177.387s][info][safepoint] Application time: 0.0450437 seconds
[177.387s][info][safepoint] Total time for which application threads were stopped: 0.0001917 seconds, Stopping threads took: 0.0000005 seconds
[177.388s][info][gc       ] [SPS 0.000 0.001 0.000 0.007 0.001 0.001 0.000 0.160 0.023 0.192 NewGC_pause2 177.386789 ]
[177.390s][info][safepoint] Application time: 0.0027063 seconds
[177.390s][info][safepoint] Total time for which application threads were stopped: 0.0001405 seconds, Stopping threads took: 0.0000005 seconds
[177.390s][info][gc       ] [SPS 0.000 0.000 0.000 0.007 0.000 0.001 0.000 0.113 0.019 0.140 NewGC_pause3 177.389636 ]
[177.391s][info][safepoint] Application time: 0.0012998 seconds
[177.391s][info][safepoint] Total time for which application threads were stopped: 0.0002258 seconds, Stopping threads took: 0.0000013 seconds
[177.392s][info][gc       ] [SPS 0.000 0.006 0.005 0.019 0.001 0.002 0.001 0.178 0.025 0.226 NewGC_pause4 177.391162 ]
[177.392s][info][gc       ] [GC New Max 490-463 : 5120 2942 2148 5120 - - 1056 56 2 2 - : 126 1806 32 184 920 : 118 6 799 799 0 : 0 1 59 0 63 - 0 : 0.224559 3028.2 0.0 0.052884 2420.4 0.0 : 8 --c 0000 : 23 0 0.000 0.000 0 0.000 0.000 0 0.000 0.000 : 177.338845 177.341169 0.000297 177.386597 0.000112 177.389495 0.000115 177.390936 0.000145 : 177.391729 ]
[177.392s][info][gc       ] [SYSINFO 7581 191 89 0 7047 0 20 0 0 5745 : - - - - - - - - : 0 7168 : 2.86 1.57 1.55 : 278178 4215772 : 0 0 : 37 0 : 1547 2 0 259 : - 7676362752 333475840 1443495936 5939011584 199643136 93806592 : 140688591 5351390 151620 0 0 0 : 177.391976 ]
[177.392s][info][gc       ] [HUGEPAGESTAT 0 0 0 - 20840 0 0 : 610304 0 0 : 177.391976 ]
[177.392s][info][gc       ] [OBJCREAT 407219050 25766 21041152 : 177.392024 ]
[177.392s][info][gc       ] [HMSV All : 0 0 120 0 0 0 0 0 : 5062 0 0 0 : 177.392043 ]
[177.392s][info][gc       ] [HMSP 9 : 41100 0 : 177.392043 ]
[177.393s][info][gc       ] [VMAC 65530 166 24 430 620 : 177.392660 ]
[177.635s][info][gc       ] [GPGC-H  2878.8 576.6 0.0 0.0 : 3.7 : 0.466 1.197 : 0.847 1.740 0.864 1.882 : 3.184 1.408 1.030 2.196 1.953 0.445 : 0.000 : 94.279 : 800 1806 32 0 : 2267 : 4608 4424 : 177.635378 : 9 Next_heuristic_check_may_be_too_late ]
[177.639s][info][safepoint] Application time: 0.2471180 seconds
[177.639s][info][safepoint] Total time for which application threads were stopped: 0.0002328 seconds, Stopping threads took: 0.0000011 seconds
[177.640s][info][gc       ] [SPS 0.000 0.005 0.007 0.016 0.001 0.002 0.001 0.193 0.020 0.233 NewGC_pause1 177.638513 ]
[177.684s][info][safepoint] Application time: 0.0455681 seconds
[177.685s][info][safepoint] Total time for which application threads were stopped: 0.0001909 seconds, Stopping threads took: 0.0000005 seconds
[177.686s][info][gc       ] [SPSH lock suspend gclocker notify wait resuspend cleanup op_time wakeup total(ms) op_name end(s) ]
[177.686s][info][gc       ] [SPS 0.000 0.001 0.000 0.007 0.000 0.001 0.000 0.160 0.023 0.191 NewGC_pause2 177.684272 ]
[177.687s][info][safepoint] Application time: 0.0030554 seconds
[177.688s][info][safepoint] Total time for which application threads were stopped: 0.0001667 seconds, Stopping threads took: 0.0000005 seconds
[177.688s][info][gc       ] [SPS 0.000 0.000 0.000 0.007 0.001 0.001 0.000 0.136 0.023 0.167 NewGC_pause3 177.687494 ]
[177.690s][info][safepoint] Application time: 0.0026915 seconds
[177.691s][info][safepoint] Total time for which application threads were stopped: 0.0001957 seconds, Stopping threads took: 0.0000014 seconds
[177.691s][info][gc       ] [SPS 0.000 0.005 0.004 0.018 0.001 0.002 0.001 0.149 0.024 0.196 NewGC_pause4 177.690382 ]
[177.691s][info][gc       ] [GC New Max 491-464 : 5120 2956 2158 5120 - - 1056 56 2 2 - : 136 1806 32 184 934 : 130 4 805 805 0 : 0 1 65 0 68 - 0 : 0.244169 2768.6 0.0 0.055232 2498.6 0.0 : 8 --c 0000 : 23 0 0.000 0.000 0 0.000 0.000 0 0.000 0.000 : 177.635897 177.638280 0.000207 177.684081 0.000106 177.687327 0.000104 177.690186 0.000132 : 177.691129 ]
[177.691s][info][gc       ] [SYSINFO 7581 191 89 0 7047 0 20 0 0 5745 : - - - - - - - - : 0 7168 : 2.86 1.57 1.55 : 278178 4215772 : 0 0 : 37 0 : 1547 2 0 259 : - 7676362752 333475840 1443495936 5939011584 199643136 93806592 : 140688591 5351950 151650 0 0 0 : 177.691396 ]
[177.691s][info][gc       ] [HUGEPAGESTAT 0 0 0 - 20840 0 0 : 610304 0 0 : 177.691396 ]
[177.691s][info][gc       ] [OBJCREAT 408025300 25766 21041152 : 177.691449 ]
[177.691s][info][gc       ] [HMSV All : 0 0 120 0 0 0 0 0 : 5062 0 0 0 : 177.691468 ]
[177.691s][info][gc       ] [HMSP 9 : 41100 0 : 177.691468 ]
[177.692s][info][gc       ] [VMAC 65530 166 24 430 620 : 177.692094 ]
[177.935s][info][gc       ] [GPGC-H  2878.8 576.6 0.0 0.0 : 3.7 : 0.465 1.197 : 0.847 1.740 0.864 1.882 : 3.174 1.408 1.030 2.196 1.953 0.445 : 0.000 : 94.017 : 800 1806 32 0 : 2267 : 4608 4424 : 177.935188 : 9 Next_heuristic_check_may_be_too_late ]
[177.938s][info][safepoint] Application time: 0.2475373 seconds
[177.939s][info][safepoint] Total time for which application threads were stopped: 0.0003705 seconds, Stopping threads took: 0.0000005 seconds
[177.939s][info][gc       ] [SPS 0.000 0.003 0.005 0.009 0.001 0.001 0.000 0.315 0.044 0.370 NewGC_pause1 177.938290 ]
[177.985s][info][safepoint] Application time: 0.0464355 seconds
[177.986s][info][safepoint] Total time for which application threads were stopped: 0.0001971 seconds, Stopping threads took: 0.0000005 seconds
[177.986s][info][gc       ] [SPS 0.000 0.001 0.000 0.007 0.001 0.001 0.000 0.166 0.022 0.197 NewGC_pause2 177.984922 ]
[177.988s][info][safepoint] Application time: 0.0031195 seconds
[177.989s][info][safepoint] Total time for which application threads were stopped: 0.0002446 seconds, Stopping threads took: 0.0000013 seconds
[177.989s][info][gc       ] [SPS 0.000 0.001 0.000 0.018 0.001 0.002 0.001 0.183 0.038 0.245 NewGC_pause3 177.988287 ]
[177.990s][info][safepoint] Application time: 0.0017104 seconds
[177.991s][info][safepoint] Total time for which application threads were stopped: 0.0001919 seconds, Stopping threads took: 0.0000005 seconds
[177.991s][info][gc       ] [SPS 0.000 0.003 0.002 0.007 0.000 0.001 0.000 0.159 0.024 0.192 NewGC_pause4 177.990189 ]
[177.991s][info][gc       ] [GC New Max 492-465 : 5120 2942 2142 5120 - - 1056 56 2 2 - : 120 1806 32 184 920 : 116 4 805 805 0 : 0 1 58 0 60 - 0 : 0.244536 2723.5 0.0 0.055290 2206.5 0.0 : 8 --c 0000 : 23 0 0.000 0.000 0 0.000 0.000 0 0.000 0.000 : 177.935665 177.937919 0.000275 177.984725 0.000125 177.988042 0.000164 177.989997 0.000128 : 177.990956 ]
[177.991s][info][gc       ] [SYSINFO 7581 191 89 0 7047 0 20 0 0 5745 : - - - - - - - - : 0 7168 : 2.86 1.57 1.55 : 278178 4215772 : 0 0 : 37 0 : 1547 3 0 259 : - 7676362752 333475840 1443495936 5939011584 199643136 93806592 : 140688591 5352620 151710 0 0 0 : 177.991291 ]
[177.991s][info][gc       ] [HUGEPAGESTAT 0 0 0 - 20840 0 0 : 610304 0 0 : 177.991291 ]
[177.991s][info][gc       ] [OBJCREAT 408805961 25766 21041152 : 177.991342 ]
[177.991s][info][gc       ] [HMSV All : 0 0 120 0 0 0 0 0 : 5062 0 0 0 : 177.991361 ]
[177.991s][info][gc       ] [HMSP 9 : 41100 0 : 177.991361 ]
[177.992s][info][gc       ] [VMAC 65530 166 24 430 620 : 177.991954 ]
[178.235s][info][gc       ] [GPGC-H  2878.8 576.6 0.0 0.0 : 3.7 : 0.463 1.197 : 0.847 1.740 0.864 1.882 : 3.164 1.408 1.030 2.196 1.953 0.445 : 0.000 : 93.755 : 764 1806 32 0 : 2267 : 4608 4424 : 178.235290 : 9 Next_heuristic_check_may_be_too_late ]
[178.239s][info][safepoint] Application time: 0.2478670 seconds
[178.239s][info][safepoint] Total time for which application threads were stopped: 0.0004913 seconds, Stopping threads took: 0.0000005 seconds
[178.239s][info][gc       ] [SPS 0.000 0.003 0.004 0.008 0.000 0.001 0.000 0.454 0.028 0.491 NewGC_pause1 178.238548 ]
[178.284s][info][safepoint] Application time: 0.0450221 seconds
[178.284s][info][safepoint] Total time for which application threads were stopped: 0.0001706 seconds, Stopping threads took: 0.0000005 seconds
[178.285s][info][gc       ] [SPS 0.000 0.001 0.000 0.007 0.000 0.001 0.000 0.138 0.024 0.171 NewGC_pause2 178.283741 ]
[178.287s][info][safepoint] Application time: 0.0026105 seconds
[178.287s][info][safepoint] Total time for which application threads were stopped: 0.0001947 seconds, Stopping threads took: 0.0000005 seconds
[178.287s][info][gc       ] [SPS 0.000 0.000 0.000 0.007 0.000 0.001 0.000 0.162 0.025 0.195 NewGC_pause3 178.286546 ]
[178.288s][info][safepoint] Application time: 0.0013704 seconds
[178.288s][info][safepoint] Total time for which application threads were stopped: 0.0001792 seconds, Stopping threads took: 0.0000005 seconds
[178.289s][info][gc       ] [SPS 0.000 0.003 0.002 0.007 0.000 0.001 0.000 0.144 0.027 0.179 NewGC_pause4 178.288096 ]
[178.289s][info][gc       ] [GC New Max 493-466 : 5120 2894 2126 5120 - - 1056 56 2 2 - : 104 1806 32 184 872 : 100 4 770 770 0 : 0 1 50 0 52 - 0 : 0.244939 2637.4 0.0 0.052667 2050.6 0.0 : 8 --c 0000 : 23 0 0.000 0.000 0 0.000 0.000 0 0.000 0.000 : 178.235895 178.238057 0.000427 178.283570 0.000107 178.286351 0.000115 178.287916 0.000102 : 178.288562 ]
[178.289s][info][gc       ] [SYSINFO 7581 191 89 0 7047 0 20 0 0 5745 : - - - - - - - - : 0 7168 : 2.86 1.57 1.55 : 278178 4215772 : 0 0 : 37 0 : 1547 2 0 259 : - 7676362752 333475840 1443495936 5939011584 199643136 93806592 : 140688591 5353170 151780 0 0 0 : 178.288834 ]
[178.289s][info][gc       ] [HUGEPAGESTAT 0 0 0 - 20840 0 0 : 610304 0 0 : 178.288834 ]
[178.289s][info][gc       ] [OBJCREAT 409551595 25766 21041152 : 178.288887 ]
[178.289s][info][gc       ] [HMSV All : 0 0 120 0 0 0 0 0 : 5062 0 0 0 : 178.288902 ]
[178.289s][info][gc       ] [HMSP 9 : 41100 0 : 178.288902 ]
[178.289s][info][gc       ] [VMAC 65530 166 24 430 620 : 178.289485 ]
[178.532s][info][gc       ] [GPGC-H  2878.8 576.6 0.0 0.0 : 3.7 : 0.462 1.197 : 0.847 1.740 0.864 1.882 : 3.154 1.408 1.030 2.196 1.953 0.445 : 0.000 : 93.494 : 790 1806 32 0 : 2267 : 4608 4424 : 178.531569 : 9 Next_heuristic_check_may_be_too_late ]
[178.535s][info][safepoint] Application time: 0.2465262 seconds
[178.535s][info][safepoint] Total time for which application threads were stopped: 0.0004082 seconds, Stopping threads took: 0.0000005 seconds
[178.536s][info][gc       ] [SPS 0.000 0.003 0.005 0.008 0.001 0.001 0.000 0.370 0.028 0.408 NewGC_pause1 178.535030 ]
[178.581s][info][safepoint] Application time: 0.0457286 seconds
[178.582s][info][safepoint] Total time for which application threads were stopped: 0.0001982 seconds, Stopping threads took: 0.0000005 seconds
[178.582s][info][gc       ] [SPS 0.000 0.001 0.000 0.008 0.000 0.001 0.000 0.165 0.024 0.198 NewGC_pause2 178.580957 ]
[178.584s][info][safepoint] Application time: 0.0025279 seconds
[178.584s][info][safepoint] Total time for which application threads were stopped: 0.0001841 seconds, Stopping threads took: 0.0000005 seconds
[178.584s][info][gc       ] [SPS 0.000 0.000 0.000 0.007 0.000 0.001 0.000 0.151 0.025 0.184 NewGC_pause3 178.583669 ]
[178.585s][info][safepoint] Application time: 0.0015841 seconds
[178.586s][info][safepoint] Total time for which application threads were stopped: 0.0002138 seconds, Stopping threads took: 0.0000005 seconds
[178.586s][info][gc       ] [SPS 0.000 0.003 0.002 0.007 0.000 0.001 0.000 0.165 0.040 0.214 NewGC_pause4 178.585468 ]
[178.586s][info][gc       ] [GC New Max 494-467 : 5120 2954 2162 5120 - - 1056 56 2 2 - : 140 1806 32 184 932 : 136 4 796 796 0 : 0 1 68 0 70 - 0 : 0.243586 2824.5 0.0 0.053842 2674.5 0.0 : 8 --c 0000 : 23 0 0.000 0.000 0 0.000 0.000 0 0.000 0.000 : 178.532148 178.534622 0.000326 178.580759 0.000112 178.583485 0.000117 178.585254 0.000128 : 178.585989 ]
[178.586s][info][gc       ] [SYSINFO 7581 191 89 0 7047 0 20 0 0 5745 : - - - - - - - - : 0 7168 : 2.86 1.57 1.55 : 278178 4215772 : 0 0 : 37 0 : 1547 2 0 259 : - 7676362752 333475840 1443495936 5939011584 199643136 93806592 : 140688591 5353810 151870 0 0 0 : 178.586233 ]
[178.586s][info][gc       ] [HUGEPAGESTAT 0 0 0 - 20840 0 0 : 610304 0 0 : 178.586233 ]
[178.586s][info][gc       ] [OBJCREAT 410374300 25766 21041152 : 178.586281 ]
[178.586s][info][gc       ] [HMSV All : 0 0 120 0 0 0 0 0 : 5062 0 0 0 : 178.586298 ]
[178.586s][info][gc       ] [HMSP 9 : 41100 0 : 178.586298 ]
[178.587s][info][gc       ] [VMAC 65530 166 24 430 620 : 178.587000 ]
[178.810s][info][gc       ] [GPGC-H  2878.8 576.6 0.0 0.0 : 3.7 : 0.461 1.197 : 0.847 1.740 0.864 1.882 : 3.144 1.408 1.030 2.196 1.953 0.445 : 0.000 : 93.236 : 776 1806 32 0 : 2267 : 4608 4424 : 178.809830 : 9 Next_heuristic_check_may_be_too_late ]
[178.813s][info][safepoint] Application time: 0.2267107 seconds
[178.813s][info][safepoint] Total time for which application threads were stopped: 0.0004062 seconds, Stopping threads took: 0.0000006 seconds
[178.813s][info][gc       ] [SPS 0.000 0.003 0.003 0.008 0.001 0.001 0.000 0.353 0.043 0.406 NewGC_pause1 178.812585 ]
[178.858s][info][safepoint] Application time: 0.0454627 seconds
[178.859s][info][safepoint] Total time for which application threads were stopped: 0.0002181 seconds, Stopping threads took: 0.0000005 seconds
[178.860s][info][gc       ] [SPS 0.000 0.001 0.000 0.007 0.000 0.001 0.000 0.186 0.023 0.218 NewGC_pause2 178.858266 ]
[178.861s][info][safepoint] Application time: 0.0027579 seconds
[178.861s][info][safepoint] Total time for which application threads were stopped: 0.0002141 seconds, Stopping threads took: 0.0000005 seconds
[178.862s][info][gc       ] [SPS 0.000 0.000 0.000 0.007 0.000 0.001 0.000 0.183 0.022 0.214 NewGC_pause3 178.861238 ]
[178.863s][info][safepoint] Application time: 0.0015069 seconds
[178.863s][info][safepoint] Total time for which application threads were stopped: 0.0002059 seconds, Stopping threads took: 0.0000005 seconds
[178.864s][info][gc       ] [SPS 0.000 0.002 0.002 0.007 0.000 0.001 0.000 0.171 0.026 0.206 NewGC_pause4 178.862951 ]
[178.864s][info][gc       ] [GC New Max 495-468 : 5120 2938 2162 5120 - - 1056 56 2 2 - : 140 1806 32 184 916 : 134 4 780 780 0 : 0 1 67 0 70 - 0 : 0.224341 2843.9 0.0 0.053255 2666.4 0.0 : 8 --c 0000 : 23 0 0.000 0.000 0 0.000 0.000 0 0.000 0.000 : 178.810330 178.812179 0.000304 178.858048 0.000145 178.861024 0.000125 178.862745 0.000119 : 178.863585 ]
[178.864s][info][gc       ] [SYSINFO 7581 191 89 0 7047 0 20 0 0 5745 : - - - - - - - - : 0 7168 : 2.86 1.57 1.55 : 278178 4215772 : 0 0 : 37 0 : 1547 2 0 259 : - 7676362752 333475840 1443495936 5939011584 199643136 93806592 : 140688591 5354410 151930 0 0 0 : 178.863868 ]
[178.864s][info][gc       ] [HUGEPAGESTAT 0 0 0 - 20840 0 0 : 610304 0 0 : 178.863868 ]
[178.864s][info][gc       ] [OBJCREAT 411144393 25766 21041152 : 178.863919 ]
[178.864s][info][gc       ] [HMSV All : 0 0 120 0 0 0 0 0 : 5062 0 0 0 : 178.863937 ]
[178.864s][info][gc       ] [HMSP 9 : 41100 0 : 178.863937 ]
[178.864s][info][gc       ] [VMAC 65530 166 24 430 620 : 178.864440 ]
[179.087s][info][gc       ] [GPGC-H  2878.8 576.6 0.0 0.0 : 3.7 : 0.459 1.197 : 0.847 1.740 0.864 1.882 : 3.135 1.408 1.030 2.196 1.953 0.445 : 0.000 : 92.999 : 790 1806 32 0 : 2267 : 4608 4424 : 179.087457 : 9 Next_heuristic_check_may_be_too_late ]
[179.091s][info][safepoint] Application time: 0.2280840 seconds
[179.092s][info][safepoint] Total time for which application threads were stopped: 0.0003842 seconds, Stopping threads took: 0.0000005 seconds
[179.093s][info][gc       ] [SPS 0.000 0.003 0.003 0.008 0.001 0.001 0.000 0.347 0.027 0.384 NewGC_pause1 179.091419 ]
[179.136s][info][safepoint] Application time: 0.0442913 seconds
[179.136s][info][safepoint] Total time for which application threads were stopped: 0.0001998 seconds, Stopping threads took: 0.0000005 seconds
[179.137s][info][gc       ] [SPS 0.000 0.001 0.000 0.007 0.000 0.001 0.000 0.167 0.024 0.200 NewGC_pause2 179.135910 ]
[179.139s][info][safepoint] Application time: 0.0025492 seconds
[179.139s][info][safepoint] Total time for which application threads were stopped: 0.0001843 seconds, Stopping threads took: 0.0000005 seconds
[179.139s][info][gc       ] [SPS 0.000 0.000 0.000 0.007 0.000 0.001 0.000 0.152 0.024 0.185 NewGC_pause3 179.138644 ]
[179.140s][info][safepoint] Application time: 0.0015628 seconds
[179.141s][info][safepoint] Total time for which application threads were stopped: 0.0001809 seconds, Stopping threads took: 0.0000005 seconds
[179.141s][info][gc       ] [SPS 0.000 0.003 0.002 0.007 0.001 0.001 0.000 0.149 0.024 0.181 NewGC_pause4 179.140388 ]
[179.141s][info][gc       ] [GC New Max 496-469 : 5120 2950 2156 5120 - - 1056 56 2 2 - : 134 1806 32 184 928 : 130 4 797 797 0 : 0 1 65 0 67 - 0 : 0.224470 2904.6 0.0 0.052846 2611.3 0.0 : 8 --c 0000 : 23 0 0.000 0.000 0 0.000 0.000 0 0.000 0.000 : 179.088056 179.091035 0.000295 179.135711 0.000107 179.138459 0.000116 179.140207 0.000106 : 179.140902 ]
[179.141s][info][gc       ] [SYSINFO 7581 191 89 0 7047 0 20 0 0 5745 : - - - - - - - - : 0 7168 : 2.86 1.57 1.55 : 278178 4215772 : 0 0 : 37 0 : 1547 2 0 259 : - 7676362752 333475840 1443495936 5939011584 199643136 93806592 : 140688591 5355020 151950 0 0 0 : 179.141181 ]
[179.141s][info][gc       ] [HUGEPAGESTAT 0 0 0 - 20840 0 0 : 610304 0 0 : 179.141181 ]
[179.141s][info][gc       ] [OBJCREAT 411929107 25766 21041152 : 179.141240 ]
[179.141s][info][gc       ] [HMSV All : 0 0 120 0 0 0 0 0 : 5062 0 0 0 : 179.141258 ]
[179.141s][info][gc       ] [HMSP 9 : 41100 0 : 179.141258 ]
[179.142s][info][gc       ] [VMAC 65530 166 24 430 620 : 179.141850 ]
[179.364s][info][gc       ] [GPGC-H  2878.8 576.6 0.0 0.0 : 3.7 : 0.458 1.197 : 0.847 1.740 0.864 1.882 : 3.126 1.408 1.030 2.196 1.953 0.445 : 0.000 : 92.762 : 794 1806 32 0 : 2267 : 4608 4424 : 179.364345 : 9 Next_heuristic_check_may_be_too_late ]
[179.367s][info][safepoint] Application time: 0.2266743 seconds
[179.368s][info][safepoint] Total time for which application threads were stopped: 0.0002041 seconds, Stopping threads took: 0.0000005 seconds
[179.369s][info][gc       ] [SPS 0.000 0.003 0.003 0.008 0.000 0.001 0.000 0.168 0.027 0.204 NewGC_pause1 179.367266 ]
[179.413s][info][safepoint] Application time: 0.0452407 seconds
[179.413s][info][safepoint] Total time for which application threads were stopped: 0.0002183 seconds, Stopping threads took: 0.0000005 seconds
[179.414s][info][gc       ] [SPS 0.000 0.001 0.000 0.007 0.000 0.001 0.000 0.174 0.035 0.218 NewGC_pause2 179.412726 ]
[179.416s][info][safepoint] Application time: 0.0026948 seconds
[179.416s][info][safepoint] Total time for which application threads were stopped: 0.0001847 seconds, Stopping threads took: 0.0000005 seconds
[179.416s][info][gc       ] [SPS 0.000 0.000 0.000 0.007 0.000 0.001 0.000 0.151 0.025 0.185 NewGC_pause3 179.415605 ]
[179.417s][info][safepoint] Application time: 0.0014609 seconds
[179.418s][info][safepoint] Total time for which application threads were stopped: 0.0001861 seconds, Stopping threads took: 0.0000005 seconds
[179.418s][info][gc       ] [SPS 0.000 0.003 0.002 0.007 0.000 0.001 0.000 0.150 0.027 0.186 NewGC_pause4 179.417252 ]
[179.418s][info][gc       ] [GC New Max 497-470 : 5120 2934 2140 5120 - - 1056 56 2 2 - : 118 1806 32 184 912 : 112 4 799 799 0 : 0 1 56 0 59 - 0 : 0.223942 2956.1 0.0 0.052888 2269.0 0.0 : 8 --c 0000 : 23 0 0.000 0.000 0 0.000 0.000 0 0.000 0.000 : 179.364844 179.367062 0.000109 179.412507 0.000117 179.415420 0.000108 179.417066 0.000112 : 179.417732 ]
[179.418s][info][gc       ] [SYSINFO 7581 191 89 0 7047 0 20 0 0 5745 : - - - - - - - - : 0 7168 : 2.86 1.57 1.55 : 278178 4215772 : 0 0 : 37 0 : 1547 3 0 259 : - 7676362752 333475840 1443495936 5939011584 199643136 93806592 : 140688591 5355550 151960 0 0 0 : 179.418026 ]
[179.418s][info][gc       ] [HUGEPAGESTAT 0 0 0 - 20840 0 0 : 610304 0 0 : 179.418026 ]
[179.418s][info][gc       ] [OBJCREAT 412702096 25766 21041152 : 179.418075 ]
[179.418s][info][gc       ] [HMSV All : 0 0 120 0 0 0 0 0 : 5062 0 0 0 : 179.418092 ]
[179.418s][info][gc       ] [HMSP 9 : 41100 0 : 179.418092 ]
[179.419s][info][gc       ] [VMAC 65530 166 24 430 620 : 179.418654 ]
[179.661s][info][gc       ] [GPGC-H  2873.3 563.3 0.0 0.0 : 3.7 : 0.457 1.197 : 0.847 1.740 0.864 1.882 : 3.117 1.408 1.030 2.196 1.953 0.445 : 0.000 : 92.527 : 774 1806 32 0 : 2267 : 4608 4424 : 179.661291 : 9 Next_heuristic_check_may_be_too_late ]
[179.665s][info][safepoint] Application time: 0.2471839 seconds
[179.665s][info][safepoint] Total time for which application threads were stopped: 0.0002496 seconds, Stopping threads took: 0.0000005 seconds
[179.666s][info][gc       ] [SPS 0.000 0.003 0.003 0.008 0.001 0.001 0.000 0.214 0.026 0.250 NewGC_pause1 179.664686 ]
[179.712s][info][safepoint] Application time: 0.0467782 seconds
[179.712s][info][safepoint] Total time for which application threads were stopped: 0.0001921 seconds, Stopping threads took: 0.0000005 seconds
[179.713s][info][gc       ] [SPS 0.000 0.001 0.000 0.007 0.000 0.001 0.000 0.160 0.023 0.192 NewGC_pause2 179.711657 ]
[179.715s][info][safepoint] Application time: 0.0030161 seconds
[179.715s][info][safepoint] Total time for which application threads were stopped: 0.0001900 seconds, Stopping threads took: 0.0000005 seconds
[179.716s][info][gc       ] [SPS 0.000 0.000 0.000 0.007 0.000 0.001 0.000 0.157 0.024 0.190 NewGC_pause3 179.714863 ]
[179.717s][info][safepoint] Application time: 0.0019452 seconds
[179.717s][info][safepoint] Total time for which application threads were stopped: 0.0002097 seconds, Stopping threads took: 0.0000005 seconds
[179.718s][info][gc       ] [SPS 0.000 0.003 0.002 0.007 0.000 0.001 0.000 0.178 0.024 0.210 NewGC_pause4 179.717018 ]
[179.718s][info][gc       ] [GC New Max 498-471 : 5120 2920 2146 5120 - - 1056 56 2 2 - : 124 1806 32 184 898 : 118 4 779 779 0 : 0 1 59 0 62 - 0 : 0.244334 2693.0 0.0 0.055452 2272.2 0.0 : 8 --c 0000 : 23 0 0.000 0.000 0 0.000 0.000 0 0.000 0.000 : 179.662066 179.664436 0.000135 179.711464 0.000127 179.714673 0.000123 179.716808 0.000138 : 179.717518 ]
[179.718s][info][gc       ] [SYSINFO 7581 191 89 0 7047 0 20 0 0 5745 : - - - - - - - - : 0 7168 : 3.35 1.70 1.59 : 278178 4215772 : 0 0 : 37 0 : 1547 3 0 259 : - 7676362752 333475840 1443495936 5939011584 199643136 93806592 : 140688591 5356170 151960 0 0 0 : 179.717837 ]
[179.718s][info][gc       ] [HUGEPAGESTAT 0 0 0 - 20840 0 0 : 610304 0 0 : 179.717837 ]
[179.718s][info][gc       ] [OBJCREAT 413479106 25766 21041152 : 179.717904 ]
[179.718s][info][gc       ] [HMSV All : 0 0 120 0 0 0 0 0 : 5062 0 0 0 : 179.717937 ]
[179.718s][info][gc       ] [HMSP 9 : 41100 0 : 179.717937 ]
[179.719s][info][gc       ] [VMAC 65530 166 24 430 620 : 179.718523 ]
[179.942s][info][gc       ] [GPGC-H  2873.3 563.3 0.0 0.0 : 3.7 : 0.455 1.197 : 0.847 1.740 0.864 1.882 : 3.107 1.408 1.030 2.196 1.953 0.445 : 0.000 : 92.271 : 824 1806 32 0 : 2267 : 4608 4424 : 179.941751 : 9 Next_heuristic_check_may_be_too_late ]
[179.945s][info][safepoint] Application time: 0.2275519 seconds
[179.945s][info][safepoint] Total time for which application threads were stopped: 0.0002308 seconds, Stopping threads took: 0.0000005 seconds
[179.946s][info][gc       ] [SPS 0.000 0.003 0.003 0.008 0.000 0.001 0.000 0.194 0.027 0.231 NewGC_pause1 179.944801 ]
[179.991s][info][safepoint] Application time: 0.0460570 seconds
[179.992s][info][safepoint] Total time for which application threads were stopped: 0.0002185 seconds, Stopping threads took: 0.0000005 seconds
[179.992s][info][gc       ] [SPS 0.000 0.001 0.000 0.007 0.000 0.001 0.001 0.185 0.025 0.219 NewGC_pause2 179.991076 ]
[179.994s][info][safepoint] Application time: 0.0025978 seconds
[179.994s][info][safepoint] Total time for which application threads were stopped: 0.0001831 seconds, Stopping threads took: 0.0000005 seconds
[179.995s][info][gc       ] [SPS 0.000 0.000 0.000 0.007 0.000 0.001 0.000 0.148 0.027 0.183 NewGC_pause3 179.993858 ]
[179.996s][info][safepoint] Application time: 0.0014799 seconds
[179.996s][info][safepoint] Total time for which application threads were stopped: 0.0002018 seconds, Stopping threads took: 0.0000005 seconds
[179.996s][info][gc       ] [SPS 0.000 0.002 0.002 0.007 0.000 0.001 0.000 0.166 0.027 0.202 NewGC_pause4 179.995539 ]
[179.996s][info][gc       ] [GC New Max 499-472 : 5120 2988 2164 5120 - - 1056 56 2 2 - : 142 1806 32 184 966 : 136 4 829 829 0 : 0 1 68 0 71 - 0 : 0.224774 3123.1 0.0 0.053695 2681.8 0.0 : 8 --c 0000 : 23 0 0.000 0.000 0 0.000 0.000 0 0.000 0.000 : 179.942291 179.944570 0.000120 179.990858 0.000146 179.993674 0.000104 179.995337 0.000124 : 179.995987 ]
[179.996s][info][gc       ] [SYSINFO 7581 191 89 0 7047 0 20 0 0 5745 : - - - - - - - - : 0 7168 : 3.35 1.70 1.59 : 278178 4215772 : 0 0 : 37 0 : 1547 2 0 259 : - 7676362752 333475840 1443495936 5939011584 199643136 93806592 : 140688591 5356770 151970 0 0 0 : 179.996299 ]
[179.996s][info][gc       ] [HUGEPAGESTAT 0 0 0 - 20840 0 0 : 610304 0 0 : 179.996299 ]
[179.996s][info][gc       ] [OBJCREAT 414318943 25766 21041152 : 179.996364 ]
[179.996s][info][gc       ] [HMSV All : 0 0 120 0 0 0 0 0 : 5062 0 0 0 : 179.996380 ]
[179.996s][info][gc       ] [HMSP 9 : 41100 0 : 179.996380 ]
[179.997s][info][gc       ] [VMAC 65530 166 24 430 620 : 179.996878 ]
[180.220s][info][gc       ] [GPGC-H  2873.3 563.3 0.0 0.0 : 3.7 : 0.454 1.197 : 0.847 1.740 0.864 1.882 : 3.098 1.408 1.030 2.196 1.953 0.445 : 0.000 : 92.037 : 796 1806 32 0 : 2267 : 4608 4424 : 180.219829 : 9 Next_heuristic_check_may_be_too_late ]
[180.223s][info][safepoint] Application time: 0.2272743 seconds
[180.223s][info][safepoint] Total time for which application threads were stopped: 0.0001967 seconds, Stopping threads took: 0.0000005 seconds
[180.224s][info][gc       ] [SPS 0.000 0.003 0.005 0.008 0.001 0.001 0.000 0.158 0.030 0.197 NewGC_pause1 180.223011 ]
[180.268s][info][safepoint] Application time: 0.0452073 seconds
[180.269s][info][safepoint] Total time for which application threads were stopped: 0.0000999 seconds, Stopping threads took: 0.0000005 seconds
[180.269s][info][gc       ] [SPS 0.000 0.001 0.000 0.007 0.000 0.001 0.000 0.075 0.016 0.100 NewGC_pause2 180.268318 ]
[180.270s][info][safepoint] Application time: 0.0018042 seconds
[180.271s][info][safepoint] Total time for which application threads were stopped: 0.0001041 seconds, Stopping threads took: 0.0000005 seconds
[180.271s][info][gc       ] [SPS 0.000 0.000 0.000 0.023 0.000 0.001 0.000 0.064 0.015 0.104 NewGC_pause3 180.270226 ]
[180.272s][info][safepoint] Application time: 0.0013848 seconds
[180.272s][info][safepoint] Total time for which application threads were stopped: 0.0001001 seconds, Stopping threads took: 0.0000005 seconds
[180.273s][info][gc       ] [SPS 0.000 0.003 0.002 0.007 0.001 0.001 0.000 0.074 0.018 0.100 NewGC_pause4 180.271711 ]
[180.273s][info][gc       ] [GC New Max 500-473 : 5120 2966 2166 5120 - - 1056 56 2 2 - : 144 1806 32 184 944 : 140 4 802 802 0 : 0 1 70 0 72 - 0 : 0.224554 2921.3 0.0 0.051668 2864.5 0.0 : 8 --c 0000 : 23 0 0.000 0.000 0 0.000 0.000 0 0.000 0.000 : 180.220541 180.222814 0.000138 180.268218 0.000078 180.270122 0.000083 180.271611 0.000076 : 180.272209 ]
[180.273s][info][gc       ] [SYSINFO 7583 191 89 0 7049 0 20 0 0 5745 : - - - - - - - - : 0 7168 : 3.35 1.70 1.59 : 278178 4215772 : 0 0 : 37 0 : 1547 3 0 259 : - 7678537728 333475840 1445670912 5939011584 199643136 93806592 : 140688591 5357370 151970 0 0 0 : 180.272561 ]
[180.273s][info][gc       ] [HUGEPAGESTAT 0 0 0 - 20841 0 0 : 610304 0 0 : 180.272561 ]
[180.273s][info][gc       ] [OBJCREAT 415114639 25766 21041152 : 180.272641 ]
[180.273s][info][gc       ] [HMSV All : 0 0 120 0 0 0 0 0 : 5062 0 0 0 : 180.272664 ]
[180.273s][info][gc       ] [HMSP 9 : 41100 0 : 180.272664 ]
[180.273s][info][gc       ] [VMAC 65530 166 24 430 620 : 180.273218 ]
[180.495s][info][gc       ] [GPGC-H  2873.3 563.3 0.0 0.0 : 3.7 : 0.453 1.197 : 0.847 1.740 0.864 1.882 : 3.089 1.408 1.030 2.196 1.953 0.445 : 0.000 : 91.803 : 826 1806 32 0 : 2267 : 4608 4424 : 180.495462 : 9 Next_heuristic_check_may_be_too_late ]
[180.499s][info][safepoint] Application time: 0.2269122 seconds
[180.499s][info][safepoint] Total time for which application threads were stopped: 0.0002833 seconds, Stopping threads took: 0.0000005 seconds
[180.500s][info][gc       ] [SPS 0.000 0.003 0.003 0.007 0.000 0.001 0.000 0.253 0.021 0.283 NewGC_pause1 180.498907 ]
[180.544s][info][safepoint] Application time: 0.0447775 seconds
[180.545s][info][safepoint] Total time for which application threads were stopped: 0.0002193 seconds, Stopping threads took: 0.0000006 seconds
[180.545s][info][gc       ] [SPS 0.000 0.001 0.000 0.009 0.001 0.001 0.001 0.179 0.029 0.220 NewGC_pause2 180.543904 ]
[180.547s][info][safepoint] Application time: 0.0027075 seconds
[180.547s][info][safepoint] Total time for which application threads were stopped: 0.0001862 seconds, Stopping threads took: 0.0000005 seconds
[180.548s][info][gc       ] [SPS 0.000 0.000 0.000 0.007 0.000 0.001 0.000 0.154 0.024 0.186 NewGC_pause3 180.546798 ]
[180.548s][info][safepoint] Application time: 0.0014623 seconds
[180.549s][info][safepoint] Total time for which application threads were stopped: 0.0001925 seconds, Stopping threads took: 0.0000004 seconds
[180.549s][info][gc       ] [SPS 0.000 0.003 0.002 0.008 0.000 0.001 0.000 0.156 0.027 0.193 NewGC_pause4 180.548453 ]
[180.549s][info][gc       ] [GC New Max 501-474 : 5120 2994 2164 5120 - - 1056 56 2 2 - : 142 1806 32 184 972 : 138 4 833 833 0 : 0 1 69 0 71 - 0 : 0.223801 3056.3 0.0 0.052932 2758.3 0.0 : 8 --c 0000 : 23 0 0.000 0.000 0 0.000 0.000 0 0.000 0.000 : 180.496010 180.498624 0.000233 180.543685 0.000125 180.546611 0.000120 180.548260 0.000114 : 180.548942 ]
[180.549s][info][gc       ] [SYSINFO 7583 191 89 0 7049 0 20 0 0 5745 : - - - - - - - - : 0 7168 : 3.35 1.70 1.59 : 278178 4215772 : 0 0 : 37 0 : 1547 3 0 259 : - 7678537728 333475840 1445670912 5939011584 199643136 93806592 : 140688591 5357960 151990 0 0 0 : 180.549244 ]
[180.549s][info][gc       ] [HUGEPAGESTAT 0 0 0 - 20841 0 0 : 610304 0 0 : 180.549244 ]
[180.549s][info][gc       ] [OBJCREAT 415936718 25766 21041152 : 180.549295 ]
[180.549s][info][gc       ] [HMSV All : 0 0 120 0 0 0 0 0 : 5062 0 0 0 : 180.549311 ]
[180.549s][info][gc       ] [HMSP 9 : 41100 0 : 180.549311 ]
[180.550s][info][gc       ] [VMAC 65530 166 24 430 620 : 180.549861 ]
[180.792s][info][gc       ] [GPGC-H  2873.3 563.3 0.0 0.0 : 3.7 : 0.451 1.197 : 0.847 1.740 0.864 1.882 : 3.080 1.408 1.030 2.196 1.953 0.445 : 0.000 : 91.571 : 812 1806 32 0 : 2267 : 4608 4424 : 180.792429 : 9 Next_heuristic_check_may_be_too_late ]
[180.796s][info][safepoint] Application time: 0.2469154 seconds
[180.796s][info][safepoint] Total time for which application threads were stopped: 0.0002581 seconds, Stopping threads took: 0.0000005 seconds
[180.796s][info][gc       ] [SPS 0.000 0.003 0.003 0.007 0.000 0.001 0.000 0.224 0.025 0.258 NewGC_pause1 180.795627 ]
[180.841s][info][safepoint] Application time: 0.0455788 seconds
[180.842s][info][safepoint] Total time for which application threads were stopped: 0.0001826 seconds, Stopping threads took: 0.0000005 seconds
[180.842s][info][gc       ] [SPS 0.000 0.001 0.000 0.007 0.000 0.001 0.000 0.150 0.024 0.183 NewGC_pause2 180.841388 ]
[180.844s][info][safepoint] Application time: 0.0024134 seconds
[180.844s][info][safepoint] Total time for which application threads were stopped: 0.0001675 seconds, Stopping threads took: 0.0000005 seconds
[180.845s][info][gc       ] [SPS 0.000 0.000 0.000 0.007 0.000 0.001 0.000 0.133 0.026 0.168 NewGC_pause3 180.843969 ]
[180.846s][info][safepoint] Application time: 0.0015156 seconds
[180.846s][info][safepoint] Total time for which application threads were stopped: 0.0001839 seconds, Stopping threads took: 0.0000005 seconds
[180.846s][info][gc       ] [SPS 0.000 0.003 0.002 0.007 0.001 0.001 0.000 0.149 0.026 0.184 NewGC_pause4 180.845669 ]
[180.846s][info][gc       ] [GC New Max 502-475 : 5120 2958 2146 5120 - - 1056 56 2 2 - : 124 1806 32 184 936 : 118 4 817 817 0 : 0 1 59 0 62 - 0 : 0.243987 2754.2 0.0 0.053149 2370.7 0.0 : 8 --c 0000 : 23 0 0.000 0.000 0 0.000 0.000 0 0.000 0.000 : 180.792929 180.795369 0.000150 180.841206 0.000119 180.843802 0.000098 180.845485 0.000116 : 180.846077 ]
[180.846s][info][gc       ] [SYSINFO 7583 191 89 0 7049 0 20 0 0 5745 : - - - - - - - - : 0 7168 : 3.35 1.70 1.59 : 278178 4215772 : 0 0 : 37 0 : 1547 3 0 259 : - 7678537728 333475840 1445670912 5939011584 199643136 93806592 : 140688591 5358560 152000 0 0 0 : 180.846411 ]
[180.846s][info][gc       ] [HUGEPAGESTAT 0 0 0 - 20841 0 0 : 610304 0 0 : 180.846411 ]
[180.846s][info][gc       ] [OBJCREAT 416724967 25766 21041152 : 180.846486 ]
[180.846s][info][gc       ] [HMSV All : 0 0 120 0 0 0 0 0 : 5062 0 0 0 : 180.846502 ]
[180.847s][info][gc       ] [HMSP 9 : 41100 0 : 180.846502 ]
[180.847s][info][gc       ] [VMAC 65530 166 24 430 620 : 180.847042 ]
[181.069s][info][gc       ] [GPGC-H  2873.3 563.3 0.0 0.0 : 3.7 : 0.450 1.197 : 0.847 1.740 0.864 1.882 : 3.070 1.408 1.030 2.196 1.953 0.445 : 0.000 : 91.319 : 822 1806 32 0 : 2267 : 4608 4424 : 181.069375 : 9 Next_heuristic_check_may_be_too_late ]
[181.073s][info][safepoint] Application time: 0.2267413 seconds
[181.073s][info][safepoint] Total time for which application threads were stopped: 0.0003426 seconds, Stopping threads took: 0.0000005 seconds
[181.074s][info][gc       ] [SPS 0.000 0.003 0.004 0.008 0.001 0.001 0.000 0.307 0.026 0.343 NewGC_pause1 181.072753 ]
[181.119s][info][safepoint] Application time: 0.0464297 seconds
[181.120s][info][safepoint] Total time for which application threads were stopped: 0.0001892 seconds, Stopping threads took: 0.0000005 seconds
[181.120s][info][gc       ] [SPS 0.000 0.001 0.000 0.008 0.001 0.001 0.000 0.154 0.026 0.189 NewGC_pause2 181.119372 ]
[181.122s][info][safepoint] Application time: 0.0021135 seconds
[181.122s][info][safepoint] Total time for which application threads were stopped: 0.0001683 seconds, Stopping threads took: 0.0000005 seconds
[181.122s][info][gc       ] [SPS 0.000 0.001 0.000 0.007 0.000 0.001 0.000 0.134 0.025 0.168 NewGC_pause3 181.121654 ]
[181.123s][info][safepoint] Application time: 0.0014218 seconds
[181.124s][info][safepoint] Total time for which application threads were stopped: 0.0001776 seconds, Stopping threads took: 0.0000006 seconds
[181.124s][info][gc       ] [SPS 0.000 0.003 0.002 0.009 0.001 0.001 0.000 0.142 0.026 0.178 NewGC_pause4 181.123254 ]
[181.124s][info][gc       ] [GC New Max 503-476 : 5120 2990 2162 5120 - - 1056 56 2 2 - : 140 1806 32 184 968 : 138 4 828 828 0 : 0 1 69 0 70 - 0 : 0.223971 3125.4 0.0 0.053496 2691.8 0.0 : 8 --c 0000 : 23 0 0.000 0.000 0 0.000 0.000 0 0.000 0.000 : 181.070049 181.072411 0.000284 181.119183 0.000117 181.121486 0.000083 181.123076 0.000074 : 181.123545 ]
[181.124s][info][gc       ] [SYSINFO 7583 191 89 0 7049 0 20 0 0 5745 : - - - - - - - - : 0 7168 : 3.35 1.70 1.59 : 278178 4215772 : 0 0 : 37 0 : 1547 2 0 259 : - 7678537728 333475840 1445670912 5939011584 199643136 93806592 : 140688591 5359150 152010 0 0 0 : 181.123819 ]
[181.124s][info][gc       ] [HUGEPAGESTAT 0 0 0 - 20841 0 0 : 612352 0 0 : 181.123819 ]
[181.124s][info][gc       ] [OBJCREAT 417562440 25766 21041152 : 181.123881 ]
[181.124s][info][gc       ] [HMSV All : 0 0 120 0 0 0 0 0 : 5062 0 0 0 : 181.123898 ]
[181.124s][info][gc       ] [HMSP 9 : 41100 0 : 181.123898 ]
[181.124s][info][gc       ] [VMAC 65530 166 24 430 620 : 181.124444 ]
[181.327s][info][gc       ] [GPGC-H  2873.3 563.3 0.0 0.0 : 3.7 : 0.449 1.197 : 0.847 1.740 0.864 1.882 : 3.061 1.408 1.030 2.196 1.953 0.445 : 0.000 : 91.088 : 932 1806 32 0 : 2267 : 4608 4424 : 181.327402 : 9 Next_heuristic_check_may_be_too_late ]
[181.332s][info][safepoint] Application time: 0.2082526 seconds
[181.332s][info][safepoint] Total time for which application threads were stopped: 0.0003055 seconds, Stopping threads took: 0.0000009 seconds
[181.333s][info][gc       ] [SPS 0.000 0.006 0.006 0.014 0.001 0.002 0.001 0.263 0.025 0.305 NewGC_pause1 181.331812 ]
[181.422s][info][safepoint] Application time: 0.0896860 seconds
[181.422s][info][safepoint] Total time for which application threads were stopped: 0.0001479 seconds, Stopping threads took: 0.0000005 seconds
[181.423s][info][gc       ] [SPS 0.000 0.001 0.000 0.007 0.000 0.001 0.000 0.123 0.016 0.148 NewGC_pause2 181.421646 ]
[181.424s][info][safepoint] Application time: 0.0019907 seconds
[181.424s][info][safepoint] Total time for which application threads were stopped: 0.0001154 seconds, Stopping threads took: 0.0000005 seconds
[181.424s][info][gc       ] [SPS 0.000 0.000 0.000 0.007 0.001 0.001 0.000 0.093 0.014 0.115 NewGC_pause3 181.423752 ]
[181.426s][info][safepoint] Application time: 0.0017350 seconds
[181.426s][info][safepoint] Total time for which application threads were stopped: 0.0001311 seconds, Stopping threads took: 0.0000005 seconds
[181.426s][info][gc       ] [SPS 0.000 0.005 0.002 0.007 0.000 0.001 0.000 0.101 0.021 0.131 NewGC_pause4 181.425619 ]
[181.427s][info][gc       ] [GC New Max 504-477 : 5120 3538 2830 5120 - - 1056 56 2 2 - : 808 1806 32 184 1516 : 800 11 714 714 0 : 0 2 284 0 343 - 61 : 0.204691 3869.2 0.0 0.098261 5943.4 0.0 : 8 --c 0000 : 23 0 0.000 0.000 0 0.000 0.000 0 0.000 0.000 : 181.328236 181.331507 0.000268 181.421498 0.000125 181.423637 0.000098 181.425487 0.000101 : 181.426497 ]
[181.427s][info][gc       ] [SYSINFO 7583 191 89 0 7049 0 20 0 0 5745 : - - - - - - - - : 0 7168 : 3.35 1.70 1.59 : 278178 4215772 : 0 0 : 37 0 : 1547 2 0 259 : - 7678537728 333475840 1445670912 5939011584 199643136 93806592 : 140688591 5360090 152030 0 0 0 : 181.426745 ]
[181.427s][info][gc       ] [HUGEPAGESTAT 0 0 0 - 20841 0 0 : 612352 0 0 : 181.426745 ]
[181.427s][info][gc       ] [OBJCREAT 418918130 25766 21041152 : 181.426796 ]
[181.427s][info][gc       ] [HMSV All : 0 0 128 0 0 0 0 0 : 5062 0 0 0 : 181.426813 ]
[181.427s][info][gc       ] [HMSP 9 : 41100 0 : 181.426813 ]
[181.427s][info][gc       ] [VMAC 65530 166 24 430 620 : 181.427336 ]
[181.609s][info][gc       ] [GPGC-H  3020.7 550.3 0.0 0.0 : 3.6 : 0.448 1.197 : 0.847 1.740 0.864 1.882 : 3.052 1.408 1.030 2.196 1.953 0.445 : 0.000 : 90.883 : 1266 1806 32 0 : 2267 : 4608 4424 : 181.608868 : 9 Next_heuristic_check_may_be_too_late ]
[181.613s][info][safepoint] Application time: 0.1867346 seconds
[181.614s][info][safepoint] Total time for which application threads were stopped: 0.0003434 seconds, Stopping threads took: 0.0000009 seconds
[181.614s][info][gc       ] [SPS 0.000 0.004 0.006 0.012 0.001 0.002 0.001 0.272 0.056 0.344 NewGC_pause1 181.612697 ]
[181.966s][info][safepoint] Application time: 0.3536589 seconds
[181.967s][info][safepoint] Total time for which application threads were stopped: 0.0001358 seconds, Stopping threads took: 0.0000005 seconds
[181.967s][info][gc       ] [SPS 0.007 0.014 0.000 0.007 0.000 0.001 0.000 0.111 0.016 0.136 NewGC_pause2 181.966492 ]
[181.968s][info][safepoint] Application time: 0.0016720 seconds
[181.969s][info][safepoint] Total time for which application threads were stopped: 0.0000924 seconds, Stopping threads took: 0.0000005 seconds
[181.969s][info][gc       ] [SPS 0.000 0.001 0.000 0.007 0.001 0.001 0.000 0.068 0.016 0.092 NewGC_pause3 181.968256 ]
[181.971s][info][safepoint] Application time: 0.0023466 seconds
[181.971s][info][safepoint] Total time for which application threads were stopped: 0.0001949 seconds, Stopping threads took: 0.0000005 seconds
[181.971s][info][gc       ] [SPS 0.000 0.003 0.024 0.008 0.000 0.001 0.000 0.158 0.028 0.195 NewGC_pause4 181.970798 ]
[181.972s][info][gc       ] [GC New Max 505-478 : 5120 4160 4044 5120 - - 1056 56 2 2 - : 2020 1806 32 184 2138 : 2006 11 124 124 0 : 0 3 426 0 919 - 92 : 0.182994 2535.6 0.0 0.362306 2395.8 0.0 : 8 --c 0000 : 23 0 0.000 0.000 0 0.000 0.000 0 0.000 0.000 : 181.609491 181.612354 0.000252 181.966356 0.000113 181.968164 0.000072 181.970603 0.000081 : 181.971797 ]
[181.972s][info][gc       ] [SYSINFO 7583 191 89 0 7049 0 20 0 0 5745 : - - - - - - - - : 0 7168 : 3.35 1.70 1.59 : 278178 4215792 : 0 0 : 42 0 : 1547 2 0 259 : - 7678537728 333475840 1445670912 5939011584 199643136 93806592 : 140688591 5362560 152240 0 0 0 : 181.972202 ]
[181.972s][info][gc       ] [HUGEPAGESTAT 0 0 0 - 20841 0 0 : 612352 0 0 : 181.972202 ]
[181.972s][info][gc       ] [OBJCREAT 420243327 25766 21041152 : 181.972281 ]
[181.972s][info][gc       ] [HMSV All : 0 0 130 0 0 0 0 0 : 5062 0 0 0 : 181.972305 ]
[181.972s][info][gc       ] [HMSP 9 : 41100 0 : 181.972305 ]
[181.973s][info][gc       ] [VMAC 65530 166 24 430 620 : 181.972855 ]
[182.034s][info][gc       ] [GPGC-H  3020.7 550.3 0.0 0.0 : 3.6 : 0.447 1.197 : 0.847 1.740 0.864 1.882 : 3.036 1.408 1.030 2.196 1.953 0.445 : 0.000 : 90.730 : 2188 1806 32 0 : 2267 : 4608 4424 : 182.033540 : 8 May_exceed_heap_occupancy_target ]
[182.040s][info][safepoint] Application time: 0.0681513 seconds
[182.040s][info][safepoint] Total time for which application threads were stopped: 0.0006232 seconds, Stopping threads took: 0.0000005 seconds
[182.041s][info][gc       ] [SPS 0.000 0.001 0.003 0.007 0.000 0.001 0.000 0.587 0.028 0.623 NewGC_pause1 182.039573 ]
[182.416s][info][safepoint] Application time: 0.3763575 seconds
[182.417s][info][safepoint] Total time for which application threads were stopped: 0.0000742 seconds, Stopping threads took: 0.0000005 seconds
[182.417s][info][gc       ] [SPS 0.000 0.001 0.000 0.008 0.000 0.001 0.000 0.047 0.017 0.074 NewGC_pause2 182.416005 ]
[182.419s][info][safepoint] Application time: 0.0028811 seconds
[182.419s][info][safepoint] Total time for which application threads were stopped: 0.0000661 seconds, Stopping threads took: 0.0000004 seconds
[182.420s][info][gc       ] [SPS 0.000 0.001 0.000 0.006 0.000 0.001 0.000 0.043 0.016 0.066 NewGC_pause3 182.418952 ]
[182.422s][info][safepoint] Application time: 0.0016699 seconds
[182.422s][info][safepoint] Total time for which application threads were stopped: 0.0009866 seconds, Stopping threads took: 0.0000006 seconds
[182.422s][info][gc       ] [SPS 0.000 0.001 0.000 0.014 0.001 0.001 0.000 0.920 0.051 0.987 OldGC_pause2 182.421609 ]
[182.425s][info][safepoint] Application time: 0.0028953 seconds
[182.425s][info][safepoint] Total time for which application threads were stopped: 0.0001292 seconds, Stopping threads took: 0.0000006 seconds
[182.425s][info][gc       ] [SPS 0.000 0.002 0.000 0.014 0.001 0.002 0.001 0.084 0.029 0.130 OldGC_pause3 182.424635 ]
[182.434s][info][safepoint] Application time: 0.0093347 seconds
[182.435s][info][safepoint] Total time for which application threads were stopped: 0.0000910 seconds, Stopping threads took: 0.0000005 seconds
[182.435s][info][gc       ] [SPS 0.000 0.003 0.005 0.008 0.000 0.001 0.000 0.059 0.022 0.091 NewGC_pause4 182.434059 ]
[182.534s][info][gc       ] [GC NTO Max 506-479 : 5120 4854 4714 5120 - - 1056 56 2 2 - : 2692 1806 32 184 2832 : 2398 12 423 423 93 : 0 310 318 0 1291 - 55 : 0.062146 2703.3 0.0 0.499255 1662.5 0.0 : 8 --c 0000 : 23 5271 0.000 0.000 0 0.000 0.000 5271 0.000 0.000 : 182.033943 182.038949 0.000527 182.415930 0.000050 182.418886 0.000045 182.433968 0.000059 : 182.533197 ]
[182.534s][info][gc       ] [SYSINFO 7583 191 89 0 7049 0 20 0 0 5745 : - - - - - - - - : 0 7168 : 3.35 1.70 1.59 : 278178 4215792 : 0 0 : 42 0 : 1547 2 0 259 : - 7678537728 333475840 1445670912 5939011584 199643136 93806592 : 140688591 5367010 152330 0 0 0 : 182.533528 ]
[182.534s][info][gc       ] [HUGEPAGESTAT 0 0 0 - 20841 0 0 : 612352 0 0 : 182.533528 ]
[182.534s][info][gc       ] [OBJCREAT 421235311 25831 21041152 : 182.533586 ]
[182.534s][info][gc       ] [HMSV All : 0 0 130 0 0 0 0 0 : 5062 0 0 0 : 182.533605 ]
[182.534s][info][gc       ] [HMSP 9 : 41100 0 : 182.533605 ]
[182.534s][info][gc       ] [GPGC-H  3011.5 550.3 0.0 0.0 : 3.6 : 0.499 1.197 : 0.847 1.740 0.864 1.882 : 3.036 1.408 1.030 2.196 1.953 0.445 : 0.000 : 90.718 : 2696 1806 32 0 : 2267 : 4608 4424 : 182.534477 : 3 Heap_use_exceeded_committed ]
[182.534s][info][gc       ] [VMAC 65530 166 24 430 620 : 182.534214 ]
[182.536s][info][safepoint] Application time: 0.1019698 seconds
[182.536s][info][safepoint] Total time for which application threads were stopped: 0.0000854 seconds, Stopping threads took: 0.0000005 seconds
[182.537s][info][gc       ] [SPS 0.000 0.003 0.005 0.008 0.001 0.001 0.000 0.055 0.020 0.085 OldGC_pause4 182.536114 ]
[182.538s][info][gc       ] [GC Old Max 507-28 : 5120 4854 2930 5120 - - 1056 56 2 2 - : 2702 12 32 184 1844 : 26 15 1797 1797 0 : 0 8 0 0 22 - 0 : 10.357161 4.6 0.2 0.501406 0.0 0.0 : 4 --c 0000 : 23   -    -    -    -    -    -    -    -    -  : 182.035891 182.038949 0.000527 182.420622 0.000921 182.424505 0.000087 182.536029 0.000059 : 182.537297 ]
[182.538s][info][gc       ] [SYSINFO 7583 191 89 0 7049 0 20 0 0 5745 : - - - - - - - - : 0 7168 : 3.35 1.70 1.59 : 278178 4215792 : 0 0 : 42 0 : 1547 2 0 259 : - 7678537728 333475840 1445670912 5939011584 199643136 93806592 : 140688591 5367010 152330 0 0 0 : 182.537517 ]
[182.538s][info][gc       ] [HUGEPAGESTAT 0 0 0 - 20841 0 0 : 612352 0 0 : 182.537517 ]
[182.538s][info][gc       ] [OBJCREAT 421243240 25831 21041152 : 182.537566 ]
[182.538s][info][gc       ] [HMSV All : 0 0 130 0 0 0 0 0 : 5062 0 0 0 : 182.537585 ]
[182.538s][info][gc       ] [HMSP 9 : 41100 0 : 182.537585 ]
[182.538s][info][gc       ] [COMPSTATS 1 : 5 0 : 2 0 : 0 0 : 535 4 0 0 0 0 : 0 0 0 0 0 0 : 199 202 21 : 539 0 0 0 0 0 0 : 539 0 0 0 0 0 0 ]
[182.538s][info][gc       ] [COMPSTATS 2 : 5 0 : 1 0 : 0 0 : 133 9 0 0 0 0 : 0 0 0 0 0 0 : 62012 62071 10930 : 76 38 28 0 0 0 0 : 17 102 17 3 3 0 0 ]
[182.538s][info][gc       ] [DEOPTSTATS 1 : 1 0 : 0 0 : 0 0 : 0 0 : 0 12 : 0 0 : 0 0 : 0 0 : 0 0 : 0 0 : 0 0 : 0 0 : 0 0 : 0 0 : 0 0 : 0 0 : 0 0 : 0 0 : 0 0 : 0 0 : 0 0 : 0 0 : 0 0 : 0 0 : 0 0 : 0 0 : 0 0 : 0 0 : 0 0 : 0 0 : 6 0 : 0 0 : 0 0 : 0 0 : 0 0 : 0 0 : 0 0 : 0 0 : 0 0 : 0 0 : 0 0 : 0 0 ]
[182.538s][info][gc       ] [DEOPTSTATS 2 : 0 0 : 0 0 : 0 0 : 0 0 : 0 0 : 0 0 : 0 13 : 0 0 : 0 0 : 0 0 : 0 0 : 0 0 : 0 0 : 0 0 : 0 0 : 0 0 : 0 0 : 0 0 : 0 0 : 0 0 : 0 1 : 0 0 : 0 0 : 0 0 : 0 0 : 0 0 : 0 0 : 0 0 : 0 0 : 0 0 : 4 0 : 0 0 : 0 0 : 0 0 : 0 1 : 0 0 : 0 0 : 0 0 : 0 0 : 0 5 : 0 0 : 0 0 ]
[182.538s][info][gc       ] [CCF 0 0 0 0 36 229376: 2988544 : 380 196608 : 3 49152 : 317 311808 :  527 636928 : 118 412160 : 0 0 : 14 1146880 : 1 2048]
[182.538s][info][gc       ] [VMAC 65530 166 24 430 620 : 182.538094 ]
[182.542s][info][safepoint] Application time: 0.0056916 seconds
[182.542s][info][safepoint] Total time for which application threads were stopped: 0.0001887 seconds, Stopping threads took: 0.0000004 seconds
[182.542s][info][gc       ] [SPS 0.000 0.002 0.002 0.007 0.000 0.001 0.000 0.163 0.017 0.189 NewGC_pause1 182.541995 ]
[182.916s][info][safepoint] Application time: 0.3734775 seconds
[182.916s][info][safepoint] Total time for which application threads were stopped: 0.0001133 seconds, Stopping threads took: 0.0000006 seconds
[182.917s][info][gc       ] [SPS 0.000 0.002 0.000 0.008 0.001 0.001 0.001 0.084 0.019 0.113 NewGC_pause2 182.915586 ]
[182.918s][info][safepoint] Application time: 0.0019509 seconds
[182.918s][info][safepoint] Total time for which application threads were stopped: 0.0000698 seconds, Stopping threads took: 0.0000005 seconds
[182.918s][info][gc       ] [SPS 0.000 0.000 0.000 0.007 0.000 0.001 0.000 0.045 0.016 0.070 NewGC_pause3 182.917607 ]
[182.922s][info][safepoint] Application time: 0.0041885 seconds
[182.922s][info][safepoint] Total time for which application threads were stopped: 0.0000775 seconds, Stopping threads took: 0.0000005 seconds
[182.922s][info][gc       ] [SPS 0.000 0.003 0.002 0.007 0.001 0.001 0.000 0.052 0.017 0.077 NewGC_pause4 182.921873 ]
[182.945s][info][gc       ] [GC New Max 508-480 : 5120 4718 2936 5120 - - 1056 56 2 2 - : 2708 12 32 184 3500 : 2552 14 933 933 0 : 0 69 394 0 1299 - 55 : 0.005614 2493.6 0.0 0.405548 2110.7 0.0 : 8 --c 0000 : 23 1 0.000 0.000 0 0.000 0.000 1 0.000 0.000 : 182.538812 182.541806 0.000166 182.915473 0.000091 182.917537 0.000047 182.921795 0.000056 : 182.944360 ]
[182.945s][info][gc       ] [SYSINFO 7583 191 89 0 7049 0 20 0 0 5745 : - - - - - - - - : 0 7168 : 3.35 1.70 1.59 : 278178 4215792 : 0 0 : 42 0 : 1547 2 0 259 : - 7678537728 333475840 1445670912 5939011584 199643136 93806592 : 140688591 5370590 152580 0 0 0 : 182.944671 ]
[182.945s][info][gc       ] [HUGEPAGESTAT 0 0 0 - 20841 0 0 : 612352 0 0 : 182.944671 ]
[182.945s][info][gc       ] [OBJCREAT 422097270 25831 21041152 : 182.944730 ]
[182.945s][info][gc       ] [HMSV All : 0 0 130 0 0 0 0 0 : 5062 0 0 0 : 182.944748 ]
[182.945s][info][gc       ] [HMSP 9 : 41100 0 : 182.944748 ]
[182.945s][info][gc       ] [GPGC-H  3011.5 550.3 0.0 0.0 : 3.6 : 0.499 1.115 : 0.847 1.757 0.864 1.882 : 3.036 1.283 1.030 2.196 1.953 0.445 : 0.000 : 99.604 : 2712 12 32 0 : 2267 : 4608 4424 : 182.945368 : 9 Next_heuristic_check_may_be_too_late ]
[182.945s][info][gc       ] [VMAC 65530 166 24 430 620 : 182.945289 ]
[182.949s][info][safepoint] Application time: 0.0266726 seconds
[182.949s][info][safepoint] Total time for which application threads were stopped: 0.0001849 seconds, Stopping threads took: 0.0000005 seconds
[182.949s][info][gc       ] [SPS 0.000 0.003 0.006 0.008 0.001 0.001 0.000 0.155 0.020 0.185 NewGC_pause1 182.948731 ]
[183.258s][info][safepoint] Application time: 0.3092387 seconds
[183.258s][info][safepoint] Total time for which application threads were stopped: 0.0001056 seconds, Stopping threads took: 0.0000005 seconds
[183.259s][info][gc       ] [SPS 0.000 0.001 0.000 0.008 0.000 0.001 0.000 0.064 0.032 0.106 NewGC_pause2 183.258075 ]
[183.261s][info][safepoint] Application time: 0.0026997 seconds
[183.261s][info][safepoint] Total time for which application threads were stopped: 0.0001111 seconds, Stopping threads took: 0.0000006 seconds
[183.262s][info][gc       ] [SPS 0.000 0.001 0.000 0.014 0.001 0.001 0.000 0.066 0.029 0.111 NewGC_pause3 183.260886 ]
[183.263s][info][safepoint] Application time: 0.0020189 seconds
[183.263s][info][safepoint] Total time for which application threads were stopped: 0.0001334 seconds, Stopping threads took: 0.0000005 seconds
[183.264s][info][gc       ] [SPS 0.000 0.008 0.002 0.008 0.001 0.001 0.000 0.103 0.020 0.133 NewGC_pause4 183.263038 ]
[183.265s][info][gc       ] [GC New Max 509-481 : 5120 3576 2722 5120 - - 1056 56 2 2 - : 2492 12 32 184 3348 : 2396 12 940 940 0 : 0 7 316 0 1192 - 55 : 0.001227 3258.7 0.0 0.319158 2011.5 0.0 : 8 --c 0000 : 23 0 0.000 0.000 0 0.000 0.000 0 0.000 0.000 : 182.945587 182.948546 0.000157 183.257969 0.000062 183.260775 0.000076 183.262905 0.000108 : 183.264745 ]
[183.265s][info][gc       ] [SYSINFO 7583 191 89 0 7049 0 20 0 0 5745 : - - - - - - - - : 0 7168 : 3.35 1.70 1.59 : 278178 4215792 : 0 0 : 42 0 : 1547 2 0 259 : - 7678537728 333475840 1445670912 5939011584 199643136 93806592 : 140688591 5373330 152660 0 0 0 : 183.265005 ]
[183.265s][info][gc       ] [HUGEPAGESTAT 0 0 0 - 20841 0 0 : 612352 0 0 : 183.265005 ]
[183.265s][info][gc       ] [OBJCREAT 422737368 25831 21041152 : 183.265056 ]
[183.265s][info][gc       ] [HMSV All : 0 0 130 0 0 0 0 0 : 5062 0 0 0 : 183.265075 ]
[183.265s][info][gc       ] [HMSP 9 : 41100 0 : 183.265075 ]
[183.266s][info][gc       ] [VMAC 65530 166 24 430 620 : 183.265603 ]
[183.447s][info][gc       ] [GPGC-H  3011.5 537.7 0.0 0.0 : 3.5 : 0.498 1.115 : 0.847 1.757 0.864 1.882 : 3.034 1.283 1.030 2.196 1.953 0.445 : 0.000 : 99.617 : 3000 12 32 0 : 2267 : 4608 4424 : 183.447014 : 9 Next_heuristic_check_may_be_too_late ]
[183.451s][info][safepoint] Application time: 0.1881565 seconds
[183.452s][info][safepoint] Total time for which application threads were stopped: 0.0002417 seconds, Stopping threads took: 0.0000006 seconds
[183.453s][info][gc       ] [SPS 0.001 0.004 0.005 0.009 0.001 0.001 0.001 0.200 0.031 0.242 NewGC_pause1 183.451437 ]
[183.748s][info][safepoint] Application time: 0.2965691 seconds
[183.749s][info][safepoint] Total time for which application threads were stopped: 0.0001458 seconds, Stopping threads took: 0.0000005 seconds
[183.749s][info][gc       ] [SPS 0.000 0.001 0.000 0.007 0.000 0.001 0.000 0.121 0.016 0.146 NewGC_pause2 183.748152 ]
[183.751s][info][safepoint] Application time: 0.0023646 seconds
[183.751s][info][safepoint] Total time for which application threads were stopped: 0.0001296 seconds, Stopping threads took: 0.0000005 seconds
[183.751s][info][gc       ] [SPS 0.000 0.001 0.000 0.007 0.000 0.001 0.000 0.105 0.016 0.130 NewGC_pause3 183.750646 ]
[183.763s][info][safepoint] Application time: 0.0125737 seconds
[183.764s][info][safepoint] Total time for which application threads were stopped: 0.0001412 seconds, Stopping threads took: 0.0000005 seconds
[183.764s][info][gc       ] [SPS 0.000 0.004 0.006 0.008 0.000 0.001 0.000 0.113 0.019 0.141 NewGC_pause4 183.763361 ]
[183.911s][info][gc       ] [GC New Max 510-482 : 5120 3902 3010 5120 - - 1056 56 2 2 - : 2140 654 32 184 3674 : 2432 6 1231 1231 0 : 321 1 334 0 1015 - 55 : 0.182814 2789.7 0.0 0.462885 2065.3 0.0 : 8 --c 0000 : 23 0 0.000 0.000 0 0.000 0.000 0 0.000 0.000 : 183.447560 183.451195 0.000121 183.748006 0.000125 183.750517 0.000108 183.763220 0.000116 : 183.910445 ]
[183.911s][info][gc       ] [SYSINFO 7583 191 89 0 7049 0 20 0 0 5745 : - - - - - - - - : 0 7168 : 3.35 1.70 1.59 : 278178 4215792 : 0 0 : 42 0 : 1547 2 0 259 : - 7678537728 333475840 1445670912 5939011584 199643136 93806592 : 140688591 5377590 152680 0 0 0 : 183.910729 ]
[183.911s][info][gc       ] [HUGEPAGESTAT 0 0 0 - 20841 0 0 : 612352 0 0 : 183.910729 ]
[183.911s][info][gc       ] [OBJCREAT 424188409 25831 21616640 : 183.910788 ]
[183.911s][info][gc       ] [HMSV All : 0 0 130 0 0 0 0 0 : 5062 0 0 0 : 183.910824 ]
[183.911s][info][gc       ] [HMSP 9 : 41100 0 : 183.910824 ]
[183.911s][info][gc       ] [VMAC 65530 166 24 430 620 : 183.911345 ]
[184.032s][info][gc       ] [GPGC-H  3011.5 537.7 0.0 0.0 : 3.5 : 0.497 1.115 : 0.847 1.757 0.864 1.882 : 3.034 1.283 1.030 2.196 1.953 0.445 : 0.000 : 99.409 : 2502 654 32 0 : 2267 : 4608 4424 : 184.032208 : 8 May_exceed_heap_occupancy_target ]
[184.038s][info][safepoint] Application time: 0.2742303 seconds
[184.039s][info][safepoint] Total time for which application threads were stopped: 0.0002668 seconds, Stopping threads took: 0.0000005 seconds
[184.039s][info][gc       ] [SPS 0.000 0.001 0.024 0.008 0.000 0.001 0.000 0.225 0.032 0.267 NewGC_pause1 184.037858 ]
[184.314s][info][safepoint] Application time: 0.2757878 seconds
[184.315s][info][safepoint] Total time for which application threads were stopped: 0.0001846 seconds, Stopping threads took: 0.0000005 seconds
[184.315s][info][gc       ] [SPS 0.000 0.001 0.000 0.007 0.001 0.001 0.000 0.150 0.026 0.185 NewGC_pause2 184.313831 ]
[184.317s][info][safepoint] Application time: 0.0026646 seconds
[184.329s][info][safepoint] Total time for which application threads were stopped: 0.0002153 seconds, Stopping threads took: 0.0000005 seconds
[184.330s][info][gc       ] [SPS 0.000 0.001 0.000 0.008 0.001 0.001 0.000 0.169 0.037 0.216 NewGC_pause3 184.316711 ]
[184.333s][info][safepoint] Application time: 0.0164487 seconds
[184.334s][info][safepoint] Total time for which application threads were stopped: 0.0002301 seconds, Stopping threads took: 0.0000006 seconds
[184.334s][info][gc       ] [SPS 0.003 0.079 0.008 0.009 0.001 0.001 0.000 0.179 0.050 0.240 NewGC_pause4 184.333401 ]
[184.667s][info][gc       ] [GC NTO Max 511-483 : 5120 4052 3466 5120 - - 1056 56 2 2 - : 1840 1410 32 184 3182 : 1810 3 1370 1370 12 : 378 0 335 0 920 - 0 : 0.122223 2978.2 0.0 0.633785 2278.4 0.0 : 8 --c 0000 : 23 0 0.000 0.000 0 0.000 0.000 0 0.000 0.000 : 184.032668 184.037592 0.000229 184.313647 0.000148 184.316496 0.000072 184.333160 0.000125 : 184.666453 ]
[184.667s][info][gc       ] [SYSINFO 7583 191 89 0 7049 0 20 0 0 5745 : - - - - - - - - : 0 7168 : 4.12 1.88 1.65 : 278178 4215792 : 0 0 : 42 0 : 1547 3 0 259 : - 7678537728 333475840 1445670912 5939011584 199643136 93806592 : 140688591 5383140 152800 0 0 0 : 184.666852 ]
[184.667s][info][gc       ] [HUGEPAGESTAT 0 0 0 - 20841 0 0 : 612352 0 0 : 184.666852 ]
[184.667s][info][gc       ] [OBJCREAT 425976548 25831 22390784 : 184.666945 ]
[184.667s][info][gc       ] [HMSV All : 0 0 130 0 0 0 0 0 : 5062 0 0 0 : 184.666973 ]
[184.667s][info][gc       ] [HMSP 9 : 41100 0 : 184.666973 ]
[184.668s][info][gc       ] [VMAC 65530 166 24 430 620 : 184.667573 ]
[184.668s][info][gc       ] [GPGC-H  2990.7 537.7 0.0 0.0 : 3.5 : 0.497 1.115 : 0.847 1.757 0.864 1.882 : 3.304 1.283 1.030 2.196 1.953 0.445 : 0.000 : 99.274 : 1840 1410 32 0 : 2267 : 4608 4424 : 184.668173 : 8 May_exceed_heap_occupancy_target ]
[184.668s][info][safepoint] Application time: 0.3334316 seconds
[184.670s][info][safepoint] Total time for which application threads were stopped: 0.0015351 seconds, Stopping threads took: 0.0000009 seconds
[184.670s][info][gc       ] [SPS 0.000 0.001 0.000 0.013 0.001 0.001 0.001 1.448 0.071 1.535 OldGC_pause2 184.668357 ]
[184.673s][info][safepoint] Application time: 0.0050265 seconds
[184.674s][info][safepoint] Total time for which application threads were stopped: 0.0000833 seconds, Stopping threads took: 0.0000005 seconds
[184.674s][info][gc       ] [SPS 0.000 0.000 0.000 0.008 0.000 0.001 0.000 0.053 0.020 0.083 OldGC_pause3 184.673467 ]
[184.677s][info][safepoint] Application time: 0.0029854 seconds
[184.678s][info][safepoint] Total time for which application threads were stopped: 0.0004560 seconds, Stopping threads took: 0.0000012 seconds
[184.678s][info][gc       ] [SPS 0.000 0.813 0.006 0.016 0.001 0.002 0.001 0.384 0.052 0.456 NewGC_pause1 184.676909 ]
[184.837s][info][safepoint] Application time: 0.1599809 seconds
[184.837s][info][safepoint] Total time for which application threads were stopped: 0.0000813 seconds, Stopping threads took: 0.0000005 seconds
[184.838s][info][gc       ] [SPS 0.000 0.001 0.000 0.008 0.001 0.001 0.000 0.052 0.020 0.081 NewGC_pause2 184.836971 ]
[184.839s][info][safepoint] Application time: 0.0019404 seconds
[184.839s][info][safepoint] Total time for which application threads were stopped: 0.0000705 seconds, Stopping threads took: 0.0000005 seconds
[184.839s][info][gc       ] [SPS 0.000 0.000 0.000 0.007 0.000 0.001 0.000 0.046 0.016 0.071 NewGC_pause3 184.838982 ]
[184.854s][info][safepoint] Application time: 0.0149277 seconds
[184.854s][info][safepoint] Total time for which application threads were stopped: 0.0001306 seconds, Stopping threads took: 0.0000005 seconds
[184.855s][info][gc       ] [SPS 0.000 0.004 0.006 0.008 0.001 0.001 0.000 0.099 0.021 0.130 NewGC_pause4 184.854041 ]
[184.964s][info][gc       ] [GC New Max 513-484 : 5120 3850 2656 5120 - - 1056 56 2 2 - : 678 1762 32 184 2224 : 757 4 1467 1467 0 : 176 0 183 0 339 - 0 : 0.005958 2014.2 0.0 0.290834 2173.1 0.0 : 8 --c 0000 : 23 0 0.000 0.000 0 0.000 0.000 0 0.000 0.000 : 184.672410 184.676453 0.000373 184.836890 0.000054 184.838912 0.000050 184.853911 0.000105 : 184.963244 ]
[184.964s][info][gc       ] [SYSINFO 7583 191 89 0 7049 0 20 0 0 5745 : - - - - - - - - : 0 7168 : 4.12 1.88 1.65 : 278178 4215792 : 0 0 : 42 0 : 1547 2 0 259 : - 7678537728 333475840 1445670912 5939011584 199643136 93806592 : 140688591 5385590 152990 0 0 0 : 184.963563 ]
[184.964s][info][gc       ] [HUGEPAGESTAT 0 0 0 - 20841 0 0 : 612352 0 0 : 184.963563 ]
[184.964s][info][gc       ] [OBJCREAT 426613391 25831 22720512 : 184.963627 ]
[184.964s][info][gc       ] [HMSV All : 0 0 130 0 0 0 0 0 : 5062 0 0 0 : 184.963651 ]
[184.964s][info][gc       ] [HMSP 9 : 41100 0 : 184.963651 ]
[184.964s][info][gc       ] [VMAC 65530 166 24 430 620 : 184.964261 ]
[184.966s][info][safepoint] Application time: 0.1123689 seconds
[184.967s][info][safepoint] Total time for which application threads were stopped: 0.0000874 seconds, Stopping threads took: 0.0000005 seconds
[184.967s][info][gc       ] [SPS 0.000 0.003 0.005 0.008 0.000 0.001 0.000 0.058 0.020 0.087 OldGC_pause4 184.966497 ]
[184.970s][info][gc       ] [GC Old Max 512-29 : 5120 4052 2664 5120 - - 1056 56 2 2 - : 694 1754 32 184 1810 : 1768 37 2 2 0 : 0 13 554 2 838 - 55 : 1.497858 375.2 0.0 0.934322 1153.8 0.0 : 4 --c 0000 : 23   -    -    -    -    -    -    -    -    -  : 184.035155 184.037592 0.000229 184.666822 0.001370 184.673384 0.000055 184.966410 0.000062 : 184.969477 ]
[184.970s][info][gc       ] [SYSINFO 7583 191 89 0 7049 0 20 0 0 5745 : - - - - - - - - : 0 7168 : 4.12 1.88 1.65 : 278178 4215792 : 0 0 : 42 0 : 1547 2 0 259 : - 7678537728 333475840 1445670912 5939011584 199643136 93806592 : 140688591 5385620 153000 0 0 0 : 184.969704 ]
[184.970s][info][gc       ] [HUGEPAGESTAT 0 0 0 - 20841 0 0 : 612352 0 0 : 184.969704 ]
[184.970s][info][gc       ] [OBJCREAT 426631231 25831 22720512 : 184.969756 ]
[184.970s][info][gc       ] [HMSV All : 0 0 130 0 0 0 0 0 : 5062 0 0 0 : 184.969778 ]
[184.970s][info][gc       ] [HMSP 9 : 41100 0 : 184.969778 ]
[184.970s][info][gc       ] [COMPSTATS 1 : 5 0 : 2 0 : 0 0 : 535 4 0 0 0 0 : 0 0 0 0 0 0 : 199 202 21 : 539 0 0 0 0 0 0 : 539 0 0 0 0 0 0 ]
[184.970s][info][gc       ] [COMPSTATS 2 : 5 0 : 1 0 : 0 0 : 133 9 0 0 0 0 : 0 0 0 0 0 0 : 62012 62071 10930 : 76 38 28 0 0 0 0 : 17 102 17 3 3 0 0 ]
[184.970s][info][gc       ] [DEOPTSTATS 1 : 1 0 : 0 0 : 0 0 : 0 0 : 0 12 : 0 0 : 0 0 : 0 0 : 0 0 : 0 0 : 0 0 : 0 0 : 0 0 : 0 0 : 0 0 : 0 0 : 0 0 : 0 0 : 0 0 : 0 0 : 0 0 : 0 0 : 0 0 : 0 0 : 0 0 : 0 0 : 0 0 : 0 0 : 0 0 : 0 0 : 6 0 : 0 0 : 0 0 : 0 0 : 0 0 : 0 0 : 0 0 : 0 0 : 0 0 : 0 0 : 0 0 : 0 0 ]
[184.970s][info][gc       ] [DEOPTSTATS 2 : 0 0 : 0 0 : 0 0 : 0 0 : 0 0 : 0 0 : 0 13 : 0 0 : 0 0 : 0 0 : 0 0 : 0 0 : 0 0 : 0 0 : 0 0 : 0 0 : 0 0 : 0 0 : 0 0 : 0 0 : 0 1 : 0 0 : 0 0 : 0 0 : 0 0 : 0 0 : 0 0 : 0 0 : 0 0 : 0 0 : 4 0 : 0 0 : 0 0 : 0 0 : 0 1 : 0 0 : 0 0 : 0 0 : 0 0 : 0 5 : 0 0 : 0 0 ]
[184.970s][info][gc       ] [VMAC 65530 166 24 430 620 : 184.970250 ]
[184.971s][info][gc       ] [CCF 0 0 0 0 36 229376: 2988544 : 380 196608 : 3 49152 : 317 311808 :  527 636928 : 118 412160 : 0 0 : 14 1146880 : 1 2048]
[185.146s][info][gc       ] [GPGC-H  2990.7 537.7 0.0 0.0 : 3.5 : 0.496 1.110 : 0.847 1.773 0.864 1.882 : 3.303 1.262 1.030 2.196 1.953 0.445 : 0.000 : 99.273 : 1122 1754 32 0 : 2267 : 4608 4424 : 185.145701 : 9 Next_heuristic_check_may_be_too_late ]
[185.150s][info][safepoint] Application time: 0.1828311 seconds
[185.150s][info][safepoint] Total time for which application threads were stopped: 0.0004714 seconds, Stopping threads took: 0.0000007 seconds
[185.151s][info][gc       ] [SPS 0.000 0.004 0.003 0.010 0.001 0.001 0.001 0.418 0.041 0.471 NewGC_pause1 185.149800 ]
[185.252s][info][safepoint] Application time: 0.1017634 seconds
[185.252s][info][safepoint] Total time for which application threads were stopped: 0.0002258 seconds, Stopping threads took: 0.0000006 seconds
[185.253s][info][gc       ] [SPS 0.000 0.001 0.000 0.008 0.001 0.001 0.001 0.191 0.024 0.226 NewGC_pause2 185.251790 ]
[185.255s][info][safepoint] Application time: 0.0027138 seconds
[185.255s][info][safepoint] Total time for which application threads were stopped: 0.0001839 seconds, Stopping threads took: 0.0000005 seconds
[185.255s][info][gc       ] [SPS 0.000 0.000 0.000 0.007 0.001 0.001 0.000 0.139 0.036 0.184 NewGC_pause3 185.254687 ]
[185.261s][info][safepoint] Application time: 0.0059631 seconds
[185.261s][info][safepoint] Total time for which application threads were stopped: 0.0002067 seconds, Stopping threads took: 0.0000006 seconds
[185.261s][info][gc       ] [SPS 0.000 0.004 0.007 0.009 0.001 0.001 0.000 0.167 0.029 0.207 NewGC_pause4 185.260857 ]
[185.287s][info][gc       ] [GC New Max 514-485 : 5120 3324 2322 5120 - - 1056 56 2 2 - : 298 1806 32 184 1354 : 275 2 1078 1078 0 : 26 0 112 0 149 - 0 : 0.182999 2437.2 0.0 0.140130 2169.4 0.0 : 8 --c 0000 : 23 0 0.000 0.000 0 0.000 0.000 0 0.000 0.000 : 185.146243 185.149329 0.000377 185.251564 0.000144 185.254503 0.000099 185.260651 0.000130 : 185.286374 ]
[185.287s][info][gc       ] [SYSINFO 7583 191 89 0 7049 0 20 0 0 5745 : - - - - - - - - : 0 7168 : 4.12 1.88 1.65 : 278178 4215792 : 0 0 : 42 0 : 1547 2 0 259 : - 7678537728 333475840 1445670912 5939011584 199643136 93806592 : 140688591 5386840 153050 0 0 0 : 185.286637 ]
[185.287s][info][gc       ] [HUGEPAGESTAT 0 0 0 - 20841 0 0 : 612352 0 0 : 185.286637 ]
[185.287s][info][gc       ] [OBJCREAT 427358348 25831 22773760 : 185.286690 ]
[185.287s][info][gc       ] [HMSV All : 0 0 130 0 0 0 0 0 : 5062 0 0 0 : 185.286733 ]
[185.287s][info][gc       ] [HMSP 9 : 41100 0 : 185.286733 ]
[185.287s][info][gc       ] [VMAC 65530 166 24 430 620 : 185.287265 ]
[185.509s][info][gc       ] [GPGC-H  2990.7 845.2 0.0 0.0 : 3.4 : 0.494 1.110 : 0.847 1.773 0.864 1.882 : 3.300 1.262 1.030 2.196 1.953 0.445 : 0.000 : 99.065 : 910 1806 32 0 : 2267 : 4608 4424 : 185.509442 : 9 Next_heuristic_check_may_be_too_late ]
[185.513s][info][safepoint] Application time: 0.2519967 seconds
[185.514s][info][safepoint] Total time for which application threads were stopped: 0.0002269 seconds, Stopping threads took: 0.0000005 seconds
[185.514s][info][gc       ] [SPS 0.000 0.003 0.005 0.008 0.001 0.001 0.000 0.189 0.028 0.227 NewGC_pause1 185.513081 ]
[185.574s][info][safepoint] Application time: 0.0610929 seconds
[185.575s][info][safepoint] Total time for which application threads were stopped: 0.0001542 seconds, Stopping threads took: 0.0000005 seconds
[185.576s][info][gc       ] [SPS 0.000 0.001 0.000 0.007 0.000 0.001 0.000 0.120 0.025 0.154 NewGC_pause2 185.574328 ]
[185.578s][info][safepoint] Application time: 0.0031247 seconds
[185.578s][info][safepoint] Total time for which application threads were stopped: 0.0001810 seconds, Stopping threads took: 0.0000005 seconds
[185.578s][info][gc       ] [SPS 0.000 0.000 0.000 0.007 0.000 0.001 0.000 0.148 0.025 0.181 NewGC_pause3 185.577634 ]
[185.579s][info][safepoint] Application time: 0.0016479 seconds
[185.580s][info][safepoint] Total time for which application threads were stopped: 0.0001871 seconds, Stopping threads took: 0.0000005 seconds
[185.580s][info][gc       ] [SPS 0.000 0.003 0.002 0.007 0.001 0.001 0.000 0.155 0.024 0.187 NewGC_pause4 185.579469 ]
[185.580s][info][gc       ] [GC New Max 515-486 : 5120 3092 2180 5120 - - 1056 56 2 2 - : 158 1806 32 184 1070 : 152 4 917 917 0 : 0 1 76 0 79 - 0 : 0.223680 2745.0 0.0 0.069928 2316.7 0.0 : 8 --c 0000 : 23 0 0.000 0.000 0 0.000 0.000 0 0.000 0.000 : 185.510054 185.512854 0.000122 185.574174 0.000122 185.577453 0.000113 185.579282 0.000121 : 185.579981 ]
[185.580s][info][gc       ] [SYSINFO 7583 191 89 0 7049 0 20 0 0 5745 : - - - - - - - - : 0 7168 : 4.12 1.88 1.65 : 278178 4215792 : 0 0 : 42 0 : 1547 4 0 259 : - 7678537728 333475840 1445670912 5939011584 199643136 93806592 : 140688591 5387550 153100 0 0 0 : 185.580236 ]
[185.580s][info][gc       ] [HUGEPAGESTAT 0 0 0 - 20841 0 0 : 612352 0 0 : 185.580236 ]
[185.580s][info][gc       ] [OBJCREAT 428125182 25831 22773760 : 185.580284 ]
[185.580s][info][gc       ] [HMSV All : 0 0 130 0 0 0 0 0 : 5062 0 0 0 : 185.580302 ]
[185.580s][info][gc       ] [HMSP 9 : 41100 0 : 185.580302 ]
[185.581s][info][gc       ] [VMAC 65530 166 24 430 620 : 185.580842 ]
[185.824s][info][gc       ] [GPGC-H  2990.7 845.2 0.0 0.0 : 3.4 : 0.493 1.110 : 0.847 1.773 0.864 1.882 : 3.295 1.262 1.030 2.196 1.953 0.445 : 0.000 : 98.810 : 812 1806 32 0 : 2267 : 4608 4424 : 185.824015 : 9 Next_heuristic_check_may_be_too_late ]
[185.828s][info][safepoint] Application time: 0.2477193 seconds
[185.828s][info][safepoint] Total time for which application threads were stopped: 0.0003761 seconds, Stopping threads took: 0.0000005 seconds
[185.829s][info][gc       ] [SPS 0.000 0.003 0.004 0.008 0.001 0.001 0.000 0.340 0.026 0.376 NewGC_pause1 185.827565 ]
[185.871s][info][safepoint] Application time: 0.0435613 seconds
[185.872s][info][safepoint] Total time for which application threads were stopped: 0.0002579 seconds, Stopping threads took: 0.0000006 seconds
[185.873s][info][gc       ] [SPS 0.000 0.001 0.000 0.009 0.001 0.001 0.001 0.204 0.043 0.259 NewGC_pause2 185.871385 ]
[185.875s][info][safepoint] Application time: 0.0029757 seconds
[185.875s][info][safepoint] Total time for which application threads were stopped: 0.0001998 seconds, Stopping threads took: 0.0000006 seconds
[185.875s][info][gc       ] [SPS 0.000 0.000 0.000 0.009 0.001 0.001 0.000 0.161 0.028 0.200 NewGC_pause3 185.874560 ]
[185.877s][info][safepoint] Application time: 0.0020192 seconds
[185.877s][info][safepoint] Total time for which application threads were stopped: 0.0002262 seconds, Stopping threads took: 0.0000006 seconds
[185.878s][info][gc       ] [SPS 0.000 0.003 0.002 0.009 0.001 0.001 0.000 0.186 0.029 0.226 NewGC_pause4 185.876806 ]
[185.878s][info][gc       ] [GC New Max 516-487 : 5120 2922 2106 5120 - - 1056 56 2 2 - : 84 1806 32 184 900 : 80 2 820 820 0 : 0 0 40 0 42 - 0 : 0.244702 2680.8 0.0 0.052863 1702.5 0.0 : 8 --c 0000 : 23 0 0.000 0.000 0 0.000 0.000 0 0.000 0.000 : 185.824683 185.827189 0.000294 185.871126 0.000145 185.874360 0.000128 185.876580 0.000147 : 185.877546 ]
[185.878s][info][gc       ] [SYSINFO 7583 191 89 0 7049 0 20 0 0 5745 : - - - - - - - - : 0 7168 : 4.12 1.88 1.65 : 278178 4215808 : 0 0 : 42 0 : 1547 2 0 259 : - 7678537728 333475840 1445670912 5939011584 199643136 93806592 : 140688591 5388090 153170 0 0 0 : 185.877920 ]
[185.878s][info][gc       ] [HUGEPAGESTAT 0 0 0 - 20841 0 0 : 612352 0 0 : 185.877920 ]
[185.878s][info][gc       ] [OBJCREAT 428865509 25831 22773760 : 185.877993 ]
[185.878s][info][gc       ] [HMSV All : 0 0 130 0 0 0 0 0 : 5062 0 0 0 : 185.878020 ]
[185.878s][info][gc       ] [HMSP 9 : 41100 0 : 185.878020 ]
[185.879s][info][gc       ] [VMAC 65530 166 24 430 620 : 185.879215 ]
[186.122s][info][gc       ] [GPGC-H  2990.7 845.2 0.0 0.0 : 3.4 : 0.491 1.110 : 0.847 1.773 0.864 1.882 : 3.289 1.262 1.030 2.196 1.953 0.445 : 0.000 : 98.532 : 728 1806 32 0 : 2267 : 4608 4424 : 186.121664 : 9 Next_heuristic_check_may_be_too_late ]
[186.125s][info][safepoint] Application time: 0.2477059 seconds
[186.125s][info][safepoint] Total time for which application threads were stopped: 0.0003728 seconds, Stopping threads took: 0.0000005 seconds
[186.126s][info][gc       ] [SPS 0.000 0.003 0.002 0.008 0.001 0.001 0.001 0.337 0.027 0.373 NewGC_pause1 186.124885 ]
[186.171s][info][safepoint] Application time: 0.0456395 seconds
[186.171s][info][safepoint] Total time for which application threads were stopped: 0.0002059 seconds, Stopping threads took: 0.0000005 seconds
[186.172s][info][gc       ] [SPS 0.000 0.001 0.000 0.009 0.001 0.001 0.000 0.161 0.034 0.206 NewGC_pause2 186.170731 ]
[186.174s][info][safepoint] Application time: 0.0026578 seconds
[186.174s][info][safepoint] Total time for which application threads were stopped: 0.0001812 seconds, Stopping threads took: 0.0000005 seconds
[186.174s][info][gc       ] [SPS 0.000 0.000 0.000 0.007 0.000 0.001 0.000 0.148 0.024 0.181 NewGC_pause3 186.173570 ]
[186.175s][info][safepoint] Application time: 0.0015521 seconds
[186.176s][info][safepoint] Total time for which application threads were stopped: 0.0002807 seconds, Stopping threads took: 0.0000005 seconds
[186.176s][info][gc       ] [SPS 0.000 0.003 0.002 0.007 0.001 0.001 0.000 0.233 0.039 0.281 NewGC_pause4 186.175403 ]
[186.176s][info][gc       ] [GC New Max 517-488 : 5120 2882 2154 5120 - - 1056 56 2 2 - : 132 1806 32 184 860 : 126 4 733 733 0 : 0 1 63 0 66 - 0 : 0.244724 2639.7 0.0 0.053531 2503.2 0.0 : 8 --c 0000 : 23 0 0.000 0.000 0 0.000 0.000 0 0.000 0.000 : 186.122270 186.124512 0.000299 186.170525 0.000125 186.173388 0.000117 186.175122 0.000154 : 186.175801 ]
[186.176s][info][gc       ] [SYSINFO 7583 191 89 0 7049 0 20 0 0 5745 : - - - - - - - - : 0 7168 : 4.12 1.88 1.65 : 278178 4215808 : 0 0 : 42 0 : 1547 2 0 259 : - 7678537728 333475840 1445670912 5939011584 199643136 93806592 : 140688591 5388730 153210 0 0 0 : 186.176102 ]
[186.176s][info][gc       ] [HUGEPAGESTAT 0 0 0 - 20841 0 0 : 612352 0 0 : 186.176102 ]
[186.176s][info][gc       ] [OBJCREAT 429636297 25831 22773760 : 186.176149 ]
[186.176s][info][gc       ] [HMSV All : 0 0 130 0 0 0 0 0 : 5062 0 0 0 : 186.176166 ]
[186.176s][info][gc       ] [HMSP 9 : 41100 0 : 186.176166 ]
[186.177s][info][gc       ] [VMAC 65530 166 24 430 620 : 186.176748 ]
[186.420s][info][gc       ] [GPGC-H  2990.7 845.2 0.0 0.0 : 3.4 : 0.490 1.110 : 0.847 1.773 0.864 1.882 : 3.280 1.262 1.030 2.196 1.953 0.445 : 0.000 : 98.255 : 770 1806 32 0 : 2267 : 4608 4424 : 186.420169 : 9 Next_heuristic_check_may_be_too_late ]
[186.423s][info][safepoint] Application time: 0.2475520 seconds
[186.424s][info][safepoint] Total time for which application threads were stopped: 0.0003254 seconds, Stopping threads took: 0.0000005 seconds
[186.424s][info][gc       ] [SPS 0.000 0.003 0.004 0.008 0.000 0.001 0.000 0.278 0.038 0.325 NewGC_pause1 186.423280 ]
[186.470s][info][safepoint] Application time: 0.0469844 seconds
[186.471s][info][safepoint] Total time for which application threads were stopped: 0.0002086 seconds, Stopping threads took: 0.0000067 seconds
[186.472s][info][gc       ] [SPS 0.000 0.001 0.000 0.007 0.007 0.005 0.008 0.159 0.024 0.209 NewGC_pause2 186.470474 ]
[186.474s][info][safepoint] Application time: 0.0028405 seconds
[186.474s][info][safepoint] Total time for which application threads were stopped: 0.0002035 seconds, Stopping threads took: 0.0000005 seconds
[186.474s][info][gc       ] [SPS 0.000 0.000 0.000 0.008 0.001 0.001 0.000 0.158 0.036 0.204 NewGC_pause3 186.473517 ]
[186.476s][info][safepoint] Application time: 0.0018854 seconds
[186.476s][info][safepoint] Total time for which application threads were stopped: 0.0001697 seconds, Stopping threads took: 0.0000005 seconds
[186.476s][info][gc       ] [SPS 0.000 0.002 0.002 0.008 0.001 0.001 0.000 0.134 0.027 0.170 NewGC_pause4 186.475573 ]
[186.476s][info][gc       ] [GC New Max 518-489 : 5120 2940 2168 5120 - - 1056 56 2 2 - : 146 1806 32 184 918 : 142 4 776 776 0 : 0 1 71 0 73 - 0 : 0.244973 2612.5 0.0 0.055236 2715.6 0.0 : 8 --c 0000 : 23 0 0.000 0.000 0 0.000 0.000 0 0.000 0.000 : 186.420774 186.422955 0.000280 186.470265 0.000128 186.473314 0.000105 186.475403 0.000102 : 186.476010 ]
[186.476s][info][gc       ] [SYSINFO 7583 191 89 0 7049 0 20 0 0 5745 : - - - - - - - - : 0 7168 : 4.12 1.88 1.65 : 278178 4215808 : 0 0 : 42 0 : 1547 2 0 259 : - 7678537728 333475840 1445670912 5939011584 199643136 93806592 : 140688591 5389340 153260 0 0 0 : 186.476264 ]
[186.476s][info][gc       ] [HUGEPAGESTAT 0 0 0 - 20841 0 0 : 612352 0 0 : 186.476264 ]
[186.476s][info][gc       ] [OBJCREAT 430420021 25831 22773760 : 186.476317 ]
[186.476s][info][gc       ] [HMSV All : 0 0 130 0 0 0 0 0 : 5062 0 0 0 : 186.476337 ]
[186.476s][info][gc       ] [HMSP 9 : 41100 0 : 186.476337 ]
[186.477s][info][gc       ] [VMAC 65530 166 24 430 620 : 186.476968 ]
[186.699s][info][gc       ] [GPGC-H  2978.1 845.2 0.0 0.0 : 3.4 : 0.488 1.110 : 0.847 1.773 0.864 1.882 : 3.270 1.262 1.030 2.196 1.953 0.445 : 0.000 : 97.978 : 798 1806 32 0 : 2267 : 4608 4424 : 186.699443 : 9 Next_heuristic_check_may_be_too_late ]
[186.703s][info][safepoint] Application time: 0.2270620 seconds
[186.704s][info][safepoint] Total time for which application threads were stopped: 0.0002957 seconds, Stopping threads took: 0.0000007 seconds
[186.704s][info][gc       ] [SPS 0.000 0.004 0.005 0.010 0.001 0.001 0.001 0.242 0.042 0.296 NewGC_pause1 186.702931 ]
[186.747s][info][safepoint] Application time: 0.0434472 seconds
[186.747s][info][safepoint] Total time for which application threads were stopped: 0.0001986 seconds, Stopping threads took: 0.0000005 seconds
[186.748s][info][gc       ] [SPS 0.000 0.001 0.000 0.008 0.001 0.001 0.000 0.166 0.024 0.199 NewGC_pause2 186.746577 ]
[186.749s][info][safepoint] Application time: 0.0021699 seconds
[186.749s][info][safepoint] Total time for which application threads were stopped: 0.0001804 seconds, Stopping threads took: 0.0000005 seconds
[186.750s][info][gc       ] [SPS 0.000 0.000 0.000 0.007 0.000 0.001 0.000 0.148 0.023 0.181 NewGC_pause3 186.748927 ]
[186.751s][info][safepoint] Application time: 0.0016996 seconds
[186.751s][info][safepoint] Total time for which application threads were stopped: 0.0001853 seconds, Stopping threads took: 0.0000005 seconds
[186.751s][info][gc       ] [SPS 0.000 0.002 0.002 0.007 0.000 0.001 0.000 0.151 0.026 0.185 NewGC_pause4 186.750812 ]
[186.752s][info][gc       ] [GC New Max 519-490 : 5120 2926 2128 5120 - - 1056 56 2 2 - : 106 1806 32 184 904 : 100 4 802 802 0 : 0 1 50 0 53 - 0 : 0.224000 2919.6 0.0 0.051248 2107.4 0.0 : 8 --c 0000 : 23 0 0.000 0.000 0 0.000 0.000 0 0.000 0.000 : 186.700010 186.702635 0.000174 186.746378 0.000127 186.748747 0.000117 186.750627 0.000089 : 186.751258 ]
[186.752s][info][gc       ] [SYSINFO 7583 191 89 0 7049 0 20 0 0 5745 : - - - - - - - - : 0 7168 : 4.12 1.88 1.65 : 278178 4215808 : 0 0 : 42 0 : 1547 3 0 259 : - 7678537728 333475840 1445670912 5939011584 199643136 93806592 : 140688591 5389950 153350 0 0 0 : 186.751523 ]
[186.752s][info][gc       ] [HUGEPAGESTAT 0 0 0 - 20841 0 0 : 612352 0 0 : 186.751523 ]
[186.752s][info][gc       ] [OBJCREAT 431172016 25831 22773760 : 186.751571 ]
[186.752s][info][gc       ] [HMSV All : 0 0 130 0 0 0 0 0 : 5062 0 0 0 : 186.751589 ]
[186.752s][info][gc       ] [HMSP 9 : 41100 0 : 186.751589 ]
[186.752s][info][gc       ] [VMAC 65530 166 24 430 620 : 186.752126 ]
[186.995s][info][gc       ] [GPGC-H  2978.1 845.2 0.0 0.0 : 3.4 : 0.487 1.110 : 0.847 1.773 0.864 1.882 : 3.261 1.262 1.030 2.196 1.953 0.445 : 0.000 : 97.726 : 740 1806 32 0 : 2267 : 4608 4424 : 186.994679 : 9 Next_heuristic_check_may_be_too_late ]
[186.999s][info][safepoint] Application time: 0.2474472 seconds
[187.000s][info][safepoint] Total time for which application threads were stopped: 0.0005255 seconds, Stopping threads took: 0.0000008 seconds
[187.000s][info][gc       ] [SPS 0.001 0.004 0.005 0.012 0.001 0.001 0.001 0.467 0.044 0.526 NewGC_pause1 186.998785 ]
[187.043s][info][safepoint] Application time: 0.0444257 seconds
[187.044s][info][safepoint] Total time for which application threads were stopped: 0.0001899 seconds, Stopping threads took: 0.0000005 seconds
[187.045s][info][gc       ] [SPS 0.000 0.001 0.000 0.007 0.000 0.001 0.000 0.158 0.023 0.190 NewGC_pause2 187.043401 ]
[187.046s][info][safepoint] Application time: 0.0025162 seconds
[187.046s][info][safepoint] Total time for which application threads were stopped: 0.0001818 seconds, Stopping threads took: 0.0000005 seconds
[187.047s][info][gc       ] [SPS 0.000 0.000 0.000 0.007 0.001 0.001 0.000 0.148 0.025 0.182 NewGC_pause3 187.046099 ]
[187.048s][info][safepoint] Application time: 0.0012766 seconds
[187.048s][info][safepoint] Total time for which application threads were stopped: 0.0001980 seconds, Stopping threads took: 0.0000005 seconds
[187.048s][info][gc       ] [SPS 0.000 0.003 0.002 0.007 0.001 0.001 0.000 0.162 0.027 0.198 NewGC_pause4 187.047574 ]
[187.048s][info][gc       ] [GC New Max 520-491 : 5120 2882 2144 5120 - - 1056 56 2 2 - : 122 1806 32 184 860 : 116 4 743 743 0 : 0 1 58 0 61 - 0 : 0.244111 2597.2 0.0 0.052564 2359.0 0.0 : 8 --c 0000 : 23 0 0.000 0.000 0 0.000 0.000 0 0.000 0.000 : 186.995369 186.998260 0.000420 187.043211 0.000127 187.045917 0.000103 187.047376 0.000110 : 187.047933 ]
[187.048s][info][gc       ] [SYSINFO 7583 191 89 0 7049 0 20 0 0 5745 : - - - - - - - - : 0 7168 : 4.12 1.88 1.65 : 278178 4215828 : 0 0 : 42 0 : 1547 2 0 259 : - 7678537728 333475840 1445670912 5939011584 199643136 93806592 : 140688591 5390530 153400 0 0 0 : 187.048171 ]
[187.048s][info][gc       ] [HUGEPAGESTAT 0 0 0 - 20841 0 0 : 612352 0 0 : 187.048171 ]
[187.048s][info][gc       ] [OBJCREAT 431922819 25831 22773760 : 187.048220 ]
[187.048s][info][gc       ] [HMSV All : 0 0 130 0 0 0 0 0 : 5062 0 0 0 : 187.048238 ]
[187.048s][info][gc       ] [HMSP 9 : 41100 0 : 187.048238 ]
[187.049s][info][gc       ] [VMAC 65530 166 24 430 620 : 187.048814 ]
[187.251s][info][gc       ] [GPGC-H  2978.1 845.2 0.0 0.0 : 3.4 : 0.485 1.110 : 0.847 1.773 0.864 1.882 : 3.250 1.262 1.030 2.196 1.953 0.445 : 0.000 : 97.452 : 738 1806 32 0 : 2267 : 4608 4424 : 187.251419 : 9 Next_heuristic_check_may_be_too_late ]
[187.256s][info][safepoint] Application time: 0.2078719 seconds
[187.256s][info][safepoint] Total time for which application threads were stopped: 0.0003908 seconds, Stopping threads took: 0.0000005 seconds
[187.257s][info][gc       ] [SPS 0.000 0.004 0.004 0.008 0.001 0.001 0.001 0.342 0.039 0.391 NewGC_pause1 187.255837 ]
[187.301s][info][safepoint] Application time: 0.0450372 seconds
[187.302s][info][safepoint] Total time for which application threads were stopped: 0.0002130 seconds, Stopping threads took: 0.0000005 seconds
[187.302s][info][gc       ] [SPS 0.000 0.001 0.000 0.007 0.001 0.001 0.000 0.177 0.027 0.213 NewGC_pause2 187.301087 ]
[187.304s][info][safepoint] Application time: 0.0028754 seconds
[187.305s][info][safepoint] Total time for which application threads were stopped: 0.0001965 seconds, Stopping threads took: 0.0000005 seconds
[187.305s][info][gc       ] [SPS 0.000 0.001 0.000 0.007 0.000 0.001 0.000 0.153 0.034 0.197 NewGC_pause3 187.304159 ]
[187.306s][info][safepoint] Application time: 0.0018067 seconds
[187.307s][info][safepoint] Total time for which application threads were stopped: 0.0001877 seconds, Stopping threads took: 0.0000005 seconds
[187.307s][info][gc       ] [SPS 0.000 0.003 0.002 0.007 0.001 0.001 0.000 0.154 0.025 0.188 NewGC_pause4 187.306154 ]
[187.307s][info][gc       ] [GC New Max 521-492 : 5120 2874 2130 5120 - - 1056 56 2 2 - : 108 1806 32 184 852 : 104 2 748 748 0 : 0 0 52 0 54 - 0 : 0.204109 3027.8 0.0 0.054828 2115.7 0.0 : 8 --c 0000 : 23 0 0.000 0.000 0 0.000 0.000 0 0.000 0.000 : 187.252042 187.255446 0.000303 187.300874 0.000121 187.303962 0.000108 187.305966 0.000115 : 187.306869 ]
[187.307s][info][gc       ] [SYSINFO 7583 191 89 0 7049 0 20 0 0 5745 : - - - - - - - - : 0 7168 : 4.12 1.88 1.65 : 278178 4215828 : 0 0 : 42 0 : 1547 3 0 259 : - 7678537728 333475840 1445670912 5939011584 199643136 93806592 : 140688591 5391110 153420 0 0 0 : 187.307231 ]
[187.307s][info][gc       ] [HUGEPAGESTAT 0 0 0 - 20841 0 0 : 612352 0 0 : 187.307231 ]
[187.307s][info][gc       ] [OBJCREAT 432649780 25831 22773760 : 187.307282 ]
[187.307s][info][gc       ] [HMSV All : 0 0 130 0 0 0 0 0 : 5062 0 0 0 : 187.307300 ]
[187.307s][info][gc       ] [HMSP 9 : 41100 0 : 187.307300 ]
[187.308s][info][gc       ] [VMAC 65530 166 24 430 620 : 187.307928 ]
[187.531s][info][gc       ] [GPGC-H  2978.1 825.9 0.0 0.0 : 3.3 : 0.484 1.110 : 0.847 1.773 0.864 1.882 : 3.242 1.262 1.030 2.196 1.953 0.445 : 0.000 : 97.225 : 786 1806 32 0 : 2267 : 4608 4424 : 187.530947 : 9 Next_heuristic_check_may_be_too_late ]
[187.534s][info][safepoint] Application time: 0.2276689 seconds
[187.535s][info][safepoint] Total time for which application threads were stopped: 0.0003666 seconds, Stopping threads took: 0.0000005 seconds
[187.535s][info][gc       ] [SPS 0.000 0.028 0.002 0.007 0.001 0.001 0.000 0.332 0.026 0.367 NewGC_pause1 187.534190 ]
[187.580s][info][safepoint] Application time: 0.0456557 seconds
[187.581s][info][safepoint] Total time for which application threads were stopped: 0.0001971 seconds, Stopping threads took: 0.0000006 seconds
[187.581s][info][gc       ] [SPS 0.000 0.001 0.000 0.008 0.001 0.001 0.000 0.159 0.028 0.197 NewGC_pause2 187.580042 ]
[187.583s][info][safepoint] Application time: 0.0027954 seconds
[187.583s][info][safepoint] Total time for which application threads were stopped: 0.0001766 seconds, Stopping threads took: 0.0000005 seconds
[187.584s][info][gc       ] [SPS 0.000 0.000 0.000 0.007 0.000 0.001 0.000 0.145 0.023 0.177 NewGC_pause3 187.583014 ]
[187.585s][info][safepoint] Application time: 0.0015168 seconds
[187.585s][info][safepoint] Total time for which application threads were stopped: 0.0001744 seconds, Stopping threads took: 0.0000005 seconds
[187.585s][info][gc       ] [SPS 0.000 0.002 0.002 0.007 0.000 0.001 0.000 0.141 0.025 0.175 NewGC_pause4 187.584706 ]
[187.586s][info][gc       ] [GC New Max 522-493 : 5120 2952 2162 5120 - - 1056 56 2 2 - : 140 1806 32 184 930 : 136 2 794 794 0 : 0 0 68 0 70 - 0 : 0.224722 3026.0 0.0 0.053823 2712.6 0.0 : 8 --c 0000 : 23 0 0.000 0.000 0 0.000 0.000 0 0.000 0.000 : 187.531591 187.533823 0.000296 187.579846 0.000123 187.582838 0.000114 187.584531 0.000104 : 187.585415 ]
[187.586s][info][gc       ] [SYSINFO 7583 191 89 0 7049 0 20 0 0 5745 : - - - - - - - - : 0 7168 : 4.12 1.88 1.65 : 278178 4215828 : 0 0 : 42 0 : 1547 2 0 259 : - 7678537728 333475840 1445670912 5939011584 199643136 93806592 : 140688591 5391720 153430 0 0 0 : 187.585730 ]
[187.586s][info][gc       ] [HUGEPAGESTAT 0 0 0 - 20841 0 0 : 612352 0 0 : 187.585730 ]
[187.586s][info][gc       ] [OBJCREAT 433466516 25831 22773760 : 187.585782 ]
[187.586s][info][gc       ] [HMSV All : 0 0 130 0 0 0 0 0 : 5062 0 0 0 : 187.585816 ]
[187.586s][info][gc       ] [HMSP 9 : 41100 0 : 187.585816 ]
[187.586s][info][gc       ] [VMAC 65530 166 24 430 620 : 187.586360 ]
[187.788s][info][gc       ] [GPGC-H  2978.1 825.9 0.0 0.0 : 3.3 : 0.483 1.110 : 0.847 1.773 0.864 1.882 : 3.232 1.262 1.030 2.196 1.953 0.445 : 0.000 : 96.974 : 756 1806 32 0 : 2267 : 4608 4424 : 187.788490 : 9 Next_heuristic_check_may_be_too_late ]
[187.792s][info][safepoint] Application time: 0.2067260 seconds
[187.792s][info][safepoint] Total time for which application threads were stopped: 0.0002310 seconds, Stopping threads took: 0.0000005 seconds
[187.793s][info][gc       ] [SPS 0.000 0.003 0.003 0.007 0.001 0.001 0.000 0.195 0.027 0.231 NewGC_pause1 187.791663 ]
[187.838s][info][safepoint] Application time: 0.0456441 seconds
[187.838s][info][safepoint] Total time for which application threads were stopped: 0.0001910 seconds, Stopping threads took: 0.0000005 seconds
[187.839s][info][gc       ] [SPS 0.000 0.001 0.000 0.007 0.001 0.001 0.000 0.157 0.024 0.191 NewGC_pause2 187.837498 ]
[187.840s][info][safepoint] Application time: 0.0027240 seconds
[187.841s][info][safepoint] Total time for which application threads were stopped: 0.0002202 seconds, Stopping threads took: 0.0000005 seconds
[187.841s][info][gc       ] [SPS 0.000 0.000 0.000 0.007 0.001 0.001 0.000 0.184 0.027 0.220 NewGC_pause3 187.840443 ]
[187.842s][info][safepoint] Application time: 0.0012287 seconds
[187.842s][info][safepoint] Total time for which application threads were stopped: 0.0001774 seconds, Stopping threads took: 0.0000005 seconds
[187.843s][info][gc       ] [SPS 0.000 0.003 0.002 0.007 0.001 0.001 0.000 0.144 0.024 0.177 NewGC_pause4 187.841849 ]
[187.843s][info][gc       ] [VMAC 65530 166 24 430 620 : 187.843127 ]
[187.843s][info][gc       ] [GC New Max 523-494 : 5120 2892 2134 5120 - - 1056 56 2 2 - : 112 1806 32 184 870 : 108 4 761 761 0 : 0 1 54 0 56 - 0 : 0.203669 3034.3 0.0 0.053250 2140.8 0.0 : 8 --c 0000 : 23 0 0.000 0.000 0 0.000 0.000 0 0.000 0.000 : 187.789083 187.791432 0.000120 187.837308 0.000122 187.840222 0.000153 187.841672 0.000110 : 187.842334 ]
[187.843s][info][gc       ] [SYSINFO 7583 191 89 0 7049 0 20 0 0 5745 : - - - - - - - - : 0 7168 : 4.12 1.88 1.65 : 278178 4215828 : 0 0 : 42 0 : 1547 3 0 259 : - 7678537728 333475840 1445670912 5939011584 199643136 93806592 : 140688591 5392260 153450 0 0 0 : 187.842565 ]
[187.843s][info][gc       ] [HUGEPAGESTAT 0 0 0 - 20841 0 0 : 612352 0 0 : 187.842565 ]
[187.843s][info][gc       ] [OBJCREAT 434193343 25831 22773760 : 187.842629 ]
[187.843s][info][gc       ] [HMSV All : 0 0 130 0 0 0 0 0 : 5062 0 0 0 : 187.842648 ]
[187.843s][info][gc       ] [HMSP 9 : 41100 0 : 187.842648 ]
[188.107s][info][gc       ] [GPGC-H  2978.1 825.9 0.0 0.0 : 3.3 : 0.481 1.110 : 0.847 1.773 0.864 1.882 : 3.223 1.262 1.030 2.196 1.953 0.445 : 0.000 : 96.748 : 766 1806 32 0 : 2267 : 4608 4424 : 188.107103 : 9 Next_heuristic_check_may_be_too_late ]
[188.111s][info][safepoint] Application time: 0.2687992 seconds
[188.112s][info][safepoint] Total time for which application threads were stopped: 0.0003901 seconds, Stopping threads took: 0.0000005 seconds
[188.112s][info][gc       ] [SPS 0.000 0.004 0.002 0.008 0.001 0.001 0.000 0.352 0.029 0.390 NewGC_pause1 188.111039 ]
[188.156s][info][safepoint] Application time: 0.0445937 seconds
[188.156s][info][safepoint] Total time for which application threads were stopped: 0.0002105 seconds, Stopping threads took: 0.0000006 seconds
[188.157s][info][gc       ] [SPS 0.000 0.001 0.000 0.009 0.001 0.001 0.000 0.172 0.028 0.211 NewGC_pause2 188.155843 ]
[188.159s][info][safepoint] Application time: 0.0027403 seconds
[188.159s][info][safepoint] Total time for which application threads were stopped: 0.0001832 seconds, Stopping threads took: 0.0000006 seconds
[188.160s][info][gc       ] [SPS 0.000 0.000 0.000 0.009 0.001 0.001 0.000 0.145 0.027 0.183 NewGC_pause3 188.158767 ]
[188.160s][info][safepoint] Application time: 0.0015090 seconds
[188.161s][info][safepoint] Total time for which application threads were stopped: 0.0002150 seconds, Stopping threads took: 0.0000006 seconds
[188.162s][info][gc       ] [SPS 0.000 0.003 0.002 0.009 0.001 0.001 0.000 0.176 0.028 0.215 NewGC_pause4 188.160491 ]
[188.161s][info][gc       ] [GC New Max 524-495 : 5120 2902 2130 5120 - - 1056 56 2 2 - : 108 1806 32 184 880 : 104 4 774 774 0 : 0 1 52 0 54 - 0 : 0.265506 2470.8 0.0 0.053022 2150.1 0.0 : 8 --c 0000 : 23 0 0.000 0.000 0 0.000 0.000 0 0.000 0.000 : 188.107839 188.110648 0.000313 188.155633 0.000129 188.158583 0.000112 188.160276 0.000127 : 188.160861 ]
[188.161s][info][gc       ] [SYSINFO 7583 191 89 0 7049 0 20 0 0 5745 : - - - - - - - - : 0 7168 : 4.12 1.88 1.65 : 278178 4215828 : 0 0 : 42 0 : 1547 2 0 259 : - 7678537728 333475840 1445670912 5939011584 199643136 93806592 : 140688591 5392870 153480 0 0 0 : 188.161134 ]
[188.161s][info][gc       ] [HUGEPAGESTAT 0 0 0 - 20841 0 0 : 612352 0 0 : 188.161134 ]
[188.161s][info][gc       ] [OBJCREAT 434954848 25831 22773760 : 188.161183 ]
[188.161s][info][gc       ] [HMSV All : 0 0 130 0 0 0 0 0 : 5062 0 0 0 : 188.161200 ]
[188.161s][info][gc       ] [HMSP 9 : 41100 0 : 188.161200 ]
[188.162s][info][gc       ] [VMAC 65530 166 24 430 620 : 188.161839 ]
[188.385s][info][gc       ] [GPGC-H  2978.1 825.9 0.0 0.0 : 3.3 : 0.480 1.110 : 0.847 1.773 0.864 1.882 : 3.212 1.262 1.030 2.196 1.953 0.445 : 0.000 : 96.454 : 756 1806 32 0 : 2267 : 4608 4424 : 188.385269 : 9 Next_heuristic_check_may_be_too_late ]
[188.389s][info][safepoint] Application time: 0.2276898 seconds
[188.389s][info][safepoint] Total time for which application threads were stopped: 0.0003987 seconds, Stopping threads took: 0.0000005 seconds
[188.390s][info][gc       ] [SPS 0.000 0.003 0.002 0.008 0.001 0.001 0.000 0.356 0.033 0.399 NewGC_pause1 188.388579 ]
[188.435s][info][safepoint] Application time: 0.0461840 seconds
[188.436s][info][safepoint] Total time for which application threads were stopped: 0.0002117 seconds, Stopping threads took: 0.0000007 seconds
[188.436s][info][gc       ] [SPS 0.000 0.001 0.000 0.010 0.001 0.001 0.001 0.168 0.032 0.212 NewGC_pause2 188.434975 ]
[188.438s][info][safepoint] Application time: 0.0028754 seconds
[188.438s][info][safepoint] Total time for which application threads were stopped: 0.0002042 seconds, Stopping threads took: 0.0000006 seconds
[188.439s][info][gc       ] [SPS 0.000 0.001 0.000 0.010 0.001 0.001 0.000 0.159 0.033 0.204 NewGC_pause3 188.438055 ]
[188.440s][info][safepoint] Application time: 0.0016866 seconds
[188.440s][info][safepoint] Total time for which application threads were stopped: 0.0002000 seconds, Stopping threads took: 0.0000006 seconds
[188.441s][info][gc       ] [SPS 0.000 0.003 0.002 0.009 0.001 0.001 0.000 0.153 0.036 0.200 NewGC_pause4 188.439942 ]
[188.441s][info][gc       ] [GC New Max 525-496 : 5120 2868 2112 5120 - - 1056 56 2 2 - : 90 1806 32 184 846 : 86 4 761 761 0 : 0 1 43 0 45 - 0 : 0.225165 2886.8 0.0 0.054563 1686.1 0.0 : 8 --c 0000 : 23 0 0.000 0.000 0 0.000 0.000 0 0.000 0.000 : 188.386026 188.388181 0.000322 188.434764 0.000132 188.437851 0.000124 188.439742 0.000114 : 188.440589 ]
[188.441s][info][gc       ] [SYSINFO 7583 191 89 0 7049 0 20 0 0 5745 : - - - - - - - - : 0 7168 : 4.12 1.88 1.65 : 278178 4215828 : 0 0 : 42 0 : 1547 2 0 259 : - 7678537728 333475840 1445670912 5939011584 199643136 93806592 : 140688591 5393430 153550 0 0 0 : 188.440883 ]
[188.441s][info][gc       ] [HUGEPAGESTAT 0 0 0 - 20841 0 0 : 612352 0 0 : 188.440883 ]
[188.441s][info][gc       ] [OBJCREAT 435688098 25831 22773760 : 188.440945 ]
[188.441s][info][gc       ] [HMSV All : 0 0 130 0 0 0 0 0 : 5062 0 0 0 : 188.440967 ]
[188.441s][info][gc       ] [HMSP 9 : 41100 0 : 188.440967 ]
[188.442s][info][gc       ] [VMAC 65530 166 24 430 620 : 188.441697 ]
[188.665s][info][gc       ] [GPGC-H  2978.1 825.9 0.0 0.0 : 3.3 : 0.478 1.110 : 0.847 1.773 0.864 1.882 : 3.203 1.262 1.030 2.196 1.953 0.445 : 0.000 : 96.206 : 760 1806 32 0 : 2267 : 4608 4424 : 188.664723 : 9 Next_heuristic_check_may_be_too_late ]
[188.668s][info][safepoint] Application time: 0.2275809 seconds
[188.668s][info][safepoint] Total time for which application threads were stopped: 0.0002064 seconds, Stopping threads took: 0.0000005 seconds
[188.669s][info][gc       ] [SPS 0.000 0.003 0.002 0.007 0.000 0.001 0.001 0.159 0.039 0.206 NewGC_pause1 188.667730 ]
[188.715s][info][safepoint] Application time: 0.0474236 seconds
[188.716s][info][safepoint] Total time for which application threads were stopped: 0.0001947 seconds, Stopping threads took: 0.0000005 seconds
[188.716s][info][gc       ] [SPS 0.000 0.001 0.000 0.007 0.000 0.001 0.000 0.160 0.026 0.195 NewGC_pause2 188.715348 ]
[188.718s][info][safepoint] Application time: 0.0025814 seconds
[188.718s][info][safepoint] Total time for which application threads were stopped: 0.0001830 seconds, Stopping threads took: 0.0000005 seconds
[188.719s][info][gc       ] [SPS 0.000 0.000 0.000 0.007 0.000 0.001 0.000 0.148 0.026 0.183 NewGC_pause3 188.718112 ]
[188.720s][info][safepoint] Application time: 0.0015538 seconds
[188.720s][info][safepoint] Total time for which application threads were stopped: 0.0001773 seconds, Stopping threads took: 0.0000005 seconds
[188.721s][info][gc       ] [SPS 0.000 0.003 0.002 0.007 0.001 0.001 0.000 0.144 0.025 0.178 NewGC_pause4 188.719844 ]
[188.721s][info][gc       ] [GC New Max 526-497 : 5120 2914 2154 5120 - - 1056 56 2 2 - : 132 1806 32 184 892 : 126 4 764 764 0 : 0 1 63 0 66 - 0 : 0.224665 2982.2 0.0 0.055256 2461.3 0.0 : 8 --c 0000 : 23 0 0.000 0.000 0 0.000 0.000 0 0.000 0.000 : 188.665254 188.667523 0.000115 188.715153 0.000113 188.717929 0.000111 188.719666 0.000112 : 188.720509 ]
[188.721s][info][gc       ] [SYSINFO 7583 191 89 0 7049 0 20 0 0 5745 : - - - - - - - - : 0 7168 : 4.12 1.88 1.65 : 278178 4215828 : 0 0 : 42 0 : 1547 2 0 259 : - 7678537728 333475840 1445670912 5939011584 199643136 93806592 : 140688591 5394010 153560 0 0 0 : 188.720941 ]
[188.721s][info][gc       ] [HUGEPAGESTAT 0 0 0 - 20841 0 0 : 612352 0 0 : 188.720941 ]
[188.721s][info][gc       ] [OBJCREAT 436485440 25831 22773760 : 188.721040 ]
[188.721s][info][gc       ] [HMSV All : 0 0 130 0 0 0 0 0 : 5062 0 0 0 : 188.721073 ]
[188.721s][info][gc       ] [HMSP 9 : 41100 0 : 188.721073 ]
[188.722s][info][gc       ] [VMAC 65530 166 24 430 620 : 188.721684 ]
[188.964s][info][gc       ] [GPGC-H  2969.8 825.9 0.0 0.0 : 3.3 : 0.477 1.110 : 0.847 1.773 0.864 1.882 : 3.193 1.262 1.030 2.196 1.953 0.445 : 0.000 : 95.959 : 744 1806 32 0 : 2267 : 4608 4424 : 188.964369 : 9 Next_heuristic_check_may_be_too_late ]
[188.967s][info][safepoint] Application time: 0.2471995 seconds
[188.968s][info][safepoint] Total time for which application threads were stopped: 0.0002509 seconds, Stopping threads took: 0.0000005 seconds
[188.968s][info][gc       ] [SPS 0.000 0.003 0.002 0.007 0.000 0.001 0.000 0.198 0.044 0.251 NewGC_pause1 188.967294 ]
[189.017s][info][safepoint] Application time: 0.0490471 seconds
[189.017s][info][safepoint] Total time for which application threads were stopped: 0.0002344 seconds, Stopping threads took: 0.0000005 seconds
[189.018s][info][gc       ] [SPS 0.000 0.002 0.000 0.007 0.000 0.001 0.000 0.201 0.024 0.234 NewGC_pause2 189.016576 ]
[189.019s][info][safepoint] Application time: 0.0026317 seconds
[189.020s][info][safepoint] Total time for which application threads were stopped: 0.0002038 seconds, Stopping threads took: 0.0000005 seconds
[189.020s][info][gc       ] [SPS 0.000 0.000 0.000 0.007 0.000 0.001 0.000 0.160 0.035 0.204 NewGC_pause3 189.019412 ]
[189.021s][info][safepoint] Application time: 0.0013242 seconds
[189.021s][info][safepoint] Total time for which application threads were stopped: 0.0001754 seconds, Stopping threads took: 0.0000005 seconds
[189.021s][info][gc       ] [SPS 0.000 0.003 0.002 0.007 0.000 0.001 0.000 0.143 0.024 0.176 NewGC_pause4 189.020911 ]
[189.022s][info][gc       ] [GC New Max 527-498 : 5120 2914 2170 5120 - - 1056 56 2 2 - : 148 1806 32 184 892 : 142 4 748 748 0 : 0 1 71 0 74 - 0 : 0.244353 2504.6 0.0 0.056530 2688.9 0.0 : 8 --c 0000 : 23 0 0.000 0.000 0 0.000 0.000 0 0.000 0.000 : 188.964862 188.967043 0.000108 189.016342 0.000169 189.019208 0.000084 189.020736 0.000099 : 189.021392 ]
[189.022s][info][gc       ] [SYSINFO 7583 191 89 0 7049 0 20 0 0 5745 : - - - - - - - - : 0 7168 : 4.12 1.88 1.65 : 278178 4215828 : 0 0 : 42 0 : 1547 3 0 259 : - 7678537728 333475840 1445670912 5939011584 199643136 93806592 : 140688591 5394670 153560 0 0 0 : 189.021654 ]
[189.022s][info][gc       ] [HUGEPAGESTAT 0 0 0 - 20841 0 0 : 612352 0 0 : 189.021654 ]
[189.022s][info][gc       ] [OBJCREAT 437241442 25831 22773760 : 189.021703 ]
[189.022s][info][gc       ] [HMSV All : 0 0 130 0 0 0 0 0 : 5062 0 0 0 : 189.021720 ]
[189.022s][info][gc       ] [HMSP 9 : 41100 0 : 189.021720 ]
[189.022s][info][gc       ] [VMAC 65530 166 24 430 620 : 189.022267 ]
[189.264s][info][gc       ] [GPGC-H  2969.8 825.9 0.0 0.0 : 3.3 : 0.475 1.110 : 0.847 1.773 0.864 1.882 : 3.183 1.262 1.030 2.196 1.953 0.445 : 0.000 : 95.691 : 772 1806 32 0 : 2267 : 4608 4424 : 189.264413 : 9 Next_heuristic_check_may_be_too_late ]
[189.269s][info][safepoint] Application time: 0.2475287 seconds
[189.270s][info][safepoint] Total time for which application threads were stopped: 0.0003876 seconds, Stopping threads took: 0.0000006 seconds
[189.270s][info][gc       ] [SPS 0.000 0.003 0.003 0.008 0.001 0.001 0.000 0.352 0.026 0.388 NewGC_pause1 189.268828 ]
[189.315s][info][safepoint] Application time: 0.0462807 seconds
[189.316s][info][safepoint] Total time for which application threads were stopped: 0.0001813 seconds, Stopping threads took: 0.0000005 seconds
[189.317s][info][gc       ] [SPS 0.000 0.001 0.000 0.007 0.000 0.001 0.001 0.149 0.023 0.181 NewGC_pause2 189.315290 ]
[189.318s][info][safepoint] Application time: 0.0027450 seconds
[189.318s][info][safepoint] Total time for which application threads were stopped: 0.0001596 seconds, Stopping threads took: 0.0000005 seconds
[189.319s][info][gc       ] [SPS 0.000 0.000 0.000 0.007 0.000 0.001 0.000 0.128 0.023 0.160 NewGC_pause3 189.318195 ]
[189.320s][info][safepoint] Application time: 0.0019024 seconds
[189.321s][info][safepoint] Total time for which application threads were stopped: 0.0001666 seconds, Stopping threads took: 0.0000005 seconds
[189.321s][info][gc       ] [SPS 0.000 0.003 0.002 0.007 0.001 0.001 0.000 0.126 0.032 0.167 NewGC_pause4 189.320264 ]
[189.321s][info][gc       ] [GC New Max 528-499 : 5120 2944 2166 5120 - - 1056 56 2 2 - : 144 1806 32 184 922 : 138 4 782 782 0 : 0 1 69 0 72 - 0 : 0.243705 2568.7 0.0 0.055714 2728.2 0.0 : 8 --c 0000 : 23 0 0.000 0.000 0 0.000 0.000 0 0.000 0.000 : 189.265097 189.268440 0.000309 189.315109 0.000104 189.318035 0.000097 189.320097 0.000077 : 189.320811 ]
[189.321s][info][gc       ] [SYSINFO 7583 191 89 0 7049 0 20 0 0 5745 : - - - - - - - - : 0 7168 : 4.12 1.88 1.65 : 278178 4215828 : 0 0 : 42 0 : 1547 2 0 259 : - 7678537728 333475840 1445670912 5939011584 199643136 93806592 : 140688591 5395270 153620 0 0 0 : 189.321092 ]
[189.321s][info][gc       ] [HUGEPAGESTAT 0 0 0 - 20841 0 0 : 612352 0 0 : 189.321092 ]
[189.321s][info][gc       ] [OBJCREAT 438012857 25831 22773760 : 189.321142 ]
[189.321s][info][gc       ] [HMSV All : 0 0 130 0 0 0 0 0 : 5062 0 0 0 : 189.321161 ]
[189.321s][info][gc       ] [HMSP 9 : 41100 0 : 189.321161 ]
[189.322s][info][gc       ] [VMAC 65530 166 24 430 620 : 189.321695 ]
[189.545s][info][gc       ] [GPGC-H  2969.8 806.9 0.0 0.0 : 3.3 : 0.474 1.110 : 0.847 1.773 0.864 1.882 : 3.173 1.262 1.030 2.196 1.953 0.445 : 0.000 : 95.425 : 758 1806 32 0 : 2267 : 4608 4424 : 189.544638 : 9 Next_heuristic_check_may_be_too_late ]
[189.548s][info][safepoint] Application time: 0.2276438 seconds
[189.549s][info][safepoint] Total time for which application threads were stopped: 0.0004029 seconds, Stopping threads took: 0.0000005 seconds
[189.549s][info][gc       ] [SPS 0.000 0.003 0.003 0.008 0.000 0.001 0.000 0.352 0.041 0.403 NewGC_pause1 189.548311 ]
[189.595s][info][safepoint] Application time: 0.0464567 seconds
[189.596s][info][safepoint] Total time for which application threads were stopped: 0.0002388 seconds, Stopping threads took: 0.0000005 seconds
[189.596s][info][gc       ] [SPSH lock suspend gclocker notify wait resuspend cleanup op_time wakeup total(ms) op_name end(s) ]
[189.596s][info][gc       ] [SPS 0.000 0.001 0.000 0.007 0.000 0.001 0.000 0.186 0.044 0.239 NewGC_pause2 189.595007 ]
[189.598s][info][safepoint] Application time: 0.0026595 seconds
[189.598s][info][safepoint] Total time for which application threads were stopped: 0.0002234 seconds, Stopping threads took: 0.0000005 seconds
[189.599s][info][gc       ] [SPS 0.000 0.001 0.000 0.010 0.000 0.001 0.000 0.164 0.048 0.224 NewGC_pause3 189.597890 ]
[189.600s][info][safepoint] Application time: 0.0015093 seconds
[189.600s][info][safepoint] Total time for which application threads were stopped: 0.0002393 seconds, Stopping threads took: 0.0000006 seconds
[189.601s][info][gc       ] [SPS 0.000 0.003 0.003 0.010 0.001 0.001 0.000 0.187 0.040 0.239 NewGC_pause4 189.599638 ]
[189.600s][info][gc       ] [GC New Max 529-500 : 5120 2914 2154 5120 - - 1056 56 2 2 - : 132 1806 32 184 892 : 128 4 765 765 0 : 0 1 64 0 66 - 0 : 0.224413 2744.9 0.0 0.054853 2479.4 0.0 : 8 --c 0000 : 23 0 0.000 0.000 0 0.000 0.000 0 0.000 0.000 : 189.545224 189.547908 0.000310 189.594768 0.000148 189.597666 0.000115 189.599399 0.000140 : 189.600076 ]
[189.600s][info][gc       ] [SYSINFO 7583 191 89 0 7049 0 20 0 0 5745 : - - - - - - - - : 0 7168 : 3.87 1.87 1.65 : 278178 4215828 : 0 0 : 42 0 : 1547 2 0 259 : - 7678537728 333475840 1445670912 5939011584 199643136 93806592 : 140688591 5395870 153640 0 0 0 : 189.600373 ]
[189.600s][info][gc       ] [HUGEPAGESTAT 0 0 0 - 20841 0 0 : 612352 0 0 : 189.600373 ]
[189.600s][info][gc       ] [OBJCREAT 438755640 25831 22773760 : 189.600422 ]
[189.600s][info][gc       ] [HMSV All : 0 0 130 0 0 0 0 0 : 5062 0 0 0 : 189.600459 ]
[189.600s][info][gc       ] [HMSP 9 : 41100 0 : 189.600459 ]
[189.601s][info][gc       ] [VMAC 65530 166 24 430 620 : 189.601065 ]
[189.804s][info][gc       ] [GPGC-H  2969.8 806.9 0.0 0.0 : 3.3 : 0.473 1.110 : 0.847 1.773 0.864 1.882 : 3.164 1.262 1.030 2.196 1.953 0.445 : 0.000 : 95.181 : 750 1806 32 0 : 2267 : 4608 4424 : 189.804178 : 9 Next_heuristic_check_may_be_too_late ]
[189.808s][info][safepoint] Application time: 0.2079986 seconds
[189.809s][info][safepoint] Total time for which application threads were stopped: 0.0004585 seconds, Stopping threads took: 0.0000008 seconds
[189.809s][info][gc       ] [SPS 0.000 0.004 0.003 0.011 0.001 0.001 0.001 0.392 0.053 0.458 NewGC_pause1 189.808096 ]
[189.853s][info][safepoint] Application time: 0.0446482 seconds
[189.853s][info][safepoint] Total time for which application threads were stopped: 0.0001483 seconds, Stopping threads took: 0.0000005 seconds
[189.854s][info][gc       ] [SPS 0.000 0.001 0.000 0.007 0.000 0.001 0.000 0.115 0.024 0.149 NewGC_pause2 189.852892 ]
[189.856s][info][safepoint] Application time: 0.0026359 seconds
[189.856s][info][safepoint] Total time for which application threads were stopped: 0.0001951 seconds, Stopping threads took: 0.0000005 seconds
[189.856s][info][gc       ] [SPS 0.000 0.000 0.000 0.007 0.000 0.001 0.000 0.162 0.024 0.195 NewGC_pause3 189.855723 ]
[189.857s][info][safepoint] Application time: 0.0013891 seconds
[189.857s][info][safepoint] Total time for which application threads were stopped: 0.0001738 seconds, Stopping threads took: 0.0000005 seconds
[189.858s][info][gc       ] [SPS 0.000 0.003 0.002 0.007 0.000 0.001 0.000 0.141 0.024 0.174 NewGC_pause4 189.857286 ]
[189.858s][info][gc       ] [GC New Max 530-501 : 5120 2890 2136 5120 - - 1056 56 2 2 - : 114 1806 32 184 868 : 110 4 757 757 0 : 0 1 55 0 57 - 0 : 0.204832 3026.9 0.0 0.053028 2225.2 0.0 : 8 --c 0000 : 23 0 0.000 0.000 0 0.000 0.000 0 0.000 0.000 : 189.804908 189.807637 0.000348 189.852744 0.000080 189.855528 0.000133 189.857112 0.000105 : 189.857936 ]
[189.858s][info][gc       ] [SYSINFO 7583 191 89 0 7049 0 20 0 0 5745 : - - - - - - - - : 0 7168 : 3.87 1.87 1.65 : 278178 4215828 : 0 0 : 42 0 : 1547 2 0 259 : - 7678537728 333475840 1445670912 5939011584 199643136 93806592 : 140688591 5396400 153670 0 0 0 : 189.858170 ]
[189.858s][info][gc       ] [HUGEPAGESTAT 0 0 0 - 20841 0 0 : 612352 0 0 : 189.858170 ]
[189.858s][info][gc       ] [OBJCREAT 439488597 25831 22773760 : 189.858219 ]
[189.858s][info][gc       ] [HMSV All : 0 0 130 0 0 0 0 0 : 5062 0 0 0 : 189.858237 ]
[189.858s][info][gc       ] [HMSP 9 : 41100 0 : 189.858237 ]
[189.860s][info][gc       ] [VMAC 65530 166 24 430 620 : 189.859904 ]
[190.101s][info][gc       ] [GPGC-H  2969.8 806.9 0.0 0.0 : 3.3 : 0.471 1.110 : 0.847 1.773 0.864 1.882 : 3.155 1.262 1.030 2.196 1.953 0.445 : 0.000 : 94.959 : 750 1806 32 0 : 2267 : 4608 4424 : 190.101118 : 9 Next_heuristic_check_may_be_too_late ]
[190.105s][info][safepoint] Application time: 0.2472348 seconds
[190.105s][info][safepoint] Total time for which application threads were stopped: 0.0002121 seconds, Stopping threads took: 0.0000007 seconds
[190.106s][info][gc       ] [SPS 0.000 0.004 0.004 0.010 0.001 0.001 0.001 0.173 0.026 0.212 NewGC_pause1 190.104733 ]
[190.151s][info][safepoint] Application time: 0.0461658 seconds
[190.152s][info][safepoint] Total time for which application threads were stopped: 0.0001952 seconds, Stopping threads took: 0.0000005 seconds
[190.152s][info][gc       ] [SPS 0.000 0.001 0.000 0.007 0.001 0.001 0.000 0.161 0.025 0.195 NewGC_pause2 190.151095 ]
[190.154s][info][safepoint] Application time: 0.0027587 seconds
[190.154s][info][safepoint] Total time for which application threads were stopped: 0.0001779 seconds, Stopping threads took: 0.0000005 seconds
[190.155s][info][gc       ] [SPS 0.000 0.001 0.000 0.007 0.000 0.001 0.000 0.144 0.025 0.178 NewGC_pause3 190.154031 ]
[190.155s][info][safepoint] Application time: 0.0012556 seconds
[190.156s][info][safepoint] Total time for which application threads were stopped: 0.0001789 seconds, Stopping threads took: 0.0000005 seconds
[190.156s][info][gc       ] [SPS 0.000 0.003 0.002 0.007 0.001 0.001 0.000 0.145 0.025 0.179 NewGC_pause4 190.155466 ]
[190.156s][info][gc       ] [GC New Max 531-502 : 5120 2896 2144 5120 - - 1056 56 2 2 - : 122 1806 32 184 874 : 118 4 754 754 0 : 0 1 59 0 61 - 0 : 0.244036 2614.4 0.0 0.053919 2299.7 0.0 : 8 --c 0000 : 23 0 0.000 0.000 0 0.000 0.000 0 0.000 0.000 : 190.101972 190.104522 0.000179 190.150900 0.000108 190.153853 0.000107 190.155287 0.000112 : 190.155891 ]
[190.156s][info][gc       ] [SYSINFO 7583 191 89 0 7049 0 20 0 0 5745 : - - - - - - - - : 0 7168 : 3.87 1.87 1.65 : 278178 4215828 : 0 0 : 42 0 : 1547 2 0 259 : - 7678537728 333475840 1445670912 5939011584 199643136 93806592 : 140688591 5397060 153670 0 0 0 : 190.156142 ]
[190.156s][info][gc       ] [HUGEPAGESTAT 0 0 0 - 20841 0 0 : 612352 0 0 : 190.156142 ]
[190.156s][info][gc       ] [OBJCREAT 440240082 25831 22773760 : 190.156191 ]
[190.156s][info][gc       ] [HMSV All : 0 0 130 0 0 0 0 0 : 5062 0 0 0 : 190.156209 ]
[190.156s][info][gc       ] [HMSP 9 : 41100 0 : 190.156209 ]
[190.157s][info][gc       ] [VMAC 65530 166 24 430 620 : 190.156761 ]
[190.360s][info][gc       ] [GPGC-H  2969.8 806.9 0.0 0.0 : 3.3 : 0.470 1.110 : 0.847 1.773 0.864 1.882 : 3.145 1.262 1.030 2.196 1.953 0.445 : 0.000 : 94.695 : 738 1806 32 0 : 2267 : 4608 4424 : 190.359867 : 9 Next_heuristic_check_may_be_too_late ]
[190.363s][info][safepoint] Application time: 0.2070445 seconds
[190.363s][info][safepoint] Total time for which application threads were stopped: 0.0003823 seconds, Stopping threads took: 0.0000005 seconds
[190.364s][info][gc       ] [SPS 0.000 0.003 0.004 0.008 0.000 0.001 0.000 0.346 0.027 0.382 NewGC_pause1 190.362893 ]
[190.408s][info][safepoint] Application time: 0.0452541 seconds
[190.409s][info][safepoint] Total time for which application threads were stopped: 0.0001942 seconds, Stopping threads took: 0.0000005 seconds
[190.410s][info][gc       ] [SPS 0.000 0.001 0.000 0.008 0.001 0.001 0.001 0.156 0.028 0.194 NewGC_pause2 190.408342 ]
[190.411s][info][safepoint] Application time: 0.0028714 seconds
[190.412s][info][safepoint] Total time for which application threads were stopped: 0.0001765 seconds, Stopping threads took: 0.0000005 seconds
[190.412s][info][gc       ] [SPS 0.000 0.000 0.000 0.007 0.000 0.001 0.000 0.144 0.024 0.177 NewGC_pause3 190.411390 ]
[190.413s][info][safepoint] Application time: 0.0016966 seconds
[190.414s][info][safepoint] Total time for which application threads were stopped: 0.0002169 seconds, Stopping threads took: 0.0000005 seconds
[190.414s][info][gc       ] [SPS 0.000 0.003 0.002 0.007 0.000 0.001 0.000 0.163 0.046 0.217 NewGC_pause4 190.413303 ]
[190.414s][info][gc       ] [GC New Max 532-503 : 5120 2896 2158 5120 - - 1056 56 2 2 - : 136 1806 32 184 874 : 130 4 743 743 0 : 0 1 65 0 68 - 0 : 0.204581 3020.8 0.0 0.053481 2580.3 0.0 : 8 --c 0000 : 23 0 0.000 0.000 0 0.000 0.000 0 0.000 0.000 : 190.360472 190.362511 0.000294 190.408148 0.000117 190.411213 0.000109 190.413087 0.000120 : 190.413954 ]
[190.414s][info][gc       ] [SYSINFO 7583 191 89 0 7049 0 20 0 0 5745 : - - - - - - - - : 0 7168 : 3.87 1.87 1.65 : 278178 4215828 : 0 0 : 42 0 : 1547 3 0 259 : - 7678537728 333475840 1445670912 5939011584 199643136 93806592 : 140688591 5397650 153670 0 0 0 : 190.414234 ]
[190.414s][info][gc       ] [HUGEPAGESTAT 0 0 0 - 20841 0 0 : 612352 0 0 : 190.414234 ]
[190.414s][info][gc       ] [OBJCREAT 440988534 25831 22773760 : 190.414302 ]
[190.414s][info][gc       ] [HMSV All : 0 0 130 0 0 0 0 0 : 5062 0 0 0 : 190.414320 ]
[190.414s][info][gc       ] [HMSP 9 : 41100 0 : 190.414320 ]
[190.415s][info][gc       ] [VMAC 65530 166 24 430 620 : 190.414947 ]
[190.638s][info][gc       ] [GPGC-H  2969.8 806.9 0.0 0.0 : 3.3 : 0.469 1.110 : 0.847 1.773 0.864 1.882 : 3.137 1.262 1.030 2.196 1.953 0.445 : 0.000 : 94.475 : 808 1806 32 0 : 2267 : 4608 4424 : 190.638137 : 9 Next_heuristic_check_may_be_too_late ]
[190.642s][info][safepoint] Application time: 0.2281323 seconds
[190.642s][info][safepoint] Total time for which application threads were stopped: 0.0002688 seconds, Stopping threads took: 0.0000005 seconds
[190.643s][info][gc       ] [SPS 0.000 0.003 0.003 0.007 0.000 0.001 0.000 0.237 0.023 0.269 NewGC_pause1 190.641705 ]
[190.685s][info][safepoint] Application time: 0.0428817 seconds
[190.685s][info][safepoint] Total time for which application threads were stopped: 0.0001433 seconds, Stopping threads took: 0.0000005 seconds
[190.686s][info][gc       ] [SPS 0.000 0.001 0.000 0.007 0.000 0.001 0.000 0.091 0.044 0.143 NewGC_pause2 190.684730 ]
[190.687s][info][safepoint] Application time: 0.0023206 seconds
[190.687s][info][safepoint] Total time for which application threads were stopped: 0.0001435 seconds, Stopping threads took: 0.0000005 seconds
[190.688s][info][gc       ] [SPS 0.000 0.000 0.000 0.008 0.000 0.001 0.000 0.109 0.025 0.143 NewGC_pause3 190.687194 ]
[190.689s][info][safepoint] Application time: 0.0014901 seconds
[190.689s][info][safepoint] Total time for which application threads were stopped: 0.0001433 seconds, Stopping threads took: 0.0000004 seconds
[190.689s][info][gc       ] [SPS 0.000 0.003 0.002 0.007 0.000 0.001 0.000 0.118 0.017 0.143 NewGC_pause4 190.688827 ]
[190.690s][info][gc       ] [GC New Max 533-504 : 5120 2930 2120 5120 - - 1056 56 2 2 - : 98 1806 32 184 908 : 92 4 814 814 0 : 0 1 46 0 49 - 0 : 0.224808 2998.1 0.0 0.050865 2005.3 0.0 : 8 --c 0000 : 23 0 0.000 0.000 0 0.000 0.000 0 0.000 0.000 : 190.638761 190.641436 0.000234 190.684587 0.000051 190.687051 0.000114 190.688684 0.000121 : 190.689626 ]
[190.690s][info][gc       ] [SYSINFO 7583 191 89 0 7049 0 20 0 0 5745 : - - - - - - - - : 0 7168 : 3.87 1.87 1.65 : 278178 4215828 : 0 0 : 42 0 : 1547 2 0 259 : - 7678537728 333475840 1445670912 5939011584 199643136 93806592 : 140688591 5398250 153720 0 0 0 : 190.689940 ]
[190.690s][info][gc       ] [HUGEPAGESTAT 0 0 0 - 20841 0 0 : 612352 0 0 : 190.689940 ]
[190.690s][info][gc       ] [OBJCREAT 441755770 25831 22773760 : 190.689992 ]
[190.690s][info][gc       ] [HMSV All : 0 0 130 0 0 0 0 0 : 5062 0 0 0 : 190.690010 ]
[190.690s][info][gc       ] [HMSP 9 : 41100 0 : 190.690010 ]
[190.691s][info][gc       ] [VMAC 65530 166 24 430 620 : 190.690577 ]
[190.933s][info][gc       ] [GPGC-H  2961.8 806.9 0.0 0.0 : 3.3 : 0.467 1.110 : 0.847 1.773 0.864 1.882 : 3.128 1.262 1.030 2.196 1.953 0.445 : 0.000 : 94.233 : 762 1806 32 0 : 2267 : 4608 4424 : 190.932829 : 9 Next_heuristic_check_may_be_too_late ]
[190.936s][info][safepoint] Application time: 0.2467444 seconds
[190.937s][info][safepoint] Total time for which application threads were stopped: 0.0003629 seconds, Stopping threads took: 0.0000005 seconds
[190.937s][info][gc       ] [SPS 0.000 0.004 0.003 0.008 0.000 0.001 0.000 0.328 0.025 0.363 NewGC_pause1 190.935935 ]
[190.981s][info][safepoint] Application time: 0.0449516 seconds
[190.982s][info][safepoint] Total time for which application threads were stopped: 0.0002216 seconds, Stopping threads took: 0.0000005 seconds
[190.982s][info][gc       ] [SPS 0.000 0.001 0.000 0.007 0.000 0.001 0.000 0.182 0.031 0.222 NewGC_pause2 190.981109 ]
[190.984s][info][safepoint] Application time: 0.0028000 seconds
[190.985s][info][safepoint] Total time for which application threads were stopped: 0.0002006 seconds, Stopping threads took: 0.0000005 seconds
[190.985s][info][gc       ] [SPS 0.000 0.000 0.000 0.007 0.000 0.001 0.000 0.170 0.023 0.201 NewGC_pause3 190.984109 ]
[190.986s][info][safepoint] Application time: 0.0014733 seconds
[190.986s][info][safepoint] Total time for which application threads were stopped: 0.0002081 seconds, Stopping threads took: 0.0000005 seconds
[190.986s][info][gc       ] [SPS 0.000 0.003 0.002 0.007 0.000 0.001 0.000 0.176 0.024 0.208 NewGC_pause4 190.985791 ]
[190.987s][info][gc       ] [GC New Max 534-505 : 5120 2900 2136 5120 - - 1056 56 2 2 - : 114 1806 32 184 878 : 110 4 766 766 0 : 0 1 55 0 57 - 0 : 0.243697 2732.9 0.0 0.053013 2188.2 0.0 : 8 --c 0000 : 23 0 0.000 0.000 0 0.000 0.000 0 0.000 0.000 : 190.933323 190.935572 0.000296 190.980887 0.000126 190.983908 0.000137 190.985582 0.000130 : 190.986335 ]
[190.987s][info][gc       ] [SYSINFO 7583 191 89 0 7049 0 20 0 0 5745 : - - - - - - - - : 0 7168 : 3.87 1.87 1.65 : 278178 4215828 : 0 0 : 42 0 : 1547 2 0 259 : - 7678537728 333475840 1445670912 5939011584 199643136 93806592 : 140688591 5398870 153720 0 0 0 : 190.986607 ]
[190.987s][info][gc       ] [HUGEPAGESTAT 0 0 0 - 20841 0 0 : 612352 0 0 : 190.986607 ]
[190.987s][info][gc       ] [OBJCREAT 442531649 25831 22773760 : 190.986670 ]
[190.987s][info][gc       ] [HMSV All : 0 0 130 0 0 0 0 0 : 5062 0 0 0 : 190.986706 ]
[190.987s][info][gc       ] [HMSP 9 : 41100 0 : 190.986706 ]
[190.987s][info][gc       ] [VMAC 65530 166 24 430 620 : 190.987376 ]
[191.230s][info][gc       ] [GPGC-H  2961.8 806.9 0.0 0.0 : 3.3 : 0.466 1.110 : 0.847 1.773 0.864 1.882 : 3.118 1.262 1.030 2.196 1.953 0.445 : 0.000 : 93.972 : 758 1806 32 0 : 2267 : 4608 4424 : 191.230224 : 9 Next_heuristic_check_may_be_too_late ]
[191.234s][info][safepoint] Application time: 0.2477726 seconds
[191.234s][info][safepoint] Total time for which application threads were stopped: 0.0003813 seconds, Stopping threads took: 0.0000005 seconds
[191.235s][info][gc       ] [SPS 0.000 0.004 0.004 0.007 0.000 0.001 0.000 0.343 0.029 0.381 NewGC_pause1 191.233945 ]
[191.278s][info][safepoint] Application time: 0.0440879 seconds
[191.279s][info][safepoint] Total time for which application threads were stopped: 0.0002104 seconds, Stopping threads took: 0.0000005 seconds
[191.279s][info][gc       ] [SPS 0.000 0.001 0.000 0.007 0.000 0.001 0.001 0.178 0.023 0.210 NewGC_pause2 191.278243 ]
[191.281s][info][safepoint] Application time: 0.0024909 seconds
[191.281s][info][safepoint] Total time for which application threads were stopped: 0.0001681 seconds, Stopping threads took: 0.0000005 seconds
[191.282s][info][gc       ] [SPS 0.000 0.000 0.000 0.007 0.001 0.001 0.000 0.135 0.024 0.168 NewGC_pause3 191.280903 ]
[191.283s][info][safepoint] Application time: 0.0016439 seconds
[191.283s][info][safepoint] Total time for which application threads were stopped: 0.0002108 seconds, Stopping threads took: 0.0000005 seconds
[191.283s][info][gc       ] [SPS 0.000 0.003 0.002 0.007 0.000 0.001 0.000 0.176 0.026 0.211 NewGC_pause4 191.282757 ]
[191.284s][info][gc       ] [GC New Max 535-506 : 5120 2908 2144 5120 - - 1056 56 2 2 - : 122 1806 32 184 886 : 120 2 766 766 0 : 0 0 60 0 61 - 0 : 0.244552 2633.4 0.0 0.052416 2480.2 0.0 : 8 --c 0000 : 23 0 0.000 0.000 0 0.000 0.000 0 0.000 0.000 : 191.230887 191.233564 0.000297 191.278033 0.000130 191.280734 0.000101 191.282547 0.000172 : 191.283303 ]
[191.284s][info][gc       ] [SYSINFO 7583 191 89 0 7049 0 20 0 0 5745 : - - - - - - - - : 0 7168 : 3.87 1.87 1.65 : 278178 4215828 : 0 0 : 42 0 : 1547 3 0 259 : - 7678537728 333475840 1445670912 5939011584 199643136 93806592 : 140688591 5399480 153720 0 0 0 : 191.283603 ]
[191.284s][info][gc       ] [HUGEPAGESTAT 0 0 0 - 20841 0 0 : 612352 0 0 : 191.283603 ]
[191.284s][info][gc       ] [OBJCREAT 443297343 25831 22773760 : 191.283662 ]
[191.284s][info][gc       ] [HMSV All : 0 0 130 0 0 0 0 0 : 5062 0 0 0 : 191.283679 ]
[191.284s][info][gc       ] [HMSP 9 : 41100 0 : 191.283679 ]
[191.284s][info][gc       ] [VMAC 65530 166 24 430 620 : 191.284245 ]
[191.507s][info][gc       ] [GPGC-H  2961.8 788.5 0.0 0.0 : 3.2 : 0.465 1.110 : 0.847 1.773 0.864 1.882 : 3.108 1.262 1.030 2.196 1.953 0.445 : 0.000 : 93.710 : 760 1806 32 0 : 2267 : 4608 4424 : 191.507408 : 9 Next_heuristic_check_may_be_too_late ]
[191.511s][info][safepoint] Application time: 0.2274107 seconds
[191.511s][info][safepoint] Total time for which application threads were stopped: 0.0004414 seconds, Stopping threads took: 0.0000007 seconds
[191.512s][info][gc       ] [SPS 0.000 0.006 0.005 0.011 0.001 0.001 0.001 0.382 0.046 0.442 NewGC_pause1 191.510610 ]
[191.556s][info][safepoint] Application time: 0.0452538 seconds
[191.557s][info][safepoint] Total time for which application threads were stopped: 0.0001987 seconds, Stopping threads took: 0.0000005 seconds
[191.557s][info][gc       ] [SPS 0.000 0.001 0.000 0.007 0.000 0.001 0.000 0.167 0.023 0.199 NewGC_pause2 191.556063 ]
[191.559s][info][safepoint] Application time: 0.0027126 seconds
[191.559s][info][safepoint] Total time for which application threads were stopped: 0.0001806 seconds, Stopping threads took: 0.0000005 seconds
[191.560s][info][gc       ] [SPS 0.000 0.000 0.000 0.007 0.000 0.001 0.000 0.149 0.023 0.181 NewGC_pause3 191.558956 ]
[191.561s][info][safepoint] Application time: 0.0014790 seconds
[191.561s][info][safepoint] Total time for which application threads were stopped: 0.0002566 seconds, Stopping threads took: 0.0000005 seconds
[191.561s][info][gc       ] [SPS 0.000 0.003 0.002 0.007 0.001 0.001 0.000 0.204 0.044 0.257 NewGC_pause4 191.560692 ]
[191.562s][info][gc       ] [GC New Max 536-507 : 5120 2902 2140 5120 - - 1056 56 2 2 - : 118 1806 32 184 880 : 112 4 766 766 0 : 0 1 56 0 59 - 0 : 0.224657 2848.8 0.0 0.053341 2287.2 0.0 : 8 --c 0000 : 23 0 0.000 0.000 0 0.000 0.000 0 0.000 0.000 : 191.507960 191.510168 0.000329 191.555864 0.000115 191.558775 0.000107 191.560435 0.000143 : 191.561301 ]
[191.562s][info][gc       ] [SYSINFO 7583 191 89 0 7049 0 20 0 0 5745 : - - - - - - - - : 0 7168 : 3.87 1.87 1.65 : 278178 4215828 : 0 0 : 42 0 : 1547 2 0 259 : - 7678537728 333475840 1445670912 5939011584 199643136 93806592 : 140688591 5400070 153810 0 0 0 : 191.561558 ]
[191.562s][info][gc       ] [HUGEPAGESTAT 0 0 0 - 20841 0 0 : 612352 0 0 : 191.561558 ]
[191.562s][info][gc       ] [OBJCREAT 444051491 25831 22773760 : 191.561607 ]
[191.562s][info][gc       ] [HMSV All : 0 0 130 0 0 0 0 0 : 5062 0 0 0 : 191.561629 ]
[191.562s][info][gc       ] [HMSP 9 : 41100 0 : 191.561629 ]
[191.562s][info][gc       ] [VMAC 65530 166 24 430 620 : 191.562257 ]
[191.805s][info][gc       ] [GPGC-H  2961.8 788.5 0.0 0.0 : 3.2 : 0.463 1.110 : 0.847 1.773 0.864 1.882 : 3.099 1.262 1.030 2.196 1.953 0.445 : 0.000 : 93.471 : 782 1806 32 0 : 2267 : 4608 4424 : 191.804838 : 9 Next_heuristic_check_may_be_too_late ]
[191.808s][info][safepoint] Application time: 0.2470712 seconds
[191.809s][info][safepoint] Total time for which application threads were stopped: 0.0002267 seconds, Stopping threads took: 0.0000005 seconds
[191.809s][info][gc       ] [SPS 0.000 0.003 0.003 0.008 0.000 0.001 0.000 0.192 0.025 0.227 NewGC_pause1 191.807990 ]
[191.853s][info][safepoint] Application time: 0.0448428 seconds
[191.854s][info][safepoint] Total time for which application threads were stopped: 0.0002059 seconds, Stopping threads took: 0.0000005 seconds
[191.854s][info][gc       ] [SPS 0.000 0.001 0.000 0.007 0.001 0.001 0.000 0.173 0.024 0.206 NewGC_pause2 191.853039 ]
[191.856s][info][safepoint] Application time: 0.0029540 seconds
[191.857s][info][safepoint] Total time for which application threads were stopped: 0.0001654 seconds, Stopping threads took: 0.0000005 seconds
[191.857s][info][gc       ] [SPS 0.000 0.000 0.000 0.007 0.000 0.001 0.000 0.134 0.023 0.166 NewGC_pause3 191.856158 ]
[191.858s][info][safepoint] Application time: 0.0014824 seconds
[191.858s][info][safepoint] Total time for which application threads were stopped: 0.0002136 seconds, Stopping threads took: 0.0000004 seconds
[191.859s][info][gc       ] [SPS 0.000 0.002 0.002 0.008 0.000 0.001 0.000 0.169 0.035 0.214 NewGC_pause4 191.857854 ]
[191.859s][info][gc       ] [GC New Max 537-508 : 5120 2934 2150 5120 - - 1056 56 2 2 - : 128 1806 32 184 912 : 122 4 788 788 0 : 0 1 61 0 64 - 0 : 0.244019 2729.3 0.0 0.052937 2493.6 0.0 : 8 --c 0000 : 23 0 0.000 0.000 0 0.000 0.000 0 0.000 0.000 : 191.805320 191.807763 0.000130 191.852833 0.000110 191.855993 0.000102 191.857641 0.000125 : 191.858257 ]
[191.859s][info][gc       ] [SYSINFO 7583 191 89 0 7049 0 20 0 0 5745 : - - - - - - - - : 0 7168 : 3.87 1.87 1.65 : 278178 4215864 : 0 0 : 42 0 : 1547 2 0 259 : - 7678537728 333475840 1445670912 5939011584 199643136 93806592 : 140688591 5400630 153850 0 0 0 : 191.858519 ]
[191.859s][info][gc       ] [HUGEPAGESTAT 0 0 0 - 20841 0 0 : 612352 0 0 : 191.858519 ]
[191.859s][info][gc       ] [OBJCREAT 444838699 25831 22773760 : 191.858580 ]
[191.859s][info][gc       ] [HMSV All : 0 0 130 0 0 0 0 0 : 5062 0 0 0 : 191.858597 ]
[191.859s][info][gc       ] [HMSP 9 : 41100 0 : 191.858597 ]
[191.859s][info][gc       ] [VMAC 65530 166 24 430 620 : 191.859174 ]
[192.082s][info][gc       ] [GPGC-H  2961.8 788.5 0.0 0.0 : 3.2 : 0.462 1.110 : 0.847 1.773 0.864 1.882 : 3.089 1.262 1.030 2.196 1.953 0.445 : 0.000 : 93.212 : 804 1806 32 0 : 2267 : 4608 4424 : 192.081927 : 9 Next_heuristic_check_may_be_too_late ]
[192.085s][info][safepoint] Application time: 0.2269836 seconds
[192.086s][info][safepoint] Total time for which application threads were stopped: 0.0004932 seconds, Stopping threads took: 0.0000054 seconds
[192.086s][info][gc       ] [SPS 0.000 0.004 0.004 0.010 0.005 0.013 0.001 0.423 0.041 0.493 NewGC_pause1 192.085332 ]
[192.131s][info][safepoint] Application time: 0.0450806 seconds
[192.131s][info][safepoint] Total time for which application threads were stopped: 0.0001990 seconds, Stopping threads took: 0.0000007 seconds
[192.132s][info][gc       ] [SPS 0.001 0.001 0.000 0.011 0.001 0.001 0.001 0.150 0.036 0.199 NewGC_pause2 192.130612 ]
[192.133s][info][safepoint] Application time: 0.0026180 seconds
[192.134s][info][safepoint] Total time for which application threads were stopped: 0.0001901 seconds, Stopping threads took: 0.0000005 seconds
[192.134s][info][gc       ] [SPS 0.000 0.000 0.000 0.008 0.000 0.001 0.000 0.157 0.024 0.190 NewGC_pause3 192.133420 ]
[192.135s][info][safepoint] Application time: 0.0014698 seconds
[192.135s][info][safepoint] Total time for which application threads were stopped: 0.0001718 seconds, Stopping threads took: 0.0000005 seconds
[192.136s][info][gc       ] [SPS 0.000 0.003 0.002 0.007 0.000 0.001 0.000 0.139 0.024 0.172 NewGC_pause4 192.135061 ]
[192.136s][info][gc       ] [GC New Max 538-509 : 5120 2966 2158 5120 - - 1056 56 2 2 - : 136 1806 32 184 944 : 132 4 810 810 0 : 0 1 66 0 68 - 0 : 0.224202 3024.1 0.0 0.053149 2634.1 0.0 : 8 --c 0000 : 23 0 0.000 0.000 0 0.000 0.000 0 0.000 0.000 : 192.082459 192.084838 0.000355 192.130413 0.000112 192.133229 0.000117 192.134889 0.000106 : 192.135608 ]
[192.136s][info][gc       ] [SYSINFO 7583 191 89 0 7049 0 20 0 0 5745 : - - - - - - - - : 0 7168 : 3.87 1.87 1.65 : 278178 4215864 : 0 0 : 42 0 : 1547 4 0 259 : - 7678537728 333475840 1445670912 5939011584 199643136 93806592 : 140688591 5401240 153870 0 0 0 : 192.135883 ]
[192.136s][info][gc       ] [HUGEPAGESTAT 0 0 0 - 20841 0 0 : 612352 0 0 : 192.135883 ]
[192.136s][info][gc       ] [OBJCREAT 445647702 25831 22773760 : 192.135949 ]
[192.136s][info][gc       ] [HMSV All : 0 0 130 0 0 0 0 0 : 5062 0 0 0 : 192.135968 ]
[192.136s][info][gc       ] [HMSP 9 : 41100 0 : 192.135968 ]
[192.137s][info][gc       ] [VMAC 65530 166 24 430 620 : 192.136564 ]
[192.380s][info][gc       ] [GPGC-H  2961.8 788.5 0.0 0.0 : 3.2 : 0.461 1.110 : 0.847 1.773 0.864 1.882 : 3.080 1.262 1.030 2.196 1.953 0.445 : 0.000 : 92.975 : 782 1806 32 0 : 2267 : 4608 4424 : 192.380006 : 9 Next_heuristic_check_may_be_too_late ]
[192.383s][info][safepoint] Application time: 0.2479884 seconds
[192.384s][info][safepoint] Total time for which application threads were stopped: 0.0004163 seconds, Stopping threads took: 0.0000015 seconds
[192.384s][info][gc       ] [SPS 0.000 0.004 0.004 0.007 0.002 0.001 0.000 0.363 0.043 0.416 NewGC_pause1 192.383466 ]
[192.428s][info][safepoint] Application time: 0.0448142 seconds
[192.429s][info][safepoint] Total time for which application threads were stopped: 0.0001683 seconds, Stopping threads took: 0.0000008 seconds
[192.429s][info][gc       ] [SPS 0.000 0.001 0.000 0.011 0.001 0.001 0.001 0.127 0.027 0.168 NewGC_pause2 192.428449 ]
[192.431s][info][safepoint] Application time: 0.0021958 seconds
[192.431s][info][safepoint] Total time for which application threads were stopped: 0.0002076 seconds, Stopping threads took: 0.0000005 seconds
[192.432s][info][gc       ] [SPS 0.000 0.000 0.000 0.007 0.000 0.001 0.000 0.170 0.029 0.208 NewGC_pause3 192.430852 ]
[192.433s][info][safepoint] Application time: 0.0015778 seconds
[192.433s][info][safepoint] Total time for which application threads were stopped: 0.0001367 seconds, Stopping threads took: 0.0000005 seconds
[192.433s][info][gc       ] [SPS 0.000 0.003 0.002 0.008 0.001 0.001 0.000 0.079 0.048 0.137 NewGC_pause4 192.432567 ]
[192.433s][info][gc       ] [GC New Max 539-510 : 5120 2926 2142 5120 - - 1056 56 2 2 - : 120 1806 32 184 904 : 116 4 787 787 0 : 0 1 58 0 60 - 0 : 0.244960 2637.2 0.0 0.052470 2363.3 0.0 : 8 --c 0000 : 23 0 0.000 0.000 0 0.000 0.000 0 0.000 0.000 : 192.380568 192.383050 0.000323 192.428281 0.000062 192.430645 0.000121 192.432430 0.000058 : 192.433038 ]
[192.433s][info][gc       ] [SYSINFO 7583 191 89 0 7049 0 20 0 0 5745 : - - - - - - - - : 0 7168 : 3.87 1.87 1.65 : 278178 4215864 : 0 0 : 42 0 : 1547 2 0 259 : - 7678537728 333475840 1445670912 5939011584 199643136 93806592 : 140688591 5401870 153870 0 0 0 : 192.433352 ]
[192.433s][info][gc       ] [HUGEPAGESTAT 0 0 0 - 20841 0 0 : 612352 0 0 : 192.433352 ]
[192.433s][info][gc       ] [OBJCREAT 446412844 25831 22773760 : 192.433432 ]
[192.433s][info][gc       ] [HMSV All : 0 0 130 0 0 0 0 0 : 5062 0 0 0 : 192.433453 ]
[192.433s][info][gc       ] [HMSP 9 : 41100 0 : 192.433453 ]
[192.434s][info][gc       ] [VMAC 65530 166 24 430 620 : 192.434002 ]
[192.676s][info][gc       ] [GPGC-H  2961.8 788.5 0.0 0.0 : 3.2 : 0.459 1.110 : 0.847 1.773 0.864 1.882 : 3.071 1.262 1.030 2.196 1.953 0.445 : 0.000 : 92.717 : 794 1806 32 0 : 2267 : 4608 4424 : 192.676306 : 9 Next_heuristic_check_may_be_too_late ]
[192.680s][info][safepoint] Application time: 0.2464470 seconds
[192.680s][info][safepoint] Total time for which application threads were stopped: 0.0005056 seconds, Stopping threads took: 0.0000007 seconds
[192.680s][info][gc       ] [SPS 0.000 0.003 0.002 0.012 0.001 0.001 0.000 0.432 0.028 0.473 NewGC_pause1 192.679520 ]
[192.724s][info][safepoint] Application time: 0.0439629 seconds
[192.724s][info][safepoint] Total time for which application threads were stopped: 0.0002423 seconds, Stopping threads took: 0.0000005 seconds
[192.725s][info][gc       ] [SPS 0.000 0.001 0.000 0.007 0.000 0.001 0.000 0.211 0.023 0.243 NewGC_pause2 192.723725 ]
[192.727s][info][safepoint] Application time: 0.0028290 seconds
[192.727s][info][safepoint] Total time for which application threads were stopped: 0.0001783 seconds, Stopping threads took: 0.0000005 seconds
[192.727s][info][gc       ] [SPS 0.000 0.000 0.000 0.007 0.000 0.001 0.000 0.144 0.026 0.179 NewGC_pause3 192.726733 ]
[192.728s][info][safepoint] Application time: 0.0014541 seconds
[192.729s][info][safepoint] Total time for which application threads were stopped: 0.0001525 seconds, Stopping threads took: 0.0000005 seconds
[192.729s][info][gc       ] [SPS 0.000 0.003 0.002 0.007 0.000 0.001 0.000 0.111 0.033 0.153 NewGC_pause4 192.728339 ]
[192.729s][info][gc       ] [GC New Max 540-511 : 5120 2948 2152 5120 - - 1056 56 2 2 - : 130 1806 32 184 926 : 124 4 800 800 0 : 0 1 62 0 65 - 0 : 0.243787 2772.9 0.0 0.052043 2574.8 0.0 : 8 --c 0000 : 23 0 0.000 0.000 0 0.000 0.000 0 0.000 0.000 : 192.676824 192.679047 0.000382 192.723483 0.000105 192.726554 0.000106 192.728187 0.000113 : 192.728867 ]
[192.729s][info][gc       ] [SYSINFO 7583 191 89 0 7049 0 20 0 0 5745 : - - - - - - - - : 0 7168 : 3.87 1.87 1.65 : 278178 4215864 : 0 0 : 42 0 : 1547 3 0 259 : - 7678537728 333475840 1445670912 5939011584 199643136 93806592 : 140688591 5402490 153880 0 0 0 : 192.729143 ]
[192.729s][info][gc       ] [HUGEPAGESTAT 0 0 0 - 20841 0 0 : 612352 0 0 : 192.729143 ]
[192.729s][info][gc       ] [OBJCREAT 447211776 25831 22773760 : 192.729196 ]
[192.729s][info][gc       ] [HMSV All : 0 0 130 0 0 0 0 0 : 5062 0 0 0 : 192.729212 ]
[192.729s][info][gc       ] [HMSP 9 : 41100 0 : 192.729212 ]
[192.730s][info][gc       ] [VMAC 65530 166 24 430 620 : 192.729745 ]
[192.952s][info][gc       ] [GPGC-H  2953.7 788.5 0.0 0.0 : 3.2 : 0.458 1.110 : 0.847 1.773 0.864 1.882 : 3.061 1.262 1.030 2.196 1.953 0.445 : 0.000 : 92.461 : 774 1806 32 0 : 2267 : 4608 4424 : 192.952085 : 9 Next_heuristic_check_may_be_too_late ]
[192.956s][info][safepoint] Application time: 0.2267538 seconds
[192.956s][info][safepoint] Total time for which application threads were stopped: 0.0004368 seconds, Stopping threads took: 0.0000006 seconds
[192.957s][info][gc       ] [SPS 0.000 0.003 0.002 0.008 0.001 0.001 0.000 0.385 0.042 0.437 NewGC_pause1 192.955530 ]
[193.000s][info][safepoint] Application time: 0.0444519 seconds
[193.001s][info][safepoint] Total time for which application threads were stopped: 0.0001880 seconds, Stopping threads took: 0.0000005 seconds
[193.001s][info][gc       ] [SPS 0.000 0.001 0.000 0.007 0.001 0.001 0.001 0.154 0.025 0.189 NewGC_pause2 193.000171 ]
[193.003s][info][safepoint] Application time: 0.0027577 seconds
[193.004s][info][safepoint] Total time for which application threads were stopped: 0.0001982 seconds, Stopping threads took: 0.0000005 seconds
[193.004s][info][gc       ] [SPS 0.000 0.000 0.000 0.007 0.000 0.001 0.000 0.165 0.025 0.198 NewGC_pause3 193.003126 ]
[193.005s][info][safepoint] Application time: 0.0014452 seconds
[193.005s][info][safepoint] Total time for which application threads were stopped: 0.0001979 seconds, Stopping threads took: 0.0000005 seconds
[193.005s][info][gc       ] [SPS 0.000 0.002 0.002 0.007 0.000 0.001 0.000 0.165 0.024 0.198 NewGC_pause4 193.004770 ]
[193.006s][info][gc       ] [GC New Max 541-512 : 5120 2920 2144 5120 - - 1056 56 2 2 - : 120 1806 32 184 898 : 116 2 780 780 0 : 0 1 58 0 60 - 0 : 0.223726 2878.5 0.0 0.052841 2384.5 0.0 : 8 --c 0000 : 23 0 0.000 0.000 0 0.000 0.000 0 0.000 0.000 : 192.952593 192.955093 0.000348 192.999982 0.000112 193.002928 0.000119 193.004572 0.000132 : 193.005433 ]
[193.006s][info][gc       ] [SYSINFO 7583 191 89 0 7049 0 20 0 0 5745 : - - - - - - - - : 0 7168 : 3.87 1.87 1.65 : 278178 4215864 : 0 0 : 42 0 : 1547 4 0 259 : - 7678537728 333475840 1445670912 5939011584 199643136 93806592 : 140688591 5403080 153880 0 0 0 : 193.005712 ]
[193.006s][info][gc       ] [HUGEPAGESTAT 0 0 0 - 20841 0 0 : 612352 0 0 : 193.005712 ]
[193.006s][info][gc       ] [OBJCREAT 447975077 25831 22773760 : 193.005759 ]
[193.006s][info][gc       ] [HMSV All : 0 0 130 0 0 0 0 0 : 5062 0 0 0 : 193.005778 ]
[193.006s][info][gc       ] [HMSP 9 : 41100 0 : 193.005778 ]
[193.006s][info][gc       ] [VMAC 65530 166 24 430 620 : 193.006317 ]
[193.228s][info][gc       ] [GPGC-H  2953.7 788.5 0.0 0.0 : 3.2 : 0.456 1.110 : 0.847 1.773 0.864 1.882 : 3.052 1.262 1.030 2.196 1.953 0.445 : 0.000 : 92.227 : 754 1806 32 0 : 2267 : 4608 4424 : 193.228459 : 9 Next_heuristic_check_may_be_too_late ]
[193.232s][info][safepoint] Application time: 0.2266261 seconds
[193.232s][info][safepoint] Total time for which application threads were stopped: 0.0002412 seconds, Stopping threads took: 0.0000005 seconds
[193.233s][info][gc       ] [SPS 0.000 0.003 0.003 0.007 0.001 0.001 0.000 0.207 0.025 0.241 NewGC_pause1 193.231637 ]
[193.279s][info][safepoint] Application time: 0.0475294 seconds
[193.280s][info][safepoint] Total time for which application threads were stopped: 0.0001877 seconds, Stopping threads took: 0.0000006 seconds
[193.281s][info][gc       ] [SPS 0.000 0.001 0.000 0.010 0.001 0.001 0.001 0.152 0.023 0.188 NewGC_pause2 193.279368 ]
[193.282s][info][safepoint] Application time: 0.0026480 seconds
[193.283s][info][safepoint] Total time for which application threads were stopped: 0.0002056 seconds, Stopping threads took: 0.0000005 seconds
[193.283s][info][gc       ] [SPS 0.000 0.000 0.000 0.007 0.000 0.001 0.000 0.172 0.025 0.206 NewGC_pause3 193.282222 ]
[193.284s][info][safepoint] Application time: 0.0014903 seconds
[193.284s][info][safepoint] Total time for which application threads were stopped: 0.0001900 seconds, Stopping threads took: 0.0000005 seconds
[193.285s][info][gc       ] [SPS 0.000 0.002 0.002 0.007 0.000 0.001 0.000 0.158 0.024 0.190 NewGC_pause4 193.283902 ]
[193.285s][info][gc       ] [GC New Max 542-513 : 5120 2924 2168 5120 - - 1056 56 2 2 - : 146 1806 32 184 902 : 140 4 760 760 0 : 0 1 70 0 73 - 0 : 0.223499 2845.6 0.0 0.055517 2701.9 0.0 : 8 --c 0000 : 23 0 0.000 0.000 0 0.000 0.000 0 0.000 0.000 : 193.228933 193.231396 0.000140 193.279180 0.000080 193.282016 0.000118 193.283712 0.000111 : 193.284450 ]
[193.285s][info][gc       ] [SYSINFO 7583 191 89 0 7049 0 20 0 0 5745 : - - - - - - - - : 0 7168 : 3.87 1.87 1.65 : 278178 4215864 : 0 0 : 42 0 : 1547 4 0 259 : - 7678537728 333475840 1445670912 5939011584 199643136 93806592 : 140688591 5403670 153880 0 0 0 : 193.284852 ]
[193.285s][info][gc       ] [HUGEPAGESTAT 0 0 0 - 20841 0 0 : 612352 0 0 : 193.284852 ]
[193.285s][info][gc       ] [OBJCREAT 448750927 25831 22773760 : 193.284936 ]
[193.285s][info][gc       ] [HMSV All : 0 0 130 0 0 0 0 0 : 5062 0 0 0 : 193.284959 ]
[193.285s][info][gc       ] [HMSP 9 : 41100 0 : 193.284959 ]
[193.286s][info][gc       ] [VMAC 65530 166 24 430 620 : 193.285557 ]
[193.488s][info][gc       ] [GPGC-H  2953.7 770.5 0.0 0.0 : 3.1 : 0.455 1.110 : 0.847 1.773 0.864 1.882 : 3.043 1.262 1.030 2.196 1.953 0.445 : 0.000 : 91.994 : 780 1806 32 0 : 2267 : 4608 4424 : 193.488270 : 9 Next_heuristic_check_may_be_too_late ]
[193.492s][info][safepoint] Application time: 0.2073423 seconds
[193.492s][info][safepoint] Total time for which application threads were stopped: 0.0002843 seconds, Stopping threads took: 0.0000006 seconds
[193.492s][info][gc       ] [SPS 0.000 0.004 0.005 0.010 0.001 0.001 0.000 0.229 0.043 0.284 NewGC_pause1 193.491529 ]
[193.537s][info][safepoint] Application time: 0.0451208 seconds
[193.538s][info][safepoint] Total time for which application threads were stopped: 0.0002349 seconds, Stopping threads took: 0.0000005 seconds
[193.538s][info][gc       ] [SPS 0.000 0.001 0.000 0.007 0.000 0.001 0.000 0.186 0.041 0.235 NewGC_pause2 193.536885 ]
[193.540s][info][safepoint] Application time: 0.0026623 seconds
[193.540s][info][safepoint] Total time for which application threads were stopped: 0.0002029 seconds, Stopping threads took: 0.0000004 seconds
[193.541s][info][gc       ] [SPS 0.000 0.000 0.000 0.007 0.000 0.001 0.000 0.171 0.023 0.203 NewGC_pause3 193.539750 ]
[193.541s][info][safepoint] Application time: 0.0014018 seconds
[193.542s][info][safepoint] Total time for which application threads were stopped: 0.0002066 seconds, Stopping threads took: 0.0000005 seconds
[193.542s][info][gc       ] [SPS 0.000 0.003 0.002 0.007 0.000 0.001 0.000 0.173 0.025 0.207 NewGC_pause4 193.541359 ]
[193.542s][info][gc       ] [GC New Max 543-514 : 5120 2946 2162 5120 - - 1056 56 2 2 - : 140 1806 32 184 924 : 136 4 786 786 0 : 0 1 68 0 70 - 0 : 0.204604 3108.5 0.0 0.052840 2725.2 0.0 : 8 --c 0000 : 23 0 0.000 0.000 0 0.000 0.000 0 0.000 0.000 : 193.489054 193.491245 0.000202 193.536650 0.000136 193.539547 0.000134 193.541152 0.000116 : 193.541894 ]
[193.542s][info][gc       ] [SYSINFO 7583 191 89 0 7049 0 20 0 0 5745 : - - - - - - - - : 0 7168 : 3.87 1.87 1.65 : 278178 4215864 : 0 0 : 42 0 : 1547 4 0 259 : - 7678537728 333475840 1445670912 5939011584 199643136 93806592 : 140688591 5404250 153940 0 0 0 : 193.542132 ]
[193.542s][info][gc       ] [HUGEPAGESTAT 0 0 0 - 20841 0 0 : 612352 0 0 : 193.542132 ]
[193.542s][info][gc       ] [OBJCREAT 449524348 25831 22773760 : 193.542184 ]
[193.542s][info][gc       ] [HMSV All : 0 0 130 0 0 0 0 0 : 5062 0 0 0 : 193.542204 ]
[193.542s][info][gc       ] [HMSP 9 : 41100 0 : 193.542204 ]
[193.543s][info][gc       ] [VMAC 65530 166 24 430 620 : 193.542738 ]
[193.746s][info][gc       ] [GPGC-H  2953.7 770.5 0.0 0.0 : 3.1 : 0.454 1.110 : 0.847 1.773 0.864 1.882 : 3.035 1.262 1.030 2.196 1.953 0.445 : 0.000 : 91.782 : 770 1806 32 0 : 2267 : 4608 4424 : 193.745777 : 9 Next_heuristic_check_may_be_too_late ]
[193.749s][info][safepoint] Application time: 0.2073582 seconds
[193.750s][info][safepoint] Total time for which application threads were stopped: 0.0005308 seconds, Stopping threads took: 0.0000005 seconds
[193.750s][info][gc       ] [SPS 0.000 0.003 0.002 0.008 0.001 0.001 0.000 0.500 0.022 0.531 NewGC_pause1 193.749248 ]
[193.795s][info][safepoint] Application time: 0.0451053 seconds
[193.795s][info][safepoint] Total time for which application threads were stopped: 0.0002090 seconds, Stopping threads took: 0.0000005 seconds
[193.796s][info][gc       ] [SPS 0.000 0.001 0.000 0.007 0.000 0.001 0.000 0.177 0.023 0.209 NewGC_pause2 193.794563 ]
[193.797s][info][safepoint] Application time: 0.0026217 seconds
[193.798s][info][safepoint] Total time for which application threads were stopped: 0.0001967 seconds, Stopping threads took: 0.0000005 seconds
[193.798s][info][gc       ] [SPS 0.000 0.000 0.000 0.007 0.000 0.001 0.000 0.164 0.024 0.197 NewGC_pause3 193.797381 ]
[193.799s][info][safepoint] Application time: 0.0015547 seconds
[193.799s][info][safepoint] Total time for which application threads were stopped: 0.0002061 seconds, Stopping threads took: 0.0000005 seconds
[193.800s][info][gc       ] [SPS 0.000 0.003 0.002 0.007 0.001 0.001 0.000 0.174 0.023 0.206 NewGC_pause4 193.799142 ]
[193.800s][info][gc       ] [GC New Max 544-515 : 5120 2932 2158 5120 - - 1056 56 2 2 - : 136 1806 32 184 910 : 132 4 776 776 0 : 0 1 66 0 68 - 0 : 0.204485 3090.7 0.0 0.053444 2619.6 0.0 : 8 --c 0000 : 23 0 0.000 0.000 0 0.000 0.000 0 0.000 0.000 : 193.746379 193.748717 0.000352 193.794354 0.000146 193.797184 0.000131 193.798936 0.000141 : 193.799822 ]
[193.800s][info][gc       ] [SYSINFO 7583 191 89 0 7049 0 20 0 0 5745 : - - - - - - - - : 0 7168 : 3.87 1.87 1.65 : 278178 4215864 : 0 0 : 42 0 : 1547 2 0 259 : - 7678537728 333475840 1445670912 5939011584 199643136 93806592 : 140688591 5404770 153960 0 0 0 : 193.800092 ]
[193.800s][info][gc       ] [HUGEPAGESTAT 0 0 0 - 20841 0 0 : 612352 0 0 : 193.800092 ]
[193.800s][info][gc       ] [OBJCREAT 450287528 25831 22773760 : 193.800142 ]
[193.800s][info][gc       ] [HMSV All : 0 0 130 0 0 0 0 0 : 5062 0 0 0 : 193.800157 ]
[193.800s][info][gc       ] [HMSP 9 : 41100 0 : 193.800157 ]
[193.801s][info][gc       ] [VMAC 65530 166 24 430 620 : 193.800640 ]
[194.004s][info][gc       ] [GPGC-H  2953.7 770.5 0.0 0.0 : 3.1 : 0.453 1.110 : 0.847 1.773 0.864 1.882 : 3.027 1.262 1.030 2.196 1.953 0.445 : 0.000 : 91.570 : 776 1806 32 0 : 2267 : 4608 4424 : 194.003907 : 9 Next_heuristic_check_may_be_too_late ]
[194.007s][info][safepoint] Application time: 0.2078432 seconds
[194.008s][info][safepoint] Total time for which application threads were stopped: 0.0004383 seconds, Stopping threads took: 0.0000005 seconds
[194.009s][info][gc       ] [SPS 0.000 0.004 0.004 0.008 0.000 0.001 0.000 0.380 0.049 0.439 NewGC_pause1 194.007424 ]
[194.054s][info][safepoint] Application time: 0.0459590 seconds
[194.054s][info][safepoint] Total time for which application threads were stopped: 0.0001917 seconds, Stopping threads took: 0.0000005 seconds
[194.055s][info][gc       ] [SPS 0.000 0.001 0.000 0.007 0.000 0.001 0.000 0.159 0.024 0.192 NewGC_pause2 194.053575 ]
[194.057s][info][safepoint] Application time: 0.0027722 seconds
[194.057s][info][safepoint] Total time for which application threads were stopped: 0.0001732 seconds, Stopping threads took: 0.0000005 seconds
[194.057s][info][gc       ] [SPS 0.000 0.000 0.000 0.007 0.000 0.001 0.000 0.140 0.024 0.173 NewGC_pause3 194.056520 ]
[194.059s][info][safepoint] Application time: 0.0018112 seconds
[194.059s][info][safepoint] Total time for which application threads were stopped: 0.0001876 seconds, Stopping threads took: 0.0000005 seconds
[194.059s][info][gc       ] [SPS 0.000 0.003 0.002 0.007 0.000 0.001 0.000 0.154 0.025 0.188 NewGC_pause4 194.058519 ]
[194.060s][info][gc       ] [GC New Max 545-516 : 5120 2944 2166 5120 - - 1056 56 2 2 - : 142 1806 32 184 922 : 138 2 782 782 0 : 0 1 69 0 71 - 0 : 0.204883 3133.5 0.0 0.054489 2679.4 0.0 : 8 --c 0000 : 23 0 0.000 0.000 0 0.000 0.000 0 0.000 0.000 : 194.004705 194.006985 0.000342 194.053383 0.000127 194.056347 0.000109 194.058331 0.000115 : 194.059194 ]
[194.060s][info][gc       ] [SYSINFO 7583 191 89 0 7049 0 20 0 0 5745 : - - - - - - - - : 0 7168 : 3.87 1.87 1.65 : 278178 4215864 : 0 0 : 42 0 : 1547 3 0 259 : - 7678537728 333475840 1445670912 5939011584 199643136 93806592 : 140688591 5405320 154100 0 0 0 : 194.059593 ]
[194.060s][info][gc       ] [HUGEPAGESTAT 0 0 0 - 20841 0 0 : 612352 0 0 : 194.059593 ]
[194.060s][info][gc       ] [OBJCREAT 451067346 25831 22773760 : 194.059640 ]
[194.060s][info][gc       ] [HMSV All : 0 0 130 0 0 0 0 0 : 5062 0 0 0 : 194.059658 ]
[194.060s][info][gc       ] [HMSP 9 : 41100 0 : 194.059658 ]
[194.060s][info][gc       ] [VMAC 65530 166 24 430 620 : 194.060220 ]
[194.284s][info][gc       ] [GPGC-H  2953.7 770.5 0.0 0.0 : 3.1 : 0.452 1.110 : 0.847 1.773 0.864 1.882 : 3.019 1.262 1.030 2.196 1.953 0.445 : 0.000 : 91.359 : 796 1806 32 0 : 2267 : 4608 4424 : 194.283860 : 9 Next_heuristic_check_may_be_too_late ]
[194.287s][info][safepoint] Application time: 0.2280713 seconds
[194.287s][info][safepoint] Total time for which application threads were stopped: 0.0001366 seconds, Stopping threads took: 0.0000006 seconds
[194.288s][info][gc       ] [SPS 0.000 0.003 0.004 0.008 0.001 0.001 0.000 0.106 0.021 0.137 NewGC_pause1 194.286727 ]
[194.334s][info][safepoint] Application time: 0.0467787 seconds
[194.334s][info][safepoint] Total time for which application threads were stopped: 0.0001735 seconds, Stopping threads took: 0.0000005 seconds
[194.335s][info][gc       ] [SPS 0.000 0.001 0.000 0.008 0.001 0.001 0.000 0.140 0.025 0.174 NewGC_pause2 194.333680 ]
[194.337s][info][safepoint] Application time: 0.0027972 seconds
[194.337s][info][safepoint] Total time for which application threads were stopped: 0.0001316 seconds, Stopping threads took: 0.0000005 seconds
[194.338s][info][gc       ] [SPS 0.000 0.000 0.000 0.007 0.000 0.001 0.000 0.105 0.018 0.132 NewGC_pause3 194.336609 ]
[194.338s][info][safepoint] Application time: 0.0016398 seconds
[194.339s][info][safepoint] Total time for which application threads were stopped: 0.0001358 seconds, Stopping threads took: 0.0000005 seconds
[194.339s][info][gc       ] [SPS 0.000 0.003 0.002 0.007 0.000 0.001 0.000 0.112 0.015 0.136 NewGC_pause4 194.338384 ]
[194.339s][info][gc       ] [GC New Max 546-517 : 5120 2942 2146 5120 - - 1056 56 2 2 - : 124 1806 32 184 920 : 120 4 801 801 0 : 0 1 60 0 62 - 0 : 0.225162 2913.5 0.0 0.054618 2306.9 0.0 : 8 --c 0000 : 23 0 0.000 0.000 0 0.000 0.000 0 0.000 0.000 : 194.284356 194.286591 0.000113 194.333506 0.000106 194.336477 0.000108 194.338248 0.000117 : 194.338974 ]
[194.339s][info][gc       ] [SYSINFO 7583 191 89 0 7049 0 20 0 0 5745 : - - - - - - - - : 0 7168 : 3.87 1.87 1.65 : 278178 4215864 : 0 0 : 42 0 : 1547 2 0 259 : - 7678537728 333475840 1445670912 5939011584 199643136 93806592 : 140688591 5405960 154220 0 0 0 : 194.339314 ]
[194.339s][info][gc       ] [HUGEPAGESTAT 0 0 0 - 20841 0 0 : 612352 0 0 : 194.339314 ]
[194.339s][info][gc       ] [OBJCREAT 451839967 25831 22773760 : 194.339363 ]
[194.339s][info][gc       ] [HMSV All : 0 0 130 0 0 0 0 0 : 5062 0 0 0 : 194.339400 ]
[194.339s][info][gc       ] [HMSP 9 : 41100 0 : 194.339400 ]
[194.340s][info][gc       ] [VMAC 65530 166 24 430 620 : 194.339921 ]
[194.563s][info][gc       ] [GPGC-H  2953.7 770.5 0.0 0.0 : 3.1 : 0.450 1.110 : 0.847 1.773 0.864 1.882 : 3.010 1.262 1.030 2.196 1.953 0.445 : 0.000 : 91.127 : 790 1806 32 0 : 2267 : 4608 4424 : 194.563434 : 9 Next_heuristic_check_may_be_too_late ]
[194.568s][info][safepoint] Application time: 0.2287525 seconds
[194.568s][info][safepoint] Total time for which application threads were stopped: 0.0003907 seconds, Stopping threads took: 0.0000005 seconds
[194.568s][info][gc       ] [SPS 0.001 0.003 0.003 0.008 0.001 0.001 0.000 0.342 0.040 0.391 NewGC_pause1 194.567528 ]
[194.614s][info][safepoint] Application time: 0.0457996 seconds
[194.614s][info][safepoint] Total time for which application threads were stopped: 0.0002427 seconds, Stopping threads took: 0.0000005 seconds
[194.615s][info][gc       ] [SPS 0.000 0.001 0.000 0.007 0.000 0.001 0.000 0.201 0.033 0.243 NewGC_pause2 194.613570 ]
[194.617s][info][safepoint] Application time: 0.0031505 seconds
[194.617s][info][safepoint] Total time for which application threads were stopped: 0.0001794 seconds, Stopping threads took: 0.0000005 seconds
[194.618s][info][gc       ] [SPS 0.000 0.000 0.000 0.007 0.000 0.001 0.000 0.147 0.024 0.179 NewGC_pause3 194.616900 ]
[194.619s][info][safepoint] Application time: 0.0017025 seconds
[194.619s][info][safepoint] Total time for which application threads were stopped: 0.0002051 seconds, Stopping threads took: 0.0000005 seconds
[194.621s][info][gc       ] [SPS 0.000 0.003 0.002 0.007 0.000 0.001 0.000 0.172 0.024 0.205 NewGC_pause4 194.618808 ]
[194.621s][info][gc       ] [VMAC 65530 166 24 430 620 : 194.620688 ]
[194.620s][info][gc       ] [GC New Max 547-518 : 5120 2932 2138 5120 - - 1056 56 2 2 - : 116 1806 32 184 910 : 112 4 797 797 0 : 0 1 56 0 58 - 0 : 0.225166 2966.7 0.0 0.055419 2165.3 0.0 : 8 --c 0000 : 23 0 0.000 0.000 0 0.000 0.000 0 0.000 0.000 : 194.564140 194.567137 0.000289 194.613327 0.000165 194.616721 0.000108 194.618603 0.000131 : 194.619559 ]
[194.620s][info][gc       ] [SYSINFO 7583 191 89 0 7049 0 20 0 0 5745 : - - - - - - - - : 0 7168 : 3.64 1.85 1.65 : 278178 4215864 : 0 0 : 42 0 : 1547 2 0 259 : - 7678537728 333475840 1445670912 5939011584 199643136 93806592 : 140688591 5406560 154300 0 0 0 : 194.619813 ]
[194.620s][info][gc       ] [HUGEPAGESTAT 0 0 0 - 20841 0 0 : 612352 0 0 : 194.619813 ]
[194.620s][info][gc       ] [OBJCREAT 452622639 25831 22773760 : 194.619877 ]
[194.620s][info][gc       ] [HMSV All : 0 0 130 0 0 0 0 0 : 5062 0 0 0 : 194.619896 ]
[194.620s][info][gc       ] [HMSP 9 : 41100 0 : 194.619896 ]
[194.765s][info][gc       ] [GPGC-H  2952.6 770.5 0.0 0.0 : 3.1 : 0.449 1.110 : 0.847 1.773 0.864 1.882 : 3.001 1.262 1.030 2.196 1.953 0.445 : 0.000 : 90.896 : 780 1806 32 0 : 2267 : 4608 4424 : 194.765029 : 9 Next_heuristic_check_may_be_too_late ]
[194.769s][info][safepoint] Application time: 0.1495597 seconds
[194.769s][info][safepoint] Total time for which application threads were stopped: 0.0003465 seconds, Stopping threads took: 0.0000005 seconds
[194.770s][info][gc       ] [SPS 0.000 0.003 0.005 0.008 0.000 0.001 0.000 0.310 0.027 0.347 NewGC_pause1 194.768714 ]
[194.874s][info][safepoint] Application time: 0.1049223 seconds
[194.874s][info][safepoint] Total time for which application threads were stopped: 0.0001132 seconds, Stopping threads took: 0.0000006 seconds
[194.875s][info][gc       ] [SPS 0.000 0.001 0.000 0.008 0.001 0.001 0.000 0.084 0.019 0.113 NewGC_pause2 194.873750 ]
[194.876s][info][safepoint] Application time: 0.0018285 seconds
[194.876s][info][safepoint] Total time for which application threads were stopped: 0.0000709 seconds, Stopping threads took: 0.0000005 seconds
[194.876s][info][gc       ] [SPS 0.000 0.000 0.000 0.007 0.000 0.001 0.000 0.047 0.015 0.071 NewGC_pause3 194.875649 ]
[194.877s][info][safepoint] Application time: 0.0011835 seconds
[194.877s][info][safepoint] Total time for which application threads were stopped: 0.0000744 seconds, Stopping threads took: 0.0000005 seconds
[194.877s][info][gc       ] [SPS 0.000 0.003 0.002 0.007 0.001 0.001 0.000 0.050 0.016 0.074 NewGC_pause4 194.876907 ]
[194.878s][info][gc       ] [GC New Max 548-519 : 5120 3272 2846 5120 - - 1056 56 2 2 - : 824 1806 32 184 1250 : 804 11 443 443 0 : 0 2 223 0 359 - 53 : 0.146161 4584.0 0.0 0.112041 4248.5 0.0 : 8 --c 0000 : 23 0 0.000 0.000 0 0.000 0.000 0 0.000 0.000 : 194.765720 194.768368 0.000271 194.873637 0.000060 194.875579 0.000051 194.876833 0.000053 : 194.877760 ]
[194.878s][info][gc       ] [SYSINFO 7583 191 89 0 7049 0 20 0 0 5745 : - - - - - - - - : 0 7168 : 3.64 1.85 1.65 : 278178 4215864 : 0 0 : 42 0 : 1547 2 0 259 : - 7678537728 333475840 1445670912 5939011584 199643136 93806592 : 140688591 5407600 154370 0 0 0 : 194.878052 ]
[194.878s][info][gc       ] [HUGEPAGESTAT 0 0 0 - 20841 0 0 : 612352 0 0 : 194.878052 ]
[194.878s][info][gc       ] [OBJCREAT 453752945 25831 22773760 : 194.878105 ]
[194.878s][info][gc       ] [HMSV All : 0 0 138 0 0 0 0 0 : 5062 0 0 0 : 194.878122 ]
[194.878s][info][gc       ] [HMSP 9 : 41100 0 : 194.878122 ]
[194.879s][info][gc       ] [VMAC 65530 166 24 430 620 : 194.878602 ]
[195.101s][info][gc       ] [GPGC-H  2952.6 770.5 0.0 0.0 : 3.1 : 0.448 1.110 : 0.847 1.773 0.864 1.882 : 2.993 1.262 1.030 2.196 1.953 0.445 : 0.000 : 90.755 : 1308 1806 32 0 : 2267 : 4608 4424 : 195.100733 : 9 Next_heuristic_check_may_be_too_late ]
[195.104s][info][safepoint] Application time: 0.2270383 seconds
[195.105s][info][safepoint] Total time for which application threads were stopped: 0.0003808 seconds, Stopping threads took: 0.0000005 seconds
[195.105s][info][gc       ] [SPS 0.000 0.021 0.004 0.008 0.000 0.001 0.001 0.331 0.039 0.381 NewGC_pause1 195.104327 ]
[195.438s][info][safepoint] Application time: 0.3338037 seconds
[195.439s][info][safepoint] Total time for which application threads were stopped: 0.0001438 seconds, Stopping threads took: 0.0000005 seconds
[195.439s][info][gc       ] [SPS 0.000 0.001 0.000 0.009 0.001 0.001 0.001 0.083 0.049 0.143 NewGC_pause2 195.438274 ]
[195.440s][info][safepoint] Application time: 0.0020435 seconds
[195.441s][info][safepoint] Total time for which application threads were stopped: 0.0001222 seconds, Stopping threads took: 0.0000005 seconds
[195.442s][info][gc       ] [SPS 0.000 0.001 0.000 0.009 0.001 0.001 0.001 0.079 0.032 0.122 NewGC_pause3 195.440440 ]
[195.443s][info][safepoint] Application time: 0.0020610 seconds
[195.443s][info][safepoint] Total time for which application threads were stopped: 0.0001377 seconds, Stopping threads took: 0.0000005 seconds
[195.444s][info][gc       ] [SPS 0.000 0.003 0.002 0.007 0.000 0.001 0.000 0.107 0.022 0.138 NewGC_pause4 195.442639 ]
[195.444s][info][gc       ] [GC New Max 549-520 : 5120 4146 4044 5120 - - 1056 56 2 2 - : 2022 1806 32 184 2124 : 2007 11 108 108 0 : 0 2 401 0 919 - 92 : 0.223556 2182.9 0.0 0.342440 2382.9 0.0 : 8 --c 0000 : 23 0 0.000 0.000 0 0.000 0.000 0 0.000 0.000 : 195.101317 195.103946 0.000298 195.438131 0.000064 195.440318 0.000066 195.442501 0.000110 : 195.443756 ]
[195.444s][info][gc       ] [SYSINFO 7583 191 89 0 7049 0 20 0 0 5745 : - - - - - - - - : 0 7168 : 3.64 1.85 1.65 : 278178 4215864 : 0 0 : 42 0 : 1547 2 0 259 : - 7678537728 333475840 1445670912 5939011584 199643136 93806592 : 140688591 5410070 154540 0 0 0 : 195.444160 ]
[195.444s][info][gc       ] [HUGEPAGESTAT 0 0 0 - 20841 0 0 : 612352 0 0 : 195.444160 ]
[195.444s][info][gc       ] [OBJCREAT 455045856 25831 22773760 : 195.444282 ]
[195.444s][info][gc       ] [HMSV All : 0 0 140 0 0 0 0 0 : 5062 0 0 0 : 195.444300 ]
[195.444s][info][gc       ] [HMSP 9 : 41100 0 : 195.444300 ]
[195.445s][info][gc       ] [VMAC 65530 166 24 430 620 : 195.444954 ]
[195.526s][info][gc       ] [GPGC-H  2952.6 752.7 0.0 0.0 : 3.0 : 0.447 1.110 : 0.847 1.773 0.864 1.882 : 2.978 1.262 1.030 2.196 1.953 0.445 : 0.000 : 90.558 : 2220 1806 32 0 : 2267 : 4608 4424 : 195.526438 : 8 May_exceed_heap_occupancy_target ]
[195.533s][info][safepoint] Application time: 0.0901185 seconds
[195.533s][info][safepoint] Total time for which application threads were stopped: 0.0004839 seconds, Stopping threads took: 0.0000005 seconds
[195.534s][info][gc       ] [SPS 0.000 0.001 0.004 0.008 0.001 0.001 0.000 0.446 0.028 0.484 NewGC_pause1 195.533242 ]
[195.922s][info][safepoint] Application time: 0.3887020 seconds
[195.922s][info][safepoint] Total time for which application threads were stopped: 0.0000764 seconds, Stopping threads took: 0.0000006 seconds
[195.923s][info][gc       ] [SPS 0.000 0.002 0.000 0.008 0.001 0.001 0.000 0.048 0.018 0.076 NewGC_pause2 195.922020 ]
[195.924s][info][safepoint] Application time: 0.0017824 seconds
[195.924s][info][safepoint] Total time for which application threads were stopped: 0.0000721 seconds, Stopping threads took: 0.0000005 seconds
[195.924s][info][gc       ] [SPS 0.000 0.000 0.000 0.008 0.001 0.001 0.000 0.046 0.017 0.072 NewGC_pause3 195.923875 ]
[195.927s][info][safepoint] Application time: 0.0014823 seconds
[195.927s][info][safepoint] Total time for which application threads were stopped: 0.0013741 seconds, Stopping threads took: 0.0000006 seconds
[195.927s][info][gc       ] [SPS 0.000 0.001 0.000 0.011 0.001 0.001 0.000 1.306 0.057 1.375 OldGC_pause2 195.926732 ]
[195.932s][info][safepoint] Application time: 0.0053972 seconds
[195.932s][info][safepoint] Total time for which application threads were stopped: 0.0001015 seconds, Stopping threads took: 0.0000009 seconds
[195.933s][info][gc       ] [SPS 0.000 0.001 0.000 0.017 0.001 0.001 0.001 0.057 0.025 0.101 OldGC_pause3 195.932231 ]
[195.938s][info][safepoint] Application time: 0.0051368 seconds
[195.938s][info][safepoint] Total time for which application threads were stopped: 0.0001534 seconds, Stopping threads took: 0.0000005 seconds
[195.938s][info][gc       ] [SPS 0.000 0.204 0.007 0.009 0.001 0.001 0.000 0.122 0.021 0.153 NewGC_pause4 195.937521 ]
[196.034s][info][gc       ] [GC NTO Max 550-521 : 5120 4844 4678 5120 - - 1056 56 2 2 - : 2652 1806 34 184 2820 : 2350 12 459 459 93 : 0 309 294 0 1271 - 55 : 0.083277 2401.6 0.0 0.506495 1567.6 3.9 : 8 --c 0000 : 23 4344 0.000 0.000 0 0.000 0.000 4344 0.000 0.000 : 195.527033 195.532758 0.000387 195.921944 0.000052 195.923803 0.000050 195.937368 0.000128 : 196.033527 ]
[196.034s][info][gc       ] [SYSINFO 7583 191 89 0 7049 0 20 0 0 5745 : - - - - - - - - : 0 7168 : 3.64 1.85 1.65 : 278178 4215864 : 0 0 : 42 0 : 1547 2 0 259 : - 7678537728 333475840 1445670912 5939011584 199643136 93806592 : 140688591 5414660 154790 0 0 0 : 196.033934 ]
[196.034s][info][gc       ] [HUGEPAGESTAT 0 0 0 - 20841 0 0 : 612352 0 0 : 196.033934 ]
[196.034s][info][gc       ] [OBJCREAT 456034985 25831 22773760 : 196.033998 ]
[196.034s][info][gc       ] [HMSV All : 0 0 140 0 0 0 0 0 : 5062 0 0 0 : 196.034018 ]
[196.034s][info][gc       ] [HMSP 9 : 41100 0 : 196.034018 ]
[196.035s][info][gc       ] [VMAC 65530 166 24 430 620 : 196.034692 ]
[196.035s][info][gc       ] [GPGC-H  2981.1 752.7 0.0 0.0 : 3.0 : 0.506 1.110 : 0.847 1.773 0.864 1.882 : 2.978 1.262 1.030 2.196 1.953 0.445 : 0.000 : 90.526 : 2656 1806 34 0 : 2267 : 4608 4424 : 196.035033 : 3 Heap_use_exceeded_committed ]
[196.037s][info][safepoint] Application time: 0.0990534 seconds
[196.037s][info][safepoint] Total time for which application threads were stopped: 0.0001027 seconds, Stopping threads took: 0.0000006 seconds
[196.037s][info][gc       ] [SPS 0.000 0.003 0.005 0.008 0.001 0.001 0.000 0.069 0.023 0.102 OldGC_pause4 196.036677 ]
[196.038s][info][gc       ] [GC Old Max 551-30 : 5120 4844 2892 5120 - - 1056 56 2 2 - : 2664 10 34 184 1846 : 28 16 1798 1798 0 : 0 7 1 0 22 - 0 : 10.559912 4.9 0.0 0.508302 0.0 3.9 : 4 --c 0000 : 23   -    -    -    -    -    -    -    -    -  : 195.529389 195.532758 0.000387 195.925357 0.001293 195.932129 0.000072 196.036575 0.000071 : 196.037691 ]
[196.038s][info][gc       ] [SYSINFO 7583 191 89 0 7049 0 20 0 0 5745 : - - - - - - - - : 0 7168 : 3.64 1.85 1.65 : 278178 4215864 : 0 0 : 42 0 : 1547 2 0 259 : - 7678537728 333475840 1445670912 5939011584 199643136 93806592 : 140688591 5414660 154790 0 0 0 : 196.037957 ]
[196.038s][info][gc       ] [HUGEPAGESTAT 0 0 0 - 20841 0 0 : 612352 0 0 : 196.037957 ]
[196.038s][info][gc       ] [OBJCREAT 456044896 25831 22773760 : 196.038010 ]
[196.038s][info][gc       ] [HMSV All : 0 0 140 0 0 0 0 0 : 5062 0 0 0 : 196.038031 ]
[196.038s][info][gc       ] [HMSP 9 : 41100 0 : 196.038031 ]
[196.038s][info][gc       ] [COMPSTATS 1 : 5 0 : 1 0 : 0 0 : 536 4 0 0 0 0 : 0 0 0 0 0 0 : 199 202 21 : 540 0 0 0 0 0 0 : 540 0 0 0 0 0 0 ]
[196.038s][info][gc       ] [COMPSTATS 2 : 5 0 : 1 0 : 0 0 : 133 9 0 0 0 0 : 0 0 0 0 0 0 : 62012 62071 10930 : 76 38 28 0 0 0 0 : 17 102 17 3 3 0 0 ]
[196.038s][info][gc       ] [DEOPTSTATS 1 : 1 0 : 0 0 : 0 0 : 0 0 : 0 12 : 0 0 : 0 0 : 0 0 : 0 0 : 0 0 : 0 0 : 0 0 : 0 0 : 0 0 : 0 0 : 0 0 : 0 0 : 0 0 : 0 0 : 0 0 : 0 0 : 0 0 : 0 0 : 0 0 : 0 0 : 0 0 : 0 0 : 0 0 : 0 0 : 0 0 : 6 0 : 0 0 : 0 0 : 0 0 : 0 0 : 0 0 : 0 0 : 0 0 : 0 0 : 0 0 : 0 0 : 0 0 ]
[196.038s][info][gc       ] [DEOPTSTATS 2 : 0 0 : 0 0 : 0 0 : 0 0 : 0 0 : 0 0 : 0 13 : 0 0 : 0 0 : 0 0 : 0 0 : 0 0 : 0 0 : 0 0 : 0 0 : 0 0 : 0 0 : 0 0 : 0 0 : 0 0 : 0 1 : 0 0 : 0 0 : 0 0 : 0 0 : 0 0 : 0 0 : 0 0 : 0 0 : 0 0 : 4 0 : 0 0 : 0 0 : 0 0 : 0 1 : 0 0 : 0 0 : 0 0 : 0 0 : 0 5 : 0 0 : 0 0 ]
[196.039s][info][gc       ] [VMAC 65530 166 24 430 620 : 196.038533 ]
[196.039s][info][gc       ] [CCF 0 0 0 0 36 229376: 2989568 : 380 196608 : 3 49152 : 317 311808 :  528 637952 : 118 412160 : 0 0 : 14 1146880 : 1 2048]
[196.043s][info][safepoint] Application time: 0.0058879 seconds
[196.043s][info][safepoint] Total time for which application threads were stopped: 0.0001531 seconds, Stopping threads took: 0.0000005 seconds
[196.043s][info][gc       ] [SPS 0.000 0.002 0.002 0.008 0.000 0.001 0.000 0.126 0.018 0.153 NewGC_pause1 196.042718 ]
[196.418s][info][safepoint] Application time: 0.3751865 seconds
[196.418s][info][safepoint] Total time for which application threads were stopped: 0.0000798 seconds, Stopping threads took: 0.0000006 seconds
[196.419s][info][gc       ] [SPS 0.000 0.001 0.000 0.008 0.001 0.001 0.000 0.051 0.018 0.080 NewGC_pause2 196.417985 ]
[196.420s][info][safepoint] Application time: 0.0015816 seconds
[196.420s][info][safepoint] Total time for which application threads were stopped: 0.0000705 seconds, Stopping threads took: 0.0000004 seconds
[196.420s][info][gc       ] [SPS 0.000 0.000 0.000 0.007 0.000 0.001 0.000 0.046 0.015 0.070 NewGC_pause3 196.419637 ]
[196.425s][info][safepoint] Application time: 0.0048942 seconds
[196.425s][info][safepoint] Total time for which application threads were stopped: 0.0000978 seconds, Stopping threads took: 0.0000005 seconds
[196.425s][info][gc       ] [SPS 0.000 0.004 0.002 0.008 0.001 0.001 0.000 0.068 0.020 0.098 NewGC_pause4 196.424629 ]
[196.452s][info][gc       ] [GC New Max 552-522 : 5120 4682 2970 5120 - - 1056 56 2 2 - : 2742 10 34 184 3500 : 2589 14 897 897 0 : 0 85 413 0 1316 - 55 : 0.006016 2659.6 0.0 0.412071 2164.7 0.0 : 8 --c 0000 : 23 0 0.000 0.000 0 0.000 0.000 0 0.000 0.000 : 196.039543 196.042565 0.000129 196.417905 0.000055 196.419566 0.000053 196.424531 0.000071 : 196.451614 ]
[196.452s][info][gc       ] [SYSINFO 7583 191 89 0 7049 0 20 0 0 5745 : - - - - - - - - : 0 7168 : 3.64 1.85 1.65 : 278178 4215864 : 0 0 : 42 0 : 1547 2 0 259 : - 7678537728 333475840 1445670912 5939011584 199643136 93806592 : 140688591 5418280 154880 0 0 0 : 196.451934 ]
[196.452s][info][gc       ] [HUGEPAGESTAT 0 0 0 - 20841 0 0 : 612352 0 0 : 196.451934 ]
[196.452s][info][gc       ] [OBJCREAT 456931965 25831 22773760 : 196.451994 ]
[196.452s][info][gc       ] [HMSV All : 0 0 140 0 0 0 0 0 : 5062 0 0 0 : 196.452013 ]
[196.452s][info][gc       ] [HMSP 9 : 41100 0 : 196.452013 ]
[196.453s][info][gc       ] [VMAC 65530 166 24 430 620 : 196.452959 ]
[196.453s][info][gc       ] [GPGC-H  2981.1 752.7 0.0 0.0 : 3.0 : 0.506 1.038 : 0.847 1.789 0.864 1.882 : 2.978 1.151 1.030 2.196 1.953 0.445 : 0.000 : 99.513 : 2746 10 34 0 : 2267 : 4608 4424 : 196.453443 : 9 Next_heuristic_check_may_be_too_late ]
[196.457s][info][safepoint] Application time: 0.0326612 seconds
[196.458s][info][safepoint] Total time for which application threads were stopped: 0.0001811 seconds, Stopping threads took: 0.0000007 seconds
[196.458s][info][gc       ] [SPS 0.000 0.004 0.004 0.011 0.001 0.001 0.001 0.123 0.044 0.181 NewGC_pause1 196.457472 ]
[196.771s][info][safepoint] Application time: 0.3134194 seconds
[196.772s][info][safepoint] Total time for which application threads were stopped: 0.0001076 seconds, Stopping threads took: 0.0000006 seconds
[196.772s][info][gc       ] [SPS 0.000 0.001 0.000 0.009 0.001 0.001 0.001 0.076 0.020 0.107 NewGC_pause2 196.770999 ]
[196.773s][info][safepoint] Application time: 0.0018900 seconds
[196.773s][info][safepoint] Total time for which application threads were stopped: 0.0000941 seconds, Stopping threads took: 0.0000008 seconds
[196.774s][info][gc       ] [SPS 0.000 0.001 0.000 0.011 0.001 0.001 0.001 0.056 0.024 0.094 NewGC_pause3 196.772983 ]
[196.775s][info][safepoint] Application time: 0.0019129 seconds
[196.775s][info][safepoint] Total time for which application threads were stopped: 0.0000937 seconds, Stopping threads took: 0.0000005 seconds
[196.776s][info][gc       ] [SPS 0.000 0.008 0.002 0.007 0.001 0.001 0.000 0.054 0.031 0.094 NewGC_pause4 196.774990 ]
[196.777s][info][gc       ] [GC New Max 553-523 : 5120 3692 2800 5120 - - 1056 56 2 2 - : 2572 10 34 184 3464 : 2474 14 976 976 0 : 0 8 354 0 1231 - 55 : 0.002429 2470.4 0.0 0.322401 2245.6 0.0 : 8 --c 0000 : 23 0 0.000 0.000 0 0.000 0.000 0 0.000 0.000 : 196.454043 196.457291 0.000127 196.770891 0.000059 196.772889 0.000060 196.774896 0.000058 : 196.776444 ]
[196.777s][info][gc       ] [SYSINFO 7583 191 89 0 7049 0 20 0 0 5745 : - - - - - - - - : 0 7168 : 3.64 1.85 1.65 : 278178 4215864 : 0 0 : 42 0 : 1547 2 0 259 : - 7678537728 333475840 1445670912 5939011584 199643136 93806592 : 140688591 5421090 155010 0 0 0 : 196.776747 ]
[196.777s][info][gc       ] [HUGEPAGESTAT 0 0 0 - 20841 0 0 : 612352 0 0 : 196.776747 ]
[196.777s][info][gc       ] [OBJCREAT 457654164 25831 22773760 : 196.776833 ]
[196.777s][info][gc       ] [HMSV All : 0 0 140 0 0 0 0 0 : 5062 0 0 0 : 196.776850 ]
[196.777s][info][gc       ] [HMSP 9 : 41100 0 : 196.776850 ]
[196.777s][info][gc       ] [VMAC 65530 166 24 430 620 : 196.777379 ]
[196.959s][info][gc       ] [GPGC-H  2981.1 752.7 0.0 0.0 : 3.0 : 0.505 1.038 : 0.847 1.789 0.864 1.882 : 2.976 1.151 1.030 2.196 1.953 0.445 : 0.000 : 99.512 : 3048 10 34 0 : 2267 : 4608 4424 : 196.959053 : 9 Next_heuristic_check_may_be_too_late ]
[196.964s][info][safepoint] Application time: 0.1885434 seconds
[196.964s][info][safepoint] Total time for which application threads were stopped: 0.0003040 seconds, Stopping threads took: 0.0000005 seconds
[196.965s][info][gc       ] [SPS 0.000 0.024 0.005 0.007 0.000 0.001 0.000 0.263 0.032 0.304 NewGC_pause1 196.963837 ]
[197.284s][info][safepoint] Application time: 0.3196827 seconds
[197.284s][info][safepoint] Total time for which application threads were stopped: 0.0001399 seconds, Stopping threads took: 0.0000005 seconds
[197.285s][info][gc       ] [SPS 0.000 0.001 0.000 0.007 0.000 0.001 0.000 0.109 0.021 0.140 NewGC_pause2 197.283660 ]
[197.286s][info][safepoint] Application time: 0.0022993 seconds
[197.286s][info][safepoint] Total time for which application threads were stopped: 0.0001416 seconds, Stopping threads took: 0.0000004 seconds
[197.287s][info][gc       ] [SPS 0.000 0.000 0.000 0.007 0.000 0.001 0.000 0.117 0.015 0.142 NewGC_pause3 197.286101 ]
[197.298s][info][safepoint] Application time: 0.0115690 seconds
[197.298s][info][safepoint] Total time for which application threads were stopped: 0.0001677 seconds, Stopping threads took: 0.0000005 seconds
[197.298s][info][gc       ] [SPS 0.000 0.004 0.004 0.009 0.001 0.001 0.000 0.123 0.034 0.168 NewGC_pause4 197.297838 ]
[197.448s][info][gc       ] [GC New Max 554-524 : 5120 4120 3208 5120 - - 1056 56 2 2 - : 2320 670 34 184 3892 : 2602 4 1277 1277 47 : 330 0 418 0 1105 - 55 : 0.183098 2599.7 0.0 0.487803 2369.8 0.0 : 8 --c 0000 : 23 0 0.000 0.000 0 0.000 0.000 0 0.000 0.000 : 196.959542 196.963533 0.000266 197.283520 0.000109 197.285959 0.000122 197.297670 0.000128 : 197.447345 ]
[197.448s][info][gc       ] [SYSINFO 7583 191 89 0 7049 0 20 0 0 5745 : - - - - - - - - : 0 7168 : 3.64 1.85 1.65 : 278178 4215864 : 0 0 : 42 0 : 1547 2 0 259 : - 7678537728 333475840 1445670912 5939011584 199643136 93806592 : 140688591 5425620 155080 0 0 0 : 197.447634 ]
[197.448s][info][gc       ] [HUGEPAGESTAT 0 0 0 - 20841 0 0 : 612352 0 0 : 197.447634 ]
[197.448s][info][gc       ] [OBJCREAT 459271067 25831 23365632 : 197.447691 ]
[197.448s][info][gc       ] [HMSV All : 0 0 140 0 0 0 0 0 : 5062 0 0 0 : 197.447714 ]
[197.448s][info][gc       ] [HMSP 9 : 41100 0 : 197.447714 ]
[197.448s][info][gc       ] [VMAC 65530 166 24 430 620 : 197.448231 ]
[197.449s][info][gc       ] [GPGC-H  2981.1 752.7 0.0 0.0 : 3.0 : 0.505 1.038 : 0.847 1.789 0.864 1.882 : 2.976 1.151 1.030 2.196 1.953 0.445 : 0.000 : 99.305 : 2324 670 34 0 : 2267 : 4608 4424 : 197.448565 : 8 May_exceed_heap_occupancy_target ]
[197.453s][info][safepoint] Application time: 0.1552849 seconds
[197.453s][info][safepoint] Total time for which application threads were stopped: 0.0001635 seconds, Stopping threads took: 0.0000005 seconds
[197.454s][info][gc       ] [SPS 0.001 0.001 0.006 0.009 0.000 0.001 0.000 0.134 0.019 0.163 NewGC_pause1 197.453286 ]
[197.713s][info][safepoint] Application time: 0.2593210 seconds
[197.713s][info][safepoint] Total time for which application threads were stopped: 0.0001391 seconds, Stopping threads took: 0.0000009 seconds
[197.714s][info][gc       ] [SPS 0.000 0.002 0.000 0.012 0.001 0.002 0.001 0.090 0.033 0.139 NewGC_pause2 197.712747 ]
[197.715s][info][safepoint] Application time: 0.0020064 seconds
[197.715s][info][safepoint] Total time for which application threads were stopped: 0.0001602 seconds, Stopping threads took: 0.0000014 seconds
[197.716s][info][gc       ] [SPS 0.000 0.001 0.000 0.019 0.001 0.002 0.001 0.082 0.058 0.164 NewGC_pause3 197.714917 ]
[197.730s][info][safepoint] Application time: 0.0151873 seconds
[197.731s][info][safepoint] Total time for which application threads were stopped: 0.0002765 seconds, Stopping threads took: 0.0000006 seconds
[197.732s][info][gc       ] [SPS 0.000 0.167 0.006 0.009 0.001 0.001 0.000 0.227 0.039 0.277 NewGC_pause4 197.730382 ]
[198.062s][info][gc       ] [GC NTO Max 555-525 : 5120 3838 3392 5120 - - 1056 56 2 2 - : 1750 1424 34 184 2950 : 1743 3 1207 1207 13 : 377 0 310 0 875 - 0 : 0.001614 2477.7 0.0 0.612256 2234.4 0.0 : 8 --c 0000 : 23 0 0.000 0.000 0 0.000 0.000 0 0.000 0.000 : 197.448960 197.453123 0.000138 197.712608 0.000085 197.714753 0.000097 197.730105 0.000065 : 198.061215 ]
[198.062s][info][gc       ] [SYSINFO 7583 191 89 0 7049 0 20 0 0 5745 : - - - - - - - - : 0 7168 : 3.64 1.85 1.65 : 278178 4215880 : 0 0 : 42 0 : 1547 3 0 259 : - 7678537728 333475840 1445670912 5939011584 199643136 93806592 : 140688591 5430900 155320 0 0 0 : 198.061585 ]
[198.062s][info][gc       ] [HUGEPAGESTAT 0 0 0 - 20841 0 0 : 612352 0 0 : 198.061585 ]
[198.062s][info][gc       ] [OBJCREAT 460630403 25896 24137728 : 198.061672 ]
[198.062s][info][gc       ] [HMSV All : 0 0 140 0 0 0 0 0 : 5062 0 0 0 : 198.061702 ]
[198.062s][info][gc       ] [HMSP 9 : 41100 0 : 198.061702 ]
[198.063s][info][safepoint] Application time: 0.3311007 seconds
[198.063s][info][gc       ] [GPGC-H  2963.2 745.8 0.0 0.0 : 2.9 : 0.504 1.038 : 0.847 1.789 0.864 1.882 : 3.339 1.151 1.030 2.196 1.953 0.445 : 0.000 : 99.737 : 1750 1424 34 0 : 2267 : 4608 4424 : 198.062654 : 8 May_exceed_heap_occupancy_target ]
[198.062s][info][gc       ] [VMAC 65530 166 24 430 620 : 198.062366 ]
[198.063s][info][safepoint] Total time for which application threads were stopped: 0.0011695 seconds, Stopping threads took: 0.0000006 seconds
[198.065s][info][gc       ] [SPS 0.000 0.001 0.001 0.009 0.001 0.001 0.000 1.121 0.037 1.169 OldGC_pause2 198.062652 ]
[198.067s][info][safepoint] Application time: 0.0040685 seconds
[198.067s][info][safepoint] Total time for which application threads were stopped: 0.0001097 seconds, Stopping threads took: 0.0000005 seconds
[198.068s][info][gc       ] [SPS 0.000 0.001 0.000 0.007 0.000 0.001 0.000 0.077 0.025 0.110 OldGC_pause3 198.066830 ]
[198.070s][info][safepoint] Application time: 0.0031386 seconds
[198.071s][info][safepoint] Total time for which application threads were stopped: 0.0003991 seconds, Stopping threads took: 0.0000006 seconds
[198.071s][info][gc       ] [SPS 0.000 0.076 0.003 0.009 0.001 0.001 0.000 0.358 0.030 0.399 NewGC_pause1 198.070368 ]
[198.225s][info][safepoint] Application time: 0.1545051 seconds
[198.225s][info][safepoint] Total time for which application threads were stopped: 0.0000923 seconds, Stopping threads took: 0.0000006 seconds
[198.226s][info][gc       ] [SPS 0.000 0.002 0.000 0.009 0.001 0.001 0.000 0.061 0.020 0.092 NewGC_pause2 198.224966 ]
[198.227s][info][safepoint] Application time: 0.0018520 seconds
[198.227s][info][safepoint] Total time for which application threads were stopped: 0.0000834 seconds, Stopping threads took: 0.0000005 seconds
[198.227s][info][gc       ] [SPS 0.000 0.000 0.000 0.008 0.000 0.001 0.000 0.055 0.020 0.084 NewGC_pause3 198.226901 ]
[198.243s][info][safepoint] Application time: 0.0154183 seconds
[198.243s][info][safepoint] Total time for which application threads were stopped: 0.0001905 seconds, Stopping threads took: 0.0000005 seconds
[198.244s][info][gc       ] [SPS 0.000 0.004 0.006 0.008 0.001 0.001 0.000 0.149 0.031 0.190 NewGC_pause4 198.242510 ]
[198.345s][info][gc       ] [GC New Max 557-526 : 5120 3808 2662 5120 - - 1056 56 2 2 - : 678 1766 34 184 2166 : 773 2 1391 1391 1 : 171 0 199 0 339 - 0 : 0.005573 2153.4 0.0 0.277701 2290.2 0.0 : 8 --c 0000 : 23 0 0.000 0.000 0 0.000 0.000 0 0.000 0.000 : 198.066788 198.069969 0.000306 198.224873 0.000058 198.226818 0.000050 198.242320 0.000085 : 198.344489 ]
[198.345s][info][gc       ] [SYSINFO 7583 191 89 0 7049 0 20 0 0 5745 : - - - - - - - - : 0 7168 : 3.64 1.85 1.65 : 278178 4215880 : 0 0 : 42 0 : 1547 2 0 259 : - 7678537728 333475840 1445670912 5939011584 199643136 93806592 : 140688591 5433390 155410 0 0 0 : 198.344768 ]
[198.345s][info][gc       ] [HUGEPAGESTAT 0 0 0 - 20841 0 0 : 612352 0 0 : 198.344768 ]
[198.345s][info][gc       ] [OBJCREAT 461272546 25896 24457216 : 198.344836 ]
[198.345s][info][gc       ] [HMSV All : 0 0 140 0 0 0 0 0 : 5062 0 0 0 : 198.344856 ]
[198.345s][info][gc       ] [HMSP 9 : 41100 0 : 198.344856 ]
[198.345s][info][gc       ] [VMAC 65530 166 24 430 620 : 198.345472 ]
[198.347s][info][safepoint] Application time: 0.1044131 seconds
[198.347s][info][safepoint] Total time for which application threads were stopped: 0.0002246 seconds, Stopping threads took: 0.0000005 seconds
[198.348s][info][gc       ] [SPS 0.000 0.003 0.006 0.008 0.001 0.001 0.000 0.181 0.034 0.225 OldGC_pause4 198.347148 ]
[198.351s][info][gc       ] [GC Old Max 556-31 : 5120 4120 2666 5120 - - 1056 56 2 2 - : 690 1760 32 184 1816 : 1774 35 1 1 0 : 0 13 548 1 841 - 55 : 1.412914 409.1 0.0 0.899693 1184.8 0.0 : 4 --c 0000 : 23   -    -    -    -    -    -    -    -    -  : 197.450605 197.453123 0.000138 198.061482 0.001082 198.066720 0.000079 198.346923 0.000065 : 198.350298 ]
[198.351s][info][gc       ] [SYSINFO 7583 191 89 0 7049 0 20 0 0 5745 : - - - - - - - - : 0 7168 : 3.64 1.85 1.65 : 278178 4215880 : 0 0 : 42 0 : 1547 2 0 259 : - 7678537728 333475840 1445670912 5939011584 199643136 93806592 : 140688591 5433430 155410 0 0 0 : 198.350567 ]
[198.351s][info][gc       ] [HUGEPAGESTAT 0 0 0 - 20841 0 0 : 612352 0 0 : 198.350567 ]
[198.351s][info][gc       ] [OBJCREAT 461284439 25896 24457216 : 198.350625 ]
[198.351s][info][gc       ] [HMSV All : 0 0 140 0 0 0 0 0 : 5062 0 0 0 : 198.350647 ]
[198.351s][info][gc       ] [HMSP 9 : 41100 0 : 198.350647 ]
[198.351s][info][gc       ] [COMPSTATS 1 : 5 0 : 1 0 : 0 0 : 536 4 0 0 0 0 : 0 0 0 0 0 0 : 199 202 21 : 540 0 0 0 0 0 0 : 540 0 0 0 0 0 0 ]
[198.351s][info][gc       ] [COMPSTATS 2 : 5 0 : 1 0 : 0 0 : 133 9 0 0 0 0 : 0 0 0 0 0 0 : 62012 62071 10930 : 76 38 28 0 0 0 0 : 17 102 17 3 3 0 0 ]
[198.351s][info][gc       ] [DEOPTSTATS 1 : 1 0 : 0 0 : 0 0 : 0 0 : 0 12 : 0 0 : 0 0 : 0 0 : 0 0 : 0 0 : 0 0 : 0 0 : 0 0 : 0 0 : 0 0 : 0 0 : 0 0 : 0 0 : 0 0 : 0 0 : 0 0 : 0 0 : 0 0 : 0 0 : 0 0 : 0 0 : 0 0 : 0 0 : 0 0 : 0 0 : 6 0 : 0 0 : 0 0 : 0 0 : 0 0 : 0 0 : 0 0 : 0 0 : 0 0 : 0 0 : 0 0 : 0 0 ]
[198.351s][info][gc       ] [DEOPTSTATS 2 : 0 0 : 0 0 : 0 0 : 0 0 : 0 0 : 0 0 : 0 13 : 0 0 : 0 0 : 0 0 : 0 0 : 0 0 : 0 0 : 0 0 : 0 0 : 0 0 : 0 0 : 0 0 : 0 0 : 0 0 : 0 1 : 0 0 : 0 0 : 0 0 : 0 0 : 0 0 : 0 0 : 0 0 : 0 0 : 0 0 : 4 0 : 0 0 : 0 0 : 0 0 : 0 1 : 0 0 : 0 0 : 0 0 : 0 0 : 0 5 : 0 0 : 0 0 ]
[198.351s][info][gc       ] [VMAC 65530 166 24 430 620 : 198.351461 ]
[198.352s][info][gc       ] [CCF 0 0 0 0 36 229376: 2989568 : 380 196608 : 3 49152 : 317 311808 :  528 637952 : 118 412160 : 0 0 : 14 1146880 : 1 2048]
[198.507s][info][gc       ] [GPGC-H  2963.2 745.8 0.0 0.0 : 2.9 : 0.503 1.034 : 0.847 1.805 0.864 1.882 : 3.338 1.134 1.030 2.196 1.953 0.445 : 0.000 : 99.735 : 1142 1760 32 0 : 2267 : 4608 4424 : 198.506847 : 9 Next_heuristic_check_may_be_too_late ]
[198.510s][info][safepoint] Application time: 0.1628037 seconds
[198.511s][info][safepoint] Total time for which application threads were stopped: 0.0004151 seconds, Stopping threads took: 0.0000005 seconds
[198.511s][info][gc       ] [SPS 0.000 0.003 0.004 0.007 0.000 0.001 0.000 0.364 0.042 0.415 NewGC_pause1 198.510367 ]
[198.613s][info][safepoint] Application time: 0.1025808 seconds
[198.614s][info][safepoint] Total time for which application threads were stopped: 0.0001945 seconds, Stopping threads took: 0.0000005 seconds
[198.614s][info][gc       ] [SPS 0.000 0.001 0.000 0.007 0.000 0.001 0.000 0.162 0.023 0.194 NewGC_pause2 198.613142 ]
[198.616s][info][safepoint] Application time: 0.0022980 seconds
[198.616s][info][safepoint] Total time for which application threads were stopped: 0.0001745 seconds, Stopping threads took: 0.0000005 seconds
[198.616s][info][gc       ] [SPS 0.000 0.000 0.000 0.007 0.000 0.001 0.000 0.142 0.024 0.175 NewGC_pause3 198.615615 ]
[198.621s][info][safepoint] Application time: 0.0054330 seconds
[198.622s][info][safepoint] Total time for which application threads were stopped: 0.0001456 seconds, Stopping threads took: 0.0000005 seconds
[198.622s][info][gc       ] [SPS 0.000 0.023 0.008 0.008 0.000 0.001 0.000 0.109 0.027 0.146 NewGC_pause4 198.621194 ]
[198.646s][info][gc       ] [GC New Max 558-527 : 5120 3374 2358 5120 - - 1056 56 2 2 - : 336 1806 32 184 1398 : 295 4 1101 1101 0 : 23 1 125 0 168 - 0 : 0.162934 2860.1 0.0 0.138241 2445.0 0.0 : 8 --c 0000 : 23 0 0.000 0.000 0 0.000 0.000 0 0.000 0.000 : 198.507423 198.509952 0.000303 198.612948 0.000113 198.615440 0.000108 198.621048 0.000103 : 198.645664 ]
[198.646s][info][gc       ] [SYSINFO 7583 191 89 0 7049 0 20 0 0 5745 : - - - - - - - - : 0 7168 : 3.64 1.85 1.65 : 278178 4215880 : 0 0 : 42 0 : 1547 2 0 259 : - 7678537728 333475840 1445670912 5939011584 199643136 93806592 : 140688591 5434710 155450 0 0 0 : 198.645923 ]
[198.646s][info][gc       ] [HUGEPAGESTAT 0 0 0 - 20841 0 0 : 612352 0 0 : 198.645923 ]
[198.646s][info][gc       ] [OBJCREAT 462071288 25896 24504320 : 198.645979 ]
[198.646s][info][gc       ] [HMSV All : 0 0 140 0 0 0 0 0 : 5062 0 0 0 : 198.646003 ]
[198.646s][info][gc       ] [HMSP 9 : 41100 0 : 198.646003 ]
[198.647s][info][gc       ] [VMAC 65530 166 24 430 620 : 198.646563 ]
[198.869s][info][gc       ] [GPGC-H  2963.2 745.8 0.0 0.0 : 2.9 : 0.501 1.034 : 0.847 1.805 0.864 1.882 : 3.335 1.134 1.030 2.196 1.953 0.445 : 0.000 : 99.548 : 946 1806 32 0 : 2267 : 4608 4424 : 198.868792 : 9 Next_heuristic_check_may_be_too_late ]
[198.872s][info][safepoint] Application time: 0.2506066 seconds
[198.873s][info][safepoint] Total time for which application threads were stopped: 0.0002288 seconds, Stopping threads took: 0.0000005 seconds
[198.873s][info][gc       ] [SPS 0.000 0.003 0.003 0.007 0.001 0.001 0.000 0.194 0.026 0.229 NewGC_pause1 198.872030 ]
[198.930s][info][safepoint] Application time: 0.0577046 seconds
[198.930s][info][safepoint] Total time for which application threads were stopped: 0.0002057 seconds, Stopping threads took: 0.0000005 seconds
[198.931s][info][gc       ] [SPS 0.000 0.001 0.000 0.009 0.001 0.001 0.000 0.162 0.034 0.206 NewGC_pause2 198.929940 ]
[198.933s][info][safepoint] Application time: 0.0026786 seconds
[198.933s][info][safepoint] Total time for which application threads were stopped: 0.0002712 seconds, Stopping threads took: 0.0000008 seconds
[198.934s][info][gc       ] [SPS 0.000 0.001 0.000 0.012 0.001 0.001 0.001 0.201 0.056 0.271 NewGC_pause3 198.932890 ]
[198.934s][info][safepoint] Application time: 0.0013616 seconds
[198.935s][info][safepoint] Total time for which application threads were stopped: 0.0001437 seconds, Stopping threads took: 0.0000005 seconds
[198.935s][info][gc       ] [SPS 0.000 0.003 0.002 0.007 0.000 0.001 0.000 0.106 0.029 0.144 NewGC_pause4 198.934395 ]
[198.935s][info][gc       ] [GC New Max 559-528 : 5120 3132 2184 5120 - - 1056 56 2 2 - : 162 1806 32 184 1110 : 156 4 952 952 0 : 0 1 78 0 81 - 0 : 0.223638 2736.6 0.0 0.065632 2529.3 0.0 : 8 --c 0000 : 23 0 0.000 0.000 0 0.000 0.000 0 0.000 0.000 : 198.869301 198.871801 0.000118 198.929734 0.000125 198.932619 0.000119 198.934252 0.000067 : 198.934933 ]
[198.935s][info][gc       ] [SYSINFO 7583 191 89 0 7049 0 20 0 0 5745 : - - - - - - - - : 0 7168 : 3.64 1.85 1.65 : 278178 4215880 : 0 0 : 42 0 : 1547 3 0 259 : - 7678537728 333475840 1445670912 5939011584 199643136 93806592 : 140688591 5435440 155460 0 0 0 : 198.935190 ]
[198.935s][info][gc       ] [HUGEPAGESTAT 0 0 0 - 20841 0 0 : 612352 0 0 : 198.935190 ]
[198.935s][info][gc       ] [OBJCREAT 462838834 25896 24504320 : 198.935239 ]
[198.935s][info][gc       ] [HMSV All : 0 0 140 0 0 0 0 0 : 5062 0 0 0 : 198.935256 ]
[198.935s][info][gc       ] [HMSP 9 : 41100 0 : 198.935256 ]
[198.936s][info][gc       ] [VMAC 65530 166 24 430 620 : 198.935756 ]
[199.159s][info][gc       ] [GPGC-H  2963.2 745.8 0.0 0.0 : 2.9 : 0.500 1.034 : 0.847 1.805 0.864 1.882 : 3.330 1.134 1.030 2.196 1.953 0.445 : 0.000 : 99.292 : 802 1806 32 0 : 2267 : 4608 4424 : 199.158785 : 9 Next_heuristic_check_may_be_too_late ]
[199.162s][info][safepoint] Application time: 0.2273616 seconds
[199.163s][info][safepoint] Total time for which application threads were stopped: 0.0003606 seconds, Stopping threads took: 0.0000005 seconds
[199.163s][info][gc       ] [SPS 0.000 0.004 0.004 0.008 0.000 0.001 0.000 0.312 0.039 0.361 NewGC_pause1 199.162118 ]
[199.208s][info][safepoint] Application time: 0.0453311 seconds
[199.208s][info][safepoint] Total time for which application threads were stopped: 0.0001917 seconds, Stopping threads took: 0.0000005 seconds
[199.209s][info][gc       ] [SPS 0.000 0.001 0.000 0.007 0.000 0.001 0.000 0.158 0.025 0.192 NewGC_pause2 199.207641 ]
[199.210s][info][safepoint] Application time: 0.0025258 seconds
[199.211s][info][safepoint] Total time for which application threads were stopped: 0.0001681 seconds, Stopping threads took: 0.0000005 seconds
[199.211s][info][gc       ] [SPS 0.000 0.000 0.000 0.007 0.000 0.001 0.000 0.133 0.026 0.168 NewGC_pause3 199.210335 ]
[199.212s][info][safepoint] Application time: 0.0015778 seconds
[199.212s][info][safepoint] Total time for which application threads were stopped: 0.0001728 seconds, Stopping threads took: 0.0000005 seconds
[199.213s][info][gc       ] [SPS 0.000 0.003 0.002 0.007 0.000 0.001 0.000 0.138 0.027 0.173 NewGC_pause4 199.212086 ]
[199.213s][info][gc       ] [GC New Max 560-529 : 5120 2964 2160 5120 - - 1056 56 2 2 - : 138 1806 32 184 942 : 132 4 808 808 0 : 0 1 66 0 69 - 0 : 0.224499 2859.7 0.0 0.053156 2671.4 0.0 : 8 --c 0000 : 23 0 0.000 0.000 0 0.000 0.000 0 0.000 0.000 : 199.159432 199.161757 0.000273 199.207449 0.000107 199.210166 0.000099 199.211913 0.000099 : 199.212588 ]
[199.213s][info][gc       ] [SYSINFO 7583 191 89 0 7049 0 20 0 0 5745 : - - - - - - - - : 0 7168 : 3.64 1.85 1.65 : 278178 4215880 : 0 0 : 42 0 : 1547 2 0 259 : - 7678537728 333475840 1445670912 5939011584 199643136 93806592 : 140688591 5436020 155490 0 0 0 : 199.212864 ]
[199.213s][info][gc       ] [HUGEPAGESTAT 0 0 0 - 20841 0 0 : 612352 0 0 : 199.212864 ]
[199.213s][info][gc       ] [OBJCREAT 463615945 25896 24504320 : 199.212914 ]
[199.213s][info][gc       ] [HMSV All : 0 0 140 0 0 0 0 0 : 5062 0 0 0 : 199.212931 ]
[199.213s][info][gc       ] [HMSP 9 : 41100 0 : 199.212931 ]
[199.214s][info][gc       ] [VMAC 65530 166 24 430 620 : 199.213522 ]
[199.436s][info][gc       ] [GPGC-H  2963.2 745.8 0.0 0.0 : 2.9 : 0.498 1.034 : 0.847 1.805 0.864 1.882 : 3.324 1.134 1.030 2.196 1.953 0.445 : 0.000 : 99.035 : 792 1806 32 0 : 2267 : 4608 4424 : 199.435782 : 9 Next_heuristic_check_may_be_too_late ]
[199.439s][info][safepoint] Application time: 0.2263868 seconds
[199.439s][info][safepoint] Total time for which application threads were stopped: 0.0002289 seconds, Stopping threads took: 0.0000005 seconds
[199.440s][info][gc       ] [SPS 0.000 0.003 0.003 0.007 0.000 0.001 0.000 0.189 0.031 0.229 NewGC_pause1 199.438702 ]
[199.485s][info][safepoint] Application time: 0.0457510 seconds
[199.485s][info][safepoint] Total time for which application threads were stopped: 0.0002334 seconds, Stopping threads took: 0.0000005 seconds
[199.486s][info][gc       ] [SPS 0.000 0.001 0.000 0.007 0.000 0.001 0.000 0.181 0.044 0.233 NewGC_pause2 199.484686 ]
[199.488s][info][safepoint] Application time: 0.0027969 seconds
[199.488s][info][safepoint] Total time for which application threads were stopped: 0.0001707 seconds, Stopping threads took: 0.0000005 seconds
[199.488s][info][gc       ] [SPS 0.000 0.000 0.000 0.007 0.000 0.001 0.000 0.139 0.024 0.171 NewGC_pause3 199.487654 ]
[199.490s][info][safepoint] Application time: 0.0016152 seconds
[199.490s][info][safepoint] Total time for which application threads were stopped: 0.0003383 seconds, Stopping threads took: 0.0000005 seconds
[199.490s][info][gc       ] [SPS 0.000 0.003 0.002 0.007 0.000 0.001 0.000 0.222 0.108 0.339 NewGC_pause4 199.489608 ]
[199.490s][info][gc       ] [GC New Max 561-530 : 5120 2952 2160 5120 - - 1056 56 2 2 - : 138 1806 32 184 930 : 132 4 797 797 0 : 0 1 66 0 69 - 0 : 0.223657 2933.1 0.0 0.053934 2595.8 0.0 : 8 --c 0000 : 23 0 0.000 0.000 0 0.000 0.000 0 0.000 0.000 : 199.436246 199.438472 0.000190 199.484453 0.000149 199.487483 0.000106 199.489269 0.000121 : 199.490179 ]
[199.490s][info][gc       ] [SYSINFO 7583 191 89 0 7049 0 20 0 0 5745 : - - - - - - - - : 0 7168 : 3.64 1.85 1.65 : 278178 4215880 : 0 0 : 42 0 : 1547 2 0 259 : - 7678537728 333475840 1445670912 5939011584 199643136 93806592 : 140688591 5436600 155540 0 0 0 : 199.490437 ]
[199.490s][info][gc       ] [HUGEPAGESTAT 0 0 0 - 20841 0 0 : 612352 0 0 : 199.490437 ]
[199.490s][info][gc       ] [OBJCREAT 464402330 25896 24504320 : 199.490487 ]
[199.491s][info][gc       ] [HMSV All : 0 0 140 0 0 0 0 0 : 5062 0 0 0 : 199.490506 ]
[199.491s][info][gc       ] [HMSP 9 : 41100 0 : 199.490506 ]
[199.491s][info][gc       ] [VMAC 65530 166 24 430 620 : 199.491052 ]
[199.754s][info][gc       ] [GPGC-H  2963.2 745.8 0.0 0.0 : 2.9 : 0.497 1.034 : 0.847 1.805 0.864 1.882 : 3.316 1.134 1.030 2.196 1.953 0.445 : 0.000 : 98.780 : 806 1806 32 0 : 2267 : 4608 4424 : 199.754367 : 9 Next_heuristic_check_may_be_too_late ]
[199.758s][info][safepoint] Application time: 0.2678386 seconds
[199.758s][info][safepoint] Total time for which application threads were stopped: 0.0003953 seconds, Stopping threads took: 0.0000006 seconds
[199.759s][info][gc       ] [SPS 0.000 0.004 0.004 0.008 0.001 0.001 0.000 0.356 0.029 0.395 NewGC_pause1 199.757842 ]
[199.804s][info][safepoint] Application time: 0.0457209 seconds
[199.804s][info][safepoint] Total time for which application threads were stopped: 0.0002397 seconds, Stopping threads took: 0.0000007 seconds
[199.805s][info][gc       ] [SPS 0.000 0.001 0.000 0.023 0.001 0.001 0.000 0.181 0.034 0.240 NewGC_pause2 199.803803 ]
[199.806s][info][safepoint] Application time: 0.0024984 seconds
[199.807s][info][safepoint] Total time for which application threads were stopped: 0.0001815 seconds, Stopping threads took: 0.0000005 seconds
[199.807s][info][gc       ] [SPS 0.000 0.000 0.000 0.007 0.000 0.001 0.000 0.147 0.026 0.182 NewGC_pause3 199.806483 ]
[199.808s][info][safepoint] Application time: 0.0015312 seconds
[199.808s][info][safepoint] Total time for which application threads were stopped: 0.0001458 seconds, Stopping threads took: 0.0000005 seconds
[199.809s][info][gc       ] [SPS 0.000 0.003 0.002 0.007 0.001 0.001 0.000 0.108 0.029 0.146 NewGC_pause4 199.808160 ]
[199.810s][info][gc       ] [GC New Max 562-531 : 5120 2970 2162 5120 - - 1056 56 2 2 - : 140 1806 32 184 948 : 134 4 812 812 0 : 0 1 67 0 70 - 0 : 0.264797 2530.2 0.0 0.054102 2661.6 0.0 : 8 --c 0000 : 23 0 0.000 0.000 0 0.000 0.000 0 0.000 0.000 : 199.754976 199.757446 0.000304 199.803563 0.000147 199.806301 0.000111 199.808014 0.000068 : 199.809079 ]
[199.810s][info][gc       ] [SYSINFO 7583 191 89 0 7049 0 20 0 0 5745 : - - - - - - - - : 0 7168 : 3.75 1.91 1.66 : 278178 4215880 : 0 0 : 42 0 : 1547 3 0 259 : - 7678537728 333475840 1445670912 5939011584 199643136 93806592 : 140688591 5437200 155550 0 0 0 : 199.809742 ]
[199.810s][info][gc       ] [HUGEPAGESTAT 0 0 0 - 20841 0 0 : 612352 0 0 : 199.809742 ]
[199.810s][info][gc       ] [OBJCREAT 465209750 25896 24504320 : 199.809793 ]
[199.810s][info][gc       ] [HMSV All : 0 0 140 0 0 0 0 0 : 5062 0 0 0 : 199.809822 ]
[199.810s][info][gc       ] [HMSP 9 : 41100 0 : 199.809822 ]
[199.810s][info][gc       ] [VMAC 65530 166 24 430 620 : 199.810383 ]
[200.033s][info][gc       ] [GPGC-H  2963.2 745.8 0.0 0.0 : 2.9 : 0.495 1.034 : 0.847 1.805 0.864 1.882 : 3.305 1.134 1.030 2.196 1.953 0.445 : 0.000 : 98.479 : 798 1806 32 0 : 2267 : 4608 4424 : 200.032568 : 9 Next_heuristic_check_may_be_too_late ]
[200.036s][info][safepoint] Application time: 0.2271659 seconds
[200.036s][info][safepoint] Total time for which application threads were stopped: 0.0003692 seconds, Stopping threads took: 0.0000005 seconds
[200.037s][info][gc       ] [SPS 0.000 0.003 0.002 0.008 0.001 0.001 0.000 0.333 0.027 0.370 NewGC_pause1 200.035696 ]
[200.082s][info][safepoint] Application time: 0.0458123 seconds
[200.082s][info][safepoint] Total time for which application threads were stopped: 0.0001753 seconds, Stopping threads took: 0.0000005 seconds
[200.083s][info][gc       ] [SPS 0.000 0.001 0.000 0.007 0.000 0.001 0.000 0.143 0.024 0.175 NewGC_pause2 200.081683 ]
[200.085s][info][safepoint] Application time: 0.0027301 seconds
[200.085s][info][safepoint] Total time for which application threads were stopped: 0.0002076 seconds, Stopping threads took: 0.0000006 seconds
[200.085s][info][gc       ] [SPS 0.000 0.000 0.000 0.009 0.001 0.001 0.000 0.166 0.031 0.208 NewGC_pause3 200.084621 ]
[200.087s][info][safepoint] Application time: 0.0018435 seconds
[200.087s][info][safepoint] Total time for which application threads were stopped: 0.0001985 seconds, Stopping threads took: 0.0000006 seconds
[200.087s][info][gc       ] [SPS 0.000 0.003 0.002 0.009 0.001 0.001 0.000 0.154 0.034 0.199 NewGC_pause4 200.086663 ]
[200.088s][info][gc       ] [GC New Max 563-532 : 5120 2936 2136 5120 - - 1056 56 2 2 - : 114 1806 32 184 914 : 108 4 804 804 0 : 0 1 54 0 57 - 0 : 0.224087 2945.3 0.0 0.054078 2182.1 0.0 : 8 --c 0000 : 23 0 0.000 0.000 0 0.000 0.000 0 0.000 0.000 : 200.033166 200.035326 0.000295 200.081508 0.000111 200.084413 0.000126 200.086464 0.000087 : 200.087243 ]
[200.088s][info][gc       ] [SYSINFO 7583 191 89 0 7049 0 20 0 0 5745 : - - - - - - - - : 0 7168 : 3.75 1.91 1.66 : 278178 4215880 : 0 0 : 42 0 : 1547 2 0 259 : - 7678537728 333475840 1445670912 5939011584 199643136 93806592 : 140688591 5437830 155550 0 0 0 : 200.087581 ]
[200.088s][info][gc       ] [HUGEPAGESTAT 0 0 0 - 20841 0 0 : 612352 0 0 : 200.087581 ]
[200.088s][info][gc       ] [OBJCREAT 465979506 25896 24504320 : 200.087663 ]
[200.088s][info][gc       ] [HMSV All : 0 0 140 0 0 0 0 0 : 5062 0 0 0 : 200.087683 ]
[200.088s][info][gc       ] [HMSP 9 : 41100 0 : 200.087683 ]
[200.088s][info][gc       ] [VMAC 65530 166 24 430 620 : 200.088464 ]
[200.331s][info][gc       ] [GPGC-H  2954.3 732.6 0.0 0.0 : 2.9 : 0.494 1.034 : 0.847 1.805 0.864 1.882 : 3.296 1.134 1.030 2.196 1.953 0.445 : 0.000 : 98.226 : 746 1806 32 0 : 2267 : 4608 4424 : 200.330554 : 9 Next_heuristic_check_may_be_too_late ]
[200.334s][info][safepoint] Application time: 0.2470385 seconds
[200.335s][info][safepoint] Total time for which application threads were stopped: 0.0003421 seconds, Stopping threads took: 0.0000005 seconds
[200.335s][info][gc       ] [SPS 0.000 0.005 0.004 0.009 0.000 0.001 0.000 0.304 0.028 0.342 NewGC_pause1 200.334044 ]
[200.379s][info][safepoint] Application time: 0.0446735 seconds
[200.380s][info][safepoint] Total time for which application threads were stopped: 0.0001787 seconds, Stopping threads took: 0.0000005 seconds
[200.380s][info][gc       ] [SPS 0.000 0.001 0.000 0.007 0.000 0.001 0.000 0.145 0.026 0.179 NewGC_pause2 200.378897 ]
[200.382s][info][safepoint] Application time: 0.0026647 seconds
[200.382s][info][safepoint] Total time for which application threads were stopped: 0.0001759 seconds, Stopping threads took: 0.0000005 seconds
[200.383s][info][gc       ] [SPS 0.000 0.000 0.000 0.007 0.000 0.001 0.000 0.141 0.026 0.176 NewGC_pause3 200.381737 ]
[200.383s][info][safepoint] Application time: 0.0014546 seconds
[200.384s][info][safepoint] Total time for which application threads were stopped: 0.0001956 seconds, Stopping threads took: 0.0000005 seconds
[200.384s][info][gc       ] [SPS 0.000 0.002 0.002 0.007 0.000 0.001 0.000 0.162 0.025 0.196 NewGC_pause4 200.383387 ]
[200.384s][info][gc       ] [GC New Max 564-533 : 5120 2892 2146 5120 - - 1056 56 2 2 - : 124 1806 32 184 870 : 118 4 751 751 0 : 0 1 59 0 62 - 0 : 0.243776 2600.7 0.0 0.052804 2386.2 0.0 : 8 --c 0000 : 23 0 0.000 0.000 0 0.000 0.000 0 0.000 0.000 : 200.331019 200.333702 0.000266 200.378717 0.000110 200.381561 0.000109 200.383192 0.000111 : 200.383824 ]
[200.384s][info][gc       ] [SYSINFO 7583 191 89 0 7049 0 20 0 0 5745 : - - - - - - - - : 0 7168 : 3.75 1.91 1.66 : 278178 4215880 : 0 0 : 42 0 : 1547 2 0 259 : - 7678537728 333475840 1445670912 5939011584 199643136 93806592 : 140688591 5438450 155550 0 0 0 : 200.384109 ]
[200.384s][info][gc       ] [HUGEPAGESTAT 0 0 0 - 20841 0 0 : 612352 0 0 : 200.384109 ]
[200.384s][info][gc       ] [OBJCREAT 466730104 25896 24504320 : 200.384162 ]
[200.384s][info][gc       ] [HMSV All : 0 0 140 0 0 0 0 0 : 5062 0 0 0 : 200.384183 ]
[200.384s][info][gc       ] [HMSP 9 : 41100 0 : 200.384183 ]
[200.385s][info][gc       ] [VMAC 65530 166 24 430 620 : 200.385189 ]
[200.607s][info][gc       ] [GPGC-H  2954.3 732.6 0.0 0.0 : 2.9 : 0.492 1.034 : 0.847 1.805 0.864 1.882 : 3.285 1.134 1.030 2.196 1.953 0.445 : 0.000 : 97.950 : 752 1806 32 0 : 2267 : 4608 4424 : 200.607348 : 9 Next_heuristic_check_may_be_too_late ]
[200.610s][info][safepoint] Application time: 0.2265619 seconds
[200.611s][info][safepoint] Total time for which application threads were stopped: 0.0003024 seconds, Stopping threads took: 0.0000005 seconds
[200.611s][info][gc       ] [SPS 0.000 0.003 0.004 0.007 0.000 0.001 0.000 0.272 0.021 0.303 NewGC_pause1 200.610252 ]
[200.656s][info][safepoint] Application time: 0.0452983 seconds
[200.656s][info][safepoint] Total time for which application threads were stopped: 0.0001796 seconds, Stopping threads took: 0.0000005 seconds
[200.657s][info][gc       ] [SPS 0.000 0.001 0.000 0.007 0.000 0.001 0.000 0.149 0.023 0.180 NewGC_pause2 200.655730 ]
[200.658s][info][safepoint] Application time: 0.0023359 seconds
[200.659s][info][safepoint] Total time for which application threads were stopped: 0.0001826 seconds, Stopping threads took: 0.0000005 seconds
[200.659s][info][gc       ] [SPS 0.000 0.000 0.000 0.007 0.000 0.001 0.000 0.151 0.023 0.183 NewGC_pause3 200.658248 ]
[200.660s][info][safepoint] Application time: 0.0014375 seconds
[200.660s][info][safepoint] Total time for which application threads were stopped: 0.0002001 seconds, Stopping threads took: 0.0000005 seconds
[200.660s][info][gc       ] [SPS 0.000 0.003 0.002 0.007 0.000 0.001 0.000 0.166 0.025 0.200 NewGC_pause4 200.659886 ]
[200.661s][info][gc       ] [GC New Max 565-534 : 5120 2900 2148 5120 - - 1056 56 2 2 - : 126 1806 32 184 878 : 120 4 756 756 0 : 0 1 60 0 63 - 0 : 0.223928 2804.5 0.0 0.052777 2463.2 0.0 : 8 --c 0000 : 23 0 0.000 0.000 0 0.000 0.000 0 0.000 0.000 : 200.607752 200.609949 0.000271 200.655550 0.000112 200.658066 0.000109 200.659686 0.000117 : 200.660529 ]
[200.661s][info][gc       ] [SYSINFO 7583 191 89 0 7049 0 20 0 0 5745 : - - - - - - - - : 0 7168 : 3.75 1.91 1.66 : 278178 4215880 : 0 0 : 42 0 : 1547 2 0 259 : - 7678537728 333475840 1445670912 5939011584 199643136 93806592 : 140688591 5439010 155570 0 0 0 : 200.660798 ]
[200.661s][info][gc       ] [HUGEPAGESTAT 0 0 0 - 20841 0 0 : 612352 0 0 : 200.660798 ]
[200.661s][info][gc       ] [OBJCREAT 467479656 25896 24504320 : 200.660846 ]
[200.661s][info][gc       ] [HMSV All : 0 0 140 0 0 0 0 0 : 5062 0 0 0 : 200.660866 ]
[200.661s][info][gc       ] [HMSP 9 : 41100 0 : 200.660866 ]
[200.661s][info][gc       ] [VMAC 65530 166 24 430 620 : 200.661420 ]
[200.884s][info][gc       ] [GPGC-H  2954.3 732.6 0.0 0.0 : 2.9 : 0.491 1.034 : 0.847 1.805 0.864 1.882 : 3.276 1.134 1.030 2.196 1.953 0.445 : 0.000 : 97.699 : 772 1806 34 0 : 2267 : 4608 4424 : 200.883737 : 9 Next_heuristic_check_may_be_too_late ]
[200.887s][info][safepoint] Application time: 0.2265233 seconds
[200.887s][info][safepoint] Total time for which application threads were stopped: 0.0002140 seconds, Stopping threads took: 0.0000005 seconds
[200.888s][info][gc       ] [SPS 0.000 0.003 0.002 0.007 0.000 0.001 0.000 0.179 0.026 0.214 NewGC_pause1 200.886624 ]
[200.931s][info][safepoint] Application time: 0.0443903 seconds
[200.932s][info][safepoint] Total time for which application threads were stopped: 0.0002521 seconds, Stopping threads took: 0.0000007 seconds
[200.932s][info][gc       ] [SPS 0.000 0.001 0.000 0.011 0.001 0.001 0.001 0.203 0.035 0.252 NewGC_pause2 200.931267 ]
[200.934s][info][safepoint] Application time: 0.0028664 seconds
[200.935s][info][safepoint] Total time for which application threads were stopped: 0.0002084 seconds, Stopping threads took: 0.0000006 seconds
[200.935s][info][gc       ] [SPS 0.000 0.000 0.000 0.008 0.001 0.001 0.000 0.157 0.041 0.209 NewGC_pause3 200.934341 ]
[200.937s][info][safepoint] Application time: 0.0021549 seconds
[200.937s][info][safepoint] Total time for which application threads were stopped: 0.0002705 seconds, Stopping threads took: 0.0000006 seconds
[200.938s][info][gc       ] [SPS 0.000 0.003 0.002 0.009 0.001 0.001 0.000 0.214 0.046 0.271 NewGC_pause4 200.936767 ]
[200.938s][info][gc       ] [GC New Max 566-535 : 5120 2882 2110 5120 - - 1056 56 2 2 - : 86 1806 34 184 858 : 82 4 777 777 0 : 0 1 41 0 43 - 0 : 0.223719 2896.5 8.9 0.053479 1645.5 0.0 : 8 --c 0000 : 23 0 0.000 0.000 0 0.000 0.000 0 0.000 0.000 : 200.884248 200.886410 0.000107 200.931014 0.000142 200.934133 0.000124 200.936496 0.000146 : 200.937728 ]
[200.938s][info][gc       ] [SYSINFO 7583 191 89 0 7049 0 20 0 0 5745 : - - - - - - - - : 0 7168 : 3.75 1.91 1.66 : 278178 4215880 : 0 0 : 42 0 : 1547 2 0 259 : - 7678537728 333475840 1445670912 5939011584 199643136 93806592 : 140688591 5439620 155590 0 0 0 : 200.938138 ]
[200.938s][info][gc       ] [HUGEPAGESTAT 0 0 0 - 20841 0 0 : 612352 0 0 : 200.938138 ]
[200.938s][info][gc       ] [OBJCREAT 468210871 25896 24504320 : 200.938215 ]
[200.938s][info][gc       ] [HMSV All : 0 0 140 0 0 0 0 0 : 5062 0 0 0 : 200.938257 ]
[200.938s][info][gc       ] [HMSP 9 : 41100 0 : 200.938257 ]
[200.939s][info][gc       ] [VMAC 65530 166 24 430 620 : 200.939393 ]
[201.201s][info][gc       ] [GPGC-H  2954.3 732.6 0.0 0.0 : 2.9 : 0.490 1.034 : 0.847 1.805 0.864 1.882 : 3.266 1.134 1.030 2.196 1.953 0.445 : 0.000 : 97.448 : 748 1806 34 0 : 2267 : 4608 4424 : 201.201258 : 9 Next_heuristic_check_may_be_too_late ]
[201.205s][info][safepoint] Application time: 0.2679614 seconds
[201.206s][info][safepoint] Total time for which application threads were stopped: 0.0003540 seconds, Stopping threads took: 0.0000005 seconds
[201.206s][info][gc       ] [SPS 0.000 0.004 0.006 0.008 0.001 0.001 0.001 0.316 0.028 0.354 NewGC_pause1 201.205083 ]
[201.250s][info][safepoint] Application time: 0.0445410 seconds
[201.251s][info][safepoint] Total time for which application threads were stopped: 0.0002038 seconds, Stopping threads took: 0.0000005 seconds
[201.251s][info][gc       ] [SPSH lock suspend gclocker notify wait resuspend cleanup op_time wakeup total(ms) op_name end(s) ]
[201.251s][info][gc       ] [SPS 0.000 0.001 0.000 0.007 0.000 0.001 0.000 0.170 0.025 0.204 NewGC_pause2 201.249828 ]
[201.253s][info][safepoint] Application time: 0.0027719 seconds
[201.253s][info][safepoint] Total time for which application threads were stopped: 0.0002159 seconds, Stopping threads took: 0.0000005 seconds
[201.253s][info][gc       ] [SPS 0.000 0.000 0.000 0.007 0.000 0.001 0.000 0.166 0.041 0.216 NewGC_pause3 201.252816 ]
[201.254s][info][safepoint] Application time: 0.0013356 seconds
[201.255s][info][safepoint] Total time for which application threads were stopped: 0.0001809 seconds, Stopping threads took: 0.0000005 seconds
[201.255s][info][gc       ] [SPS 0.000 0.002 0.002 0.007 0.000 0.001 0.000 0.149 0.024 0.181 NewGC_pause4 201.254332 ]
[201.255s][info][gc       ] [GC New Max 567-536 : 5120 2882 2132 5120 - - 1056 56 2 2 - : 108 1806 34 184 858 : 102 4 754 754 0 : 0 1 51 0 54 - 0 : 0.264186 2513.4 0.0 0.053089 2109.7 0.0 : 8 --c 0000 : 23 0 0.000 0.000 0 0.000 0.000 0 0.000 0.000 : 201.201914 201.204729 0.000278 201.249624 0.000139 201.252600 0.000117 201.254151 0.000108 : 201.255003 ]
[201.255s][info][gc       ] [SYSINFO 7583 191 89 0 7049 0 20 0 0 5745 : - - - - - - - - : 0 7168 : 3.75 1.91 1.66 : 278178 4215880 : 0 0 : 42 0 : 1547 2 0 259 : - 7678537728 333475840 1445670912 5939011584 199643136 93806592 : 140688591 5440320 155600 0 0 0 : 201.255300 ]
[201.255s][info][gc       ] [HUGEPAGESTAT 0 0 0 - 20841 0 0 : 612352 0 0 : 201.255300 ]
[201.255s][info][gc       ] [OBJCREAT 468976210 25896 24504320 : 201.255393 ]
[201.255s][info][gc       ] [HMSV All : 0 0 140 0 0 0 0 0 : 5062 0 0 0 : 201.255426 ]
[201.255s][info][gc       ] [HMSP 9 : 41100 0 : 201.255426 ]
[201.256s][info][gc       ] [VMAC 65530 166 24 430 620 : 201.255933 ]
[201.498s][info][gc       ] [GPGC-H  2954.3 732.6 0.0 0.0 : 2.9 : 0.488 1.034 : 0.847 1.805 0.864 1.882 : 3.255 1.134 1.030 2.196 1.953 0.445 : 0.000 : 97.153 : 762 1806 34 0 : 2267 : 4608 4424 : 201.498412 : 9 Next_heuristic_check_may_be_too_late ]
[201.501s][info][safepoint] Application time: 0.2467810 seconds
[201.502s][info][safepoint] Total time for which application threads were stopped: 0.0002861 seconds, Stopping threads took: 0.0000005 seconds
[201.503s][info][gc       ] [SPS 0.000 0.014 0.016 0.007 0.000 0.001 0.000 0.241 0.036 0.286 NewGC_pause1 201.501399 ]
[201.546s][info][safepoint] Application time: 0.0440593 seconds
[201.546s][info][safepoint] Total time for which application threads were stopped: 0.0001420 seconds, Stopping threads took: 0.0000005 seconds
[201.547s][info][gc       ] [SPS 0.000 0.001 0.000 0.008 0.001 0.001 0.000 0.108 0.024 0.142 NewGC_pause2 201.545601 ]
[201.549s][info][safepoint] Application time: 0.0027545 seconds
[201.549s][info][safepoint] Total time for which application threads were stopped: 0.0001803 seconds, Stopping threads took: 0.0000004 seconds
[201.549s][info][gc       ] [SPS 0.000 0.000 0.000 0.007 0.000 0.001 0.000 0.147 0.025 0.180 NewGC_pause3 201.548536 ]
[201.551s][info][safepoint] Application time: 0.0020716 seconds
[201.551s][info][safepoint] Total time for which application threads were stopped: 0.0001812 seconds, Stopping threads took: 0.0000005 seconds
[201.552s][info][gc       ] [SPS 0.000 0.003 0.002 0.007 0.001 0.001 0.000 0.147 0.025 0.181 NewGC_pause4 201.550789 ]
[201.552s][info][gc       ] [GC New Max 568-537 : 5120 2920 2158 5120 - - 1056 56 2 2 - : 134 1806 34 184 896 : 128 4 767 767 0 : 0 1 64 0 67 - 0 : 0.243861 2690.1 0.0 0.052770 2577.2 0.0 : 8 --c 0000 : 23 0 0.000 0.000 0 0.000 0.000 0 0.000 0.000 : 201.498864 201.501113 0.000135 201.545459 0.000111 201.548355 0.000110 201.550607 0.000107 : 201.551633 ]
[201.552s][info][gc       ] [SYSINFO 7583 191 89 0 7049 0 20 0 0 5745 : - - - - - - - - : 0 7168 : 3.75 1.91 1.66 : 278178 4215880 : 0 0 : 42 0 : 1547 2 0 259 : - 7678537728 333475840 1445670912 5939011584 199643136 93806592 : 140688591 5440920 155650 0 0 0 : 201.551898 ]
[201.552s][info][gc       ] [HUGEPAGESTAT 0 0 0 - 20841 0 0 : 612352 0 0 : 201.551898 ]
[201.552s][info][gc       ] [OBJCREAT 469762618 25896 24504320 : 201.551971 ]
[201.552s][info][gc       ] [HMSV All : 0 0 140 0 0 0 0 0 : 5062 0 0 0 : 201.551987 ]
[201.552s][info][gc       ] [HMSP 9 : 41100 0 : 201.551987 ]
[201.553s][info][gc       ] [VMAC 65530 166 24 430 620 : 201.552631 ]
[201.795s][info][gc       ] [GPGC-H  2954.3 732.6 0.0 0.0 : 2.9 : 0.487 1.034 : 0.847 1.805 0.864 1.882 : 3.245 1.134 1.030 2.196 1.953 0.445 : 0.000 : 96.881 : 778 1806 34 0 : 2267 : 4608 4424 : 201.794921 : 9 Next_heuristic_check_may_be_too_late ]
[201.798s][info][safepoint] Application time: 0.2473485 seconds
[201.799s][info][safepoint] Total time for which application threads were stopped: 0.0003251 seconds, Stopping threads took: 0.0000008 seconds
[201.800s][info][gc       ] [SPS 0.001 0.004 0.005 0.012 0.001 0.001 0.001 0.260 0.050 0.325 NewGC_pause1 201.798463 ]
[201.842s][info][safepoint] Application time: 0.0437971 seconds
[201.843s][info][safepoint] Total time for which application threads were stopped: 0.0001897 seconds, Stopping threads took: 0.0000005 seconds
[201.844s][info][gc       ] [SPS 0.002 0.001 0.000 0.008 0.000 0.001 0.000 0.157 0.023 0.190 NewGC_pause2 201.842450 ]
[201.845s][info][safepoint] Application time: 0.0028369 seconds
[201.846s][info][safepoint] Total time for which application threads were stopped: 0.0001350 seconds, Stopping threads took: 0.0000005 seconds
[201.846s][info][gc       ] [SPS 0.000 0.000 0.000 0.007 0.000 0.001 0.000 0.100 0.027 0.135 NewGC_pause3 201.845422 ]
[201.847s][info][safepoint] Application time: 0.0014745 seconds
[201.848s][info][safepoint] Total time for which application threads were stopped: 0.0001749 seconds, Stopping threads took: 0.0000005 seconds
[201.848s][info][gc       ] [SPS 0.000 0.002 0.002 0.007 0.000 0.001 0.000 0.142 0.025 0.175 NewGC_pause4 201.847071 ]
[201.848s][info][gc       ] [GC New Max 569-538 : 5120 2918 2138 5120 - - 1056 56 2 2 - : 114 1806 34 184 894 : 110 4 782 782 0 : 0 1 55 0 57 - 0 : 0.243844 2641.0 0.0 0.052114 2264.3 0.0 : 8 --c 0000 : 23 0 0.000 0.000 0 0.000 0.000 0 0.000 0.000 : 201.795477 201.798137 0.000195 201.842260 0.000089 201.845286 0.000102 201.846896 0.000110 : 201.847591 ]
[201.848s][info][gc       ] [SYSINFO 7583 191 89 0 7049 0 20 0 0 5745 : - - - - - - - - : 0 7168 : 3.75 1.91 1.66 : 278178 4215880 : 0 0 : 42 0 : 1547 2 0 259 : - 7678537728 333475840 1445670912 5939011584 199643136 93806592 : 140688591 5441500 155680 0 0 0 : 201.847852 ]
[201.848s][info][gc       ] [HUGEPAGESTAT 0 0 0 - 20841 0 0 : 612352 0 0 : 201.847852 ]
[201.848s][info][gc       ] [OBJCREAT 470516050 25896 24504320 : 201.847900 ]
[201.848s][info][gc       ] [HMSV All : 0 0 140 0 0 0 0 0 : 5062 0 0 0 : 201.847934 ]
[201.848s][info][gc       ] [HMSP 9 : 41100 0 : 201.847934 ]
[201.849s][info][gc       ] [VMAC 65530 166 24 430 620 : 201.848593 ]
[202.092s][info][gc       ] [GPGC-H  2944.4 715.9 0.0 0.0 : 2.8 : 0.485 1.034 : 0.847 1.805 0.864 1.882 : 3.235 1.134 1.030 2.196 1.953 0.445 : 0.000 : 96.611 : 762 1806 34 0 : 2267 : 4608 4424 : 202.091932 : 9 Next_heuristic_check_may_be_too_late ]
[202.095s][info][safepoint] Application time: 0.2477689 seconds
[202.096s][info][safepoint] Total time for which application threads were stopped: 0.0003780 seconds, Stopping threads took: 0.0000005 seconds
[202.096s][info][gc       ] [SPS 0.000 0.003 0.002 0.030 0.001 0.001 0.000 0.320 0.026 0.378 NewGC_pause1 202.095218 ]
[202.141s][info][safepoint] Application time: 0.0454044 seconds
[202.141s][info][safepoint] Total time for which application threads were stopped: 0.0001812 seconds, Stopping threads took: 0.0000005 seconds
[202.142s][info][gc       ] [SPS 0.000 0.001 0.000 0.007 0.000 0.001 0.000 0.148 0.025 0.182 NewGC_pause2 202.140804 ]
[202.143s][info][safepoint] Application time: 0.0021753 seconds
[202.143s][info][safepoint] Total time for which application threads were stopped: 0.0001245 seconds, Stopping threads took: 0.0000006 seconds
[202.144s][info][gc       ] [SPS 0.000 0.001 0.000 0.010 0.001 0.001 0.000 0.080 0.033 0.125 NewGC_pause3 202.143104 ]
[202.145s][info][safepoint] Application time: 0.0014497 seconds
[202.145s][info][safepoint] Total time for which application threads were stopped: 0.0001428 seconds, Stopping threads took: 0.0000007 seconds
[202.145s][info][gc       ] [SPS 0.000 0.003 0.002 0.008 0.001 0.001 0.000 0.117 0.016 0.143 NewGC_pause4 202.144696 ]
[202.146s][info][gc       ] [GC New Max 570-539 : 5120 2924 2160 5120 - - 1056 56 2 2 - : 136 1806 34 184 900 : 132 4 768 768 0 : 0 1 66 0 68 - 0 : 0.245029 2652.8 0.0 0.052627 2660.2 0.0 : 8 --c 0000 : 23 0 0.000 0.000 0 0.000 0.000 0 0.000 0.000 : 202.092619 202.094840 0.000310 202.140623 0.000077 202.142979 0.000061 202.144553 0.000124 : 202.145246 ]
[202.146s][info][gc       ] [SYSINFO 7583 191 89 0 7049 0 20 0 0 5745 : - - - - - - - - : 0 7168 : 3.75 1.91 1.66 : 278178 4215880 : 0 0 : 42 0 : 1547 2 0 259 : - 7678537728 333475840 1445670912 5939011584 199643136 93806592 : 140688591 5442120 155680 0 0 0 : 202.145490 ]
[202.146s][info][gc       ] [HUGEPAGESTAT 0 0 0 - 20841 0 0 : 612352 0 0 : 202.145490 ]
[202.146s][info][gc       ] [OBJCREAT 471297596 25896 24504320 : 202.145550 ]
[202.146s][info][gc       ] [HMSV All : 0 0 140 0 0 0 0 0 : 5062 0 0 0 : 202.145568 ]
[202.146s][info][gc       ] [HMSP 9 : 41100 0 : 202.145568 ]
[202.146s][info][gc       ] [VMAC 65530 166 24 430 620 : 202.146114 ]
[202.369s][info][gc       ] [GPGC-H  2944.4 715.9 0.0 0.0 : 2.8 : 0.484 1.034 : 0.847 1.805 0.864 1.882 : 3.225 1.134 1.030 2.196 1.953 0.445 : 0.000 : 96.340 : 762 1806 34 0 : 2267 : 4608 4424 : 202.368618 : 9 Next_heuristic_check_may_be_too_late ]
[202.372s][info][safepoint] Application time: 0.2268102 seconds
[202.372s][info][safepoint] Total time for which application threads were stopped: 0.0004058 seconds, Stopping threads took: 0.0000005 seconds
[202.373s][info][gc       ] [SPS 0.000 0.004 0.005 0.008 0.001 0.001 0.001 0.365 0.030 0.406 NewGC_pause1 202.371913 ]
[202.416s][info][safepoint] Application time: 0.0442518 seconds
[202.417s][info][safepoint] Total time for which application threads were stopped: 0.0001090 seconds, Stopping threads took: 0.0000005 seconds
[202.417s][info][gc       ] [SPS 0.000 0.001 0.000 0.007 0.000 0.001 0.001 0.079 0.020 0.109 NewGC_pause2 202.416274 ]
[202.419s][info][safepoint] Application time: 0.0021495 seconds
[202.419s][info][safepoint] Total time for which application threads were stopped: 0.0001019 seconds, Stopping threads took: 0.0000005 seconds
[202.419s][info][gc       ] [SPS 0.000 0.000 0.000 0.007 0.000 0.001 0.000 0.073 0.020 0.102 NewGC_pause3 202.418525 ]
[202.420s][info][safepoint] Application time: 0.0014613 seconds
[202.420s][info][safepoint] Total time for which application threads were stopped: 0.0001847 seconds, Stopping threads took: 0.0000005 seconds
[202.421s][info][gc       ] [SPS 0.000 0.002 0.002 0.007 0.000 0.001 0.000 0.151 0.025 0.185 NewGC_pause4 202.420171 ]
[202.421s][info][gc       ] [GC New Max 571-540 : 5120 2920 2154 5120 - - 1056 56 2 2 - : 130 1806 34 184 896 : 126 4 768 768 0 : 0 1 63 0 65 - 0 : 0.223981 2803.8 0.0 0.051328 2610.7 0.0 : 8 --c 0000 : 23 0 0.000 0.000 0 0.000 0.000 0 0.000 0.000 : 202.369227 202.371507 0.000317 202.416165 0.000076 202.418423 0.000068 202.419987 0.000091 : 202.420555 ]
[202.421s][info][gc       ] [SYSINFO 7583 191 89 0 7049 0 20 0 0 5745 : - - - - - - - - : 0 7168 : 3.75 1.91 1.66 : 278178 4215880 : 0 0 : 42 0 : 1547 2 0 259 : - 7678537728 333475840 1445670912 5939011584 199643136 93806592 : 140688591 5442720 155720 0 0 0 : 202.420791 ]
[202.421s][info][gc       ] [HUGEPAGESTAT 0 0 0 - 20841 0 0 : 612352 0 0 : 202.420791 ]
[202.421s][info][gc       ] [OBJCREAT 472048869 25896 24504320 : 202.420859 ]
[202.421s][info][gc       ] [HMSV All : 0 0 140 0 0 0 0 0 : 5062 0 0 0 : 202.420885 ]
[202.421s][info][gc       ] [HMSP 9 : 41100 0 : 202.420885 ]
[202.421s][info][gc       ] [VMAC 65530 166 24 430 620 : 202.421382 ]
[202.664s][info][gc       ] [GPGC-H  2944.4 715.9 0.0 0.0 : 2.8 : 0.482 1.034 : 0.847 1.805 0.864 1.882 : 3.215 1.134 1.030 2.196 1.953 0.445 : 0.000 : 96.093 : 776 1806 34 0 : 2267 : 4608 4424 : 202.664236 : 9 Next_heuristic_check_may_be_too_late ]
[202.667s][info][safepoint] Application time: 0.2468286 seconds
[202.668s][info][safepoint] Total time for which application threads were stopped: 0.0003753 seconds, Stopping threads took: 0.0000005 seconds
[202.668s][info][gc       ] [SPS 0.000 0.003 0.003 0.007 0.001 0.001 0.000 0.339 0.027 0.375 NewGC_pause1 202.667375 ]
[202.713s][info][safepoint] Application time: 0.0456234 seconds
[202.714s][info][safepoint] Total time for which application threads were stopped: 0.0002099 seconds, Stopping threads took: 0.0000005 seconds
[202.715s][info][gc       ] [SPS 0.000 0.001 0.000 0.010 0.001 0.001 0.001 0.173 0.025 0.210 NewGC_pause2 202.713209 ]
[202.716s][info][safepoint] Application time: 0.0027847 seconds
[202.717s][info][safepoint] Total time for which application threads were stopped: 0.0002034 seconds, Stopping threads took: 0.0000005 seconds
[202.717s][info][gc       ] [SPS 0.000 0.000 0.000 0.008 0.001 0.001 0.000 0.151 0.043 0.204 NewGC_pause3 202.716197 ]
[202.718s][info][safepoint] Application time: 0.0015423 seconds
[202.718s][info][safepoint] Total time for which application threads were stopped: 0.0002345 seconds, Stopping threads took: 0.0000005 seconds
[202.719s][info][gc       ] [SPS 0.000 0.003 0.002 0.007 0.000 0.001 0.000 0.198 0.028 0.235 NewGC_pause4 202.717974 ]
[202.719s][info][gc       ] [GC New Max 572-541 : 5120 2922 2144 5120 - - 1056 56 2 2 - : 120 1806 34 184 898 : 114 4 782 782 0 : 0 1 57 0 60 - 0 : 0.244220 2653.3 0.0 0.053731 2307.8 0.0 : 8 --c 0000 : 23 0 0.000 0.000 0 0.000 0.000 0 0.000 0.000 : 202.664775 202.667000 0.000290 202.712999 0.000121 202.715994 0.000105 202.717739 0.000135 : 202.718506 ]
[202.719s][info][gc       ] [SYSINFO 7583 191 89 0 7049 0 20 0 0 5745 : - - - - - - - - : 0 7168 : 3.75 1.91 1.66 : 278178 4215880 : 0 0 : 42 0 : 1547 3 0 259 : - 7678537728 333475840 1445670912 5939011584 199643136 93806592 : 140688591 5443280 155730 0 0 0 : 202.718774 ]
[202.719s][info][gc       ] [HUGEPAGESTAT 0 0 0 - 20841 0 0 : 612352 0 0 : 202.718774 ]
[202.719s][info][gc       ] [OBJCREAT 472814198 25896 24504320 : 202.718826 ]
[202.719s][info][gc       ] [HMSV All : 0 0 140 0 0 0 0 0 : 5062 0 0 0 : 202.718844 ]
[202.719s][info][gc       ] [HMSP 9 : 41100 0 : 202.718844 ]
[202.719s][info][gc       ] [VMAC 65530 166 24 430 620 : 202.719425 ]
[202.982s][info][gc       ] [GPGC-H  2944.4 715.9 0.0 0.0 : 2.8 : 0.481 1.034 : 0.847 1.805 0.864 1.882 : 3.205 1.134 1.030 2.196 1.953 0.445 : 0.000 : 95.825 : 784 1806 34 0 : 2267 : 4608 4424 : 202.981980 : 9 Next_heuristic_check_may_be_too_late ]
[202.985s][info][safepoint] Application time: 0.2668197 seconds
[202.986s][info][safepoint] Total time for which application threads were stopped: 0.0002721 seconds, Stopping threads took: 0.0000006 seconds
[202.986s][info][gc       ] [SPS 0.000 0.003 0.004 0.010 0.001 0.001 0.000 0.232 0.028 0.272 NewGC_pause1 202.985066 ]
[203.030s][info][safepoint] Application time: 0.0445806 seconds
[203.031s][info][safepoint] Total time for which application threads were stopped: 0.0002211 seconds, Stopping threads took: 0.0000005 seconds
[203.031s][info][gc       ] [SPS 0.000 0.001 0.000 0.007 0.001 0.001 0.000 0.188 0.024 0.221 NewGC_pause2 203.029868 ]
[203.033s][info][safepoint] Application time: 0.0026016 seconds
[203.033s][info][safepoint] Total time for which application threads were stopped: 0.0002025 seconds, Stopping threads took: 0.0000005 seconds
[203.033s][info][gc       ] [SPS 0.000 0.000 0.000 0.007 0.000 0.001 0.000 0.169 0.025 0.203 NewGC_pause3 203.032672 ]
[203.034s][info][safepoint] Application time: 0.0016332 seconds
[203.035s][info][safepoint] Total time for which application threads were stopped: 0.0001828 seconds, Stopping threads took: 0.0000006 seconds
[203.035s][info][gc       ] [SPS 0.000 0.003 0.016 0.008 0.001 0.001 0.000 0.149 0.023 0.183 NewGC_pause4 203.034489 ]
[203.035s][info][gc       ] [GC New Max 573-542 : 5120 2942 2158 5120 - - 1056 56 2 2 - : 134 1806 34 184 918 : 128 4 788 788 0 : 0 1 64 0 67 - 0 : 0.264130 2521.5 0.0 0.052411 2594.9 0.0 : 8 --c 0000 : 23 0 0.000 0.000 0 0.000 0.000 0 0.000 0.000 : 202.982636 202.984794 0.000228 203.029647 0.000134 203.032470 0.000120 203.034306 0.000109 : 203.035047 ]
[203.035s][info][gc       ] [SYSINFO 7583 191 89 0 7049 0 20 0 0 5745 : - - - - - - - - : 0 7168 : 3.75 1.91 1.66 : 278178 4215880 : 0 0 : 42 0 : 1547 2 0 259 : - 7678537728 333475840 1445670912 5939011584 199643136 93806592 : 140688591 5443930 155750 0 0 0 : 203.035348 ]
[203.035s][info][gc       ] [HUGEPAGESTAT 0 0 0 - 20841 0 0 : 612352 0 0 : 203.035348 ]
[203.035s][info][gc       ] [OBJCREAT 473605410 25896 24504320 : 203.035402 ]
[203.035s][info][gc       ] [HMSV All : 0 0 140 0 0 0 0 0 : 5062 0 0 0 : 203.035418 ]
[203.035s][info][gc       ] [HMSP 9 : 41100 0 : 203.035418 ]
[203.036s][info][gc       ] [VMAC 65530 166 24 430 620 : 203.035947 ]
[203.258s][info][gc       ] [GPGC-H  2944.4 715.9 0.0 0.0 : 2.8 : 0.479 1.034 : 0.847 1.805 0.864 1.882 : 3.194 1.134 1.030 2.196 1.953 0.445 : 0.000 : 95.535 : 756 1806 34 0 : 2267 : 4608 4424 : 203.258206 : 9 Next_heuristic_check_may_be_too_late ]
[203.261s][info][safepoint] Application time: 0.2265477 seconds
[203.262s][info][safepoint] Total time for which application threads were stopped: 0.0003823 seconds, Stopping threads took: 0.0000007 seconds
[203.262s][info][gc       ] [SPS 0.000 0.004 0.004 0.010 0.001 0.001 0.000 0.333 0.036 0.383 NewGC_pause1 203.261419 ]
[203.305s][info][safepoint] Application time: 0.0437930 seconds
[203.306s][info][safepoint] Total time for which application threads were stopped: 0.0001210 seconds, Stopping threads took: 0.0000006 seconds
[203.306s][info][gc       ] [SPS 0.000 0.001 0.000 0.034 0.001 0.001 0.000 0.058 0.027 0.121 NewGC_pause2 203.305333 ]
[203.307s][info][safepoint] Application time: 0.0019587 seconds
[203.308s][info][safepoint] Total time for which application threads were stopped: 0.0001320 seconds, Stopping threads took: 0.0000005 seconds
[203.308s][info][gc       ] [SPS 0.000 0.001 0.000 0.008 0.000 0.001 0.000 0.108 0.015 0.132 NewGC_pause3 203.307424 ]
[203.309s][info][safepoint] Application time: 0.0011905 seconds
[203.309s][info][safepoint] Total time for which application threads were stopped: 0.0001043 seconds, Stopping threads took: 0.0000005 seconds
[203.309s][info][gc       ] [SPS 0.000 0.003 0.002 0.007 0.001 0.001 0.000 0.078 0.017 0.104 NewGC_pause4 203.308718 ]
[203.309s][info][gc       ] [GC New Max 574-543 : 5120 2906 2150 5120 - - 1056 56 2 2 - : 126 1806 34 184 882 : 122 4 759 759 0 : 0 1 61 0 63 - 0 : 0.223682 2789.7 0.0 0.050482 2495.9 0.0 : 8 --c 0000 : 23 0 0.000 0.000 0 0.000 0.000 0 0.000 0.000 : 203.258730 203.261036 0.000284 203.305212 0.000088 203.307292 0.000112 203.308614 0.000081 : 203.309212 ]
[203.310s][info][gc       ] [SYSINFO 7583 191 89 0 7049 0 20 0 0 5745 : - - - - - - - - : 0 7168 : 3.75 1.91 1.66 : 278178 4215880 : 0 0 : 42 0 : 1547 2 0 259 : - 7678537728 333475840 1445670912 5939011584 199643136 93806592 : 140688591 5444510 155770 0 0 0 : 203.309459 ]
[203.310s][info][gc       ] [HUGEPAGESTAT 0 0 0 - 20841 0 0 : 612352 0 0 : 203.309459 ]
[203.310s][info][gc       ] [OBJCREAT 474350423 25896 24504320 : 203.309521 ]
[203.310s][info][gc       ] [HMSV All : 0 0 140 0 0 0 0 0 : 5062 0 0 0 : 203.309542 ]
[203.310s][info][gc       ] [HMSP 9 : 41100 0 : 203.309542 ]
[203.310s][info][gc       ] [VMAC 65530 166 24 430 620 : 203.310158 ]
[203.553s][info][gc       ] [GPGC-H  2944.4 715.9 0.0 0.0 : 2.8 : 0.478 1.034 : 0.847 1.805 0.864 1.882 : 3.185 1.134 1.030 2.196 1.953 0.445 : 0.000 : 95.292 : 770 1806 34 0 : 2267 : 4608 4424 : 203.552815 : 9 Next_heuristic_check_may_be_too_late ]
[203.557s][info][safepoint] Application time: 0.2475128 seconds
[203.557s][info][safepoint] Total time for which application threads were stopped: 0.0004607 seconds, Stopping threads took: 0.0000008 seconds
[203.558s][info][gc       ] [SPS 0.000 0.004 0.005 0.011 0.001 0.001 0.001 0.412 0.035 0.461 NewGC_pause1 203.556693 ]
[203.602s][info][safepoint] Application time: 0.0455940 seconds
[203.603s][info][safepoint] Total time for which application threads were stopped: 0.0001479 seconds, Stopping threads took: 0.0000005 seconds
[203.604s][info][gc       ] [SPS 0.000 0.001 0.000 0.007 0.000 0.001 0.000 0.105 0.034 0.148 NewGC_pause2 203.602435 ]
[203.605s][info][safepoint] Application time: 0.0028349 seconds
[203.606s][info][safepoint] Total time for which application threads were stopped: 0.0002142 seconds, Stopping threads took: 0.0000005 seconds
[203.606s][info][gc       ] [SPS 0.000 0.000 0.000 0.008 0.001 0.001 0.000 0.171 0.033 0.214 NewGC_pause3 203.605484 ]
[203.607s][info][safepoint] Application time: 0.0017249 seconds
[203.608s][info][safepoint] Total time for which application threads were stopped: 0.0002464 seconds, Stopping threads took: 0.0000007 seconds
[203.608s][info][gc       ] [SPS 0.000 0.003 0.002 0.009 0.001 0.001 0.000 0.196 0.040 0.247 NewGC_pause4 203.607455 ]
[203.608s][info][gc       ] [GC New Max 575-544 : 5120 2914 2142 5120 - - 1056 56 2 2 - : 116 1806 34 184 890 : 114 2 776 776 0 : 0 0 57 0 58 - 0 : 0.244147 2637.8 0.0 0.054483 2239.2 0.0 : 8 --c 0000 : 23 0 0.000 0.000 0 0.000 0.000 0 0.000 0.000 : 203.553359 203.556232 0.000405 203.602287 0.000069 203.605269 0.000110 203.607209 0.000127 : 203.607842 ]
[203.608s][info][gc       ] [SYSINFO 7583 191 89 0 7049 0 20 0 0 5745 : - - - - - - - - : 0 7168 : 3.75 1.91 1.66 : 278178 4215880 : 0 0 : 42 0 : 1547 2 0 259 : - 7678537728 333475840 1445670912 5939011584 199643136 93806592 : 140688591 5445130 155800 0 0 0 : 203.608117 ]
[203.608s][info][gc       ] [HUGEPAGESTAT 0 0 0 - 20841 0 0 : 612352 0 0 : 203.608117 ]
[203.608s][info][gc       ] [OBJCREAT 475108410 25896 24504320 : 203.608192 ]
[203.608s][info][gc       ] [HMSV All : 0 0 140 0 0 0 0 0 : 5062 0 0 0 : 203.608213 ]
[203.608s][info][gc       ] [HMSP 9 : 41100 0 : 203.608213 ]
[203.609s][info][gc       ] [VMAC 65530 166 24 430 620 : 203.608784 ]
[203.852s][info][gc       ] [GPGC-H  2944.4 715.9 0.0 0.0 : 2.8 : 0.476 1.034 : 0.847 1.805 0.864 1.882 : 3.175 1.134 1.030 2.196 1.953 0.445 : 0.000 : 95.026 : 750 1806 34 0 : 2267 : 4608 4424 : 203.852169 : 9 Next_heuristic_check_may_be_too_late ]
[203.855s][info][safepoint] Application time: 0.2475941 seconds
[203.856s][info][safepoint] Total time for which application threads were stopped: 0.0002365 seconds, Stopping threads took: 0.0000005 seconds
[203.856s][info][gc       ] [SPS 0.000 0.003 0.002 0.007 0.000 0.001 0.000 0.201 0.026 0.236 NewGC_pause1 203.855286 ]
[203.901s][info][safepoint] Application time: 0.0452569 seconds
[203.901s][info][safepoint] Total time for which application threads were stopped: 0.0002006 seconds, Stopping threads took: 0.0000006 seconds
[203.902s][info][gc       ] [SPS 0.000 0.001 0.000 0.009 0.001 0.001 0.000 0.162 0.028 0.201 NewGC_pause2 203.900744 ]
[203.905s][info][safepoint] Application time: 0.0041506 seconds
[203.906s][info][safepoint] Total time for which application threads were stopped: 0.0002276 seconds, Stopping threads took: 0.0000005 seconds
[203.906s][info][gc       ] [SPS 0.000 0.000 0.000 0.009 0.001 0.001 0.000 0.171 0.045 0.228 NewGC_pause3 203.905122 ]
[203.907s][info][safepoint] Application time: 0.0018214 seconds
[203.907s][info][safepoint] Total time for which application threads were stopped: 0.0001998 seconds, Stopping threads took: 0.0000006 seconds
[203.908s][info][gc       ] [SPS 0.000 0.003 0.002 0.009 0.001 0.001 0.000 0.158 0.031 0.200 NewGC_pause4 203.907144 ]
[203.908s][info][gc       ] [GC New Max 576-545 : 5120 2890 2138 5120 - - 1056 56 2 2 - : 114 1806 34 184 866 : 110 4 755 755 0 : 0 1 55 0 57 - 0 : 0.244837 2597.7 0.0 0.055048 2107.2 0.0 : 8 --c 0000 : 23 0 0.000 0.000 0 0.000 0.000 0 0.000 0.000 : 203.852678 203.855050 0.000119 203.900543 0.000090 203.904895 0.000139 203.906944 0.000124 : 203.907727 ]
[203.908s][info][gc       ] [SYSINFO 7583 191 89 0 7049 0 20 0 0 5745 : - - - - - - - - : 0 7168 : 3.75 1.91 1.66 : 278178 4215880 : 0 0 : 42 0 : 1547 2 0 259 : - 7678537728 333475840 1445670912 5939011584 199643136 93806592 : 140688591 5445770 155860 0 0 0 : 203.908010 ]
[203.908s][info][gc       ] [HUGEPAGESTAT 0 0 0 - 20841 0 0 : 612352 0 0 : 203.908010 ]
[203.908s][info][gc       ] [OBJCREAT 475853352 25896 24504320 : 203.908058 ]
[203.908s][info][gc       ] [HMSV All : 0 0 140 0 0 0 0 0 : 5062 0 0 0 : 203.908077 ]
[203.908s][info][gc       ] [HMSP 9 : 41100 0 : 203.908077 ]
[203.909s][info][gc       ] [VMAC 65530 166 24 430 620 : 203.908852 ]
[204.152s][info][gc       ] [GPGC-H  2934.7 699.4 0.0 0.0 : 2.7 : 0.475 1.034 : 0.847 1.805 0.864 1.882 : 3.165 1.134 1.030 2.196 1.953 0.445 : 0.000 : 94.761 : 764 1806 34 0 : 2267 : 4608 4424 : 204.151567 : 9 Next_heuristic_check_may_be_too_late ]
[204.155s][info][safepoint] Application time: 0.2471834 seconds
[204.155s][info][safepoint] Total time for which application threads were stopped: 0.0004640 seconds, Stopping threads took: 0.0000008 seconds
[204.156s][info][gc       ] [SPS 0.000 0.004 0.004 0.011 0.001 0.001 0.001 0.402 0.048 0.464 NewGC_pause1 204.154792 ]
[204.201s][info][safepoint] Application time: 0.0457549 seconds
[204.201s][info][safepoint] Total time for which application threads were stopped: 0.0001833 seconds, Stopping threads took: 0.0000005 seconds
[204.202s][info][gc       ] [SPS 0.000 0.001 0.000 0.007 0.000 0.001 0.000 0.151 0.024 0.184 NewGC_pause2 204.200730 ]
[204.204s][info][safepoint] Application time: 0.0026532 seconds
[204.204s][info][safepoint] Total time for which application threads were stopped: 0.0001644 seconds, Stopping threads took: 0.0000005 seconds
[204.204s][info][gc       ] [SPS 0.000 0.000 0.000 0.007 0.000 0.001 0.000 0.131 0.024 0.164 NewGC_pause3 204.203547 ]
[204.206s][info][safepoint] Application time: 0.0020406 seconds
[204.206s][info][safepoint] Total time for which application threads were stopped: 0.0001775 seconds, Stopping threads took: 0.0000005 seconds
[204.206s][info][gc       ] [SPS 0.000 0.003 0.002 0.007 0.000 0.001 0.000 0.144 0.025 0.178 NewGC_pause4 204.205766 ]
[204.206s][info][gc       ] [GC New Max 577-546 : 5120 2932 2166 5120 - - 1056 56 2 2 - : 142 1806 34 184 908 : 138 4 769 769 0 : 0 1 69 0 71 - 0 : 0.244367 2668.1 0.0 0.054069 2663.2 0.0 : 8 --c 0000 : 23 0 0.000 0.000 0 0.000 0.000 0 0.000 0.000 : 204.152094 204.154328 0.000370 204.200546 0.000108 204.203383 0.000093 204.205588 0.000110 : 204.206163 ]
[204.206s][info][gc       ] [SYSINFO 7583 191 89 0 7049 0 20 0 0 5745 : - - - - - - - - : 0 7168 : 3.75 1.91 1.66 : 278178 4215880 : 0 0 : 42 0 : 1547 2 0 259 : - 7678537728 333475840 1445670912 5939011584 199643136 93806592 : 140688591 5446390 155910 0 0 0 : 204.206418 ]
[204.206s][info][gc       ] [HUGEPAGESTAT 0 0 0 - 20841 0 0 : 612352 0 0 : 204.206418 ]
[204.206s][info][gc       ] [OBJCREAT 476641585 25896 24504320 : 204.206468 ]
[204.206s][info][gc       ] [HMSV All : 0 0 140 0 0 0 0 0 : 5062 0 0 0 : 204.206485 ]
[204.206s][info][gc       ] [HMSP 9 : 41100 0 : 204.206485 ]
[204.207s][info][gc       ] [VMAC 65530 166 24 430 620 : 204.207127 ]
[204.410s][info][gc       ] [GPGC-H  2934.7 699.4 0.0 0.0 : 2.7 : 0.473 1.034 : 0.847 1.805 0.864 1.882 : 3.155 1.134 1.030 2.196 1.953 0.445 : 0.000 : 94.497 : 762 1806 34 0 : 2267 : 4608 4424 : 204.409666 : 9 Next_heuristic_check_may_be_too_late ]
[204.412s][info][safepoint] Application time: 0.2063862 seconds
[204.413s][info][safepoint] Total time for which application threads were stopped: 0.0002128 seconds, Stopping threads took: 0.0000005 seconds
[204.413s][info][gc       ] [SPS 0.000 0.003 0.003 0.007 0.000 0.001 0.000 0.179 0.025 0.213 NewGC_pause1 204.412365 ]
[204.457s][info][safepoint] Application time: 0.0439918 seconds
[204.457s][info][safepoint] Total time for which application threads were stopped: 0.0002684 seconds, Stopping threads took: 0.0000005 seconds
[204.458s][info][gc       ] [SPS 0.000 0.001 0.000 0.007 0.000 0.001 0.000 0.216 0.044 0.269 NewGC_pause2 204.456625 ]
[204.460s][info][safepoint] Application time: 0.0028566 seconds
[204.460s][info][safepoint] Total time for which application threads were stopped: 0.0002020 seconds, Stopping threads took: 0.0000008 seconds
[204.460s][info][gc       ] [SPS 0.000 0.001 0.000 0.010 0.001 0.001 0.001 0.165 0.024 0.202 NewGC_pause3 204.459684 ]
[204.462s][info][safepoint] Application time: 0.0020975 seconds
[204.462s][info][safepoint] Total time for which application threads were stopped: 0.0002067 seconds, Stopping threads took: 0.0000005 seconds
[204.463s][info][gc       ] [SPS 0.000 0.003 0.002 0.007 0.001 0.001 0.000 0.172 0.026 0.207 NewGC_pause4 204.461988 ]
[204.463s][info][gc       ] [GC New Max 578-547 : 5120 2902 2134 5120 - - 1056 56 2 2 - : 110 1806 34 184 878 : 108 2 770 770 0 : 0 0 54 0 55 - 0 : 0.203919 3050.2 0.0 0.052475 2210.6 0.0 : 8 --c 0000 : 23 0 0.000 0.000 0 0.000 0.000 0 0.000 0.000 : 204.410082 204.412152 0.000119 204.456357 0.000138 204.459482 0.000138 204.461782 0.000122 : 204.462557 ]
[204.463s][info][gc       ] [SYSINFO 7583 191 89 0 7049 0 20 0 0 5745 : - - - - - - - - : 0 7168 : 3.75 1.91 1.66 : 278178 4215880 : 0 0 : 42 0 : 1547 2 0 259 : - 7678537728 333475840 1445670912 5939011584 199643136 93806592 : 140688591 5446970 155930 0 0 0 : 204.463084 ]
[204.463s][info][gc       ] [HUGEPAGESTAT 0 0 0 - 20841 0 0 : 612352 0 0 : 204.463084 ]
[204.463s][info][gc       ] [OBJCREAT 477371057 25896 24504320 : 204.463204 ]
[204.463s][info][gc       ] [HMSV All : 0 0 140 0 0 0 0 0 : 5062 0 0 0 : 204.463258 ]
[204.463s][info][gc       ] [HMSP 9 : 41100 0 : 204.463258 ]
[204.464s][info][gc       ] [VMAC 65530 166 24 430 620 : 204.463981 ]
[204.727s][info][gc       ] [GPGC-H  2934.7 699.4 0.0 0.0 : 2.7 : 0.472 1.034 : 0.847 1.805 0.864 1.882 : 3.146 1.134 1.030 2.196 1.953 0.445 : 0.000 : 94.278 : 734 1806 34 0 : 2267 : 4608 4424 : 204.726829 : 9 Next_heuristic_check_may_be_too_late ]
[204.730s][info][safepoint] Application time: 0.2677568 seconds
[204.731s][info][safepoint] Total time for which application threads were stopped: 0.0003661 seconds, Stopping threads took: 0.0000005 seconds
[204.731s][info][gc       ] [SPS 0.000 0.003 0.003 0.008 0.001 0.001 0.000 0.315 0.041 0.366 NewGC_pause1 204.730112 ]
[204.777s][info][safepoint] Application time: 0.0463850 seconds
[204.777s][info][safepoint] Total time for which application threads were stopped: 0.0001928 seconds, Stopping threads took: 0.0000005 seconds
[204.778s][info][gc       ] [SPS 0.000 0.001 0.000 0.007 0.000 0.001 0.000 0.159 0.024 0.193 NewGC_pause2 204.776690 ]
[204.780s][info][safepoint] Application time: 0.0028261 seconds
[204.780s][info][safepoint] Total time for which application threads were stopped: 0.0001768 seconds, Stopping threads took: 0.0000005 seconds
[204.781s][info][gc       ] [SPS 0.000 0.000 0.000 0.007 0.000 0.001 0.000 0.142 0.026 0.177 NewGC_pause3 204.779693 ]
[204.781s][info][safepoint] Application time: 0.0014978 seconds
[204.782s][info][safepoint] Total time for which application threads were stopped: 0.0001542 seconds, Stopping threads took: 0.0000005 seconds
[204.782s][info][gc       ] [SPS 0.000 0.003 0.002 0.008 0.001 0.001 0.000 0.115 0.029 0.154 NewGC_pause4 204.781345 ]
[204.782s][info][gc       ] [GC New Max 579-548 : 5120 2900 2166 5120 - - 1056 56 2 2 - : 142 1806 34 184 876 : 136 4 739 739 0 : 0 1 68 0 71 - 0 : 0.264787 2364.2 0.0 0.054767 2629.3 0.0 : 8 --c 0000 : 23 0 0.000 0.000 0 0.000 0.000 0 0.000 0.000 : 204.727344 204.729745 0.000267 204.776497 0.000127 204.779516 0.000110 204.781190 0.000088 : 204.782111 ]
[204.782s][info][gc       ] [SYSINFO 7583 191 89 0 7049 0 20 0 0 5745 : - - - - - - - - : 0 7168 : 4.09 2.01 1.70 : 278178 4215880 : 0 0 : 42 0 : 1547 3 0 259 : - 7678537728 333475840 1445670912 5939011584 199643136 93806592 : 140688591 5447630 156030 0 0 0 : 204.782414 ]
[204.782s][info][gc       ] [HUGEPAGESTAT 0 0 0 - 20841 0 0 : 612352 0 0 : 204.782414 ]
[204.782s][info][gc       ] [OBJCREAT 478132235 25896 24504320 : 204.782461 ]
[204.782s][info][gc       ] [HMSV All : 0 0 140 0 0 0 0 0 : 5062 0 0 0 : 204.782479 ]
[204.782s][info][gc       ] [HMSP 9 : 41100 0 : 204.782479 ]
[204.783s][info][gc       ] [VMAC 65530 166 24 430 620 : 204.783015 ]
[205.025s][info][gc       ] [GPGC-H  2934.7 699.4 0.0 0.0 : 2.7 : 0.471 1.034 : 0.847 1.805 0.864 1.882 : 3.136 1.134 1.030 2.196 1.953 0.445 : 0.000 : 93.994 : 770 1806 34 0 : 2267 : 4608 4424 : 205.025496 : 9 Next_heuristic_check_may_be_too_late ]
[205.029s][info][safepoint] Application time: 0.2470167 seconds
[205.029s][info][safepoint] Total time for which application threads were stopped: 0.0003361 seconds, Stopping threads took: 0.0000006 seconds
[205.030s][info][gc       ] [SPS 0.000 0.004 0.004 0.008 0.001 0.001 0.001 0.299 0.027 0.336 NewGC_pause1 205.028698 ]
[205.075s][info][safepoint] Application time: 0.0459498 seconds
[205.075s][info][safepoint] Total time for which application threads were stopped: 0.0002397 seconds, Stopping threads took: 0.0000005 seconds
[205.076s][info][gc       ] [SPS 0.000 0.001 0.000 0.007 0.000 0.001 0.000 0.197 0.034 0.240 NewGC_pause2 205.074888 ]
[205.078s][info][safepoint] Application time: 0.0026037 seconds
[205.078s][info][safepoint] Total time for which application threads were stopped: 0.0001842 seconds, Stopping threads took: 0.0000005 seconds
[205.078s][info][gc       ] [SPS 0.000 0.000 0.000 0.007 0.000 0.001 0.000 0.151 0.024 0.184 NewGC_pause3 205.077676 ]
[205.079s][info][safepoint] Application time: 0.0013219 seconds
[205.080s][info][safepoint] Total time for which application threads were stopped: 0.0002688 seconds, Stopping threads took: 0.0000005 seconds
[205.080s][info][gc       ] [SPS 0.000 0.003 0.002 0.007 0.000 0.001 0.000 0.235 0.025 0.269 NewGC_pause4 205.079266 ]
[205.080s][info][gc       ] [GC New Max 580-549 : 5120 2912 2142 5120 - - 1056 56 2 2 - : 118 1806 34 184 888 : 112 4 775 775 0 : 0 1 56 0 59 - 0 : 0.243960 2582.4 0.0 0.053640 2237.1 0.0 : 8 --c 0000 : 23 0 0.000 0.000 0 0.000 0.000 0 0.000 0.000 : 205.026071 205.028362 0.000264 205.074648 0.000128 205.077491 0.000118 205.078997 0.000179 : 205.079711 ]
[205.080s][info][gc       ] [SYSINFO 7583 191 89 0 7049 0 20 0 0 5745 : - - - - - - - - : 0 7168 : 4.09 2.01 1.70 : 278178 4215880 : 0 0 : 42 0 : 1547 2 0 259 : - 7678537728 333475840 1445670912 5939011584 199643136 93806592 : 140688591 5448210 156070 0 0 0 : 205.079961 ]
[205.080s][info][gc       ] [HUGEPAGESTAT 0 0 0 - 20841 0 0 : 612352 0 0 : 205.079961 ]
[205.080s][info][gc       ] [OBJCREAT 478874613 25896 24504320 : 205.080009 ]
[205.080s][info][gc       ] [HMSV All : 0 0 140 0 0 0 0 0 : 5062 0 0 0 : 205.080027 ]
[205.080s][info][gc       ] [HMSP 9 : 41100 0 : 205.080027 ]
[205.081s][info][gc       ] [VMAC 65530 166 24 430 620 : 205.080622 ]
[205.304s][info][gc       ] [GPGC-H  2934.7 699.4 0.0 0.0 : 2.7 : 0.469 1.034 : 0.847 1.805 0.864 1.882 : 3.126 1.134 1.030 2.196 1.953 0.445 : 0.000 : 93.733 : 764 1806 34 0 : 2267 : 4608 4424 : 205.303900 : 9 Next_heuristic_check_may_be_too_late ]
[205.307s][info][safepoint] Application time: 0.2274027 seconds
[205.307s][info][safepoint] Total time for which application threads were stopped: 0.0002727 seconds, Stopping threads took: 0.0000006 seconds
[205.308s][info][gc       ] [SPS 0.000 0.003 0.003 0.008 0.001 0.001 0.000 0.225 0.037 0.273 NewGC_pause1 205.306942 ]
[205.355s][info][safepoint] Application time: 0.0473515 seconds
[205.355s][info][safepoint] Total time for which application threads were stopped: 0.0001969 seconds, Stopping threads took: 0.0000005 seconds
[205.355s][info][gc       ] [SPS 0.000 0.001 0.000 0.007 0.000 0.001 0.000 0.162 0.026 0.197 NewGC_pause2 205.354491 ]
[205.357s][info][safepoint] Application time: 0.0023029 seconds
[205.357s][info][safepoint] Total time for which application threads were stopped: 0.0002021 seconds, Stopping threads took: 0.0000005 seconds
[205.358s][info][gc       ] [SPS 0.000 0.000 0.000 0.007 0.000 0.001 0.000 0.147 0.047 0.202 NewGC_pause3 205.356996 ]
[205.358s][info][safepoint] Application time: 0.0013390 seconds
[205.359s][info][safepoint] Total time for which application threads were stopped: 0.0001609 seconds, Stopping threads took: 0.0000005 seconds
[205.359s][info][gc       ] [SPS 0.000 0.003 0.002 0.007 0.000 0.001 0.000 0.127 0.025 0.161 NewGC_pause4 205.358496 ]
[205.359s][info][gc       ] [GC New Max 581-550 : 5120 2930 2164 5120 - - 1056 56 2 2 - : 140 1806 34 184 906 : 136 4 768 768 0 : 0 1 68 0 70 - 0 : 0.224618 2876.0 0.0 0.054639 2635.5 0.0 : 8 --c 0000 : 23 0 0.000 0.000 0 0.000 0.000 0 0.000 0.000 : 205.304329 205.306669 0.000155 205.354294 0.000115 205.356793 0.000109 205.358335 0.000115 : 205.358968 ]
[205.359s][info][gc       ] [SYSINFO 7583 191 89 0 7049 0 20 0 0 5745 : - - - - - - - - : 0 7168 : 4.09 2.01 1.70 : 278178 4215880 : 0 0 : 42 0 : 1547 2 0 259 : - 7678537728 333475840 1445670912 5939011584 199643136 93806592 : 140688591 5448830 156090 0 0 0 : 205.359319 ]
[205.359s][info][gc       ] [HUGEPAGESTAT 0 0 0 - 20841 0 0 : 612352 0 0 : 205.359319 ]
[205.359s][info][gc       ] [OBJCREAT 479658321 25896 24504320 : 205.359387 ]
[205.359s][info][gc       ] [HMSV All : 0 0 140 0 0 0 0 0 : 5062 0 0 0 : 205.359402 ]
[205.359s][info][gc       ] [HMSP 9 : 41100 0 : 205.359402 ]
[205.360s][info][gc       ] [VMAC 65530 166 24 430 620 : 205.359942 ]
[205.563s][info][gc       ] [GPGC-H  2934.7 699.4 0.0 0.0 : 2.7 : 0.468 1.034 : 0.847 1.805 0.864 1.882 : 3.117 1.134 1.030 2.196 1.953 0.445 : 0.000 : 93.494 : 760 1806 34 0 : 2267 : 4608 4424 : 205.562811 : 9 Next_heuristic_check_may_be_too_late ]
[205.566s][info][safepoint] Application time: 0.2071360 seconds
[205.567s][info][safepoint] Total time for which application threads were stopped: 0.0003095 seconds, Stopping threads took: 0.0000005 seconds
[205.567s][info][gc       ] [SPS 0.000 0.003 0.002 0.007 0.000 0.001 0.000 0.212 0.089 0.310 NewGC_pause1 205.565942 ]
[205.612s][info][safepoint] Application time: 0.0456035 seconds
[205.613s][info][safepoint] Total time for which application threads were stopped: 0.0002133 seconds, Stopping threads took: 0.0000005 seconds
[205.613s][info][gc       ] [SPS 0.000 0.001 0.000 0.007 0.000 0.001 0.000 0.169 0.035 0.214 NewGC_pause2 205.611759 ]
[205.615s][info][safepoint] Application time: 0.0029541 seconds
[205.615s][info][safepoint] Total time for which application threads were stopped: 0.0002110 seconds, Stopping threads took: 0.0000005 seconds
[205.616s][info][gc       ] [SPS 0.000 0.000 0.000 0.007 0.000 0.001 0.000 0.176 0.027 0.211 NewGC_pause3 205.614924 ]
[205.616s][info][safepoint] Application time: 0.0013320 seconds
[205.617s][info][safepoint] Total time for which application threads were stopped: 0.0002307 seconds, Stopping threads took: 0.0000005 seconds
[205.617s][info][gc       ] [SPS 0.000 0.003 0.001 0.007 0.000 0.001 0.000 0.155 0.073 0.236 NewGC_pause4 205.616492 ]
[205.618s][info][gc       ] [GC New Max 582-551 : 5120 2914 2154 5120 - - 1056 56 2 2 - : 128 1806 34 184 890 : 124 4 764 764 0 : 0 1 62 0 65 - 0 : 0.204277 3035.1 0.0 0.053989 2444.9 0.0 : 8 --c 0000 : 23 0 0.000 0.000 0 0.000 0.000 0 0.000 0.000 : 205.563245 205.565632 0.000118 205.611545 0.000130 205.614713 0.000135 205.616256 0.000111 : 205.617235 ]
[205.618s][info][gc       ] [SYSINFO 7583 191 89 0 7049 0 20 0 0 5745 : - - - - - - - - : 0 7168 : 4.09 2.01 1.70 : 278178 4215880 : 0 0 : 42 0 : 1547 3 0 259 : - 7678537728 333475840 1445670912 5939011584 199643136 93806592 : 140688591 5449430 156110 0 0 0 : 205.617492 ]
[205.618s][info][gc       ] [HUGEPAGESTAT 0 0 0 - 20841 0 0 : 612352 0 0 : 205.617492 ]
[205.618s][info][gc       ] [OBJCREAT 480402517 25896 24504320 : 205.617544 ]
[205.618s][info][gc       ] [HMSV All : 0 0 140 0 0 0 0 0 : 5062 0 0 0 : 205.617563 ]
[205.618s][info][gc       ] [HMSP 9 : 41100 0 : 205.617563 ]
[205.618s][info][gc       ] [VMAC 65530 166 24 430 620 : 205.618089 ]
[205.861s][info][gc       ] [GPGC-H  2934.7 699.4 0.0 0.0 : 2.7 : 0.467 1.034 : 0.847 1.805 0.864 1.882 : 3.108 1.134 1.030 2.196 1.953 0.445 : 0.000 : 93.278 : 778 1806 34 0 : 2267 : 4608 4424 : 205.860990 : 9 Next_heuristic_check_may_be_too_late ]
[205.865s][info][safepoint] Application time: 0.2477146 seconds
[205.865s][info][safepoint] Total time for which application threads were stopped: 0.0004313 seconds, Stopping threads took: 0.0000005 seconds
[205.866s][info][gc       ] [SPS 0.000 0.003 0.005 0.008 0.001 0.001 0.000 0.384 0.037 0.431 NewGC_pause1 205.864633 ]
[205.911s][info][safepoint] Application time: 0.0461422 seconds
[205.912s][info][safepoint] Total time for which application threads were stopped: 0.0001971 seconds, Stopping threads took: 0.0000005 seconds
[205.912s][info][gc       ] [SPS 0.000 0.001 0.000 0.007 0.000 0.001 0.000 0.165 0.023 0.197 NewGC_pause2 205.910972 ]
[205.914s][info][safepoint] Application time: 0.0024619 seconds
[205.914s][info][safepoint] Total time for which application threads were stopped: 0.0001669 seconds, Stopping threads took: 0.0000005 seconds
[205.914s][info][gc       ] [SPS 0.000 0.000 0.000 0.007 0.000 0.001 0.000 0.133 0.025 0.167 NewGC_pause3 205.913601 ]
[205.915s][info][safepoint] Application time: 0.0015452 seconds
[205.916s][info][safepoint] Total time for which application threads were stopped: 0.0001908 seconds, Stopping threads took: 0.0000005 seconds
[205.916s][info][gc       ] [SPS 0.000 0.003 0.002 0.008 0.001 0.001 0.000 0.148 0.034 0.191 NewGC_pause4 205.915338 ]
[205.916s][info][gc       ] [GC New Max 583-552 : 5120 2936 2156 5120 - - 1056 56 2 2 - : 132 1806 34 184 912 : 128 4 783 783 0 : 0 1 64 0 66 - 0 : 0.244223 2661.5 0.0 0.054411 2499.5 0.0 : 8 --c 0000 : 23 0 0.000 0.000 0 0.000 0.000 0 0.000 0.000 : 205.861458 205.864202 0.000366 205.910775 0.000106 205.913434 0.000101 205.915147 0.000105 : 205.915869 ]
[205.916s][info][gc       ] [SYSINFO 7583 191 89 0 7049 0 20 0 0 5745 : - - - - - - - - : 0 7168 : 4.09 2.01 1.70 : 278178 4215880 : 0 0 : 42 0 : 1547 2 0 259 : - 7678537728 333475840 1445670912 5939011584 199643136 93806592 : 140688591 5450070 156160 0 0 0 : 205.916121 ]
[205.916s][info][gc       ] [HUGEPAGESTAT 0 0 0 - 20841 0 0 : 612352 0 0 : 205.916121 ]
[205.916s][info][gc       ] [OBJCREAT 481179507 25896 24504320 : 205.916168 ]
[205.916s][info][gc       ] [HMSV All : 0 0 140 0 0 0 0 0 : 5062 0 0 0 : 205.916186 ]
[205.916s][info][gc       ] [HMSP 9 : 41100 0 : 205.916186 ]
[205.917s][info][gc       ] [VMAC 65530 166 24 430 620 : 205.916795 ]
[206.160s][info][gc       ] [GPGC-H  2927.0 683.3 0.0 0.0 : 2.7 : 0.465 1.034 : 0.847 1.805 0.864 1.882 : 3.099 1.134 1.030 2.196 1.953 0.445 : 0.000 : 93.020 : 790 1806 34 0 : 2267 : 4608 4424 : 206.159665 : 9 Next_heuristic_check_may_be_too_late ]
[206.163s][info][safepoint] Application time: 0.2472460 seconds
[206.164s][info][safepoint] Total time for which application threads were stopped: 0.0002734 seconds, Stopping threads took: 0.0000005 seconds
[206.164s][info][gc       ] [SPS 0.000 0.003 0.004 0.008 0.001 0.001 0.000 0.194 0.070 0.274 NewGC_pause1 206.162858 ]
[206.209s][info][safepoint] Application time: 0.0456722 seconds
[206.209s][info][safepoint] Total time for which application threads were stopped: 0.0002694 seconds, Stopping threads took: 0.0000005 seconds
[206.210s][info][gc       ] [SPS 0.000 0.001 0.000 0.007 0.000 0.001 0.000 0.213 0.048 0.269 NewGC_pause2 206.208799 ]
[206.212s][info][safepoint] Application time: 0.0026918 seconds
[206.212s][info][safepoint] Total time for which application threads were stopped: 0.0001715 seconds, Stopping threads took: 0.0000005 seconds
[206.212s][info][gc       ] [SPS 0.000 0.000 0.000 0.007 0.000 0.001 0.000 0.139 0.024 0.172 NewGC_pause3 206.211663 ]
[206.214s][info][safepoint] Application time: 0.0018731 seconds
[206.214s][info][safepoint] Total time for which application threads were stopped: 0.0001836 seconds, Stopping threads took: 0.0000005 seconds
[206.215s][info][gc       ] [SPS 0.000 0.003 0.002 0.007 0.001 0.001 0.000 0.151 0.024 0.184 NewGC_pause4 206.213720 ]
[206.215s][info][gc       ] [GC New Max 584-553 : 5120 2938 2146 5120 - - 1056 56 2 2 - : 122 1806 34 184 914 : 116 4 796 796 0 : 0 1 58 0 61 - 0 : 0.244420 2700.3 0.0 0.054219 2323.9 0.0 : 8 --c 0000 : 23 0 0.000 0.000 0 0.000 0.000 0 0.000 0.000 : 206.160290 206.162584 0.000113 206.208530 0.000144 206.211491 0.000104 206.213536 0.000107 : 206.214508 ]
[206.215s][info][gc       ] [SYSINFO 7583 191 89 0 7049 0 20 0 0 5745 : - - - - - - - - : 0 7168 : 4.09 2.01 1.70 : 278178 4215880 : 0 0 : 42 0 : 1547 3 0 259 : - 7678537728 333475840 1445670912 5939011584 199643136 93806592 : 140688591 5450690 156200 0 0 0 : 206.214781 ]
[206.215s][info][gc       ] [HUGEPAGESTAT 0 0 0 - 20841 0 0 : 612352 0 0 : 206.214781 ]
[206.215s][info][gc       ] [OBJCREAT 481958571 25896 24504320 : 206.214831 ]
[206.215s][info][gc       ] [HMSV All : 0 0 140 0 0 0 0 0 : 5062 0 0 0 : 206.214850 ]
[206.215s][info][gc       ] [HMSP 9 : 41100 0 : 206.214850 ]
[206.215s][info][gc       ] [VMAC 65530 166 24 430 620 : 206.215468 ]
[206.458s][info][gc       ] [GPGC-H  2927.0 683.3 0.0 0.0 : 2.7 : 0.464 1.034 : 0.847 1.805 0.864 1.882 : 3.089 1.134 1.030 2.196 1.953 0.445 : 0.000 : 92.762 : 796 1806 34 0 : 2267 : 4608 4424 : 206.458177 : 9 Next_heuristic_check_may_be_too_late ]
[206.462s][info][safepoint] Application time: 0.2475840 seconds
[206.462s][info][safepoint] Total time for which application threads were stopped: 0.0003520 seconds, Stopping threads took: 0.0000005 seconds
[206.463s][info][gc       ] [SPS 0.000 0.003 0.004 0.008 0.001 0.001 0.000 0.316 0.027 0.352 NewGC_pause1 206.461656 ]
[206.507s][info][safepoint] Application time: 0.0451992 seconds
[206.508s][info][safepoint] Total time for which application threads were stopped: 0.0001800 seconds, Stopping threads took: 0.0000005 seconds
[206.508s][info][gc       ] [SPS 0.000 0.001 0.000 0.008 0.001 0.001 0.000 0.136 0.034 0.180 NewGC_pause2 206.507035 ]
[206.510s][info][safepoint] Application time: 0.0025015 seconds
[206.510s][info][safepoint] Total time for which application threads were stopped: 0.0001907 seconds, Stopping threads took: 0.0000005 seconds
[206.511s][info][gc       ] [SPS 0.000 0.000 0.000 0.007 0.000 0.001 0.000 0.159 0.023 0.191 NewGC_pause3 206.509728 ]
[206.511s][info][safepoint] Application time: 0.0015143 seconds
[206.512s][info][safepoint] Total time for which application threads were stopped: 0.0001404 seconds, Stopping threads took: 0.0000005 seconds
[206.512s][info][gc       ] [SPS 0.000 0.003 0.002 0.007 0.001 0.001 0.000 0.113 0.019 0.140 NewGC_pause4 206.511382 ]
[206.513s][info][gc       ] [GC New Max 585-554 : 5120 2926 2130 5120 - - 1056 56 2 2 - : 106 1806 34 184 902 : 102 4 801 801 0 : 0 1 51 0 53 - 0 : 0.244318 2766.9 0.0 0.053214 2029.5 0.0 : 8 --c 0000 : 23 0 0.000 0.000 0 0.000 0.000 0 0.000 0.000 : 206.458826 206.461304 0.000278 206.506855 0.000091 206.509537 0.000124 206.511242 0.000115 : 206.512041 ]
[206.513s][info][gc       ] [SYSINFO 7583 191 89 0 7049 0 20 0 0 5745 : - - - - - - - - : 0 7168 : 4.09 2.01 1.70 : 278178 4215892 : 0 0 : 42 0 : 1547 2 0 259 : - 7678537728 333475840 1445670912 5939011584 199643136 93806592 : 140688591 5451290 156230 0 0 0 : 206.512623 ]
[206.513s][info][gc       ] [HUGEPAGESTAT 0 0 0 - 20841 0 0 : 612352 0 0 : 206.512623 ]
[206.513s][info][gc       ] [OBJCREAT 482735450 25896 24504320 : 206.512807 ]
[206.513s][info][gc       ] [HMSV All : 0 0 140 0 0 0 0 0 : 5062 0 0 0 : 206.512863 ]
[206.513s][info][gc       ] [HMSP 9 : 41100 0 : 206.512863 ]
[206.513s][info][gc       ] [VMAC 65530 166 24 430 620 : 206.513375 ]
[206.776s][info][gc       ] [GPGC-H  2927.0 683.3 0.0 0.0 : 2.7 : 0.462 1.034 : 0.847 1.805 0.864 1.882 : 3.079 1.134 1.030 2.196 1.953 0.445 : 0.000 : 92.505 : 784 1806 34 0 : 2267 : 4608 4424 : 206.776050 : 9 Next_heuristic_check_may_be_too_late ]
[206.779s][info][safepoint] Application time: 0.2676005 seconds
[206.780s][info][safepoint] Total time for which application threads were stopped: 0.0003977 seconds, Stopping threads took: 0.0000005 seconds
[206.781s][info][gc       ] [SPS 0.000 0.006 0.003 0.008 0.000 0.001 0.000 0.362 0.026 0.398 NewGC_pause1 206.779381 ]
[206.822s][info][safepoint] Application time: 0.0426134 seconds
[206.823s][info][safepoint] Total time for which application threads were stopped: 0.0001708 seconds, Stopping threads took: 0.0000005 seconds
[206.823s][info][gc       ] [SPS 0.000 0.001 0.000 0.008 0.000 0.001 0.000 0.138 0.024 0.171 NewGC_pause2 206.822166 ]
[206.825s][info][safepoint] Application time: 0.0025012 seconds
[206.825s][info][safepoint] Total time for which application threads were stopped: 0.0001726 seconds, Stopping threads took: 0.0000005 seconds
[206.825s][info][gc       ] [SPS 0.000 0.000 0.000 0.007 0.001 0.001 0.000 0.138 0.025 0.173 NewGC_pause3 206.824839 ]
[206.826s][info][safepoint] Application time: 0.0012242 seconds
[206.827s][info][safepoint] Total time for which application threads were stopped: 0.0001755 seconds, Stopping threads took: 0.0000005 seconds
[206.827s][info][gc       ] [SPS 0.000 0.003 0.002 0.007 0.000 0.001 0.000 0.142 0.025 0.176 NewGC_pause4 206.826239 ]
[206.827s][info][gc       ] [GC New Max 586-555 : 5120 2900 2112 5120 - - 1056 56 2 2 - : 88 1806 34 184 876 : 84 4 791 791 0 : 0 1 42 0 44 - 0 : 0.264797 2568.0 0.0 0.049967 1841.2 0.0 : 8 --c 0000 : 23 0 0.000 0.000 0 0.000 0.000 0 0.000 0.000 : 206.776838 206.778983 0.000298 206.821994 0.000106 206.824666 0.000099 206.826063 0.000110 : 206.826805 ]
[206.827s][info][gc       ] [SYSINFO 7583 191 89 0 7049 0 20 0 0 5745 : - - - - - - - - : 0 7168 : 4.09 2.01 1.70 : 278178 4215892 : 0 0 : 42 0 : 1547 3 0 259 : - 7678537728 333475840 1445670912 5939011584 199643136 93806592 : 140688591 5451880 156250 0 0 0 : 206.827055 ]
[206.827s][info][gc       ] [HUGEPAGESTAT 0 0 0 - 20841 0 0 : 612352 0 0 : 206.827055 ]
[206.827s][info][gc       ] [OBJCREAT 483500279 25896 24504320 : 206.827112 ]
[206.827s][info][gc       ] [HMSV All : 0 0 140 0 0 0 0 0 : 5062 0 0 0 : 206.827132 ]
[206.827s][info][gc       ] [HMSP 9 : 41100 0 : 206.827132 ]
[206.828s][info][gc       ] [VMAC 65530 166 24 430 620 : 206.827722 ]
[207.050s][info][gc       ] [GPGC-H  2927.0 683.3 0.0 0.0 : 2.7 : 0.461 1.034 : 0.847 1.805 0.864 1.882 : 3.069 1.134 1.030 2.196 1.953 0.445 : 0.000 : 92.227 : 722 1806 34 0 : 2267 : 4608 4424 : 207.050297 : 9 Next_heuristic_check_may_be_too_late ]
[207.053s][info][safepoint] Application time: 0.2268747 seconds
[207.054s][info][safepoint] Total time for which application threads were stopped: 0.0002489 seconds, Stopping threads took: 0.0000005 seconds
[207.054s][info][gc       ] [SPS 0.000 0.003 0.002 0.008 0.001 0.001 0.000 0.203 0.036 0.249 NewGC_pause1 207.053363 ]
[207.096s][info][safepoint] Application time: 0.0426725 seconds
[207.097s][info][safepoint] Total time for which application threads were stopped: 0.0002085 seconds, Stopping threads took: 0.0000005 seconds
[207.098s][info][gc       ] [SPS 0.000 0.001 0.000 0.007 0.000 0.001 0.000 0.176 0.024 0.209 NewGC_pause2 207.096244 ]
[207.099s][info][safepoint] Application time: 0.0027296 seconds
[207.099s][info][safepoint] Total time for which application threads were stopped: 0.0000868 seconds, Stopping threads took: 0.0000005 seconds
[207.100s][info][gc       ] [SPS 0.000 0.000 0.000 0.007 0.000 0.001 0.000 0.061 0.017 0.087 NewGC_pause3 207.099060 ]
[207.101s][info][safepoint] Application time: 0.0015120 seconds
[207.101s][info][safepoint] Total time for which application threads were stopped: 0.0001814 seconds, Stopping threads took: 0.0000005 seconds
[207.102s][info][gc       ] [SPS 0.000 0.002 0.002 0.007 0.000 0.001 0.000 0.148 0.024 0.182 NewGC_pause4 207.100754 ]
[207.102s][info][gc       ] [GC New Max 587-556 : 5120 2864 2138 5120 - - 1056 56 2 2 - : 114 1806 34 184 840 : 110 4 728 728 0 : 0 1 55 0 57 - 0 : 0.223967 2839.7 0.0 0.050440 2339.4 0.0 : 8 --c 0000 : 23 0 0.000 0.000 0 0.000 0.000 0 0.000 0.000 : 207.050772 207.053114 0.000116 207.096035 0.000112 207.098973 0.000057 207.100572 0.000117 : 207.101212 ]
[207.102s][info][gc       ] [SYSINFO 7583 191 89 0 7049 0 20 0 0 5745 : - - - - - - - - : 0 7168 : 4.09 2.01 1.70 : 278178 4215916 : 0 0 : 42 0 : 1547 2 0 259 : - 7678537728 333475840 1445670912 5939011584 199643136 93806592 : 140688591 5452470 156250 0 0 0 : 207.101460 ]
[207.102s][info][gc       ] [HUGEPAGESTAT 0 0 0 - 20841 0 0 : 612352 0 0 : 207.101460 ]
[207.102s][info][gc       ] [OBJCREAT 484245684 25896 24504320 : 207.101525 ]
[207.102s][info][gc       ] [HMSV All : 0 0 140 0 0 0 0 0 : 5062 0 0 0 : 207.101541 ]
[207.102s][info][gc       ] [HMSP 9 : 41100 0 : 207.101541 ]
[207.102s][info][gc       ] [VMAC 65530 166 24 430 620 : 207.102149 ]
[207.325s][info][gc       ] [GPGC-H  2927.0 683.3 0.0 0.0 : 2.7 : 0.460 1.034 : 0.847 1.805 0.864 1.882 : 3.060 1.134 1.030 2.196 1.953 0.445 : 0.000 : 91.993 : 746 1806 34 0 : 2267 : 4608 4424 : 207.325278 : 9 Next_heuristic_check_may_be_too_late ]
[207.329s][info][safepoint] Application time: 0.2277317 seconds
[207.329s][info][safepoint] Total time for which application threads were stopped: 0.0003660 seconds, Stopping threads took: 0.0000005 seconds
[207.330s][info][gc       ] [SPS 0.000 0.003 0.002 0.007 0.001 0.001 0.000 0.332 0.025 0.366 NewGC_pause1 207.328852 ]
[207.374s][info][safepoint] Application time: 0.0453719 seconds
[207.375s][info][safepoint] Total time for which application threads were stopped: 0.0002210 seconds, Stopping threads took: 0.0000005 seconds
[207.376s][info][gc       ] [SPS 0.000 0.001 0.000 0.007 0.000 0.001 0.000 0.178 0.034 0.221 NewGC_pause2 207.374445 ]
[207.377s][info][safepoint] Application time: 0.0028062 seconds
[207.378s][info][safepoint] Total time for which application threads were stopped: 0.0002036 seconds, Stopping threads took: 0.0000005 seconds
[207.378s][info][gc       ] [SPS 0.000 0.000 0.000 0.007 0.000 0.001 0.000 0.162 0.033 0.204 NewGC_pause3 207.377455 ]
[207.379s][info][safepoint] Application time: 0.0017032 seconds
[207.380s][info][safepoint] Total time for which application threads were stopped: 0.0002229 seconds, Stopping threads took: 0.0000005 seconds
[207.380s][info][gc       ] [SPS 0.000 0.003 0.002 0.007 0.000 0.001 0.000 0.190 0.024 0.223 NewGC_pause4 207.379381 ]
[207.380s][info][gc       ] [GC New Max 588-557 : 5120 2914 2166 5120 - - 1056 56 2 2 - : 140 1806 34 184 890 : 136 2 752 752 0 : 0 1 68 0 70 - 0 : 0.224725 2821.2 0.0 0.053935 2669.9 0.0 : 8 --c 0000 : 23 0 0.000 0.000 0 0.000 0.000 0 0.000 0.000 : 207.325937 207.328486 0.000292 207.374224 0.000126 207.377251 0.000116 207.379158 0.000147 : 207.379872 ]
[207.380s][info][gc       ] [SYSINFO 7583 191 89 0 7049 0 20 0 0 5745 : - - - - - - - - : 0 7168 : 4.09 2.01 1.70 : 278178 4215916 : 0 0 : 42 0 : 1547 3 0 259 : - 7678537728 333475840 1445670912 5939011584 199643136 93806592 : 140688591 5453030 156310 0 0 0 : 207.380153 ]
[207.380s][info][gc       ] [HUGEPAGESTAT 0 0 0 - 20841 0 0 : 612352 0 0 : 207.380153 ]
[207.380s][info][gc       ] [OBJCREAT 485015738 25896 24504320 : 207.380201 ]
[207.380s][info][gc       ] [HMSV All : 0 0 140 0 0 0 0 0 : 5062 0 0 0 : 207.380216 ]
[207.380s][info][gc       ] [HMSP 9 : 41100 0 : 207.380216 ]
[207.381s][info][gc       ] [VMAC 65530 166 24 430 620 : 207.380840 ]
[207.604s][info][gc       ] [GPGC-H  2927.0 683.3 0.0 0.0 : 2.7 : 0.458 1.034 : 0.847 1.805 0.864 1.882 : 3.051 1.134 1.030 2.196 1.953 0.445 : 0.000 : 91.760 : 780 1806 34 0 : 2267 : 4608 4424 : 207.603617 : 9 Next_heuristic_check_may_be_too_late ]
[207.607s][info][safepoint] Application time: 0.2271684 seconds
[207.608s][info][safepoint] Total time for which application threads were stopped: 0.0004160 seconds, Stopping threads took: 0.0000005 seconds
[207.608s][info][gc       ] [SPS 0.000 0.004 0.003 0.009 0.001 0.001 0.000 0.376 0.029 0.416 NewGC_pause1 207.606966 ]
[207.652s][info][safepoint] Application time: 0.0444076 seconds
[207.652s][info][safepoint] Total time for which application threads were stopped: 0.0001957 seconds, Stopping threads took: 0.0000004 seconds
[207.653s][info][gc       ] [SPS 0.000 0.001 0.000 0.007 0.000 0.001 0.000 0.163 0.024 0.196 NewGC_pause2 207.651569 ]
[207.654s][info][safepoint] Application time: 0.0026507 seconds
[207.655s][info][safepoint] Total time for which application threads were stopped: 0.0002185 seconds, Stopping threads took: 0.0000005 seconds
[207.655s][info][gc       ] [SPS 0.000 0.000 0.000 0.007 0.001 0.001 0.000 0.134 0.076 0.219 NewGC_pause3 207.654439 ]
[207.656s][info][safepoint] Application time: 0.0015597 seconds
[207.657s][info][safepoint] Total time for which application threads were stopped: 0.0001804 seconds, Stopping threads took: 0.0000005 seconds
[207.657s][info][gc       ] [SPS 0.000 0.003 0.002 0.007 0.001 0.001 0.000 0.145 0.027 0.181 NewGC_pause4 207.656179 ]
[207.657s][info][gc       ] [GC New Max 589-558 : 5120 2940 2160 5120 - - 1056 56 2 2 - : 136 1806 34 184 916 : 132 4 785 785 0 : 0 1 66 0 68 - 0 : 0.224382 2852.3 0.0 0.052434 2670.0 0.0 : 8 --c 0000 : 23 0 0.000 0.000 0 0.000 0.000 0 0.000 0.000 : 207.604254 207.606550 0.000342 207.651374 0.000110 207.654220 0.000101 207.655998 0.000105 : 207.656688 ]
[207.657s][info][gc       ] [SYSINFO 7583 191 89 0 7049 0 20 0 0 5745 : - - - - - - - - : 0 7168 : 4.09 2.01 1.70 : 278178 4215916 : 0 0 : 42 0 : 1547 2 0 259 : - 7678537728 333475840 1445670912 5939011584 199643136 93806592 : 140688591 5453660 156310 0 0 0 : 207.657013 ]
[207.657s][info][gc       ] [HUGEPAGESTAT 0 0 0 - 20841 0 0 : 612352 0 0 : 207.657013 ]
[207.657s][info][gc       ] [OBJCREAT 485788457 25896 24504320 : 207.657067 ]
[207.657s][info][gc       ] [HMSV All : 0 0 140 0 0 0 0 0 : 5062 0 0 0 : 207.657084 ]
[207.657s][info][gc       ] [HMSP 9 : 41100 0 : 207.657084 ]
[207.658s][info][gc       ] [VMAC 65530 166 24 430 620 : 207.657656 ]
[207.860s][info][gc       ] [GPGC-H  2927.0 683.3 0.0 0.0 : 2.7 : 0.457 1.034 : 0.847 1.805 0.864 1.882 : 3.042 1.134 1.030 2.196 1.953 0.445 : 0.000 : 91.527 : 766 1806 34 0 : 2267 : 4608 4424 : 207.860116 : 9 Next_heuristic_check_may_be_too_late ]
[207.863s][info][safepoint] Application time: 0.2068201 seconds
[207.864s][info][safepoint] Total time for which application threads were stopped: 0.0003952 seconds, Stopping threads took: 0.0000006 seconds
[207.865s][info][gc       ] [SPS 0.000 0.004 0.004 0.008 0.001 0.001 0.000 0.359 0.027 0.395 NewGC_pause1 207.863394 ]
[207.908s][info][safepoint] Application time: 0.0442638 seconds
[207.909s][info][safepoint] Total time for which application threads were stopped: 0.0001936 seconds, Stopping threads took: 0.0000005 seconds
[207.909s][info][gc       ] [SPS 0.000 0.001 0.000 0.007 0.000 0.001 0.000 0.161 0.024 0.194 NewGC_pause2 207.907852 ]
[207.911s][info][safepoint] Application time: 0.0029900 seconds
[207.911s][info][safepoint] Total time for which application threads were stopped: 0.0001722 seconds, Stopping threads took: 0.0000005 seconds
[207.912s][info][gc       ] [SPS 0.000 0.000 0.000 0.007 0.000 0.001 0.000 0.139 0.025 0.172 NewGC_pause3 207.911014 ]
[207.913s][info][safepoint] Application time: 0.0015683 seconds
[207.913s][info][safepoint] Total time for which application threads were stopped: 0.0002026 seconds, Stopping threads took: 0.0000005 seconds
[207.913s][info][gc       ] [SPS 0.000 0.002 0.002 0.008 0.001 0.001 0.000 0.169 0.024 0.203 NewGC_pause4 207.912785 ]
[207.914s][info][gc       ] [GC New Max 590-559 : 5120 2900 2132 5120 - - 1056 56 2 2 - : 108 1806 34 184 876 : 104 2 772 772 0 : 0 0 52 0 54 - 0 : 0.203932 3089.3 0.0 0.052620 2166.5 0.0 : 8 --c 0000 : 23 0 0.000 0.000 0 0.000 0.000 0 0.000 0.000 : 207.860620 207.862999 0.000325 207.907658 0.000107 207.910842 0.000100 207.912583 0.000136 : 207.913240 ]
[207.914s][info][gc       ] [SYSINFO 7583 191 89 0 7049 0 20 0 0 5745 : - - - - - - - - : 0 7168 : 4.09 2.01 1.70 : 278178 4215916 : 0 0 : 42 0 : 1547 2 0 259 : - 7678537728 333475840 1445670912 5939011584 199643136 93806592 : 140688591 5454240 156330 0 0 0 : 207.913580 ]
[207.914s][info][gc       ] [HUGEPAGESTAT 0 0 0 - 20841 0 0 : 612352 0 0 : 207.913580 ]
[207.914s][info][gc       ] [OBJCREAT 486523379 25896 24504320 : 207.913645 ]
[207.914s][info][gc       ] [HMSV All : 0 0 140 0 0 0 0 0 : 5062 0 0 0 : 207.913661 ]
[207.914s][info][gc       ] [HMSP 9 : 41100 0 : 207.913661 ]
[207.914s][info][gc       ] [VMAC 65530 166 24 430 620 : 207.914291 ]
[208.157s][info][gc       ] [GPGC-H  2919.5 667.6 0.0 0.0 : 2.6 : 0.456 1.034 : 0.847 1.805 0.864 1.882 : 3.034 1.134 1.030 2.196 1.953 0.445 : 0.000 : 91.317 : 746 1806 34 0 : 2267 : 4608 4424 : 208.157411 : 9 Next_heuristic_check_may_be_too_late ]
[208.161s][info][safepoint] Application time: 0.2474780 seconds
[208.161s][info][safepoint] Total time for which application threads were stopped: 0.0004501 seconds, Stopping threads took: 0.0000008 seconds
[208.162s][info][gc       ] [SPS 0.000 0.004 0.004 0.012 0.001 0.001 0.001 0.408 0.028 0.450 NewGC_pause1 208.160714 ]
[208.206s][info][safepoint] Application time: 0.0448056 seconds
[208.206s][info][safepoint] Total time for which application threads were stopped: 0.0001541 seconds, Stopping threads took: 0.0000005 seconds
[208.207s][info][gc       ] [SPS 0.000 0.001 0.000 0.007 0.000 0.001 0.000 0.108 0.037 0.154 NewGC_pause2 208.205674 ]
[208.209s][info][safepoint] Application time: 0.0026672 seconds
[208.209s][info][safepoint] Total time for which application threads were stopped: 0.0001753 seconds, Stopping threads took: 0.0000005 seconds
[208.209s][info][gc       ] [SPS 0.000 0.000 0.000 0.007 0.000 0.001 0.000 0.141 0.025 0.175 NewGC_pause3 208.208516 ]
[208.210s][info][safepoint] Application time: 0.0015974 seconds
[208.211s][info][safepoint] Total time for which application threads were stopped: 0.0001836 seconds, Stopping threads took: 0.0000005 seconds
[208.211s][info][gc       ] [SPS 0.000 0.003 0.002 0.007 0.000 0.001 0.000 0.150 0.025 0.184 NewGC_pause4 208.210297 ]
[208.211s][info][gc       ] [GC New Max 591-560 : 5120 2908 2160 5120 - - 1056 56 2 2 - : 136 1806 34 184 884 : 130 4 752 752 0 : 0 1 65 0 68 - 0 : 0.244748 2614.9 0.0 0.052880 2647.5 0.0 : 8 --c 0000 : 23 0 0.000 0.000 0 0.000 0.000 0 0.000 0.000 : 208.157988 208.160264 0.000369 208.205519 0.000110 208.208341 0.000101 208.210114 0.000103 : 208.210869 ]
[208.211s][info][gc       ] [SYSINFO 7583 191 89 0 7049 0 20 0 0 5745 : - - - - - - - - : 0 7168 : 4.09 2.01 1.70 : 278178 4215916 : 0 0 : 42 0 : 1547 2 0 259 : - 7678537728 333475840 1445670912 5939011584 199643136 93806592 : 140688591 5454860 156350 0 0 0 : 208.211143 ]
[208.211s][info][gc       ] [HUGEPAGESTAT 0 0 0 - 20841 0 0 : 612352 0 0 : 208.211143 ]
[208.211s][info][gc       ] [OBJCREAT 487295196 25896 24504320 : 208.211192 ]
[208.211s][info][gc       ] [HMSV All : 0 0 140 0 0 0 0 0 : 5062 0 0 0 : 208.211210 ]
[208.211s][info][gc       ] [HMSP 9 : 41100 0 : 208.211210 ]
[208.212s][info][gc       ] [VMAC 65530 166 24 430 620 : 208.211790 ]
[208.374s][info][gc       ] [GPGC-H  2919.5 667.6 0.0 0.0 : 2.6 : 0.454 1.034 : 0.847 1.805 0.864 1.882 : 3.025 1.134 1.030 2.196 1.953 0.445 : 0.000 : 91.064 : 756 1806 34 0 : 2267 : 4608 4424 : 208.374002 : 9 Next_heuristic_check_may_be_too_late ]
[208.378s][info][safepoint] Application time: 0.1669608 seconds
[208.378s][info][safepoint] Total time for which application threads were stopped: 0.0003374 seconds, Stopping threads took: 0.0000005 seconds
[208.379s][info][gc       ] [SPS 0.000 0.004 0.003 0.008 0.001 0.001 0.000 0.287 0.040 0.337 NewGC_pause1 208.377596 ]
[208.462s][info][safepoint] Application time: 0.0843029 seconds
[208.463s][info][safepoint] Total time for which application threads were stopped: 0.0001976 seconds, Stopping threads took: 0.0000005 seconds
[208.463s][info][gc       ] [SPS 0.000 0.001 0.000 0.007 0.000 0.001 0.000 0.165 0.024 0.198 NewGC_pause2 208.462097 ]
[208.465s][info][safepoint] Application time: 0.0025419 seconds
[208.465s][info][safepoint] Total time for which application threads were stopped: 0.0001827 seconds, Stopping threads took: 0.0000005 seconds
[208.466s][info][gc       ] [SPS 0.000 0.001 0.000 0.007 0.000 0.001 0.000 0.147 0.027 0.183 NewGC_pause3 208.464821 ]
[208.467s][info][safepoint] Application time: 0.0015410 seconds
[208.467s][info][safepoint] Total time for which application threads were stopped: 0.0002104 seconds, Stopping threads took: 0.0000005 seconds
[208.467s][info][gc       ] [SPS 0.000 0.003 0.002 0.007 0.000 0.001 0.000 0.163 0.039 0.211 NewGC_pause4 208.466573 ]
[208.468s][info][gc       ] [GC New Max 592-561 : 5120 3200 2656 5120 - - 1056 56 2 2 - : 630 1806 34 184 1176 : 606 10 565 565 0 : 0 2 191 0 275 - 41 : 0.163717 3823.7 0.0 0.092875 4608.3 0.0 : 8 --c 0000 : 23 0 0.000 0.000 0 0.000 0.000 0 0.000 0.000 : 208.374586 208.377259 0.000254 208.461899 0.000106 208.464638 0.000108 208.466362 0.000115 : 208.467461 ]
[208.468s][info][gc       ] [SYSINFO 7583 191 89 0 7049 0 20 0 0 5745 : - - - - - - - - : 0 7168 : 4.09 2.01 1.70 : 278178 4215916 : 0 0 : 42 0 : 1547 2 0 259 : - 7678537728 333475840 1445670912 5939011584 199643136 93806592 : 140688591 5455740 156450 0 0 0 : 208.467764 ]
[208.468s][info][gc       ] [HUGEPAGESTAT 0 0 0 - 20841 0 0 : 612352 0 0 : 208.467764 ]
[208.468s][info][gc       ] [OBJCREAT 488336472 25896 24504320 : 208.467815 ]
[208.468s][info][gc       ] [HMSV All : 0 0 147 0 0 0 0 0 : 5062 0 0 0 : 208.467833 ]
[208.468s][info][gc       ] [HMSP 9 : 41100 0 : 208.467833 ]
[208.468s][info][gc       ] [VMAC 65530 166 24 430 620 : 208.468399 ]
[208.630s][info][gc       ] [GPGC-H  2919.5 667.6 0.0 0.0 : 2.6 : 0.453 1.034 : 0.847 1.805 0.864 1.882 : 3.017 1.134 1.030 2.196 1.953 0.445 : 0.000 : 90.902 : 1232 1806 34 0 : 2267 : 4608 4424 : 208.630149 : 9 Next_heuristic_check_may_be_too_late ]
[208.634s][info][safepoint] Application time: 0.1672927 seconds
[208.635s][info][safepoint] Total time for which application threads were stopped: 0.0002640 seconds, Stopping threads took: 0.0000005 seconds
[208.635s][info][gc       ] [SPS 0.000 0.004 0.003 0.009 0.001 0.001 0.000 0.211 0.042 0.264 NewGC_pause1 208.634130 ]
[208.976s][info][safepoint] Application time: 0.3414538 seconds
[208.977s][info][safepoint] Total time for which application threads were stopped: 0.0003262 seconds, Stopping threads took: 0.0000010 seconds
[208.977s][info][gc       ] [SPS 0.000 0.001 0.000 0.014 0.001 0.002 0.001 0.255 0.053 0.326 NewGC_pause2 208.975910 ]
[208.979s][info][safepoint] Application time: 0.0028061 seconds
[208.979s][info][safepoint] Total time for which application threads were stopped: 0.0002219 seconds, Stopping threads took: 0.0000005 seconds
[208.980s][info][gc       ] [SPS 0.000 0.000 0.000 0.009 0.000 0.001 0.000 0.183 0.028 0.222 NewGC_pause3 208.978938 ]
[208.981s][info][safepoint] Application time: 0.0022108 seconds
[208.982s][info][safepoint] Total time for which application threads were stopped: 0.0001680 seconds, Stopping threads took: 0.0000005 seconds
[208.982s][info][gc       ] [SPS 0.000 0.003 0.002 0.007 0.000 0.001 0.000 0.131 0.028 0.168 NewGC_pause4 208.981317 ]
[208.983s][info][gc       ] [GC New Max 593-562 : 5120 4178 4100 5120 - - 1056 56 2 2 - : 2076 1806 34 184 2154 : 2060 12 84 84 0 : 0 2 461 0 921 - 117 : 0.163356 3685.2 0.0 0.351631 2633.4 0.0 : 8 --c 0000 : 23 0 0.000 0.000 0 0.000 0.000 0 0.000 0.000 : 208.630817 208.633866 0.000135 208.975584 0.000199 208.978716 0.000179 208.981149 0.000090 : 208.982448 ]
[208.983s][info][gc       ] [SYSINFO 7583 191 89 0 7049 0 20 0 0 5745 : - - - - - - - - : 0 7168 : 4.09 2.01 1.70 : 278178 4215916 : 0 0 : 42 0 : 1547 2 0 259 : - 7678537728 333475840 1445670912 5939011584 199643136 93806592 : 140688591 5457940 156570 0 0 0 : 208.982736 ]
[208.983s][info][gc       ] [HUGEPAGESTAT 0 0 0 - 20841 0 0 : 612352 0 0 : 208.982736 ]
[208.983s][info][gc       ] [OBJCREAT 489852274 25896 24504320 : 208.982786 ]
[208.983s][info][gc       ] [HMSV All : 0 0 150 0 0 0 0 0 : 5062 0 0 0 : 208.982802 ]
[208.983s][info][gc       ] [HMSP 9 : 41100 0 : 208.982802 ]
[208.984s][info][gc       ] [VMAC 65530 166 24 430 620 : 208.983705 ]
[209.044s][info][gc       ] [GPGC-H  2919.5 667.6 0.0 0.0 : 2.6 : 0.453 1.034 : 0.847 1.805 0.864 1.882 : 3.002 1.134 1.030 2.196 1.953 0.445 : 0.000 : 90.768 : 2216 1806 34 0 : 2267 : 4608 4424 : 209.044121 : 8 May_exceed_heap_occupancy_target ]
[209.051s][info][safepoint] Application time: 0.0693263 seconds
[209.052s][info][safepoint] Total time for which application threads were stopped: 0.0004975 seconds, Stopping threads took: 0.0000005 seconds
[209.052s][info][gc       ] [SPS 0.000 0.001 0.003 0.007 0.000 0.001 0.000 0.412 0.077 0.498 NewGC_pause1 209.051141 ]
[209.442s][info][safepoint] Application time: 0.3902025 seconds
[209.442s][info][safepoint] Total time for which application threads were stopped: 0.0002635 seconds, Stopping threads took: 0.0000006 seconds
[209.443s][info][gc       ] [SPS 0.000 0.002 0.000 0.009 0.001 0.001 0.000 0.216 0.036 0.263 NewGC_pause2 209.441607 ]
[209.444s][info][safepoint] Application time: 0.0021741 seconds
[209.444s][info][safepoint] Total time for which application threads were stopped: 0.0001955 seconds, Stopping threads took: 0.0000004 seconds
[209.444s][info][gc       ] [SPS 0.000 0.000 0.000 0.006 0.000 0.001 0.000 0.149 0.039 0.196 NewGC_pause3 209.443977 ]
[209.447s][info][safepoint] Application time: 0.0014182 seconds
[209.447s][info][safepoint] Total time for which application threads were stopped: 0.0012289 seconds, Stopping threads took: 0.0000005 seconds
[209.447s][info][gc       ] [SPS 0.000 0.000 0.000 0.012 0.000 0.001 0.000 1.175 0.053 1.241 OldGC_pause2 209.446640 ]
[209.451s][info][safepoint] Application time: 0.0046752 seconds
[209.452s][info][safepoint] Total time for which application threads were stopped: 0.0001411 seconds, Stopping threads took: 0.0000008 seconds
[209.452s][info][gc       ] [SPS 0.000 0.002 0.000 0.013 0.001 0.003 0.001 0.103 0.020 0.141 OldGC_pause3 209.451441 ]
[209.459s][info][safepoint] Application time: 0.0073892 seconds
[209.460s][info][safepoint] Total time for which application threads were stopped: 0.0002314 seconds, Stopping threads took: 0.0000006 seconds
[209.460s][info][gc       ] [SPS 0.000 0.054 0.004 0.008 0.001 0.001 0.000 0.171 0.051 0.231 NewGC_pause4 209.459062 ]
[209.558s][info][gc       ] [GC NTO Max 594-563 : 5120 4852 4676 5120 - - 1056 56 2 2 - : 2652 1806 34 184 2828 : 2360 14 459 459 93 : 0 311 299 0 1271 - 55 : 0.062345 2277.7 0.0 0.512753 1548.5 0.0 : 8 --c 0000 : 23 4469 0.000 0.000 0 0.000 0.000 4469 0.000 0.000 : 209.044793 209.050643 0.000339 209.441344 0.000182 209.443781 0.000111 209.458830 0.000124 : 209.557546 ]
[209.558s][info][gc       ] [SYSINFO 7583 191 89 0 7049 0 20 0 0 5745 : - - - - - - - - : 0 7168 : 4.09 2.01 1.70 : 278178 4215916 : 0 0 : 42 0 : 1547 2 0 259 : - 7678537728 333475840 1445670912 5939011584 199643136 93806592 : 140688591 5462540 156720 0 0 0 : 209.557828 ]
[209.558s][info][gc       ] [HUGEPAGESTAT 0 0 0 - 20841 0 0 : 612352 0 0 : 209.557828 ]
[209.558s][info][gc       ] [OBJCREAT 490781268 25963 24504320 : 209.557883 ]
[209.558s][info][gc       ] [HMSV All : 0 0 150 0 0 0 0 0 : 5062 0 0 0 : 209.557912 ]
[209.558s][info][gc       ] [HMSP 9 : 41100 0 : 209.557912 ]
[209.559s][info][gc       ] [GPGC-H  2922.3 667.6 0.0 0.0 : 2.6 : 0.512 1.034 : 0.847 1.805 0.864 1.882 : 3.002 1.134 1.030 2.196 1.953 0.445 : 0.000 : 90.757 : 2656 1806 34 0 : 2267 : 4608 4424 : 209.559141 : 3 Heap_use_exceeded_committed ]
[209.559s][info][gc       ] [VMAC 65530 166 24 430 620 : 209.558552 ]
[209.561s][info][safepoint] Application time: 0.1017888 seconds
[209.561s][info][safepoint] Total time for which application threads were stopped: 0.0001547 seconds, Stopping threads took: 0.0000005 seconds
[209.562s][info][gc       ] [SPS 0.000 0.002 0.003 0.008 0.001 0.001 0.000 0.113 0.032 0.155 OldGC_pause4 209.561005 ]
[209.562s][info][gc       ] [GC Old Max 595-32 : 5120 4852 2890 5120 - - 1056 56 2 2 - : 2662 12 32 184 1844 : 26 15 1797 1797 0 : 0 8 0 0 22 - 0 : 10.696946 4.3 0.2 0.514786 0.0 0.0 : 4 --c 0000 : 23   -    -    -    -    -    -    -    -    -  : 209.047244 209.050643 0.000339 209.445399 0.001177 209.451301 0.000114 209.560851 0.000062 : 209.562031 ]
[209.562s][info][gc       ] [SYSINFO 7583 191 89 0 7049 0 20 0 0 5745 : - - - - - - - - : 0 7168 : 4.64 2.16 1.75 : 278178 4215916 : 0 0 : 42 0 : 1547 2 0 259 : - 7678537728 333475840 1445670912 5939011584 199643136 93806592 : 140688591 5462550 156720 0 0 0 : 209.562247 ]
[209.562s][info][gc       ] [HUGEPAGESTAT 0 0 0 - 20841 0 0 : 612352 0 0 : 209.562247 ]
[209.562s][info][gc       ] [OBJCREAT 490791179 25963 24504320 : 209.562294 ]
[209.562s][info][gc       ] [HMSV All : 0 0 150 0 0 0 0 0 : 5062 0 0 0 : 209.562310 ]
[209.562s][info][gc       ] [HMSP 9 : 41100 0 : 209.562310 ]
[209.562s][info][gc       ] [COMPSTATS 1 : 5 0 : 1 0 : 0 0 : 539 4 0 0 0 0 : 0 0 0 0 0 0 : 205 208 21 : 543 0 0 0 0 0 0 : 543 0 0 0 0 0 0 ]
[209.562s][info][gc       ] [COMPSTATS 2 : 5 0 : 1 0 : 0 0 : 133 9 0 0 0 0 : 0 0 0 0 0 0 : 62012 62071 10930 : 76 38 28 0 0 0 0 : 17 102 17 3 3 0 0 ]
[209.562s][info][gc       ] [DEOPTSTATS 1 : 1 0 : 0 0 : 0 0 : 0 0 : 0 12 : 0 0 : 0 0 : 0 0 : 0 0 : 0 0 : 0 0 : 0 0 : 0 0 : 0 0 : 0 0 : 0 0 : 0 0 : 0 0 : 0 0 : 0 0 : 0 0 : 0 0 : 0 0 : 0 0 : 0 0 : 0 0 : 0 0 : 0 0 : 0 0 : 0 0 : 6 0 : 0 0 : 0 0 : 0 0 : 0 0 : 0 0 : 0 0 : 0 0 : 0 0 : 0 0 : 0 0 : 0 0 ]
[209.562s][info][gc       ] [DEOPTSTATS 2 : 0 0 : 0 0 : 0 0 : 0 0 : 0 0 : 0 0 : 0 13 : 0 0 : 0 0 : 0 0 : 0 0 : 0 0 : 0 0 : 0 0 : 0 0 : 0 0 : 0 0 : 0 0 : 0 0 : 0 0 : 0 1 : 0 0 : 0 0 : 0 0 : 0 0 : 0 0 : 0 0 : 0 0 : 0 0 : 0 0 : 4 0 : 0 0 : 0 0 : 0 0 : 0 1 : 0 0 : 0 0 : 0 0 : 0 0 : 0 5 : 0 0 : 0 0 ]
[209.564s][info][gc       ] [CCF 0 0 0 0 36 229376: 2997760 : 380 196608 : 3 49152 : 317 311808 :  531 646144 : 118 412160 : 0 0 : 14 1146880 : 1 2048]
[209.563s][info][gc       ] [VMAC 65530 166 24 430 620 : 209.562923 ]
[209.567s][info][safepoint] Application time: 0.0059144 seconds
[209.567s][info][safepoint] Total time for which application threads were stopped: 0.0003045 seconds, Stopping threads took: 0.0000005 seconds
[209.568s][info][gc       ] [SPS 0.000 0.002 0.002 0.008 0.000 0.001 0.000 0.271 0.024 0.305 NewGC_pause1 209.567225 ]
[209.965s][info][safepoint] Application time: 0.3970816 seconds
[209.965s][info][safepoint] Total time for which application threads were stopped: 0.0001939 seconds, Stopping threads took: 0.0000005 seconds
[209.965s][info][gc       ] [SPS 0.000 0.001 0.000 0.007 0.000 0.001 0.000 0.161 0.024 0.194 NewGC_pause2 209.964500 ]
[209.967s][info][safepoint] Application time: 0.0020879 seconds
[209.967s][info][safepoint] Total time for which application threads were stopped: 0.0001443 seconds, Stopping threads took: 0.0000005 seconds
[209.967s][info][gc       ] [SPS 0.000 0.000 0.000 0.007 0.000 0.001 0.000 0.112 0.024 0.144 NewGC_pause3 209.966732 ]
[209.972s][info][safepoint] Application time: 0.0047625 seconds
[209.972s][info][safepoint] Total time for which application threads were stopped: 0.0001414 seconds, Stopping threads took: 0.0000005 seconds
[209.972s][info][gc       ] [SPS 0.000 0.003 0.002 0.007 0.000 0.001 0.000 0.106 0.027 0.142 NewGC_pause4 209.971637 ]
[210.001s][info][gc       ] [GC New Max 596-564 : 5120 4680 2878 5120 - - 1056 56 2 2 - : 2650 12 32 184 3390 : 2482 13 894 894 0 : 0 83 359 0 1270 - 55 : 0.006204 2256.5 0.0 0.436570 1837.0 0.0 : 8 --c 0000 : 23 0 0.000 0.000 0 0.000 0.000 0 0.000 0.000 : 209.563750 209.566920 0.000240 209.964306 0.000106 209.966588 0.000070 209.971495 0.000072 : 210.000320 ]
[210.001s][info][gc       ] [SYSINFO 7583 191 89 0 7049 0 20 0 0 5745 : - - - - - - - - : 0 7168 : 4.64 2.16 1.75 : 278178 4215916 : 0 0 : 42 0 : 1547 2 0 259 : - 7678537728 333475840 1445670912 5939011584 199643136 93806592 : 140688591 5466370 156770 0 0 0 : 210.000604 ]
[210.001s][info][gc       ] [HUGEPAGESTAT 0 0 0 - 20841 0 0 : 612352 0 0 : 210.000604 ]
[210.001s][info][gc       ] [OBJCREAT 491592848 25963 24504320 : 210.000658 ]
[210.001s][info][gc       ] [HMSV All : 0 0 150 0 0 0 0 0 : 5062 0 0 0 : 210.000675 ]
[210.001s][info][gc       ] [HMSP 9 : 41100 0 : 210.000675 ]
[210.002s][info][gc       ] [GPGC-H  2922.3 667.6 0.0 0.0 : 2.6 : 0.512 0.971 : 0.847 1.822 0.864 1.882 : 3.002 1.036 1.030 2.196 1.953 0.445 : 0.000 : 99.498 : 2656 12 32 0 : 2267 : 4608 4424 : 210.001889 : 9 Next_heuristic_check_may_be_too_late ]
[210.001s][info][gc       ] [VMAC 65530 166 24 430 620 : 210.001248 ]
[210.006s][info][safepoint] Application time: 0.0341868 seconds
[210.007s][info][safepoint] Total time for which application threads were stopped: 0.0004484 seconds, Stopping threads took: 0.0000005 seconds
[210.007s][info][gc       ] [SPS 0.000 0.003 0.005 0.008 0.001 0.001 0.000 0.391 0.047 0.449 NewGC_pause1 210.006272 ]
[210.308s][info][safepoint] Application time: 0.3015206 seconds
[210.308s][info][safepoint] Total time for which application threads were stopped: 0.0000766 seconds, Stopping threads took: 0.0000005 seconds
[210.309s][info][gc       ] [SPS 0.001 0.001 0.000 0.008 0.001 0.001 0.001 0.049 0.017 0.076 NewGC_pause2 210.307869 ]
[210.310s][info][safepoint] Application time: 0.0016347 seconds
[210.310s][info][safepoint] Total time for which application threads were stopped: 0.0000742 seconds, Stopping threads took: 0.0000005 seconds
[210.310s][info][gc       ] [SPS 0.000 0.001 0.000 0.008 0.001 0.001 0.000 0.047 0.018 0.074 NewGC_pause3 210.309578 ]
[210.312s][info][safepoint] Application time: 0.0023309 seconds
[210.312s][info][safepoint] Total time for which application threads were stopped: 0.0000852 seconds, Stopping threads took: 0.0000005 seconds
[210.312s][info][gc       ] [SPS 0.000 0.003 0.002 0.008 0.001 0.001 0.000 0.056 0.019 0.085 NewGC_pause4 210.311994 ]
[210.315s][info][gc       ] [GC New Max 597-565 : 5120 3494 2686 5120 - - 1056 56 2 2 - : 2458 12 32 184 3266 : 2365 8 887 887 0 : 0 8 300 0 1174 - 55 : 0.002152 2787.6 0.0 0.312268 1985.5 0.0 : 8 --c 0000 : 23 0 0.000 0.000 0 0.000 0.000 0 0.000 0.000 : 210.002473 210.005824 0.000313 210.307793 0.000053 210.309504 0.000050 210.311909 0.000059 : 210.314741 ]
[210.315s][info][gc       ] [SYSINFO 7583 191 89 0 7049 0 20 0 0 5745 : - - - - - - - - : 0 7168 : 4.64 2.16 1.75 : 278178 4215916 : 0 0 : 42 0 : 1547 3 0 259 : - 7678537728 333475840 1445670912 5939011584 199643136 93806592 : 140688591 5469080 156910 0 0 0 : 210.315054 ]
[210.315s][info][gc       ] [HUGEPAGESTAT 0 0 0 - 20841 0 0 : 612352 0 0 : 210.315054 ]
[210.315s][info][gc       ] [OBJCREAT 492209515 25963 24504320 : 210.315117 ]
[210.315s][info][gc       ] [HMSV All : 0 0 150 0 0 0 0 0 : 5062 0 0 0 : 210.315137 ]
[210.315s][info][gc       ] [HMSP 9 : 41100 0 : 210.315137 ]
[210.316s][info][gc       ] [VMAC 65530 166 24 430 620 : 210.315772 ]
[210.497s][info][gc       ] [GPGC-H  2922.3 651.0 0.0 0.0 : 2.6 : 0.511 0.971 : 0.847 1.822 0.864 1.882 : 3.000 1.036 1.030 2.196 1.953 0.445 : 0.000 : 99.497 : 2992 12 32 0 : 2267 : 4608 4424 : 210.497501 : 9 Next_heuristic_check_may_be_too_late ]
[210.502s][info][safepoint] Application time: 0.1900441 seconds
[210.503s][info][safepoint] Total time for which application threads were stopped: 0.0004305 seconds, Stopping threads took: 0.0000005 seconds
[210.503s][info][gc       ] [SPS 0.000 0.003 0.003 0.007 0.000 0.001 0.000 0.390 0.031 0.430 NewGC_pause1 210.502469 ]
[210.828s][info][safepoint] Application time: 0.3254170 seconds
[210.829s][info][safepoint] Total time for which application threads were stopped: 0.0002215 seconds, Stopping threads took: 0.0000005 seconds
[210.829s][info][gc       ] [SPS 0.000 0.001 0.000 0.007 0.000 0.001 0.000 0.187 0.025 0.222 NewGC_pause2 210.828108 ]
[210.831s][info][safepoint] Application time: 0.0024112 seconds
[210.831s][info][safepoint] Total time for which application threads were stopped: 0.0002593 seconds, Stopping threads took: 0.0000005 seconds
[210.832s][info][gc       ] [SPS 0.000 0.001 0.000 0.008 0.001 0.001 0.000 0.204 0.047 0.259 NewGC_pause3 210.830779 ]
[210.844s][info][safepoint] Application time: 0.0132500 seconds
[210.845s][info][safepoint] Total time for which application threads were stopped: 0.0001843 seconds, Stopping threads took: 0.0000005 seconds
[210.845s][info][gc       ] [SPS 0.000 0.004 0.006 0.008 0.000 0.001 0.000 0.146 0.028 0.184 NewGC_pause4 210.844213 ]
[210.997s][info][gc       ] [GC New Max 598-566 : 5120 4236 3412 5120 - - 1056 56 2 2 - : 2538 656 34 184 4006 : 2769 7 1230 1230 0 : 322 1 502 0 1214 - 55 : 0.183388 2922.8 0.0 0.498768 2718.7 4.0 : 8 --c 0000 : 23 0 0.000 0.000 0 0.000 0.000 0 0.000 0.000 : 210.498129 210.502039 0.000316 210.827887 0.000149 210.830519 0.000086 210.844029 0.000114 : 210.996897 ]
[210.997s][info][gc       ] [SYSINFO 7583 191 89 0 7049 0 20 0 0 5745 : - - - - - - - - : 0 7168 : 4.64 2.16 1.75 : 278178 4215916 : 0 0 : 42 0 : 1547 2 0 259 : - 7678537728 333475840 1445670912 5939011584 199643136 93806592 : 140688591 5473600 157050 0 0 0 : 210.997206 ]
[210.997s][info][gc       ] [HUGEPAGESTAT 0 0 0 - 20841 0 0 : 612352 0 0 : 210.997206 ]
[210.997s][info][gc       ] [OBJCREAT 494086165 25963 25073664 : 210.997273 ]
[210.997s][info][gc       ] [HMSV All : 0 0 150 0 0 0 0 0 : 5062 0 0 0 : 210.997291 ]
[210.997s][info][gc       ] [HMSP 9 : 41100 0 : 210.997291 ]
[210.998s][info][gc       ] [VMAC 65530 166 24 430 620 : 210.997770 ]
[210.998s][info][gc       ] [GPGC-H  2922.3 651.0 0.0 0.0 : 2.6 : 0.511 0.971 : 0.847 1.822 0.864 1.882 : 3.000 1.036 1.030 2.196 1.953 0.445 : 0.000 : 99.290 : 2542 656 34 0 : 2267 : 4608 4424 : 210.997993 : 8 May_exceed_heap_occupancy_target ]
[211.003s][info][safepoint] Application time: 0.1581781 seconds
[211.003s][info][safepoint] Total time for which application threads were stopped: 0.0001846 seconds, Stopping threads took: 0.0000005 seconds
[211.003s][info][gc       ] [SPS 0.000 0.001 0.006 0.008 0.001 0.001 0.000 0.151 0.024 0.185 NewGC_pause1 211.002576 ]
[211.268s][info][safepoint] Application time: 0.2656260 seconds
[211.269s][info][safepoint] Total time for which application threads were stopped: 0.0000795 seconds, Stopping threads took: 0.0000005 seconds
[211.270s][info][gc       ] [SPS 0.000 0.001 0.000 0.007 0.000 0.001 0.000 0.055 0.016 0.079 NewGC_pause2 211.268282 ]
[211.271s][info][safepoint] Application time: 0.0023615 seconds
[211.289s][info][safepoint] Total time for which application threads were stopped: 0.0001004 seconds, Stopping threads took: 0.0000005 seconds
[211.290s][info][gc       ] [SPS 0.000 0.001 0.000 0.010 0.001 0.001 0.000 0.071 0.017 0.100 NewGC_pause3 211.270744 ]
[211.290s][info][safepoint] Application time: 0.0193266 seconds
[211.290s][info][safepoint] Total time for which application threads were stopped: 0.0000959 seconds, Stopping threads took: 0.0000006 seconds
[211.291s][info][gc       ] [SPS 0.000 0.043 0.034 0.009 0.001 0.001 0.000 0.062 0.022 0.096 NewGC_pause4 211.290167 ]
[211.611s][info][gc       ] [GC NTO Max 599-567 : 5120 4008 3396 5120 - - 1056 56 2 2 - : 1764 1414 34 184 3134 : 1727 3 1406 1406 14 : 379 0 293 0 882 - 0 : 0.001619 3705.2 0.0 0.612116 2228.3 0.0 : 8 --c 0000 : 23 0 0.000 0.000 0 0.000 0.000 0 0.000 0.000 : 210.998516 211.002392 0.000155 211.268203 0.000058 211.270644 0.000077 211.290071 0.000069 : 211.610632 ]
[211.611s][info][gc       ] [SYSINFO 7583 191 89 0 7049 0 20 0 0 5745 : - - - - - - - - : 0 7168 : 4.64 2.16 1.75 : 278178 4215916 : 0 0 : 42 0 : 1547 3 0 259 : - 7678537728 333475840 1445670912 5939011584 199643136 93806592 : 140688591 5478830 157110 0 0 0 : 211.611122 ]
[211.611s][info][gc       ] [HUGEPAGESTAT 0 0 0 - 20841 0 0 : 612352 0 0 : 211.611122 ]
[211.611s][info][gc       ] [OBJCREAT 495441778 26027 25849856 : 211.611219 ]
[211.611s][info][gc       ] [HMSV All : 0 0 150 0 0 0 0 0 : 5062 0 0 0 : 211.611254 ]
[211.611s][info][gc       ] [HMSP 9 : 41100 0 : 211.611254 ]
[211.612s][info][gc       ] [VMAC 65530 166 24 430 620 : 211.611980 ]
[211.612s][info][safepoint] Application time: 0.3208267 seconds
[211.612s][info][gc       ] [GPGC-H  2903.9 651.0 0.0 0.0 : 2.6 : 0.510 0.971 : 0.847 1.822 0.864 1.882 : 3.364 1.036 1.030 2.196 1.953 0.445 : 0.000 : 99.736 : 1764 1414 34 0 : 2267 : 4608 4424 : 211.612184 : 8 May_exceed_heap_occupancy_target ]
[211.613s][info][safepoint] Total time for which application threads were stopped: 0.0010730 seconds, Stopping threads took: 0.0000009 seconds
[211.613s][info][gc       ] [SPS 0.000 0.001 0.000 0.016 0.001 0.001 0.001 1.004 0.050 1.073 OldGC_pause2 211.612067 ]
[211.616s][info][safepoint] Application time: 0.0040802 seconds
[211.617s][info][safepoint] Total time for which application threads were stopped: 0.0001701 seconds, Stopping threads took: 0.0000007 seconds
[211.617s][info][gc       ] [SPS 0.000 0.001 0.000 0.011 0.001 0.001 0.000 0.133 0.024 0.170 OldGC_pause3 211.616317 ]
[211.620s][info][safepoint] Application time: 0.0031054 seconds
[211.620s][info][safepoint] Total time for which application threads were stopped: 0.0002121 seconds, Stopping threads took: 0.0000005 seconds
[211.620s][info][gc       ] [SPS 0.000 0.681 0.003 0.007 0.001 0.001 0.000 0.186 0.017 0.212 NewGC_pause1 211.619635 ]
[211.777s][info][safepoint] Application time: 0.1568602 seconds
[211.777s][info][safepoint] Total time for which application threads were stopped: 0.0000857 seconds, Stopping threads took: 0.0000005 seconds
[211.777s][info][gc       ] [SPS 0.000 0.001 0.000 0.008 0.001 0.001 0.000 0.058 0.017 0.086 NewGC_pause2 211.776581 ]
[211.778s][info][safepoint] Application time: 0.0013859 seconds
[211.778s][info][safepoint] Total time for which application threads were stopped: 0.0000673 seconds, Stopping threads took: 0.0000005 seconds
[211.778s][info][gc       ] [SPS 0.000 0.001 0.000 0.007 0.000 0.001 0.000 0.042 0.016 0.067 NewGC_pause3 211.778034 ]
[211.795s][info][safepoint] Application time: 0.0165517 seconds
[211.795s][info][safepoint] Total time for which application threads were stopped: 0.0001057 seconds, Stopping threads took: 0.0000006 seconds
[211.796s][info][gc       ] [SPS 0.000 0.004 0.007 0.009 0.001 0.001 0.000 0.060 0.034 0.105 NewGC_pause4 211.794692 ]
[211.901s][info][gc       ] [GC New Max 601-568 : 5120 3724 2590 5120 - - 1056 56 2 2 - : 606 1766 34 184 2092 : 700 4 1388 1388 0 : 176 0 155 0 303 - 0 : 0.005419 1845.4 0.0 0.285006 1971.9 0.0 : 8 --c 0000 : 23 0 0.000 0.000 0 0.000 0.000 0 0.000 0.000 : 211.616051 211.619423 0.000189 211.776495 0.000063 211.777967 0.000045 211.794586 0.000065 : 211.901057 ]
[211.901s][info][gc       ] [SYSINFO 7583 191 89 0 7049 0 20 0 0 5745 : - - - - - - - - : 0 7168 : 4.64 2.16 1.75 : 278178 4215916 : 0 0 : 42 0 : 1547 2 0 259 : - 7678537728 333475840 1445670912 5939011584 199643136 93806592 : 140688591 5481280 157250 0 0 0 : 211.901322 ]
[211.901s][info][gc       ] [HUGEPAGESTAT 0 0 0 - 20841 0 0 : 612352 0 0 : 211.901322 ]
[211.901s][info][gc       ] [OBJCREAT 496008723 26027 26179584 : 211.901379 ]
[211.901s][info][gc       ] [HMSV All : 0 0 150 0 0 0 0 0 : 5062 0 0 0 : 211.901397 ]
[211.901s][info][gc       ] [HMSP 9 : 41100 0 : 211.901397 ]
[211.902s][info][gc       ] [VMAC 65530 166 24 430 620 : 211.901986 ]
[211.904s][info][safepoint] Application time: 0.1095873 seconds
[211.905s][info][safepoint] Total time for which application threads were stopped: 0.0002041 seconds, Stopping threads took: 0.0000005 seconds
[211.905s][info][gc       ] [SPS 0.000 0.003 0.004 0.008 0.001 0.001 0.000 0.152 0.042 0.204 OldGC_pause4 211.904483 ]
[211.908s][info][gc       ] [GCH                          : heap usage MB                                                        : gens MB                        : heap info MB                : pages                              : intercycle               intracycle               : gc            : threads  delay       failed      paced       : gc    pause 1   pause 2   pause 3   pause 4   : end]
[211.908s][info][gc       ] [GCH type label tot_ct-cyc_ct : max peak cur pcommit ppause upause rss codec_cap codec monitors jsys : new old perm internal gen-peak : live frag found cllctd lmtd : prom reloc noreloc rspike sm md lg : sec alloc-rate perm-rate sec alloc-rate perm-rate : thrds md diag : tot      cnt avg max cnt avg max cnt avg max : start start dur start dur start dur start dur : end]
[211.908s][info][gc       ] [SYSINFOH sysMemUsed cacheActiveFile cacheInactiveFile cacheActiveAnon cacheInactiveAnon swapCached buffers unevictable mlocked mapped : totalSysZingMemAcrossPartitions sysZingMemTot sysZingReservableUsed sysZingReservableTot sysZingContMemUsed sysZingContMemTot sysZingPPMemUsed sysZingPPMemTot : swapUsed swapMax : load1 load5 load15 : pageIn pageOut : swapPageIn swapPageOut : majorFaults cMajorFaults : processes procsRunning procsBlocked procsTotal : cgMem_limit_bytes cgMem_usage_bytes cgMem_max_usage_bytes cgMem_total_rss_bytes cgMem_total_shmem_bytes cgMem_total_active_file_bytes cgMem_total_inactive_file_bytes : cgCPU_usage_ms cgCPU_user_usage_ms cgCPU_system_usage_ms cgCPU_throttle_nof_periods cgCPU_throttle_nof_throttle cgCPU_throttle_throttled_ms : end(s) ]
[211.908s][info][gc       ] [HUGEPAGESTATH compact_stall compact_success compact_fail compact_pages_moved thp_fault_alloc thp_fault_fallback thp_file_alloc : anon_huge_pages shmem_pmd_mapped shmem_huge_pages : end(s) ]
[211.908s][info][gc       ] [OBJCREATH newGen(kB) permGen(kB) oldGen(kB) : end(s)]
[211.908s][info][gc       ] [VMACH vmaMax vmaStack vmaHeap vmaOther vmaCount : end(s)]
[211.908s][info][gc       ] [HMSVH gen : maps mapStomps mapReuses mapMisses cacheHits cacheMisses cachePartFlushes cacheFullFlushes : watermark cached cachedMin cachedMax : end(s)]
[211.908s][info][gc       ] [HMSPH maps : mapped unmapped : end(s)]
[211.908s][info][gc       ] [GPGC-HH Model MB/sec . .             : KIDRate : EstTime secs : Throttled GC Threads EstTime secs                    : CPU EstTime secs                                                      : Pause EstTime secs : EstTime percent : Sizes MB . .        : KIDCount  : Target MB   : Time(secs) : Heuristic ]
[211.908s][info][gc       ] [GPGC-HH NewGen OldGen PermGen Direct : KID/sec : NewGC OldGC  : NewGC_Model1 OldGC_Model1 NewGC_Model2 OldGC_Model2  : NewCPU OldCPU NewCPU_Model1 OldCPU_Model1 NewCPU_Model2 OldCPU_Model2 : NewGC_pause1       : NewGC_time      : New Old Perm Direct : KID       : Heap NewGen : Time       : ReasonCode ReasonString ]
[211.908s][info][gc       ] [COMPSTATSH      : Threads      : CompQueue   : StashQueue  : CompileCounts                                                                                                : StashCounts                                                                                              : TotalTimes ms                         : WaitTimes Histogram                                               : CompileTimes Histogram ]
[211.908s][info][gc       ] [COMPSTATSH Tier : Total Active : Peak Active : Peak Active : FullMethodCompiles OSRMethodCompiles MethodFailToInstall OSRFailToInstall FullMethodEvicted OSRMethodEvicted : MethodStashCompiles OSRStashCompiles MethodStashFailed OSRStashFailed MethodStashEvicted OSRStashEvicted : CPUTime WallClockTime WaitInQueueTime : 0-9 10-99 100-999 1000-9999 10000-99999 100000-999999 1000000-INF : 0-9 10-99 100-999 1000-9999 10000-99999 100000-999999 1000000-INF ]
[211.908s][info][gc       ] [DEOPTSTATSH : deoptimization : deoptimization_frame : deopt_on_throw : unloaded : cha : non_static_final_fields : unreached_if : unreached_call : athrow : null_check : div0_check : range_check : range_check_widened : cast_check : unhandled : predicate : loop_limit_check : array_store_check : uninitialized : unloaded_array_class : unexpected_klass_mono : unexpected_klass_bi : unexpected_klass_tri : unexpected_null_cast : intrinsic_check : Reason_fast_intrinsic_check : install_async_ex : new_exception : jvmti : static_in_clinit : stuck_in_loop : tier1_patch_volatile_field : too_many_compiles : deopt_a_lot : uncounted_loop_speculation_failed : loop_nest_speculation_failed : inacc_field_null_rcvr : new_gen_oop_assumption_failed : Reason_devirt_no_profile : unreached_jump : effectively_final_fields : unreached_switch_case ]
[211.908s][info][gc       ] [DEOPTSTATSH Tier : Entr NonEntr : Entr NonEntr : Entr NonEntr : Entr NonEntr : Entr NonEntr : Entr NonEntr : Entr NonEntr : Entr NonEntr : Entr NonEntr : Entr NonEntr : Entr NonEntr : Entr NonEntr : Entr NonEntr : Entr NonEntr : Entr NonEntr : Entr NonEntr : Entr NonEntr : Entr NonEntr : Entr NonEntr : Entr NonEntr : Entr NonEntr : Entr NonEntr : Entr NonEntr : Entr NonEntr : Entr NonEntr : Entr NonEntr : Entr NonEntr : Entr NonEntr : Entr NonEntr : Entr NonEntr : Entr NonEntr : Entr NonEntr : Entr NonEntr : Entr NonEntr : Entr NonEntr : Entr NonEntr : Entr NonEntr : Entr NonEntr : Entr NonEntr : Entr NonEntr : Entr NonEntr : Entr NonEntr ]
[211.911s][info][gc       ] [CCFH queuedForFlush queuedForFlushSize flushed flushedSize freedTotal freedTotalSize : bytesAllTypes : c2i2cAdapters c2i2cAdaptersBytes : methodStubs methodStubsBytes : nativeWrappers nativeWrappersBytes : tier1Compiles tier1CompilesBytes : tier2Compiles tier2CompilesBytes : objMonitors objMonitorsBytes : vtables vtablesBytes : mhAdapters mhAdaptersBytes ]
[211.911s][info][gc       ] [GC Old Max 600-33 : 5120 4236 2596 5120 - - 1056 56 2 2 - : 624 1756 32 184 1816 : 1769 36 3 3 0 : 0 13 555 4 839 - 55 : 1.438004 386.6 1.4 0.907534 1190.0 0.0 : 4 --c 0000 : 23   -    -    -    -    -    -    -    -    -  : 211.000034 211.002392 0.000155 211.610994 0.001018 211.616147 0.000140 211.904279 0.000090 : 211.907568 ]
[211.911s][info][gc       ] [SYSINFO 7583 191 89 0 7049 0 20 0 0 5745 : - - - - - - - - : 0 7168 : 4.64 2.16 1.75 : 278178 4215916 : 0 0 : 42 0 : 1547 2 0 259 : - 7678537728 333475840 1445670912 5939011584 199643136 93806592 : 140688591 5481290 157260 0 0 0 : 211.911371 ]
[211.911s][info][gc       ] [HUGEPAGESTAT 0 0 0 - 20841 0 0 : 612352 0 0 : 211.911371 ]
[211.911s][info][gc       ] [OBJCREAT 496034492 26027 26179584 : 211.911425 ]
[211.911s][info][gc       ] [HMSV All : 0 0 150 0 0 0 0 0 : 5062 0 0 0 : 211.911448 ]
[211.911s][info][gc       ] [HMSP 9 : 41100 0 : 211.911448 ]
[211.911s][info][gc       ] [COMPSTATS 1 : 5 0 : 1 0 : 0 0 : 540 4 0 0 0 0 : 0 0 0 0 0 0 : 206 209 21 : 544 0 0 0 0 0 0 : 544 0 0 0 0 0 0 ]
[211.911s][info][gc       ] [COMPSTATS 2 : 5 0 : 1 0 : 0 0 : 133 9 0 0 0 0 : 0 0 0 0 0 0 : 62012 62071 10930 : 76 38 28 0 0 0 0 : 17 102 17 3 3 0 0 ]
[211.911s][info][gc       ] [DEOPTSTATS 1 : 1 0 : 0 0 : 0 0 : 0 0 : 0 12 : 0 0 : 0 0 : 0 0 : 0 0 : 0 0 : 0 0 : 0 0 : 0 0 : 0 0 : 0 0 : 0 0 : 0 0 : 0 0 : 0 0 : 0 0 : 0 0 : 0 0 : 0 0 : 0 0 : 0 0 : 0 0 : 0 0 : 0 0 : 0 0 : 0 0 : 6 0 : 0 0 : 0 0 : 0 0 : 0 0 : 0 0 : 0 0 : 0 0 : 0 0 : 0 0 : 0 0 : 0 0 ]
[211.911s][info][gc       ] [DEOPTSTATS 2 : 0 0 : 0 0 : 0 0 : 0 0 : 0 0 : 0 0 : 0 13 : 0 0 : 0 0 : 0 0 : 0 0 : 0 0 : 0 0 : 0 0 : 0 0 : 0 0 : 0 0 : 0 0 : 0 0 : 0 0 : 0 1 : 0 0 : 0 0 : 0 0 : 0 0 : 0 0 : 0 0 : 0 0 : 0 0 : 0 0 : 4 0 : 0 0 : 0 0 : 0 0 : 0 1 : 0 0 : 0 0 : 0 0 : 0 0 : 0 5 : 0 0 : 0 0 ]
[211.912s][info][gc       ] [VMAC 65530 166 24 430 620 : 211.911967 ]
[211.913s][info][gc       ] [CCF 0 0 0 0 36 229376: 2998784 : 380 196608 : 3 49152 : 317 311808 :  532 647168 : 118 412160 : 0 0 : 14 1146880 : 1 2048]
[212.104s][info][gc       ] [GPGC-H  2903.9 651.0 0.0 0.0 : 2.6 : 0.509 0.969 : 0.847 1.838 0.864 1.882 : 3.362 1.021 1.030 2.196 1.953 0.445 : 0.000 : 99.734 : 1130 1756 32 0 : 2267 : 4608 4424 : 212.103553 : 9 Next_heuristic_check_may_be_too_late ]
[212.107s][info][safepoint] Application time: 0.2019481 seconds
[212.107s][info][safepoint] Total time for which application threads were stopped: 0.0003718 seconds, Stopping threads took: 0.0000005 seconds
[212.107s][info][gc       ] [SPSH lock suspend gclocker notify wait resuspend cleanup op_time wakeup total(ms) op_name end(s) ]
[212.107s][info][gc       ] [SPS 0.000 0.004 0.006 0.008 0.001 0.002 0.000 0.333 0.028 0.372 NewGC_pause1 212.106804 ]
[212.216s][info][safepoint] Application time: 0.1094411 seconds
[212.217s][info][safepoint] Total time for which application threads were stopped: 0.0001889 seconds, Stopping threads took: 0.0000005 seconds
[212.217s][info][gc       ] [SPS 0.000 0.001 0.000 0.007 0.001 0.001 0.000 0.155 0.025 0.189 NewGC_pause2 212.216434 ]
[212.219s][info][safepoint] Application time: 0.0027927 seconds
[212.220s][info][safepoint] Total time for which application threads were stopped: 0.0002473 seconds, Stopping threads took: 0.0000005 seconds
[212.220s][info][gc       ] [SPS 0.000 0.001 0.000 0.012 0.000 0.001 0.000 0.206 0.029 0.247 NewGC_pause3 212.219474 ]
[212.226s][info][safepoint] Application time: 0.0065534 seconds
[212.227s][info][safepoint] Total time for which application threads were stopped: 0.0002501 seconds, Stopping threads took: 0.0000007 seconds
[212.227s][info][gc       ] [SPS 0.001 0.005 0.007 0.012 0.001 0.002 0.001 0.189 0.046 0.250 NewGC_pause4 212.226278 ]
[212.254s][info][gc       ] [GC New Max 602-569 : 5120 3366 2344 5120 - - 1056 56 2 2 - : 322 1806 32 184 1394 : 307 4 1086 1086 0 : 25 1 129 0 161 - 0 : 0.202844 2593.1 0.0 0.149440 2181.5 0.0 : 8 --c 0000 : 23 0 0.000 0.000 0 0.000 0.000 0 0.000 0.000 : 212.103900 212.106432 0.000284 212.216245 0.000114 212.219226 0.000132 212.226028 0.000121 : 212.253340 ]
[212.254s][info][gc       ] [SYSINFO 7583 191 89 0 7049 0 20 0 0 5745 : - - - - - - - - : 0 7168 : 4.64 2.16 1.75 : 278178 4215936 : 0 0 : 47 0 : 1547 2 0 259 : - 7678537728 333475840 1445670912 5939011584 199643136 93806592 : 140688591 5482660 157370 0 0 0 : 212.253638 ]
[212.254s][info][gc       ] [HUGEPAGESTAT 0 0 0 - 20841 0 0 : 612352 0 0 : 212.253638 ]
[212.254s][info][gc       ] [OBJCREAT 496851499 26027 26230784 : 212.253709 ]
[212.254s][info][gc       ] [HMSV All : 0 0 150 0 0 0 0 0 : 5062 0 0 0 : 212.253726 ]
[212.254s][info][gc       ] [HMSP 9 : 41100 0 : 212.253726 ]
[212.254s][info][gc       ] [VMAC 65530 166 24 430 620 : 212.254241 ]
[212.476s][info][gc       ] [GPGC-H  2903.9 834.9 0.0 0.0 : 2.5 : 0.507 0.969 : 0.847 1.838 0.864 1.882 : 3.359 1.021 1.030 2.196 1.953 0.445 : 0.000 : 99.501 : 920 1806 32 0 : 2267 : 4608 4424 : 212.476171 : 9 Next_heuristic_check_may_be_too_late ]
[212.480s][info][safepoint] Application time: 0.2532269 seconds
[212.480s][info][safepoint] Total time for which application threads were stopped: 0.0001702 seconds, Stopping threads took: 0.0000006 seconds
[212.481s][info][gc       ] [SPS 0.000 0.005 0.004 0.010 0.001 0.001 0.001 0.134 0.024 0.170 NewGC_pause1 212.479675 ]
[212.539s][info][safepoint] Application time: 0.0592846 seconds
[212.540s][info][safepoint] Total time for which application threads were stopped: 0.0000977 seconds, Stopping threads took: 0.0000005 seconds
[212.540s][info][gc       ] [SPS 0.000 0.001 0.000 0.008 0.000 0.001 0.000 0.070 0.018 0.098 NewGC_pause2 212.539057 ]
[212.541s][info][safepoint] Application time: 0.0021129 seconds
[212.542s][info][safepoint] Total time for which application threads were stopped: 0.0001083 seconds, Stopping threads took: 0.0000005 seconds
[212.542s][info][gc       ] [SPS 0.000 0.001 0.000 0.008 0.001 0.001 0.000 0.077 0.021 0.108 NewGC_pause3 212.541279 ]
[212.543s][info][safepoint] Application time: 0.0015569 seconds
[212.543s][info][safepoint] Total time for which application threads were stopped: 0.0001874 seconds, Stopping threads took: 0.0000005 seconds
[212.544s][info][gc       ] [SPS 0.000 0.003 0.002 0.007 0.001 0.001 0.000 0.145 0.033 0.187 NewGC_pause4 212.543023 ]
[212.544s][info][gc       ] [GC New Max 603-570 : 5120 3100 2182 5120 - - 1056 56 2 2 - : 160 1806 32 184 1078 : 154 4 923 923 0 : 0 1 77 0 80 - 0 : 0.223440 2685.3 0.0 0.066677 2399.6 0.0 : 8 --c 0000 : 23 0 0.000 0.000 0 0.000 0.000 0 0.000 0.000 : 212.476780 212.479505 0.000137 212.538960 0.000052 212.541170 0.000073 212.542836 0.000074 : 212.543458 ]
[212.544s][info][gc       ] [SYSINFO 7583 191 89 0 7049 0 20 0 0 5745 : - - - - - - - - : 0 7168 : 4.64 2.16 1.75 : 278178 4215936 : 0 0 : 47 0 : 1547 4 0 259 : - 7678537728 333475840 1445670912 5939011584 199643136 93806592 : 140688591 5483380 157400 0 0 0 : 212.543772 ]
[212.544s][info][gc       ] [HUGEPAGESTAT 0 0 0 - 20841 0 0 : 612352 0 0 : 212.543772 ]
[212.544s][info][gc       ] [OBJCREAT 497602329 26027 26230784 : 212.543822 ]
[212.544s][info][gc       ] [HMSV All : 0 0 150 0 0 0 0 0 : 5062 0 0 0 : 212.543841 ]
[212.544s][info][gc       ] [HMSP 9 : 41100 0 : 212.543841 ]
[212.544s][info][gc       ] [VMAC 65530 166 24 430 620 : 212.544416 ]
[212.767s][info][gc       ] [GPGC-H  2903.9 834.9 0.0 0.0 : 2.5 : 0.506 0.969 : 0.847 1.838 0.864 1.882 : 3.355 1.021 1.030 2.196 1.953 0.445 : 0.000 : 99.245 : 766 1806 32 0 : 2267 : 4608 4424 : 212.767033 : 9 Next_heuristic_check_may_be_too_late ]
[212.770s][info][safepoint] Application time: 0.2270330 seconds
[212.771s][info][safepoint] Total time for which application threads were stopped: 0.0003008 seconds, Stopping threads took: 0.0000005 seconds
[212.771s][info][gc       ] [SPS 0.000 0.003 0.005 0.008 0.001 0.001 0.000 0.256 0.035 0.301 NewGC_pause1 212.770357 ]
[212.817s][info][safepoint] Application time: 0.0466278 seconds
[212.818s][info][safepoint] Total time for which application threads were stopped: 0.0001640 seconds, Stopping threads took: 0.0000005 seconds
[212.818s][info][gc       ] [SPS 0.000 0.002 0.000 0.008 0.000 0.001 0.000 0.131 0.024 0.164 NewGC_pause2 212.817149 ]
[212.820s][info][safepoint] Application time: 0.0024163 seconds
[212.820s][info][safepoint] Total time for which application threads were stopped: 0.0001191 seconds, Stopping threads took: 0.0000005 seconds
[212.820s][info][gc       ] [SPS 0.000 0.000 0.000 0.008 0.001 0.001 0.000 0.079 0.031 0.119 NewGC_pause3 212.819684 ]
[212.822s][info][safepoint] Application time: 0.0016782 seconds
[212.822s][info][safepoint] Total time for which application threads were stopped: 0.0002028 seconds, Stopping threads took: 0.0000005 seconds
[212.822s][info][gc       ] [SPS 0.000 0.003 0.002 0.008 0.001 0.001 0.000 0.166 0.028 0.203 NewGC_pause4 212.821566 ]
[212.822s][info][gc       ] [GC New Max 604-571 : 5120 2900 2132 5120 - - 1056 56 2 2 - : 110 1806 32 184 878 : 106 4 773 773 0 : 0 1 53 0 55 - 0 : 0.224204 2711.8 0.0 0.054445 2093.8 0.0 : 8 --c 0000 : 23 0 0.000 0.000 0 0.000 0.000 0 0.000 0.000 : 212.767661 212.770056 0.000256 212.816985 0.000072 212.819565 0.000076 212.821363 0.000079 : 212.822107 ]
[212.822s][info][gc       ] [SYSINFO 7583 191 89 0 7049 0 20 0 0 5745 : - - - - - - - - : 0 7168 : 4.64 2.16 1.75 : 278178 4215936 : 0 0 : 47 0 : 1547 2 0 259 : - 7678537728 333475840 1445670912 5939011584 199643136 93806592 : 140688591 5483990 157450 0 0 0 : 212.822421 ]
[212.822s][info][gc       ] [HUGEPAGESTAT 0 0 0 - 20841 0 0 : 612352 0 0 : 212.822421 ]
[212.822s][info][gc       ] [OBJCREAT 498317060 26027 26230784 : 212.822473 ]
[212.822s][info][gc       ] [HMSV All : 0 0 150 0 0 0 0 0 : 5062 0 0 0 : 212.822492 ]
[212.822s][info][gc       ] [HMSP 9 : 41100 0 : 212.822492 ]
[212.823s][info][gc       ] [VMAC 65530 166 24 430 620 : 212.823171 ]
[213.046s][info][gc       ] [GPGC-H  2903.9 834.9 0.0 0.0 : 2.5 : 0.504 0.969 : 0.847 1.838 0.864 1.882 : 3.348 1.021 1.030 2.196 1.953 0.445 : 0.000 : 98.989 : 748 1806 32 0 : 2267 : 4608 4424 : 213.045834 : 9 Next_heuristic_check_may_be_too_late ]
[213.049s][info][safepoint] Application time: 0.2272951 seconds
[213.049s][info][safepoint] Total time for which application threads were stopped: 0.0001394 seconds, Stopping threads took: 0.0000006 seconds
[213.050s][info][gc       ] [SPS 0.000 0.005 0.002 0.008 0.001 0.001 0.000 0.110 0.019 0.139 NewGC_pause1 213.049000 ]
[213.094s][info][safepoint] Application time: 0.0446038 seconds
[213.094s][info][safepoint] Total time for which application threads were stopped: 0.0000739 seconds, Stopping threads took: 0.0000005 seconds
[213.094s][info][gc       ] [SPS 0.000 0.001 0.000 0.007 0.000 0.001 0.000 0.049 0.016 0.074 NewGC_pause2 213.093678 ]
[213.095s][info][safepoint] Application time: 0.0016118 seconds
[213.096s][info][safepoint] Total time for which application threads were stopped: 0.0000850 seconds, Stopping threads took: 0.0000005 seconds
[213.096s][info][gc       ] [SPS 0.000 0.000 0.000 0.008 0.001 0.001 0.000 0.060 0.016 0.085 NewGC_pause3 213.095375 ]
[213.097s][info][safepoint] Application time: 0.0013426 seconds
[213.097s][info][safepoint] Total time for which application threads were stopped: 0.0001022 seconds, Stopping threads took: 0.0000005 seconds
[213.097s][info][gc       ] [SPS 0.000 0.022 0.002 0.007 0.000 0.001 0.000 0.066 0.028 0.102 NewGC_pause4 213.096820 ]
[213.098s][info][gc       ] [GC New Max 605-572 : 5120 2870 2124 5120 - - 1056 56 2 2 - : 102 1806 32 184 848 : 98 4 751 751 0 : 0 1 49 0 51 - 0 : 0.224240 2845.2 0.0 0.050970 2040.4 0.0 : 8 --c 0000 : 23 0 0.000 0.000 0 0.000 0.000 0 0.000 0.000 : 213.046347 213.048861 0.000111 213.093604 0.000054 213.095290 0.000062 213.096718 0.000069 : 213.097317 ]
[213.098s][info][gc       ] [SYSINFO 7583 191 89 0 7049 0 20 0 0 5745 : - - - - - - - - : 0 7168 : 4.64 2.16 1.75 : 278178 4215936 : 0 0 : 47 0 : 1547 2 0 259 : - 7678537728 333475840 1445670912 5939011584 199643136 93806592 : 140688591 5484530 157490 0 0 0 : 213.097870 ]
[213.098s][info][gc       ] [HUGEPAGESTAT 0 0 0 - 20841 0 0 : 612352 0 0 : 213.097870 ]
[213.098s][info][gc       ] [OBJCREAT 499054412 26027 26230784 : 213.098062 ]
[213.098s][info][gc       ] [HMSV All : 0 0 150 0 0 0 0 0 : 5062 0 0 0 : 213.098108 ]
[213.098s][info][gc       ] [HMSP 9 : 41100 0 : 213.098108 ]
[213.099s][info][gc       ] [VMAC 65530 166 24 430 620 : 213.098679 ]
[213.341s][info][gc       ] [GPGC-H  2903.9 834.9 0.0 0.0 : 2.5 : 0.503 0.969 : 0.847 1.838 0.864 1.882 : 3.340 1.021 1.030 2.196 1.953 0.445 : 0.000 : 98.734 : 778 1806 32 0 : 2267 : 4608 4424 : 213.341061 : 9 Next_heuristic_check_may_be_too_late ]
[213.344s][info][safepoint] Application time: 0.2472739 seconds
[213.345s][info][safepoint] Total time for which application threads were stopped: 0.0002427 seconds, Stopping threads took: 0.0000004 seconds
[213.345s][info][gc       ] [SPS 0.000 0.004 0.002 0.008 0.000 0.001 0.000 0.208 0.025 0.243 NewGC_pause1 213.344337 ]
[213.391s][info][safepoint] Application time: 0.0461776 seconds
[213.391s][info][safepoint] Total time for which application threads were stopped: 0.0001068 seconds, Stopping threads took: 0.0000005 seconds
[213.392s][info][gc       ] [SPS 0.000 0.001 0.000 0.007 0.000 0.001 0.000 0.078 0.020 0.107 NewGC_pause2 213.390621 ]
[213.393s][info][safepoint] Application time: 0.0024281 seconds
[213.394s][info][safepoint] Total time for which application threads were stopped: 0.0001778 seconds, Stopping threads took: 0.0000005 seconds
[213.394s][info][gc       ] [SPS 0.000 0.000 0.000 0.007 0.000 0.001 0.000 0.145 0.024 0.178 NewGC_pause3 213.393227 ]
[213.396s][info][safepoint] Application time: 0.0020662 seconds
[213.396s][info][safepoint] Total time for which application threads were stopped: 0.0002093 seconds, Stopping threads took: 0.0000005 seconds
[213.396s][info][gc       ] [SPS 0.000 0.003 0.002 0.008 0.001 0.001 0.000 0.170 0.030 0.209 NewGC_pause4 213.395503 ]
[213.396s][info][gc       ] [GC New Max 606-573 : 5120 2940 2162 5120 - - 1056 56 2 2 - : 140 1806 32 184 916 : 134 4 782 782 0 : 0 1 67 0 70 - 0 : 0.244153 2776.9 0.0 0.054730 2594.6 0.0 : 8 --c 0000 : 23 0 0.000 0.000 0 0.000 0.000 0 0.000 0.000 : 213.341470 213.344094 0.000206 213.390514 0.000074 213.393049 0.000096 213.395294 0.000080 : 213.396199 ]
[213.397s][info][gc       ] [SYSINFO 7583 191 89 0 7049 0 20 0 0 5745 : - - - - - - - - : 0 7168 : 4.64 2.16 1.75 : 278178 4215936 : 0 0 : 47 0 : 1547 3 0 259 : - 7678537728 333475840 1445670912 5939011584 199643136 93806592 : 140688591 5485180 157520 0 0 0 : 213.396472 ]
[213.397s][info][gc       ] [HUGEPAGESTAT 0 0 0 - 20841 0 0 : 612352 0 0 : 213.396472 ]
[213.397s][info][gc       ] [OBJCREAT 499863924 26027 26230784 : 213.396521 ]
[213.397s][info][gc       ] [HMSV All : 0 0 150 0 0 0 0 0 : 5062 0 0 0 : 213.396540 ]
[213.397s][info][gc       ] [HMSP 9 : 41100 0 : 213.396540 ]
[213.397s][info][gc       ] [VMAC 65530 166 24 430 620 : 213.397108 ]
[213.640s][info][gc       ] [GPGC-H  2893.0 834.9 0.0 0.0 : 2.5 : 0.501 0.969 : 0.847 1.838 0.864 1.882 : 3.330 1.021 1.030 2.196 1.953 0.445 : 0.000 : 98.457 : 774 1806 32 0 : 2267 : 4608 4424 : 213.640075 : 9 Next_heuristic_check_may_be_too_late ]
[213.643s][info][safepoint] Application time: 0.2471889 seconds
[213.644s][info][safepoint] Total time for which application threads were stopped: 0.0003930 seconds, Stopping threads took: 0.0000008 seconds
[213.644s][info][gc       ] [SPS 0.000 0.005 0.006 0.012 0.001 0.001 0.001 0.341 0.037 0.393 NewGC_pause1 213.643085 ]
[213.689s][info][safepoint] Application time: 0.0453090 seconds
[213.689s][info][safepoint] Total time for which application threads were stopped: 0.0001301 seconds, Stopping threads took: 0.0000005 seconds
[213.689s][info][gc       ] [SPS 0.000 0.001 0.000 0.007 0.001 0.001 0.000 0.105 0.016 0.130 NewGC_pause2 213.688524 ]
[213.691s][info][safepoint] Application time: 0.0018959 seconds
[213.691s][info][safepoint] Total time for which application threads were stopped: 0.0001423 seconds, Stopping threads took: 0.0000005 seconds
[213.691s][info][gc       ] [SPS 0.000 0.001 0.000 0.007 0.000 0.001 0.000 0.118 0.016 0.142 NewGC_pause3 213.690563 ]
[213.692s][info][safepoint] Application time: 0.0013009 seconds
[213.692s][info][safepoint] Total time for which application threads were stopped: 0.0001286 seconds, Stopping threads took: 0.0000005 seconds
[213.693s][info][gc       ] [SPS 0.000 0.003 0.002 0.007 0.000 0.001 0.000 0.102 0.018 0.129 NewGC_pause4 213.691992 ]
[213.693s][info][gc       ] [GC New Max 607-574 : 5120 2918 2146 5120 - - 1056 56 2 2 - : 124 1806 32 184 896 : 120 4 777 777 0 : 0 1 60 0 62 - 0 : 0.244239 2595.8 0.0 0.052027 2421.8 0.0 : 8 --c 0000 : 23 0 0.000 0.000 0 0.000 0.000 0 0.000 0.000 : 213.640438 213.642692 0.000337 213.688394 0.000109 213.690420 0.000121 213.691864 0.000105 : 213.692465 ]
[213.693s][info][gc       ] [SYSINFO 7583 191 89 0 7049 0 20 0 0 5745 : - - - - - - - - : 0 7168 : 4.64 2.16 1.75 : 278178 4215936 : 0 0 : 47 0 : 1547 2 0 259 : - 7678537728 333475840 1445670912 5939011584 199643136 93806592 : 140688591 5485810 157600 0 0 0 : 213.692731 ]
[213.693s][info][gc       ] [HUGEPAGESTAT 0 0 0 - 20841 0 0 : 612352 0 0 : 213.692731 ]
[213.693s][info][gc       ] [OBJCREAT 500618319 26027 26230784 : 213.692780 ]
[213.693s][info][gc       ] [HMSV All : 0 0 150 0 0 0 0 0 : 5062 0 0 0 : 213.692796 ]
[213.693s][info][gc       ] [HMSP 9 : 41100 0 : 213.692796 ]
[213.693s][info][gc       ] [VMAC 65530 166 24 430 620 : 213.693293 ]
[213.936s][info][gc       ] [GPGC-H  2893.0 834.9 0.0 0.0 : 2.5 : 0.500 0.969 : 0.847 1.838 0.864 1.882 : 3.320 1.021 1.030 2.196 1.953 0.445 : 0.000 : 98.180 : 778 1806 32 0 : 2267 : 4608 4424 : 213.936108 : 9 Next_heuristic_check_may_be_too_late ]
[213.939s][info][safepoint] Application time: 0.2470111 seconds
[213.940s][info][safepoint] Total time for which application threads were stopped: 0.0003199 seconds, Stopping threads took: 0.0000006 seconds
[213.940s][info][gc       ] [SPS 0.000 0.003 0.004 0.008 0.001 0.001 0.000 0.292 0.018 0.320 NewGC_pause1 213.939323 ]
[213.986s][info][safepoint] Application time: 0.0462365 seconds
[213.986s][info][safepoint] Total time for which application threads were stopped: 0.0001650 seconds, Stopping threads took: 0.0000006 seconds
[213.987s][info][gc       ] [SPS 0.000 0.001 0.000 0.009 0.001 0.001 0.000 0.124 0.030 0.165 NewGC_pause2 213.985725 ]
[213.988s][info][safepoint] Application time: 0.0024713 seconds
[213.989s][info][safepoint] Total time for which application threads were stopped: 0.0002027 seconds, Stopping threads took: 0.0000007 seconds
[213.989s][info][gc       ] [SPS 0.000 0.001 0.000 0.011 0.001 0.001 0.000 0.152 0.038 0.203 NewGC_pause3 213.988400 ]
[213.990s][info][safepoint] Application time: 0.0014719 seconds
[213.990s][info][safepoint] Total time for which application threads were stopped: 0.0001886 seconds, Stopping threads took: 0.0000005 seconds
[213.991s][info][gc       ] [SPS 0.000 0.003 0.002 0.007 0.000 0.001 0.000 0.154 0.026 0.189 NewGC_pause4 213.990060 ]
[213.991s][info][gc       ] [GC New Max 608-575 : 5120 2930 2154 5120 - - 1056 56 2 2 - : 130 1806 32 184 908 : 126 2 780 780 0 : 0 1 63 0 65 - 0 : 0.244138 2678.8 0.0 0.053836 2451.9 0.0 : 8 --c 0000 : 23 0 0.000 0.000 0 0.000 0.000 0 0.000 0.000 : 213.936603 213.939004 0.000300 213.985560 0.000073 213.988197 0.000114 213.989871 0.000105 : 213.990439 ]
[213.991s][info][gc       ] [SYSINFO 7583 191 89 0 7049 0 20 0 0 5745 : - - - - - - - - : 0 7168 : 4.64 2.16 1.75 : 278178 4215936 : 0 0 : 47 0 : 1547 2 0 259 : - 7678537728 333475840 1445670912 5939011584 199643136 93806592 : 140688591 5486410 157630 0 0 0 : 213.990672 ]
[213.991s][info][gc       ] [HUGEPAGESTAT 0 0 0 - 20841 0 0 : 612352 0 0 : 213.990672 ]
[213.991s][info][gc       ] [OBJCREAT 501396119 26027 26230784 : 213.990720 ]
[213.991s][info][gc       ] [HMSV All : 0 0 150 0 0 0 0 0 : 5062 0 0 0 : 213.990737 ]
[213.991s][info][gc       ] [HMSP 9 : 41100 0 : 213.990737 ]
[213.991s][info][gc       ] [VMAC 65530 166 24 430 620 : 213.991393 ]
[214.235s][info][gc       ] [GPGC-H  2893.0 834.9 0.0 0.0 : 2.5 : 0.498 0.969 : 0.847 1.838 0.864 1.882 : 3.309 1.021 1.030 2.196 1.953 0.445 : 0.000 : 97.905 : 786 1806 32 0 : 2267 : 4608 4424 : 214.235129 : 9 Next_heuristic_check_may_be_too_late ]
[214.238s][info][safepoint] Application time: 0.2478695 seconds
[214.239s][info][safepoint] Total time for which application threads were stopped: 0.0003888 seconds, Stopping threads took: 0.0000005 seconds
[214.239s][info][gc       ] [SPS 0.000 0.003 0.002 0.007 0.001 0.001 0.001 0.353 0.026 0.389 NewGC_pause1 214.238319 ]
[214.283s][info][safepoint] Application time: 0.0445539 seconds
[214.284s][info][safepoint] Total time for which application threads were stopped: 0.0001956 seconds, Stopping threads took: 0.0000009 seconds
[214.284s][info][gc       ] [SPS 0.000 0.002 0.000 0.013 0.001 0.002 0.001 0.131 0.047 0.196 NewGC_pause2 214.283069 ]
[214.286s][info][safepoint] Application time: 0.0023386 seconds
[214.286s][info][safepoint] Total time for which application threads were stopped: 0.0001214 seconds, Stopping threads took: 0.0000005 seconds
[214.286s][info][gc       ] [SPS 0.000 0.000 0.000 0.007 0.001 0.001 0.000 0.097 0.016 0.122 NewGC_pause3 214.285529 ]
[214.287s][info][safepoint] Application time: 0.0012876 seconds
[214.287s][info][safepoint] Total time for which application threads were stopped: 0.0001882 seconds, Stopping threads took: 0.0000005 seconds
[214.287s][info][gc       ] [SPS 0.000 0.003 0.002 0.030 0.000 0.001 0.000 0.125 0.031 0.188 NewGC_pause4 214.287005 ]
[214.288s][info][gc       ] [GC New Max 609-576 : 5120 2946 2156 5120 - - 1056 56 2 2 - : 134 1806 32 184 924 : 130 4 793 793 0 : 0 1 65 0 67 - 0 : 0.245370 2681.7 0.0 0.051636 2672.5 0.0 : 8 --c 0000 : 23 0 0.000 0.000 0 0.000 0.000 0 0.000 0.000 : 214.235809 214.237930 0.000316 214.282873 0.000132 214.285407 0.000101 214.286816 0.000151 : 214.287446 ]
[214.288s][info][gc       ] [SYSINFO 7583 191 89 0 7049 0 20 0 0 5745 : - - - - - - - - : 0 7168 : 4.64 2.16 1.75 : 278178 4215936 : 0 0 : 47 0 : 1547 3 0 259 : - 7678537728 333475840 1445670912 5939011584 199643136 93806592 : 140688591 5486980 157700 0 0 0 : 214.287721 ]
[214.288s][info][gc       ] [HUGEPAGESTAT 0 0 0 - 20841 0 0 : 612352 0 0 : 214.287721 ]
[214.288s][info][gc       ] [OBJCREAT 502182116 26027 26230784 : 214.287772 ]
[214.288s][info][gc       ] [HMSV All : 0 0 150 0 0 0 0 0 : 5062 0 0 0 : 214.287788 ]
[214.288s][info][gc       ] [HMSP 9 : 41100 0 : 214.287788 ]
[214.288s][info][gc       ] [VMAC 65530 166 24 430 620 : 214.288291 ]
[214.510s][info][gc       ] [GPGC-H  2893.0 815.7 0.0 0.0 : 2.4 : 0.497 0.969 : 0.847 1.838 0.864 1.882 : 3.299 1.021 1.030 2.196 1.953 0.445 : 0.000 : 97.629 : 750 1806 32 0 : 2267 : 4608 4424 : 214.510458 : 9 Next_heuristic_check_may_be_too_late ]
[214.514s][info][safepoint] Application time: 0.2263288 seconds
[214.514s][info][safepoint] Total time for which application threads were stopped: 0.0001962 seconds, Stopping threads took: 0.0000006 seconds
[214.515s][info][gc       ] [SPS 0.000 0.004 0.005 0.009 0.001 0.001 0.000 0.162 0.023 0.196 NewGC_pause1 214.513530 ]
[214.560s][info][safepoint] Application time: 0.0466406 seconds
[214.561s][info][safepoint] Total time for which application threads were stopped: 0.0001981 seconds, Stopping threads took: 0.0000005 seconds
[214.561s][info][gc       ] [SPS 0.000 0.001 0.000 0.008 0.001 0.001 0.000 0.164 0.025 0.198 NewGC_pause2 214.560369 ]
[214.563s][info][safepoint] Application time: 0.0023665 seconds
[214.563s][info][safepoint] Total time for which application threads were stopped: 0.0002884 seconds, Stopping threads took: 0.0000005 seconds
[214.564s][info][gc       ] [SPS 0.000 0.000 0.000 0.007 0.001 0.001 0.000 0.239 0.040 0.289 NewGC_pause3 214.563024 ]
[214.565s][info][safepoint] Application time: 0.0013098 seconds
[214.565s][info][safepoint] Total time for which application threads were stopped: 0.0001864 seconds, Stopping threads took: 0.0000005 seconds
[214.565s][info][gc       ] [SPS 0.000 0.002 0.002 0.007 0.000 0.001 0.000 0.151 0.027 0.187 NewGC_pause4 214.564520 ]
[214.565s][info][gc       ] [GC New Max 610-577 : 5120 2912 2160 5120 - - 1056 56 2 2 - : 138 1806 32 184 890 : 134 4 754 754 0 : 0 1 67 0 69 - 0 : 0.223533 2755.8 0.0 0.053914 2633.8 0.0 : 8 --c 0000 : 23 0 0.000 0.000 0 0.000 0.000 0 0.000 0.000 : 214.510978 214.513334 0.000164 214.560171 0.000109 214.562735 0.000177 214.564334 0.000118 : 214.564892 ]
[214.565s][info][gc       ] [SYSINFO 7583 191 89 0 7049 0 20 0 0 5745 : - - - - - - - - : 0 7168 : 4.64 2.16 1.75 : 278178 4215936 : 0 0 : 47 0 : 1547 3 0 259 : - 7678537728 333475840 1445670912 5939011584 199643136 93806592 : 140688591 5487590 157720 0 0 0 : 214.565146 ]
[214.565s][info][gc       ] [HUGEPAGESTAT 0 0 0 - 20841 0 0 : 612352 0 0 : 214.565146 ]
[214.565s][info][gc       ] [OBJCREAT 502932149 26027 26230784 : 214.565197 ]
[214.565s][info][gc       ] [HMSV All : 0 0 150 0 0 0 0 0 : 5062 0 0 0 : 214.565214 ]
[214.565s][info][gc       ] [HMSP 9 : 41100 0 : 214.565214 ]
[214.566s][info][gc       ] [VMAC 65530 166 24 430 620 : 214.565825 ]
[214.789s][info][gc       ] [GPGC-H  2893.0 815.7 0.0 0.0 : 2.4 : 0.495 0.969 : 0.847 1.838 0.864 1.882 : 3.289 1.021 1.030 2.196 1.953 0.445 : 0.000 : 97.379 : 770 1806 32 0 : 2267 : 4608 4424 : 214.789076 : 9 Next_heuristic_check_may_be_too_late ]
[214.793s][info][safepoint] Application time: 0.2278612 seconds
[214.793s][info][safepoint] Total time for which application threads were stopped: 0.0004136 seconds, Stopping threads took: 0.0000005 seconds
[214.794s][info][gc       ] [SPS 0.000 0.003 0.003 0.008 0.001 0.001 0.000 0.374 0.030 0.414 NewGC_pause1 214.792795 ]
[214.840s][info][safepoint] Application time: 0.0467236 seconds
[214.840s][info][safepoint] Total time for which application threads were stopped: 0.0002216 seconds, Stopping threads took: 0.0000005 seconds
[214.841s][info][gc       ] [SPS 0.000 0.001 0.000 0.007 0.000 0.001 0.000 0.190 0.023 0.222 NewGC_pause2 214.839741 ]
[214.843s][info][safepoint] Application time: 0.0027224 seconds
[214.843s][info][safepoint] Total time for which application threads were stopped: 0.0001729 seconds, Stopping threads took: 0.0000005 seconds
[214.843s][info][gc       ] [SPS 0.000 0.000 0.000 0.007 0.000 0.001 0.000 0.139 0.025 0.173 NewGC_pause3 214.842636 ]
[214.845s][info][safepoint] Application time: 0.0018195 seconds
[214.845s][info][safepoint] Total time for which application threads were stopped: 0.0001975 seconds, Stopping threads took: 0.0000005 seconds
[214.845s][info][gc       ] [SPS 0.000 0.003 0.015 0.008 0.001 0.001 0.000 0.149 0.039 0.198 NewGC_pause4 214.844653 ]
[214.845s][info][gc       ] [GC New Max 611-578 : 5120 2938 2164 5120 - - 1056 56 2 2 - : 142 1806 32 184 916 : 138 4 777 777 0 : 0 1 69 0 71 - 0 : 0.224569 2823.2 0.0 0.055584 2626.7 0.0 : 8 --c 0000 : 23 0 0.000 0.000 0 0.000 0.000 0 0.000 0.000 : 214.789461 214.792382 0.000335 214.839519 0.000109 214.842463 0.000106 214.844455 0.000118 : 214.845045 ]
[214.845s][info][gc       ] [SYSINFO 7583 191 89 0 7049 0 20 0 0 5745 : - - - - - - - - : 0 7168 : 4.35 2.14 1.74 : 278178 4215936 : 0 0 : 47 0 : 1547 2 0 259 : - 7678537728 333475840 1445670912 5939011584 199643136 93806592 : 140688591 5488190 157770 0 0 0 : 214.845297 ]
[214.845s][info][gc       ] [HUGEPAGESTAT 0 0 0 - 20841 0 0 : 612352 0 0 : 214.845297 ]
[214.845s][info][gc       ] [OBJCREAT 503706739 26027 26230784 : 214.845374 ]
[214.845s][info][gc       ] [HMSV All : 0 0 150 0 0 0 0 0 : 5062 0 0 0 : 214.845390 ]
[214.845s][info][gc       ] [HMSP 9 : 41100 0 : 214.845390 ]
[214.846s][info][gc       ] [VMAC 65530 166 24 430 620 : 214.846006 ]
[215.070s][info][gc       ] [GPGC-H  2893.0 815.7 0.0 0.0 : 2.4 : 0.494 0.969 : 0.847 1.838 0.864 1.882 : 3.280 1.021 1.030 2.196 1.953 0.445 : 0.000 : 97.128 : 786 1806 32 0 : 2267 : 4608 4424 : 215.069513 : 9 Next_heuristic_check_may_be_too_late ]
[215.072s][info][safepoint] Application time: 0.2274574 seconds
[215.073s][info][safepoint] Total time for which application threads were stopped: 0.0002383 seconds, Stopping threads took: 0.0000004 seconds
[215.074s][info][gc       ] [SPS 0.000 0.003 0.002 0.007 0.000 0.001 0.027 0.173 0.030 0.239 NewGC_pause1 215.072349 ]
[215.118s][info][safepoint] Application time: 0.0454006 seconds
[215.119s][info][safepoint] Total time for which application threads were stopped: 0.0002064 seconds, Stopping threads took: 0.0000005 seconds
[215.119s][info][gc       ] [SPS 0.000 0.001 0.000 0.007 0.000 0.001 0.000 0.173 0.025 0.206 NewGC_pause2 215.117956 ]
[215.122s][info][safepoint] Application time: 0.0034262 seconds
[215.122s][info][safepoint] Total time for which application threads were stopped: 0.0001900 seconds, Stopping threads took: 0.0000005 seconds
[215.122s][info][gc       ] [SPS 0.000 0.000 0.000 0.008 0.000 0.001 0.000 0.141 0.040 0.190 NewGC_pause3 215.121573 ]
[215.123s][info][safepoint] Application time: 0.0014234 seconds
[215.124s][info][safepoint] Total time for which application threads were stopped: 0.0001976 seconds, Stopping threads took: 0.0000005 seconds
[215.124s][info][gc       ] [SPS 0.000 0.003 0.002 0.008 0.000 0.001 0.000 0.164 0.025 0.198 NewGC_pause4 215.123194 ]
[215.124s][info][gc       ] [GC New Max 612-579 : 5120 2946 2160 5120 - - 1056 56 2 2 - : 138 1806 32 184 924 : 132 4 790 790 0 : 0 1 66 0 69 - 0 : 0.224985 2862.4 0.0 0.053721 2643.3 0.0 : 8 --c 0000 : 23 0 0.000 0.000 0 0.000 0.000 0 0.000 0.000 : 215.070029 215.072111 0.000143 215.117750 0.000115 215.121382 0.000103 215.122996 0.000069 : 215.123751 ]
[215.124s][info][gc       ] [SYSINFO 7583 191 89 0 7049 0 20 0 0 5745 : - - - - - - - - : 0 7168 : 4.35 2.14 1.74 : 278178 4215936 : 0 0 : 47 0 : 1547 2 0 259 : - 7678537728 333475840 1445670912 5939011584 199643136 93806592 : 140688591 5488770 157800 0 0 0 : 215.124052 ]
[215.124s][info][gc       ] [HUGEPAGESTAT 0 0 0 - 20841 0 0 : 612352 0 0 : 215.124052 ]
[215.124s][info][gc       ] [OBJCREAT 504482119 26027 26230784 : 215.124119 ]
[215.124s][info][gc       ] [HMSV All : 0 0 150 0 0 0 0 0 : 5062 0 0 0 : 215.124136 ]
[215.124s][info][gc       ] [HMSP 9 : 41100 0 : 215.124136 ]
[215.125s][info][gc       ] [VMAC 65530 166 24 430 620 : 215.124694 ]
[215.328s][info][gc       ] [GPGC-H  2893.0 815.7 0.0 0.0 : 2.4 : 0.493 0.969 : 0.847 1.838 0.864 1.882 : 3.270 1.021 1.030 2.196 1.953 0.445 : 0.000 : 96.878 : 754 1806 32 0 : 2267 : 4608 4424 : 215.327629 : 9 Next_heuristic_check_may_be_too_late ]
[215.331s][info][safepoint] Application time: 0.2071021 seconds
[215.331s][info][safepoint] Total time for which application threads were stopped: 0.0002253 seconds, Stopping threads took: 0.0000004 seconds
[215.331s][info][gc       ] [SPS 0.000 0.002 0.003 0.007 0.000 0.001 0.000 0.178 0.039 0.226 NewGC_pause1 215.330522 ]
[215.377s][info][safepoint] Application time: 0.0463996 seconds
[215.378s][info][safepoint] Total time for which application threads were stopped: 0.0001429 seconds, Stopping threads took: 0.0000005 seconds
[215.378s][info][gc       ] [SPS 0.000 0.001 0.000 0.007 0.000 0.001 0.000 0.108 0.026 0.143 NewGC_pause2 215.377064 ]
[215.380s][info][safepoint] Application time: 0.0025788 seconds
[215.380s][info][safepoint] Total time for which application threads were stopped: 0.0001752 seconds, Stopping threads took: 0.0000005 seconds
[215.381s][info][gc       ] [SPS 0.000 0.000 0.000 0.007 0.000 0.001 0.000 0.141 0.025 0.175 NewGC_pause3 215.379818 ]
[215.381s][info][safepoint] Application time: 0.0014942 seconds
[215.382s][info][safepoint] Total time for which application threads were stopped: 0.0001835 seconds, Stopping threads took: 0.0000005 seconds
[215.382s][info][gc       ] [SPS 0.000 0.003 0.002 0.007 0.000 0.001 0.000 0.149 0.026 0.184 NewGC_pause4 215.381496 ]
[215.382s][info][gc       ] [GC New Max 613-580 : 5120 2914 2160 5120 - - 1056 56 2 2 - : 138 1806 32 184 892 : 134 4 759 759 0 : 0 1 67 0 69 - 0 : 0.204406 3023.4 0.0 0.053892 2597.8 0.0 : 8 --c 0000 : 23 0 0.000 0.000 0 0.000 0.000 0 0.000 0.000 : 215.328157 215.330296 0.000109 215.376921 0.000110 215.379643 0.000098 215.381312 0.000110 : 215.382049 ]
[215.382s][info][gc       ] [SYSINFO 7583 191 89 0 7049 0 20 0 0 5745 : - - - - - - - - : 0 7168 : 4.35 2.14 1.74 : 278178 4215936 : 0 0 : 47 0 : 1547 2 0 259 : - 7678537728 333475840 1445670912 5939011584 199643136 93806592 : 140688591 5489350 157850 0 0 0 : 215.382430 ]
[215.383s][info][gc       ] [HUGEPAGESTAT 0 0 0 - 20841 0 0 : 612352 0 0 : 215.382430 ]
[215.383s][info][gc       ] [OBJCREAT 505232553 26027 26230784 : 215.382528 ]
[215.383s][info][gc       ] [HMSV All : 0 0 150 0 0 0 0 0 : 5062 0 0 0 : 215.382553 ]
[215.383s][info][gc       ] [HMSP 9 : 41100 0 : 215.382553 ]
[215.383s][info][gc       ] [VMAC 65530 166 24 430 620 : 215.383092 ]
[215.606s][info][gc       ] [GPGC-H  2893.0 815.7 0.0 0.0 : 2.4 : 0.491 0.969 : 0.847 1.838 0.864 1.882 : 3.261 1.021 1.030 2.196 1.953 0.445 : 0.000 : 96.652 : 760 1806 32 0 : 2267 : 4608 4424 : 215.605687 : 9 Next_heuristic_check_may_be_too_late ]
[215.609s][info][safepoint] Application time: 0.2268879 seconds
[215.609s][info][safepoint] Total time for which application threads were stopped: 0.0002192 seconds, Stopping threads took: 0.0000005 seconds
[215.610s][info][gc       ] [SPS 0.000 0.003 0.002 0.008 0.001 0.001 0.000 0.183 0.027 0.219 NewGC_pause1 215.608603 ]
[215.656s][info][safepoint] Application time: 0.0472773 seconds
[215.657s][info][safepoint] Total time for which application threads were stopped: 0.0002004 seconds, Stopping threads took: 0.0000004 seconds
[215.657s][info][gc       ] [SPS 0.000 0.001 0.000 0.008 0.000 0.001 0.000 0.167 0.023 0.200 NewGC_pause2 215.656081 ]
[215.659s][info][safepoint] Application time: 0.0025806 seconds
[215.659s][info][safepoint] Total time for which application threads were stopped: 0.0000840 seconds, Stopping threads took: 0.0000005 seconds
[215.659s][info][gc       ] [SPS 0.000 0.000 0.000 0.007 0.000 0.001 0.000 0.055 0.020 0.084 NewGC_pause3 215.658746 ]
[215.660s][info][safepoint] Application time: 0.0014754 seconds
[215.661s][info][safepoint] Total time for which application threads were stopped: 0.0001953 seconds, Stopping threads took: 0.0000005 seconds
[215.661s][info][gc       ] [SPS 0.000 0.003 0.002 0.007 0.000 0.001 0.000 0.159 0.028 0.196 NewGC_pause4 215.660417 ]
[215.661s][info][gc       ] [GC New Max 614-581 : 5120 2892 2132 5120 - - 1056 56 2 2 - : 110 1806 32 184 870 : 106 4 764 764 0 : 0 1 53 0 55 - 0 : 0.224085 2784.7 0.0 0.054652 2049.3 0.0 : 8 --c 0000 : 23 0 0.000 0.000 0 0.000 0.000 0 0.000 0.000 : 215.606134 215.608384 0.000112 215.655881 0.000127 215.658662 0.000051 215.660221 0.000073 : 215.660787 ]
[215.661s][info][gc       ] [SYSINFO 7583 191 89 0 7049 0 20 0 0 5745 : - - - - - - - - : 0 7168 : 4.35 2.14 1.74 : 278178 4215936 : 0 0 : 47 0 : 1547 2 0 259 : - 7678537728 333475840 1445670912 5939011584 199643136 93806592 : 140688591 5489930 157910 0 0 0 : 215.661040 ]
[215.661s][info][gc       ] [HUGEPAGESTAT 0 0 0 - 20841 0 0 : 612352 0 0 : 215.661040 ]
[215.661s][info][gc       ] [OBJCREAT 505960862 26027 26230784 : 215.661106 ]
[215.661s][info][gc       ] [HMSV All : 0 0 150 0 0 0 0 0 : 5062 0 0 0 : 215.661121 ]
[215.661s][info][gc       ] [HMSP 9 : 41100 0 : 215.661121 ]
[215.662s][info][gc       ] [VMAC 65530 166 24 430 620 : 215.661624 ]
[215.904s][info][gc       ] [GPGC-H  2887.2 815.7 0.0 0.0 : 2.4 : 0.490 0.969 : 0.847 1.838 0.864 1.882 : 3.251 1.021 1.030 2.196 1.953 0.445 : 0.000 : 96.404 : 756 1806 32 0 : 2267 : 4608 4424 : 215.903878 : 9 Next_heuristic_check_may_be_too_late ]
[215.907s][info][safepoint] Application time: 0.2464475 seconds
[215.908s][info][safepoint] Total time for which application threads were stopped: 0.0002278 seconds, Stopping threads took: 0.0000006 seconds
[215.908s][info][gc       ] [SPS 0.000 0.003 0.004 0.009 0.001 0.001 0.000 0.177 0.040 0.228 NewGC_pause1 215.907093 ]
[215.952s][info][safepoint] Application time: 0.0445843 seconds
[215.953s][info][safepoint] Total time for which application threads were stopped: 0.0002446 seconds, Stopping threads took: 0.0000005 seconds
[215.953s][info][gc       ] [SPS 0.000 0.001 0.000 0.007 0.000 0.001 0.000 0.213 0.023 0.245 NewGC_pause2 215.951922 ]
[215.955s][info][safepoint] Application time: 0.0026776 seconds
[215.955s][info][safepoint] Total time for which application threads were stopped: 0.0002297 seconds, Stopping threads took: 0.0000005 seconds
[215.955s][info][gc       ] [SPS 0.000 0.000 0.000 0.007 0.000 0.001 0.000 0.181 0.040 0.230 NewGC_pause3 215.954829 ]
[215.957s][info][safepoint] Application time: 0.0014975 seconds
[215.957s][info][safepoint] Total time for which application threads were stopped: 0.0002056 seconds, Stopping threads took: 0.0000005 seconds
[215.957s][info][gc       ] [SPS 0.000 0.003 0.002 0.007 0.000 0.001 0.000 0.152 0.045 0.206 NewGC_pause4 215.956532 ]
[215.957s][info][gc       ] [GC New Max 615-582 : 5120 2884 2124 5120 - - 1056 56 2 2 - : 102 1806 32 184 862 : 100 2 764 764 0 : 0 0 50 0 51 - 0 : 0.243608 2660.0 0.0 0.052711 2048.9 0.0 : 8 --c 0000 : 23 0 0.000 0.000 0 0.000 0.000 0 0.000 0.000 : 215.904394 215.906865 0.000117 215.951677 0.000106 215.954599 0.000105 215.956327 0.000094 : 215.957105 ]
[215.957s][info][gc       ] [SYSINFO 7583 191 89 0 7049 0 20 0 0 5745 : - - - - - - - - : 0 7168 : 4.35 2.14 1.74 : 278178 4215952 : 0 0 : 47 0 : 1547 3 0 259 : - 7678537728 333475840 1445670912 5939011584 199643136 93806592 : 140688591 5490550 157950 0 0 0 : 215.957425 ]
[215.957s][info][gc       ] [HUGEPAGESTAT 0 0 0 - 20841 0 0 : 612352 0 0 : 215.957425 ]
[215.957s][info][gc       ] [OBJCREAT 506710688 26027 26230784 : 215.957474 ]
[215.957s][info][gc       ] [HMSV All : 0 0 150 0 0 0 0 0 : 5062 0 0 0 : 215.957493 ]
[215.957s][info][gc       ] [HMSP 9 : 41100 0 : 215.957493 ]
[215.958s][info][gc       ] [VMAC 65530 166 24 430 620 : 215.958052 ]
[216.201s][info][gc       ] [GPGC-H  2887.2 815.7 0.0 0.0 : 2.4 : 0.488 0.969 : 0.847 1.838 0.864 1.882 : 3.241 1.021 1.030 2.196 1.953 0.445 : 0.000 : 96.135 : 784 1806 32 0 : 2267 : 4608 4424 : 216.200678 : 9 Next_heuristic_check_may_be_too_late ]
[216.204s][info][safepoint] Application time: 0.2469499 seconds
[216.205s][info][safepoint] Total time for which application threads were stopped: 0.0004068 seconds, Stopping threads took: 0.0000006 seconds
[216.205s][info][gc       ] [SPS 0.000 0.003 0.003 0.008 0.001 0.001 0.001 0.357 0.040 0.407 NewGC_pause1 216.203889 ]
[216.249s][info][safepoint] Application time: 0.0447617 seconds
[216.249s][info][safepoint] Total time for which application threads were stopped: 0.0001953 seconds, Stopping threads took: 0.0000005 seconds
[216.250s][info][gc       ] [SPS 0.000 0.001 0.000 0.007 0.000 0.001 0.000 0.162 0.024 0.196 NewGC_pause2 216.248847 ]
[216.251s][info][safepoint] Application time: 0.0022751 seconds
[216.252s][info][safepoint] Total time for which application threads were stopped: 0.0001789 seconds, Stopping threads took: 0.0000004 seconds
[216.252s][info][gc       ] [SPS 0.000 0.000 0.000 0.007 0.000 0.001 0.000 0.145 0.025 0.179 NewGC_pause3 216.251300 ]
[216.253s][info][safepoint] Application time: 0.0012440 seconds
[216.253s][info][safepoint] Total time for which application threads were stopped: 0.0002015 seconds, Stopping threads took: 0.0000005 seconds
[216.253s][info][gc       ] [SPS 0.000 0.003 0.002 0.008 0.001 0.001 0.000 0.154 0.039 0.202 NewGC_pause4 216.252746 ]
[216.254s][info][gc       ] [GC New Max 616-583 : 5120 2926 2138 5120 - - 1056 56 2 2 - : 116 1806 32 184 904 : 112 4 790 790 0 : 0 1 56 0 58 - 0 : 0.244193 2801.1 0.0 0.051968 2309.1 0.0 : 8 --c 0000 : 23 0 0.000 0.000 0 0.000 0.000 0 0.000 0.000 : 216.201298 216.203482 0.000321 216.248651 0.000112 216.251121 0.000098 216.252544 0.000120 : 216.253266 ]
[216.254s][info][gc       ] [SYSINFO 7583 191 89 0 7049 0 20 0 0 5745 : - - - - - - - - : 0 7168 : 4.35 2.14 1.74 : 278178 4215952 : 0 0 : 47 0 : 1547 3 0 259 : - 7678537728 333475840 1445670912 5939011584 199643136 93806592 : 140688591 5491150 158000 0 0 0 : 216.253551 ]
[216.254s][info][gc       ] [HUGEPAGESTAT 0 0 0 - 20841 0 0 : 612352 0 0 : 216.253551 ]
[216.254s][info][gc       ] [OBJCREAT 507504297 26027 26230784 : 216.253612 ]
[216.254s][info][gc       ] [HMSV All : 0 0 150 0 0 0 0 0 : 5062 0 0 0 : 216.253630 ]
[216.254s][info][gc       ] [HMSP 9 : 41100 0 : 216.253630 ]
[216.254s][info][gc       ] [VMAC 65530 166 24 430 620 : 216.254195 ]
[216.497s][info][gc       ] [GPGC-H  2887.2 797.0 0.0 0.0 : 2.4 : 0.487 0.969 : 0.847 1.838 0.864 1.882 : 3.231 1.021 1.030 2.196 1.953 0.445 : 0.000 : 95.867 : 776 1806 32 0 : 2267 : 4608 4424 : 216.497109 : 9 Next_heuristic_check_may_be_too_late ]
[216.501s][info][safepoint] Application time: 0.2476069 seconds
[216.501s][info][safepoint] Total time for which application threads were stopped: 0.0005122 seconds, Stopping threads took: 0.0000007 seconds
[216.502s][info][gc       ] [SPS 0.000 0.004 0.004 0.012 0.001 0.001 0.001 0.454 0.045 0.513 NewGC_pause1 216.500866 ]
[216.546s][info][safepoint] Application time: 0.0450382 seconds
[216.547s][info][safepoint] Total time for which application threads were stopped: 0.0002161 seconds, Stopping threads took: 0.0000005 seconds
[216.547s][info][gc       ] [SPS 0.000 0.001 0.000 0.007 0.001 0.001 0.001 0.185 0.022 0.216 NewGC_pause2 216.546120 ]
[216.549s][info][safepoint] Application time: 0.0026029 seconds
[216.549s][info][safepoint] Total time for which application threads were stopped: 0.0001651 seconds, Stopping threads took: 0.0000005 seconds
[216.549s][info][gc       ] [SPS 0.000 0.000 0.000 0.007 0.001 0.001 0.000 0.131 0.025 0.165 NewGC_pause3 216.548888 ]
[216.550s][info][safepoint] Application time: 0.0013491 seconds
[216.551s][info][safepoint] Total time for which application threads were stopped: 0.0001903 seconds, Stopping threads took: 0.0000007 seconds
[216.551s][info][gc       ] [SPS 0.000 0.003 0.002 0.009 0.001 0.001 0.000 0.154 0.026 0.190 NewGC_pause4 216.550427 ]
[216.551s][info][gc       ] [GC New Max 617-584 : 5120 2938 2162 5120 - - 1056 56 2 2 - : 140 1806 32 184 916 : 136 2 780 780 0 : 0 0 68 0 70 - 0 : 0.244398 2700.5 0.0 0.053222 2705.6 0.0 : 8 --c 0000 : 23 0 0.000 0.000 0 0.000 0.000 0 0.000 0.000 : 216.497664 216.500353 0.000412 216.545904 0.000109 216.548723 0.000098 216.550237 0.000124 : 216.550886 ]
[216.551s][info][gc       ] [SYSINFO 7583 191 89 0 7049 0 20 0 0 5745 : - - - - - - - - : 0 7168 : 4.35 2.14 1.74 : 278178 4215952 : 0 0 : 47 0 : 1547 2 0 259 : - 7678537728 333475840 1445670912 5939011584 199643136 93806592 : 140688591 5491750 158060 0 0 0 : 216.551166 ]
[216.551s][info][gc       ] [HUGEPAGESTAT 0 0 0 - 20841 0 0 : 612352 0 0 : 216.551166 ]
[216.551s][info][gc       ] [OBJCREAT 508300277 26027 26230784 : 216.551215 ]
[216.551s][info][gc       ] [HMSV All : 0 0 150 0 0 0 0 0 : 5062 0 0 0 : 216.551230 ]
[216.551s][info][gc       ] [HMSP 9 : 41100 0 : 216.551230 ]
[216.552s][info][gc       ] [VMAC 65530 166 24 430 620 : 216.551785 ]
[216.775s][info][gc       ] [GPGC-H  2887.2 797.0 0.0 0.0 : 2.4 : 0.485 0.969 : 0.847 1.838 0.864 1.882 : 3.221 1.021 1.030 2.196 1.953 0.445 : 0.000 : 95.599 : 780 1806 32 0 : 2267 : 4608 4424 : 216.775072 : 9 Next_heuristic_check_may_be_too_late ]
[216.779s][info][safepoint] Application time: 0.2278668 seconds
[216.779s][info][safepoint] Total time for which application threads were stopped: 0.0004289 seconds, Stopping threads took: 0.0000005 seconds
[216.780s][info][gc       ] [SPS 0.000 0.003 0.004 0.008 0.001 0.001 0.000 0.378 0.041 0.429 NewGC_pause1 216.778724 ]
[216.824s][info][safepoint] Application time: 0.0447004 seconds
[216.824s][info][safepoint] Total time for which application threads were stopped: 0.0001865 seconds, Stopping threads took: 0.0000005 seconds
[216.825s][info][gc       ] [SPS 0.000 0.001 0.000 0.007 0.000 0.001 0.000 0.154 0.024 0.187 NewGC_pause2 216.823611 ]
[216.826s][info][safepoint] Application time: 0.0025886 seconds
[216.827s][info][safepoint] Total time for which application threads were stopped: 0.0001650 seconds, Stopping threads took: 0.0000005 seconds
[216.827s][info][gc       ] [SPS 0.000 0.000 0.000 0.007 0.000 0.001 0.000 0.127 0.029 0.165 NewGC_pause3 216.826364 ]
[216.828s][info][safepoint] Application time: 0.0016788 seconds
[216.829s][info][safepoint] Total time for which application threads were stopped: 0.0002778 seconds, Stopping threads took: 0.0000012 seconds
[216.829s][info][gc       ] [SPS 0.000 0.005 0.004 0.016 0.001 0.002 0.001 0.195 0.063 0.278 NewGC_pause4 216.828321 ]
[216.829s][info][gc       ] [GC New Max 618-585 : 5120 2912 2130 5120 - - 1056 56 2 2 - : 108 1806 32 184 890 : 104 4 787 787 0 : 0 1 52 0 54 - 0 : 0.224790 2856.0 0.0 0.053228 2104.2 0.0 : 8 --c 0000 : 23 0 0.000 0.000 0 0.000 0.000 0 0.000 0.000 : 216.775676 216.778295 0.000333 216.823424 0.000104 216.826199 0.000090 216.828043 0.000139 : 216.828904 ]
[216.829s][info][gc       ] [SYSINFO 7583 191 89 0 7049 0 20 0 0 5745 : - - - - - - - - : 0 7168 : 4.35 2.14 1.74 : 278178 4215952 : 0 0 : 47 0 : 1547 3 0 259 : - 7678537728 333475840 1445670912 5939011584 199643136 93806592 : 140688591 5492320 158100 0 0 0 : 216.829206 ]
[216.829s][info][gc       ] [HUGEPAGESTAT 0 0 0 - 20841 0 0 : 612352 0 0 : 216.829206 ]
[216.829s][info][gc       ] [OBJCREAT 509047579 26027 26230784 : 216.829301 ]
[216.829s][info][gc       ] [HMSV All : 0 0 150 0 0 0 0 0 : 5062 0 0 0 : 216.829319 ]
[216.829s][info][gc       ] [HMSP 9 : 41100 0 : 216.829319 ]
[216.830s][info][gc       ] [VMAC 65530 166 24 430 620 : 216.829901 ]
[217.073s][info][gc       ] [GPGC-H  2887.2 797.0 0.0 0.0 : 2.4 : 0.484 0.969 : 0.847 1.838 0.864 1.882 : 3.211 1.021 1.030 2.196 1.953 0.445 : 0.000 : 95.354 : 738 1806 32 0 : 2267 : 4608 4424 : 217.073011 : 9 Next_heuristic_check_may_be_too_late ]
[217.076s][info][safepoint] Application time: 0.2476894 seconds
[217.077s][info][safepoint] Total time for which application threads were stopped: 0.0002662 seconds, Stopping threads took: 0.0000006 seconds
[217.078s][info][gc       ] [SPS 0.000 0.004 0.005 0.009 0.001 0.001 0.000 0.223 0.033 0.266 NewGC_pause1 217.076277 ]
[217.122s][info][safepoint] Application time: 0.0455633 seconds
[217.123s][info][safepoint] Total time for which application threads were stopped: 0.0001715 seconds, Stopping threads took: 0.0000005 seconds
[217.123s][info][gc       ] [SPS 0.000 0.001 0.000 0.007 0.000 0.001 0.000 0.139 0.024 0.172 NewGC_pause2 217.122012 ]
[217.125s][info][safepoint] Application time: 0.0024924 seconds
[217.125s][info][safepoint] Total time for which application threads were stopped: 0.0001945 seconds, Stopping threads took: 0.0000005 seconds
[217.125s][info][gc       ] [SPS 0.000 0.000 0.000 0.007 0.000 0.001 0.000 0.159 0.026 0.195 NewGC_pause3 217.124699 ]
[217.126s][info][safepoint] Application time: 0.0015222 seconds
[217.127s][info][safepoint] Total time for which application threads were stopped: 0.0001768 seconds, Stopping threads took: 0.0000006 seconds
[217.127s][info][gc       ] [SPS 0.000 0.003 0.002 0.007 0.001 0.001 0.000 0.141 0.027 0.177 NewGC_pause4 217.126398 ]
[217.127s][info][gc       ] [GC New Max 619-586 : 5120 2878 2140 5120 - - 1056 56 2 2 - : 118 1806 32 184 856 : 112 4 743 743 0 : 0 1 56 0 59 - 0 : 0.244709 2582.7 0.0 0.053273 2252.5 0.0 : 8 --c 0000 : 23 0 0.000 0.000 0 0.000 0.000 0 0.000 0.000 : 217.073613 217.076011 0.000163 217.121840 0.000105 217.124504 0.000105 217.126221 0.000103 : 217.126886 ]
[217.127s][info][gc       ] [SYSINFO 7583 191 89 0 7049 0 20 0 0 5745 : - - - - - - - - : 0 7168 : 4.35 2.14 1.74 : 278178 4215972 : 0 0 : 47 0 : 1547 2 0 259 : - 7678537728 333475840 1445670912 5939011584 199643136 93806592 : 140688591 5492960 158120 0 0 0 : 217.127181 ]
[217.127s][info][gc       ] [HUGEPAGESTAT 0 0 0 - 20841 0 0 : 612352 0 0 : 217.127181 ]
[217.127s][info][gc       ] [OBJCREAT 509792668 26027 26230784 : 217.127228 ]
[217.127s][info][gc       ] [HMSV All : 0 0 150 0 0 0 0 0 : 5062 0 0 0 : 217.127246 ]
[217.127s][info][gc       ] [HMSP 9 : 41100 0 : 217.127246 ]
[217.128s][info][gc       ] [VMAC 65530 166 24 430 620 : 217.127763 ]
[217.371s][info][gc       ] [GPGC-H  2887.2 797.0 0.0 0.0 : 2.4 : 0.482 0.969 : 0.847 1.838 0.864 1.882 : 3.201 1.021 1.030 2.196 1.953 0.445 : 0.000 : 95.088 : 758 1806 32 0 : 2267 : 4608 4424 : 217.371297 : 9 Next_heuristic_check_may_be_too_late ]
[217.375s][info][safepoint] Application time: 0.2478256 seconds
[217.375s][info][safepoint] Total time for which application threads were stopped: 0.0003587 seconds, Stopping threads took: 0.0000005 seconds
[217.376s][info][gc       ] [SPS 0.000 0.004 0.005 0.009 0.001 0.001 0.001 0.321 0.026 0.358 NewGC_pause1 217.374583 ]
[217.421s][info][safepoint] Application time: 0.0461586 seconds
[217.422s][info][safepoint] Total time for which application threads were stopped: 0.0002114 seconds, Stopping threads took: 0.0000006 seconds
[217.422s][info][gc       ] [SPS 0.000 0.001 0.000 0.008 0.001 0.001 0.000 0.176 0.025 0.211 NewGC_pause2 217.420953 ]
[217.424s][info][safepoint] Application time: 0.0026527 seconds
[217.424s][info][safepoint] Total time for which application threads were stopped: 0.0001792 seconds, Stopping threads took: 0.0000005 seconds
[217.425s][info][gc       ] [SPS 0.000 0.000 0.000 0.008 0.001 0.001 0.000 0.141 0.028 0.179 NewGC_pause3 217.423785 ]
[217.427s][info][safepoint] Application time: 0.0027260 seconds
[217.427s][info][safepoint] Total time for which application threads were stopped: 0.0001381 seconds, Stopping threads took: 0.0000005 seconds
[217.427s][info][gc       ] [SPS 0.000 0.003 0.002 0.008 0.001 0.001 0.000 0.109 0.019 0.138 NewGC_pause4 217.426649 ]
[217.428s][info][gc       ] [GC New Max 620-587 : 5120 2894 2136 5120 - - 1056 56 2 2 - : 114 1806 32 184 872 : 108 4 762 762 0 : 0 1 54 0 57 - 0 : 0.244815 2614.2 0.0 0.055527 2125.1 0.0 : 8 --c 0000 : 23 0 0.000 0.000 0 0.000 0.000 0 0.000 0.000 : 217.371701 217.374224 0.000289 217.420742 0.000114 217.423606 0.000104 217.426511 0.000114 : 217.427229 ]
[217.428s][info][gc       ] [SYSINFO 7583 191 89 0 7049 0 20 0 0 5745 : - - - - - - - - : 0 7168 : 4.35 2.14 1.74 : 278178 4215972 : 0 0 : 47 0 : 1547 2 0 259 : - 7678537728 333475840 1445670912 5939011584 199643136 93806592 : 140688591 5493590 158140 0 0 0 : 217.427575 ]
[217.428s][info][gc       ] [HUGEPAGESTAT 0 0 0 - 20841 0 0 : 612352 0 0 : 217.427575 ]
[217.428s][info][gc       ] [OBJCREAT 510541985 26027 26230784 : 217.427626 ]
[217.428s][info][gc       ] [HMSV All : 0 0 150 0 0 0 0 0 : 5062 0 0 0 : 217.427661 ]
[217.428s][info][gc       ] [HMSP 9 : 41100 0 : 217.427661 ]
[217.428s][info][gc       ] [VMAC 65530 166 24 430 620 : 217.428236 ]
[217.651s][info][gc       ] [GPGC-H  2887.2 797.0 0.0 0.0 : 2.4 : 0.481 0.969 : 0.847 1.838 0.864 1.882 : 3.191 1.021 1.030 2.196 1.953 0.445 : 0.000 : 94.822 : 756 1806 32 0 : 2267 : 4608 4424 : 217.650507 : 9 Next_heuristic_check_may_be_too_late ]
[217.654s][info][safepoint] Application time: 0.2266576 seconds
[217.654s][info][safepoint] Total time for which application threads were stopped: 0.0003281 seconds, Stopping threads took: 0.0000005 seconds
[217.655s][info][gc       ] [SPS 0.000 0.003 0.005 0.007 0.000 0.001 0.000 0.272 0.047 0.328 NewGC_pause1 217.653635 ]
[217.699s][info][safepoint] Application time: 0.0446718 seconds
[217.699s][info][safepoint] Total time for which application threads were stopped: 0.0001889 seconds, Stopping threads took: 0.0000005 seconds
[217.700s][info][gc       ] [SPS 0.000 0.001 0.000 0.008 0.000 0.001 0.000 0.154 0.025 0.189 NewGC_pause2 217.698496 ]
[217.701s][info][safepoint] Application time: 0.0021473 seconds
[217.701s][info][safepoint] Total time for which application threads were stopped: 0.0001137 seconds, Stopping threads took: 0.0000005 seconds
[217.701s][info][gc       ] [SPS 0.000 0.000 0.000 0.007 0.000 0.001 0.000 0.090 0.015 0.114 NewGC_pause3 217.700757 ]
[217.702s][info][safepoint] Application time: 0.0013890 seconds
[217.703s][info][safepoint] Total time for which application threads were stopped: 0.0001699 seconds, Stopping threads took: 0.0000005 seconds
[217.703s][info][gc       ] [SPS 0.000 0.003 0.002 0.008 0.000 0.001 0.000 0.134 0.026 0.170 NewGC_pause4 217.702316 ]
[217.703s][info][gc       ] [GC New Max 621-588 : 5120 2882 2124 5120 - - 1056 56 2 2 - : 100 1806 32 184 860 : 98 0 762 762 0 : 0 0 49 0 50 - 0 : 0.223868 2876.7 0.0 0.051762 2009.2 0.0 : 8 --c 0000 : 23 0 0.000 0.000 0 0.000 0.000 0 0.000 0.000 : 217.651097 217.653307 0.000227 217.698307 0.000091 217.700643 0.000095 217.702146 0.000102 : 217.702859 ]
[217.703s][info][gc       ] [SYSINFO 7583 191 89 0 7049 0 20 0 0 5745 : - - - - - - - - : 0 7168 : 4.35 2.14 1.74 : 278178 4215972 : 0 0 : 47 0 : 1547 2 0 259 : - 7678537728 333475840 1445670912 5939011584 199643136 93806592 : 140688591 5494190 158210 0 0 0 : 217.703134 ]
[217.703s][info][gc       ] [HUGEPAGESTAT 0 0 0 - 20841 0 0 : 612352 0 0 : 217.703134 ]
[217.703s][info][gc       ] [OBJCREAT 511285036 26027 26230784 : 217.703197 ]
[217.703s][info][gc       ] [HMSV All : 0 0 150 0 0 0 0 0 : 5062 0 0 0 : 217.703204 ]
[217.703s][info][gc       ] [HMSP 9 : 41100 0 : 217.703204 ]
[217.704s][info][gc       ] [VMAC 65530 166 24 430 620 : 217.703752 ]
[217.926s][info][gc       ] [GPGC-H  2879.2 797.0 0.0 0.0 : 2.4 : 0.480 0.969 : 0.847 1.838 0.864 1.882 : 3.182 1.021 1.030 2.196 1.953 0.445 : 0.000 : 94.581 : 744 1806 32 0 : 2267 : 4608 4424 : 217.926331 : 9 Next_heuristic_check_may_be_too_late ]
[217.930s][info][safepoint] Application time: 0.2271626 seconds
[217.931s][info][safepoint] Total time for which application threads were stopped: 0.0003070 seconds, Stopping threads took: 0.0000005 seconds
[217.931s][info][gc       ] [SPS 0.000 0.004 0.005 0.010 0.001 0.001 0.000 0.231 0.065 0.307 NewGC_pause1 217.929786 ]
[217.975s][info][safepoint] Application time: 0.0446921 seconds
[217.975s][info][safepoint] Total time for which application threads were stopped: 0.0000786 seconds, Stopping threads took: 0.0000005 seconds
[217.976s][info][gc       ] [SPS 0.000 0.001 0.000 0.007 0.001 0.001 0.000 0.053 0.016 0.078 NewGC_pause2 217.974557 ]
[217.977s][info][safepoint] Application time: 0.0026098 seconds
[217.978s][info][safepoint] Total time for which application threads were stopped: 0.0001202 seconds, Stopping threads took: 0.0000005 seconds
[217.978s][info][gc       ] [SPS 0.000 0.000 0.000 0.007 0.000 0.001 0.000 0.097 0.014 0.120 NewGC_pause3 217.977287 ]
[217.979s][info][safepoint] Application time: 0.0014743 seconds
[217.979s][info][safepoint] Total time for which application threads were stopped: 0.0001194 seconds, Stopping threads took: 0.0000005 seconds
[217.980s][info][gc       ] [SPS 0.000 0.003 0.002 0.007 0.001 0.001 0.000 0.095 0.016 0.119 NewGC_pause4 217.978881 ]
[217.980s][info][gc       ] [GC New Max 622-589 : 5120 2900 2154 5120 - - 1056 56 2 2 - : 132 1806 32 184 878 : 126 4 751 751 0 : 0 1 63 0 66 - 0 : 0.224047 2883.3 0.0 0.052701 2580.6 0.0 : 8 --c 0000 : 23 0 0.000 0.000 0 0.000 0.000 0 0.000 0.000 : 217.926906 217.929479 0.000205 217.974478 0.000058 217.977166 0.000103 217.978761 0.000101 : 217.979607 ]
[217.980s][info][gc       ] [SYSINFO 7583 191 89 0 7049 0 20 0 0 5745 : - - - - - - - - : 0 7168 : 4.35 2.14 1.74 : 278178 4215972 : 0 0 : 47 0 : 1547 3 0 259 : - 7678537728 333475840 1445670912 5939011584 199643136 93806592 : 140688591 5494810 158310 0 0 0 : 217.979845 ]
[217.980s][info][gc       ] [HUGEPAGESTAT 0 0 0 - 20841 0 0 : 612352 0 0 : 217.979845 ]
[217.980s][info][gc       ] [OBJCREAT 512057682 26027 26230784 : 217.979895 ]
[217.980s][info][gc       ] [HMSV All : 0 0 150 0 0 0 0 0 : 5062 0 0 0 : 217.979913 ]
[217.980s][info][gc       ] [HMSP 9 : 41100 0 : 217.979913 ]
[217.982s][info][gc       ] [VMAC 65530 166 24 430 620 : 217.981516 ]
[218.204s][info][gc       ] [GPGC-H  2879.2 797.0 0.0 0.0 : 2.4 : 0.478 0.969 : 0.847 1.838 0.864 1.882 : 3.173 1.021 1.030 2.196 1.953 0.445 : 0.000 : 94.340 : 748 1806 32 0 : 2267 : 4608 4424 : 218.204103 : 9 Next_heuristic_check_may_be_too_late ]
[218.207s][info][safepoint] Application time: 0.2280192 seconds
[218.208s][info][safepoint] Total time for which application threads were stopped: 0.0001592 seconds, Stopping threads took: 0.0000005 seconds
[218.208s][info][gc       ] [SPS 0.000 0.003 0.003 0.007 0.001 0.001 0.000 0.132 0.019 0.159 NewGC_pause1 218.207059 ]
[218.253s][info][safepoint] Application time: 0.0460602 seconds
[218.254s][info][safepoint] Total time for which application threads were stopped: 0.0002272 seconds, Stopping threads took: 0.0000005 seconds
[218.255s][info][gc       ] [SPS 0.000 0.001 0.000 0.007 0.000 0.001 0.000 0.184 0.035 0.227 NewGC_pause2 218.253347 ]
[218.256s][info][safepoint] Application time: 0.0027271 seconds
[218.257s][info][safepoint] Total time for which application threads were stopped: 0.0002039 seconds, Stopping threads took: 0.0000005 seconds
[218.257s][info][gc       ] [SPS 0.000 0.002 0.000 0.007 0.000 0.001 0.000 0.170 0.026 0.204 NewGC_pause3 218.256278 ]
[218.258s][info][safepoint] Application time: 0.0014188 seconds
[218.258s][info][safepoint] Total time for which application threads were stopped: 0.0001886 seconds, Stopping threads took: 0.0000005 seconds
[218.259s][info][gc       ] [SPS 0.000 0.003 0.002 0.007 0.000 0.001 0.000 0.155 0.025 0.189 NewGC_pause4 218.257886 ]
[218.259s][info][gc       ] [GC New Max 623-590 : 5120 2908 2156 5120 - - 1056 56 2 2 - : 134 1806 32 184 886 : 132 2 754 754 0 : 0 0 66 0 67 - 0 : 0.224967 2738.2 0.0 0.053712 2606.5 0.0 : 8 --c 0000 : 23 0 0.000 0.000 0 0.000 0.000 0 0.000 0.000 : 218.204574 218.206900 0.000136 218.253120 0.000133 218.256074 0.000108 218.257697 0.000112 : 218.258285 ]
[218.259s][info][gc       ] [SYSINFO 7583 191 89 0 7049 0 20 0 0 5745 : - - - - - - - - : 0 7168 : 4.35 2.14 1.74 : 278178 4215972 : 0 0 : 47 0 : 1547 2 0 259 : - 7678537728 333475840 1445670912 5939011584 199643136 93806592 : 140688591 5495440 158340 0 0 0 : 218.258519 ]
[218.259s][info][gc       ] [HUGEPAGESTAT 0 0 0 - 20841 0 0 : 612352 0 0 : 218.258519 ]
[218.259s][info][gc       ] [OBJCREAT 512808123 26027 26230784 : 218.258569 ]
[218.259s][info][gc       ] [HMSV All : 0 0 150 0 0 0 0 0 : 5062 0 0 0 : 218.258589 ]
[218.259s][info][gc       ] [HMSP 9 : 41100 0 : 218.258589 ]
[218.259s][info][gc       ] [VMAC 65530 166 24 430 620 : 218.259230 ]
[218.483s][info][gc       ] [GPGC-H  2879.2 778.7 0.0 0.0 : 2.3 : 0.477 0.969 : 0.847 1.838 0.864 1.882 : 3.163 1.021 1.030 2.196 1.953 0.445 : 0.000 : 94.098 : 772 1806 32 0 : 2267 : 4608 4424 : 218.482931 : 9 Next_heuristic_check_may_be_too_late ]
[218.486s][info][safepoint] Application time: 0.2278256 seconds
[218.487s][info][safepoint] Total time for which application threads were stopped: 0.0002422 seconds, Stopping threads took: 0.0000005 seconds
[218.487s][info][gc       ] [SPS 0.000 0.004 0.005 0.008 0.001 0.001 0.000 0.202 0.030 0.242 NewGC_pause1 218.485954 ]
[218.532s][info][safepoint] Application time: 0.0462452 seconds
[218.533s][info][safepoint] Total time for which application threads were stopped: 0.0002015 seconds, Stopping threads took: 0.0000005 seconds
[218.534s][info][gc       ] [SPS 0.000 0.001 0.000 0.007 0.001 0.001 0.000 0.168 0.024 0.202 NewGC_pause2 218.532401 ]
[218.535s][info][safepoint] Application time: 0.0023798 seconds
[218.535s][info][safepoint] Total time for which application threads were stopped: 0.0001703 seconds, Stopping threads took: 0.0000005 seconds
[218.536s][info][gc       ] [SPS 0.000 0.000 0.000 0.007 0.000 0.001 0.000 0.136 0.026 0.170 NewGC_pause3 218.534951 ]
[218.537s][info][safepoint] Application time: 0.0014808 seconds
[218.537s][info][safepoint] Total time for which application threads were stopped: 0.0002040 seconds, Stopping threads took: 0.0000005 seconds
[218.538s][info][gc       ] [SPS 0.000 0.002 0.002 0.007 0.001 0.001 0.000 0.168 0.027 0.204 NewGC_pause4 218.536636 ]
[218.538s][info][gc       ] [VMAC 65530 166 24 430 620 : 218.538067 ]
[218.537s][info][gc       ] [GC New Max 624-591 : 5120 2902 2130 5120 - - 1056 56 2 2 - : 108 1806 32 184 880 : 102 4 777 777 0 : 0 1 51 0 54 - 0 : 0.225182 2842.1 0.0 0.053690 2048.8 0.0 : 8 --c 0000 : 23 0 0.000 0.000 0 0.000 0.000 0 0.000 0.000 : 218.483467 218.485711 0.000128 218.532199 0.000112 218.534780 0.000100 218.536431 0.000114 : 218.537157 ]
[218.537s][info][gc       ] [SYSINFO 7583 191 89 0 7049 0 20 0 0 5745 : - - - - - - - - : 0 7168 : 4.35 2.14 1.74 : 278178 4215972 : 0 0 : 47 0 : 1547 2 0 259 : - 7678537728 333475840 1445670912 5939011584 199643136 93806592 : 140688591 5496050 158340 0 0 0 : 218.537406 ]
[218.537s][info][gc       ] [HUGEPAGESTAT 0 0 0 - 20841 0 0 : 612352 0 0 : 218.537406 ]
[218.537s][info][gc       ] [OBJCREAT 513550762 26027 26230784 : 218.537457 ]
[218.537s][info][gc       ] [HMSV All : 0 0 150 0 0 0 0 0 : 5062 0 0 0 : 218.537471 ]
[218.537s][info][gc       ] [HMSP 9 : 41100 0 : 218.537471 ]
[218.761s][info][gc       ] [GPGC-H  2879.2 778.7 0.0 0.0 : 2.3 : 0.476 0.969 : 0.847 1.838 0.864 1.882 : 3.154 1.021 1.030 2.196 1.953 0.445 : 0.000 : 93.858 : 732 1806 32 0 : 2267 : 4608 4424 : 218.761404 : 9 Next_heuristic_check_may_be_too_late ]
[218.765s][info][safepoint] Application time: 0.2274822 seconds
[218.765s][info][safepoint] Total time for which application threads were stopped: 0.0004018 seconds, Stopping threads took: 0.0000005 seconds
[218.765s][info][gc       ] [SPS 0.000 0.004 0.004 0.007 0.001 0.001 0.000 0.348 0.045 0.402 NewGC_pause1 218.764520 ]
[218.813s][info][safepoint] Application time: 0.0478903 seconds
[218.813s][info][safepoint] Total time for which application threads were stopped: 0.0002657 seconds, Stopping threads took: 0.0000006 seconds
[218.813s][info][gc       ] [SPS 0.000 0.001 0.000 0.009 0.001 0.001 0.000 0.217 0.039 0.266 NewGC_pause2 218.812676 ]
[218.815s][info][safepoint] Application time: 0.0023149 seconds
[218.816s][info][safepoint] Total time for which application threads were stopped: 0.0002829 seconds, Stopping threads took: 0.0000018 seconds
[218.816s][info][gc       ] [SPS 0.000 0.001 0.000 0.027 0.002 0.003 0.001 0.206 0.043 0.283 NewGC_pause3 218.815274 ]
[218.817s][info][safepoint] Application time: 0.0018876 seconds
[218.818s][info][safepoint] Total time for which application threads were stopped: 0.0003147 seconds, Stopping threads took: 0.0000006 seconds
[218.818s][info][gc       ] [SPS 0.000 0.003 0.002 0.008 0.001 0.001 0.000 0.231 0.074 0.315 NewGC_pause4 218.817477 ]
[218.819s][info][gc       ] [VMAC 65530 166 24 430 620 : 218.818979 ]
[218.818s][info][gc       ] [GC New Max 625-592 : 5120 2866 2134 5120 - - 1056 56 2 2 - : 112 1806 32 184 844 : 106 4 736 736 0 : 0 1 53 0 56 - 0 : 0.224784 2784.9 0.0 0.056049 2034.0 0.0 : 8 --c 0000 : 23 0 0.000 0.000 0 0.000 0.000 0 0.000 0.000 : 218.761942 218.764118 0.000300 218.812410 0.000142 218.814991 0.000171 218.817162 0.000107 : 218.817990 ]
[218.818s][info][gc       ] [SYSINFO 7583 191 89 0 7049 0 20 0 0 5745 : - - - - - - - - : 0 7168 : 4.35 2.14 1.74 : 278178 4215972 : 0 0 : 47 0 : 1547 2 0 259 : - 7678537728 333475840 1445670912 5939011584 199643136 93806592 : 140688591 5496670 158360 0 0 0 : 218.818293 ]
[218.818s][info][gc       ] [HUGEPAGESTAT 0 0 0 - 20841 0 0 : 612352 0 0 : 218.818293 ]
[218.818s][info][gc       ] [OBJCREAT 514280254 26027 26230784 : 218.818350 ]
[218.818s][info][gc       ] [HMSV All : 0 0 150 0 0 0 0 0 : 5062 0 0 0 : 218.818357 ]
[218.818s][info][gc       ] [HMSP 9 : 41100 0 : 218.818357 ]
[219.042s][info][gc       ] [GPGC-H  2879.2 778.7 0.0 0.0 : 2.3 : 0.474 0.969 : 0.847 1.838 0.864 1.882 : 3.145 1.021 1.030 2.196 1.953 0.445 : 0.000 : 93.618 : 736 1806 32 0 : 2267 : 4608 4424 : 219.041514 : 9 Next_heuristic_check_may_be_too_late ]
[219.045s][info][safepoint] Application time: 0.2268682 seconds
[219.045s][info][safepoint] Total time for which application threads were stopped: 0.0003928 seconds, Stopping threads took: 0.0000005 seconds
[219.045s][info][gc       ] [SPS 0.000 0.021 0.006 0.008 0.001 0.001 0.000 0.344 0.039 0.393 NewGC_pause1 219.044738 ]
[219.089s][info][safepoint] Application time: 0.0437179 seconds
[219.089s][info][safepoint] Total time for which application threads were stopped: 0.0001765 seconds, Stopping threads took: 0.0000005 seconds
[219.090s][info][gc       ] [SPS 0.000 0.001 0.000 0.007 0.000 0.001 0.000 0.144 0.024 0.177 NewGC_pause2 219.088633 ]
[219.091s][info][safepoint] Application time: 0.0023461 seconds
[219.092s][info][safepoint] Total time for which application threads were stopped: 0.0001818 seconds, Stopping threads took: 0.0000005 seconds
[219.092s][info][gc       ] [SPS 0.000 0.000 0.000 0.007 0.001 0.001 0.000 0.146 0.027 0.182 NewGC_pause3 219.091160 ]
[219.093s][info][safepoint] Application time: 0.0013884 seconds
[219.093s][info][safepoint] Total time for which application threads were stopped: 0.0000846 seconds, Stopping threads took: 0.0000005 seconds
[219.094s][info][gc       ] [SPS 0.000 0.004 0.002 0.007 0.001 0.001 0.000 0.056 0.019 0.085 NewGC_pause4 219.092633 ]
[219.094s][info][gc       ] [VMAC 65530 166 24 430 620 : 219.093867 ]
[219.093s][info][gc       ] [GC New Max 626-593 : 5120 2864 2122 5120 - - 1056 56 2 2 - : 100 1806 32 184 842 : 98 2 744 744 0 : 0 0 49 0 50 - 0 : 0.224206 2792.1 0.0 0.050883 2083.2 0.0 : 8 --c 0000 : 23 0 0.000 0.000 0 0.000 0.000 0 0.000 0.000 : 219.042196 219.044345 0.000251 219.088456 0.000105 219.090979 0.000101 219.092549 0.000058 : 219.093079 ]
[219.093s][info][gc       ] [SYSINFO 7583 191 89 0 7049 0 20 0 0 5745 : - - - - - - - - : 0 7168 : 4.35 2.14 1.74 : 278178 4215972 : 0 0 : 47 0 : 1547 2 0 259 : - 7678537728 333475840 1445670912 5939011584 199643136 93806592 : 140688591 5497280 158420 0 0 0 : 219.093318 ]
[219.093s][info][gc       ] [HUGEPAGESTAT 0 0 0 - 20841 0 0 : 612352 0 0 : 219.093318 ]
[219.093s][info][gc       ] [OBJCREAT 515004432 26027 26230784 : 219.093369 ]
[219.093s][info][gc       ] [HMSV All : 0 0 150 0 0 0 0 0 : 5062 0 0 0 : 219.093386 ]
[219.093s][info][gc       ] [HMSP 9 : 41100 0 : 219.093386 ]
[219.338s][info][gc       ] [GPGC-H  2879.2 778.7 0.0 0.0 : 2.3 : 0.473 0.969 : 0.847 1.838 0.864 1.882 : 3.136 1.021 1.030 2.196 1.953 0.445 : 0.000 : 93.380 : 776 1806 32 0 : 2267 : 4608 4424 : 219.337638 : 9 Next_heuristic_check_may_be_too_late ]
[219.341s][info][safepoint] Application time: 0.2481704 seconds
[219.342s][info][safepoint] Total time for which application threads were stopped: 0.0003313 seconds, Stopping threads took: 0.0000006 seconds
[219.342s][info][gc       ] [SPS 0.000 0.004 0.004 0.010 0.001 0.001 0.001 0.254 0.065 0.331 NewGC_pause1 219.341136 ]
[219.387s][info][safepoint] Application time: 0.0454975 seconds
[219.387s][info][safepoint] Total time for which application threads were stopped: 0.0001945 seconds, Stopping threads took: 0.0000005 seconds
[219.388s][info][gc       ] [SPS 0.000 0.001 0.000 0.007 0.000 0.001 0.000 0.161 0.024 0.195 NewGC_pause2 219.386828 ]
[219.389s][info][safepoint] Application time: 0.0022503 seconds
[219.390s][info][safepoint] Total time for which application threads were stopped: 0.0002520 seconds, Stopping threads took: 0.0000005 seconds
[219.390s][info][gc       ] [SPS 0.000 0.000 0.000 0.011 0.000 0.001 0.000 0.203 0.037 0.252 NewGC_pause3 219.389330 ]
[219.391s][info][safepoint] Application time: 0.0015020 seconds
[219.391s][info][safepoint] Total time for which application threads were stopped: 0.0001936 seconds, Stopping threads took: 0.0000005 seconds
[219.392s][info][gc       ] [SPS 0.000 0.003 0.002 0.007 0.001 0.001 0.000 0.159 0.026 0.194 NewGC_pause4 219.391026 ]
[219.392s][info][gc       ] [GC New Max 627-594 : 5120 2930 2152 5120 - - 1056 56 2 2 - : 130 1806 32 184 908 : 126 4 781 781 0 : 0 1 63 0 65 - 0 : 0.245039 2758.7 0.0 0.053649 2497.7 0.0 : 8 --c 0000 : 23 0 0.000 0.000 0 0.000 0.000 0 0.000 0.000 : 219.338118 219.340804 0.000245 219.386633 0.000107 219.389078 0.000150 219.390832 0.000104 : 219.391767 ]
[219.392s][info][gc       ] [SYSINFO 7583 191 89 0 7049 0 20 0 0 5745 : - - - - - - - - : 0 7168 : 4.35 2.14 1.74 : 278178 4215972 : 0 0 : 47 0 : 1547 2 0 259 : - 7678537728 333475840 1445670912 5939011584 199643136 93806592 : 140688591 5497900 158500 0 0 0 : 219.392025 ]
[219.392s][info][gc       ] [HUGEPAGESTAT 0 0 0 - 20841 0 0 : 612352 0 0 : 219.392025 ]
[219.392s][info][gc       ] [OBJCREAT 515808664 26027 26230784 : 219.392074 ]
[219.392s][info][gc       ] [HMSV All : 0 0 150 0 0 0 0 0 : 5062 0 0 0 : 219.392092 ]
[219.392s][info][gc       ] [HMSP 9 : 41100 0 : 219.392092 ]
[219.393s][info][gc       ] [VMAC 65530 166 24 430 620 : 219.392638 ]
[219.615s][info][gc       ] [GPGC-H  2879.2 778.7 0.0 0.0 : 2.3 : 0.471 0.969 : 0.847 1.838 0.864 1.882 : 3.126 1.021 1.030 2.196 1.953 0.445 : 0.000 : 93.120 : 776 1806 32 0 : 2267 : 4608 4424 : 219.615215 : 9 Next_heuristic_check_may_be_too_late ]
[219.619s][info][safepoint] Application time: 0.2271099 seconds
[219.619s][info][safepoint] Total time for which application threads were stopped: 0.0003717 seconds, Stopping threads took: 0.0000005 seconds
[219.619s][info][gc       ] [SPS 0.000 0.022 0.004 0.007 0.001 0.001 0.000 0.336 0.027 0.372 NewGC_pause1 219.618508 ]
[219.665s][info][safepoint] Application time: 0.0458048 seconds
[219.665s][info][safepoint] Total time for which application threads were stopped: 0.0002230 seconds, Stopping threads took: 0.0000005 seconds
[219.666s][info][gc       ] [SPS 0.000 0.001 0.000 0.007 0.000 0.001 0.000 0.169 0.045 0.223 NewGC_pause2 219.664536 ]
[219.668s][info][safepoint] Application time: 0.0031143 seconds
[219.668s][info][safepoint] Total time for which application threads were stopped: 0.0002379 seconds, Stopping threads took: 0.0000008 seconds
[219.669s][info][gc       ] [SPS 0.000 0.001 0.000 0.010 0.001 0.001 0.001 0.183 0.042 0.238 NewGC_pause3 219.667888 ]
[219.670s][info][safepoint] Application time: 0.0023752 seconds
[219.671s][info][safepoint] Total time for which application threads were stopped: 0.0002183 seconds, Stopping threads took: 0.0000008 seconds
[219.671s][info][gc       ] [SPS 0.000 0.022 0.003 0.011 0.001 0.001 0.001 0.164 0.040 0.219 NewGC_pause4 219.670482 ]
[219.672s][info][gc       ] [GC New Max 628-595 : 5120 2896 2120 5120 - - 1056 56 2 2 - : 98 1806 32 184 874 : 92 4 781 781 0 : 0 1 46 0 49 - 0 : 0.224220 2890.0 0.0 0.055237 1810.4 0.0 : 8 --c 0000 : 23 0 0.000 0.000 0 0.000 0.000 0 0.000 0.000 : 219.615987 219.618136 0.000301 219.664313 0.000060 219.667650 0.000141 219.670264 0.000126 : 219.671224 ]
[219.672s][info][gc       ] [SYSINFO 7583 191 89 0 7049 0 20 0 0 5745 : - - - - - - - - : 0 7168 : 4.08 2.12 1.74 : 278178 4215972 : 0 0 : 47 0 : 1547 2 0 259 : - 7678537728 333475840 1445670912 5939011584 199643136 93806592 : 140688591 5498480 158540 0 0 0 : 219.671514 ]
[219.672s][info][gc       ] [HUGEPAGESTAT 0 0 0 - 20841 0 0 : 612352 0 0 : 219.671514 ]
[219.672s][info][gc       ] [OBJCREAT 516547884 26027 26230784 : 219.671572 ]
[219.672s][info][gc       ] [HMSV All : 0 0 150 0 0 0 0 0 : 5062 0 0 0 : 219.671611 ]
[219.672s][info][gc       ] [HMSP 9 : 41100 0 : 219.671611 ]
[219.673s][info][gc       ] [VMAC 65530 166 24 430 620 : 219.672634 ]
[219.895s][info][gc       ] [GPGC-H  2873.1 778.7 0.0 0.0 : 2.3 : 0.470 0.969 : 0.847 1.838 0.864 1.882 : 3.117 1.021 1.030 2.196 1.953 0.445 : 0.000 : 92.884 : 750 1806 32 0 : 2267 : 4608 4424 : 219.894502 : 9 Next_heuristic_check_may_be_too_late ]
[219.898s][info][safepoint] Application time: 0.2269807 seconds
[219.898s][info][safepoint] Total time for which application threads were stopped: 0.0001570 seconds, Stopping threads took: 0.0000006 seconds
[219.899s][info][gc       ] [SPS 0.000 0.003 0.004 0.008 0.001 0.001 0.000 0.125 0.022 0.157 NewGC_pause1 219.897620 ]
[219.944s][info][safepoint] Application time: 0.0464845 seconds
[219.945s][info][safepoint] Total time for which application threads were stopped: 0.0001436 seconds, Stopping threads took: 0.0000005 seconds
[219.946s][info][gc       ] [SPS 0.000 0.001 0.000 0.007 0.001 0.001 0.000 0.109 0.026 0.144 NewGC_pause2 219.944248 ]
[219.947s][info][safepoint] Application time: 0.0027328 seconds
[219.947s][info][safepoint] Total time for which application threads were stopped: 0.0001844 seconds, Stopping threads took: 0.0000005 seconds
[219.948s][info][gc       ] [SPS 0.000 0.001 0.000 0.007 0.001 0.001 0.000 0.150 0.026 0.185 NewGC_pause3 219.947165 ]
[219.949s][info][safepoint] Application time: 0.0012821 seconds
[219.949s][info][safepoint] Total time for which application threads were stopped: 0.0001676 seconds, Stopping threads took: 0.0000005 seconds
[219.949s][info][gc       ] [SPS 0.000 0.003 0.002 0.008 0.000 0.001 0.000 0.130 0.028 0.168 NewGC_pause4 219.948615 ]
[219.950s][info][gc       ] [GC New Max 629-596 : 5120 2902 2148 5120 - - 1056 56 2 2 - : 126 1806 32 184 880 : 124 2 756 756 0 : 0 0 62 0 63 - 0 : 0.223848 2921.6 0.0 0.054110 2402.5 0.0 : 8 --c 0000 : 23 0 0.000 0.000 0 0.000 0.000 0 0.000 0.000 : 219.895072 219.897463 0.000126 219.944104 0.000110 219.946981 0.000117 219.948448 0.000099 : 219.949182 ]
[219.950s][info][gc       ] [SYSINFO 7583 191 89 0 7049 0 20 0 0 5745 : - - - - - - - - : 0 7168 : 4.08 2.12 1.74 : 278178 4215972 : 0 0 : 47 0 : 1547 2 0 259 : - 7678537728 333475840 1445670912 5939011584 199643136 93806592 : 140688591 5499080 158600 0 0 0 : 219.949520 ]
[219.950s][info][gc       ] [HUGEPAGESTAT 0 0 0 - 20841 0 0 : 612352 0 0 : 219.949520 ]
[219.950s][info][gc       ] [OBJCREAT 517324721 26027 26230784 : 219.949608 ]
[219.950s][info][gc       ] [HMSV All : 0 0 150 0 0 0 0 0 : 5062 0 0 0 : 219.949632 ]
[219.950s][info][gc       ] [HMSP 9 : 41100 0 : 219.949632 ]
[219.950s][info][gc       ] [VMAC 65530 166 24 430 620 : 219.950292 ]
[220.193s][info][gc       ] [GPGC-H  2873.1 778.7 0.0 0.0 : 2.3 : 0.469 0.969 : 0.847 1.838 0.864 1.882 : 3.108 1.021 1.030 2.196 1.953 0.445 : 0.000 : 92.648 : 780 1806 32 0 : 2267 : 4608 4424 : 220.192581 : 9 Next_heuristic_check_may_be_too_late ]
[220.196s][info][safepoint] Application time: 0.2471139 seconds
[220.197s][info][safepoint] Total time for which application threads were stopped: 0.0003889 seconds, Stopping threads took: 0.0000008 seconds
[220.197s][info][gc       ] [SPS 0.000 0.005 0.004 0.012 0.001 0.001 0.001 0.346 0.028 0.389 NewGC_pause1 220.196118 ]
[220.242s][info][safepoint] Application time: 0.0455924 seconds
[220.242s][info][safepoint] Total time for which application threads were stopped: 0.0001287 seconds, Stopping threads took: 0.0000005 seconds
[220.243s][info][gc       ] [SPS 0.000 0.001 0.000 0.008 0.001 0.001 0.000 0.103 0.016 0.129 NewGC_pause2 220.241839 ]
[220.244s][info][safepoint] Application time: 0.0022068 seconds
[220.245s][info][safepoint] Total time for which application threads were stopped: 0.0001352 seconds, Stopping threads took: 0.0000005 seconds
[220.245s][info][gc       ] [SPS 0.000 0.000 0.000 0.007 0.001 0.001 0.000 0.111 0.015 0.135 NewGC_pause3 220.244181 ]
[220.246s][info][safepoint] Application time: 0.0013754 seconds
[220.246s][info][safepoint] Total time for which application threads were stopped: 0.0000802 seconds, Stopping threads took: 0.0000005 seconds
[220.246s][info][gc       ] [SPS 0.000 0.002 0.002 0.007 0.001 0.001 0.000 0.054 0.018 0.080 NewGC_pause4 220.245637 ]
[220.246s][info][gc       ] [GC New Max 630-597 : 5120 2952 2166 5120 - - 1056 56 2 2 - : 144 1806 32 184 930 : 140 4 788 788 0 : 0 1 70 0 72 - 0 : 0.244031 2688.2 0.0 0.052899 2835.6 0.0 : 8 --c 0000 : 23 0 0.000 0.000 0 0.000 0.000 0 0.000 0.000 : 220.193213 220.195730 0.000307 220.241711 0.000108 220.244046 0.000116 220.245557 0.000057 : 220.246111 ]
[220.246s][info][gc       ] [SYSINFO 7583 191 89 0 7049 0 20 0 0 5745 : - - - - - - - - : 0 7168 : 4.08 2.12 1.74 : 278178 4215972 : 0 0 : 47 0 : 1547 2 0 259 : - 7678537728 333475840 1445670912 5939011584 199643136 93806592 : 140688591 5499720 158620 0 0 0 : 220.246369 ]
[220.246s][info][gc       ] [HUGEPAGESTAT 0 0 0 - 20841 0 0 : 612352 0 0 : 220.246369 ]
[220.246s][info][gc       ] [OBJCREAT 518124175 26027 26230784 : 220.246418 ]
[220.246s][info][gc       ] [HMSV All : 0 0 150 0 0 0 0 0 : 5062 0 0 0 : 220.246441 ]
[220.246s][info][gc       ] [HMSP 9 : 41100 0 : 220.246441 ]
[220.248s][info][gc       ] [VMAC 65530 166 24 430 620 : 220.247522 ]
[220.489s][info][gc       ] [GPGC-H  2873.1 760.9 0.0 0.0 : 2.3 : 0.467 0.969 : 0.847 1.838 0.864 1.882 : 3.098 1.021 1.030 2.196 1.953 0.445 : 0.000 : 92.392 : 768 1806 32 0 : 2267 : 4608 4424 : 220.489319 : 9 Next_heuristic_check_may_be_too_late ]
[220.493s][info][safepoint] Application time: 0.2470716 seconds
[220.494s][info][safepoint] Total time for which application threads were stopped: 0.0003983 seconds, Stopping threads took: 0.0000005 seconds
[220.494s][info][gc       ] [SPS 0.000 0.003 0.003 0.007 0.001 0.001 0.000 0.362 0.027 0.398 NewGC_pause1 220.493108 ]
[220.538s][info][safepoint] Application time: 0.0444976 seconds
[220.538s][info][safepoint] Total time for which application threads were stopped: 0.0001836 seconds, Stopping threads took: 0.0000005 seconds
[220.539s][info][gc       ] [SPS 0.000 0.001 0.000 0.007 0.001 0.001 0.000 0.151 0.024 0.184 NewGC_pause2 220.537789 ]
[220.541s][info][safepoint] Application time: 0.0027959 seconds
[220.541s][info][safepoint] Total time for which application threads were stopped: 0.0001736 seconds, Stopping threads took: 0.0000005 seconds
[220.542s][info][gc       ] [SPS 0.000 0.000 0.000 0.007 0.000 0.001 0.000 0.141 0.024 0.174 NewGC_pause3 220.540758 ]
[220.542s][info][safepoint] Application time: 0.0014215 seconds
[220.543s][info][safepoint] Total time for which application threads were stopped: 0.0001906 seconds, Stopping threads took: 0.0000005 seconds
[220.543s][info][gc       ] [SPS 0.000 0.003 0.002 0.007 0.001 0.001 0.000 0.155 0.027 0.191 NewGC_pause4 220.542371 ]
[220.543s][info][gc       ] [GC New Max 631-598 : 5120 2898 2130 5120 - - 1056 56 2 2 - : 106 1806 32 184 876 : 102 4 773 773 0 : 0 1 51 0 54 - 0 : 0.243794 2567.7 0.0 0.053054 2035.7 0.0 : 8 --c 0000 : 23 0 0.000 0.000 0 0.000 0.000 0 0.000 0.000 : 220.489906 220.492709 0.000322 220.537605 0.000091 220.540585 0.000108 220.542180 0.000106 : 220.542960 ]
[220.543s][info][gc       ] [SYSINFO 7583 191 89 0 7049 0 20 0 0 5745 : - - - - - - - - : 0 7168 : 4.08 2.12 1.74 : 278178 4215972 : 0 0 : 47 0 : 1547 2 0 259 : - 7678537728 333475840 1445670912 5939011584 199778304 93806592 : 140688591 5500330 158650 0 0 0 : 220.543304 ]
[220.543s][info][gc       ] [HUGEPAGESTAT 0 0 0 - 20841 0 0 : 612352 0 0 : 220.543304 ]
[220.543s][info][gc       ] [OBJCREAT 518851505 26027 26230784 : 220.543351 ]
[220.543s][info][gc       ] [HMSV All : 0 0 150 0 0 0 0 0 : 5062 0 0 0 : 220.543367 ]
[220.543s][info][gc       ] [HMSP 9 : 41100 0 : 220.543367 ]
[220.544s][info][gc       ] [VMAC 65530 166 24 430 620 : 220.543969 ]
[220.807s][info][gc       ] [GPGC-H  2873.1 760.9 0.0 0.0 : 2.3 : 0.466 0.969 : 0.847 1.838 0.864 1.882 : 3.088 1.021 1.030 2.196 1.953 0.445 : 0.000 : 92.137 : 792 1806 32 0 : 2267 : 4608 4424 : 220.807276 : 9 Next_heuristic_check_may_be_too_late ]
[220.810s][info][safepoint] Application time: 0.2674793 seconds
[220.811s][info][safepoint] Total time for which application threads were stopped: 0.0003499 seconds, Stopping threads took: 0.0000006 seconds
[220.811s][info][gc       ] [SPS 0.000 0.003 0.003 0.009 0.001 0.001 0.001 0.312 0.026 0.350 NewGC_pause1 220.810200 ]
[220.855s][info][safepoint] Application time: 0.0448377 seconds
[220.856s][info][safepoint] Total time for which application threads were stopped: 0.0001544 seconds, Stopping threads took: 0.0000053 seconds
[220.856s][info][gc       ] [SPS 0.000 0.001 0.000 0.007 0.005 0.006 0.007 0.114 0.016 0.155 NewGC_pause2 220.855193 ]
[220.858s][info][safepoint] Application time: 0.0024704 seconds
[220.858s][info][safepoint] Total time for which application threads were stopped: 0.0001227 seconds, Stopping threads took: 0.0000005 seconds
[220.859s][info][gc       ] [SPS 0.000 0.001 0.000 0.007 0.000 0.001 0.000 0.097 0.016 0.123 NewGC_pause3 220.857785 ]
[220.860s][info][safepoint] Application time: 0.0019088 seconds
[220.860s][info][safepoint] Total time for which application threads were stopped: 0.0001365 seconds, Stopping threads took: 0.0000005 seconds
[220.860s][info][gc       ] [SPS 0.000 0.002 0.002 0.007 0.001 0.001 0.000 0.111 0.017 0.137 NewGC_pause4 220.859831 ]
[220.861s][info][gc       ] [GC New Max 632-599 : 5120 2940 2148 5120 - - 1056 56 2 2 - : 126 1806 32 184 918 : 120 4 797 797 0 : 0 1 60 0 63 - 0 : 0.264750 2598.7 0.0 0.053058 2412.4 0.0 : 8 --c 0000 : 23 0 0.000 0.000 0 0.000 0.000 0 0.000 0.000 : 220.807709 220.809850 0.000265 220.855038 0.000134 220.857663 0.000101 220.859694 0.000114 : 220.860768 ]
[220.861s][info][gc       ] [SYSINFO 7583 191 89 0 7049 0 20 0 0 5745 : - - - - - - - - : 0 7168 : 4.08 2.12 1.74 : 278178 4215972 : 0 0 : 47 0 : 1547 3 0 259 : - 7678537728 333475840 1445670912 5939011584 199778304 93806592 : 140688591 5500930 158720 0 0 0 : 220.861025 ]
[220.861s][info][gc       ] [HUGEPAGESTAT 0 0 0 - 20841 0 0 : 612352 0 0 : 220.861025 ]
[220.861s][info][gc       ] [OBJCREAT 519659665 26027 26230784 : 220.861075 ]
[220.861s][info][gc       ] [HMSV All : 0 0 150 0 0 0 0 0 : 5062 0 0 0 : 220.861097 ]
[220.861s][info][gc       ] [HMSP 9 : 41100 0 : 220.861097 ]
[220.862s][info][gc       ] [VMAC 65530 166 24 430 620 : 220.861862 ]
[221.084s][info][gc       ] [GPGC-H  2873.1 760.9 0.0 0.0 : 2.3 : 0.464 0.969 : 0.847 1.838 0.864 1.882 : 3.078 1.021 1.030 2.196 1.953 0.445 : 0.000 : 91.860 : 786 1806 32 0 : 2267 : 4608 4424 : 221.083861 : 9 Next_heuristic_check_may_be_too_late ]
[221.087s][info][safepoint] Application time: 0.2265504 seconds
[221.087s][info][safepoint] Total time for which application threads were stopped: 0.0002486 seconds, Stopping threads took: 0.0000009 seconds
[221.088s][info][gc       ] [SPS 0.000 0.004 0.004 0.032 0.001 0.001 0.001 0.157 0.057 0.249 NewGC_pause1 221.086630 ]
[221.131s][info][safepoint] Application time: 0.0438781 seconds
[221.131s][info][safepoint] Total time for which application threads were stopped: 0.0001774 seconds, Stopping threads took: 0.0000005 seconds
[221.132s][info][gc       ] [SPS 0.000 0.001 0.000 0.007 0.000 0.001 0.000 0.144 0.024 0.177 NewGC_pause2 221.130686 ]
[221.134s][info][safepoint] Application time: 0.0026862 seconds
[221.134s][info][safepoint] Total time for which application threads were stopped: 0.0002080 seconds, Stopping threads took: 0.0000005 seconds
[221.134s][info][gc       ] [SPS 0.000 0.000 0.000 0.007 0.000 0.001 0.000 0.158 0.041 0.208 NewGC_pause3 221.133580 ]
[221.135s][info][safepoint] Application time: 0.0014082 seconds
[221.135s][info][safepoint] Total time for which application threads were stopped: 0.0001827 seconds, Stopping threads took: 0.0000005 seconds
[221.136s][info][gc       ] [SPS 0.000 0.003 0.002 0.007 0.001 0.001 0.000 0.142 0.031 0.183 NewGC_pause4 221.135171 ]
[221.136s][info][gc       ] [GC New Max 633-600 : 5120 2924 2138 5120 - - 1056 56 2 2 - : 116 1806 32 184 902 : 112 4 790 790 0 : 0 1 56 0 58 - 0 : 0.223650 2951.0 0.0 0.051404 2334.4 0.0 : 8 --c 0000 : 23 0 0.000 0.000 0 0.000 0.000 0 0.000 0.000 : 221.084418 221.086382 0.000175 221.130508 0.000107 221.133372 0.000118 221.134988 0.000068 : 221.135822 ]
[221.136s][info][gc       ] [SYSINFO 7583 191 89 0 7049 0 20 0 0 5745 : - - - - - - - - : 0 7168 : 4.08 2.12 1.74 : 278178 4215972 : 0 0 : 47 0 : 1547 2 0 259 : - 7678537728 333475840 1445670912 5939011584 199778304 93806592 : 140688591 5501540 158750 0 0 0 : 221.136089 ]
[221.136s][info][gc       ] [HUGEPAGESTAT 0 0 0 - 20841 0 0 : 612352 0 0 : 221.136089 ]
[221.136s][info][gc       ] [OBJCREAT 520431642 26027 26230784 : 221.136159 ]
[221.136s][info][gc       ] [HMSV All : 0 0 150 0 0 0 0 0 : 5062 0 0 0 : 221.136177 ]
[221.136s][info][gc       ] [HMSP 9 : 41100 0 : 221.136177 ]
[221.137s][info][gc       ] [VMAC 65530 166 24 430 620 : 221.136844 ]
[221.379s][info][gc       ] [GPGC-H  2873.1 760.9 0.0 0.0 : 2.3 : 0.463 0.969 : 0.847 1.838 0.864 1.882 : 3.069 1.021 1.030 2.196 1.953 0.445 : 0.000 : 91.628 : 790 1806 32 0 : 2267 : 4608 4424 : 221.379063 : 9 Next_heuristic_check_may_be_too_late ]
[221.382s][info][safepoint] Application time: 0.2466831 seconds
[221.383s][info][safepoint] Total time for which application threads were stopped: 0.0002872 seconds, Stopping threads took: 0.0000005 seconds
[221.383s][info][gc       ] [SPS 0.000 0.003 0.002 0.007 0.001 0.001 0.000 0.259 0.019 0.287 NewGC_pause1 221.382142 ]
[221.428s][info][safepoint] Application time: 0.0454916 seconds
[221.428s][info][safepoint] Total time for which application threads were stopped: 0.0001264 seconds, Stopping threads took: 0.0000005 seconds
[221.429s][info][gc       ] [SPS 0.000 0.001 0.000 0.007 0.000 0.001 0.001 0.099 0.019 0.126 NewGC_pause2 221.427760 ]
[221.431s][info][safepoint] Application time: 0.0027130 seconds
[221.431s][info][safepoint] Total time for which application threads were stopped: 0.0002008 seconds, Stopping threads took: 0.0000005 seconds
[221.431s][info][gc       ] [SPS 0.000 0.001 0.000 0.008 0.000 0.001 0.000 0.163 0.028 0.201 NewGC_pause3 221.430674 ]
[221.432s][info][safepoint] Application time: 0.0013576 seconds
[221.432s][info][safepoint] Total time for which application threads were stopped: 0.0001377 seconds, Stopping threads took: 0.0000005 seconds
[221.433s][info][gc       ] [SPS 0.000 0.002 0.002 0.007 0.000 0.001 0.000 0.112 0.017 0.138 NewGC_pause4 221.432169 ]
[221.433s][info][gc       ] [GC New Max 634-601 : 5120 2928 2136 5120 - - 1056 56 2 2 - : 114 1806 32 184 906 : 110 4 796 796 0 : 0 1 55 0 57 - 0 : 0.243728 2773.6 0.0 0.053357 2211.5 0.0 : 8 --c 0000 : 23 0 0.000 0.000 0 0.000 0.000 0 0.000 0.000 : 221.379551 221.381855 0.000262 221.427633 0.000103 221.430473 0.000070 221.432031 0.000116 : 221.432908 ]
[221.433s][info][gc       ] [SYSINFO 7583 191 89 0 7049 0 20 0 0 5745 : - - - - - - - - : 0 7168 : 4.08 2.12 1.74 : 278178 4215972 : 0 0 : 47 0 : 1547 3 0 259 : - 7678537728 333475840 1445670912 5939011584 199778304 93806592 : 140688591 5502130 158800 0 0 0 : 221.433220 ]
[221.433s][info][gc       ] [HUGEPAGESTAT 0 0 0 - 20841 0 0 : 612352 0 0 : 221.433220 ]
[221.433s][info][gc       ] [OBJCREAT 521216630 26027 26230784 : 221.433306 ]
[221.433s][info][gc       ] [HMSV All : 0 0 150 0 0 0 0 0 : 5062 0 0 0 : 221.433322 ]
[221.433s][info][gc       ] [HMSP 9 : 41100 0 : 221.433322 ]
[221.434s][info][gc       ] [VMAC 65530 166 24 430 620 : 221.433913 ]
[221.696s][info][gc       ] [GPGC-H  2873.1 760.9 0.0 0.0 : 2.3 : 0.462 0.969 : 0.847 1.838 0.864 1.882 : 3.059 1.021 1.030 2.196 1.953 0.445 : 0.000 : 91.376 : 804 1806 32 0 : 2267 : 4608 4424 : 221.696034 : 9 Next_heuristic_check_may_be_too_late ]
[221.700s][info][safepoint] Application time: 0.2670840 seconds
[221.700s][info][safepoint] Total time for which application threads were stopped: 0.0003940 seconds, Stopping threads took: 0.0000033 seconds
[221.701s][info][gc       ] [SPS 0.000 0.004 0.006 0.017 0.003 0.015 0.001 0.291 0.058 0.386 NewGC_pause1 221.699649 ]
[221.745s][info][safepoint] Application time: 0.0456708 seconds
[221.746s][info][safepoint] Total time for which application threads were stopped: 0.0001278 seconds, Stopping threads took: 0.0000005 seconds
[221.747s][info][gc       ] [SPS 0.000 0.001 0.000 0.007 0.000 0.001 0.000 0.103 0.016 0.128 NewGC_pause2 221.745448 ]
[221.748s][info][safepoint] Application time: 0.0024673 seconds
[221.748s][info][safepoint] Total time for which application threads were stopped: 0.0001918 seconds, Stopping threads took: 0.0000005 seconds
[221.749s][info][gc       ] [SPS 0.000 0.001 0.000 0.007 0.000 0.001 0.000 0.158 0.026 0.192 NewGC_pause3 221.748108 ]
[221.750s][info][safepoint] Application time: 0.0014407 seconds
[221.750s][info][safepoint] Total time for which application threads were stopped: 0.0002681 seconds, Stopping threads took: 0.0000006 seconds
[221.750s][info][gc       ] [SPS 0.000 0.003 0.002 0.008 0.001 0.001 0.000 0.220 0.039 0.268 NewGC_pause4 221.749816 ]
[221.751s][info][gc       ] [GC New Max 635-602 : 5120 2948 2140 5120 - - 1056 56 2 2 - : 118 1806 32 184 926 : 114 4 810 810 0 : 0 1 57 0 59 - 0 : 0.263763 2623.6 0.0 0.053594 2276.4 0.0 : 8 --c 0000 : 23 0 0.000 0.000 0 0.000 0.000 0 0.000 0.000 : 221.696671 221.699263 0.000317 221.745320 0.000106 221.747915 0.000117 221.749548 0.000161 : 221.750265 ]
[221.751s][info][gc       ] [SYSINFO 7583 191 89 0 7049 0 20 0 0 5745 : - - - - - - - - : 0 7168 : 4.08 2.12 1.74 : 278178 4215972 : 0 0 : 47 0 : 1547 3 0 259 : - 7678537728 333475840 1445670912 5939011584 199778304 93806592 : 140688591 5502730 158870 0 0 0 : 221.750512 ]
[221.751s][info][gc       ] [HUGEPAGESTAT 0 0 0 - 20841 0 0 : 612352 0 0 : 221.750512 ]
[221.751s][info][gc       ] [OBJCREAT 522021489 26027 26230784 : 221.750573 ]
[221.751s][info][gc       ] [HMSV All : 0 0 150 0 0 0 0 0 : 5062 0 0 0 : 221.750589 ]
[221.751s][info][gc       ] [HMSP 9 : 41100 0 : 221.750589 ]
[221.751s][info][gc       ] [VMAC 65530 166 24 430 620 : 221.751154 ]
[221.946s][info][gc       ] [DEOPTSTATS 1 : 1 0 : 0 0 : 0 0 : 0 0 : 0 12 : 0 0 : 0 0 : 0 0 : 0 0 : 0 0 : 0 0 : 0 0 : 0 0 : 0 0 : 0 0 : 0 0 : 0 0 : 0 0 : 0 0 : 0 0 : 0 0 : 0 0 : 0 0 : 0 0 : 0 0 : 0 0 : 0 0 : 0 0 : 0 0 : 0 0 : 6 0 : 0 0 : 0 0 : 0 0 : 0 0 : 0 0 : 0 0 : 0 0 : 0 0 : 0 0 : 0 0 : 0 0 ]
[221.946s][info][gc       ] [DEOPTSTATS 2 : 0 0 : 0 0 : 0 0 : 0 0 : 0 0 : 0 0 : 0 14 : 0 0 : 0 0 : 0 0 : 0 0 : 0 0 : 0 0 : 0 0 : 0 0 : 0 0 : 0 0 : 0 0 : 0 0 : 0 0 : 0 1 : 0 0 : 0 0 : 0 0 : 0 0 : 0 0 : 0 0 : 0 0 : 0 0 : 0 0 : 4 0 : 0 0 : 0 0 : 0 0 : 0 1 : 0 0 : 0 0 : 0 0 : 0 0 : 0 5 : 0 0 : 0 0 ]
[223.221s][info][gc       ] [Safepoint max times: safepoint 5.476 ms, time to safepoint 5.212 ms ]
[223.222s][info][gc       ] [VM has exited gracefully.]
